Query: 1024, nThreads: 64, warmup: 2
====================================================================================================
(ns)
Load index... Graph level 5..
Total end-to-end search time: 399124114 ns
Total end-to-end search time: 388410910 ns
Total end-to-end search time: 390593443 ns
Query: 1024, nThreads: 64, warmup: 2
====================================================================================================
(ns)
Load index... Graph level 5..
Total end-to-end search time: 399180597 ns
Total end-to-end search time: 388586261 ns
Total end-to-end search time: 391121047 ns
Query: 1024, nThreads: 64, warmup: 2
====================================================================================================
(ns)
Load index... Graph level 5..
Total end-to-end search time: 400663122 ns
Total end-to-end search time: 388627150 ns
Total end-to-end search time: 390739136 ns
Query: 1024, nThreads: 64, warmup: 2
====================================================================================================
(ns)
Load index... Graph level 5..
Total end-to-end search time: 389670622 ns
Total end-to-end search time: 396465676 ns
Total end-to-end search time: 390912250 ns
Query: 1024, nThreads: 64, warmup: 2
====================================================================================================
(ns)
Load index... Graph level 5..
Total end-to-end search time: 385837630 ns
Total end-to-end search time: 398043698 ns
Total end-to-end search time: 390470746 ns
Query: 1024, nThreads: 64, warmup: 2
====================================================================================================
(ns)
Load index... Graph level 5..
Total end-to-end search time: 398388829 ns
Total end-to-end search time: 389258590 ns
Total end-to-end search time: 391282577 ns
Query: 1024, nThreads: 64, warmup: 2
====================================================================================================
(ns)
Load index... Graph level 5..
Total end-to-end search time: 399680589 ns
Total end-to-end search time: 388664687 ns
Total end-to-end search time: 391011443 ns
Query: 1024, nThreads: 64, warmup: 2
====================================================================================================
(ns)
Load index... Graph level 5..
Total end-to-end search time: 392421118 ns
Total end-to-end search time: 391870408 ns
Total end-to-end search time: 390902779 ns
Query: 1024, nThreads: 64, warmup: 2
====================================================================================================
(ns)
Load index... Graph level 5..
Total end-to-end search time: 395758918 ns
Total end-to-end search time: 388464488 ns
Total end-to-end search time: 390419586 ns
Query: 1024, nThreads: 64, warmup: 2
====================================================================================================
(ns)
Load index... Graph level 5..
Total end-to-end search time: 396944737 ns
Total end-to-end search time: 388617356 ns
Total end-to-end search time: 391305125 ns
Query: 1024, nThreads: 64, warmup: 2
====================================================================================================
(ns)
Load index... Graph level 5..
Total end-to-end search time: 390408908 ns
Total end-to-end search time: 395931495 ns
Total end-to-end search time: 390973952 ns
Query: 1024, nThreads: 64, warmup: 2
====================================================================================================
(ns)
Load index... Graph level 5..
Total end-to-end search time: 395796647 ns
Total end-to-end search time: 388679192 ns
Total end-to-end search time: 389972854 ns
Query: 1024, nThreads: 64, warmup: 2
====================================================================================================
(ns)
Load index... Graph level 5..
Total end-to-end search time: 394055567 ns
Total end-to-end search time: 390609771 ns
Total end-to-end search time: 390276710 ns
Query: 1024, nThreads: 64, warmup: 2
====================================================================================================
(ns)
Load index... Graph level 5..
Total end-to-end search time: 397934515 ns
Total end-to-end search time: 389273761 ns
Total end-to-end search time: 391547376 ns
Query: 1024, nThreads: 64, warmup: 2
====================================================================================================
(ns)
Load index... Graph level 5..
Total end-to-end search time: 398240926 ns
Total end-to-end search time: 388561590 ns
Total end-to-end search time: 390872774 ns
Query: 1024, nThreads: 64, warmup: 2
====================================================================================================
(ns)
Load index... Graph level 5..
Total end-to-end search time: 391158476 ns
Total end-to-end search time: 394762392 ns
Total end-to-end search time: 390631106 ns
Query: 1024, nThreads: 64, warmup: 2
====================================================================================================
(ns)
Load index... Graph level 5..
Total end-to-end search time: 396136895 ns
Total end-to-end search time: 388113654 ns
Total end-to-end search time: 391160487 ns
Query: 1024, nThreads: 64, warmup: 2
====================================================================================================
(ns)
Load index... Graph level 5..
Total end-to-end search time: 398820045 ns
Total end-to-end search time: 388606909 ns
Total end-to-end search time: 390198824 ns
Query: 1024, nThreads: 64, warmup: 2
====================================================================================================
(ns)
Load index... Graph level 5..
Total end-to-end search time: 395852235 ns
Total end-to-end search time: 391779035 ns
Total end-to-end search time: 390651515 ns
Query: 1024, nThreads: 64, warmup: 2
====================================================================================================
(ns)
Load index... Graph level 5..
Total end-to-end search time: 395594326 ns
Total end-to-end search time: 388559184 ns
Total end-to-end search time: 391361252 ns
Query: 1024, nThreads: 64, warmup: 2
====================================================================================================
(ns)
Load index... Graph level 5..
Total end-to-end search time: 391834794 ns
Total end-to-end search time: 394983030 ns
Total end-to-end search time: 390815292 ns
Query: 1024, nThreads: 64, warmup: 2
====================================================================================================
(ns)
Load index... Graph level 5..
Total end-to-end search time: 391623935 ns
Total end-to-end search time: 395355842 ns
Total end-to-end search time: 390647112 ns
Query: 1024, nThreads: 64, warmup: 2
====================================================================================================
(ns)
Load index... Graph level 5..
Total end-to-end search time: 399526837 ns
Total end-to-end search time: 388482777 ns
Total end-to-end search time: 390484859 ns
Query: 1024, nThreads: 64, warmup: 2
====================================================================================================
(ns)
Load index... Graph level 5..
Total end-to-end search time: 399831937 ns
Total end-to-end search time: 388637469 ns
Total end-to-end search time: 390301657 ns
Query: 1024, nThreads: 64, warmup: 2
====================================================================================================
(ns)
Load index... Graph level 5..
Total end-to-end search time: 398988803 ns
Total end-to-end search time: 387920633 ns
Total end-to-end search time: 390804313 ns
Query: 1024, nThreads: 64, warmup: 2
====================================================================================================
(ns)
Load index... Graph level 5..
Total end-to-end search time: 397143496 ns
Total end-to-end search time: 388721713 ns
Total end-to-end search time: 390637096 ns
Query: 1024, nThreads: 64, warmup: 2
====================================================================================================
(ns)
Load index... Graph level 5..
Total end-to-end search time: 397711656 ns
Total end-to-end search time: 388166922 ns
Total end-to-end search time: 390102129 ns
Query: 1024, nThreads: 64, warmup: 2
====================================================================================================
(ns)
Load index... Graph level 5..
Total end-to-end search time: 398848004 ns
Total end-to-end search time: 388657721 ns
Total end-to-end search time: 390871535 ns
Query: 1024, nThreads: 64, warmup: 2
====================================================================================================
(ns)
Load index... Graph level 5..
Total end-to-end search time: 391618240 ns
Total end-to-end search time: 394863749 ns
Total end-to-end search time: 390223288 ns
Query: 1024, nThreads: 64, warmup: 2
====================================================================================================
(ns)
Load index... Graph level 5..
Total end-to-end search time: 399111929 ns
Total end-to-end search time: 389039117 ns
Total end-to-end search time: 390302902 ns
