Query: 1024, nThreads: 32, warmup: 2
====================================================================================================
(ns)
Load index... Graph level 5..
Total end-to-end search time: 389750236 ns
Total end-to-end search time: 387052038 ns
Total end-to-end search time: 389328769 ns
Query: 1024, nThreads: 32, warmup: 2
====================================================================================================
(ns)
Load index... Graph level 5..
Total end-to-end search time: 389597772 ns
Total end-to-end search time: 387393919 ns
Total end-to-end search time: 391715389 ns
Query: 1024, nThreads: 32, warmup: 2
====================================================================================================
(ns)
Load index... Graph level 5..
Total end-to-end search time: 390394731 ns
Total end-to-end search time: 386194234 ns
Total end-to-end search time: 388809536 ns
Query: 1024, nThreads: 32, warmup: 2
====================================================================================================
(ns)
Load index... Graph level 5..
Total end-to-end search time: 390160708 ns
Total end-to-end search time: 386630297 ns
Total end-to-end search time: 389372039 ns
Query: 1024, nThreads: 32, warmup: 2
====================================================================================================
(ns)
Load index... Graph level 5..
Total end-to-end search time: 388892079 ns
Total end-to-end search time: 386700748 ns
Total end-to-end search time: 388486747 ns
Query: 1024, nThreads: 32, warmup: 2
====================================================================================================
(ns)
Load index... Graph level 5..
Total end-to-end search time: 388430748 ns
Total end-to-end search time: 386838975 ns
Total end-to-end search time: 389674991 ns
Query: 1024, nThreads: 32, warmup: 2
====================================================================================================
(ns)
Load index... Graph level 5..
Total end-to-end search time: 388136139 ns
Total end-to-end search time: 386935411 ns
Total end-to-end search time: 389202135 ns
Query: 1024, nThreads: 32, warmup: 2
====================================================================================================
(ns)
Load index... Graph level 5..
Total end-to-end search time: 389299700 ns
Total end-to-end search time: 386875498 ns
Total end-to-end search time: 389031128 ns
Query: 1024, nThreads: 32, warmup: 2
====================================================================================================
(ns)
Load index... Graph level 5..
Total end-to-end search time: 389567621 ns
Total end-to-end search time: 387336970 ns
Total end-to-end search time: 388893925 ns
Query: 1024, nThreads: 32, warmup: 2
====================================================================================================
(ns)
Load index... Graph level 5..
Total end-to-end search time: 389543726 ns
Total end-to-end search time: 386728933 ns
Total end-to-end search time: 388981296 ns
Query: 1024, nThreads: 32, warmup: 2
====================================================================================================
(ns)
Load index... Graph level 5..
Total end-to-end search time: 389552001 ns
Total end-to-end search time: 386591796 ns
Total end-to-end search time: 389924671 ns
Query: 1024, nThreads: 32, warmup: 2
====================================================================================================
(ns)
Load index... Graph level 5..
Total end-to-end search time: 388552624 ns
Total end-to-end search time: 386883649 ns
Total end-to-end search time: 388607812 ns
Query: 1024, nThreads: 32, warmup: 2
====================================================================================================
(ns)
Load index... Graph level 5..
Total end-to-end search time: 389621070 ns
Total end-to-end search time: 386524776 ns
Total end-to-end search time: 388776095 ns
Query: 1024, nThreads: 32, warmup: 2
====================================================================================================
(ns)
Load index... Graph level 5..
Total end-to-end search time: 387367327 ns
Total end-to-end search time: 386951668 ns
Total end-to-end search time: 389753479 ns
Query: 1024, nThreads: 32, warmup: 2
====================================================================================================
(ns)
Load index... Graph level 5..
Total end-to-end search time: 386662489 ns
Total end-to-end search time: 386335839 ns
Total end-to-end search time: 388924777 ns
Query: 1024, nThreads: 32, warmup: 2
====================================================================================================
(ns)
Load index... Graph level 5..
Total end-to-end search time: 388295225 ns
Total end-to-end search time: 386725791 ns
Total end-to-end search time: 388839596 ns
Query: 1024, nThreads: 32, warmup: 2
====================================================================================================
(ns)
Load index... Graph level 5..
Total end-to-end search time: 390270676 ns
Total end-to-end search time: 386491514 ns
Total end-to-end search time: 389887956 ns
Query: 1024, nThreads: 32, warmup: 2
====================================================================================================
(ns)
Load index... Graph level 5..
Total end-to-end search time: 387231553 ns
Total end-to-end search time: 386706313 ns
Total end-to-end search time: 388988230 ns
Query: 1024, nThreads: 32, warmup: 2
====================================================================================================
(ns)
Load index... Graph level 5..
Total end-to-end search time: 390243681 ns
Total end-to-end search time: 387105853 ns
Total end-to-end search time: 389277066 ns
Query: 1024, nThreads: 32, warmup: 2
====================================================================================================
(ns)
Load index... Graph level 5..
Total end-to-end search time: 387257763 ns
Total end-to-end search time: 386779946 ns
Total end-to-end search time: 389290922 ns
Query: 1024, nThreads: 32, warmup: 2
====================================================================================================
(ns)
Load index... Graph level 5..
Total end-to-end search time: 386923932 ns
Total end-to-end search time: 386493104 ns
Total end-to-end search time: 388490300 ns
Query: 1024, nThreads: 32, warmup: 2
====================================================================================================
(ns)
Load index... Graph level 5..
Total end-to-end search time: 389506984 ns
Total end-to-end search time: 386533932 ns
Total end-to-end search time: 388159724 ns
Query: 1024, nThreads: 32, warmup: 2
====================================================================================================
(ns)
Load index... Graph level 5..
Total end-to-end search time: 387872749 ns
Total end-to-end search time: 386975046 ns
Total end-to-end search time: 388953776 ns
Query: 1024, nThreads: 32, warmup: 2
====================================================================================================
(ns)
Load index... Graph level 5..
Total end-to-end search time: 388885400 ns
Total end-to-end search time: 386197518 ns
Total end-to-end search time: 388978915 ns
Query: 1024, nThreads: 32, warmup: 2
====================================================================================================
(ns)
Load index... Graph level 5..
Total end-to-end search time: 389450981 ns
Total end-to-end search time: 386939374 ns
Total end-to-end search time: 389175219 ns
Query: 1024, nThreads: 32, warmup: 2
====================================================================================================
(ns)
Load index... Graph level 5..
Total end-to-end search time: 389510373 ns
Total end-to-end search time: 387414353 ns
Total end-to-end search time: 389190915 ns
Query: 1024, nThreads: 32, warmup: 2
====================================================================================================
(ns)
Load index... Graph level 5..
Total end-to-end search time: 389250067 ns
Total end-to-end search time: 386747589 ns
Total end-to-end search time: 387514108 ns
Query: 1024, nThreads: 32, warmup: 2
====================================================================================================
(ns)
Load index... Graph level 5..
Total end-to-end search time: 389853342 ns
Total end-to-end search time: 387248657 ns
Total end-to-end search time: 388820276 ns
Query: 1024, nThreads: 32, warmup: 2
====================================================================================================
(ns)
Load index... Graph level 5..
Total end-to-end search time: 390136382 ns
Total end-to-end search time: 386931671 ns
Total end-to-end search time: 390076965 ns
Query: 1024, nThreads: 32, warmup: 2
====================================================================================================
(ns)
Load index... Graph level 5..
Total end-to-end search time: 389257133 ns
Total end-to-end search time: 387030965 ns
Total end-to-end search time: 388537976 ns
