Query: 1024, nThreads: 4, warmup: 2
====================================================================================================
(ns)
Load index... Graph level 5..
Total end-to-end search time: 372933618 ns
Total end-to-end search time: 377015550 ns
Total end-to-end search time: 378811105 ns
Query: 1024, nThreads: 4, warmup: 2
====================================================================================================
(ns)
Load index... Graph level 5..
Total end-to-end search time: 373057964 ns
Total end-to-end search time: 377100216 ns
Total end-to-end search time: 378648116 ns
Query: 1024, nThreads: 4, warmup: 2
====================================================================================================
(ns)
Load index... Graph level 5..
Total end-to-end search time: 372761573 ns
Total end-to-end search time: 377647337 ns
Total end-to-end search time: 378308876 ns
Query: 1024, nThreads: 4, warmup: 2
====================================================================================================
(ns)
Load index... Graph level 5..
Total end-to-end search time: 372068586 ns
Total end-to-end search time: 376735900 ns
Total end-to-end search time: 378419365 ns
Query: 1024, nThreads: 4, warmup: 2
====================================================================================================
(ns)
Load index... Graph level 5..
Total end-to-end search time: 371975225 ns
Total end-to-end search time: 376419997 ns
Total end-to-end search time: 377922705 ns
Query: 1024, nThreads: 4, warmup: 2
====================================================================================================
(ns)
Load index... Graph level 5..
Total end-to-end search time: 372338492 ns
Total end-to-end search time: 376752646 ns
Total end-to-end search time: 378873140 ns
Query: 1024, nThreads: 4, warmup: 2
====================================================================================================
(ns)
Load index... Graph level 5..
Total end-to-end search time: 372229018 ns
Total end-to-end search time: 377131656 ns
Total end-to-end search time: 379011935 ns
Query: 1024, nThreads: 4, warmup: 2
====================================================================================================
(ns)
Load index... Graph level 5..
Total end-to-end search time: 372756770 ns
Total end-to-end search time: 376498040 ns
Total end-to-end search time: 378438949 ns
Query: 1024, nThreads: 4, warmup: 2
====================================================================================================
(ns)
Load index... Graph level 5..
Total end-to-end search time: 372758041 ns
Total end-to-end search time: 377554086 ns
Total end-to-end search time: 378848466 ns
Query: 1024, nThreads: 4, warmup: 2
====================================================================================================
(ns)
Load index... Graph level 5..
Total end-to-end search time: 372605878 ns
Total end-to-end search time: 377218788 ns
Total end-to-end search time: 379263134 ns
Query: 1024, nThreads: 4, warmup: 2
====================================================================================================
(ns)
Load index... Graph level 5..
Total end-to-end search time: 372356072 ns
Total end-to-end search time: 376157091 ns
Total end-to-end search time: 378248922 ns
Query: 1024, nThreads: 4, warmup: 2
====================================================================================================
(ns)
Load index... Graph level 5..
Total end-to-end search time: 373419501 ns
Total end-to-end search time: 377978246 ns
Total end-to-end search time: 378544579 ns
Query: 1024, nThreads: 4, warmup: 2
====================================================================================================
(ns)
Load index... Graph level 5..
Total end-to-end search time: 373183253 ns
Total end-to-end search time: 377382443 ns
Total end-to-end search time: 378553749 ns
Query: 1024, nThreads: 4, warmup: 2
====================================================================================================
(ns)
Load index... Graph level 5..
Total end-to-end search time: 372858031 ns
Total end-to-end search time: 377953714 ns
Total end-to-end search time: 379339043 ns
Query: 1024, nThreads: 4, warmup: 2
====================================================================================================
(ns)
Load index... Graph level 5..
Total end-to-end search time: 372716708 ns
Total end-to-end search time: 376684398 ns
Total end-to-end search time: 379050282 ns
Query: 1024, nThreads: 4, warmup: 2
====================================================================================================
(ns)
Load index... Graph level 5..
Total end-to-end search time: 372628471 ns
Total end-to-end search time: 377553404 ns
Total end-to-end search time: 379518250 ns
Query: 1024, nThreads: 4, warmup: 2
====================================================================================================
(ns)
Load index... Graph level 5..
Total end-to-end search time: 372268178 ns
Total end-to-end search time: 377619740 ns
Total end-to-end search time: 378621101 ns
Query: 1024, nThreads: 4, warmup: 2
====================================================================================================
(ns)
Load index... Graph level 5..
Total end-to-end search time: 372795240 ns
Total end-to-end search time: 377289334 ns
Total end-to-end search time: 378673004 ns
Query: 1024, nThreads: 4, warmup: 2
====================================================================================================
(ns)
Load index... Graph level 5..
Total end-to-end search time: 372571432 ns
Total end-to-end search time: 377707397 ns
Total end-to-end search time: 379467966 ns
Query: 1024, nThreads: 4, warmup: 2
====================================================================================================
(ns)
Load index... Graph level 5..
Total end-to-end search time: 372695732 ns
Total end-to-end search time: 376882827 ns
Total end-to-end search time: 378832667 ns
Query: 1024, nThreads: 4, warmup: 2
====================================================================================================
(ns)
Load index... Graph level 5..
Total end-to-end search time: 373524162 ns
Total end-to-end search time: 376848844 ns
Total end-to-end search time: 378887771 ns
Query: 1024, nThreads: 4, warmup: 2
====================================================================================================
(ns)
Load index... Graph level 5..
Total end-to-end search time: 372697005 ns
Total end-to-end search time: 377339797 ns
Total end-to-end search time: 378475637 ns
Query: 1024, nThreads: 4, warmup: 2
====================================================================================================
(ns)
Load index... Graph level 5..
Total end-to-end search time: 372470740 ns
Total end-to-end search time: 376552818 ns
Total end-to-end search time: 378467111 ns
Query: 1024, nThreads: 4, warmup: 2
====================================================================================================
(ns)
Load index... Graph level 5..
Total end-to-end search time: 372933509 ns
Total end-to-end search time: 376715231 ns
Total end-to-end search time: 378599011 ns
Query: 1024, nThreads: 4, warmup: 2
====================================================================================================
(ns)
Load index... Graph level 5..
Total end-to-end search time: 372510406 ns
Total end-to-end search time: 376751593 ns
Total end-to-end search time: 378986934 ns
Query: 1024, nThreads: 4, warmup: 2
====================================================================================================
(ns)
Load index... Graph level 5..
Total end-to-end search time: 372646137 ns
Total end-to-end search time: 377867050 ns
Total end-to-end search time: 378574960 ns
Query: 1024, nThreads: 4, warmup: 2
====================================================================================================
(ns)
Load index... Graph level 5..
Total end-to-end search time: 373062943 ns
Total end-to-end search time: 376451856 ns
Total end-to-end search time: 378127670 ns
Query: 1024, nThreads: 4, warmup: 2
====================================================================================================
(ns)
Load index... Graph level 5..
Total end-to-end search time: 372710756 ns
Total end-to-end search time: 378526714 ns
Total end-to-end search time: 378608254 ns
Query: 1024, nThreads: 4, warmup: 2
====================================================================================================
(ns)
Load index... Graph level 5..
Total end-to-end search time: 372550907 ns
Total end-to-end search time: 376681900 ns
Total end-to-end search time: 378699867 ns
Query: 1024, nThreads: 4, warmup: 2
====================================================================================================
(ns)
Load index... Graph level 5..
Total end-to-end search time: 372204008 ns
Total end-to-end search time: 376790962 ns
Total end-to-end search time: 378622113 ns
