Query: 128, nThreads: 4, warmup: 8
====================================================================================================
(ns)
Load index... Graph level 5..
Total end-to-end search time: 45585845 ns
Total end-to-end search time: 48744879 ns
Total end-to-end search time: 51626028 ns
Total end-to-end search time: 48158459 ns
Total end-to-end search time: 43741989 ns
Total end-to-end search time: 41793954 ns
Total end-to-end search time: 46342156 ns
Total end-to-end search time: 49004389 ns
Total end-to-end search time: 47185042 ns
Query: 128, nThreads: 4, warmup: 8
====================================================================================================
(ns)
Load index... Graph level 5..
Total end-to-end search time: 45597871 ns
Total end-to-end search time: 48859077 ns
Total end-to-end search time: 51993778 ns
Total end-to-end search time: 47948324 ns
Total end-to-end search time: 43519636 ns
Total end-to-end search time: 41784655 ns
Total end-to-end search time: 46499857 ns
Total end-to-end search time: 49026966 ns
Total end-to-end search time: 47218849 ns
Query: 128, nThreads: 4, warmup: 8
====================================================================================================
(ns)
Load index... Graph level 5..
Total end-to-end search time: 45680228 ns
Total end-to-end search time: 48589252 ns
Total end-to-end search time: 51503662 ns
Total end-to-end search time: 48103696 ns
Total end-to-end search time: 43626287 ns
Total end-to-end search time: 41785343 ns
Total end-to-end search time: 46296182 ns
Total end-to-end search time: 49122243 ns
Total end-to-end search time: 47243567 ns
Query: 128, nThreads: 4, warmup: 8
====================================================================================================
(ns)
Load index... Graph level 5..
Total end-to-end search time: 45231048 ns
Total end-to-end search time: 48746504 ns
Total end-to-end search time: 51979470 ns
Total end-to-end search time: 48115187 ns
Total end-to-end search time: 43762900 ns
Total end-to-end search time: 42374070 ns
Total end-to-end search time: 46243568 ns
Total end-to-end search time: 48991489 ns
Total end-to-end search time: 47481240 ns
Query: 128, nThreads: 4, warmup: 8
====================================================================================================
(ns)
Load index... Graph level 5..
Total end-to-end search time: 45381135 ns
Total end-to-end search time: 48976383 ns
Total end-to-end search time: 51693060 ns
Total end-to-end search time: 48139467 ns
Total end-to-end search time: 43520950 ns
Total end-to-end search time: 41624183 ns
Total end-to-end search time: 46296968 ns
Total end-to-end search time: 49292766 ns
Total end-to-end search time: 47369827 ns
Query: 128, nThreads: 4, warmup: 8
====================================================================================================
(ns)
Load index... Graph level 5..
Total end-to-end search time: 45357674 ns
Total end-to-end search time: 48693768 ns
Total end-to-end search time: 51572595 ns
Total end-to-end search time: 48209096 ns
Total end-to-end search time: 43566225 ns
Total end-to-end search time: 41957825 ns
Total end-to-end search time: 46482942 ns
Total end-to-end search time: 49204320 ns
Total end-to-end search time: 47127708 ns
Query: 128, nThreads: 4, warmup: 8
====================================================================================================
(ns)
Load index... Graph level 5..
Total end-to-end search time: 45814896 ns
Total end-to-end search time: 48786982 ns
Total end-to-end search time: 51546649 ns
Total end-to-end search time: 48118998 ns
Total end-to-end search time: 43641964 ns
Total end-to-end search time: 41933810 ns
Total end-to-end search time: 46274321 ns
Total end-to-end search time: 49191809 ns
Total end-to-end search time: 47408573 ns
Query: 128, nThreads: 4, warmup: 8
====================================================================================================
(ns)
Load index... Graph level 5..
Total end-to-end search time: 45508496 ns
Total end-to-end search time: 49226280 ns
Total end-to-end search time: 51756828 ns
Total end-to-end search time: 48065492 ns
Total end-to-end search time: 43589437 ns
Total end-to-end search time: 41736413 ns
Total end-to-end search time: 46214303 ns
Total end-to-end search time: 48846320 ns
Total end-to-end search time: 47209943 ns
Query: 128, nThreads: 4, warmup: 8
====================================================================================================
(ns)
Load index... Graph level 5..
Total end-to-end search time: 45251130 ns
Total end-to-end search time: 49183460 ns
Total end-to-end search time: 51730242 ns
Total end-to-end search time: 48134304 ns
Total end-to-end search time: 43618343 ns
Total end-to-end search time: 41802068 ns
Total end-to-end search time: 46313920 ns
Total end-to-end search time: 49025854 ns
Total end-to-end search time: 47344992 ns
Query: 128, nThreads: 4, warmup: 8
====================================================================================================
(ns)
Load index... Graph level 5..
Total end-to-end search time: 45500236 ns
Total end-to-end search time: 49200218 ns
Total end-to-end search time: 51726073 ns
Total end-to-end search time: 47950972 ns
Total end-to-end search time: 43622572 ns
Total end-to-end search time: 41939312 ns
Total end-to-end search time: 46305645 ns
Total end-to-end search time: 49151858 ns
Total end-to-end search time: 47369760 ns
Query: 128, nThreads: 4, warmup: 8
====================================================================================================
(ns)
Load index... Graph level 5..
Total end-to-end search time: 45526780 ns
Total end-to-end search time: 48886280 ns
Total end-to-end search time: 51840008 ns
Total end-to-end search time: 48112428 ns
Total end-to-end search time: 43614488 ns
Total end-to-end search time: 41906605 ns
Total end-to-end search time: 46256859 ns
Total end-to-end search time: 48905586 ns
Total end-to-end search time: 47325734 ns
Query: 128, nThreads: 4, warmup: 8
====================================================================================================
(ns)
Load index... Graph level 5..
Total end-to-end search time: 45435445 ns
Total end-to-end search time: 48638930 ns
Total end-to-end search time: 51652464 ns
Total end-to-end search time: 48163280 ns
Total end-to-end search time: 43619018 ns
Total end-to-end search time: 41780175 ns
Total end-to-end search time: 46324980 ns
Total end-to-end search time: 49067579 ns
Total end-to-end search time: 47320113 ns
Query: 128, nThreads: 4, warmup: 8
====================================================================================================
(ns)
Load index... Graph level 5..
Total end-to-end search time: 45787985 ns
Total end-to-end search time: 48834353 ns
Total end-to-end search time: 51848023 ns
Total end-to-end search time: 47919825 ns
Total end-to-end search time: 43500706 ns
Total end-to-end search time: 41835577 ns
Total end-to-end search time: 46217670 ns
Total end-to-end search time: 49025140 ns
Total end-to-end search time: 47173166 ns
Query: 128, nThreads: 4, warmup: 8
====================================================================================================
(ns)
Load index... Graph level 5..
Total end-to-end search time: 45710336 ns
Total end-to-end search time: 48730881 ns
Total end-to-end search time: 51612565 ns
Total end-to-end search time: 48374843 ns
Total end-to-end search time: 43541496 ns
Total end-to-end search time: 42032092 ns
Total end-to-end search time: 46049467 ns
Total end-to-end search time: 49089748 ns
Total end-to-end search time: 47581359 ns
Query: 128, nThreads: 4, warmup: 8
====================================================================================================
(ns)
Load index... Graph level 5..
Total end-to-end search time: 45174386 ns
Total end-to-end search time: 48685283 ns
Total end-to-end search time: 51765309 ns
Total end-to-end search time: 48055690 ns
Total end-to-end search time: 43458904 ns
Total end-to-end search time: 41784754 ns
Total end-to-end search time: 46475128 ns
Total end-to-end search time: 48934066 ns
Total end-to-end search time: 47173017 ns
Query: 128, nThreads: 4, warmup: 8
====================================================================================================
(ns)
Load index... Graph level 5..
Total end-to-end search time: 45354700 ns
Total end-to-end search time: 49317928 ns
Total end-to-end search time: 51419059 ns
Total end-to-end search time: 47911393 ns
Total end-to-end search time: 43674533 ns
Total end-to-end search time: 41831730 ns
Total end-to-end search time: 46074067 ns
Total end-to-end search time: 49203742 ns
Total end-to-end search time: 47346153 ns
Query: 128, nThreads: 4, warmup: 8
====================================================================================================
(ns)
Load index... Graph level 5..
Total end-to-end search time: 45462901 ns
Total end-to-end search time: 48793715 ns
Total end-to-end search time: 51601648 ns
Total end-to-end search time: 48088660 ns
Total end-to-end search time: 43561984 ns
Total end-to-end search time: 41837827 ns
Total end-to-end search time: 46427253 ns
Total end-to-end search time: 49050098 ns
Total end-to-end search time: 47333475 ns
Query: 128, nThreads: 4, warmup: 8
====================================================================================================
(ns)
Load index... Graph level 5..
Total end-to-end search time: 45608002 ns
Total end-to-end search time: 48992606 ns
Total end-to-end search time: 51439814 ns
Total end-to-end search time: 48077524 ns
Total end-to-end search time: 43600646 ns
Total end-to-end search time: 41887459 ns
Total end-to-end search time: 46342695 ns
Total end-to-end search time: 49147895 ns
Total end-to-end search time: 47488120 ns
Query: 128, nThreads: 4, warmup: 8
====================================================================================================
(ns)
Load index... Graph level 5..
Total end-to-end search time: 45548313 ns
Total end-to-end search time: 48896583 ns
Total end-to-end search time: 51871566 ns
Total end-to-end search time: 48071486 ns
Total end-to-end search time: 44012362 ns
Total end-to-end search time: 41837646 ns
Total end-to-end search time: 46515287 ns
Total end-to-end search time: 49189824 ns
Total end-to-end search time: 47339379 ns
Query: 128, nThreads: 4, warmup: 8
====================================================================================================
(ns)
Load index... Graph level 5..
Total end-to-end search time: 45359708 ns
Total end-to-end search time: 48842303 ns
Total end-to-end search time: 51655451 ns
Total end-to-end search time: 48219002 ns
Total end-to-end search time: 43606938 ns
Total end-to-end search time: 41697356 ns
Total end-to-end search time: 46231309 ns
Total end-to-end search time: 48946240 ns
Total end-to-end search time: 47224825 ns
Query: 128, nThreads: 4, warmup: 8
====================================================================================================
(ns)
Load index... Graph level 5..
Total end-to-end search time: 45423016 ns
Total end-to-end search time: 48909319 ns
Total end-to-end search time: 51398389 ns
Total end-to-end search time: 48244534 ns
Total end-to-end search time: 43761724 ns
Total end-to-end search time: 42017110 ns
Total end-to-end search time: 46160931 ns
Total end-to-end search time: 49015642 ns
Total end-to-end search time: 47328602 ns
Query: 128, nThreads: 4, warmup: 8
====================================================================================================
(ns)
Load index... Graph level 5..
Total end-to-end search time: 45432114 ns
Total end-to-end search time: 48931990 ns
Total end-to-end search time: 51624013 ns
Total end-to-end search time: 48292053 ns
Total end-to-end search time: 43404444 ns
Total end-to-end search time: 41794448 ns
Total end-to-end search time: 46334421 ns
Total end-to-end search time: 49116406 ns
Total end-to-end search time: 47245369 ns
Query: 128, nThreads: 4, warmup: 8
====================================================================================================
(ns)
Load index... Graph level 5..
Total end-to-end search time: 45509113 ns
Total end-to-end search time: 48768253 ns
Total end-to-end search time: 51737758 ns
Total end-to-end search time: 48110620 ns
Total end-to-end search time: 43705073 ns
Total end-to-end search time: 41815832 ns
Total end-to-end search time: 46048450 ns
Total end-to-end search time: 48925968 ns
Total end-to-end search time: 47303608 ns
Query: 128, nThreads: 4, warmup: 8
====================================================================================================
(ns)
Load index... Graph level 5..
Total end-to-end search time: 45481662 ns
Total end-to-end search time: 48819620 ns
Total end-to-end search time: 51766337 ns
Total end-to-end search time: 47983995 ns
Total end-to-end search time: 43816480 ns
Total end-to-end search time: 41819402 ns
Total end-to-end search time: 46310286 ns
Total end-to-end search time: 48911370 ns
Total end-to-end search time: 47312610 ns
Query: 128, nThreads: 4, warmup: 8
====================================================================================================
(ns)
Load index... Graph level 5..
Total end-to-end search time: 45643876 ns
Total end-to-end search time: 48558874 ns
Total end-to-end search time: 51493660 ns
Total end-to-end search time: 48098750 ns
Total end-to-end search time: 43774392 ns
Total end-to-end search time: 41705202 ns
Total end-to-end search time: 46315906 ns
Total end-to-end search time: 49032366 ns
Total end-to-end search time: 47482173 ns
Query: 128, nThreads: 4, warmup: 8
====================================================================================================
(ns)
Load index... Graph level 5..
Total end-to-end search time: 45407442 ns
Total end-to-end search time: 49037668 ns
Total end-to-end search time: 51659510 ns
Total end-to-end search time: 47976487 ns
Total end-to-end search time: 43719771 ns
Total end-to-end search time: 41913839 ns
Total end-to-end search time: 46213478 ns
Total end-to-end search time: 48915908 ns
Total end-to-end search time: 47236299 ns
Query: 128, nThreads: 4, warmup: 8
====================================================================================================
(ns)
Load index... Graph level 5..
Total end-to-end search time: 45458420 ns
Total end-to-end search time: 48951440 ns
Total end-to-end search time: 51541617 ns
Total end-to-end search time: 48207122 ns
Total end-to-end search time: 43583220 ns
Total end-to-end search time: 41877024 ns
Total end-to-end search time: 46247135 ns
Total end-to-end search time: 49113884 ns
Total end-to-end search time: 47387848 ns
Query: 128, nThreads: 4, warmup: 8
====================================================================================================
(ns)
Load index... Graph level 5..
Total end-to-end search time: 45330753 ns
Total end-to-end search time: 49218750 ns
Total end-to-end search time: 51547338 ns
Total end-to-end search time: 48097365 ns
Total end-to-end search time: 43508967 ns
Total end-to-end search time: 41868003 ns
Total end-to-end search time: 46341662 ns
Total end-to-end search time: 48951455 ns
Total end-to-end search time: 47073277 ns
Query: 128, nThreads: 4, warmup: 8
====================================================================================================
(ns)
Load index... Graph level 5..
Total end-to-end search time: 45442146 ns
Total end-to-end search time: 48727544 ns
Total end-to-end search time: 51344803 ns
Total end-to-end search time: 48213728 ns
Total end-to-end search time: 43582280 ns
Total end-to-end search time: 41786267 ns
Total end-to-end search time: 46244562 ns
Total end-to-end search time: 49215990 ns
Total end-to-end search time: 47208811 ns
Query: 128, nThreads: 4, warmup: 8
====================================================================================================
(ns)
Load index... Graph level 5..
Total end-to-end search time: 45346584 ns
Total end-to-end search time: 48721887 ns
Total end-to-end search time: 51531932 ns
Total end-to-end search time: 47997630 ns
Total end-to-end search time: 43673711 ns
Total end-to-end search time: 41924355 ns
Total end-to-end search time: 46372625 ns
Total end-to-end search time: 49039052 ns
Total end-to-end search time: 47379031 ns
