Query: 128, nThreads: 64, warmup: 8
====================================================================================================
(ns)
Load index... Graph level 5..
Total end-to-end search time: 85947487 ns
Total end-to-end search time: 94594399 ns
Total end-to-end search time: 100111862 ns
Total end-to-end search time: 93228532 ns
Total end-to-end search time: 84878060 ns
Total end-to-end search time: 81210477 ns
Total end-to-end search time: 89918385 ns
Total end-to-end search time: 95423542 ns
Total end-to-end search time: 92080997 ns
Query: 128, nThreads: 64, warmup: 8
====================================================================================================
(ns)
Load index... Graph level 5..
Total end-to-end search time: 86417529 ns
Total end-to-end search time: 94917116 ns
Total end-to-end search time: 100915173 ns
Total end-to-end search time: 93747652 ns
Total end-to-end search time: 85319420 ns
Total end-to-end search time: 81430571 ns
Total end-to-end search time: 90359066 ns
Total end-to-end search time: 95400511 ns
Total end-to-end search time: 91800254 ns
Query: 128, nThreads: 64, warmup: 8
====================================================================================================
(ns)
Load index... Graph level 5..
Total end-to-end search time: 85868468 ns
Total end-to-end search time: 94550366 ns
Total end-to-end search time: 100160127 ns
Total end-to-end search time: 93166894 ns
Total end-to-end search time: 84780524 ns
Total end-to-end search time: 81411105 ns
Total end-to-end search time: 89820846 ns
Total end-to-end search time: 95156648 ns
Total end-to-end search time: 91670816 ns
Query: 128, nThreads: 64, warmup: 8
====================================================================================================
(ns)
Load index... Graph level 5..
Total end-to-end search time: 86341966 ns
Total end-to-end search time: 95049771 ns
Total end-to-end search time: 100690582 ns
Total end-to-end search time: 93668195 ns
Total end-to-end search time: 84548853 ns
Total end-to-end search time: 81235895 ns
Total end-to-end search time: 89727614 ns
Total end-to-end search time: 95267072 ns
Total end-to-end search time: 91682937 ns
Query: 128, nThreads: 64, warmup: 8
====================================================================================================
(ns)
Load index... Graph level 5..
Total end-to-end search time: 86124175 ns
Total end-to-end search time: 94882533 ns
Total end-to-end search time: 100391515 ns
Total end-to-end search time: 93413639 ns
Total end-to-end search time: 84718355 ns
Total end-to-end search time: 81008034 ns
Total end-to-end search time: 89394585 ns
Total end-to-end search time: 95008867 ns
Total end-to-end search time: 91789425 ns
Query: 128, nThreads: 64, warmup: 8
====================================================================================================
(ns)
Load index... Graph level 5..
Total end-to-end search time: 86004997 ns
Total end-to-end search time: 94811344 ns
Total end-to-end search time: 100313310 ns
Total end-to-end search time: 93676684 ns
Total end-to-end search time: 84455374 ns
Total end-to-end search time: 81085177 ns
Total end-to-end search time: 89791439 ns
Total end-to-end search time: 95252989 ns
Total end-to-end search time: 91618504 ns
Query: 128, nThreads: 64, warmup: 8
====================================================================================================
(ns)
Load index... Graph level 5..
Total end-to-end search time: 86265754 ns
Total end-to-end search time: 94531654 ns
Total end-to-end search time: 100385358 ns
Total end-to-end search time: 94324572 ns
Total end-to-end search time: 85296464 ns
Total end-to-end search time: 81496073 ns
Total end-to-end search time: 90323485 ns
Total end-to-end search time: 95754732 ns
Total end-to-end search time: 91912711 ns
Query: 128, nThreads: 64, warmup: 8
====================================================================================================
(ns)
Load index... Graph level 5..
Total end-to-end search time: 86138956 ns
Total end-to-end search time: 94929877 ns
Total end-to-end search time: 100063289 ns
Total end-to-end search time: 93210899 ns
Total end-to-end search time: 85180077 ns
Total end-to-end search time: 81397609 ns
Total end-to-end search time: 89644539 ns
Total end-to-end search time: 95074452 ns
Total end-to-end search time: 92111036 ns
Query: 128, nThreads: 64, warmup: 8
====================================================================================================
(ns)
Load index... Graph level 5..
Total end-to-end search time: 85973306 ns
Total end-to-end search time: 94613588 ns
Total end-to-end search time: 100085911 ns
Total end-to-end search time: 93234916 ns
Total end-to-end search time: 85080129 ns
Total end-to-end search time: 81345667 ns
Total end-to-end search time: 90035560 ns
Total end-to-end search time: 95171984 ns
Total end-to-end search time: 91750356 ns
Query: 128, nThreads: 64, warmup: 8
====================================================================================================
(ns)
Load index... Graph level 5..
Total end-to-end search time: 86535877 ns
Total end-to-end search time: 95020539 ns
Total end-to-end search time: 100567961 ns
Total end-to-end search time: 93672644 ns
Total end-to-end search time: 84883032 ns
Total end-to-end search time: 81399160 ns
Total end-to-end search time: 90175988 ns
Total end-to-end search time: 95487088 ns
Total end-to-end search time: 91867501 ns
Query: 128, nThreads: 64, warmup: 8
====================================================================================================
(ns)
Load index... Graph level 5..
Total end-to-end search time: 86301275 ns
Total end-to-end search time: 94857267 ns
Total end-to-end search time: 100187276 ns
Total end-to-end search time: 93253544 ns
Total end-to-end search time: 84615815 ns
Total end-to-end search time: 81106704 ns
Total end-to-end search time: 89612526 ns
Total end-to-end search time: 95406450 ns
Total end-to-end search time: 91563656 ns
Query: 128, nThreads: 64, warmup: 8
====================================================================================================
(ns)
Load index... Graph level 5..
Total end-to-end search time: 86119966 ns
Total end-to-end search time: 94648731 ns
Total end-to-end search time: 99883932 ns
Total end-to-end search time: 93089115 ns
Total end-to-end search time: 84416519 ns
Total end-to-end search time: 81237868 ns
Total end-to-end search time: 89820381 ns
Total end-to-end search time: 95006843 ns
Total end-to-end search time: 92075108 ns
Query: 128, nThreads: 64, warmup: 8
====================================================================================================
(ns)
Load index... Graph level 5..
Total end-to-end search time: 86043975 ns
Total end-to-end search time: 94535824 ns
Total end-to-end search time: 100684342 ns
Total end-to-end search time: 93575262 ns
Total end-to-end search time: 85009080 ns
Total end-to-end search time: 81199947 ns
Total end-to-end search time: 89680355 ns
Total end-to-end search time: 95303530 ns
Total end-to-end search time: 92109228 ns
Query: 128, nThreads: 64, warmup: 8
====================================================================================================
(ns)
Load index... Graph level 5..
Total end-to-end search time: 85907000 ns
Total end-to-end search time: 95137350 ns
Total end-to-end search time: 100618886 ns
Total end-to-end search time: 93654576 ns
Total end-to-end search time: 85213794 ns
Total end-to-end search time: 81375188 ns
Total end-to-end search time: 89866633 ns
Total end-to-end search time: 95698934 ns
Total end-to-end search time: 92055066 ns
Query: 128, nThreads: 64, warmup: 8
====================================================================================================
(ns)
Load index... Graph level 5..
Total end-to-end search time: 87182000 ns
Total end-to-end search time: 95174482 ns
Total end-to-end search time: 100497540 ns
Total end-to-end search time: 93538101 ns
Total end-to-end search time: 85231226 ns
Total end-to-end search time: 81604722 ns
Total end-to-end search time: 90058801 ns
Total end-to-end search time: 95681685 ns
Total end-to-end search time: 92358653 ns
Query: 128, nThreads: 64, warmup: 8
====================================================================================================
(ns)
Load index... Graph level 5..
Total end-to-end search time: 86003862 ns
Total end-to-end search time: 94820486 ns
Total end-to-end search time: 100093133 ns
Total end-to-end search time: 93169489 ns
Total end-to-end search time: 84601949 ns
Total end-to-end search time: 81076822 ns
Total end-to-end search time: 89572894 ns
Total end-to-end search time: 94982274 ns
Total end-to-end search time: 91952479 ns
Query: 128, nThreads: 64, warmup: 8
====================================================================================================
(ns)
Load index... Graph level 5..
Total end-to-end search time: 86030805 ns
Total end-to-end search time: 94811867 ns
Total end-to-end search time: 100148504 ns
Total end-to-end search time: 93179720 ns
Total end-to-end search time: 84543218 ns
Total end-to-end search time: 81271415 ns
Total end-to-end search time: 89864189 ns
Total end-to-end search time: 95486993 ns
Total end-to-end search time: 91557471 ns
Query: 128, nThreads: 64, warmup: 8
====================================================================================================
(ns)
Load index... Graph level 5..
Total end-to-end search time: 86630599 ns
Total end-to-end search time: 95249072 ns
Total end-to-end search time: 101061618 ns
Total end-to-end search time: 93876255 ns
Total end-to-end search time: 84996388 ns
Total end-to-end search time: 81908524 ns
Total end-to-end search time: 90221338 ns
Total end-to-end search time: 95831047 ns
Total end-to-end search time: 92531030 ns
Query: 128, nThreads: 64, warmup: 8
====================================================================================================
(ns)
Load index... Graph level 5..
Total end-to-end search time: 85814568 ns
Total end-to-end search time: 94564240 ns
Total end-to-end search time: 100132328 ns
Total end-to-end search time: 92998186 ns
Total end-to-end search time: 84563646 ns
Total end-to-end search time: 81076169 ns
Total end-to-end search time: 90008155 ns
Total end-to-end search time: 95489632 ns
Total end-to-end search time: 91442208 ns
Query: 128, nThreads: 64, warmup: 8
====================================================================================================
(ns)
Load index... Graph level 5..
Total end-to-end search time: 86504673 ns
Total end-to-end search time: 95001397 ns
Total end-to-end search time: 100108653 ns
Total end-to-end search time: 93247193 ns
Total end-to-end search time: 84648009 ns
Total end-to-end search time: 81898680 ns
Total end-to-end search time: 90308882 ns
Total end-to-end search time: 95642107 ns
Total end-to-end search time: 92070235 ns
Query: 128, nThreads: 64, warmup: 8
====================================================================================================
(ns)
Load index... Graph level 5..
Total end-to-end search time: 86545440 ns
Total end-to-end search time: 94655384 ns
Total end-to-end search time: 100087606 ns
Total end-to-end search time: 93224053 ns
Total end-to-end search time: 84733189 ns
Total end-to-end search time: 81349757 ns
Total end-to-end search time: 89923081 ns
Total end-to-end search time: 95269849 ns
Total end-to-end search time: 91973838 ns
Query: 128, nThreads: 64, warmup: 8
====================================================================================================
(ns)
Load index... Graph level 5..
Total end-to-end search time: 86075078 ns
Total end-to-end search time: 94710545 ns
Total end-to-end search time: 100211557 ns
Total end-to-end search time: 93231434 ns
Total end-to-end search time: 84505970 ns
Total end-to-end search time: 81022365 ns
Total end-to-end search time: 89397901 ns
Total end-to-end search time: 95633293 ns
Total end-to-end search time: 91664161 ns
Query: 128, nThreads: 64, warmup: 8
====================================================================================================
(ns)
Load index... Graph level 5..
Total end-to-end search time: 86889931 ns
Total end-to-end search time: 95356258 ns
Total end-to-end search time: 100445322 ns
Total end-to-end search time: 93709424 ns
Total end-to-end search time: 85060093 ns
Total end-to-end search time: 81402517 ns
Total end-to-end search time: 90346707 ns
Total end-to-end search time: 95512683 ns
Total end-to-end search time: 92135440 ns
Query: 128, nThreads: 64, warmup: 8
====================================================================================================
(ns)
Load index... Graph level 5..
Total end-to-end search time: 86091371 ns
Total end-to-end search time: 94691854 ns
Total end-to-end search time: 100143908 ns
Total end-to-end search time: 93233116 ns
Total end-to-end search time: 84528622 ns
Total end-to-end search time: 81474189 ns
Total end-to-end search time: 89730426 ns
Total end-to-end search time: 95363181 ns
Total end-to-end search time: 91939177 ns
Query: 128, nThreads: 64, warmup: 8
====================================================================================================
(ns)
Load index... Graph level 5..
Total end-to-end search time: 86243268 ns
Total end-to-end search time: 95091122 ns
Total end-to-end search time: 99926468 ns
Total end-to-end search time: 93030909 ns
Total end-to-end search time: 84967034 ns
Total end-to-end search time: 81351214 ns
Total end-to-end search time: 89681046 ns
Total end-to-end search time: 95144042 ns
Total end-to-end search time: 91913222 ns
Query: 128, nThreads: 64, warmup: 8
====================================================================================================
(ns)
Load index... Graph level 5..
Total end-to-end search time: 85959413 ns
Total end-to-end search time: 94572445 ns
Total end-to-end search time: 100141234 ns
Total end-to-end search time: 93492736 ns
Total end-to-end search time: 84618446 ns
Total end-to-end search time: 81016828 ns
Total end-to-end search time: 89523803 ns
Total end-to-end search time: 94933973 ns
Total end-to-end search time: 91397050 ns
Query: 128, nThreads: 64, warmup: 8
====================================================================================================
(ns)
Load index... Graph level 5..
Total end-to-end search time: 86350647 ns
Total end-to-end search time: 94997776 ns
Total end-to-end search time: 100258250 ns
Total end-to-end search time: 93377438 ns
Total end-to-end search time: 84722834 ns
Total end-to-end search time: 81442177 ns
Total end-to-end search time: 90020259 ns
Total end-to-end search time: 95507862 ns
Total end-to-end search time: 92167880 ns
Query: 128, nThreads: 64, warmup: 8
====================================================================================================
(ns)
Load index... Graph level 5..
Total end-to-end search time: 86519192 ns
Total end-to-end search time: 95309992 ns
Total end-to-end search time: 100904765 ns
Total end-to-end search time: 93534448 ns
Total end-to-end search time: 84982773 ns
Total end-to-end search time: 81562510 ns
Total end-to-end search time: 89987753 ns
Total end-to-end search time: 95374318 ns
Total end-to-end search time: 92065468 ns
Query: 128, nThreads: 64, warmup: 8
====================================================================================================
(ns)
Load index... Graph level 5..
Total end-to-end search time: 85974750 ns
Total end-to-end search time: 94529186 ns
Total end-to-end search time: 100392288 ns
Total end-to-end search time: 93509103 ns
Total end-to-end search time: 84624671 ns
Total end-to-end search time: 81064902 ns
Total end-to-end search time: 89930190 ns
Total end-to-end search time: 95232333 ns
Total end-to-end search time: 91494100 ns
Query: 128, nThreads: 64, warmup: 8
====================================================================================================
(ns)
Load index... Graph level 5..
Total end-to-end search time: 86083517 ns
Total end-to-end search time: 94953577 ns
Total end-to-end search time: 100128433 ns
Total end-to-end search time: 93609664 ns
Total end-to-end search time: 84951039 ns
Total end-to-end search time: 81315778 ns
Total end-to-end search time: 89964569 ns
Total end-to-end search time: 95217906 ns
Total end-to-end search time: 91776931 ns
