Query: 128, nThreads: 16, warmup: 8
====================================================================================================
(ns)
Load index... Graph level 5..
Total end-to-end search time: 50178516 ns
Total end-to-end search time: 50215858 ns
Total end-to-end search time: 53001549 ns
Total end-to-end search time: 50243244 ns
Total end-to-end search time: 45166490 ns
Total end-to-end search time: 42782250 ns
Total end-to-end search time: 47177721 ns
Total end-to-end search time: 50300018 ns
Total end-to-end search time: 48635880 ns
Query: 128, nThreads: 16, warmup: 8
====================================================================================================
(ns)
Load index... Graph level 5..
Total end-to-end search time: 49941587 ns
Total end-to-end search time: 50343149 ns
Total end-to-end search time: 53178814 ns
Total end-to-end search time: 49535666 ns
Total end-to-end search time: 44841322 ns
Total end-to-end search time: 42994136 ns
Total end-to-end search time: 47267775 ns
Total end-to-end search time: 50220043 ns
Total end-to-end search time: 48759565 ns
Query: 128, nThreads: 16, warmup: 8
====================================================================================================
(ns)
Load index... Graph level 5..
Total end-to-end search time: 49990239 ns
Total end-to-end search time: 51417165 ns
Total end-to-end search time: 53086381 ns
Total end-to-end search time: 49729899 ns
Total end-to-end search time: 44800198 ns
Total end-to-end search time: 43120130 ns
Total end-to-end search time: 47660582 ns
Total end-to-end search time: 50299344 ns
Total end-to-end search time: 48096152 ns
Query: 128, nThreads: 16, warmup: 8
====================================================================================================
(ns)
Load index... Graph level 5..
Total end-to-end search time: 49488679 ns
Total end-to-end search time: 50239416 ns
Total end-to-end search time: 53155836 ns
Total end-to-end search time: 49648614 ns
Total end-to-end search time: 45179271 ns
Total end-to-end search time: 42928713 ns
Total end-to-end search time: 47192467 ns
Total end-to-end search time: 50140423 ns
Total end-to-end search time: 48228285 ns
Query: 128, nThreads: 16, warmup: 8
====================================================================================================
(ns)
Load index... Graph level 5..
Total end-to-end search time: 49978555 ns
Total end-to-end search time: 50101943 ns
Total end-to-end search time: 53184784 ns
Total end-to-end search time: 49756396 ns
Total end-to-end search time: 44783752 ns
Total end-to-end search time: 43172969 ns
Total end-to-end search time: 47511612 ns
Total end-to-end search time: 50508096 ns
Total end-to-end search time: 48804422 ns
Query: 128, nThreads: 16, warmup: 8
====================================================================================================
(ns)
Load index... Graph level 5..
Total end-to-end search time: 49645586 ns
Total end-to-end search time: 50178365 ns
Total end-to-end search time: 53213312 ns
Total end-to-end search time: 49500778 ns
Total end-to-end search time: 45099575 ns
Total end-to-end search time: 42652795 ns
Total end-to-end search time: 47425014 ns
Total end-to-end search time: 50072081 ns
Total end-to-end search time: 48248019 ns
Query: 128, nThreads: 16, warmup: 8
====================================================================================================
(ns)
Load index... Graph level 5..
Total end-to-end search time: 50275096 ns
Total end-to-end search time: 50092818 ns
Total end-to-end search time: 53347405 ns
Total end-to-end search time: 49645521 ns
Total end-to-end search time: 44996481 ns
Total end-to-end search time: 42984836 ns
Total end-to-end search time: 47161925 ns
Total end-to-end search time: 50114466 ns
Total end-to-end search time: 48511617 ns
Query: 128, nThreads: 16, warmup: 8
====================================================================================================
(ns)
Load index... Graph level 5..
Total end-to-end search time: 48623205 ns
Total end-to-end search time: 51123722 ns
Total end-to-end search time: 53086461 ns
Total end-to-end search time: 49402124 ns
Total end-to-end search time: 44980844 ns
Total end-to-end search time: 44586158 ns
Total end-to-end search time: 47284515 ns
Total end-to-end search time: 50181742 ns
Total end-to-end search time: 48560529 ns
Query: 128, nThreads: 16, warmup: 8
====================================================================================================
(ns)
Load index... Graph level 5..
Total end-to-end search time: 50301369 ns
Total end-to-end search time: 51563965 ns
Total end-to-end search time: 52985914 ns
Total end-to-end search time: 49613824 ns
Total end-to-end search time: 44811328 ns
Total end-to-end search time: 42960522 ns
Total end-to-end search time: 47280420 ns
Total end-to-end search time: 49976984 ns
Total end-to-end search time: 48263124 ns
Query: 128, nThreads: 16, warmup: 8
====================================================================================================
(ns)
Load index... Graph level 5..
Total end-to-end search time: 49520863 ns
Total end-to-end search time: 50248630 ns
Total end-to-end search time: 53084267 ns
Total end-to-end search time: 49481754 ns
Total end-to-end search time: 44970046 ns
Total end-to-end search time: 43071602 ns
Total end-to-end search time: 47015777 ns
Total end-to-end search time: 49989602 ns
Total end-to-end search time: 48460452 ns
Query: 128, nThreads: 16, warmup: 8
====================================================================================================
(ns)
Load index... Graph level 5..
Total end-to-end search time: 49571459 ns
Total end-to-end search time: 50071675 ns
Total end-to-end search time: 53037597 ns
Total end-to-end search time: 49503958 ns
Total end-to-end search time: 44993111 ns
Total end-to-end search time: 42959385 ns
Total end-to-end search time: 47417603 ns
Total end-to-end search time: 50572453 ns
Total end-to-end search time: 48032845 ns
Query: 128, nThreads: 16, warmup: 8
====================================================================================================
(ns)
Load index... Graph level 5..
Total end-to-end search time: 49801579 ns
Total end-to-end search time: 49860241 ns
Total end-to-end search time: 53183088 ns
Total end-to-end search time: 49531977 ns
Total end-to-end search time: 44809250 ns
Total end-to-end search time: 43125491 ns
Total end-to-end search time: 47021510 ns
Total end-to-end search time: 50312771 ns
Total end-to-end search time: 48204681 ns
Query: 128, nThreads: 16, warmup: 8
====================================================================================================
(ns)
Load index... Graph level 5..
Total end-to-end search time: 50521008 ns
Total end-to-end search time: 50104581 ns
Total end-to-end search time: 53045904 ns
Total end-to-end search time: 49578952 ns
Total end-to-end search time: 44749962 ns
Total end-to-end search time: 42514399 ns
Total end-to-end search time: 47320405 ns
Total end-to-end search time: 50149023 ns
Total end-to-end search time: 48649382 ns
Query: 128, nThreads: 16, warmup: 8
====================================================================================================
(ns)
Load index... Graph level 5..
Total end-to-end search time: 49689973 ns
Total end-to-end search time: 50093389 ns
Total end-to-end search time: 53150205 ns
Total end-to-end search time: 49741626 ns
Total end-to-end search time: 44915832 ns
Total end-to-end search time: 42809355 ns
Total end-to-end search time: 47620144 ns
Total end-to-end search time: 50479364 ns
Total end-to-end search time: 48339298 ns
Query: 128, nThreads: 16, warmup: 8
====================================================================================================
(ns)
Load index... Graph level 5..
Total end-to-end search time: 49700734 ns
Total end-to-end search time: 50461255 ns
Total end-to-end search time: 53383798 ns
Total end-to-end search time: 49415462 ns
Total end-to-end search time: 44801588 ns
Total end-to-end search time: 42533553 ns
Total end-to-end search time: 47226973 ns
Total end-to-end search time: 50075418 ns
Total end-to-end search time: 48251996 ns
Query: 128, nThreads: 16, warmup: 8
====================================================================================================
(ns)
Load index... Graph level 5..
Total end-to-end search time: 49723942 ns
Total end-to-end search time: 50151681 ns
Total end-to-end search time: 52867379 ns
Total end-to-end search time: 49300208 ns
Total end-to-end search time: 44688940 ns
Total end-to-end search time: 43250699 ns
Total end-to-end search time: 47373353 ns
Total end-to-end search time: 50110523 ns
Total end-to-end search time: 48142327 ns
Query: 128, nThreads: 16, warmup: 8
====================================================================================================
(ns)
Load index... Graph level 5..
Total end-to-end search time: 50027894 ns
Total end-to-end search time: 50136982 ns
Total end-to-end search time: 53261834 ns
Total end-to-end search time: 49412206 ns
Total end-to-end search time: 45697385 ns
Total end-to-end search time: 42709465 ns
Total end-to-end search time: 47153662 ns
Total end-to-end search time: 50229144 ns
Total end-to-end search time: 48730412 ns
Query: 128, nThreads: 16, warmup: 8
====================================================================================================
(ns)
Load index... Graph level 5..
Total end-to-end search time: 49335865 ns
Total end-to-end search time: 49896191 ns
Total end-to-end search time: 53331878 ns
Total end-to-end search time: 49580423 ns
Total end-to-end search time: 44973751 ns
Total end-to-end search time: 45223474 ns
Total end-to-end search time: 47071118 ns
Total end-to-end search time: 50115712 ns
Total end-to-end search time: 48629986 ns
Query: 128, nThreads: 16, warmup: 8
====================================================================================================
(ns)
Load index... Graph level 5..
Total end-to-end search time: 50249968 ns
Total end-to-end search time: 50341404 ns
Total end-to-end search time: 53171577 ns
Total end-to-end search time: 49447348 ns
Total end-to-end search time: 45135554 ns
Total end-to-end search time: 42722583 ns
Total end-to-end search time: 47818679 ns
Total end-to-end search time: 50145129 ns
Total end-to-end search time: 48240599 ns
Query: 128, nThreads: 16, warmup: 8
====================================================================================================
(ns)
Load index... Graph level 5..
Total end-to-end search time: 49632384 ns
Total end-to-end search time: 50238381 ns
Total end-to-end search time: 52884141 ns
Total end-to-end search time: 49401663 ns
Total end-to-end search time: 44913459 ns
Total end-to-end search time: 42979845 ns
Total end-to-end search time: 47424318 ns
Total end-to-end search time: 50055913 ns
Total end-to-end search time: 49156819 ns
Query: 128, nThreads: 16, warmup: 8
====================================================================================================
(ns)
Load index... Graph level 5..
Total end-to-end search time: 49119525 ns
Total end-to-end search time: 50594170 ns
Total end-to-end search time: 53183138 ns
Total end-to-end search time: 49450723 ns
Total end-to-end search time: 45092896 ns
Total end-to-end search time: 43203091 ns
Total end-to-end search time: 47303948 ns
Total end-to-end search time: 50250654 ns
Total end-to-end search time: 48255331 ns
Query: 128, nThreads: 16, warmup: 8
====================================================================================================
(ns)
Load index... Graph level 5..
Total end-to-end search time: 49905042 ns
Total end-to-end search time: 51744999 ns
Total end-to-end search time: 53064664 ns
Total end-to-end search time: 49350221 ns
Total end-to-end search time: 44953908 ns
Total end-to-end search time: 43279091 ns
Total end-to-end search time: 47097246 ns
Total end-to-end search time: 50044589 ns
Total end-to-end search time: 48201206 ns
Query: 128, nThreads: 16, warmup: 8
====================================================================================================
(ns)
Load index... Graph level 5..
Total end-to-end search time: 49732994 ns
Total end-to-end search time: 50409955 ns
Total end-to-end search time: 53138784 ns
Total end-to-end search time: 49414683 ns
Total end-to-end search time: 44722106 ns
Total end-to-end search time: 43065853 ns
Total end-to-end search time: 47584506 ns
Total end-to-end search time: 50165631 ns
Total end-to-end search time: 48213878 ns
Query: 128, nThreads: 16, warmup: 8
====================================================================================================
(ns)
Load index... Graph level 5..
Total end-to-end search time: 50307079 ns
Total end-to-end search time: 50371819 ns
Total end-to-end search time: 53125066 ns
Total end-to-end search time: 49411073 ns
Total end-to-end search time: 44830995 ns
Total end-to-end search time: 42792708 ns
Total end-to-end search time: 47176007 ns
Total end-to-end search time: 49998634 ns
Total end-to-end search time: 48241324 ns
Query: 128, nThreads: 16, warmup: 8
====================================================================================================
(ns)
Load index... Graph level 5..
Total end-to-end search time: 49656799 ns
Total end-to-end search time: 50475849 ns
Total end-to-end search time: 52948550 ns
Total end-to-end search time: 49541380 ns
Total end-to-end search time: 44905188 ns
Total end-to-end search time: 42738198 ns
Total end-to-end search time: 47561131 ns
Total end-to-end search time: 49916857 ns
Total end-to-end search time: 48467416 ns
Query: 128, nThreads: 16, warmup: 8
====================================================================================================
(ns)
Load index... Graph level 5..
Total end-to-end search time: 49416180 ns
Total end-to-end search time: 50452725 ns
Total end-to-end search time: 53031634 ns
Total end-to-end search time: 49552382 ns
Total end-to-end search time: 44805963 ns
Total end-to-end search time: 42894944 ns
Total end-to-end search time: 47102599 ns
Total end-to-end search time: 49895638 ns
Total end-to-end search time: 48392014 ns
Query: 128, nThreads: 16, warmup: 8
====================================================================================================
(ns)
Load index... Graph level 5..
Total end-to-end search time: 50122716 ns
Total end-to-end search time: 50196137 ns
Total end-to-end search time: 52987570 ns
Total end-to-end search time: 49325921 ns
Total end-to-end search time: 44851285 ns
Total end-to-end search time: 42991546 ns
Total end-to-end search time: 47268033 ns
Total end-to-end search time: 50000052 ns
Total end-to-end search time: 48514143 ns
Query: 128, nThreads: 16, warmup: 8
====================================================================================================
(ns)
Load index... Graph level 5..
Total end-to-end search time: 49615520 ns
Total end-to-end search time: 50258700 ns
Total end-to-end search time: 53304793 ns
Total end-to-end search time: 49440991 ns
Total end-to-end search time: 44819037 ns
Total end-to-end search time: 42974658 ns
Total end-to-end search time: 47285134 ns
Total end-to-end search time: 49917563 ns
Total end-to-end search time: 48414182 ns
Query: 128, nThreads: 16, warmup: 8
====================================================================================================
(ns)
Load index... Graph level 5..
Total end-to-end search time: 49128940 ns
Total end-to-end search time: 50610447 ns
Total end-to-end search time: 53131314 ns
Total end-to-end search time: 49474655 ns
Total end-to-end search time: 44739608 ns
Total end-to-end search time: 43021656 ns
Total end-to-end search time: 47398769 ns
Total end-to-end search time: 49811880 ns
Total end-to-end search time: 48286030 ns
Query: 128, nThreads: 16, warmup: 8
====================================================================================================
(ns)
Load index... Graph level 5..
Total end-to-end search time: 49387335 ns
Total end-to-end search time: 50107232 ns
Total end-to-end search time: 53140583 ns
Total end-to-end search time: 49484084 ns
Total end-to-end search time: 44773697 ns
Total end-to-end search time: 42643610 ns
Total end-to-end search time: 46907834 ns
Total end-to-end search time: 50443272 ns
Total end-to-end search time: 48456392 ns
