Query: 256, nThreads: 64, warmup: 8
====================================================================================================
(ns)
Load index... Graph level 5..
Total end-to-end search time: 181202894 ns
Total end-to-end search time: 194131729 ns
Total end-to-end search time: 166257634 ns
Total end-to-end search time: 184540629 ns
Total end-to-end search time: 183638071 ns
Total end-to-end search time: 178994794 ns
Total end-to-end search time: 195337216 ns
Total end-to-end search time: 178647155 ns
Total end-to-end search time: 185575897 ns
Query: 256, nThreads: 64, warmup: 8
====================================================================================================
(ns)
Load index... Graph level 5..
Total end-to-end search time: 180838882 ns
Total end-to-end search time: 193924606 ns
Total end-to-end search time: 166385959 ns
Total end-to-end search time: 184896838 ns
Total end-to-end search time: 183454996 ns
Total end-to-end search time: 178011068 ns
Total end-to-end search time: 195840414 ns
Total end-to-end search time: 180193139 ns
Total end-to-end search time: 186615784 ns
Query: 256, nThreads: 64, warmup: 8
====================================================================================================
(ns)
Load index... Graph level 5..
Total end-to-end search time: 180810586 ns
Total end-to-end search time: 193259055 ns
Total end-to-end search time: 166495712 ns
Total end-to-end search time: 185545817 ns
Total end-to-end search time: 183659248 ns
Total end-to-end search time: 178162657 ns
Total end-to-end search time: 195222922 ns
Total end-to-end search time: 178747039 ns
Total end-to-end search time: 185270863 ns
Query: 256, nThreads: 64, warmup: 8
====================================================================================================
(ns)
Load index... Graph level 5..
Total end-to-end search time: 180548419 ns
Total end-to-end search time: 193391014 ns
Total end-to-end search time: 166222977 ns
Total end-to-end search time: 185018970 ns
Total end-to-end search time: 184860629 ns
Total end-to-end search time: 178912412 ns
Total end-to-end search time: 196448935 ns
Total end-to-end search time: 179149731 ns
Total end-to-end search time: 185831417 ns
Query: 256, nThreads: 64, warmup: 8
====================================================================================================
(ns)
Load index... Graph level 5..
Total end-to-end search time: 181458334 ns
Total end-to-end search time: 193208134 ns
Total end-to-end search time: 166027741 ns
Total end-to-end search time: 185176611 ns
Total end-to-end search time: 183834074 ns
Total end-to-end search time: 177687880 ns
Total end-to-end search time: 194723556 ns
Total end-to-end search time: 178233564 ns
Total end-to-end search time: 184775127 ns
Query: 256, nThreads: 64, warmup: 8
====================================================================================================
(ns)
Load index... Graph level 5..
Total end-to-end search time: 180806683 ns
Total end-to-end search time: 194906041 ns
Total end-to-end search time: 166558677 ns
Total end-to-end search time: 185478048 ns
Total end-to-end search time: 184442533 ns
Total end-to-end search time: 179459321 ns
Total end-to-end search time: 195868234 ns
Total end-to-end search time: 179767781 ns
Total end-to-end search time: 186230950 ns
Query: 256, nThreads: 64, warmup: 8
====================================================================================================
(ns)
Load index... Graph level 5..
Total end-to-end search time: 181355106 ns
Total end-to-end search time: 193766150 ns
Total end-to-end search time: 166364597 ns
Total end-to-end search time: 184959426 ns
Total end-to-end search time: 183682640 ns
Total end-to-end search time: 179358702 ns
Total end-to-end search time: 196104340 ns
Total end-to-end search time: 179387713 ns
Total end-to-end search time: 186175135 ns
Query: 256, nThreads: 64, warmup: 8
====================================================================================================
(ns)
Load index... Graph level 5..
Total end-to-end search time: 181758144 ns
Total end-to-end search time: 193961341 ns
Total end-to-end search time: 166423312 ns
Total end-to-end search time: 185825587 ns
Total end-to-end search time: 185147481 ns
Total end-to-end search time: 178762011 ns
Total end-to-end search time: 196289537 ns
Total end-to-end search time: 179848435 ns
Total end-to-end search time: 185856301 ns
Query: 256, nThreads: 64, warmup: 8
====================================================================================================
(ns)
Load index... Graph level 5..
Total end-to-end search time: 181153367 ns
Total end-to-end search time: 193740218 ns
Total end-to-end search time: 165699099 ns
Total end-to-end search time: 184670099 ns
Total end-to-end search time: 183510421 ns
Total end-to-end search time: 178151256 ns
Total end-to-end search time: 195672048 ns
Total end-to-end search time: 178640077 ns
Total end-to-end search time: 185034761 ns
Query: 256, nThreads: 64, warmup: 8
====================================================================================================
(ns)
Load index... Graph level 5..
Total end-to-end search time: 181552234 ns
Total end-to-end search time: 194435229 ns
Total end-to-end search time: 167069465 ns
Total end-to-end search time: 185748199 ns
Total end-to-end search time: 183849854 ns
Total end-to-end search time: 178702911 ns
Total end-to-end search time: 196450807 ns
Total end-to-end search time: 179865895 ns
Total end-to-end search time: 185798213 ns
Query: 256, nThreads: 64, warmup: 8
====================================================================================================
(ns)
Load index... Graph level 5..
Total end-to-end search time: 180863904 ns
Total end-to-end search time: 193091984 ns
Total end-to-end search time: 165653656 ns
Total end-to-end search time: 185255234 ns
Total end-to-end search time: 183682783 ns
Total end-to-end search time: 177812038 ns
Total end-to-end search time: 195916314 ns
Total end-to-end search time: 179063478 ns
Total end-to-end search time: 186433828 ns
Query: 256, nThreads: 64, warmup: 8
====================================================================================================
(ns)
Load index... Graph level 5..
Total end-to-end search time: 180735625 ns
Total end-to-end search time: 193178192 ns
Total end-to-end search time: 165735232 ns
Total end-to-end search time: 184526181 ns
Total end-to-end search time: 185744030 ns
Total end-to-end search time: 179044078 ns
Total end-to-end search time: 196429115 ns
Total end-to-end search time: 180115844 ns
Total end-to-end search time: 186423671 ns
Query: 256, nThreads: 64, warmup: 8
====================================================================================================
(ns)
Load index... Graph level 5..
Total end-to-end search time: 181337723 ns
Total end-to-end search time: 193988620 ns
Total end-to-end search time: 166164835 ns
Total end-to-end search time: 185627341 ns
Total end-to-end search time: 184027447 ns
Total end-to-end search time: 178304910 ns
Total end-to-end search time: 196158564 ns
Total end-to-end search time: 179728739 ns
Total end-to-end search time: 186526290 ns
Query: 256, nThreads: 64, warmup: 8
====================================================================================================
(ns)
Load index... Graph level 5..
Total end-to-end search time: 181280652 ns
Total end-to-end search time: 193659848 ns
Total end-to-end search time: 166292855 ns
Total end-to-end search time: 185041963 ns
Total end-to-end search time: 183733659 ns
Total end-to-end search time: 178010568 ns
Total end-to-end search time: 195409751 ns
Total end-to-end search time: 179646281 ns
Total end-to-end search time: 185067191 ns
Query: 256, nThreads: 64, warmup: 8
====================================================================================================
(ns)
Load index... Graph level 5..
Total end-to-end search time: 181005852 ns
Total end-to-end search time: 193544587 ns
Total end-to-end search time: 166137231 ns
Total end-to-end search time: 186053354 ns
Total end-to-end search time: 184477789 ns
Total end-to-end search time: 178962078 ns
Total end-to-end search time: 196231740 ns
Total end-to-end search time: 179742336 ns
Total end-to-end search time: 186252268 ns
Query: 256, nThreads: 64, warmup: 8
====================================================================================================
(ns)
Load index... Graph level 5..
Total end-to-end search time: 181364506 ns
Total end-to-end search time: 193973403 ns
Total end-to-end search time: 166023430 ns
Total end-to-end search time: 185212103 ns
Total end-to-end search time: 183557170 ns
Total end-to-end search time: 178255098 ns
Total end-to-end search time: 196400242 ns
Total end-to-end search time: 179505239 ns
Total end-to-end search time: 185244207 ns
Query: 256, nThreads: 64, warmup: 8
====================================================================================================
(ns)
Load index... Graph level 5..
Total end-to-end search time: 181492573 ns
Total end-to-end search time: 195283580 ns
Total end-to-end search time: 166707092 ns
Total end-to-end search time: 185885735 ns
Total end-to-end search time: 184400552 ns
Total end-to-end search time: 178520401 ns
Total end-to-end search time: 196077484 ns
Total end-to-end search time: 179039978 ns
Total end-to-end search time: 185974657 ns
Query: 256, nThreads: 64, warmup: 8
====================================================================================================
(ns)
Load index... Graph level 5..
Total end-to-end search time: 181122581 ns
Total end-to-end search time: 193369747 ns
Total end-to-end search time: 165653912 ns
Total end-to-end search time: 185001446 ns
Total end-to-end search time: 183312190 ns
Total end-to-end search time: 177872536 ns
Total end-to-end search time: 195001656 ns
Total end-to-end search time: 178636881 ns
Total end-to-end search time: 184633269 ns
Query: 256, nThreads: 64, warmup: 8
====================================================================================================
(ns)
Load index... Graph level 5..
Total end-to-end search time: 181313240 ns
Total end-to-end search time: 194655746 ns
Total end-to-end search time: 166504878 ns
Total end-to-end search time: 185807144 ns
Total end-to-end search time: 184750296 ns
Total end-to-end search time: 179308935 ns
Total end-to-end search time: 195824152 ns
Total end-to-end search time: 179845719 ns
Total end-to-end search time: 186270320 ns
Query: 256, nThreads: 64, warmup: 8
====================================================================================================
(ns)
Load index... Graph level 5..
Total end-to-end search time: 180796965 ns
Total end-to-end search time: 193895105 ns
Total end-to-end search time: 166101190 ns
Total end-to-end search time: 185291515 ns
Total end-to-end search time: 183578609 ns
Total end-to-end search time: 178527035 ns
Total end-to-end search time: 195883083 ns
Total end-to-end search time: 179193083 ns
Total end-to-end search time: 185809820 ns
Query: 256, nThreads: 64, warmup: 8
====================================================================================================
(ns)
Load index... Graph level 5..
Total end-to-end search time: 180776913 ns
Total end-to-end search time: 193208680 ns
Total end-to-end search time: 167260531 ns
Total end-to-end search time: 185589193 ns
Total end-to-end search time: 184265165 ns
Total end-to-end search time: 178539898 ns
Total end-to-end search time: 196577963 ns
Total end-to-end search time: 179949402 ns
Total end-to-end search time: 185846465 ns
Query: 256, nThreads: 64, warmup: 8
====================================================================================================
(ns)
Load index... Graph level 5..
Total end-to-end search time: 180724932 ns
Total end-to-end search time: 193918744 ns
Total end-to-end search time: 165869441 ns
Total end-to-end search time: 184947655 ns
Total end-to-end search time: 183740966 ns
Total end-to-end search time: 178285460 ns
Total end-to-end search time: 196003324 ns
Total end-to-end search time: 180243463 ns
Total end-to-end search time: 186354237 ns
Query: 256, nThreads: 64, warmup: 8
====================================================================================================
(ns)
Load index... Graph level 5..
Total end-to-end search time: 180376833 ns
Total end-to-end search time: 193031077 ns
Total end-to-end search time: 165902539 ns
Total end-to-end search time: 184691130 ns
Total end-to-end search time: 183357263 ns
Total end-to-end search time: 177623272 ns
Total end-to-end search time: 194793808 ns
Total end-to-end search time: 178557920 ns
Total end-to-end search time: 185622181 ns
Query: 256, nThreads: 64, warmup: 8
====================================================================================================
(ns)
Load index... Graph level 5..
Total end-to-end search time: 182117362 ns
Total end-to-end search time: 194403309 ns
Total end-to-end search time: 166880543 ns
Total end-to-end search time: 185732334 ns
Total end-to-end search time: 184429050 ns
Total end-to-end search time: 179604396 ns
Total end-to-end search time: 195621194 ns
Total end-to-end search time: 179472195 ns
Total end-to-end search time: 186012437 ns
Query: 256, nThreads: 64, warmup: 8
====================================================================================================
(ns)
Load index... Graph level 5..
Total end-to-end search time: 181094622 ns
Total end-to-end search time: 193597997 ns
Total end-to-end search time: 165928424 ns
Total end-to-end search time: 185139641 ns
Total end-to-end search time: 183606345 ns
Total end-to-end search time: 178175399 ns
Total end-to-end search time: 195922720 ns
Total end-to-end search time: 178610149 ns
Total end-to-end search time: 185042836 ns
Query: 256, nThreads: 64, warmup: 8
====================================================================================================
(ns)
Load index... Graph level 5..
Total end-to-end search time: 180801862 ns
Total end-to-end search time: 194286994 ns
Total end-to-end search time: 167468619 ns
Total end-to-end search time: 185899876 ns
Total end-to-end search time: 184633436 ns
Total end-to-end search time: 178809052 ns
Total end-to-end search time: 196532752 ns
Total end-to-end search time: 179079459 ns
Total end-to-end search time: 185948433 ns
Query: 256, nThreads: 64, warmup: 8
====================================================================================================
(ns)
Load index... Graph level 5..
Total end-to-end search time: 181038100 ns
Total end-to-end search time: 193888755 ns
Total end-to-end search time: 166191933 ns
Total end-to-end search time: 185029510 ns
Total end-to-end search time: 183773098 ns
Total end-to-end search time: 178440123 ns
Total end-to-end search time: 195267257 ns
Total end-to-end search time: 179135673 ns
Total end-to-end search time: 185244698 ns
Query: 256, nThreads: 64, warmup: 8
====================================================================================================
(ns)
Load index... Graph level 5..
Total end-to-end search time: 181371680 ns
Total end-to-end search time: 194523295 ns
Total end-to-end search time: 166408692 ns
Total end-to-end search time: 185925339 ns
Total end-to-end search time: 184092302 ns
Total end-to-end search time: 179097725 ns
Total end-to-end search time: 196535470 ns
Total end-to-end search time: 180132197 ns
Total end-to-end search time: 185922648 ns
Query: 256, nThreads: 64, warmup: 8
====================================================================================================
(ns)
Load index... Graph level 5..
Total end-to-end search time: 180650424 ns
Total end-to-end search time: 193741091 ns
Total end-to-end search time: 166226444 ns
Total end-to-end search time: 184887788 ns
Total end-to-end search time: 183606408 ns
Total end-to-end search time: 177928689 ns
Total end-to-end search time: 194897627 ns
Total end-to-end search time: 179673178 ns
Total end-to-end search time: 185621304 ns
Query: 256, nThreads: 64, warmup: 8
====================================================================================================
(ns)
Load index... Graph level 5..
Total end-to-end search time: 181991820 ns
Total end-to-end search time: 194281472 ns
Total end-to-end search time: 166394862 ns
Total end-to-end search time: 185882511 ns
Total end-to-end search time: 184295131 ns
Total end-to-end search time: 178816789 ns
Total end-to-end search time: 196874008 ns
Total end-to-end search time: 180236711 ns
Total end-to-end search time: 186349085 ns
