Query: 256, nThreads: 8, warmup: 8
====================================================================================================
(ns)
Load index... Graph level 5..
Total end-to-end search time: 95858109 ns
Total end-to-end search time: 101072853 ns
Total end-to-end search time: 86316740 ns
Total end-to-end search time: 96272928 ns
Total end-to-end search time: 95291374 ns
Total end-to-end search time: 92218825 ns
Total end-to-end search time: 100837953 ns
Total end-to-end search time: 92529423 ns
Total end-to-end search time: 96449377 ns
Query: 256, nThreads: 8, warmup: 8
====================================================================================================
(ns)
Load index... Graph level 5..
Total end-to-end search time: 96521475 ns
Total end-to-end search time: 100577766 ns
Total end-to-end search time: 86367773 ns
Total end-to-end search time: 95994180 ns
Total end-to-end search time: 95596011 ns
Total end-to-end search time: 92263236 ns
Total end-to-end search time: 101374627 ns
Total end-to-end search time: 93236603 ns
Total end-to-end search time: 96301351 ns
Query: 256, nThreads: 8, warmup: 8
====================================================================================================
(ns)
Load index... Graph level 5..
Total end-to-end search time: 95837186 ns
Total end-to-end search time: 100651772 ns
Total end-to-end search time: 86468789 ns
Total end-to-end search time: 95573647 ns
Total end-to-end search time: 95092413 ns
Total end-to-end search time: 92140307 ns
Total end-to-end search time: 101118074 ns
Total end-to-end search time: 92561110 ns
Total end-to-end search time: 96215894 ns
Query: 256, nThreads: 8, warmup: 8
====================================================================================================
(ns)
Load index... Graph level 5..
Total end-to-end search time: 96874924 ns
Total end-to-end search time: 100809210 ns
Total end-to-end search time: 86711395 ns
Total end-to-end search time: 96190956 ns
Total end-to-end search time: 95261049 ns
Total end-to-end search time: 92278297 ns
Total end-to-end search time: 101023349 ns
Total end-to-end search time: 92878800 ns
Total end-to-end search time: 96053069 ns
Query: 256, nThreads: 8, warmup: 8
====================================================================================================
(ns)
Load index... Graph level 5..
Total end-to-end search time: 95736867 ns
Total end-to-end search time: 100871879 ns
Total end-to-end search time: 86130245 ns
Total end-to-end search time: 96010190 ns
Total end-to-end search time: 95644951 ns
Total end-to-end search time: 92228051 ns
Total end-to-end search time: 101323496 ns
Total end-to-end search time: 92683389 ns
Total end-to-end search time: 95902030 ns
Query: 256, nThreads: 8, warmup: 8
====================================================================================================
(ns)
Load index... Graph level 5..
Total end-to-end search time: 96749908 ns
Total end-to-end search time: 100772741 ns
Total end-to-end search time: 86213777 ns
Total end-to-end search time: 95842640 ns
Total end-to-end search time: 95318749 ns
Total end-to-end search time: 92230779 ns
Total end-to-end search time: 101324533 ns
Total end-to-end search time: 92673564 ns
Total end-to-end search time: 95796297 ns
Query: 256, nThreads: 8, warmup: 8
====================================================================================================
(ns)
Load index... Graph level 5..
Total end-to-end search time: 95983394 ns
Total end-to-end search time: 100880340 ns
Total end-to-end search time: 86337973 ns
Total end-to-end search time: 95931503 ns
Total end-to-end search time: 96247528 ns
Total end-to-end search time: 92198730 ns
Total end-to-end search time: 100984010 ns
Total end-to-end search time: 92996096 ns
Total end-to-end search time: 95937919 ns
Query: 256, nThreads: 8, warmup: 8
====================================================================================================
(ns)
Load index... Graph level 5..
Total end-to-end search time: 96114145 ns
Total end-to-end search time: 100794905 ns
Total end-to-end search time: 86453497 ns
Total end-to-end search time: 96117132 ns
Total end-to-end search time: 95488556 ns
Total end-to-end search time: 92142647 ns
Total end-to-end search time: 100942237 ns
Total end-to-end search time: 92698840 ns
Total end-to-end search time: 96145891 ns
Query: 256, nThreads: 8, warmup: 8
====================================================================================================
(ns)
Load index... Graph level 5..
Total end-to-end search time: 95559904 ns
Total end-to-end search time: 100802938 ns
Total end-to-end search time: 86235517 ns
Total end-to-end search time: 95823119 ns
Total end-to-end search time: 94975768 ns
Total end-to-end search time: 92192908 ns
Total end-to-end search time: 101152655 ns
Total end-to-end search time: 92492678 ns
Total end-to-end search time: 96537719 ns
Query: 256, nThreads: 8, warmup: 8
====================================================================================================
(ns)
Load index... Graph level 5..
Total end-to-end search time: 95730535 ns
Total end-to-end search time: 100556202 ns
Total end-to-end search time: 86526843 ns
Total end-to-end search time: 95839676 ns
Total end-to-end search time: 95141957 ns
Total end-to-end search time: 92264161 ns
Total end-to-end search time: 101333866 ns
Total end-to-end search time: 92900705 ns
Total end-to-end search time: 96155661 ns
Query: 256, nThreads: 8, warmup: 8
====================================================================================================
(ns)
Load index... Graph level 5..
Total end-to-end search time: 96175986 ns
Total end-to-end search time: 101079858 ns
Total end-to-end search time: 86249418 ns
Total end-to-end search time: 96473408 ns
Total end-to-end search time: 95096064 ns
Total end-to-end search time: 92136228 ns
Total end-to-end search time: 101319708 ns
Total end-to-end search time: 92585205 ns
Total end-to-end search time: 95997834 ns
Query: 256, nThreads: 8, warmup: 8
====================================================================================================
(ns)
Load index... Graph level 5..
Total end-to-end search time: 96295490 ns
Total end-to-end search time: 101253365 ns
Total end-to-end search time: 86386540 ns
Total end-to-end search time: 96050709 ns
Total end-to-end search time: 95531210 ns
Total end-to-end search time: 92290584 ns
Total end-to-end search time: 101210524 ns
Total end-to-end search time: 92691651 ns
Total end-to-end search time: 96183195 ns
Query: 256, nThreads: 8, warmup: 8
====================================================================================================
(ns)
Load index... Graph level 5..
Total end-to-end search time: 96031481 ns
Total end-to-end search time: 100817380 ns
Total end-to-end search time: 86416514 ns
Total end-to-end search time: 95929903 ns
Total end-to-end search time: 95196083 ns
Total end-to-end search time: 92267435 ns
Total end-to-end search time: 101168637 ns
Total end-to-end search time: 92699607 ns
Total end-to-end search time: 95715836 ns
Query: 256, nThreads: 8, warmup: 8
====================================================================================================
(ns)
Load index... Graph level 5..
Total end-to-end search time: 95512825 ns
Total end-to-end search time: 100749739 ns
Total end-to-end search time: 86385647 ns
Total end-to-end search time: 96550773 ns
Total end-to-end search time: 95041499 ns
Total end-to-end search time: 92299710 ns
Total end-to-end search time: 101193741 ns
Total end-to-end search time: 92785817 ns
Total end-to-end search time: 95804228 ns
Query: 256, nThreads: 8, warmup: 8
====================================================================================================
(ns)
Load index... Graph level 5..
Total end-to-end search time: 96141889 ns
Total end-to-end search time: 100438377 ns
Total end-to-end search time: 86286362 ns
Total end-to-end search time: 95865012 ns
Total end-to-end search time: 95441187 ns
Total end-to-end search time: 92060208 ns
Total end-to-end search time: 101277298 ns
Total end-to-end search time: 92741315 ns
Total end-to-end search time: 95842395 ns
Query: 256, nThreads: 8, warmup: 8
====================================================================================================
(ns)
Load index... Graph level 5..
Total end-to-end search time: 96148440 ns
Total end-to-end search time: 101020233 ns
Total end-to-end search time: 86474893 ns
Total end-to-end search time: 95844414 ns
Total end-to-end search time: 95145535 ns
Total end-to-end search time: 92327330 ns
Total end-to-end search time: 100796029 ns
Total end-to-end search time: 92680133 ns
Total end-to-end search time: 96251414 ns
Query: 256, nThreads: 8, warmup: 8
====================================================================================================
(ns)
Load index... Graph level 5..
Total end-to-end search time: 95777795 ns
Total end-to-end search time: 100517292 ns
Total end-to-end search time: 86400613 ns
Total end-to-end search time: 96422544 ns
Total end-to-end search time: 95682782 ns
Total end-to-end search time: 92455799 ns
Total end-to-end search time: 100841192 ns
Total end-to-end search time: 93093852 ns
Total end-to-end search time: 96365812 ns
Query: 256, nThreads: 8, warmup: 8
====================================================================================================
(ns)
Load index... Graph level 5..
Total end-to-end search time: 96132316 ns
Total end-to-end search time: 100392819 ns
Total end-to-end search time: 86744758 ns
Total end-to-end search time: 95814674 ns
Total end-to-end search time: 95507605 ns
Total end-to-end search time: 92155906 ns
Total end-to-end search time: 101318469 ns
Total end-to-end search time: 92591019 ns
Total end-to-end search time: 96086325 ns
Query: 256, nThreads: 8, warmup: 8
====================================================================================================
(ns)
Load index... Graph level 5..
Total end-to-end search time: 95972049 ns
Total end-to-end search time: 100486855 ns
Total end-to-end search time: 86250933 ns
Total end-to-end search time: 95874697 ns
Total end-to-end search time: 95045042 ns
Total end-to-end search time: 92120313 ns
Total end-to-end search time: 101354829 ns
Total end-to-end search time: 93198295 ns
Total end-to-end search time: 95776230 ns
Query: 256, nThreads: 8, warmup: 8
====================================================================================================
(ns)
Load index... Graph level 5..
Total end-to-end search time: 95871047 ns
Total end-to-end search time: 100746817 ns
Total end-to-end search time: 86615402 ns
Total end-to-end search time: 96404503 ns
Total end-to-end search time: 95223390 ns
Total end-to-end search time: 92481310 ns
Total end-to-end search time: 101204769 ns
Total end-to-end search time: 92674901 ns
Total end-to-end search time: 96057600 ns
Query: 256, nThreads: 8, warmup: 8
====================================================================================================
(ns)
Load index... Graph level 5..
Total end-to-end search time: 95909340 ns
Total end-to-end search time: 100568139 ns
Total end-to-end search time: 86331234 ns
Total end-to-end search time: 96262465 ns
Total end-to-end search time: 95330786 ns
Total end-to-end search time: 92280142 ns
Total end-to-end search time: 101231479 ns
Total end-to-end search time: 92571102 ns
Total end-to-end search time: 96257670 ns
Query: 256, nThreads: 8, warmup: 8
====================================================================================================
(ns)
Load index... Graph level 5..
Total end-to-end search time: 96159473 ns
Total end-to-end search time: 100705955 ns
Total end-to-end search time: 86359960 ns
Total end-to-end search time: 95832022 ns
Total end-to-end search time: 95224413 ns
Total end-to-end search time: 92535708 ns
Total end-to-end search time: 100903493 ns
Total end-to-end search time: 92481456 ns
Total end-to-end search time: 95930252 ns
Query: 256, nThreads: 8, warmup: 8
====================================================================================================
(ns)
Load index... Graph level 5..
Total end-to-end search time: 95810134 ns
Total end-to-end search time: 100500943 ns
Total end-to-end search time: 86298835 ns
Total end-to-end search time: 96119146 ns
Total end-to-end search time: 95340836 ns
Total end-to-end search time: 92640791 ns
Total end-to-end search time: 101084255 ns
Total end-to-end search time: 92763370 ns
Total end-to-end search time: 95938884 ns
Query: 256, nThreads: 8, warmup: 8
====================================================================================================
(ns)
Load index... Graph level 5..
Total end-to-end search time: 96396299 ns
Total end-to-end search time: 101018085 ns
Total end-to-end search time: 86357828 ns
Total end-to-end search time: 96098716 ns
Total end-to-end search time: 95312876 ns
Total end-to-end search time: 92325789 ns
Total end-to-end search time: 101143251 ns
Total end-to-end search time: 93136271 ns
Total end-to-end search time: 95867737 ns
Query: 256, nThreads: 8, warmup: 8
====================================================================================================
(ns)
Load index... Graph level 5..
Total end-to-end search time: 96236966 ns
Total end-to-end search time: 100873440 ns
Total end-to-end search time: 86371696 ns
Total end-to-end search time: 95828783 ns
Total end-to-end search time: 95729751 ns
Total end-to-end search time: 92126104 ns
Total end-to-end search time: 101376999 ns
Total end-to-end search time: 92673747 ns
Total end-to-end search time: 95981685 ns
Query: 256, nThreads: 8, warmup: 8
====================================================================================================
(ns)
Load index... Graph level 5..
Total end-to-end search time: 95782354 ns
Total end-to-end search time: 100747456 ns
Total end-to-end search time: 86358762 ns
Total end-to-end search time: 95691890 ns
Total end-to-end search time: 95117425 ns
Total end-to-end search time: 92492578 ns
Total end-to-end search time: 100916451 ns
Total end-to-end search time: 92386922 ns
Total end-to-end search time: 95961589 ns
Query: 256, nThreads: 8, warmup: 8
====================================================================================================
(ns)
Load index... Graph level 5..
Total end-to-end search time: 96194685 ns
Total end-to-end search time: 100644261 ns
Total end-to-end search time: 86801097 ns
Total end-to-end search time: 96391809 ns
Total end-to-end search time: 95465395 ns
Total end-to-end search time: 92192138 ns
Total end-to-end search time: 101256795 ns
Total end-to-end search time: 92749727 ns
Total end-to-end search time: 95979568 ns
Query: 256, nThreads: 8, warmup: 8
====================================================================================================
(ns)
Load index... Graph level 5..
Total end-to-end search time: 95692965 ns
Total end-to-end search time: 100571302 ns
Total end-to-end search time: 86483574 ns
Total end-to-end search time: 96195752 ns
Total end-to-end search time: 95576474 ns
Total end-to-end search time: 92836031 ns
Total end-to-end search time: 100978855 ns
Total end-to-end search time: 92741328 ns
Total end-to-end search time: 95974446 ns
Query: 256, nThreads: 8, warmup: 8
====================================================================================================
(ns)
Load index... Graph level 5..
Total end-to-end search time: 96048491 ns
Total end-to-end search time: 100802817 ns
Total end-to-end search time: 86736584 ns
Total end-to-end search time: 96353488 ns
Total end-to-end search time: 95411797 ns
Total end-to-end search time: 92360371 ns
Total end-to-end search time: 101113744 ns
Total end-to-end search time: 92887444 ns
Total end-to-end search time: 96217155 ns
Query: 256, nThreads: 8, warmup: 8
====================================================================================================
(ns)
Load index... Graph level 5..
Total end-to-end search time: 96154266 ns
Total end-to-end search time: 100920996 ns
Total end-to-end search time: 86395650 ns
Total end-to-end search time: 96212114 ns
Total end-to-end search time: 95023644 ns
Total end-to-end search time: 92160137 ns
Total end-to-end search time: 101243279 ns
Total end-to-end search time: 92601895 ns
Total end-to-end search time: 96307915 ns
