Query: 64, nThreads: 1, warmup: 16
====================================================================================================
(ns)
Load index... Graph level 5..
Total end-to-end search time: 46742272 ns
Total end-to-end search time: 39515635 ns
Total end-to-end search time: 46281856 ns
Total end-to-end search time: 48312289 ns
Total end-to-end search time: 50122667 ns
Total end-to-end search time: 49901067 ns
Total end-to-end search time: 50092676 ns
Total end-to-end search time: 43122925 ns
Total end-to-end search time: 44973783 ns
Total end-to-end search time: 39542941 ns
Total end-to-end search time: 36989328 ns
Total end-to-end search time: 44082688 ns
Total end-to-end search time: 41376764 ns
Total end-to-end search time: 48227624 ns
Total end-to-end search time: 48990498 ns
Total end-to-end search time: 46301737 ns
Total end-to-end search time: 45956654 ns
Query: 64, nThreads: 1, warmup: 16
====================================================================================================
(ns)
Load index... Graph level 5..
Total end-to-end search time: 46689856 ns
Total end-to-end search time: 39593414 ns
Total end-to-end search time: 46403252 ns
Total end-to-end search time: 48553809 ns
Total end-to-end search time: 50430536 ns
Total end-to-end search time: 50096326 ns
Total end-to-end search time: 50296969 ns
Total end-to-end search time: 43570916 ns
Total end-to-end search time: 45341489 ns
Total end-to-end search time: 39682444 ns
Total end-to-end search time: 37023851 ns
Total end-to-end search time: 44603410 ns
Total end-to-end search time: 41631093 ns
Total end-to-end search time: 48641007 ns
Total end-to-end search time: 49612654 ns
Total end-to-end search time: 46451798 ns
Total end-to-end search time: 46344032 ns
Query: 64, nThreads: 1, warmup: 16
====================================================================================================
(ns)
Load index... Graph level 5..
Total end-to-end search time: 46658578 ns
Total end-to-end search time: 39568175 ns
Total end-to-end search time: 46451254 ns
Total end-to-end search time: 48340827 ns
Total end-to-end search time: 50784238 ns
Total end-to-end search time: 50358554 ns
Total end-to-end search time: 50492148 ns
Total end-to-end search time: 43496792 ns
Total end-to-end search time: 45425558 ns
Total end-to-end search time: 39808559 ns
Total end-to-end search time: 37365270 ns
Total end-to-end search time: 44473985 ns
Total end-to-end search time: 41673058 ns
Total end-to-end search time: 48533889 ns
Total end-to-end search time: 49461682 ns
Total end-to-end search time: 46450129 ns
Total end-to-end search time: 46283489 ns
Query: 64, nThreads: 1, warmup: 16
====================================================================================================
(ns)
Load index... Graph level 5..
Total end-to-end search time: 46513154 ns
Total end-to-end search time: 39590555 ns
Total end-to-end search time: 46296605 ns
Total end-to-end search time: 48320900 ns
Total end-to-end search time: 50260137 ns
Total end-to-end search time: 49921637 ns
Total end-to-end search time: 49945331 ns
Total end-to-end search time: 43077632 ns
Total end-to-end search time: 44950144 ns
Total end-to-end search time: 39593571 ns
Total end-to-end search time: 36858977 ns
Total end-to-end search time: 44378137 ns
Total end-to-end search time: 41479961 ns
Total end-to-end search time: 48268970 ns
Total end-to-end search time: 49149088 ns
Total end-to-end search time: 46206309 ns
Total end-to-end search time: 45813314 ns
Query: 64, nThreads: 1, warmup: 16
====================================================================================================
(ns)
Load index... Graph level 5..
Total end-to-end search time: 46406178 ns
Total end-to-end search time: 39609076 ns
Total end-to-end search time: 46636150 ns
Total end-to-end search time: 48717426 ns
Total end-to-end search time: 50556652 ns
Total end-to-end search time: 50365012 ns
Total end-to-end search time: 50743699 ns
Total end-to-end search time: 43307012 ns
Total end-to-end search time: 45242028 ns
Total end-to-end search time: 39713037 ns
Total end-to-end search time: 37119499 ns
Total end-to-end search time: 44416830 ns
Total end-to-end search time: 41650145 ns
Total end-to-end search time: 48489210 ns
Total end-to-end search time: 49465439 ns
Total end-to-end search time: 46136211 ns
Total end-to-end search time: 45924347 ns
Query: 64, nThreads: 1, warmup: 16
====================================================================================================
(ns)
Load index... Graph level 5..
Total end-to-end search time: 46543995 ns
Total end-to-end search time: 39450554 ns
Total end-to-end search time: 46268040 ns
Total end-to-end search time: 48405501 ns
Total end-to-end search time: 50274129 ns
Total end-to-end search time: 49859415 ns
Total end-to-end search time: 50018498 ns
Total end-to-end search time: 43065689 ns
Total end-to-end search time: 44981677 ns
Total end-to-end search time: 39448997 ns
Total end-to-end search time: 36891943 ns
Total end-to-end search time: 44089796 ns
Total end-to-end search time: 41284520 ns
Total end-to-end search time: 48170414 ns
Total end-to-end search time: 48976835 ns
Total end-to-end search time: 45964085 ns
Total end-to-end search time: 45747526 ns
Query: 64, nThreads: 1, warmup: 16
====================================================================================================
(ns)
Load index... Graph level 5..
Total end-to-end search time: 46424948 ns
Total end-to-end search time: 39474732 ns
Total end-to-end search time: 46417597 ns
Total end-to-end search time: 48343247 ns
Total end-to-end search time: 50282850 ns
Total end-to-end search time: 50192684 ns
Total end-to-end search time: 50294191 ns
Total end-to-end search time: 43352722 ns
Total end-to-end search time: 45341115 ns
Total end-to-end search time: 39866322 ns
Total end-to-end search time: 37222034 ns
Total end-to-end search time: 44415100 ns
Total end-to-end search time: 41391603 ns
Total end-to-end search time: 48590982 ns
Total end-to-end search time: 49423997 ns
Total end-to-end search time: 46425523 ns
Total end-to-end search time: 46302618 ns
Query: 64, nThreads: 1, warmup: 16
====================================================================================================
(ns)
Load index... Graph level 5..
Total end-to-end search time: 46566115 ns
Total end-to-end search time: 39497203 ns
Total end-to-end search time: 46223202 ns
Total end-to-end search time: 48428457 ns
Total end-to-end search time: 50339411 ns
Total end-to-end search time: 49809762 ns
Total end-to-end search time: 50082820 ns
Total end-to-end search time: 43271333 ns
Total end-to-end search time: 45001940 ns
Total end-to-end search time: 39509803 ns
Total end-to-end search time: 36960054 ns
Total end-to-end search time: 44151397 ns
Total end-to-end search time: 41642571 ns
Total end-to-end search time: 48458664 ns
Total end-to-end search time: 49057185 ns
Total end-to-end search time: 45888241 ns
Total end-to-end search time: 46012935 ns
Query: 64, nThreads: 1, warmup: 16
====================================================================================================
(ns)
Load index... Graph level 5..
Total end-to-end search time: 46563667 ns
Total end-to-end search time: 39476044 ns
Total end-to-end search time: 46315685 ns
Total end-to-end search time: 48374333 ns
Total end-to-end search time: 50209726 ns
Total end-to-end search time: 49992902 ns
Total end-to-end search time: 50060018 ns
Total end-to-end search time: 43063931 ns
Total end-to-end search time: 45069390 ns
Total end-to-end search time: 39552859 ns
Total end-to-end search time: 36957522 ns
Total end-to-end search time: 44244127 ns
Total end-to-end search time: 41296823 ns
Total end-to-end search time: 48238908 ns
Total end-to-end search time: 49035223 ns
Total end-to-end search time: 46055384 ns
Total end-to-end search time: 46383383 ns
Query: 64, nThreads: 1, warmup: 16
====================================================================================================
(ns)
Load index... Graph level 5..
Total end-to-end search time: 47043068 ns
Total end-to-end search time: 39625736 ns
Total end-to-end search time: 46484798 ns
Total end-to-end search time: 48538056 ns
Total end-to-end search time: 50485371 ns
Total end-to-end search time: 50320293 ns
Total end-to-end search time: 50434748 ns
Total end-to-end search time: 43423497 ns
Total end-to-end search time: 45245439 ns
Total end-to-end search time: 39631023 ns
Total end-to-end search time: 37097491 ns
Total end-to-end search time: 44354485 ns
Total end-to-end search time: 41649969 ns
Total end-to-end search time: 48751996 ns
Total end-to-end search time: 49336538 ns
Total end-to-end search time: 46371804 ns
Total end-to-end search time: 46301594 ns
Query: 64, nThreads: 1, warmup: 16
====================================================================================================
(ns)
Load index... Graph level 5..
Total end-to-end search time: 46533206 ns
Total end-to-end search time: 39515285 ns
Total end-to-end search time: 46325436 ns
Total end-to-end search time: 48471308 ns
Total end-to-end search time: 50271198 ns
Total end-to-end search time: 50067431 ns
Total end-to-end search time: 50116814 ns
Total end-to-end search time: 43151594 ns
Total end-to-end search time: 44976308 ns
Total end-to-end search time: 39588658 ns
Total end-to-end search time: 36921211 ns
Total end-to-end search time: 44152279 ns
Total end-to-end search time: 41463195 ns
Total end-to-end search time: 48256248 ns
Total end-to-end search time: 49234921 ns
Total end-to-end search time: 46070553 ns
Total end-to-end search time: 45840198 ns
Query: 64, nThreads: 1, warmup: 16
====================================================================================================
(ns)
Load index... Graph level 5..
Total end-to-end search time: 46491406 ns
Total end-to-end search time: 39543743 ns
Total end-to-end search time: 46317624 ns
Total end-to-end search time: 48351132 ns
Total end-to-end search time: 50185205 ns
Total end-to-end search time: 50060085 ns
Total end-to-end search time: 50170300 ns
Total end-to-end search time: 43143288 ns
Total end-to-end search time: 45047858 ns
Total end-to-end search time: 39574516 ns
Total end-to-end search time: 36803193 ns
Total end-to-end search time: 44197874 ns
Total end-to-end search time: 41657775 ns
Total end-to-end search time: 48611501 ns
Total end-to-end search time: 49299504 ns
Total end-to-end search time: 46150803 ns
Total end-to-end search time: 46006151 ns
Query: 64, nThreads: 1, warmup: 16
====================================================================================================
(ns)
Load index... Graph level 5..
Total end-to-end search time: 46592056 ns
Total end-to-end search time: 39859156 ns
Total end-to-end search time: 46487569 ns
Total end-to-end search time: 48521528 ns
Total end-to-end search time: 50402702 ns
Total end-to-end search time: 50242723 ns
Total end-to-end search time: 50622088 ns
Total end-to-end search time: 43342231 ns
Total end-to-end search time: 45216797 ns
Total end-to-end search time: 39910216 ns
Total end-to-end search time: 37121027 ns
Total end-to-end search time: 44560465 ns
Total end-to-end search time: 41601573 ns
Total end-to-end search time: 48541234 ns
Total end-to-end search time: 49343175 ns
Total end-to-end search time: 46330280 ns
Total end-to-end search time: 45916439 ns
Query: 64, nThreads: 1, warmup: 16
====================================================================================================
(ns)
Load index... Graph level 5..
Total end-to-end search time: 46809284 ns
Total end-to-end search time: 39633492 ns
Total end-to-end search time: 46580585 ns
Total end-to-end search time: 48563529 ns
Total end-to-end search time: 50544250 ns
Total end-to-end search time: 50212539 ns
Total end-to-end search time: 50219360 ns
Total end-to-end search time: 43219120 ns
Total end-to-end search time: 45054831 ns
Total end-to-end search time: 39541383 ns
Total end-to-end search time: 37024035 ns
Total end-to-end search time: 44240175 ns
Total end-to-end search time: 41603593 ns
Total end-to-end search time: 48284846 ns
Total end-to-end search time: 49072565 ns
Total end-to-end search time: 46139648 ns
Total end-to-end search time: 45905681 ns
Query: 64, nThreads: 1, warmup: 16
====================================================================================================
(ns)
Load index... Graph level 5..
Total end-to-end search time: 46414925 ns
Total end-to-end search time: 39493439 ns
Total end-to-end search time: 46220888 ns
Total end-to-end search time: 48259359 ns
Total end-to-end search time: 50205574 ns
Total end-to-end search time: 49815407 ns
Total end-to-end search time: 49970138 ns
Total end-to-end search time: 43012363 ns
Total end-to-end search time: 44969882 ns
Total end-to-end search time: 39428266 ns
Total end-to-end search time: 36864894 ns
Total end-to-end search time: 44070108 ns
Total end-to-end search time: 41358684 ns
Total end-to-end search time: 48278656 ns
Total end-to-end search time: 49423798 ns
Total end-to-end search time: 46259625 ns
Total end-to-end search time: 45942923 ns
Query: 64, nThreads: 1, warmup: 16
====================================================================================================
(ns)
Load index... Graph level 5..
Total end-to-end search time: 46478525 ns
Total end-to-end search time: 39455893 ns
Total end-to-end search time: 46299399 ns
Total end-to-end search time: 48418368 ns
Total end-to-end search time: 50110138 ns
Total end-to-end search time: 50053413 ns
Total end-to-end search time: 50027378 ns
Total end-to-end search time: 43137942 ns
Total end-to-end search time: 45090230 ns
Total end-to-end search time: 39866490 ns
Total end-to-end search time: 37141090 ns
Total end-to-end search time: 44258548 ns
Total end-to-end search time: 41701301 ns
Total end-to-end search time: 48568130 ns
Total end-to-end search time: 49323580 ns
Total end-to-end search time: 46227413 ns
Total end-to-end search time: 45948773 ns
Query: 64, nThreads: 1, warmup: 16
====================================================================================================
(ns)
Load index... Graph level 5..
Total end-to-end search time: 46561323 ns
Total end-to-end search time: 39545892 ns
Total end-to-end search time: 46329222 ns
Total end-to-end search time: 48292710 ns
Total end-to-end search time: 50200745 ns
Total end-to-end search time: 49951086 ns
Total end-to-end search time: 50401567 ns
Total end-to-end search time: 43457839 ns
Total end-to-end search time: 45033628 ns
Total end-to-end search time: 39628410 ns
Total end-to-end search time: 36966100 ns
Total end-to-end search time: 44195380 ns
Total end-to-end search time: 41602266 ns
Total end-to-end search time: 48376792 ns
Total end-to-end search time: 49203416 ns
Total end-to-end search time: 46074311 ns
Total end-to-end search time: 45853957 ns
Query: 64, nThreads: 1, warmup: 16
====================================================================================================
(ns)
Load index... Graph level 5..
Total end-to-end search time: 46851735 ns
Total end-to-end search time: 39803813 ns
Total end-to-end search time: 46602032 ns
Total end-to-end search time: 48620475 ns
Total end-to-end search time: 50544519 ns
Total end-to-end search time: 50165543 ns
Total end-to-end search time: 50212468 ns
Total end-to-end search time: 43349151 ns
Total end-to-end search time: 45279612 ns
Total end-to-end search time: 39876609 ns
Total end-to-end search time: 37033893 ns
Total end-to-end search time: 44418069 ns
Total end-to-end search time: 41532966 ns
Total end-to-end search time: 48493793 ns
Total end-to-end search time: 49364889 ns
Total end-to-end search time: 46251779 ns
Total end-to-end search time: 45988598 ns
Query: 64, nThreads: 1, warmup: 16
====================================================================================================
(ns)
Load index... Graph level 5..
Total end-to-end search time: 46762265 ns
Total end-to-end search time: 39680069 ns
Total end-to-end search time: 46405372 ns
Total end-to-end search time: 48654684 ns
Total end-to-end search time: 50620700 ns
Total end-to-end search time: 50480830 ns
Total end-to-end search time: 50050212 ns
Total end-to-end search time: 43239954 ns
Total end-to-end search time: 45160637 ns
Total end-to-end search time: 39616805 ns
Total end-to-end search time: 37000610 ns
Total end-to-end search time: 44387025 ns
Total end-to-end search time: 41390891 ns
Total end-to-end search time: 48292592 ns
Total end-to-end search time: 49170210 ns
Total end-to-end search time: 45975825 ns
Total end-to-end search time: 45820235 ns
Query: 64, nThreads: 1, warmup: 16
====================================================================================================
(ns)
Load index... Graph level 5..
Total end-to-end search time: 46518014 ns
Total end-to-end search time: 39581090 ns
Total end-to-end search time: 46508005 ns
Total end-to-end search time: 48571446 ns
Total end-to-end search time: 50447582 ns
Total end-to-end search time: 50115262 ns
Total end-to-end search time: 50014498 ns
Total end-to-end search time: 43171694 ns
Total end-to-end search time: 45357483 ns
Total end-to-end search time: 39743560 ns
Total end-to-end search time: 37115980 ns
Total end-to-end search time: 44257606 ns
Total end-to-end search time: 41344739 ns
Total end-to-end search time: 48248100 ns
Total end-to-end search time: 49023677 ns
Total end-to-end search time: 46260839 ns
Total end-to-end search time: 46009891 ns
Query: 64, nThreads: 1, warmup: 16
====================================================================================================
(ns)
Load index... Graph level 5..
Total end-to-end search time: 46588983 ns
Total end-to-end search time: 39789473 ns
Total end-to-end search time: 46743258 ns
Total end-to-end search time: 48573081 ns
Total end-to-end search time: 50350742 ns
Total end-to-end search time: 50137217 ns
Total end-to-end search time: 50378895 ns
Total end-to-end search time: 43512808 ns
Total end-to-end search time: 45586706 ns
Total end-to-end search time: 39823135 ns
Total end-to-end search time: 37221963 ns
Total end-to-end search time: 44533996 ns
Total end-to-end search time: 41626494 ns
Total end-to-end search time: 48383426 ns
Total end-to-end search time: 49398792 ns
Total end-to-end search time: 46241534 ns
Total end-to-end search time: 46018215 ns
Query: 64, nThreads: 1, warmup: 16
====================================================================================================
(ns)
Load index... Graph level 5..
Total end-to-end search time: 46547021 ns
Total end-to-end search time: 39557285 ns
Total end-to-end search time: 46605955 ns
Total end-to-end search time: 48613910 ns
Total end-to-end search time: 50467277 ns
Total end-to-end search time: 49987668 ns
Total end-to-end search time: 50152011 ns
Total end-to-end search time: 43232246 ns
Total end-to-end search time: 45037206 ns
Total end-to-end search time: 39540677 ns
Total end-to-end search time: 36974204 ns
Total end-to-end search time: 44313273 ns
Total end-to-end search time: 41475464 ns
Total end-to-end search time: 48296927 ns
Total end-to-end search time: 49305498 ns
Total end-to-end search time: 46084844 ns
Total end-to-end search time: 45887903 ns
Query: 64, nThreads: 1, warmup: 16
====================================================================================================
(ns)
Load index... Graph level 5..
Total end-to-end search time: 46728666 ns
Total end-to-end search time: 39707860 ns
Total end-to-end search time: 46582208 ns
Total end-to-end search time: 48435945 ns
Total end-to-end search time: 50136866 ns
Total end-to-end search time: 49952619 ns
Total end-to-end search time: 50296840 ns
Total end-to-end search time: 43348618 ns
Total end-to-end search time: 45087638 ns
Total end-to-end search time: 39559668 ns
Total end-to-end search time: 37218251 ns
Total end-to-end search time: 44306145 ns
Total end-to-end search time: 41488701 ns
Total end-to-end search time: 48211480 ns
Total end-to-end search time: 49233501 ns
Total end-to-end search time: 46122089 ns
Total end-to-end search time: 45849130 ns
Query: 64, nThreads: 1, warmup: 16
====================================================================================================
(ns)
Load index... Graph level 5..
Total end-to-end search time: 46913643 ns
Total end-to-end search time: 39718979 ns
Total end-to-end search time: 46430972 ns
Total end-to-end search time: 48698622 ns
Total end-to-end search time: 50537339 ns
Total end-to-end search time: 50061217 ns
Total end-to-end search time: 50208750 ns
Total end-to-end search time: 43143248 ns
Total end-to-end search time: 45091362 ns
Total end-to-end search time: 39627853 ns
Total end-to-end search time: 37137336 ns
Total end-to-end search time: 44266408 ns
Total end-to-end search time: 41435865 ns
Total end-to-end search time: 48306464 ns
Total end-to-end search time: 49236997 ns
Total end-to-end search time: 46339454 ns
Total end-to-end search time: 45817503 ns
Query: 64, nThreads: 1, warmup: 16
====================================================================================================
(ns)
Load index... Graph level 5..
Total end-to-end search time: 46666826 ns
Total end-to-end search time: 39769148 ns
Total end-to-end search time: 46330089 ns
Total end-to-end search time: 48346660 ns
Total end-to-end search time: 50198946 ns
Total end-to-end search time: 49889544 ns
Total end-to-end search time: 50083488 ns
Total end-to-end search time: 43160500 ns
Total end-to-end search time: 45024185 ns
Total end-to-end search time: 39638435 ns
Total end-to-end search time: 36989035 ns
Total end-to-end search time: 44164557 ns
Total end-to-end search time: 41377459 ns
Total end-to-end search time: 48397189 ns
Total end-to-end search time: 49150091 ns
Total end-to-end search time: 46152190 ns
Total end-to-end search time: 46089372 ns
Query: 64, nThreads: 1, warmup: 16
====================================================================================================
(ns)
Load index... Graph level 5..
Total end-to-end search time: 46362028 ns
Total end-to-end search time: 39558313 ns
Total end-to-end search time: 46376641 ns
Total end-to-end search time: 48352617 ns
Total end-to-end search time: 50169431 ns
Total end-to-end search time: 50293011 ns
Total end-to-end search time: 50291004 ns
Total end-to-end search time: 43357559 ns
Total end-to-end search time: 45406014 ns
Total end-to-end search time: 39661625 ns
Total end-to-end search time: 37088435 ns
Total end-to-end search time: 44527746 ns
Total end-to-end search time: 41753014 ns
Total end-to-end search time: 48795580 ns
Total end-to-end search time: 49418483 ns
Total end-to-end search time: 46209011 ns
Total end-to-end search time: 46112319 ns
Query: 64, nThreads: 1, warmup: 16
====================================================================================================
(ns)
Load index... Graph level 5..
Total end-to-end search time: 46514170 ns
Total end-to-end search time: 39449036 ns
Total end-to-end search time: 46222452 ns
Total end-to-end search time: 48239909 ns
Total end-to-end search time: 50126709 ns
Total end-to-end search time: 49784511 ns
Total end-to-end search time: 49981799 ns
Total end-to-end search time: 43283636 ns
Total end-to-end search time: 45215782 ns
Total end-to-end search time: 39536289 ns
Total end-to-end search time: 36972030 ns
Total end-to-end search time: 44229464 ns
Total end-to-end search time: 41318239 ns
Total end-to-end search time: 48186493 ns
Total end-to-end search time: 49176578 ns
Total end-to-end search time: 46143972 ns
Total end-to-end search time: 45938794 ns
Query: 64, nThreads: 1, warmup: 16
====================================================================================================
(ns)
Load index... Graph level 5..
Total end-to-end search time: 46893788 ns
Total end-to-end search time: 39540452 ns
Total end-to-end search time: 46635205 ns
Total end-to-end search time: 48554102 ns
Total end-to-end search time: 50586985 ns
Total end-to-end search time: 50136984 ns
Total end-to-end search time: 50337963 ns
Total end-to-end search time: 43328770 ns
Total end-to-end search time: 45287425 ns
Total end-to-end search time: 39711343 ns
Total end-to-end search time: 37202086 ns
Total end-to-end search time: 44392456 ns
Total end-to-end search time: 41531200 ns
Total end-to-end search time: 48457778 ns
Total end-to-end search time: 49284091 ns
Total end-to-end search time: 46215969 ns
Total end-to-end search time: 45980030 ns
Query: 64, nThreads: 1, warmup: 16
====================================================================================================
(ns)
Load index... Graph level 5..
Total end-to-end search time: 46854707 ns
Total end-to-end search time: 39573513 ns
Total end-to-end search time: 46395400 ns
Total end-to-end search time: 48523206 ns
Total end-to-end search time: 50252228 ns
Total end-to-end search time: 50066585 ns
Total end-to-end search time: 50354254 ns
Total end-to-end search time: 43325711 ns
Total end-to-end search time: 45421808 ns
Total end-to-end search time: 39823562 ns
Total end-to-end search time: 37221682 ns
Total end-to-end search time: 44493664 ns
Total end-to-end search time: 41592647 ns
Total end-to-end search time: 48585185 ns
Total end-to-end search time: 49402070 ns
Total end-to-end search time: 46433977 ns
Total end-to-end search time: 45981240 ns
Query: 64, nThreads: 1, warmup: 16
====================================================================================================
(ns)
Load index... Graph level 5..
Total end-to-end search time: 46803114 ns
Total end-to-end search time: 39774893 ns
Total end-to-end search time: 46338143 ns
Total end-to-end search time: 48352422 ns
Total end-to-end search time: 50238023 ns
Total end-to-end search time: 50144234 ns
Total end-to-end search time: 50132401 ns
Total end-to-end search time: 43170719 ns
Total end-to-end search time: 45089070 ns
Total end-to-end search time: 39632155 ns
Total end-to-end search time: 37061711 ns
Total end-to-end search time: 44301149 ns
Total end-to-end search time: 41517586 ns
Total end-to-end search time: 48428019 ns
Total end-to-end search time: 49224100 ns
Total end-to-end search time: 46306089 ns
Total end-to-end search time: 45986908 ns
