Query: 64, nThreads: 64, warmup: 16
====================================================================================================
(ns)
Load index... Graph level 5..
Total end-to-end search time: 46666022 ns
Total end-to-end search time: 39673198 ns
Total end-to-end search time: 46581244 ns
Total end-to-end search time: 48654026 ns
Total end-to-end search time: 50379189 ns
Total end-to-end search time: 50175635 ns
Total end-to-end search time: 50347904 ns
Total end-to-end search time: 43383217 ns
Total end-to-end search time: 45497026 ns
Total end-to-end search time: 39868783 ns
Total end-to-end search time: 37099541 ns
Total end-to-end search time: 44518059 ns
Total end-to-end search time: 41845541 ns
Total end-to-end search time: 48561881 ns
Total end-to-end search time: 49337626 ns
Total end-to-end search time: 46247058 ns
Total end-to-end search time: 46054223 ns
Query: 64, nThreads: 64, warmup: 16
====================================================================================================
(ns)
Load index... Graph level 5..
Total end-to-end search time: 46883071 ns
Total end-to-end search time: 39591790 ns
Total end-to-end search time: 46372241 ns
Total end-to-end search time: 48493046 ns
Total end-to-end search time: 50143571 ns
Total end-to-end search time: 49903202 ns
Total end-to-end search time: 50099011 ns
Total end-to-end search time: 43294733 ns
Total end-to-end search time: 45179566 ns
Total end-to-end search time: 39709742 ns
Total end-to-end search time: 36927345 ns
Total end-to-end search time: 44302513 ns
Total end-to-end search time: 41655280 ns
Total end-to-end search time: 48665277 ns
Total end-to-end search time: 49102358 ns
Total end-to-end search time: 46111268 ns
Total end-to-end search time: 45858088 ns
Query: 64, nThreads: 64, warmup: 16
====================================================================================================
(ns)
Load index... Graph level 5..
Total end-to-end search time: 46377905 ns
Total end-to-end search time: 39404711 ns
Total end-to-end search time: 46354706 ns
Total end-to-end search time: 48326161 ns
Total end-to-end search time: 50149291 ns
Total end-to-end search time: 50045745 ns
Total end-to-end search time: 50036506 ns
Total end-to-end search time: 43113200 ns
Total end-to-end search time: 45296572 ns
Total end-to-end search time: 39520475 ns
Total end-to-end search time: 36933066 ns
Total end-to-end search time: 44245258 ns
Total end-to-end search time: 41481971 ns
Total end-to-end search time: 48193102 ns
Total end-to-end search time: 49036467 ns
Total end-to-end search time: 46283250 ns
Total end-to-end search time: 46341821 ns
Query: 64, nThreads: 64, warmup: 16
====================================================================================================
(ns)
Load index... Graph level 5..
Total end-to-end search time: 46473776 ns
Total end-to-end search time: 39468659 ns
Total end-to-end search time: 46366347 ns
Total end-to-end search time: 48339744 ns
Total end-to-end search time: 50139728 ns
Total end-to-end search time: 49860947 ns
Total end-to-end search time: 50112693 ns
Total end-to-end search time: 43171942 ns
Total end-to-end search time: 44978239 ns
Total end-to-end search time: 40156826 ns
Total end-to-end search time: 37111764 ns
Total end-to-end search time: 44340247 ns
Total end-to-end search time: 41523712 ns
Total end-to-end search time: 48531179 ns
Total end-to-end search time: 49272049 ns
Total end-to-end search time: 46136789 ns
Total end-to-end search time: 46083059 ns
Query: 64, nThreads: 64, warmup: 16
====================================================================================================
(ns)
Load index... Graph level 5..
Total end-to-end search time: 46782217 ns
Total end-to-end search time: 39594036 ns
Total end-to-end search time: 46500045 ns
Total end-to-end search time: 48514045 ns
Total end-to-end search time: 50014254 ns
Total end-to-end search time: 49788000 ns
Total end-to-end search time: 50053127 ns
Total end-to-end search time: 43046412 ns
Total end-to-end search time: 44886450 ns
Total end-to-end search time: 39508297 ns
Total end-to-end search time: 36888787 ns
Total end-to-end search time: 44135078 ns
Total end-to-end search time: 41326142 ns
Total end-to-end search time: 48346881 ns
Total end-to-end search time: 48993624 ns
Total end-to-end search time: 46141856 ns
Total end-to-end search time: 45843073 ns
Query: 64, nThreads: 64, warmup: 16
====================================================================================================
(ns)
Load index... Graph level 5..
Total end-to-end search time: 46709423 ns
Total end-to-end search time: 39629073 ns
Total end-to-end search time: 46880804 ns
Total end-to-end search time: 48522422 ns
Total end-to-end search time: 50546286 ns
Total end-to-end search time: 50153529 ns
Total end-to-end search time: 50142453 ns
Total end-to-end search time: 43369492 ns
Total end-to-end search time: 45234316 ns
Total end-to-end search time: 39660352 ns
Total end-to-end search time: 37066762 ns
Total end-to-end search time: 44426733 ns
Total end-to-end search time: 41589652 ns
Total end-to-end search time: 48557919 ns
Total end-to-end search time: 49474483 ns
Total end-to-end search time: 46298267 ns
Total end-to-end search time: 46335854 ns
Query: 64, nThreads: 64, warmup: 16
====================================================================================================
(ns)
Load index... Graph level 5..
Total end-to-end search time: 46627347 ns
Total end-to-end search time: 39697796 ns
Total end-to-end search time: 46347582 ns
Total end-to-end search time: 48276435 ns
Total end-to-end search time: 50138705 ns
Total end-to-end search time: 50029761 ns
Total end-to-end search time: 50040697 ns
Total end-to-end search time: 43078895 ns
Total end-to-end search time: 45163889 ns
Total end-to-end search time: 39596492 ns
Total end-to-end search time: 36984268 ns
Total end-to-end search time: 44223944 ns
Total end-to-end search time: 41394653 ns
Total end-to-end search time: 48520818 ns
Total end-to-end search time: 49167680 ns
Total end-to-end search time: 46169419 ns
Total end-to-end search time: 45836218 ns
Query: 64, nThreads: 64, warmup: 16
====================================================================================================
(ns)
Load index... Graph level 5..
Total end-to-end search time: 46346312 ns
Total end-to-end search time: 39388617 ns
Total end-to-end search time: 46163550 ns
Total end-to-end search time: 48377108 ns
Total end-to-end search time: 50277959 ns
Total end-to-end search time: 49821241 ns
Total end-to-end search time: 49895948 ns
Total end-to-end search time: 43046378 ns
Total end-to-end search time: 45101642 ns
Total end-to-end search time: 39784367 ns
Total end-to-end search time: 36837037 ns
Total end-to-end search time: 44027372 ns
Total end-to-end search time: 41323818 ns
Total end-to-end search time: 48186226 ns
Total end-to-end search time: 48968646 ns
Total end-to-end search time: 46276222 ns
Total end-to-end search time: 45957413 ns
Query: 64, nThreads: 64, warmup: 16
====================================================================================================
(ns)
Load index... Graph level 5..
Total end-to-end search time: 46774421 ns
Total end-to-end search time: 39631832 ns
Total end-to-end search time: 46764501 ns
Total end-to-end search time: 48722943 ns
Total end-to-end search time: 50472193 ns
Total end-to-end search time: 50307976 ns
Total end-to-end search time: 50474445 ns
Total end-to-end search time: 43281404 ns
Total end-to-end search time: 45267381 ns
Total end-to-end search time: 39765867 ns
Total end-to-end search time: 37064610 ns
Total end-to-end search time: 44542769 ns
Total end-to-end search time: 42065612 ns
Total end-to-end search time: 48908687 ns
Total end-to-end search time: 49549613 ns
Total end-to-end search time: 46357655 ns
Total end-to-end search time: 46000828 ns
Query: 64, nThreads: 64, warmup: 16
====================================================================================================
(ns)
Load index... Graph level 5..
Total end-to-end search time: 46526113 ns
Total end-to-end search time: 39495784 ns
Total end-to-end search time: 46208266 ns
Total end-to-end search time: 48478355 ns
Total end-to-end search time: 50451732 ns
Total end-to-end search time: 49852275 ns
Total end-to-end search time: 50153397 ns
Total end-to-end search time: 43198539 ns
Total end-to-end search time: 45047240 ns
Total end-to-end search time: 39634059 ns
Total end-to-end search time: 36888629 ns
Total end-to-end search time: 44148585 ns
Total end-to-end search time: 41345651 ns
Total end-to-end search time: 48360506 ns
Total end-to-end search time: 49306803 ns
Total end-to-end search time: 46615709 ns
Total end-to-end search time: 45904087 ns
Query: 64, nThreads: 64, warmup: 16
====================================================================================================
(ns)
Load index... Graph level 5..
Total end-to-end search time: 46839371 ns
Total end-to-end search time: 39742205 ns
Total end-to-end search time: 46638853 ns
Total end-to-end search time: 48641077 ns
Total end-to-end search time: 50559530 ns
Total end-to-end search time: 50094921 ns
Total end-to-end search time: 50287112 ns
Total end-to-end search time: 43173200 ns
Total end-to-end search time: 45073596 ns
Total end-to-end search time: 39656638 ns
Total end-to-end search time: 37180362 ns
Total end-to-end search time: 44327991 ns
Total end-to-end search time: 41417391 ns
Total end-to-end search time: 48317613 ns
Total end-to-end search time: 49195701 ns
Total end-to-end search time: 46108943 ns
Total end-to-end search time: 45776288 ns
Query: 64, nThreads: 64, warmup: 16
====================================================================================================
(ns)
Load index... Graph level 5..
Total end-to-end search time: 46821017 ns
Total end-to-end search time: 39756271 ns
Total end-to-end search time: 46401187 ns
Total end-to-end search time: 48626597 ns
Total end-to-end search time: 50458691 ns
Total end-to-end search time: 49984985 ns
Total end-to-end search time: 50087610 ns
Total end-to-end search time: 43102464 ns
Total end-to-end search time: 45134143 ns
Total end-to-end search time: 39628034 ns
Total end-to-end search time: 37005344 ns
Total end-to-end search time: 44133783 ns
Total end-to-end search time: 41322538 ns
Total end-to-end search time: 48165829 ns
Total end-to-end search time: 49136412 ns
Total end-to-end search time: 45969834 ns
Total end-to-end search time: 45830594 ns
Query: 64, nThreads: 64, warmup: 16
====================================================================================================
(ns)
Load index... Graph level 5..
Total end-to-end search time: 46610795 ns
Total end-to-end search time: 39662624 ns
Total end-to-end search time: 46396725 ns
Total end-to-end search time: 48234816 ns
Total end-to-end search time: 50272494 ns
Total end-to-end search time: 49983191 ns
Total end-to-end search time: 50049520 ns
Total end-to-end search time: 43039091 ns
Total end-to-end search time: 45046985 ns
Total end-to-end search time: 39558997 ns
Total end-to-end search time: 36969915 ns
Total end-to-end search time: 44197955 ns
Total end-to-end search time: 41581043 ns
Total end-to-end search time: 48096473 ns
Total end-to-end search time: 49022227 ns
Total end-to-end search time: 45947543 ns
Total end-to-end search time: 45872566 ns
Query: 64, nThreads: 64, warmup: 16
====================================================================================================
(ns)
Load index... Graph level 5..
Total end-to-end search time: 46804448 ns
Total end-to-end search time: 39501887 ns
Total end-to-end search time: 46651331 ns
Total end-to-end search time: 48607109 ns
Total end-to-end search time: 50345592 ns
Total end-to-end search time: 50058040 ns
Total end-to-end search time: 50453624 ns
Total end-to-end search time: 43400894 ns
Total end-to-end search time: 45315486 ns
Total end-to-end search time: 39786493 ns
Total end-to-end search time: 37224431 ns
Total end-to-end search time: 44439801 ns
Total end-to-end search time: 41574172 ns
Total end-to-end search time: 48528173 ns
Total end-to-end search time: 49263791 ns
Total end-to-end search time: 46260628 ns
Total end-to-end search time: 46159720 ns
Query: 64, nThreads: 64, warmup: 16
====================================================================================================
(ns)
Load index... Graph level 5..
Total end-to-end search time: 46523828 ns
Total end-to-end search time: 39547813 ns
Total end-to-end search time: 46554347 ns
Total end-to-end search time: 48600213 ns
Total end-to-end search time: 50273020 ns
Total end-to-end search time: 50024838 ns
Total end-to-end search time: 50140001 ns
Total end-to-end search time: 43245740 ns
Total end-to-end search time: 45409092 ns
Total end-to-end search time: 39761939 ns
Total end-to-end search time: 36912153 ns
Total end-to-end search time: 44235200 ns
Total end-to-end search time: 41410321 ns
Total end-to-end search time: 48345978 ns
Total end-to-end search time: 49092148 ns
Total end-to-end search time: 46272192 ns
Total end-to-end search time: 45926869 ns
Query: 64, nThreads: 64, warmup: 16
====================================================================================================
(ns)
Load index... Graph level 5..
Total end-to-end search time: 46599520 ns
Total end-to-end search time: 39503401 ns
Total end-to-end search time: 46275544 ns
Total end-to-end search time: 48484650 ns
Total end-to-end search time: 50398723 ns
Total end-to-end search time: 49926397 ns
Total end-to-end search time: 50042919 ns
Total end-to-end search time: 43104641 ns
Total end-to-end search time: 45025809 ns
Total end-to-end search time: 39770434 ns
Total end-to-end search time: 37128520 ns
Total end-to-end search time: 44338819 ns
Total end-to-end search time: 41596882 ns
Total end-to-end search time: 48452210 ns
Total end-to-end search time: 49373288 ns
Total end-to-end search time: 45958573 ns
Total end-to-end search time: 45743739 ns
Query: 64, nThreads: 64, warmup: 16
====================================================================================================
(ns)
Load index... Graph level 5..
Total end-to-end search time: 46845784 ns
Total end-to-end search time: 39719918 ns
Total end-to-end search time: 46588816 ns
Total end-to-end search time: 48851666 ns
Total end-to-end search time: 50421427 ns
Total end-to-end search time: 50276837 ns
Total end-to-end search time: 50262774 ns
Total end-to-end search time: 43323974 ns
Total end-to-end search time: 45185791 ns
Total end-to-end search time: 39794403 ns
Total end-to-end search time: 37129512 ns
Total end-to-end search time: 44462732 ns
Total end-to-end search time: 41644010 ns
Total end-to-end search time: 48440036 ns
Total end-to-end search time: 49491692 ns
Total end-to-end search time: 46269804 ns
Total end-to-end search time: 46010111 ns
Query: 64, nThreads: 64, warmup: 16
====================================================================================================
(ns)
Load index... Graph level 5..
Total end-to-end search time: 46674974 ns
Total end-to-end search time: 39538761 ns
Total end-to-end search time: 46308018 ns
Total end-to-end search time: 48406368 ns
Total end-to-end search time: 50130837 ns
Total end-to-end search time: 50006784 ns
Total end-to-end search time: 50061361 ns
Total end-to-end search time: 43146319 ns
Total end-to-end search time: 45072676 ns
Total end-to-end search time: 39539944 ns
Total end-to-end search time: 36841678 ns
Total end-to-end search time: 44435322 ns
Total end-to-end search time: 41478987 ns
Total end-to-end search time: 48467727 ns
Total end-to-end search time: 48987837 ns
Total end-to-end search time: 45984911 ns
Total end-to-end search time: 45797168 ns
Query: 64, nThreads: 64, warmup: 16
====================================================================================================
(ns)
Load index... Graph level 5..
Total end-to-end search time: 46485709 ns
Total end-to-end search time: 39412655 ns
Total end-to-end search time: 46131589 ns
Total end-to-end search time: 48176899 ns
Total end-to-end search time: 50055786 ns
Total end-to-end search time: 49962734 ns
Total end-to-end search time: 49998226 ns
Total end-to-end search time: 42989074 ns
Total end-to-end search time: 44894536 ns
Total end-to-end search time: 39512432 ns
Total end-to-end search time: 36947945 ns
Total end-to-end search time: 44141465 ns
Total end-to-end search time: 41430988 ns
Total end-to-end search time: 48450472 ns
Total end-to-end search time: 48909786 ns
Total end-to-end search time: 45979331 ns
Total end-to-end search time: 45838477 ns
Query: 64, nThreads: 64, warmup: 16
====================================================================================================
(ns)
Load index... Graph level 5..
Total end-to-end search time: 46491919 ns
Total end-to-end search time: 39440338 ns
Total end-to-end search time: 46685070 ns
Total end-to-end search time: 48300907 ns
Total end-to-end search time: 50117210 ns
Total end-to-end search time: 49919846 ns
Total end-to-end search time: 50041182 ns
Total end-to-end search time: 43126484 ns
Total end-to-end search time: 45206436 ns
Total end-to-end search time: 39640899 ns
Total end-to-end search time: 37113148 ns
Total end-to-end search time: 44421622 ns
Total end-to-end search time: 41623922 ns
Total end-to-end search time: 48290846 ns
Total end-to-end search time: 49171862 ns
Total end-to-end search time: 46424040 ns
Total end-to-end search time: 45994291 ns
Query: 64, nThreads: 64, warmup: 16
====================================================================================================
(ns)
Load index... Graph level 5..
Total end-to-end search time: 46785541 ns
Total end-to-end search time: 39599125 ns
Total end-to-end search time: 46546635 ns
Total end-to-end search time: 48390172 ns
Total end-to-end search time: 50304510 ns
Total end-to-end search time: 50435139 ns
Total end-to-end search time: 50384380 ns
Total end-to-end search time: 43167490 ns
Total end-to-end search time: 45138549 ns
Total end-to-end search time: 39543190 ns
Total end-to-end search time: 37040629 ns
Total end-to-end search time: 44340361 ns
Total end-to-end search time: 41515091 ns
Total end-to-end search time: 48356631 ns
Total end-to-end search time: 49133065 ns
Total end-to-end search time: 46225998 ns
Total end-to-end search time: 46163320 ns
Query: 64, nThreads: 64, warmup: 16
====================================================================================================
(ns)
Load index... Graph level 5..
Total end-to-end search time: 46465265 ns
Total end-to-end search time: 39464475 ns
Total end-to-end search time: 46435282 ns
Total end-to-end search time: 48296435 ns
Total end-to-end search time: 50096606 ns
Total end-to-end search time: 49942487 ns
Total end-to-end search time: 50312857 ns
Total end-to-end search time: 43588824 ns
Total end-to-end search time: 45312591 ns
Total end-to-end search time: 39730054 ns
Total end-to-end search time: 37083878 ns
Total end-to-end search time: 44438644 ns
Total end-to-end search time: 41591411 ns
Total end-to-end search time: 48512124 ns
Total end-to-end search time: 49472400 ns
Total end-to-end search time: 46544769 ns
Total end-to-end search time: 46112030 ns
Query: 64, nThreads: 64, warmup: 16
====================================================================================================
(ns)
Load index... Graph level 5..
Total end-to-end search time: 46423818 ns
Total end-to-end search time: 39428607 ns
Total end-to-end search time: 46220062 ns
Total end-to-end search time: 48338356 ns
Total end-to-end search time: 50593570 ns
Total end-to-end search time: 49938347 ns
Total end-to-end search time: 50099529 ns
Total end-to-end search time: 43141088 ns
Total end-to-end search time: 45060558 ns
Total end-to-end search time: 39567005 ns
Total end-to-end search time: 37160562 ns
Total end-to-end search time: 44209101 ns
Total end-to-end search time: 41464714 ns
Total end-to-end search time: 48353791 ns
Total end-to-end search time: 49251928 ns
Total end-to-end search time: 46123570 ns
Total end-to-end search time: 45902463 ns
Query: 64, nThreads: 64, warmup: 16
====================================================================================================
(ns)
Load index... Graph level 5..
Total end-to-end search time: 46725132 ns
Total end-to-end search time: 39537879 ns
Total end-to-end search time: 46286681 ns
Total end-to-end search time: 48326706 ns
Total end-to-end search time: 50151270 ns
Total end-to-end search time: 50110081 ns
Total end-to-end search time: 50354258 ns
Total end-to-end search time: 43383436 ns
Total end-to-end search time: 45144692 ns
Total end-to-end search time: 39561031 ns
Total end-to-end search time: 37043992 ns
Total end-to-end search time: 44206563 ns
Total end-to-end search time: 41395460 ns
Total end-to-end search time: 48468516 ns
Total end-to-end search time: 49102329 ns
Total end-to-end search time: 46092234 ns
Total end-to-end search time: 45825262 ns
Query: 64, nThreads: 64, warmup: 16
====================================================================================================
(ns)
Load index... Graph level 5..
Total end-to-end search time: 46803131 ns
Total end-to-end search time: 39726008 ns
Total end-to-end search time: 46662531 ns
Total end-to-end search time: 48754674 ns
Total end-to-end search time: 50620259 ns
Total end-to-end search time: 50265250 ns
Total end-to-end search time: 50682099 ns
Total end-to-end search time: 43385310 ns
Total end-to-end search time: 45464960 ns
Total end-to-end search time: 39688051 ns
Total end-to-end search time: 37065845 ns
Total end-to-end search time: 44337049 ns
Total end-to-end search time: 41475053 ns
Total end-to-end search time: 48464409 ns
Total end-to-end search time: 49210365 ns
Total end-to-end search time: 46310303 ns
Total end-to-end search time: 46085780 ns
Query: 64, nThreads: 64, warmup: 16
====================================================================================================
(ns)
Load index... Graph level 5..
Total end-to-end search time: 46444287 ns
Total end-to-end search time: 39354326 ns
Total end-to-end search time: 46201504 ns
Total end-to-end search time: 48369714 ns
Total end-to-end search time: 50029976 ns
Total end-to-end search time: 49724836 ns
Total end-to-end search time: 49948651 ns
Total end-to-end search time: 43194172 ns
Total end-to-end search time: 45224004 ns
Total end-to-end search time: 39594917 ns
Total end-to-end search time: 36912222 ns
Total end-to-end search time: 44083305 ns
Total end-to-end search time: 41257162 ns
Total end-to-end search time: 48164291 ns
Total end-to-end search time: 49234822 ns
Total end-to-end search time: 46148931 ns
Total end-to-end search time: 45977975 ns
Query: 64, nThreads: 64, warmup: 16
====================================================================================================
(ns)
Load index... Graph level 5..
Total end-to-end search time: 46660392 ns
Total end-to-end search time: 39868611 ns
Total end-to-end search time: 46303258 ns
Total end-to-end search time: 48245929 ns
Total end-to-end search time: 50081395 ns
Total end-to-end search time: 49862587 ns
Total end-to-end search time: 50022630 ns
Total end-to-end search time: 43373154 ns
Total end-to-end search time: 45218475 ns
Total end-to-end search time: 39736700 ns
Total end-to-end search time: 36956218 ns
Total end-to-end search time: 44117670 ns
Total end-to-end search time: 41513978 ns
Total end-to-end search time: 48352911 ns
Total end-to-end search time: 49159975 ns
Total end-to-end search time: 46110170 ns
Total end-to-end search time: 45901050 ns
Query: 64, nThreads: 64, warmup: 16
====================================================================================================
(ns)
Load index... Graph level 5..
Total end-to-end search time: 46788171 ns
Total end-to-end search time: 39450387 ns
Total end-to-end search time: 46484131 ns
Total end-to-end search time: 48449117 ns
Total end-to-end search time: 50724294 ns
Total end-to-end search time: 50047749 ns
Total end-to-end search time: 50281926 ns
Total end-to-end search time: 43448954 ns
Total end-to-end search time: 45394840 ns
Total end-to-end search time: 39699203 ns
Total end-to-end search time: 37174298 ns
Total end-to-end search time: 44312440 ns
Total end-to-end search time: 41416984 ns
Total end-to-end search time: 48583111 ns
Total end-to-end search time: 49467641 ns
Total end-to-end search time: 46254825 ns
Total end-to-end search time: 46173145 ns
Query: 64, nThreads: 64, warmup: 16
====================================================================================================
(ns)
Load index... Graph level 5..
Total end-to-end search time: 46413965 ns
Total end-to-end search time: 39505823 ns
Total end-to-end search time: 46144303 ns
Total end-to-end search time: 48217429 ns
Total end-to-end search time: 50261306 ns
Total end-to-end search time: 49758574 ns
Total end-to-end search time: 50173887 ns
Total end-to-end search time: 43083444 ns
Total end-to-end search time: 45048010 ns
Total end-to-end search time: 39552779 ns
Total end-to-end search time: 37100202 ns
Total end-to-end search time: 44169114 ns
Total end-to-end search time: 41420437 ns
Total end-to-end search time: 48150355 ns
Total end-to-end search time: 48961927 ns
Total end-to-end search time: 45855866 ns
Total end-to-end search time: 45728919 ns
Query: 64, nThreads: 64, warmup: 16
====================================================================================================
(ns)
Load index... Graph level 5..
Total end-to-end search time: 46557797 ns
Total end-to-end search time: 39681034 ns
Total end-to-end search time: 46258778 ns
Total end-to-end search time: 48275048 ns
Total end-to-end search time: 50043275 ns
Total end-to-end search time: 49805660 ns
Total end-to-end search time: 49998496 ns
Total end-to-end search time: 43090758 ns
Total end-to-end search time: 45184957 ns
Total end-to-end search time: 39904536 ns
Total end-to-end search time: 37126828 ns
Total end-to-end search time: 44571525 ns
Total end-to-end search time: 41532510 ns
Total end-to-end search time: 48459699 ns
Total end-to-end search time: 49321406 ns
Total end-to-end search time: 46218784 ns
Total end-to-end search time: 46222991 ns
