Query: 8192, nThreads: 32, warmup: 1
====================================================================================================
(ns)
Load index... Graph level 5..
Total end-to-end search time: 2955040128 ns
Total end-to-end search time: 644444185 ns
Query: 8192, nThreads: 32, warmup: 1
====================================================================================================
(ns)
Load index... Graph level 5..
Total end-to-end search time: 2976268535 ns
Total end-to-end search time: 643955955 ns
Query: 8192, nThreads: 32, warmup: 1
====================================================================================================
(ns)
Load index... Graph level 5..
Total end-to-end search time: 2957776306 ns
Total end-to-end search time: 643762428 ns
Query: 8192, nThreads: 32, warmup: 1
====================================================================================================
(ns)
Load index... Graph level 5..
Total end-to-end search time: 2977330120 ns
Total end-to-end search time: 645118610 ns
Query: 8192, nThreads: 32, warmup: 1
====================================================================================================
(ns)
Load index... Graph level 5..
Total end-to-end search time: 2960286003 ns
Total end-to-end search time: 643782653 ns
Query: 8192, nThreads: 32, warmup: 1
====================================================================================================
(ns)
Load index... Graph level 5..
Total end-to-end search time: 2955106242 ns
Total end-to-end search time: 639017170 ns
Query: 8192, nThreads: 32, warmup: 1
====================================================================================================
(ns)
Load index... Graph level 5..
Total end-to-end search time: 2977393717 ns
Total end-to-end search time: 644935698 ns
Query: 8192, nThreads: 32, warmup: 1
====================================================================================================
(ns)
Load index... Graph level 5..
Total end-to-end search time: 2966797513 ns
Total end-to-end search time: 644357766 ns
Query: 8192, nThreads: 32, warmup: 1
====================================================================================================
(ns)
Load index... Graph level 5..
Total end-to-end search time: 2955843144 ns
Total end-to-end search time: 644469117 ns
Query: 8192, nThreads: 32, warmup: 1
====================================================================================================
(ns)
Load index... Graph level 5..
Total end-to-end search time: 2976736855 ns
Total end-to-end search time: 645262248 ns
Query: 8192, nThreads: 32, warmup: 1
====================================================================================================
(ns)
Load index... Graph level 5..
Total end-to-end search time: 2976729339 ns
Total end-to-end search time: 644019179 ns
Query: 8192, nThreads: 32, warmup: 1
====================================================================================================
(ns)
Load index... Graph level 5..
Total end-to-end search time: 2977249320 ns
Total end-to-end search time: 644261497 ns
Query: 8192, nThreads: 32, warmup: 1
====================================================================================================
(ns)
Load index... Graph level 5..
Total end-to-end search time: 2979925112 ns
Total end-to-end search time: 645905140 ns
Query: 8192, nThreads: 32, warmup: 1
====================================================================================================
(ns)
Load index... Graph level 5..
Total end-to-end search time: 2974612593 ns
Total end-to-end search time: 643797540 ns
Query: 8192, nThreads: 32, warmup: 1
====================================================================================================
(ns)
Load index... Graph level 5..
Total end-to-end search time: 2967954509 ns
Total end-to-end search time: 644352638 ns
Query: 8192, nThreads: 32, warmup: 1
====================================================================================================
(ns)
Load index... Graph level 5..
Total end-to-end search time: 2974868565 ns
Total end-to-end search time: 644120643 ns
Query: 8192, nThreads: 32, warmup: 1
====================================================================================================
(ns)
Load index... Graph level 5..
Total end-to-end search time: 2963995633 ns
Total end-to-end search time: 644959573 ns
Query: 8192, nThreads: 32, warmup: 1
====================================================================================================
(ns)
Load index... Graph level 5..
Total end-to-end search time: 2953997150 ns
Total end-to-end search time: 644097987 ns
Query: 8192, nThreads: 32, warmup: 1
====================================================================================================
(ns)
Load index... Graph level 5..
Total end-to-end search time: 2959683645 ns
Total end-to-end search time: 643716023 ns
Query: 8192, nThreads: 32, warmup: 1
====================================================================================================
(ns)
Load index... Graph level 5..
Total end-to-end search time: 2963796330 ns
Total end-to-end search time: 644757792 ns
Query: 8192, nThreads: 32, warmup: 1
====================================================================================================
(ns)
Load index... Graph level 5..
Total end-to-end search time: 2975190005 ns
Total end-to-end search time: 644935325 ns
Query: 8192, nThreads: 32, warmup: 1
====================================================================================================
(ns)
Load index... Graph level 5..
Total end-to-end search time: 2975342359 ns
Total end-to-end search time: 644964088 ns
Query: 8192, nThreads: 32, warmup: 1
====================================================================================================
(ns)
Load index... Graph level 5..
Total end-to-end search time: 2978782182 ns
Total end-to-end search time: 644865370 ns
Query: 8192, nThreads: 32, warmup: 1
====================================================================================================
(ns)
Load index... Graph level 5..
Total end-to-end search time: 2979016527 ns
Total end-to-end search time: 645040366 ns
Query: 8192, nThreads: 32, warmup: 1
====================================================================================================
(ns)
Load index... Graph level 5..
Total end-to-end search time: 2976500243 ns
Total end-to-end search time: 644575966 ns
Query: 8192, nThreads: 32, warmup: 1
====================================================================================================
(ns)
Load index... Graph level 5..
Total end-to-end search time: 2967747422 ns
Total end-to-end search time: 644845891 ns
Query: 8192, nThreads: 32, warmup: 1
====================================================================================================
(ns)
Load index... Graph level 5..
Total end-to-end search time: 2957892498 ns
Total end-to-end search time: 645420891 ns
Query: 8192, nThreads: 32, warmup: 1
====================================================================================================
(ns)
Load index... Graph level 5..
Total end-to-end search time: 2978374958 ns
Total end-to-end search time: 644873557 ns
Query: 8192, nThreads: 32, warmup: 1
====================================================================================================
(ns)
Load index... Graph level 5..
Total end-to-end search time: 2976698293 ns
Total end-to-end search time: 644076612 ns
Query: 8192, nThreads: 32, warmup: 1
====================================================================================================
(ns)
Load index... Graph level 5..
Total end-to-end search time: 2974807251 ns
Total end-to-end search time: 644309824 ns
