Query: 8, nThreads: 4, warmup: 16
====================================================================================================
(ns)
Load index... Graph level 5..
Total end-to-end search time: 6794073 ns
Total end-to-end search time: 6760655 ns
Total end-to-end search time: 6014458 ns
Total end-to-end search time: 5723699 ns
Total end-to-end search time: 6104008 ns
Total end-to-end search time: 5792163 ns
Total end-to-end search time: 4872639 ns
Total end-to-end search time: 4885309 ns
Total end-to-end search time: 4331322 ns
Total end-to-end search time: 5563700 ns
Total end-to-end search time: 5159305 ns
Total end-to-end search time: 4454194 ns
Total end-to-end search time: 5152657 ns
Total end-to-end search time: 4341429 ns
Total end-to-end search time: 4969085 ns
Total end-to-end search time: 5639498 ns
Total end-to-end search time: 5726514 ns
Query: 8, nThreads: 4, warmup: 16
====================================================================================================
(ns)
Load index... Graph level 5..
Total end-to-end search time: 6769155 ns
Total end-to-end search time: 6651062 ns
Total end-to-end search time: 5979177 ns
Total end-to-end search time: 5690219 ns
Total end-to-end search time: 6095959 ns
Total end-to-end search time: 5799887 ns
Total end-to-end search time: 4902290 ns
Total end-to-end search time: 4889217 ns
Total end-to-end search time: 4326099 ns
Total end-to-end search time: 5584591 ns
Total end-to-end search time: 5206256 ns
Total end-to-end search time: 4442022 ns
Total end-to-end search time: 5146302 ns
Total end-to-end search time: 4344880 ns
Total end-to-end search time: 4955573 ns
Total end-to-end search time: 5681013 ns
Total end-to-end search time: 5837771 ns
Query: 8, nThreads: 4, warmup: 16
====================================================================================================
(ns)
Load index... Graph level 5..
Total end-to-end search time: 6703813 ns
Total end-to-end search time: 6659456 ns
Total end-to-end search time: 5956354 ns
Total end-to-end search time: 5685290 ns
Total end-to-end search time: 6074434 ns
Total end-to-end search time: 5778367 ns
Total end-to-end search time: 4871718 ns
Total end-to-end search time: 4872753 ns
Total end-to-end search time: 4291872 ns
Total end-to-end search time: 5588259 ns
Total end-to-end search time: 5174526 ns
Total end-to-end search time: 4449644 ns
Total end-to-end search time: 5139954 ns
Total end-to-end search time: 4333985 ns
Total end-to-end search time: 4977389 ns
Total end-to-end search time: 5663864 ns
Total end-to-end search time: 5753075 ns
Query: 8, nThreads: 4, warmup: 16
====================================================================================================
(ns)
Load index... Graph level 5..
Total end-to-end search time: 6788587 ns
Total end-to-end search time: 6659380 ns
Total end-to-end search time: 6007011 ns
Total end-to-end search time: 5701193 ns
Total end-to-end search time: 6078747 ns
Total end-to-end search time: 5777663 ns
Total end-to-end search time: 4859841 ns
Total end-to-end search time: 4881865 ns
Total end-to-end search time: 4299651 ns
Total end-to-end search time: 5564167 ns
Total end-to-end search time: 5182270 ns
Total end-to-end search time: 4418846 ns
Total end-to-end search time: 5132887 ns
Total end-to-end search time: 4315635 ns
Total end-to-end search time: 4963285 ns
Total end-to-end search time: 5667913 ns
Total end-to-end search time: 5761278 ns
Query: 8, nThreads: 4, warmup: 16
====================================================================================================
(ns)
Load index... Graph level 5..
Total end-to-end search time: 6639471 ns
Total end-to-end search time: 6594593 ns
Total end-to-end search time: 5946189 ns
Total end-to-end search time: 5657334 ns
Total end-to-end search time: 6052341 ns
Total end-to-end search time: 5739453 ns
Total end-to-end search time: 4862424 ns
Total end-to-end search time: 4853262 ns
Total end-to-end search time: 4303447 ns
Total end-to-end search time: 5568546 ns
Total end-to-end search time: 5178024 ns
Total end-to-end search time: 4403343 ns
Total end-to-end search time: 5119287 ns
Total end-to-end search time: 4307450 ns
Total end-to-end search time: 4912127 ns
Total end-to-end search time: 5646437 ns
Total end-to-end search time: 5763118 ns
Query: 8, nThreads: 4, warmup: 16
====================================================================================================
(ns)
Load index... Graph level 5..
Total end-to-end search time: 6696415 ns
Total end-to-end search time: 6654535 ns
Total end-to-end search time: 5976346 ns
Total end-to-end search time: 5705436 ns
Total end-to-end search time: 6085827 ns
Total end-to-end search time: 5755922 ns
Total end-to-end search time: 4854605 ns
Total end-to-end search time: 4864614 ns
Total end-to-end search time: 4316178 ns
Total end-to-end search time: 5606719 ns
Total end-to-end search time: 5198204 ns
Total end-to-end search time: 4466857 ns
Total end-to-end search time: 5144786 ns
Total end-to-end search time: 4346368 ns
Total end-to-end search time: 4967757 ns
Total end-to-end search time: 5680864 ns
Total end-to-end search time: 5756360 ns
Query: 8, nThreads: 4, warmup: 16
====================================================================================================
(ns)
Load index... Graph level 5..
Total end-to-end search time: 6790594 ns
Total end-to-end search time: 6698186 ns
Total end-to-end search time: 6004438 ns
Total end-to-end search time: 5729198 ns
Total end-to-end search time: 6097482 ns
Total end-to-end search time: 5791015 ns
Total end-to-end search time: 4866013 ns
Total end-to-end search time: 4832114 ns
Total end-to-end search time: 4301924 ns
Total end-to-end search time: 5556982 ns
Total end-to-end search time: 5172698 ns
Total end-to-end search time: 4449350 ns
Total end-to-end search time: 5175190 ns
Total end-to-end search time: 4341837 ns
Total end-to-end search time: 4985542 ns
Total end-to-end search time: 5659262 ns
Total end-to-end search time: 5782298 ns
Query: 8, nThreads: 4, warmup: 16
====================================================================================================
(ns)
Load index... Graph level 5..
Total end-to-end search time: 6746584 ns
Total end-to-end search time: 6608316 ns
Total end-to-end search time: 5926481 ns
Total end-to-end search time: 6051281 ns
Total end-to-end search time: 6119497 ns
Total end-to-end search time: 5785277 ns
Total end-to-end search time: 4885862 ns
Total end-to-end search time: 4887292 ns
Total end-to-end search time: 4313855 ns
Total end-to-end search time: 5587191 ns
Total end-to-end search time: 5160863 ns
Total end-to-end search time: 4419587 ns
Total end-to-end search time: 5157430 ns
Total end-to-end search time: 4357304 ns
Total end-to-end search time: 4976901 ns
Total end-to-end search time: 5691292 ns
Total end-to-end search time: 5808997 ns
Query: 8, nThreads: 4, warmup: 16
====================================================================================================
(ns)
Load index... Graph level 5..
Total end-to-end search time: 6858653 ns
Total end-to-end search time: 6690645 ns
Total end-to-end search time: 5964641 ns
Total end-to-end search time: 5690716 ns
Total end-to-end search time: 6074441 ns
Total end-to-end search time: 5787285 ns
Total end-to-end search time: 4894404 ns
Total end-to-end search time: 4880348 ns
Total end-to-end search time: 4331874 ns
Total end-to-end search time: 5610676 ns
Total end-to-end search time: 5196113 ns
Total end-to-end search time: 4458647 ns
Total end-to-end search time: 5155790 ns
Total end-to-end search time: 4354501 ns
Total end-to-end search time: 4997416 ns
Total end-to-end search time: 5650775 ns
Total end-to-end search time: 5778832 ns
Query: 8, nThreads: 4, warmup: 16
====================================================================================================
(ns)
Load index... Graph level 5..
Total end-to-end search time: 6678813 ns
Total end-to-end search time: 6649605 ns
Total end-to-end search time: 5965020 ns
Total end-to-end search time: 5688388 ns
Total end-to-end search time: 6077210 ns
Total end-to-end search time: 5782110 ns
Total end-to-end search time: 4914609 ns
Total end-to-end search time: 4882914 ns
Total end-to-end search time: 4337691 ns
Total end-to-end search time: 5568388 ns
Total end-to-end search time: 5202028 ns
Total end-to-end search time: 4473253 ns
Total end-to-end search time: 5172034 ns
Total end-to-end search time: 4348811 ns
Total end-to-end search time: 4966659 ns
Total end-to-end search time: 5670710 ns
Total end-to-end search time: 5794823 ns
Query: 8, nThreads: 4, warmup: 16
====================================================================================================
(ns)
Load index... Graph level 5..
Total end-to-end search time: 6708994 ns
Total end-to-end search time: 6629422 ns
Total end-to-end search time: 5959015 ns
Total end-to-end search time: 5684626 ns
Total end-to-end search time: 6075962 ns
Total end-to-end search time: 5762055 ns
Total end-to-end search time: 4869301 ns
Total end-to-end search time: 4854996 ns
Total end-to-end search time: 4297490 ns
Total end-to-end search time: 5563682 ns
Total end-to-end search time: 5169821 ns
Total end-to-end search time: 4428893 ns
Total end-to-end search time: 5092372 ns
Total end-to-end search time: 4318647 ns
Total end-to-end search time: 4930234 ns
Total end-to-end search time: 5625013 ns
Total end-to-end search time: 5737498 ns
Query: 8, nThreads: 4, warmup: 16
====================================================================================================
(ns)
Load index... Graph level 5..
Total end-to-end search time: 6716697 ns
Total end-to-end search time: 6694332 ns
Total end-to-end search time: 5987768 ns
Total end-to-end search time: 5706227 ns
Total end-to-end search time: 6101932 ns
Total end-to-end search time: 5809959 ns
Total end-to-end search time: 4882306 ns
Total end-to-end search time: 4894778 ns
Total end-to-end search time: 4307440 ns
Total end-to-end search time: 5547742 ns
Total end-to-end search time: 5176274 ns
Total end-to-end search time: 4426243 ns
Total end-to-end search time: 5093071 ns
Total end-to-end search time: 4311365 ns
Total end-to-end search time: 4934761 ns
Total end-to-end search time: 5610817 ns
Total end-to-end search time: 5740082 ns
Query: 8, nThreads: 4, warmup: 16
====================================================================================================
(ns)
Load index... Graph level 5..
Total end-to-end search time: 6724970 ns
Total end-to-end search time: 6632678 ns
Total end-to-end search time: 5946643 ns
Total end-to-end search time: 5681574 ns
Total end-to-end search time: 6092314 ns
Total end-to-end search time: 5760124 ns
Total end-to-end search time: 4852602 ns
Total end-to-end search time: 4842224 ns
Total end-to-end search time: 4286172 ns
Total end-to-end search time: 5536702 ns
Total end-to-end search time: 5152764 ns
Total end-to-end search time: 4424539 ns
Total end-to-end search time: 5104904 ns
Total end-to-end search time: 4305613 ns
Total end-to-end search time: 4919435 ns
Total end-to-end search time: 5608671 ns
Total end-to-end search time: 5729916 ns
Query: 8, nThreads: 4, warmup: 16
====================================================================================================
(ns)
Load index... Graph level 5..
Total end-to-end search time: 6704718 ns
Total end-to-end search time: 6648478 ns
Total end-to-end search time: 5988117 ns
Total end-to-end search time: 5699238 ns
Total end-to-end search time: 6076500 ns
Total end-to-end search time: 5772912 ns
Total end-to-end search time: 4879472 ns
Total end-to-end search time: 4852901 ns
Total end-to-end search time: 4280899 ns
Total end-to-end search time: 5538965 ns
Total end-to-end search time: 5165295 ns
Total end-to-end search time: 4433813 ns
Total end-to-end search time: 5117419 ns
Total end-to-end search time: 4335416 ns
Total end-to-end search time: 4963653 ns
Total end-to-end search time: 5683257 ns
Total end-to-end search time: 5767295 ns
Query: 8, nThreads: 4, warmup: 16
====================================================================================================
(ns)
Load index... Graph level 5..
Total end-to-end search time: 6836988 ns
Total end-to-end search time: 6639686 ns
Total end-to-end search time: 5971536 ns
Total end-to-end search time: 5657559 ns
Total end-to-end search time: 6077804 ns
Total end-to-end search time: 5783187 ns
Total end-to-end search time: 4901646 ns
Total end-to-end search time: 4897473 ns
Total end-to-end search time: 4293251 ns
Total end-to-end search time: 5567581 ns
Total end-to-end search time: 5173396 ns
Total end-to-end search time: 4468116 ns
Total end-to-end search time: 5125095 ns
Total end-to-end search time: 4340660 ns
Total end-to-end search time: 4966085 ns
Total end-to-end search time: 5681035 ns
Total end-to-end search time: 5779667 ns
Query: 8, nThreads: 4, warmup: 16
====================================================================================================
(ns)
Load index... Graph level 5..
Total end-to-end search time: 6790788 ns
Total end-to-end search time: 6618286 ns
Total end-to-end search time: 5934623 ns
Total end-to-end search time: 5648521 ns
Total end-to-end search time: 6058846 ns
Total end-to-end search time: 5787967 ns
Total end-to-end search time: 4866595 ns
Total end-to-end search time: 4864140 ns
Total end-to-end search time: 4291862 ns
Total end-to-end search time: 5551969 ns
Total end-to-end search time: 5156415 ns
Total end-to-end search time: 4412350 ns
Total end-to-end search time: 5106635 ns
Total end-to-end search time: 4320954 ns
Total end-to-end search time: 4943134 ns
Total end-to-end search time: 5634275 ns
Total end-to-end search time: 5724238 ns
Query: 8, nThreads: 4, warmup: 16
====================================================================================================
(ns)
Load index... Graph level 5..
Total end-to-end search time: 6711366 ns
Total end-to-end search time: 6646265 ns
Total end-to-end search time: 6007429 ns
Total end-to-end search time: 5745934 ns
Total end-to-end search time: 6101622 ns
Total end-to-end search time: 5790804 ns
Total end-to-end search time: 4903996 ns
Total end-to-end search time: 4887268 ns
Total end-to-end search time: 4308933 ns
Total end-to-end search time: 5562302 ns
Total end-to-end search time: 5185290 ns
Total end-to-end search time: 4455426 ns
Total end-to-end search time: 5131937 ns
Total end-to-end search time: 4393030 ns
Total end-to-end search time: 4942131 ns
Total end-to-end search time: 5632725 ns
Total end-to-end search time: 5714291 ns
Query: 8, nThreads: 4, warmup: 16
====================================================================================================
(ns)
Load index... Graph level 5..
Total end-to-end search time: 6692337 ns
Total end-to-end search time: 6626936 ns
Total end-to-end search time: 5961751 ns
Total end-to-end search time: 5669122 ns
Total end-to-end search time: 6078180 ns
Total end-to-end search time: 5778972 ns
Total end-to-end search time: 4884076 ns
Total end-to-end search time: 4877635 ns
Total end-to-end search time: 4316962 ns
Total end-to-end search time: 5546905 ns
Total end-to-end search time: 5165959 ns
Total end-to-end search time: 4436158 ns
Total end-to-end search time: 5118300 ns
Total end-to-end search time: 4326281 ns
Total end-to-end search time: 4929323 ns
Total end-to-end search time: 5638926 ns
Total end-to-end search time: 5752207 ns
Query: 8, nThreads: 4, warmup: 16
====================================================================================================
(ns)
Load index... Graph level 5..
Total end-to-end search time: 6693240 ns
Total end-to-end search time: 6635720 ns
Total end-to-end search time: 5977563 ns
Total end-to-end search time: 5679434 ns
Total end-to-end search time: 6073049 ns
Total end-to-end search time: 5785797 ns
Total end-to-end search time: 4898159 ns
Total end-to-end search time: 4893852 ns
Total end-to-end search time: 4326290 ns
Total end-to-end search time: 5562916 ns
Total end-to-end search time: 5192432 ns
Total end-to-end search time: 4444560 ns
Total end-to-end search time: 5133330 ns
Total end-to-end search time: 4348488 ns
Total end-to-end search time: 4953459 ns
Total end-to-end search time: 5649912 ns
Total end-to-end search time: 5774336 ns
Query: 8, nThreads: 4, warmup: 16
====================================================================================================
(ns)
Load index... Graph level 5..
Total end-to-end search time: 6713363 ns
Total end-to-end search time: 6646070 ns
Total end-to-end search time: 5986443 ns
Total end-to-end search time: 5722530 ns
Total end-to-end search time: 6055721 ns
Total end-to-end search time: 5762999 ns
Total end-to-end search time: 4858981 ns
Total end-to-end search time: 4846876 ns
Total end-to-end search time: 4493393 ns
Total end-to-end search time: 5571234 ns
Total end-to-end search time: 5141598 ns
Total end-to-end search time: 4419589 ns
Total end-to-end search time: 5121822 ns
Total end-to-end search time: 4310908 ns
Total end-to-end search time: 4934395 ns
Total end-to-end search time: 5607264 ns
Total end-to-end search time: 5732073 ns
Query: 8, nThreads: 4, warmup: 16
====================================================================================================
(ns)
Load index... Graph level 5..
Total end-to-end search time: 6735919 ns
Total end-to-end search time: 6674890 ns
Total end-to-end search time: 5997948 ns
Total end-to-end search time: 5707045 ns
Total end-to-end search time: 6115127 ns
Total end-to-end search time: 5784829 ns
Total end-to-end search time: 4895114 ns
Total end-to-end search time: 4857051 ns
Total end-to-end search time: 4319656 ns
Total end-to-end search time: 5605355 ns
Total end-to-end search time: 5185842 ns
Total end-to-end search time: 4439598 ns
Total end-to-end search time: 5144163 ns
Total end-to-end search time: 4364448 ns
Total end-to-end search time: 4944696 ns
Total end-to-end search time: 5654134 ns
Total end-to-end search time: 5754390 ns
Query: 8, nThreads: 4, warmup: 16
====================================================================================================
(ns)
Load index... Graph level 5..
Total end-to-end search time: 6684633 ns
Total end-to-end search time: 6596429 ns
Total end-to-end search time: 5968086 ns
Total end-to-end search time: 5667274 ns
Total end-to-end search time: 6050097 ns
Total end-to-end search time: 5737569 ns
Total end-to-end search time: 4839454 ns
Total end-to-end search time: 4839453 ns
Total end-to-end search time: 4305336 ns
Total end-to-end search time: 5552672 ns
Total end-to-end search time: 5166146 ns
Total end-to-end search time: 4419147 ns
Total end-to-end search time: 5109017 ns
Total end-to-end search time: 4328783 ns
Total end-to-end search time: 4942524 ns
Total end-to-end search time: 5619923 ns
Total end-to-end search time: 5745206 ns
Query: 8, nThreads: 4, warmup: 16
====================================================================================================
(ns)
Load index... Graph level 5..
Total end-to-end search time: 6704957 ns
Total end-to-end search time: 6704579 ns
Total end-to-end search time: 6043173 ns
Total end-to-end search time: 5762557 ns
Total end-to-end search time: 6135619 ns
Total end-to-end search time: 5830693 ns
Total end-to-end search time: 4904904 ns
Total end-to-end search time: 4910973 ns
Total end-to-end search time: 4358279 ns
Total end-to-end search time: 5615541 ns
Total end-to-end search time: 5214035 ns
Total end-to-end search time: 4440657 ns
Total end-to-end search time: 5154858 ns
Total end-to-end search time: 4343341 ns
Total end-to-end search time: 4970224 ns
Total end-to-end search time: 5677859 ns
Total end-to-end search time: 5771758 ns
Query: 8, nThreads: 4, warmup: 16
====================================================================================================
(ns)
Load index... Graph level 5..
Total end-to-end search time: 6715922 ns
Total end-to-end search time: 6667322 ns
Total end-to-end search time: 6001104 ns
Total end-to-end search time: 5717781 ns
Total end-to-end search time: 6102031 ns
Total end-to-end search time: 5809206 ns
Total end-to-end search time: 4880708 ns
Total end-to-end search time: 4886284 ns
Total end-to-end search time: 4314618 ns
Total end-to-end search time: 5586539 ns
Total end-to-end search time: 5190602 ns
Total end-to-end search time: 4422390 ns
Total end-to-end search time: 5125184 ns
Total end-to-end search time: 4340351 ns
Total end-to-end search time: 4946256 ns
Total end-to-end search time: 5632801 ns
Total end-to-end search time: 5748382 ns
Query: 8, nThreads: 4, warmup: 16
====================================================================================================
(ns)
Load index... Graph level 5..
Total end-to-end search time: 6744600 ns
Total end-to-end search time: 6677345 ns
Total end-to-end search time: 5989352 ns
Total end-to-end search time: 5725568 ns
Total end-to-end search time: 6085123 ns
Total end-to-end search time: 5755405 ns
Total end-to-end search time: 4859459 ns
Total end-to-end search time: 4875629 ns
Total end-to-end search time: 4304246 ns
Total end-to-end search time: 5555975 ns
Total end-to-end search time: 5176541 ns
Total end-to-end search time: 4415327 ns
Total end-to-end search time: 5114375 ns
Total end-to-end search time: 4309216 ns
Total end-to-end search time: 4930916 ns
Total end-to-end search time: 5637246 ns
Total end-to-end search time: 5921955 ns
Query: 8, nThreads: 4, warmup: 16
====================================================================================================
(ns)
Load index... Graph level 5..
Total end-to-end search time: 6709344 ns
Total end-to-end search time: 6659850 ns
Total end-to-end search time: 6005487 ns
Total end-to-end search time: 5706372 ns
Total end-to-end search time: 6113625 ns
Total end-to-end search time: 5817654 ns
Total end-to-end search time: 4877545 ns
Total end-to-end search time: 4860500 ns
Total end-to-end search time: 4310324 ns
Total end-to-end search time: 5548748 ns
Total end-to-end search time: 5174646 ns
Total end-to-end search time: 4437778 ns
Total end-to-end search time: 5129783 ns
Total end-to-end search time: 4350736 ns
Total end-to-end search time: 4964725 ns
Total end-to-end search time: 5662638 ns
Total end-to-end search time: 5772992 ns
Query: 8, nThreads: 4, warmup: 16
====================================================================================================
(ns)
Load index... Graph level 5..
Total end-to-end search time: 6733353 ns
Total end-to-end search time: 6661068 ns
Total end-to-end search time: 5978475 ns
Total end-to-end search time: 5685265 ns
Total end-to-end search time: 6085940 ns
Total end-to-end search time: 5783085 ns
Total end-to-end search time: 4880421 ns
Total end-to-end search time: 4887716 ns
Total end-to-end search time: 4327082 ns
Total end-to-end search time: 5610068 ns
Total end-to-end search time: 5210420 ns
Total end-to-end search time: 4460621 ns
Total end-to-end search time: 5177154 ns
Total end-to-end search time: 4354476 ns
Total end-to-end search time: 4976451 ns
Total end-to-end search time: 5683647 ns
Total end-to-end search time: 5787177 ns
Query: 8, nThreads: 4, warmup: 16
====================================================================================================
(ns)
Load index... Graph level 5..
Total end-to-end search time: 6690945 ns
Total end-to-end search time: 6637167 ns
Total end-to-end search time: 5962988 ns
Total end-to-end search time: 5679928 ns
Total end-to-end search time: 6061931 ns
Total end-to-end search time: 5786247 ns
Total end-to-end search time: 4866506 ns
Total end-to-end search time: 4867927 ns
Total end-to-end search time: 4307501 ns
Total end-to-end search time: 5578417 ns
Total end-to-end search time: 5174120 ns
Total end-to-end search time: 4419233 ns
Total end-to-end search time: 5116066 ns
Total end-to-end search time: 4310321 ns
Total end-to-end search time: 4928890 ns
Total end-to-end search time: 5611861 ns
Total end-to-end search time: 5748527 ns
Query: 8, nThreads: 4, warmup: 16
====================================================================================================
(ns)
Load index... Graph level 5..
Total end-to-end search time: 6719344 ns
Total end-to-end search time: 6662896 ns
Total end-to-end search time: 5998907 ns
Total end-to-end search time: 5699223 ns
Total end-to-end search time: 6072107 ns
Total end-to-end search time: 5767052 ns
Total end-to-end search time: 4850261 ns
Total end-to-end search time: 4849036 ns
Total end-to-end search time: 4297108 ns
Total end-to-end search time: 5566980 ns
Total end-to-end search time: 5150302 ns
Total end-to-end search time: 4433498 ns
Total end-to-end search time: 5115655 ns
Total end-to-end search time: 4380683 ns
Total end-to-end search time: 4985731 ns
Total end-to-end search time: 5615064 ns
Total end-to-end search time: 5749061 ns
Query: 8, nThreads: 4, warmup: 16
====================================================================================================
(ns)
Load index... Graph level 5..
Total end-to-end search time: 6691120 ns
Total end-to-end search time: 6634061 ns
Total end-to-end search time: 5954122 ns
Total end-to-end search time: 5667706 ns
Total end-to-end search time: 6054084 ns
Total end-to-end search time: 5785098 ns
Total end-to-end search time: 4872841 ns
Total end-to-end search time: 4876474 ns
Total end-to-end search time: 4322822 ns
Total end-to-end search time: 5592117 ns
Total end-to-end search time: 5186953 ns
Total end-to-end search time: 4416594 ns
Total end-to-end search time: 5142003 ns
Total end-to-end search time: 4308750 ns
Total end-to-end search time: 4932001 ns
Total end-to-end search time: 5608529 ns
Total end-to-end search time: 5724211 ns
