Query: 1024, nThreads: 4, warmup: 2
====================================================================================================
(ns)
Load index... Graph level 5..
Total end-to-end search time: 185981638 ns
Total end-to-end search time: 188243925 ns
Total end-to-end search time: 188552231 ns
Query: 1024, nThreads: 4, warmup: 2
====================================================================================================
(ns)
Load index... Graph level 5..
Total end-to-end search time: 186400453 ns
Total end-to-end search time: 188068866 ns
Total end-to-end search time: 189197192 ns
Query: 1024, nThreads: 4, warmup: 2
====================================================================================================
(ns)
Load index... Graph level 5..
Total end-to-end search time: 185742366 ns
Total end-to-end search time: 188181147 ns
Total end-to-end search time: 188439827 ns
Query: 1024, nThreads: 4, warmup: 2
====================================================================================================
(ns)
Load index... Graph level 5..
Total end-to-end search time: 185765180 ns
Total end-to-end search time: 189501897 ns
Total end-to-end search time: 188446748 ns
Query: 1024, nThreads: 4, warmup: 2
====================================================================================================
(ns)
Load index... Graph level 5..
Total end-to-end search time: 185600506 ns
Total end-to-end search time: 187804804 ns
Total end-to-end search time: 189733904 ns
Query: 1024, nThreads: 4, warmup: 2
====================================================================================================
(ns)
Load index... Graph level 5..
Total end-to-end search time: 186003277 ns
Total end-to-end search time: 187563661 ns
Total end-to-end search time: 188680804 ns
Query: 1024, nThreads: 4, warmup: 2
====================================================================================================
(ns)
Load index... Graph level 5..
Total end-to-end search time: 186542028 ns
Total end-to-end search time: 189416562 ns
Total end-to-end search time: 188447241 ns
Query: 1024, nThreads: 4, warmup: 2
====================================================================================================
(ns)
Load index... Graph level 5..
Total end-to-end search time: 185817129 ns
Total end-to-end search time: 188823365 ns
Total end-to-end search time: 188590554 ns
Query: 1024, nThreads: 4, warmup: 2
====================================================================================================
(ns)
Load index... Graph level 5..
Total end-to-end search time: 186964171 ns
Total end-to-end search time: 187639315 ns
Total end-to-end search time: 189895081 ns
Query: 1024, nThreads: 4, warmup: 2
====================================================================================================
(ns)
Load index... Graph level 5..
Total end-to-end search time: 185902066 ns
Total end-to-end search time: 187771462 ns
Total end-to-end search time: 188729574 ns
Query: 1024, nThreads: 4, warmup: 2
====================================================================================================
(ns)
Load index... Graph level 5..
Total end-to-end search time: 186147120 ns
Total end-to-end search time: 188288779 ns
Total end-to-end search time: 188563208 ns
Query: 1024, nThreads: 4, warmup: 2
====================================================================================================
(ns)
Load index... Graph level 5..
Total end-to-end search time: 186582676 ns
Total end-to-end search time: 187494779 ns
Total end-to-end search time: 188286473 ns
Query: 1024, nThreads: 4, warmup: 2
====================================================================================================
(ns)
Load index... Graph level 5..
Total end-to-end search time: 186192489 ns
Total end-to-end search time: 187679412 ns
Total end-to-end search time: 188820164 ns
Query: 1024, nThreads: 4, warmup: 2
====================================================================================================
(ns)
Load index... Graph level 5..
Total end-to-end search time: 186595000 ns
Total end-to-end search time: 187354702 ns
Total end-to-end search time: 189287911 ns
Query: 1024, nThreads: 4, warmup: 2
====================================================================================================
(ns)
Load index... Graph level 5..
Total end-to-end search time: 186240897 ns
Total end-to-end search time: 186868390 ns
Total end-to-end search time: 188751808 ns
Query: 1024, nThreads: 4, warmup: 2
====================================================================================================
(ns)
Load index... Graph level 5..
Total end-to-end search time: 186608975 ns
Total end-to-end search time: 187964657 ns
Total end-to-end search time: 188878822 ns
Query: 1024, nThreads: 4, warmup: 2
====================================================================================================
(ns)
Load index... Graph level 5..
Total end-to-end search time: 187041105 ns
Total end-to-end search time: 187458440 ns
Total end-to-end search time: 189186645 ns
Query: 1024, nThreads: 4, warmup: 2
====================================================================================================
(ns)
Load index... Graph level 5..
Total end-to-end search time: 186980236 ns
Total end-to-end search time: 188106871 ns
Total end-to-end search time: 189234248 ns
Query: 1024, nThreads: 4, warmup: 2
====================================================================================================
(ns)
Load index... Graph level 5..
Total end-to-end search time: 186315576 ns
Total end-to-end search time: 187757495 ns
Total end-to-end search time: 188932534 ns
Query: 1024, nThreads: 4, warmup: 2
====================================================================================================
(ns)
Load index... Graph level 5..
Total end-to-end search time: 185830657 ns
Total end-to-end search time: 188350356 ns
Total end-to-end search time: 188564608 ns
Query: 1024, nThreads: 4, warmup: 2
====================================================================================================
(ns)
Load index... Graph level 5..
Total end-to-end search time: 185500032 ns
Total end-to-end search time: 187700624 ns
Total end-to-end search time: 189311824 ns
Query: 1024, nThreads: 4, warmup: 2
====================================================================================================
(ns)
Load index... Graph level 5..
Total end-to-end search time: 186288595 ns
Total end-to-end search time: 187372984 ns
Total end-to-end search time: 188983839 ns
Query: 1024, nThreads: 4, warmup: 2
====================================================================================================
(ns)
Load index... Graph level 5..
Total end-to-end search time: 186004859 ns
Total end-to-end search time: 187776024 ns
Total end-to-end search time: 189789864 ns
Query: 1024, nThreads: 4, warmup: 2
====================================================================================================
(ns)
Load index... Graph level 5..
Total end-to-end search time: 185591429 ns
Total end-to-end search time: 188859782 ns
Total end-to-end search time: 188421381 ns
Query: 1024, nThreads: 4, warmup: 2
====================================================================================================
(ns)
Load index... Graph level 5..
Total end-to-end search time: 185152818 ns
Total end-to-end search time: 188727006 ns
Total end-to-end search time: 187984859 ns
Query: 1024, nThreads: 4, warmup: 2
====================================================================================================
(ns)
Load index... Graph level 5..
Total end-to-end search time: 186055781 ns
Total end-to-end search time: 188659308 ns
Total end-to-end search time: 188986692 ns
Query: 1024, nThreads: 4, warmup: 2
====================================================================================================
(ns)
Load index... Graph level 5..
Total end-to-end search time: 186602606 ns
Total end-to-end search time: 188169388 ns
Total end-to-end search time: 189339005 ns
Query: 1024, nThreads: 4, warmup: 2
====================================================================================================
(ns)
Load index... Graph level 5..
Total end-to-end search time: 187214752 ns
Total end-to-end search time: 188716452 ns
Total end-to-end search time: 188407397 ns
Query: 1024, nThreads: 4, warmup: 2
====================================================================================================
(ns)
Load index... Graph level 5..
Total end-to-end search time: 185834257 ns
Total end-to-end search time: 188924040 ns
Total end-to-end search time: 188857131 ns
Query: 1024, nThreads: 4, warmup: 2
====================================================================================================
(ns)
Load index... Graph level 5..
Total end-to-end search time: 187272265 ns
Total end-to-end search time: 187248843 ns
Total end-to-end search time: 189772500 ns
