Query: 128, nThreads: 16, warmup: 8
====================================================================================================
(ns)
Load index... Graph level 5..
Total end-to-end search time: 7998307 ns
Total end-to-end search time: 6886555 ns
Total end-to-end search time: 7184986 ns
Total end-to-end search time: 6827129 ns
Total end-to-end search time: 6172269 ns
Total end-to-end search time: 5986291 ns
Total end-to-end search time: 6533873 ns
Total end-to-end search time: 6962752 ns
Total end-to-end search time: 6711981 ns
Query: 128, nThreads: 16, warmup: 8
====================================================================================================
(ns)
Load index... Graph level 5..
Total end-to-end search time: 7190597 ns
Total end-to-end search time: 6870478 ns
Total end-to-end search time: 7188158 ns
Total end-to-end search time: 6787182 ns
Total end-to-end search time: 6166202 ns
Total end-to-end search time: 6053362 ns
Total end-to-end search time: 6502618 ns
Total end-to-end search time: 7006043 ns
Total end-to-end search time: 6735274 ns
Query: 128, nThreads: 16, warmup: 8
====================================================================================================
(ns)
Load index... Graph level 5..
Total end-to-end search time: 7202082 ns
Total end-to-end search time: 6878648 ns
Total end-to-end search time: 7211551 ns
Total end-to-end search time: 6761484 ns
Total end-to-end search time: 6152730 ns
Total end-to-end search time: 5991194 ns
Total end-to-end search time: 6515423 ns
Total end-to-end search time: 6999861 ns
Total end-to-end search time: 6738786 ns
Query: 128, nThreads: 16, warmup: 8
====================================================================================================
(ns)
Load index... Graph level 5..
Total end-to-end search time: 8438158 ns
Total end-to-end search time: 6912540 ns
Total end-to-end search time: 7216267 ns
Total end-to-end search time: 6751439 ns
Total end-to-end search time: 6215395 ns
Total end-to-end search time: 6004800 ns
Total end-to-end search time: 6517023 ns
Total end-to-end search time: 6942335 ns
Total end-to-end search time: 6783885 ns
Query: 128, nThreads: 16, warmup: 8
====================================================================================================
(ns)
Load index... Graph level 5..
Total end-to-end search time: 8828107 ns
Total end-to-end search time: 6883008 ns
Total end-to-end search time: 7248015 ns
Total end-to-end search time: 6739845 ns
Total end-to-end search time: 6147551 ns
Total end-to-end search time: 5977979 ns
Total end-to-end search time: 6504439 ns
Total end-to-end search time: 6997720 ns
Total end-to-end search time: 6755714 ns
Query: 128, nThreads: 16, warmup: 8
====================================================================================================
(ns)
Load index... Graph level 5..
Total end-to-end search time: 7338071 ns
Total end-to-end search time: 6884652 ns
Total end-to-end search time: 7263542 ns
Total end-to-end search time: 6831187 ns
Total end-to-end search time: 6196252 ns
Total end-to-end search time: 6007530 ns
Total end-to-end search time: 6463396 ns
Total end-to-end search time: 7021627 ns
Total end-to-end search time: 6746711 ns
Query: 128, nThreads: 16, warmup: 8
====================================================================================================
(ns)
Load index... Graph level 5..
Total end-to-end search time: 7379094 ns
Total end-to-end search time: 6881848 ns
Total end-to-end search time: 7278760 ns
Total end-to-end search time: 6849341 ns
Total end-to-end search time: 6192997 ns
Total end-to-end search time: 6059950 ns
Total end-to-end search time: 6519008 ns
Total end-to-end search time: 7009856 ns
Total end-to-end search time: 6733084 ns
Query: 128, nThreads: 16, warmup: 8
====================================================================================================
(ns)
Load index... Graph level 5..
Total end-to-end search time: 7428555 ns
Total end-to-end search time: 6933632 ns
Total end-to-end search time: 7231608 ns
Total end-to-end search time: 6796387 ns
Total end-to-end search time: 6201377 ns
Total end-to-end search time: 6021975 ns
Total end-to-end search time: 6470152 ns
Total end-to-end search time: 7013235 ns
Total end-to-end search time: 6746501 ns
Query: 128, nThreads: 16, warmup: 8
====================================================================================================
(ns)
Load index... Graph level 5..
Total end-to-end search time: 7543182 ns
Total end-to-end search time: 6881310 ns
Total end-to-end search time: 7264426 ns
Total end-to-end search time: 6793050 ns
Total end-to-end search time: 6236363 ns
Total end-to-end search time: 5981155 ns
Total end-to-end search time: 6510476 ns
Total end-to-end search time: 7004636 ns
Total end-to-end search time: 6694649 ns
Query: 128, nThreads: 16, warmup: 8
====================================================================================================
(ns)
Load index... Graph level 5..
Total end-to-end search time: 7344096 ns
Total end-to-end search time: 6901601 ns
Total end-to-end search time: 7216771 ns
Total end-to-end search time: 6738215 ns
Total end-to-end search time: 6196718 ns
Total end-to-end search time: 6005404 ns
Total end-to-end search time: 6478286 ns
Total end-to-end search time: 7036011 ns
Total end-to-end search time: 6765858 ns
Query: 128, nThreads: 16, warmup: 8
====================================================================================================
(ns)
Load index... Graph level 5..
Total end-to-end search time: 8421758 ns
Total end-to-end search time: 6877673 ns
Total end-to-end search time: 7227623 ns
Total end-to-end search time: 6806290 ns
Total end-to-end search time: 6203587 ns
Total end-to-end search time: 6004249 ns
Total end-to-end search time: 6514449 ns
Total end-to-end search time: 7011540 ns
Total end-to-end search time: 6748087 ns
Query: 128, nThreads: 16, warmup: 8
====================================================================================================
(ns)
Load index... Graph level 5..
Total end-to-end search time: 8104917 ns
Total end-to-end search time: 6883385 ns
Total end-to-end search time: 7240653 ns
Total end-to-end search time: 6825847 ns
Total end-to-end search time: 6146699 ns
Total end-to-end search time: 6015346 ns
Total end-to-end search time: 6491768 ns
Total end-to-end search time: 6999228 ns
Total end-to-end search time: 6748461 ns
Query: 128, nThreads: 16, warmup: 8
====================================================================================================
(ns)
Load index... Graph level 5..
Total end-to-end search time: 7936094 ns
Total end-to-end search time: 6923087 ns
Total end-to-end search time: 7213561 ns
Total end-to-end search time: 6859992 ns
Total end-to-end search time: 6211664 ns
Total end-to-end search time: 5953582 ns
Total end-to-end search time: 6480089 ns
Total end-to-end search time: 7023751 ns
Total end-to-end search time: 6747324 ns
Query: 128, nThreads: 16, warmup: 8
====================================================================================================
(ns)
Load index... Graph level 5..
Total end-to-end search time: 7251330 ns
Total end-to-end search time: 6868761 ns
Total end-to-end search time: 7216601 ns
Total end-to-end search time: 6825018 ns
Total end-to-end search time: 6752380 ns
Total end-to-end search time: 6010410 ns
Total end-to-end search time: 6541734 ns
Total end-to-end search time: 6960711 ns
Total end-to-end search time: 6778861 ns
Query: 128, nThreads: 16, warmup: 8
====================================================================================================
(ns)
Load index... Graph level 5..
Total end-to-end search time: 7545555 ns
Total end-to-end search time: 6893812 ns
Total end-to-end search time: 7232353 ns
Total end-to-end search time: 6738623 ns
Total end-to-end search time: 6189568 ns
Total end-to-end search time: 5994397 ns
Total end-to-end search time: 6469142 ns
Total end-to-end search time: 7034593 ns
Total end-to-end search time: 6768185 ns
Query: 128, nThreads: 16, warmup: 8
====================================================================================================
(ns)
Load index... Graph level 5..
Total end-to-end search time: 7274941 ns
Total end-to-end search time: 6857954 ns
Total end-to-end search time: 7218848 ns
Total end-to-end search time: 6821588 ns
Total end-to-end search time: 6190511 ns
Total end-to-end search time: 6006810 ns
Total end-to-end search time: 6466787 ns
Total end-to-end search time: 7038903 ns
Total end-to-end search time: 6728947 ns
Query: 128, nThreads: 16, warmup: 8
====================================================================================================
(ns)
Load index... Graph level 5..
Total end-to-end search time: 8380628 ns
Total end-to-end search time: 6836281 ns
Total end-to-end search time: 7263938 ns
Total end-to-end search time: 6791096 ns
Total end-to-end search time: 6148131 ns
Total end-to-end search time: 6029649 ns
Total end-to-end search time: 6505685 ns
Total end-to-end search time: 7059047 ns
Total end-to-end search time: 6739217 ns
Query: 128, nThreads: 16, warmup: 8
====================================================================================================
(ns)
Load index... Graph level 5..
Total end-to-end search time: 7980972 ns
Total end-to-end search time: 6837396 ns
Total end-to-end search time: 7225139 ns
Total end-to-end search time: 6773856 ns
Total end-to-end search time: 6226050 ns
Total end-to-end search time: 5976368 ns
Total end-to-end search time: 6495615 ns
Total end-to-end search time: 6960265 ns
Total end-to-end search time: 6791751 ns
Query: 128, nThreads: 16, warmup: 8
====================================================================================================
(ns)
Load index... Graph level 5..
Total end-to-end search time: 7584151 ns
Total end-to-end search time: 6834818 ns
Total end-to-end search time: 7222475 ns
Total end-to-end search time: 6837008 ns
Total end-to-end search time: 6186300 ns
Total end-to-end search time: 6018192 ns
Total end-to-end search time: 6553494 ns
Total end-to-end search time: 6950725 ns
Total end-to-end search time: 6738866 ns
Query: 128, nThreads: 16, warmup: 8
====================================================================================================
(ns)
Load index... Graph level 5..
Total end-to-end search time: 7180500 ns
Total end-to-end search time: 6877720 ns
Total end-to-end search time: 7196100 ns
Total end-to-end search time: 6756018 ns
Total end-to-end search time: 6169908 ns
Total end-to-end search time: 6000239 ns
Total end-to-end search time: 6509632 ns
Total end-to-end search time: 6989619 ns
Total end-to-end search time: 6728119 ns
Query: 128, nThreads: 16, warmup: 8
====================================================================================================
(ns)
Load index... Graph level 5..
Total end-to-end search time: 7631910 ns
Total end-to-end search time: 6823232 ns
Total end-to-end search time: 7232808 ns
Total end-to-end search time: 6767386 ns
Total end-to-end search time: 6202890 ns
Total end-to-end search time: 6079894 ns
Total end-to-end search time: 6540297 ns
Total end-to-end search time: 6996312 ns
Total end-to-end search time: 6762117 ns
Query: 128, nThreads: 16, warmup: 8
====================================================================================================
(ns)
Load index... Graph level 5..
Total end-to-end search time: 7273456 ns
Total end-to-end search time: 6877109 ns
Total end-to-end search time: 7255339 ns
Total end-to-end search time: 6830129 ns
Total end-to-end search time: 6142235 ns
Total end-to-end search time: 6023408 ns
Total end-to-end search time: 6488658 ns
Total end-to-end search time: 6985893 ns
Total end-to-end search time: 6718341 ns
Query: 128, nThreads: 16, warmup: 8
====================================================================================================
(ns)
Load index... Graph level 5..
Total end-to-end search time: 7191516 ns
Total end-to-end search time: 6872384 ns
Total end-to-end search time: 7306471 ns
Total end-to-end search time: 6782019 ns
Total end-to-end search time: 6209963 ns
Total end-to-end search time: 5953358 ns
Total end-to-end search time: 6648921 ns
Total end-to-end search time: 6987459 ns
Total end-to-end search time: 6695031 ns
Query: 128, nThreads: 16, warmup: 8
====================================================================================================
(ns)
Load index... Graph level 5..
Total end-to-end search time: 7435168 ns
Total end-to-end search time: 6858072 ns
Total end-to-end search time: 7236846 ns
Total end-to-end search time: 6811841 ns
Total end-to-end search time: 6169268 ns
Total end-to-end search time: 6021451 ns
Total end-to-end search time: 6495965 ns
Total end-to-end search time: 7036744 ns
Total end-to-end search time: 6768119 ns
Query: 128, nThreads: 16, warmup: 8
====================================================================================================
(ns)
Load index... Graph level 5..
Total end-to-end search time: 7377851 ns
Total end-to-end search time: 6835712 ns
Total end-to-end search time: 7231394 ns
Total end-to-end search time: 6826234 ns
Total end-to-end search time: 6213411 ns
Total end-to-end search time: 5963330 ns
Total end-to-end search time: 6488190 ns
Total end-to-end search time: 7016731 ns
Total end-to-end search time: 6764533 ns
Query: 128, nThreads: 16, warmup: 8
====================================================================================================
(ns)
Load index... Graph level 5..
Total end-to-end search time: 7192396 ns
Total end-to-end search time: 6848665 ns
Total end-to-end search time: 7207996 ns
Total end-to-end search time: 6749815 ns
Total end-to-end search time: 6183220 ns
Total end-to-end search time: 5965484 ns
Total end-to-end search time: 6497225 ns
Total end-to-end search time: 7001542 ns
Total end-to-end search time: 6712822 ns
Query: 128, nThreads: 16, warmup: 8
====================================================================================================
(ns)
Load index... Graph level 5..
Total end-to-end search time: 7409166 ns
Total end-to-end search time: 6862153 ns
Total end-to-end search time: 7240335 ns
Total end-to-end search time: 6808067 ns
Total end-to-end search time: 6155749 ns
Total end-to-end search time: 5998330 ns
Total end-to-end search time: 6494254 ns
Total end-to-end search time: 7014471 ns
Total end-to-end search time: 6722559 ns
Query: 128, nThreads: 16, warmup: 8
====================================================================================================
(ns)
Load index... Graph level 5..
Total end-to-end search time: 7130332 ns
Total end-to-end search time: 6901739 ns
Total end-to-end search time: 7268664 ns
Total end-to-end search time: 6746740 ns
Total end-to-end search time: 6204002 ns
Total end-to-end search time: 6012395 ns
Total end-to-end search time: 6474795 ns
Total end-to-end search time: 7003414 ns
Total end-to-end search time: 6735571 ns
Query: 128, nThreads: 16, warmup: 8
====================================================================================================
(ns)
Load index... Graph level 5..
Total end-to-end search time: 7386026 ns
Total end-to-end search time: 6918174 ns
Total end-to-end search time: 7194696 ns
Total end-to-end search time: 6777635 ns
Total end-to-end search time: 6189490 ns
Total end-to-end search time: 6062069 ns
Total end-to-end search time: 6477420 ns
Total end-to-end search time: 6956396 ns
Total end-to-end search time: 6776563 ns
Query: 128, nThreads: 16, warmup: 8
====================================================================================================
(ns)
Load index... Graph level 5..
Total end-to-end search time: 7571691 ns
Total end-to-end search time: 6903651 ns
Total end-to-end search time: 7231073 ns
Total end-to-end search time: 6793119 ns
Total end-to-end search time: 6223632 ns
Total end-to-end search time: 5953074 ns
Total end-to-end search time: 6457734 ns
Total end-to-end search time: 7090044 ns
Total end-to-end search time: 6722677 ns
