Query: 128, nThreads: 4, warmup: 8
====================================================================================================
(ns)
Load index... Graph level 5..
Total end-to-end search time: 23361847 ns
Total end-to-end search time: 24763732 ns
Total end-to-end search time: 26451895 ns
Total end-to-end search time: 24577049 ns
Total end-to-end search time: 21802863 ns
Total end-to-end search time: 21128983 ns
Total end-to-end search time: 22882546 ns
Total end-to-end search time: 24485699 ns
Total end-to-end search time: 23523501 ns
Query: 128, nThreads: 4, warmup: 8
====================================================================================================
(ns)
Load index... Graph level 5..
Total end-to-end search time: 23197847 ns
Total end-to-end search time: 24815488 ns
Total end-to-end search time: 26255906 ns
Total end-to-end search time: 24430310 ns
Total end-to-end search time: 21826847 ns
Total end-to-end search time: 21062029 ns
Total end-to-end search time: 22930486 ns
Total end-to-end search time: 24665175 ns
Total end-to-end search time: 23548230 ns
Query: 128, nThreads: 4, warmup: 8
====================================================================================================
(ns)
Load index... Graph level 5..
Total end-to-end search time: 22998210 ns
Total end-to-end search time: 24583940 ns
Total end-to-end search time: 26033454 ns
Total end-to-end search time: 24349771 ns
Total end-to-end search time: 21671318 ns
Total end-to-end search time: 21092451 ns
Total end-to-end search time: 22861305 ns
Total end-to-end search time: 24435881 ns
Total end-to-end search time: 23543046 ns
Query: 128, nThreads: 4, warmup: 8
====================================================================================================
(ns)
Load index... Graph level 5..
Total end-to-end search time: 22857969 ns
Total end-to-end search time: 25040158 ns
Total end-to-end search time: 26181386 ns
Total end-to-end search time: 24254101 ns
Total end-to-end search time: 21941614 ns
Total end-to-end search time: 20925386 ns
Total end-to-end search time: 23021376 ns
Total end-to-end search time: 24448688 ns
Total end-to-end search time: 23549115 ns
Query: 128, nThreads: 4, warmup: 8
====================================================================================================
(ns)
Load index... Graph level 5..
Total end-to-end search time: 23079798 ns
Total end-to-end search time: 24690695 ns
Total end-to-end search time: 26262268 ns
Total end-to-end search time: 24491624 ns
Total end-to-end search time: 21683981 ns
Total end-to-end search time: 20864353 ns
Total end-to-end search time: 22951226 ns
Total end-to-end search time: 24321271 ns
Total end-to-end search time: 23667574 ns
Query: 128, nThreads: 4, warmup: 8
====================================================================================================
(ns)
Load index... Graph level 5..
Total end-to-end search time: 22963455 ns
Total end-to-end search time: 24516918 ns
Total end-to-end search time: 26109853 ns
Total end-to-end search time: 24376793 ns
Total end-to-end search time: 21818285 ns
Total end-to-end search time: 21061149 ns
Total end-to-end search time: 22881225 ns
Total end-to-end search time: 24633990 ns
Total end-to-end search time: 23744763 ns
Query: 128, nThreads: 4, warmup: 8
====================================================================================================
(ns)
Load index... Graph level 5..
Total end-to-end search time: 23165117 ns
Total end-to-end search time: 24859163 ns
Total end-to-end search time: 26283419 ns
Total end-to-end search time: 24510438 ns
Total end-to-end search time: 21771086 ns
Total end-to-end search time: 21049220 ns
Total end-to-end search time: 22879098 ns
Total end-to-end search time: 24506744 ns
Total end-to-end search time: 23659273 ns
Query: 128, nThreads: 4, warmup: 8
====================================================================================================
(ns)
Load index... Graph level 5..
Total end-to-end search time: 23249546 ns
Total end-to-end search time: 24711773 ns
Total end-to-end search time: 26279554 ns
Total end-to-end search time: 24403078 ns
Total end-to-end search time: 21827427 ns
Total end-to-end search time: 20992086 ns
Total end-to-end search time: 22905268 ns
Total end-to-end search time: 24569687 ns
Total end-to-end search time: 23636367 ns
Query: 128, nThreads: 4, warmup: 8
====================================================================================================
(ns)
Load index... Graph level 5..
Total end-to-end search time: 23130421 ns
Total end-to-end search time: 24792768 ns
Total end-to-end search time: 26187675 ns
Total end-to-end search time: 24495842 ns
Total end-to-end search time: 21746470 ns
Total end-to-end search time: 20975281 ns
Total end-to-end search time: 22840126 ns
Total end-to-end search time: 24450739 ns
Total end-to-end search time: 23683565 ns
Query: 128, nThreads: 4, warmup: 8
====================================================================================================
(ns)
Load index... Graph level 5..
Total end-to-end search time: 22942632 ns
Total end-to-end search time: 24520480 ns
Total end-to-end search time: 26096572 ns
Total end-to-end search time: 24391845 ns
Total end-to-end search time: 21665640 ns
Total end-to-end search time: 20960329 ns
Total end-to-end search time: 23002062 ns
Total end-to-end search time: 24483090 ns
Total end-to-end search time: 23599287 ns
Query: 128, nThreads: 4, warmup: 8
====================================================================================================
(ns)
Load index... Graph level 5..
Total end-to-end search time: 22806880 ns
Total end-to-end search time: 24859883 ns
Total end-to-end search time: 26332631 ns
Total end-to-end search time: 24529061 ns
Total end-to-end search time: 21839558 ns
Total end-to-end search time: 21100528 ns
Total end-to-end search time: 22917385 ns
Total end-to-end search time: 24595729 ns
Total end-to-end search time: 23672695 ns
Query: 128, nThreads: 4, warmup: 8
====================================================================================================
(ns)
Load index... Graph level 5..
Total end-to-end search time: 23214563 ns
Total end-to-end search time: 24509443 ns
Total end-to-end search time: 26226516 ns
Total end-to-end search time: 24301414 ns
Total end-to-end search time: 21808338 ns
Total end-to-end search time: 20946160 ns
Total end-to-end search time: 23003137 ns
Total end-to-end search time: 24464473 ns
Total end-to-end search time: 23592372 ns
Query: 128, nThreads: 4, warmup: 8
====================================================================================================
(ns)
Load index... Graph level 5..
Total end-to-end search time: 22837861 ns
Total end-to-end search time: 24608272 ns
Total end-to-end search time: 26079165 ns
Total end-to-end search time: 24308028 ns
Total end-to-end search time: 21802098 ns
Total end-to-end search time: 20937047 ns
Total end-to-end search time: 23068704 ns
Total end-to-end search time: 24433626 ns
Total end-to-end search time: 23680027 ns
Query: 128, nThreads: 4, warmup: 8
====================================================================================================
(ns)
Load index... Graph level 5..
Total end-to-end search time: 23080915 ns
Total end-to-end search time: 24885497 ns
Total end-to-end search time: 26021568 ns
Total end-to-end search time: 24622317 ns
Total end-to-end search time: 21751125 ns
Total end-to-end search time: 21158089 ns
Total end-to-end search time: 22873379 ns
Total end-to-end search time: 24684842 ns
Total end-to-end search time: 23775349 ns
Query: 128, nThreads: 4, warmup: 8
====================================================================================================
(ns)
Load index... Graph level 5..
Total end-to-end search time: 23142013 ns
Total end-to-end search time: 24723953 ns
Total end-to-end search time: 26257766 ns
Total end-to-end search time: 24561010 ns
Total end-to-end search time: 21841440 ns
Total end-to-end search time: 21054364 ns
Total end-to-end search time: 22835381 ns
Total end-to-end search time: 24773324 ns
Total end-to-end search time: 23628273 ns
Query: 128, nThreads: 4, warmup: 8
====================================================================================================
(ns)
Load index... Graph level 5..
Total end-to-end search time: 23092168 ns
Total end-to-end search time: 24765881 ns
Total end-to-end search time: 26457762 ns
Total end-to-end search time: 24476256 ns
Total end-to-end search time: 21679199 ns
Total end-to-end search time: 21001926 ns
Total end-to-end search time: 23064028 ns
Total end-to-end search time: 24452128 ns
Total end-to-end search time: 23598923 ns
Query: 128, nThreads: 4, warmup: 8
====================================================================================================
(ns)
Load index... Graph level 5..
Total end-to-end search time: 22949339 ns
Total end-to-end search time: 24431739 ns
Total end-to-end search time: 26165536 ns
Total end-to-end search time: 24312119 ns
Total end-to-end search time: 21818510 ns
Total end-to-end search time: 20950683 ns
Total end-to-end search time: 22964083 ns
Total end-to-end search time: 24625995 ns
Total end-to-end search time: 23549232 ns
Query: 128, nThreads: 4, warmup: 8
====================================================================================================
(ns)
Load index... Graph level 5..
Total end-to-end search time: 22974370 ns
Total end-to-end search time: 24618001 ns
Total end-to-end search time: 26336151 ns
Total end-to-end search time: 24389526 ns
Total end-to-end search time: 21983132 ns
Total end-to-end search time: 21329955 ns
Total end-to-end search time: 23256989 ns
Total end-to-end search time: 24421747 ns
Total end-to-end search time: 23666332 ns
Query: 128, nThreads: 4, warmup: 8
====================================================================================================
(ns)
Load index... Graph level 5..
Total end-to-end search time: 23083909 ns
Total end-to-end search time: 24714160 ns
Total end-to-end search time: 26136237 ns
Total end-to-end search time: 24470003 ns
Total end-to-end search time: 21775929 ns
Total end-to-end search time: 20972382 ns
Total end-to-end search time: 22818397 ns
Total end-to-end search time: 24527474 ns
Total end-to-end search time: 23508546 ns
Query: 128, nThreads: 4, warmup: 8
====================================================================================================
(ns)
Load index... Graph level 5..
Total end-to-end search time: 22837232 ns
Total end-to-end search time: 24584411 ns
Total end-to-end search time: 26189830 ns
Total end-to-end search time: 24256203 ns
Total end-to-end search time: 21717010 ns
Total end-to-end search time: 20964979 ns
Total end-to-end search time: 22934726 ns
Total end-to-end search time: 24444581 ns
Total end-to-end search time: 23543418 ns
Query: 128, nThreads: 4, warmup: 8
====================================================================================================
(ns)
Load index... Graph level 5..
Total end-to-end search time: 22885323 ns
Total end-to-end search time: 24503049 ns
Total end-to-end search time: 26150121 ns
Total end-to-end search time: 24572866 ns
Total end-to-end search time: 21728783 ns
Total end-to-end search time: 20992156 ns
Total end-to-end search time: 23010518 ns
Total end-to-end search time: 24591556 ns
Total end-to-end search time: 23530029 ns
Query: 128, nThreads: 4, warmup: 8
====================================================================================================
(ns)
Load index... Graph level 5..
Total end-to-end search time: 23057284 ns
Total end-to-end search time: 24696872 ns
Total end-to-end search time: 26295689 ns
Total end-to-end search time: 24545321 ns
Total end-to-end search time: 21734379 ns
Total end-to-end search time: 20969176 ns
Total end-to-end search time: 23064757 ns
Total end-to-end search time: 24474520 ns
Total end-to-end search time: 23713570 ns
Query: 128, nThreads: 4, warmup: 8
====================================================================================================
(ns)
Load index... Graph level 5..
Total end-to-end search time: 23181944 ns
Total end-to-end search time: 24822242 ns
Total end-to-end search time: 26305041 ns
Total end-to-end search time: 25001153 ns
Total end-to-end search time: 21853312 ns
Total end-to-end search time: 20979005 ns
Total end-to-end search time: 22972491 ns
Total end-to-end search time: 24606114 ns
Total end-to-end search time: 23655965 ns
Query: 128, nThreads: 4, warmup: 8
====================================================================================================
(ns)
Load index... Graph level 5..
Total end-to-end search time: 22999900 ns
Total end-to-end search time: 24503447 ns
Total end-to-end search time: 26157239 ns
Total end-to-end search time: 24369819 ns
Total end-to-end search time: 21703103 ns
Total end-to-end search time: 21094604 ns
Total end-to-end search time: 22984130 ns
Total end-to-end search time: 24580110 ns
Total end-to-end search time: 23691211 ns
Query: 128, nThreads: 4, warmup: 8
====================================================================================================
(ns)
Load index... Graph level 5..
Total end-to-end search time: 22994906 ns
Total end-to-end search time: 24491571 ns
Total end-to-end search time: 26141091 ns
Total end-to-end search time: 24441774 ns
Total end-to-end search time: 21861227 ns
Total end-to-end search time: 21762485 ns
Total end-to-end search time: 23140971 ns
Total end-to-end search time: 24556239 ns
Total end-to-end search time: 23647684 ns
Query: 128, nThreads: 4, warmup: 8
====================================================================================================
(ns)
Load index... Graph level 5..
Total end-to-end search time: 23068421 ns
Total end-to-end search time: 24823736 ns
Total end-to-end search time: 26621005 ns
Total end-to-end search time: 24473932 ns
Total end-to-end search time: 21721427 ns
Total end-to-end search time: 20901385 ns
Total end-to-end search time: 23047342 ns
Total end-to-end search time: 24463112 ns
Total end-to-end search time: 23647278 ns
Query: 128, nThreads: 4, warmup: 8
====================================================================================================
(ns)
Load index... Graph level 5..
Total end-to-end search time: 23153223 ns
Total end-to-end search time: 24735906 ns
Total end-to-end search time: 26621258 ns
Total end-to-end search time: 24336680 ns
Total end-to-end search time: 21644492 ns
Total end-to-end search time: 20966191 ns
Total end-to-end search time: 22976387 ns
Total end-to-end search time: 24494229 ns
Total end-to-end search time: 23769081 ns
Query: 128, nThreads: 4, warmup: 8
====================================================================================================
(ns)
Load index... Graph level 5..
Total end-to-end search time: 22871179 ns
Total end-to-end search time: 24494585 ns
Total end-to-end search time: 26244893 ns
Total end-to-end search time: 24396167 ns
Total end-to-end search time: 21787763 ns
Total end-to-end search time: 21232276 ns
Total end-to-end search time: 22947046 ns
Total end-to-end search time: 24627775 ns
Total end-to-end search time: 23684176 ns
Query: 128, nThreads: 4, warmup: 8
====================================================================================================
(ns)
Load index... Graph level 5..
Total end-to-end search time: 22865693 ns
Total end-to-end search time: 24598724 ns
Total end-to-end search time: 26530138 ns
Total end-to-end search time: 24619955 ns
Total end-to-end search time: 22006992 ns
Total end-to-end search time: 20961245 ns
Total end-to-end search time: 23065802 ns
Total end-to-end search time: 24450725 ns
Total end-to-end search time: 23625568 ns
Query: 128, nThreads: 4, warmup: 8
====================================================================================================
(ns)
Load index... Graph level 5..
Total end-to-end search time: 22992768 ns
Total end-to-end search time: 25001883 ns
Total end-to-end search time: 26086754 ns
Total end-to-end search time: 24605449 ns
Total end-to-end search time: 21781051 ns
Total end-to-end search time: 21055909 ns
Total end-to-end search time: 22936626 ns
Total end-to-end search time: 24574567 ns
Total end-to-end search time: 23633316 ns
