Query: 2048, nThreads: 2, warmup: 1
====================================================================================================
(ns)
Load index... Graph level 5..
Total end-to-end search time: 733434887 ns
Total end-to-end search time: 728440653 ns
Query: 2048, nThreads: 2, warmup: 1
====================================================================================================
(ns)
Load index... Graph level 5..
Total end-to-end search time: 738563682 ns
Total end-to-end search time: 730212966 ns
Query: 2048, nThreads: 2, warmup: 1
====================================================================================================
(ns)
Load index... Graph level 5..
Total end-to-end search time: 738443810 ns
Total end-to-end search time: 732369263 ns
Query: 2048, nThreads: 2, warmup: 1
====================================================================================================
(ns)
Load index... Graph level 5..
Total end-to-end search time: 740621112 ns
Total end-to-end search time: 731611491 ns
Query: 2048, nThreads: 2, warmup: 1
====================================================================================================
(ns)
Load index... Graph level 5..
Total end-to-end search time: 742839112 ns
Total end-to-end search time: 731386511 ns
Query: 2048, nThreads: 2, warmup: 1
====================================================================================================
(ns)
Load index... Graph level 5..
Total end-to-end search time: 746555709 ns
Total end-to-end search time: 727919063 ns
Query: 2048, nThreads: 2, warmup: 1
====================================================================================================
(ns)
Load index... Graph level 5..
Total end-to-end search time: 741567484 ns
Total end-to-end search time: 723364756 ns
Query: 2048, nThreads: 2, warmup: 1
====================================================================================================
(ns)
Load index... Graph level 5..
Total end-to-end search time: 737861338 ns
Total end-to-end search time: 722439416 ns
Query: 2048, nThreads: 2, warmup: 1
====================================================================================================
(ns)
Load index... Graph level 5..
Total end-to-end search time: 734782323 ns
Total end-to-end search time: 726037361 ns
Query: 2048, nThreads: 2, warmup: 1
====================================================================================================
(ns)
Load index... Graph level 5..
Total end-to-end search time: 733800897 ns
Total end-to-end search time: 735123329 ns
Query: 2048, nThreads: 2, warmup: 1
====================================================================================================
(ns)
Load index... Graph level 5..
Total end-to-end search time: 737285686 ns
Total end-to-end search time: 731120361 ns
Query: 2048, nThreads: 2, warmup: 1
====================================================================================================
(ns)
Load index... Graph level 5..
Total end-to-end search time: 745454444 ns
Total end-to-end search time: 730856089 ns
Query: 2048, nThreads: 2, warmup: 1
====================================================================================================
(ns)
Load index... Graph level 5..
Total end-to-end search time: 741630193 ns
Total end-to-end search time: 727652330 ns
Query: 2048, nThreads: 2, warmup: 1
====================================================================================================
(ns)
Load index... Graph level 5..
Total end-to-end search time: 741507877 ns
Total end-to-end search time: 727088419 ns
Query: 2048, nThreads: 2, warmup: 1
====================================================================================================
(ns)
Load index... Graph level 5..
Total end-to-end search time: 737590390 ns
Total end-to-end search time: 725893301 ns
Query: 2048, nThreads: 2, warmup: 1
====================================================================================================
(ns)
Load index... Graph level 5..
Total end-to-end search time: 738618035 ns
Total end-to-end search time: 726332787 ns
Query: 2048, nThreads: 2, warmup: 1
====================================================================================================
(ns)
Load index... Graph level 5..
Total end-to-end search time: 736266044 ns
Total end-to-end search time: 727400591 ns
Query: 2048, nThreads: 2, warmup: 1
====================================================================================================
(ns)
Load index... Graph level 5..
Total end-to-end search time: 738936507 ns
Total end-to-end search time: 730372644 ns
Query: 2048, nThreads: 2, warmup: 1
====================================================================================================
(ns)
Load index... Graph level 5..
Total end-to-end search time: 738330694 ns
Total end-to-end search time: 732198415 ns
Query: 2048, nThreads: 2, warmup: 1
====================================================================================================
(ns)
Load index... Graph level 5..
Total end-to-end search time: 741461373 ns
Total end-to-end search time: 736185301 ns
Query: 2048, nThreads: 2, warmup: 1
====================================================================================================
(ns)
Load index... Graph level 5..
Total end-to-end search time: 742585305 ns
Total end-to-end search time: 728138244 ns
Query: 2048, nThreads: 2, warmup: 1
====================================================================================================
(ns)
Load index... Graph level 5..
Total end-to-end search time: 740016663 ns
Total end-to-end search time: 727220239 ns
Query: 2048, nThreads: 2, warmup: 1
====================================================================================================
(ns)
Load index... Graph level 5..
Total end-to-end search time: 741339290 ns
Total end-to-end search time: 723942226 ns
Query: 2048, nThreads: 2, warmup: 1
====================================================================================================
(ns)
Load index... Graph level 5..
Total end-to-end search time: 738024504 ns
Total end-to-end search time: 723386294 ns
Query: 2048, nThreads: 2, warmup: 1
====================================================================================================
(ns)
Load index... Graph level 5..
Total end-to-end search time: 733620868 ns
Total end-to-end search time: 726806903 ns
Query: 2048, nThreads: 2, warmup: 1
====================================================================================================
(ns)
Load index... Graph level 5..
Total end-to-end search time: 733521782 ns
Total end-to-end search time: 727322092 ns
Query: 2048, nThreads: 2, warmup: 1
====================================================================================================
(ns)
Load index... Graph level 5..
Total end-to-end search time: 738367907 ns
Total end-to-end search time: 730882945 ns
Query: 2048, nThreads: 2, warmup: 1
====================================================================================================
(ns)
Load index... Graph level 5..
Total end-to-end search time: 744478661 ns
Total end-to-end search time: 729809113 ns
Query: 2048, nThreads: 2, warmup: 1
====================================================================================================
(ns)
Load index... Graph level 5..
Total end-to-end search time: 742039861 ns
Total end-to-end search time: 727543597 ns
Query: 2048, nThreads: 2, warmup: 1
====================================================================================================
(ns)
Load index... Graph level 5..
Total end-to-end search time: 744104984 ns
Total end-to-end search time: 732025699 ns
