Query: 256, nThreads: 4, warmup: 8
====================================================================================================
(ns)
Load index... Graph level 5..
Total end-to-end search time: 47059093 ns
Total end-to-end search time: 50214066 ns
Total end-to-end search time: 42901393 ns
Total end-to-end search time: 47451970 ns
Total end-to-end search time: 46955174 ns
Total end-to-end search time: 45614439 ns
Total end-to-end search time: 50278291 ns
Total end-to-end search time: 45809366 ns
Total end-to-end search time: 47549226 ns
Query: 256, nThreads: 4, warmup: 8
====================================================================================================
(ns)
Load index... Graph level 5..
Total end-to-end search time: 47157929 ns
Total end-to-end search time: 50025302 ns
Total end-to-end search time: 42860612 ns
Total end-to-end search time: 47589679 ns
Total end-to-end search time: 47173612 ns
Total end-to-end search time: 45495104 ns
Total end-to-end search time: 50124146 ns
Total end-to-end search time: 45742977 ns
Total end-to-end search time: 47541704 ns
Query: 256, nThreads: 4, warmup: 8
====================================================================================================
(ns)
Load index... Graph level 5..
Total end-to-end search time: 46960871 ns
Total end-to-end search time: 50135182 ns
Total end-to-end search time: 42713646 ns
Total end-to-end search time: 47404022 ns
Total end-to-end search time: 46936635 ns
Total end-to-end search time: 45567060 ns
Total end-to-end search time: 50139630 ns
Total end-to-end search time: 46006482 ns
Total end-to-end search time: 47598736 ns
Query: 256, nThreads: 4, warmup: 8
====================================================================================================
(ns)
Load index... Graph level 5..
Total end-to-end search time: 47080424 ns
Total end-to-end search time: 50097847 ns
Total end-to-end search time: 42982408 ns
Total end-to-end search time: 47437530 ns
Total end-to-end search time: 47258313 ns
Total end-to-end search time: 45147851 ns
Total end-to-end search time: 50069051 ns
Total end-to-end search time: 46005433 ns
Total end-to-end search time: 47405115 ns
Query: 256, nThreads: 4, warmup: 8
====================================================================================================
(ns)
Load index... Graph level 5..
Total end-to-end search time: 47228606 ns
Total end-to-end search time: 50231035 ns
Total end-to-end search time: 42680193 ns
Total end-to-end search time: 47422119 ns
Total end-to-end search time: 46957643 ns
Total end-to-end search time: 45508752 ns
Total end-to-end search time: 50169149 ns
Total end-to-end search time: 45958873 ns
Total end-to-end search time: 47226323 ns
Query: 256, nThreads: 4, warmup: 8
====================================================================================================
(ns)
Load index... Graph level 5..
Total end-to-end search time: 47155061 ns
Total end-to-end search time: 50111724 ns
Total end-to-end search time: 42605772 ns
Total end-to-end search time: 47916557 ns
Total end-to-end search time: 47304300 ns
Total end-to-end search time: 45734513 ns
Total end-to-end search time: 50114548 ns
Total end-to-end search time: 45867876 ns
Total end-to-end search time: 47545172 ns
Query: 256, nThreads: 4, warmup: 8
====================================================================================================
(ns)
Load index... Graph level 5..
Total end-to-end search time: 47506131 ns
Total end-to-end search time: 49833846 ns
Total end-to-end search time: 42874828 ns
Total end-to-end search time: 47690710 ns
Total end-to-end search time: 47040707 ns
Total end-to-end search time: 45414952 ns
Total end-to-end search time: 49968663 ns
Total end-to-end search time: 45624546 ns
Total end-to-end search time: 47601293 ns
Query: 256, nThreads: 4, warmup: 8
====================================================================================================
(ns)
Load index... Graph level 5..
Total end-to-end search time: 47199253 ns
Total end-to-end search time: 49752523 ns
Total end-to-end search time: 42726851 ns
Total end-to-end search time: 47386810 ns
Total end-to-end search time: 47555282 ns
Total end-to-end search time: 45787154 ns
Total end-to-end search time: 50305509 ns
Total end-to-end search time: 45601047 ns
Total end-to-end search time: 47644850 ns
Query: 256, nThreads: 4, warmup: 8
====================================================================================================
(ns)
Load index... Graph level 5..
Total end-to-end search time: 47052069 ns
Total end-to-end search time: 50023097 ns
Total end-to-end search time: 42560521 ns
Total end-to-end search time: 47450829 ns
Total end-to-end search time: 47270658 ns
Total end-to-end search time: 45427673 ns
Total end-to-end search time: 50143836 ns
Total end-to-end search time: 45745173 ns
Total end-to-end search time: 47480335 ns
Query: 256, nThreads: 4, warmup: 8
====================================================================================================
(ns)
Load index... Graph level 5..
Total end-to-end search time: 46933596 ns
Total end-to-end search time: 50027615 ns
Total end-to-end search time: 42491725 ns
Total end-to-end search time: 47431173 ns
Total end-to-end search time: 46997087 ns
Total end-to-end search time: 45597451 ns
Total end-to-end search time: 50238678 ns
Total end-to-end search time: 45630985 ns
Total end-to-end search time: 47456307 ns
Query: 256, nThreads: 4, warmup: 8
====================================================================================================
(ns)
Load index... Graph level 5..
Total end-to-end search time: 47068973 ns
Total end-to-end search time: 49845395 ns
Total end-to-end search time: 42524293 ns
Total end-to-end search time: 47226088 ns
Total end-to-end search time: 47026128 ns
Total end-to-end search time: 45396223 ns
Total end-to-end search time: 50209145 ns
Total end-to-end search time: 45611633 ns
Total end-to-end search time: 47493027 ns
Query: 256, nThreads: 4, warmup: 8
====================================================================================================
(ns)
Load index... Graph level 5..
Total end-to-end search time: 46928924 ns
Total end-to-end search time: 50209052 ns
Total end-to-end search time: 42449088 ns
Total end-to-end search time: 47550168 ns
Total end-to-end search time: 46925157 ns
Total end-to-end search time: 45803276 ns
Total end-to-end search time: 50050866 ns
Total end-to-end search time: 46043501 ns
Total end-to-end search time: 47283234 ns
Query: 256, nThreads: 4, warmup: 8
====================================================================================================
(ns)
Load index... Graph level 5..
Total end-to-end search time: 47142887 ns
Total end-to-end search time: 49951113 ns
Total end-to-end search time: 42523747 ns
Total end-to-end search time: 47461705 ns
Total end-to-end search time: 47046114 ns
Total end-to-end search time: 45561990 ns
Total end-to-end search time: 50197563 ns
Total end-to-end search time: 45696128 ns
Total end-to-end search time: 47463212 ns
Query: 256, nThreads: 4, warmup: 8
====================================================================================================
(ns)
Load index... Graph level 5..
Total end-to-end search time: 47074866 ns
Total end-to-end search time: 49767116 ns
Total end-to-end search time: 42608895 ns
Total end-to-end search time: 47455114 ns
Total end-to-end search time: 47054197 ns
Total end-to-end search time: 45447425 ns
Total end-to-end search time: 50278778 ns
Total end-to-end search time: 45881363 ns
Total end-to-end search time: 47680454 ns
Query: 256, nThreads: 4, warmup: 8
====================================================================================================
(ns)
Load index... Graph level 5..
Total end-to-end search time: 47464542 ns
Total end-to-end search time: 49946430 ns
Total end-to-end search time: 42735857 ns
Total end-to-end search time: 47910173 ns
Total end-to-end search time: 47127567 ns
Total end-to-end search time: 45377774 ns
Total end-to-end search time: 50005194 ns
Total end-to-end search time: 45693840 ns
Total end-to-end search time: 47500305 ns
Query: 256, nThreads: 4, warmup: 8
====================================================================================================
(ns)
Load index... Graph level 5..
Total end-to-end search time: 47113262 ns
Total end-to-end search time: 49979618 ns
Total end-to-end search time: 42686083 ns
Total end-to-end search time: 47465783 ns
Total end-to-end search time: 47156832 ns
Total end-to-end search time: 45581515 ns
Total end-to-end search time: 50274994 ns
Total end-to-end search time: 45709370 ns
Total end-to-end search time: 47651996 ns
Query: 256, nThreads: 4, warmup: 8
====================================================================================================
(ns)
Load index... Graph level 5..
Total end-to-end search time: 47066627 ns
Total end-to-end search time: 49919813 ns
Total end-to-end search time: 42701349 ns
Total end-to-end search time: 47342309 ns
Total end-to-end search time: 47214172 ns
Total end-to-end search time: 45915943 ns
Total end-to-end search time: 50136728 ns
Total end-to-end search time: 45765395 ns
Total end-to-end search time: 47551437 ns
Query: 256, nThreads: 4, warmup: 8
====================================================================================================
(ns)
Load index... Graph level 5..
Total end-to-end search time: 47327779 ns
Total end-to-end search time: 50339613 ns
Total end-to-end search time: 42594103 ns
Total end-to-end search time: 47196879 ns
Total end-to-end search time: 47253630 ns
Total end-to-end search time: 45410358 ns
Total end-to-end search time: 49931409 ns
Total end-to-end search time: 45702057 ns
Total end-to-end search time: 47661439 ns
Query: 256, nThreads: 4, warmup: 8
====================================================================================================
(ns)
Load index... Graph level 5..
Total end-to-end search time: 47091461 ns
Total end-to-end search time: 50713036 ns
Total end-to-end search time: 42519051 ns
Total end-to-end search time: 47215729 ns
Total end-to-end search time: 47109818 ns
Total end-to-end search time: 45680471 ns
Total end-to-end search time: 50068098 ns
Total end-to-end search time: 45697629 ns
Total end-to-end search time: 47717746 ns
Query: 256, nThreads: 4, warmup: 8
====================================================================================================
(ns)
Load index... Graph level 5..
Total end-to-end search time: 47326769 ns
Total end-to-end search time: 50624347 ns
Total end-to-end search time: 42513627 ns
Total end-to-end search time: 47283444 ns
Total end-to-end search time: 47093270 ns
Total end-to-end search time: 45537009 ns
Total end-to-end search time: 49912681 ns
Total end-to-end search time: 46058286 ns
Total end-to-end search time: 47551717 ns
Query: 256, nThreads: 4, warmup: 8
====================================================================================================
(ns)
Load index... Graph level 5..
Total end-to-end search time: 47266414 ns
Total end-to-end search time: 50412820 ns
Total end-to-end search time: 42653622 ns
Total end-to-end search time: 47398271 ns
Total end-to-end search time: 47150387 ns
Total end-to-end search time: 45339840 ns
Total end-to-end search time: 50358128 ns
Total end-to-end search time: 45684311 ns
Total end-to-end search time: 47466900 ns
Query: 256, nThreads: 4, warmup: 8
====================================================================================================
(ns)
Load index... Graph level 5..
Total end-to-end search time: 47378271 ns
Total end-to-end search time: 50255429 ns
Total end-to-end search time: 42441381 ns
Total end-to-end search time: 47795472 ns
Total end-to-end search time: 47098912 ns
Total end-to-end search time: 45397172 ns
Total end-to-end search time: 49971884 ns
Total end-to-end search time: 45631494 ns
Total end-to-end search time: 47400523 ns
Query: 256, nThreads: 4, warmup: 8
====================================================================================================
(ns)
Load index... Graph level 5..
Total end-to-end search time: 47825396 ns
Total end-to-end search time: 50081572 ns
Total end-to-end search time: 43177394 ns
Total end-to-end search time: 47548148 ns
Total end-to-end search time: 47039170 ns
Total end-to-end search time: 45416091 ns
Total end-to-end search time: 50201693 ns
Total end-to-end search time: 45614385 ns
Total end-to-end search time: 47603167 ns
Query: 256, nThreads: 4, warmup: 8
====================================================================================================
(ns)
Load index... Graph level 5..
Total end-to-end search time: 47570018 ns
Total end-to-end search time: 50032904 ns
Total end-to-end search time: 42976645 ns
Total end-to-end search time: 47307381 ns
Total end-to-end search time: 46868773 ns
Total end-to-end search time: 45482509 ns
Total end-to-end search time: 49887304 ns
Total end-to-end search time: 45764284 ns
Total end-to-end search time: 47201380 ns
Query: 256, nThreads: 4, warmup: 8
====================================================================================================
(ns)
Load index... Graph level 5..
Total end-to-end search time: 47385786 ns
Total end-to-end search time: 50445782 ns
Total end-to-end search time: 42700400 ns
Total end-to-end search time: 47607155 ns
Total end-to-end search time: 47143883 ns
Total end-to-end search time: 45440091 ns
Total end-to-end search time: 50319496 ns
Total end-to-end search time: 45657448 ns
Total end-to-end search time: 47591870 ns
Query: 256, nThreads: 4, warmup: 8
====================================================================================================
(ns)
Load index... Graph level 5..
Total end-to-end search time: 47219236 ns
Total end-to-end search time: 50615945 ns
Total end-to-end search time: 42633804 ns
Total end-to-end search time: 47272128 ns
Total end-to-end search time: 47124402 ns
Total end-to-end search time: 45566766 ns
Total end-to-end search time: 49957924 ns
Total end-to-end search time: 45681403 ns
Total end-to-end search time: 47560548 ns
Query: 256, nThreads: 4, warmup: 8
====================================================================================================
(ns)
Load index... Graph level 5..
Total end-to-end search time: 47191652 ns
Total end-to-end search time: 50789924 ns
Total end-to-end search time: 42617933 ns
Total end-to-end search time: 47189443 ns
Total end-to-end search time: 47273327 ns
Total end-to-end search time: 45330165 ns
Total end-to-end search time: 50321198 ns
Total end-to-end search time: 45504319 ns
Total end-to-end search time: 47632689 ns
Query: 256, nThreads: 4, warmup: 8
====================================================================================================
(ns)
Load index... Graph level 5..
Total end-to-end search time: 47247468 ns
Total end-to-end search time: 50062942 ns
Total end-to-end search time: 42801217 ns
Total end-to-end search time: 47406324 ns
Total end-to-end search time: 47100506 ns
Total end-to-end search time: 45521053 ns
Total end-to-end search time: 50276828 ns
Total end-to-end search time: 45777297 ns
Total end-to-end search time: 47587781 ns
Query: 256, nThreads: 4, warmup: 8
====================================================================================================
(ns)
Load index... Graph level 5..
Total end-to-end search time: 47067225 ns
Total end-to-end search time: 50115172 ns
Total end-to-end search time: 42993951 ns
Total end-to-end search time: 47299966 ns
Total end-to-end search time: 47406397 ns
Total end-to-end search time: 45496801 ns
Total end-to-end search time: 50165326 ns
Total end-to-end search time: 45635799 ns
Total end-to-end search time: 47354348 ns
Query: 256, nThreads: 4, warmup: 8
====================================================================================================
(ns)
Load index... Graph level 5..
Total end-to-end search time: 47823234 ns
Total end-to-end search time: 50235333 ns
Total end-to-end search time: 42893298 ns
Total end-to-end search time: 47219961 ns
Total end-to-end search time: 47157741 ns
Total end-to-end search time: 45421179 ns
Total end-to-end search time: 50164528 ns
Total end-to-end search time: 45689418 ns
Total end-to-end search time: 47412070 ns
