Query: 32, nThreads: 2, warmup: 16
====================================================================================================
(ns)
Load index... Graph level 5..
Total end-to-end search time: 13277437 ns
Total end-to-end search time: 11270124 ns
Total end-to-end search time: 10246803 ns
Total end-to-end search time: 10523654 ns
Total end-to-end search time: 12210540 ns
Total end-to-end search time: 12256479 ns
Total end-to-end search time: 12151444 ns
Total end-to-end search time: 12686977 ns
Total end-to-end search time: 12508721 ns
Total end-to-end search time: 13425694 ns
Total end-to-end search time: 12839587 ns
Total end-to-end search time: 12884350 ns
Total end-to-end search time: 12981432 ns
Total end-to-end search time: 12723456 ns
Total end-to-end search time: 11616719 ns
Total end-to-end search time: 10784613 ns
Total end-to-end search time: 10885352 ns
Query: 32, nThreads: 2, warmup: 16
====================================================================================================
(ns)
Load index... Graph level 5..
Total end-to-end search time: 13160372 ns
Total end-to-end search time: 11203311 ns
Total end-to-end search time: 10281436 ns
Total end-to-end search time: 10344826 ns
Total end-to-end search time: 12120001 ns
Total end-to-end search time: 12378788 ns
Total end-to-end search time: 12331446 ns
Total end-to-end search time: 12831291 ns
Total end-to-end search time: 12720525 ns
Total end-to-end search time: 13533079 ns
Total end-to-end search time: 12875338 ns
Total end-to-end search time: 13098984 ns
Total end-to-end search time: 12956994 ns
Total end-to-end search time: 12698921 ns
Total end-to-end search time: 11662304 ns
Total end-to-end search time: 10882034 ns
Total end-to-end search time: 10870082 ns
Query: 32, nThreads: 2, warmup: 16
====================================================================================================
(ns)
Load index... Graph level 5..
Total end-to-end search time: 13447814 ns
Total end-to-end search time: 11401167 ns
Total end-to-end search time: 10370670 ns
Total end-to-end search time: 10664790 ns
Total end-to-end search time: 12301297 ns
Total end-to-end search time: 12246564 ns
Total end-to-end search time: 12246847 ns
Total end-to-end search time: 12796618 ns
Total end-to-end search time: 12631420 ns
Total end-to-end search time: 13375254 ns
Total end-to-end search time: 12673133 ns
Total end-to-end search time: 12860676 ns
Total end-to-end search time: 12873078 ns
Total end-to-end search time: 12756588 ns
Total end-to-end search time: 11679601 ns
Total end-to-end search time: 10859217 ns
Total end-to-end search time: 10974929 ns
Query: 32, nThreads: 2, warmup: 16
====================================================================================================
(ns)
Load index... Graph level 5..
Total end-to-end search time: 13214951 ns
Total end-to-end search time: 11096939 ns
Total end-to-end search time: 10304035 ns
Total end-to-end search time: 10285314 ns
Total end-to-end search time: 12066750 ns
Total end-to-end search time: 12091078 ns
Total end-to-end search time: 12126723 ns
Total end-to-end search time: 12534477 ns
Total end-to-end search time: 12570794 ns
Total end-to-end search time: 13399555 ns
Total end-to-end search time: 12692450 ns
Total end-to-end search time: 12935886 ns
Total end-to-end search time: 12801641 ns
Total end-to-end search time: 12754999 ns
Total end-to-end search time: 11580295 ns
Total end-to-end search time: 10926254 ns
Total end-to-end search time: 10840908 ns
Query: 32, nThreads: 2, warmup: 16
====================================================================================================
(ns)
Load index... Graph level 5..
Total end-to-end search time: 13412568 ns
Total end-to-end search time: 11295178 ns
Total end-to-end search time: 10497940 ns
Total end-to-end search time: 10414269 ns
Total end-to-end search time: 12157143 ns
Total end-to-end search time: 12307347 ns
Total end-to-end search time: 12082812 ns
Total end-to-end search time: 12777295 ns
Total end-to-end search time: 12824451 ns
Total end-to-end search time: 13369169 ns
Total end-to-end search time: 12701589 ns
Total end-to-end search time: 12798707 ns
Total end-to-end search time: 12882862 ns
Total end-to-end search time: 12731458 ns
Total end-to-end search time: 11659710 ns
Total end-to-end search time: 10866721 ns
Total end-to-end search time: 10728804 ns
Query: 32, nThreads: 2, warmup: 16
====================================================================================================
(ns)
Load index... Graph level 5..
Total end-to-end search time: 13324147 ns
Total end-to-end search time: 11330809 ns
Total end-to-end search time: 10355101 ns
Total end-to-end search time: 10415673 ns
Total end-to-end search time: 12054915 ns
Total end-to-end search time: 12207095 ns
Total end-to-end search time: 12303691 ns
Total end-to-end search time: 12565897 ns
Total end-to-end search time: 12884082 ns
Total end-to-end search time: 13251517 ns
Total end-to-end search time: 12728421 ns
Total end-to-end search time: 12862238 ns
Total end-to-end search time: 13070829 ns
Total end-to-end search time: 12723136 ns
Total end-to-end search time: 11623880 ns
Total end-to-end search time: 10873558 ns
Total end-to-end search time: 10738644 ns
Query: 32, nThreads: 2, warmup: 16
====================================================================================================
(ns)
Load index... Graph level 5..
Total end-to-end search time: 13401393 ns
Total end-to-end search time: 11469116 ns
Total end-to-end search time: 10286337 ns
Total end-to-end search time: 10438736 ns
Total end-to-end search time: 12213303 ns
Total end-to-end search time: 12229804 ns
Total end-to-end search time: 12357954 ns
Total end-to-end search time: 12779462 ns
Total end-to-end search time: 12624197 ns
Total end-to-end search time: 13390998 ns
Total end-to-end search time: 12713006 ns
Total end-to-end search time: 12999032 ns
Total end-to-end search time: 12935760 ns
Total end-to-end search time: 12754570 ns
Total end-to-end search time: 11609619 ns
Total end-to-end search time: 10755383 ns
Total end-to-end search time: 10849907 ns
Query: 32, nThreads: 2, warmup: 16
====================================================================================================
(ns)
Load index... Graph level 5..
Total end-to-end search time: 13023588 ns
Total end-to-end search time: 11209140 ns
Total end-to-end search time: 10167530 ns
Total end-to-end search time: 10230209 ns
Total end-to-end search time: 11973157 ns
Total end-to-end search time: 12139458 ns
Total end-to-end search time: 12036672 ns
Total end-to-end search time: 12637488 ns
Total end-to-end search time: 12622059 ns
Total end-to-end search time: 13400846 ns
Total end-to-end search time: 12710697 ns
Total end-to-end search time: 12905166 ns
Total end-to-end search time: 12927601 ns
Total end-to-end search time: 12796668 ns
Total end-to-end search time: 11544820 ns
Total end-to-end search time: 10842452 ns
Total end-to-end search time: 10887994 ns
Query: 32, nThreads: 2, warmup: 16
====================================================================================================
(ns)
Load index... Graph level 5..
Total end-to-end search time: 13254474 ns
Total end-to-end search time: 11165777 ns
Total end-to-end search time: 10308223 ns
Total end-to-end search time: 10203715 ns
Total end-to-end search time: 12073185 ns
Total end-to-end search time: 12166639 ns
Total end-to-end search time: 12072408 ns
Total end-to-end search time: 12564856 ns
Total end-to-end search time: 12979051 ns
Total end-to-end search time: 13449320 ns
Total end-to-end search time: 12706511 ns
Total end-to-end search time: 12888659 ns
Total end-to-end search time: 13034035 ns
Total end-to-end search time: 12879634 ns
Total end-to-end search time: 11846628 ns
Total end-to-end search time: 10945368 ns
Total end-to-end search time: 11018129 ns
Query: 32, nThreads: 2, warmup: 16
====================================================================================================
(ns)
Load index... Graph level 5..
Total end-to-end search time: 13288939 ns
Total end-to-end search time: 11350446 ns
Total end-to-end search time: 10294828 ns
Total end-to-end search time: 10424844 ns
Total end-to-end search time: 12349524 ns
Total end-to-end search time: 12436796 ns
Total end-to-end search time: 12109478 ns
Total end-to-end search time: 12718522 ns
Total end-to-end search time: 12585096 ns
Total end-to-end search time: 13374173 ns
Total end-to-end search time: 12737173 ns
Total end-to-end search time: 12853435 ns
Total end-to-end search time: 12974315 ns
Total end-to-end search time: 12855481 ns
Total end-to-end search time: 11824198 ns
Total end-to-end search time: 10929034 ns
Total end-to-end search time: 10915506 ns
Query: 32, nThreads: 2, warmup: 16
====================================================================================================
(ns)
Load index... Graph level 5..
Total end-to-end search time: 13453019 ns
Total end-to-end search time: 11136938 ns
Total end-to-end search time: 10296678 ns
Total end-to-end search time: 10262655 ns
Total end-to-end search time: 12026706 ns
Total end-to-end search time: 12233616 ns
Total end-to-end search time: 12136688 ns
Total end-to-end search time: 12556764 ns
Total end-to-end search time: 12638875 ns
Total end-to-end search time: 13284392 ns
Total end-to-end search time: 12672344 ns
Total end-to-end search time: 12887401 ns
Total end-to-end search time: 12914294 ns
Total end-to-end search time: 12774144 ns
Total end-to-end search time: 11686670 ns
Total end-to-end search time: 10822861 ns
Total end-to-end search time: 10781874 ns
Query: 32, nThreads: 2, warmup: 16
====================================================================================================
(ns)
Load index... Graph level 5..
Total end-to-end search time: 13193471 ns
Total end-to-end search time: 11099293 ns
Total end-to-end search time: 10376592 ns
Total end-to-end search time: 10250275 ns
Total end-to-end search time: 12010878 ns
Total end-to-end search time: 12199184 ns
Total end-to-end search time: 12071056 ns
Total end-to-end search time: 12606968 ns
Total end-to-end search time: 12627923 ns
Total end-to-end search time: 13403628 ns
Total end-to-end search time: 12725362 ns
Total end-to-end search time: 12848968 ns
Total end-to-end search time: 12865372 ns
Total end-to-end search time: 12719781 ns
Total end-to-end search time: 11590224 ns
Total end-to-end search time: 10849633 ns
Total end-to-end search time: 11176061 ns
Query: 32, nThreads: 2, warmup: 16
====================================================================================================
(ns)
Load index... Graph level 5..
Total end-to-end search time: 13257086 ns
Total end-to-end search time: 11376309 ns
Total end-to-end search time: 10208472 ns
Total end-to-end search time: 10505719 ns
Total end-to-end search time: 12369114 ns
Total end-to-end search time: 12341017 ns
Total end-to-end search time: 12168366 ns
Total end-to-end search time: 12753930 ns
Total end-to-end search time: 13001078 ns
Total end-to-end search time: 13317787 ns
Total end-to-end search time: 12633622 ns
Total end-to-end search time: 12931903 ns
Total end-to-end search time: 12868589 ns
Total end-to-end search time: 12866895 ns
Total end-to-end search time: 11675044 ns
Total end-to-end search time: 10814307 ns
Total end-to-end search time: 10840975 ns
Query: 32, nThreads: 2, warmup: 16
====================================================================================================
(ns)
Load index... Graph level 5..
Total end-to-end search time: 13230690 ns
Total end-to-end search time: 11295787 ns
Total end-to-end search time: 10424600 ns
Total end-to-end search time: 10450439 ns
Total end-to-end search time: 12232418 ns
Total end-to-end search time: 12363045 ns
Total end-to-end search time: 12148441 ns
Total end-to-end search time: 12991103 ns
Total end-to-end search time: 12602385 ns
Total end-to-end search time: 13399810 ns
Total end-to-end search time: 12724607 ns
Total end-to-end search time: 12912992 ns
Total end-to-end search time: 12990220 ns
Total end-to-end search time: 12799548 ns
Total end-to-end search time: 11626095 ns
Total end-to-end search time: 10769541 ns
Total end-to-end search time: 10803905 ns
Query: 32, nThreads: 2, warmup: 16
====================================================================================================
(ns)
Load index... Graph level 5..
Total end-to-end search time: 13071161 ns
Total end-to-end search time: 11105860 ns
Total end-to-end search time: 10188217 ns
Total end-to-end search time: 10218538 ns
Total end-to-end search time: 12051811 ns
Total end-to-end search time: 12100891 ns
Total end-to-end search time: 12025796 ns
Total end-to-end search time: 12573458 ns
Total end-to-end search time: 12577603 ns
Total end-to-end search time: 13276827 ns
Total end-to-end search time: 12768036 ns
Total end-to-end search time: 12883685 ns
Total end-to-end search time: 12866464 ns
Total end-to-end search time: 12656303 ns
Total end-to-end search time: 11634946 ns
Total end-to-end search time: 10846486 ns
Total end-to-end search time: 10833658 ns
Query: 32, nThreads: 2, warmup: 16
====================================================================================================
(ns)
Load index... Graph level 5..
Total end-to-end search time: 13455859 ns
Total end-to-end search time: 11295904 ns
Total end-to-end search time: 10358779 ns
Total end-to-end search time: 10410307 ns
Total end-to-end search time: 12284934 ns
Total end-to-end search time: 12386400 ns
Total end-to-end search time: 12160560 ns
Total end-to-end search time: 12705236 ns
Total end-to-end search time: 12488682 ns
Total end-to-end search time: 13420659 ns
Total end-to-end search time: 12763374 ns
Total end-to-end search time: 12936902 ns
Total end-to-end search time: 12934887 ns
Total end-to-end search time: 12949489 ns
Total end-to-end search time: 11581106 ns
Total end-to-end search time: 10773970 ns
Total end-to-end search time: 10926896 ns
Query: 32, nThreads: 2, warmup: 16
====================================================================================================
(ns)
Load index... Graph level 5..
Total end-to-end search time: 13451728 ns
Total end-to-end search time: 11411557 ns
Total end-to-end search time: 10268554 ns
Total end-to-end search time: 10418432 ns
Total end-to-end search time: 12225297 ns
Total end-to-end search time: 12322292 ns
Total end-to-end search time: 12278481 ns
Total end-to-end search time: 12739476 ns
Total end-to-end search time: 12656816 ns
Total end-to-end search time: 13411724 ns
Total end-to-end search time: 12721728 ns
Total end-to-end search time: 12908822 ns
Total end-to-end search time: 13030532 ns
Total end-to-end search time: 12636584 ns
Total end-to-end search time: 11522622 ns
Total end-to-end search time: 10911045 ns
Total end-to-end search time: 10912651 ns
Query: 32, nThreads: 2, warmup: 16
====================================================================================================
(ns)
Load index... Graph level 5..
Total end-to-end search time: 13300823 ns
Total end-to-end search time: 11438788 ns
Total end-to-end search time: 10310610 ns
Total end-to-end search time: 10392296 ns
Total end-to-end search time: 12465837 ns
Total end-to-end search time: 12264141 ns
Total end-to-end search time: 12318493 ns
Total end-to-end search time: 12633623 ns
Total end-to-end search time: 12867772 ns
Total end-to-end search time: 13411992 ns
Total end-to-end search time: 12593851 ns
Total end-to-end search time: 12963717 ns
Total end-to-end search time: 12935623 ns
Total end-to-end search time: 12728985 ns
Total end-to-end search time: 11757641 ns
Total end-to-end search time: 10724171 ns
Total end-to-end search time: 10839946 ns
Query: 32, nThreads: 2, warmup: 16
====================================================================================================
(ns)
Load index... Graph level 5..
Total end-to-end search time: 13201058 ns
Total end-to-end search time: 11229619 ns
Total end-to-end search time: 10268987 ns
Total end-to-end search time: 10263000 ns
Total end-to-end search time: 12044958 ns
Total end-to-end search time: 12141924 ns
Total end-to-end search time: 12228229 ns
Total end-to-end search time: 12589780 ns
Total end-to-end search time: 12616604 ns
Total end-to-end search time: 13264545 ns
Total end-to-end search time: 12891156 ns
Total end-to-end search time: 12934442 ns
Total end-to-end search time: 12932349 ns
Total end-to-end search time: 12751968 ns
Total end-to-end search time: 11672214 ns
Total end-to-end search time: 10881258 ns
Total end-to-end search time: 10890122 ns
Query: 32, nThreads: 2, warmup: 16
====================================================================================================
(ns)
Load index... Graph level 5..
Total end-to-end search time: 13265048 ns
Total end-to-end search time: 11123252 ns
Total end-to-end search time: 10471860 ns
Total end-to-end search time: 10449823 ns
Total end-to-end search time: 12304533 ns
Total end-to-end search time: 12327060 ns
Total end-to-end search time: 12265953 ns
Total end-to-end search time: 12929362 ns
Total end-to-end search time: 12847159 ns
Total end-to-end search time: 13457073 ns
Total end-to-end search time: 12751134 ns
Total end-to-end search time: 12972386 ns
Total end-to-end search time: 12843695 ns
Total end-to-end search time: 12715409 ns
Total end-to-end search time: 11582121 ns
Total end-to-end search time: 10828392 ns
Total end-to-end search time: 10966427 ns
Query: 32, nThreads: 2, warmup: 16
====================================================================================================
(ns)
Load index... Graph level 5..
Total end-to-end search time: 13290484 ns
Total end-to-end search time: 11338140 ns
Total end-to-end search time: 10378526 ns
Total end-to-end search time: 10592695 ns
Total end-to-end search time: 12117550 ns
Total end-to-end search time: 12412233 ns
Total end-to-end search time: 12184231 ns
Total end-to-end search time: 12730531 ns
Total end-to-end search time: 12622402 ns
Total end-to-end search time: 13358127 ns
Total end-to-end search time: 12676761 ns
Total end-to-end search time: 13003952 ns
Total end-to-end search time: 12911233 ns
Total end-to-end search time: 12779448 ns
Total end-to-end search time: 11479973 ns
Total end-to-end search time: 10784244 ns
Total end-to-end search time: 10904745 ns
Query: 32, nThreads: 2, warmup: 16
====================================================================================================
(ns)
Load index... Graph level 5..
Total end-to-end search time: 13192749 ns
Total end-to-end search time: 11087978 ns
Total end-to-end search time: 10240179 ns
Total end-to-end search time: 10342362 ns
Total end-to-end search time: 12217422 ns
Total end-to-end search time: 12106971 ns
Total end-to-end search time: 11977189 ns
Total end-to-end search time: 12672952 ns
Total end-to-end search time: 12645980 ns
Total end-to-end search time: 13324655 ns
Total end-to-end search time: 12585558 ns
Total end-to-end search time: 12952818 ns
Total end-to-end search time: 12942804 ns
Total end-to-end search time: 12688389 ns
Total end-to-end search time: 11564281 ns
Total end-to-end search time: 10927072 ns
Total end-to-end search time: 10755218 ns
Query: 32, nThreads: 2, warmup: 16
====================================================================================================
(ns)
Load index... Graph level 5..
Total end-to-end search time: 13400129 ns
Total end-to-end search time: 11374586 ns
Total end-to-end search time: 10382488 ns
Total end-to-end search time: 10282514 ns
Total end-to-end search time: 12293220 ns
Total end-to-end search time: 12327350 ns
Total end-to-end search time: 12082316 ns
Total end-to-end search time: 12929429 ns
Total end-to-end search time: 12522995 ns
Total end-to-end search time: 13360592 ns
Total end-to-end search time: 12583248 ns
Total end-to-end search time: 12828842 ns
Total end-to-end search time: 12800772 ns
Total end-to-end search time: 12701942 ns
Total end-to-end search time: 11708057 ns
Total end-to-end search time: 10792668 ns
Total end-to-end search time: 10886245 ns
Query: 32, nThreads: 2, warmup: 16
====================================================================================================
(ns)
Load index... Graph level 5..
Total end-to-end search time: 13340535 ns
Total end-to-end search time: 11481459 ns
Total end-to-end search time: 10328173 ns
Total end-to-end search time: 10533988 ns
Total end-to-end search time: 12227624 ns
Total end-to-end search time: 12361996 ns
Total end-to-end search time: 12194081 ns
Total end-to-end search time: 12810391 ns
Total end-to-end search time: 12545338 ns
Total end-to-end search time: 13295764 ns
Total end-to-end search time: 12630664 ns
Total end-to-end search time: 12964159 ns
Total end-to-end search time: 12880433 ns
Total end-to-end search time: 12693048 ns
Total end-to-end search time: 11590727 ns
Total end-to-end search time: 10875088 ns
Total end-to-end search time: 10858546 ns
Query: 32, nThreads: 2, warmup: 16
====================================================================================================
(ns)
Load index... Graph level 5..
Total end-to-end search time: 13335366 ns
Total end-to-end search time: 11303794 ns
Total end-to-end search time: 10396756 ns
Total end-to-end search time: 10454741 ns
Total end-to-end search time: 12355218 ns
Total end-to-end search time: 12337533 ns
Total end-to-end search time: 12112192 ns
Total end-to-end search time: 12792414 ns
Total end-to-end search time: 12520965 ns
Total end-to-end search time: 13290752 ns
Total end-to-end search time: 12628914 ns
Total end-to-end search time: 12830809 ns
Total end-to-end search time: 13037631 ns
Total end-to-end search time: 12843708 ns
Total end-to-end search time: 11565949 ns
Total end-to-end search time: 10839251 ns
Total end-to-end search time: 10839925 ns
Query: 32, nThreads: 2, warmup: 16
====================================================================================================
(ns)
Load index... Graph level 5..
Total end-to-end search time: 13409233 ns
Total end-to-end search time: 11197188 ns
Total end-to-end search time: 10251288 ns
Total end-to-end search time: 10223716 ns
Total end-to-end search time: 12065031 ns
Total end-to-end search time: 12194487 ns
Total end-to-end search time: 12149556 ns
Total end-to-end search time: 12591058 ns
Total end-to-end search time: 12542225 ns
Total end-to-end search time: 13388162 ns
Total end-to-end search time: 12733224 ns
Total end-to-end search time: 12909740 ns
Total end-to-end search time: 12907078 ns
Total end-to-end search time: 12952628 ns
Total end-to-end search time: 11767124 ns
Total end-to-end search time: 10889154 ns
Total end-to-end search time: 10882336 ns
Query: 32, nThreads: 2, warmup: 16
====================================================================================================
(ns)
Load index... Graph level 5..
Total end-to-end search time: 13307730 ns
Total end-to-end search time: 11168783 ns
Total end-to-end search time: 10258740 ns
Total end-to-end search time: 10251254 ns
Total end-to-end search time: 12046191 ns
Total end-to-end search time: 12130881 ns
Total end-to-end search time: 12100373 ns
Total end-to-end search time: 12610251 ns
Total end-to-end search time: 12683101 ns
Total end-to-end search time: 13344032 ns
Total end-to-end search time: 12794102 ns
Total end-to-end search time: 13407739 ns
Total end-to-end search time: 13111555 ns
Total end-to-end search time: 13037958 ns
Total end-to-end search time: 11928085 ns
Total end-to-end search time: 11090076 ns
Total end-to-end search time: 11012066 ns
Query: 32, nThreads: 2, warmup: 16
====================================================================================================
(ns)
Load index... Graph level 5..
Total end-to-end search time: 13645935 ns
Total end-to-end search time: 11353877 ns
Total end-to-end search time: 10361957 ns
Total end-to-end search time: 10521581 ns
Total end-to-end search time: 12280546 ns
Total end-to-end search time: 12404359 ns
Total end-to-end search time: 12231247 ns
Total end-to-end search time: 12613715 ns
Total end-to-end search time: 12705935 ns
Total end-to-end search time: 13357413 ns
Total end-to-end search time: 12921871 ns
Total end-to-end search time: 12816477 ns
Total end-to-end search time: 12998120 ns
Total end-to-end search time: 12821160 ns
Total end-to-end search time: 11612070 ns
Total end-to-end search time: 10861118 ns
Total end-to-end search time: 10906228 ns
Query: 32, nThreads: 2, warmup: 16
====================================================================================================
(ns)
Load index... Graph level 5..
Total end-to-end search time: 13346785 ns
Total end-to-end search time: 11314669 ns
Total end-to-end search time: 10240857 ns
Total end-to-end search time: 10398676 ns
Total end-to-end search time: 12176233 ns
Total end-to-end search time: 12093604 ns
Total end-to-end search time: 12225341 ns
Total end-to-end search time: 12618838 ns
Total end-to-end search time: 12682096 ns
Total end-to-end search time: 13699924 ns
Total end-to-end search time: 12668058 ns
Total end-to-end search time: 12851285 ns
Total end-to-end search time: 12830129 ns
Total end-to-end search time: 12758757 ns
Total end-to-end search time: 11730886 ns
Total end-to-end search time: 10842224 ns
Total end-to-end search time: 10789934 ns
Query: 32, nThreads: 2, warmup: 16
====================================================================================================
(ns)
Load index... Graph level 5..
Total end-to-end search time: 13246753 ns
Total end-to-end search time: 11190965 ns
Total end-to-end search time: 10181642 ns
Total end-to-end search time: 10259325 ns
Total end-to-end search time: 12188039 ns
Total end-to-end search time: 12437525 ns
Total end-to-end search time: 12051620 ns
Total end-to-end search time: 12649663 ns
Total end-to-end search time: 12758304 ns
Total end-to-end search time: 13335124 ns
Total end-to-end search time: 12663406 ns
Total end-to-end search time: 12885912 ns
Total end-to-end search time: 12712640 ns
Total end-to-end search time: 12853704 ns
Total end-to-end search time: 11617594 ns
Total end-to-end search time: 10870973 ns
Total end-to-end search time: 10829684 ns
