Query: 512, nThreads: 4, warmup: 4
====================================================================================================
(ns)
Load index... Graph level 5..
Total end-to-end search time: 97333817 ns
Total end-to-end search time: 89772621 ns
Total end-to-end search time: 92652977 ns
Total end-to-end search time: 95401269 ns
Total end-to-end search time: 95973222 ns
Query: 512, nThreads: 4, warmup: 4
====================================================================================================
(ns)
Load index... Graph level 5..
Total end-to-end search time: 96938426 ns
Total end-to-end search time: 89636422 ns
Total end-to-end search time: 92503258 ns
Total end-to-end search time: 95466610 ns
Total end-to-end search time: 95075498 ns
Query: 512, nThreads: 4, warmup: 4
====================================================================================================
(ns)
Load index... Graph level 5..
Total end-to-end search time: 96956997 ns
Total end-to-end search time: 89650670 ns
Total end-to-end search time: 92618958 ns
Total end-to-end search time: 95332707 ns
Total end-to-end search time: 95665589 ns
Query: 512, nThreads: 4, warmup: 4
====================================================================================================
(ns)
Load index... Graph level 5..
Total end-to-end search time: 96593272 ns
Total end-to-end search time: 89551002 ns
Total end-to-end search time: 92599374 ns
Total end-to-end search time: 95496579 ns
Total end-to-end search time: 96268899 ns
Query: 512, nThreads: 4, warmup: 4
====================================================================================================
(ns)
Load index... Graph level 5..
Total end-to-end search time: 97373131 ns
Total end-to-end search time: 89919151 ns
Total end-to-end search time: 92415202 ns
Total end-to-end search time: 95667209 ns
Total end-to-end search time: 95601935 ns
Query: 512, nThreads: 4, warmup: 4
====================================================================================================
(ns)
Load index... Graph level 5..
Total end-to-end search time: 96355462 ns
Total end-to-end search time: 89576405 ns
Total end-to-end search time: 92703317 ns
Total end-to-end search time: 95841562 ns
Total end-to-end search time: 95722460 ns
Query: 512, nThreads: 4, warmup: 4
====================================================================================================
(ns)
Load index... Graph level 5..
Total end-to-end search time: 97059515 ns
Total end-to-end search time: 90006178 ns
Total end-to-end search time: 92366041 ns
Total end-to-end search time: 95841189 ns
Total end-to-end search time: 95266792 ns
Query: 512, nThreads: 4, warmup: 4
====================================================================================================
(ns)
Load index... Graph level 5..
Total end-to-end search time: 97046549 ns
Total end-to-end search time: 90260375 ns
Total end-to-end search time: 92485997 ns
Total end-to-end search time: 96193998 ns
Total end-to-end search time: 95359778 ns
Query: 512, nThreads: 4, warmup: 4
====================================================================================================
(ns)
Load index... Graph level 5..
Total end-to-end search time: 96621558 ns
Total end-to-end search time: 89784317 ns
Total end-to-end search time: 92782546 ns
Total end-to-end search time: 95565304 ns
Total end-to-end search time: 95796239 ns
Query: 512, nThreads: 4, warmup: 4
====================================================================================================
(ns)
Load index... Graph level 5..
Total end-to-end search time: 97332229 ns
Total end-to-end search time: 90446008 ns
Total end-to-end search time: 92534397 ns
Total end-to-end search time: 96479152 ns
Total end-to-end search time: 95629025 ns
Query: 512, nThreads: 4, warmup: 4
====================================================================================================
(ns)
Load index... Graph level 5..
Total end-to-end search time: 97489841 ns
Total end-to-end search time: 89683411 ns
Total end-to-end search time: 93150215 ns
Total end-to-end search time: 95379846 ns
Total end-to-end search time: 95363820 ns
Query: 512, nThreads: 4, warmup: 4
====================================================================================================
(ns)
Load index... Graph level 5..
Total end-to-end search time: 97173120 ns
Total end-to-end search time: 89733958 ns
Total end-to-end search time: 93022640 ns
Total end-to-end search time: 95673853 ns
Total end-to-end search time: 95784814 ns
Query: 512, nThreads: 4, warmup: 4
====================================================================================================
(ns)
Load index... Graph level 5..
Total end-to-end search time: 96750373 ns
Total end-to-end search time: 90348671 ns
Total end-to-end search time: 92137269 ns
Total end-to-end search time: 95622165 ns
Total end-to-end search time: 95161466 ns
Query: 512, nThreads: 4, warmup: 4
====================================================================================================
(ns)
Load index... Graph level 5..
Total end-to-end search time: 96227661 ns
Total end-to-end search time: 90210488 ns
Total end-to-end search time: 92229168 ns
Total end-to-end search time: 95303381 ns
Total end-to-end search time: 95251082 ns
Query: 512, nThreads: 4, warmup: 4
====================================================================================================
(ns)
Load index... Graph level 5..
Total end-to-end search time: 96797886 ns
Total end-to-end search time: 89867541 ns
Total end-to-end search time: 92136744 ns
Total end-to-end search time: 95597953 ns
Total end-to-end search time: 94956270 ns
Query: 512, nThreads: 4, warmup: 4
====================================================================================================
(ns)
Load index... Graph level 5..
Total end-to-end search time: 96589819 ns
Total end-to-end search time: 90216873 ns
Total end-to-end search time: 92351530 ns
Total end-to-end search time: 95172355 ns
Total end-to-end search time: 95288794 ns
Query: 512, nThreads: 4, warmup: 4
====================================================================================================
(ns)
Load index... Graph level 5..
Total end-to-end search time: 97379571 ns
Total end-to-end search time: 89874757 ns
Total end-to-end search time: 92260961 ns
Total end-to-end search time: 95631520 ns
Total end-to-end search time: 95302936 ns
Query: 512, nThreads: 4, warmup: 4
====================================================================================================
(ns)
Load index... Graph level 5..
Total end-to-end search time: 97134340 ns
Total end-to-end search time: 89884155 ns
Total end-to-end search time: 92226831 ns
Total end-to-end search time: 95467302 ns
Total end-to-end search time: 95466757 ns
Query: 512, nThreads: 4, warmup: 4
====================================================================================================
(ns)
Load index... Graph level 5..
Total end-to-end search time: 97127221 ns
Total end-to-end search time: 89726131 ns
Total end-to-end search time: 92323598 ns
Total end-to-end search time: 95347324 ns
Total end-to-end search time: 95928171 ns
Query: 512, nThreads: 4, warmup: 4
====================================================================================================
(ns)
Load index... Graph level 5..
Total end-to-end search time: 97317799 ns
Total end-to-end search time: 89821391 ns
Total end-to-end search time: 92473105 ns
Total end-to-end search time: 95536663 ns
Total end-to-end search time: 95321290 ns
Query: 512, nThreads: 4, warmup: 4
====================================================================================================
(ns)
Load index... Graph level 5..
Total end-to-end search time: 96717192 ns
Total end-to-end search time: 90049664 ns
Total end-to-end search time: 92826281 ns
Total end-to-end search time: 95468247 ns
Total end-to-end search time: 95598053 ns
Query: 512, nThreads: 4, warmup: 4
====================================================================================================
(ns)
Load index... Graph level 5..
Total end-to-end search time: 96825470 ns
Total end-to-end search time: 89848968 ns
Total end-to-end search time: 92785130 ns
Total end-to-end search time: 95460615 ns
Total end-to-end search time: 95566678 ns
Query: 512, nThreads: 4, warmup: 4
====================================================================================================
(ns)
Load index... Graph level 5..
Total end-to-end search time: 96917495 ns
Total end-to-end search time: 89867142 ns
Total end-to-end search time: 92481342 ns
Total end-to-end search time: 95482884 ns
Total end-to-end search time: 95300953 ns
Query: 512, nThreads: 4, warmup: 4
====================================================================================================
(ns)
Load index... Graph level 5..
Total end-to-end search time: 96963570 ns
Total end-to-end search time: 90082112 ns
Total end-to-end search time: 92437539 ns
Total end-to-end search time: 95747993 ns
Total end-to-end search time: 95588737 ns
Query: 512, nThreads: 4, warmup: 4
====================================================================================================
(ns)
Load index... Graph level 5..
Total end-to-end search time: 96881366 ns
Total end-to-end search time: 90026678 ns
Total end-to-end search time: 92393581 ns
Total end-to-end search time: 95754207 ns
Total end-to-end search time: 95602841 ns
Query: 512, nThreads: 4, warmup: 4
====================================================================================================
(ns)
Load index... Graph level 5..
Total end-to-end search time: 97035268 ns
Total end-to-end search time: 89929849 ns
Total end-to-end search time: 92488291 ns
Total end-to-end search time: 95343158 ns
Total end-to-end search time: 95452770 ns
Query: 512, nThreads: 4, warmup: 4
====================================================================================================
(ns)
Load index... Graph level 5..
Total end-to-end search time: 96572569 ns
Total end-to-end search time: 89902218 ns
Total end-to-end search time: 92407489 ns
Total end-to-end search time: 95678292 ns
Total end-to-end search time: 95416412 ns
Query: 512, nThreads: 4, warmup: 4
====================================================================================================
(ns)
Load index... Graph level 5..
Total end-to-end search time: 97406761 ns
Total end-to-end search time: 90367094 ns
Total end-to-end search time: 92272412 ns
Total end-to-end search time: 95775158 ns
Total end-to-end search time: 95642121 ns
Query: 512, nThreads: 4, warmup: 4
====================================================================================================
(ns)
Load index... Graph level 5..
Total end-to-end search time: 96745116 ns
Total end-to-end search time: 89685582 ns
Total end-to-end search time: 92717424 ns
Total end-to-end search time: 95752826 ns
Total end-to-end search time: 95604874 ns
Query: 512, nThreads: 4, warmup: 4
====================================================================================================
(ns)
Load index... Graph level 5..
Total end-to-end search time: 97340776 ns
Total end-to-end search time: 90249745 ns
Total end-to-end search time: 92405760 ns
Total end-to-end search time: 95743677 ns
Total end-to-end search time: 95404460 ns
