Query: 64, nThreads: 16, warmup: 16
====================================================================================================
(ns)
Load index... Graph level 5..
Total end-to-end search time: 46392407 ns
Total end-to-end search time: 39353874 ns
Total end-to-end search time: 46107157 ns
Total end-to-end search time: 48371171 ns
Total end-to-end search time: 50273879 ns
Total end-to-end search time: 49590651 ns
Total end-to-end search time: 49835678 ns
Total end-to-end search time: 43100308 ns
Total end-to-end search time: 44870691 ns
Total end-to-end search time: 39338767 ns
Total end-to-end search time: 36901075 ns
Total end-to-end search time: 43969984 ns
Total end-to-end search time: 41405006 ns
Total end-to-end search time: 48151708 ns
Total end-to-end search time: 48995430 ns
Total end-to-end search time: 45910303 ns
Total end-to-end search time: 45703998 ns
Query: 64, nThreads: 16, warmup: 16
====================================================================================================
(ns)
Load index... Graph level 5..
Total end-to-end search time: 46819920 ns
Total end-to-end search time: 39390501 ns
Total end-to-end search time: 46187559 ns
Total end-to-end search time: 48379170 ns
Total end-to-end search time: 50044280 ns
Total end-to-end search time: 49692635 ns
Total end-to-end search time: 49818396 ns
Total end-to-end search time: 43030530 ns
Total end-to-end search time: 44853411 ns
Total end-to-end search time: 39591867 ns
Total end-to-end search time: 36933648 ns
Total end-to-end search time: 44244043 ns
Total end-to-end search time: 41235342 ns
Total end-to-end search time: 48100242 ns
Total end-to-end search time: 48969872 ns
Total end-to-end search time: 45816880 ns
Total end-to-end search time: 45635666 ns
Query: 64, nThreads: 16, warmup: 16
====================================================================================================
(ns)
Load index... Graph level 5..
Total end-to-end search time: 46730247 ns
Total end-to-end search time: 39468417 ns
Total end-to-end search time: 46387290 ns
Total end-to-end search time: 48069090 ns
Total end-to-end search time: 50097344 ns
Total end-to-end search time: 49712298 ns
Total end-to-end search time: 50102224 ns
Total end-to-end search time: 43117422 ns
Total end-to-end search time: 44862360 ns
Total end-to-end search time: 39404016 ns
Total end-to-end search time: 36761293 ns
Total end-to-end search time: 44230168 ns
Total end-to-end search time: 41658772 ns
Total end-to-end search time: 48091816 ns
Total end-to-end search time: 48922141 ns
Total end-to-end search time: 45867954 ns
Total end-to-end search time: 45653215 ns
Query: 64, nThreads: 16, warmup: 16
====================================================================================================
(ns)
Load index... Graph level 5..
Total end-to-end search time: 46523750 ns
Total end-to-end search time: 39608272 ns
Total end-to-end search time: 46252547 ns
Total end-to-end search time: 48207352 ns
Total end-to-end search time: 50374584 ns
Total end-to-end search time: 50013774 ns
Total end-to-end search time: 50055277 ns
Total end-to-end search time: 42969068 ns
Total end-to-end search time: 45000695 ns
Total end-to-end search time: 39466018 ns
Total end-to-end search time: 36798555 ns
Total end-to-end search time: 44060467 ns
Total end-to-end search time: 41264615 ns
Total end-to-end search time: 48086544 ns
Total end-to-end search time: 48970101 ns
Total end-to-end search time: 45964505 ns
Total end-to-end search time: 45879062 ns
Query: 64, nThreads: 16, warmup: 16
====================================================================================================
(ns)
Load index... Graph level 5..
Total end-to-end search time: 46471040 ns
Total end-to-end search time: 39415301 ns
Total end-to-end search time: 46373527 ns
Total end-to-end search time: 48256176 ns
Total end-to-end search time: 50131313 ns
Total end-to-end search time: 49768363 ns
Total end-to-end search time: 50184771 ns
Total end-to-end search time: 43257333 ns
Total end-to-end search time: 45033297 ns
Total end-to-end search time: 39608585 ns
Total end-to-end search time: 37114304 ns
Total end-to-end search time: 44099544 ns
Total end-to-end search time: 41348494 ns
Total end-to-end search time: 48305262 ns
Total end-to-end search time: 48990349 ns
Total end-to-end search time: 45991867 ns
Total end-to-end search time: 45735486 ns
Query: 64, nThreads: 16, warmup: 16
====================================================================================================
(ns)
Load index... Graph level 5..
Total end-to-end search time: 46429032 ns
Total end-to-end search time: 39428223 ns
Total end-to-end search time: 46039762 ns
Total end-to-end search time: 48140908 ns
Total end-to-end search time: 49938344 ns
Total end-to-end search time: 49645766 ns
Total end-to-end search time: 50064756 ns
Total end-to-end search time: 42950432 ns
Total end-to-end search time: 44896199 ns
Total end-to-end search time: 39552557 ns
Total end-to-end search time: 36916602 ns
Total end-to-end search time: 44244054 ns
Total end-to-end search time: 41399386 ns
Total end-to-end search time: 48286652 ns
Total end-to-end search time: 48876315 ns
Total end-to-end search time: 45813654 ns
Total end-to-end search time: 45508638 ns
Query: 64, nThreads: 16, warmup: 16
====================================================================================================
(ns)
Load index... Graph level 5..
Total end-to-end search time: 46673437 ns
Total end-to-end search time: 39424624 ns
Total end-to-end search time: 46342503 ns
Total end-to-end search time: 48241006 ns
Total end-to-end search time: 50545737 ns
Total end-to-end search time: 50079304 ns
Total end-to-end search time: 49945779 ns
Total end-to-end search time: 43371984 ns
Total end-to-end search time: 45064286 ns
Total end-to-end search time: 39631942 ns
Total end-to-end search time: 37005502 ns
Total end-to-end search time: 44386989 ns
Total end-to-end search time: 41524823 ns
Total end-to-end search time: 48139858 ns
Total end-to-end search time: 48993988 ns
Total end-to-end search time: 45993187 ns
Total end-to-end search time: 45743120 ns
Query: 64, nThreads: 16, warmup: 16
====================================================================================================
(ns)
Load index... Graph level 5..
Total end-to-end search time: 46533264 ns
Total end-to-end search time: 39393457 ns
Total end-to-end search time: 46295412 ns
Total end-to-end search time: 48257921 ns
Total end-to-end search time: 50118508 ns
Total end-to-end search time: 49753255 ns
Total end-to-end search time: 49972045 ns
Total end-to-end search time: 43301509 ns
Total end-to-end search time: 45073926 ns
Total end-to-end search time: 39612125 ns
Total end-to-end search time: 36879697 ns
Total end-to-end search time: 44197173 ns
Total end-to-end search time: 41396368 ns
Total end-to-end search time: 48345687 ns
Total end-to-end search time: 49071213 ns
Total end-to-end search time: 45939926 ns
Total end-to-end search time: 45771459 ns
Query: 64, nThreads: 16, warmup: 16
====================================================================================================
(ns)
Load index... Graph level 5..
Total end-to-end search time: 46352810 ns
Total end-to-end search time: 39591056 ns
Total end-to-end search time: 46389560 ns
Total end-to-end search time: 48541948 ns
Total end-to-end search time: 50351389 ns
Total end-to-end search time: 49991123 ns
Total end-to-end search time: 50033563 ns
Total end-to-end search time: 43095257 ns
Total end-to-end search time: 44967934 ns
Total end-to-end search time: 39518651 ns
Total end-to-end search time: 36850917 ns
Total end-to-end search time: 44839796 ns
Total end-to-end search time: 41903233 ns
Total end-to-end search time: 48606230 ns
Total end-to-end search time: 49633032 ns
Total end-to-end search time: 46417896 ns
Total end-to-end search time: 46193940 ns
Query: 64, nThreads: 16, warmup: 16
====================================================================================================
(ns)
Load index... Graph level 5..
Total end-to-end search time: 46863354 ns
Total end-to-end search time: 39699754 ns
Total end-to-end search time: 46512775 ns
Total end-to-end search time: 48515178 ns
Total end-to-end search time: 50452311 ns
Total end-to-end search time: 50200881 ns
Total end-to-end search time: 50270417 ns
Total end-to-end search time: 43227050 ns
Total end-to-end search time: 45184641 ns
Total end-to-end search time: 39722658 ns
Total end-to-end search time: 37148266 ns
Total end-to-end search time: 44437916 ns
Total end-to-end search time: 41543911 ns
Total end-to-end search time: 48542435 ns
Total end-to-end search time: 49406906 ns
Total end-to-end search time: 46330566 ns
Total end-to-end search time: 46072613 ns
Query: 64, nThreads: 16, warmup: 16
====================================================================================================
(ns)
Load index... Graph level 5..
Total end-to-end search time: 46560735 ns
Total end-to-end search time: 39679089 ns
Total end-to-end search time: 46757847 ns
Total end-to-end search time: 48579419 ns
Total end-to-end search time: 50387941 ns
Total end-to-end search time: 50075740 ns
Total end-to-end search time: 50344803 ns
Total end-to-end search time: 43388756 ns
Total end-to-end search time: 45535834 ns
Total end-to-end search time: 39747413 ns
Total end-to-end search time: 37082140 ns
Total end-to-end search time: 44355517 ns
Total end-to-end search time: 41875760 ns
Total end-to-end search time: 48760953 ns
Total end-to-end search time: 49178781 ns
Total end-to-end search time: 46252714 ns
Total end-to-end search time: 45987766 ns
Query: 64, nThreads: 16, warmup: 16
====================================================================================================
(ns)
Load index... Graph level 5..
Total end-to-end search time: 46251015 ns
Total end-to-end search time: 39386120 ns
Total end-to-end search time: 46070349 ns
Total end-to-end search time: 48085195 ns
Total end-to-end search time: 50021460 ns
Total end-to-end search time: 50051161 ns
Total end-to-end search time: 49960010 ns
Total end-to-end search time: 43085644 ns
Total end-to-end search time: 44998493 ns
Total end-to-end search time: 39669135 ns
Total end-to-end search time: 37014847 ns
Total end-to-end search time: 44211355 ns
Total end-to-end search time: 41283727 ns
Total end-to-end search time: 48256053 ns
Total end-to-end search time: 49055597 ns
Total end-to-end search time: 45978681 ns
Total end-to-end search time: 45669578 ns
Query: 64, nThreads: 16, warmup: 16
====================================================================================================
(ns)
Load index... Graph level 5..
Total end-to-end search time: 46698189 ns
Total end-to-end search time: 39814863 ns
Total end-to-end search time: 46934835 ns
Total end-to-end search time: 48673809 ns
Total end-to-end search time: 50334591 ns
Total end-to-end search time: 50016574 ns
Total end-to-end search time: 50291340 ns
Total end-to-end search time: 43470380 ns
Total end-to-end search time: 45394850 ns
Total end-to-end search time: 39923485 ns
Total end-to-end search time: 37266702 ns
Total end-to-end search time: 44735570 ns
Total end-to-end search time: 41502017 ns
Total end-to-end search time: 48261382 ns
Total end-to-end search time: 49157621 ns
Total end-to-end search time: 46063257 ns
Total end-to-end search time: 45851734 ns
Query: 64, nThreads: 16, warmup: 16
====================================================================================================
(ns)
Load index... Graph level 5..
Total end-to-end search time: 46427257 ns
Total end-to-end search time: 39374736 ns
Total end-to-end search time: 46161813 ns
Total end-to-end search time: 48068684 ns
Total end-to-end search time: 50150595 ns
Total end-to-end search time: 49724392 ns
Total end-to-end search time: 49742576 ns
Total end-to-end search time: 42960387 ns
Total end-to-end search time: 44839329 ns
Total end-to-end search time: 39547468 ns
Total end-to-end search time: 36752510 ns
Total end-to-end search time: 44061274 ns
Total end-to-end search time: 41243662 ns
Total end-to-end search time: 48279848 ns
Total end-to-end search time: 49064552 ns
Total end-to-end search time: 45980646 ns
Total end-to-end search time: 45723021 ns
Query: 64, nThreads: 16, warmup: 16
====================================================================================================
(ns)
Load index... Graph level 5..
Total end-to-end search time: 46203648 ns
Total end-to-end search time: 39337612 ns
Total end-to-end search time: 45970264 ns
Total end-to-end search time: 48222316 ns
Total end-to-end search time: 49616096 ns
Total end-to-end search time: 49433026 ns
Total end-to-end search time: 49545411 ns
Total end-to-end search time: 42799823 ns
Total end-to-end search time: 44735533 ns
Total end-to-end search time: 39233903 ns
Total end-to-end search time: 36762620 ns
Total end-to-end search time: 43768963 ns
Total end-to-end search time: 41029185 ns
Total end-to-end search time: 47864422 ns
Total end-to-end search time: 48697506 ns
Total end-to-end search time: 45665606 ns
Total end-to-end search time: 45470994 ns
Query: 64, nThreads: 16, warmup: 16
====================================================================================================
(ns)
Load index... Graph level 5..
Total end-to-end search time: 46170328 ns
Total end-to-end search time: 38900615 ns
Total end-to-end search time: 45605328 ns
Total end-to-end search time: 47672792 ns
Total end-to-end search time: 49480502 ns
Total end-to-end search time: 49106461 ns
Total end-to-end search time: 49505527 ns
Total end-to-end search time: 42811868 ns
Total end-to-end search time: 44391586 ns
Total end-to-end search time: 38991483 ns
Total end-to-end search time: 36624733 ns
Total end-to-end search time: 43498613 ns
Total end-to-end search time: 40768609 ns
Total end-to-end search time: 47606891 ns
Total end-to-end search time: 48389345 ns
Total end-to-end search time: 45332994 ns
Total end-to-end search time: 45193742 ns
Query: 64, nThreads: 16, warmup: 16
====================================================================================================
(ns)
Load index... Graph level 5..
Total end-to-end search time: 46729559 ns
Total end-to-end search time: 39625695 ns
Total end-to-end search time: 46627953 ns
Total end-to-end search time: 48464133 ns
Total end-to-end search time: 50358618 ns
Total end-to-end search time: 50330775 ns
Total end-to-end search time: 50558681 ns
Total end-to-end search time: 43309409 ns
Total end-to-end search time: 45390446 ns
Total end-to-end search time: 39786822 ns
Total end-to-end search time: 36961725 ns
Total end-to-end search time: 44287734 ns
Total end-to-end search time: 41709593 ns
Total end-to-end search time: 48418233 ns
Total end-to-end search time: 49890109 ns
Total end-to-end search time: 46240586 ns
Total end-to-end search time: 45827448 ns
Query: 64, nThreads: 16, warmup: 16
====================================================================================================
(ns)
Load index... Graph level 5..
Total end-to-end search time: 46889725 ns
Total end-to-end search time: 39639872 ns
Total end-to-end search time: 46649907 ns
Total end-to-end search time: 48633111 ns
Total end-to-end search time: 50290662 ns
Total end-to-end search time: 49838411 ns
Total end-to-end search time: 50099843 ns
Total end-to-end search time: 43387224 ns
Total end-to-end search time: 45109582 ns
Total end-to-end search time: 39527899 ns
Total end-to-end search time: 36886764 ns
Total end-to-end search time: 44251242 ns
Total end-to-end search time: 41675682 ns
Total end-to-end search time: 48452718 ns
Total end-to-end search time: 49089907 ns
Total end-to-end search time: 45942965 ns
Total end-to-end search time: 46041427 ns
Query: 64, nThreads: 16, warmup: 16
====================================================================================================
(ns)
Load index... Graph level 5..
Total end-to-end search time: 46268708 ns
Total end-to-end search time: 39333245 ns
Total end-to-end search time: 46210295 ns
Total end-to-end search time: 48441783 ns
Total end-to-end search time: 50160274 ns
Total end-to-end search time: 49758390 ns
Total end-to-end search time: 49910448 ns
Total end-to-end search time: 43218264 ns
Total end-to-end search time: 44897377 ns
Total end-to-end search time: 39461800 ns
Total end-to-end search time: 36809364 ns
Total end-to-end search time: 44078099 ns
Total end-to-end search time: 41223035 ns
Total end-to-end search time: 48200484 ns
Total end-to-end search time: 49118706 ns
Total end-to-end search time: 45988780 ns
Total end-to-end search time: 45711804 ns
Query: 64, nThreads: 16, warmup: 16
====================================================================================================
(ns)
Load index... Graph level 5..
Total end-to-end search time: 46988221 ns
Total end-to-end search time: 39888105 ns
Total end-to-end search time: 46315422 ns
Total end-to-end search time: 48311742 ns
Total end-to-end search time: 50140894 ns
Total end-to-end search time: 49849328 ns
Total end-to-end search time: 50015195 ns
Total end-to-end search time: 43258036 ns
Total end-to-end search time: 45170084 ns
Total end-to-end search time: 39612809 ns
Total end-to-end search time: 37012716 ns
Total end-to-end search time: 44456097 ns
Total end-to-end search time: 41685490 ns
Total end-to-end search time: 48329879 ns
Total end-to-end search time: 49134591 ns
Total end-to-end search time: 46065701 ns
Total end-to-end search time: 45848224 ns
Query: 64, nThreads: 16, warmup: 16
====================================================================================================
(ns)
Load index... Graph level 5..
Total end-to-end search time: 46543241 ns
Total end-to-end search time: 39299849 ns
Total end-to-end search time: 46073271 ns
Total end-to-end search time: 48110553 ns
Total end-to-end search time: 50245611 ns
Total end-to-end search time: 49753974 ns
Total end-to-end search time: 49805502 ns
Total end-to-end search time: 42940245 ns
Total end-to-end search time: 45859555 ns
Total end-to-end search time: 40049267 ns
Total end-to-end search time: 37399102 ns
Total end-to-end search time: 44788598 ns
Total end-to-end search time: 41844565 ns
Total end-to-end search time: 48717190 ns
Total end-to-end search time: 49511106 ns
Total end-to-end search time: 46603311 ns
Total end-to-end search time: 46268915 ns
Query: 64, nThreads: 16, warmup: 16
====================================================================================================
(ns)
Load index... Graph level 5..
Total end-to-end search time: 46644420 ns
Total end-to-end search time: 39382196 ns
Total end-to-end search time: 46069339 ns
Total end-to-end search time: 48076379 ns
Total end-to-end search time: 50199776 ns
Total end-to-end search time: 49593449 ns
Total end-to-end search time: 49834590 ns
Total end-to-end search time: 43353366 ns
Total end-to-end search time: 44953211 ns
Total end-to-end search time: 39408887 ns
Total end-to-end search time: 36733064 ns
Total end-to-end search time: 44119474 ns
Total end-to-end search time: 41260270 ns
Total end-to-end search time: 48024110 ns
Total end-to-end search time: 48805432 ns
Total end-to-end search time: 45782043 ns
Total end-to-end search time: 45555054 ns
Query: 64, nThreads: 16, warmup: 16
====================================================================================================
(ns)
Load index... Graph level 5..
Total end-to-end search time: 46691125 ns
Total end-to-end search time: 39434070 ns
Total end-to-end search time: 46140727 ns
Total end-to-end search time: 48440186 ns
Total end-to-end search time: 50029988 ns
Total end-to-end search time: 49741471 ns
Total end-to-end search time: 49978000 ns
Total end-to-end search time: 43136796 ns
Total end-to-end search time: 44854848 ns
Total end-to-end search time: 39414483 ns
Total end-to-end search time: 37011486 ns
Total end-to-end search time: 44095352 ns
Total end-to-end search time: 41283775 ns
Total end-to-end search time: 48102524 ns
Total end-to-end search time: 49130234 ns
Total end-to-end search time: 46090965 ns
Total end-to-end search time: 45745284 ns
Query: 64, nThreads: 16, warmup: 16
====================================================================================================
(ns)
Load index... Graph level 5..
Total end-to-end search time: 46425743 ns
Total end-to-end search time: 39266067 ns
Total end-to-end search time: 46033022 ns
Total end-to-end search time: 48045074 ns
Total end-to-end search time: 49838371 ns
Total end-to-end search time: 49818835 ns
Total end-to-end search time: 49758072 ns
Total end-to-end search time: 42933463 ns
Total end-to-end search time: 44973216 ns
Total end-to-end search time: 39546595 ns
Total end-to-end search time: 36819061 ns
Total end-to-end search time: 43943235 ns
Total end-to-end search time: 41166669 ns
Total end-to-end search time: 48108768 ns
Total end-to-end search time: 48812847 ns
Total end-to-end search time: 45988697 ns
Total end-to-end search time: 45814421 ns
Query: 64, nThreads: 16, warmup: 16
====================================================================================================
(ns)
Load index... Graph level 5..
Total end-to-end search time: 46813740 ns
Total end-to-end search time: 39493909 ns
Total end-to-end search time: 46138759 ns
Total end-to-end search time: 48492743 ns
Total end-to-end search time: 50259231 ns
Total end-to-end search time: 49904602 ns
Total end-to-end search time: 49981517 ns
Total end-to-end search time: 43110080 ns
Total end-to-end search time: 45004765 ns
Total end-to-end search time: 39642698 ns
Total end-to-end search time: 37043453 ns
Total end-to-end search time: 44290773 ns
Total end-to-end search time: 41562444 ns
Total end-to-end search time: 48177065 ns
Total end-to-end search time: 48872855 ns
Total end-to-end search time: 46128642 ns
Total end-to-end search time: 46123767 ns
Query: 64, nThreads: 16, warmup: 16
====================================================================================================
(ns)
Load index... Graph level 5..
Total end-to-end search time: 46743805 ns
Total end-to-end search time: 39577129 ns
Total end-to-end search time: 46330837 ns
Total end-to-end search time: 48310263 ns
Total end-to-end search time: 50146739 ns
Total end-to-end search time: 50012614 ns
Total end-to-end search time: 50170575 ns
Total end-to-end search time: 43149836 ns
Total end-to-end search time: 45091307 ns
Total end-to-end search time: 39537812 ns
Total end-to-end search time: 36938699 ns
Total end-to-end search time: 44118640 ns
Total end-to-end search time: 41616009 ns
Total end-to-end search time: 48226514 ns
Total end-to-end search time: 48999175 ns
Total end-to-end search time: 46009436 ns
Total end-to-end search time: 45753395 ns
Query: 64, nThreads: 16, warmup: 16
====================================================================================================
(ns)
Load index... Graph level 5..
Total end-to-end search time: 46593732 ns
Total end-to-end search time: 39676285 ns
Total end-to-end search time: 46543125 ns
Total end-to-end search time: 48764050 ns
Total end-to-end search time: 50626793 ns
Total end-to-end search time: 50060519 ns
Total end-to-end search time: 50493818 ns
Total end-to-end search time: 43588727 ns
Total end-to-end search time: 45348161 ns
Total end-to-end search time: 39750215 ns
Total end-to-end search time: 37345650 ns
Total end-to-end search time: 44421392 ns
Total end-to-end search time: 41540588 ns
Total end-to-end search time: 48508764 ns
Total end-to-end search time: 49746849 ns
Total end-to-end search time: 46631448 ns
Total end-to-end search time: 46151839 ns
Query: 64, nThreads: 16, warmup: 16
====================================================================================================
(ns)
Load index... Graph level 5..
Total end-to-end search time: 46976785 ns
Total end-to-end search time: 39687094 ns
Total end-to-end search time: 46578079 ns
Total end-to-end search time: 48831548 ns
Total end-to-end search time: 50905031 ns
Total end-to-end search time: 50274480 ns
Total end-to-end search time: 50685310 ns
Total end-to-end search time: 43413108 ns
Total end-to-end search time: 45323673 ns
Total end-to-end search time: 39821761 ns
Total end-to-end search time: 37265637 ns
Total end-to-end search time: 44393982 ns
Total end-to-end search time: 41851648 ns
Total end-to-end search time: 48683459 ns
Total end-to-end search time: 49618755 ns
Total end-to-end search time: 46386758 ns
Total end-to-end search time: 46408383 ns
Query: 64, nThreads: 16, warmup: 16
====================================================================================================
(ns)
Load index... Graph level 5..
Total end-to-end search time: 46231751 ns
Total end-to-end search time: 39233691 ns
Total end-to-end search time: 46229628 ns
Total end-to-end search time: 48098983 ns
Total end-to-end search time: 49842562 ns
Total end-to-end search time: 49593639 ns
Total end-to-end search time: 49686070 ns
Total end-to-end search time: 42857486 ns
Total end-to-end search time: 45122055 ns
Total end-to-end search time: 39593931 ns
Total end-to-end search time: 36773665 ns
Total end-to-end search time: 43902948 ns
Total end-to-end search time: 41324948 ns
Total end-to-end search time: 48241083 ns
Total end-to-end search time: 48897103 ns
Total end-to-end search time: 45778915 ns
Total end-to-end search time: 45664250 ns
Query: 64, nThreads: 16, warmup: 16
====================================================================================================
(ns)
Load index... Graph level 5..
Total end-to-end search time: 46186854 ns
Total end-to-end search time: 39204317 ns
Total end-to-end search time: 45984216 ns
Total end-to-end search time: 48231496 ns
Total end-to-end search time: 50028937 ns
Total end-to-end search time: 49573689 ns
Total end-to-end search time: 49802752 ns
Total end-to-end search time: 43100135 ns
Total end-to-end search time: 44889450 ns
Total end-to-end search time: 39289229 ns
Total end-to-end search time: 36779585 ns
Total end-to-end search time: 44038474 ns
Total end-to-end search time: 41423161 ns
Total end-to-end search time: 47984116 ns
Total end-to-end search time: 48933695 ns
Total end-to-end search time: 45673656 ns
Total end-to-end search time: 45479985 ns
