Query: 64, nThreads: 2, warmup: 16
====================================================================================================
(ns)
Load index... Graph level 5..
Total end-to-end search time: 24519945 ns
Total end-to-end search time: 20577361 ns
Total end-to-end search time: 24535712 ns
Total end-to-end search time: 25030902 ns
Total end-to-end search time: 26035912 ns
Total end-to-end search time: 25742154 ns
Total end-to-end search time: 25636047 ns
Total end-to-end search time: 22534285 ns
Total end-to-end search time: 23041705 ns
Total end-to-end search time: 20219338 ns
Total end-to-end search time: 19084403 ns
Total end-to-end search time: 22681961 ns
Total end-to-end search time: 21371893 ns
Total end-to-end search time: 24455218 ns
Total end-to-end search time: 25006534 ns
Total end-to-end search time: 23522253 ns
Total end-to-end search time: 23709939 ns
Query: 64, nThreads: 2, warmup: 16
====================================================================================================
(ns)
Load index... Graph level 5..
Total end-to-end search time: 24386759 ns
Total end-to-end search time: 20415685 ns
Total end-to-end search time: 24445668 ns
Total end-to-end search time: 24696099 ns
Total end-to-end search time: 25721036 ns
Total end-to-end search time: 25608521 ns
Total end-to-end search time: 25391666 ns
Total end-to-end search time: 22229035 ns
Total end-to-end search time: 23041742 ns
Total end-to-end search time: 20226612 ns
Total end-to-end search time: 19118174 ns
Total end-to-end search time: 22601365 ns
Total end-to-end search time: 21000872 ns
Total end-to-end search time: 24465323 ns
Total end-to-end search time: 24970942 ns
Total end-to-end search time: 23327078 ns
Total end-to-end search time: 23425873 ns
Query: 64, nThreads: 2, warmup: 16
====================================================================================================
(ns)
Load index... Graph level 5..
Total end-to-end search time: 24063695 ns
Total end-to-end search time: 20212047 ns
Total end-to-end search time: 24111804 ns
Total end-to-end search time: 24786498 ns
Total end-to-end search time: 26011764 ns
Total end-to-end search time: 25699453 ns
Total end-to-end search time: 26061380 ns
Total end-to-end search time: 22359462 ns
Total end-to-end search time: 22913370 ns
Total end-to-end search time: 20162844 ns
Total end-to-end search time: 19115607 ns
Total end-to-end search time: 22525348 ns
Total end-to-end search time: 21067849 ns
Total end-to-end search time: 24524418 ns
Total end-to-end search time: 25046317 ns
Total end-to-end search time: 23292708 ns
Total end-to-end search time: 23322830 ns
Query: 64, nThreads: 2, warmup: 16
====================================================================================================
(ns)
Load index... Graph level 5..
Total end-to-end search time: 24501834 ns
Total end-to-end search time: 20280192 ns
Total end-to-end search time: 23962110 ns
Total end-to-end search time: 24873955 ns
Total end-to-end search time: 26107568 ns
Total end-to-end search time: 25784024 ns
Total end-to-end search time: 25604865 ns
Total end-to-end search time: 22222214 ns
Total end-to-end search time: 23087008 ns
Total end-to-end search time: 20146765 ns
Total end-to-end search time: 19084077 ns
Total end-to-end search time: 22598055 ns
Total end-to-end search time: 21033940 ns
Total end-to-end search time: 24624197 ns
Total end-to-end search time: 24828115 ns
Total end-to-end search time: 23256164 ns
Total end-to-end search time: 23619424 ns
Query: 64, nThreads: 2, warmup: 16
====================================================================================================
(ns)
Load index... Graph level 5..
Total end-to-end search time: 24244510 ns
Total end-to-end search time: 20079272 ns
Total end-to-end search time: 23838226 ns
Total end-to-end search time: 24594521 ns
Total end-to-end search time: 25675912 ns
Total end-to-end search time: 25828057 ns
Total end-to-end search time: 25879318 ns
Total end-to-end search time: 22321776 ns
Total end-to-end search time: 23237759 ns
Total end-to-end search time: 20496384 ns
Total end-to-end search time: 19297997 ns
Total end-to-end search time: 22606342 ns
Total end-to-end search time: 20979729 ns
Total end-to-end search time: 24331981 ns
Total end-to-end search time: 24877327 ns
Total end-to-end search time: 23437986 ns
Total end-to-end search time: 23328689 ns
Query: 64, nThreads: 2, warmup: 16
====================================================================================================
(ns)
Load index... Graph level 5..
Total end-to-end search time: 24376260 ns
Total end-to-end search time: 20293583 ns
Total end-to-end search time: 24077316 ns
Total end-to-end search time: 24612009 ns
Total end-to-end search time: 26020624 ns
Total end-to-end search time: 25406857 ns
Total end-to-end search time: 25607890 ns
Total end-to-end search time: 22259470 ns
Total end-to-end search time: 23137722 ns
Total end-to-end search time: 20147858 ns
Total end-to-end search time: 18943531 ns
Total end-to-end search time: 22566591 ns
Total end-to-end search time: 20920501 ns
Total end-to-end search time: 24443533 ns
Total end-to-end search time: 24798916 ns
Total end-to-end search time: 23339006 ns
Total end-to-end search time: 23394395 ns
Query: 64, nThreads: 2, warmup: 16
====================================================================================================
(ns)
Load index... Graph level 5..
Total end-to-end search time: 24190508 ns
Total end-to-end search time: 20137759 ns
Total end-to-end search time: 23852492 ns
Total end-to-end search time: 24499809 ns
Total end-to-end search time: 25897062 ns
Total end-to-end search time: 25511719 ns
Total end-to-end search time: 25415954 ns
Total end-to-end search time: 22220418 ns
Total end-to-end search time: 23093196 ns
Total end-to-end search time: 20532099 ns
Total end-to-end search time: 19280404 ns
Total end-to-end search time: 22881787 ns
Total end-to-end search time: 21423758 ns
Total end-to-end search time: 24840314 ns
Total end-to-end search time: 24967463 ns
Total end-to-end search time: 23309739 ns
Total end-to-end search time: 23322984 ns
Query: 64, nThreads: 2, warmup: 16
====================================================================================================
(ns)
Load index... Graph level 5..
Total end-to-end search time: 24301023 ns
Total end-to-end search time: 20351260 ns
Total end-to-end search time: 24140548 ns
Total end-to-end search time: 25131869 ns
Total end-to-end search time: 25864324 ns
Total end-to-end search time: 25561700 ns
Total end-to-end search time: 25456514 ns
Total end-to-end search time: 22172421 ns
Total end-to-end search time: 22916983 ns
Total end-to-end search time: 20139514 ns
Total end-to-end search time: 19133320 ns
Total end-to-end search time: 22941712 ns
Total end-to-end search time: 20944492 ns
Total end-to-end search time: 24293140 ns
Total end-to-end search time: 24889510 ns
Total end-to-end search time: 23246427 ns
Total end-to-end search time: 23666869 ns
Query: 64, nThreads: 2, warmup: 16
====================================================================================================
(ns)
Load index... Graph level 5..
Total end-to-end search time: 23955918 ns
Total end-to-end search time: 20087194 ns
Total end-to-end search time: 23735345 ns
Total end-to-end search time: 24573366 ns
Total end-to-end search time: 26002941 ns
Total end-to-end search time: 25545469 ns
Total end-to-end search time: 25514918 ns
Total end-to-end search time: 22121301 ns
Total end-to-end search time: 23275074 ns
Total end-to-end search time: 20170831 ns
Total end-to-end search time: 18890353 ns
Total end-to-end search time: 22591925 ns
Total end-to-end search time: 21262777 ns
Total end-to-end search time: 24413142 ns
Total end-to-end search time: 25490592 ns
Total end-to-end search time: 23502190 ns
Total end-to-end search time: 23950589 ns
Query: 64, nThreads: 2, warmup: 16
====================================================================================================
(ns)
Load index... Graph level 5..
Total end-to-end search time: 24407890 ns
Total end-to-end search time: 20446616 ns
Total end-to-end search time: 24384432 ns
Total end-to-end search time: 24673456 ns
Total end-to-end search time: 25796553 ns
Total end-to-end search time: 25500657 ns
Total end-to-end search time: 25590790 ns
Total end-to-end search time: 22144421 ns
Total end-to-end search time: 22958000 ns
Total end-to-end search time: 20198910 ns
Total end-to-end search time: 19089999 ns
Total end-to-end search time: 22396443 ns
Total end-to-end search time: 21031111 ns
Total end-to-end search time: 24659025 ns
Total end-to-end search time: 24931362 ns
Total end-to-end search time: 23290753 ns
Total end-to-end search time: 23345953 ns
Query: 64, nThreads: 2, warmup: 16
====================================================================================================
(ns)
Load index... Graph level 5..
Total end-to-end search time: 24374708 ns
Total end-to-end search time: 20307460 ns
Total end-to-end search time: 23983817 ns
Total end-to-end search time: 24534622 ns
Total end-to-end search time: 25664211 ns
Total end-to-end search time: 25657722 ns
Total end-to-end search time: 25446080 ns
Total end-to-end search time: 22306003 ns
Total end-to-end search time: 23086009 ns
Total end-to-end search time: 20147665 ns
Total end-to-end search time: 19107316 ns
Total end-to-end search time: 22358849 ns
Total end-to-end search time: 21090780 ns
Total end-to-end search time: 24491999 ns
Total end-to-end search time: 24948758 ns
Total end-to-end search time: 23409591 ns
Total end-to-end search time: 23447758 ns
Query: 64, nThreads: 2, warmup: 16
====================================================================================================
(ns)
Load index... Graph level 5..
Total end-to-end search time: 24474385 ns
Total end-to-end search time: 20393930 ns
Total end-to-end search time: 24063955 ns
Total end-to-end search time: 24663486 ns
Total end-to-end search time: 26182124 ns
Total end-to-end search time: 25651021 ns
Total end-to-end search time: 25864966 ns
Total end-to-end search time: 22173914 ns
Total end-to-end search time: 23259858 ns
Total end-to-end search time: 20079471 ns
Total end-to-end search time: 19157415 ns
Total end-to-end search time: 22642994 ns
Total end-to-end search time: 21195528 ns
Total end-to-end search time: 24525250 ns
Total end-to-end search time: 24701786 ns
Total end-to-end search time: 23444869 ns
Total end-to-end search time: 23455550 ns
Query: 64, nThreads: 2, warmup: 16
====================================================================================================
(ns)
Load index... Graph level 5..
Total end-to-end search time: 24464044 ns
Total end-to-end search time: 20496681 ns
Total end-to-end search time: 23921150 ns
Total end-to-end search time: 24810876 ns
Total end-to-end search time: 25854590 ns
Total end-to-end search time: 25529928 ns
Total end-to-end search time: 25684929 ns
Total end-to-end search time: 22276678 ns
Total end-to-end search time: 22875781 ns
Total end-to-end search time: 20075705 ns
Total end-to-end search time: 19156992 ns
Total end-to-end search time: 22574677 ns
Total end-to-end search time: 21133021 ns
Total end-to-end search time: 24593353 ns
Total end-to-end search time: 25100051 ns
Total end-to-end search time: 23434313 ns
Total end-to-end search time: 23244406 ns
Query: 64, nThreads: 2, warmup: 16
====================================================================================================
(ns)
Load index... Graph level 5..
Total end-to-end search time: 24576443 ns
Total end-to-end search time: 20400690 ns
Total end-to-end search time: 23898332 ns
Total end-to-end search time: 24934255 ns
Total end-to-end search time: 26001626 ns
Total end-to-end search time: 25822382 ns
Total end-to-end search time: 25572513 ns
Total end-to-end search time: 22018084 ns
Total end-to-end search time: 23316111 ns
Total end-to-end search time: 20166877 ns
Total end-to-end search time: 18991895 ns
Total end-to-end search time: 22795424 ns
Total end-to-end search time: 20889870 ns
Total end-to-end search time: 24517806 ns
Total end-to-end search time: 25056417 ns
Total end-to-end search time: 23386093 ns
Total end-to-end search time: 23219694 ns
Query: 64, nThreads: 2, warmup: 16
====================================================================================================
(ns)
Load index... Graph level 5..
Total end-to-end search time: 24498799 ns
Total end-to-end search time: 20229734 ns
Total end-to-end search time: 24035868 ns
Total end-to-end search time: 24931302 ns
Total end-to-end search time: 25873552 ns
Total end-to-end search time: 25553315 ns
Total end-to-end search time: 25503187 ns
Total end-to-end search time: 22016055 ns
Total end-to-end search time: 23017197 ns
Total end-to-end search time: 20146056 ns
Total end-to-end search time: 19138078 ns
Total end-to-end search time: 22570388 ns
Total end-to-end search time: 20923340 ns
Total end-to-end search time: 24536889 ns
Total end-to-end search time: 24776375 ns
Total end-to-end search time: 23347103 ns
Total end-to-end search time: 23262949 ns
Query: 64, nThreads: 2, warmup: 16
====================================================================================================
(ns)
Load index... Graph level 5..
Total end-to-end search time: 24288984 ns
Total end-to-end search time: 20185615 ns
Total end-to-end search time: 24431458 ns
Total end-to-end search time: 24785003 ns
Total end-to-end search time: 25960239 ns
Total end-to-end search time: 25464952 ns
Total end-to-end search time: 25418731 ns
Total end-to-end search time: 22108246 ns
Total end-to-end search time: 23345628 ns
Total end-to-end search time: 20161215 ns
Total end-to-end search time: 18901434 ns
Total end-to-end search time: 22548289 ns
Total end-to-end search time: 20985511 ns
Total end-to-end search time: 24261317 ns
Total end-to-end search time: 25173055 ns
Total end-to-end search time: 23218032 ns
Total end-to-end search time: 23284758 ns
Query: 64, nThreads: 2, warmup: 16
====================================================================================================
(ns)
Load index... Graph level 5..
Total end-to-end search time: 24106428 ns
Total end-to-end search time: 20344507 ns
Total end-to-end search time: 24176325 ns
Total end-to-end search time: 24439478 ns
Total end-to-end search time: 25992205 ns
Total end-to-end search time: 25549323 ns
Total end-to-end search time: 25512537 ns
Total end-to-end search time: 21920790 ns
Total end-to-end search time: 23242075 ns
Total end-to-end search time: 19988885 ns
Total end-to-end search time: 19238356 ns
Total end-to-end search time: 22600696 ns
Total end-to-end search time: 20854924 ns
Total end-to-end search time: 24428889 ns
Total end-to-end search time: 24612356 ns
Total end-to-end search time: 23285309 ns
Total end-to-end search time: 23433476 ns
Query: 64, nThreads: 2, warmup: 16
====================================================================================================
(ns)
Load index... Graph level 5..
Total end-to-end search time: 24311201 ns
Total end-to-end search time: 20528718 ns
Total end-to-end search time: 24034019 ns
Total end-to-end search time: 24629246 ns
Total end-to-end search time: 25953158 ns
Total end-to-end search time: 25930500 ns
Total end-to-end search time: 25505274 ns
Total end-to-end search time: 22067482 ns
Total end-to-end search time: 23097764 ns
Total end-to-end search time: 20110063 ns
Total end-to-end search time: 18955053 ns
Total end-to-end search time: 22734215 ns
Total end-to-end search time: 21081852 ns
Total end-to-end search time: 24251361 ns
Total end-to-end search time: 24946857 ns
Total end-to-end search time: 23209493 ns
Total end-to-end search time: 23635346 ns
Query: 64, nThreads: 2, warmup: 16
====================================================================================================
(ns)
Load index... Graph level 5..
Total end-to-end search time: 24289739 ns
Total end-to-end search time: 20480983 ns
Total end-to-end search time: 23983544 ns
Total end-to-end search time: 24715353 ns
Total end-to-end search time: 25955713 ns
Total end-to-end search time: 25397930 ns
Total end-to-end search time: 25778981 ns
Total end-to-end search time: 21988524 ns
Total end-to-end search time: 22999119 ns
Total end-to-end search time: 20122750 ns
Total end-to-end search time: 19024094 ns
Total end-to-end search time: 22446964 ns
Total end-to-end search time: 20922179 ns
Total end-to-end search time: 24557832 ns
Total end-to-end search time: 24955987 ns
Total end-to-end search time: 23237334 ns
Total end-to-end search time: 23513941 ns
Query: 64, nThreads: 2, warmup: 16
====================================================================================================
(ns)
Load index... Graph level 5..
Total end-to-end search time: 24221371 ns
Total end-to-end search time: 20150203 ns
Total end-to-end search time: 23920514 ns
Total end-to-end search time: 24436959 ns
Total end-to-end search time: 25966074 ns
Total end-to-end search time: 25914405 ns
Total end-to-end search time: 25689234 ns
Total end-to-end search time: 22054929 ns
Total end-to-end search time: 23269811 ns
Total end-to-end search time: 20306434 ns
Total end-to-end search time: 19048048 ns
Total end-to-end search time: 22621689 ns
Total end-to-end search time: 20981380 ns
Total end-to-end search time: 24252072 ns
Total end-to-end search time: 24933235 ns
Total end-to-end search time: 23296748 ns
Total end-to-end search time: 23361417 ns
Query: 64, nThreads: 2, warmup: 16
====================================================================================================
(ns)
Load index... Graph level 5..
Total end-to-end search time: 24182289 ns
Total end-to-end search time: 20387540 ns
Total end-to-end search time: 23949977 ns
Total end-to-end search time: 24542260 ns
Total end-to-end search time: 25952114 ns
Total end-to-end search time: 25508231 ns
Total end-to-end search time: 25674915 ns
Total end-to-end search time: 22230217 ns
Total end-to-end search time: 22970295 ns
Total end-to-end search time: 20138614 ns
Total end-to-end search time: 19120959 ns
Total end-to-end search time: 22648125 ns
Total end-to-end search time: 21073669 ns
Total end-to-end search time: 24251954 ns
Total end-to-end search time: 24942238 ns
Total end-to-end search time: 23442102 ns
Total end-to-end search time: 23507443 ns
Query: 64, nThreads: 2, warmup: 16
====================================================================================================
(ns)
Load index... Graph level 5..
Total end-to-end search time: 24222919 ns
Total end-to-end search time: 20054559 ns
Total end-to-end search time: 23853472 ns
Total end-to-end search time: 24459328 ns
Total end-to-end search time: 25818682 ns
Total end-to-end search time: 25589097 ns
Total end-to-end search time: 25493019 ns
Total end-to-end search time: 22493152 ns
Total end-to-end search time: 23234958 ns
Total end-to-end search time: 20290945 ns
Total end-to-end search time: 19188236 ns
Total end-to-end search time: 22912479 ns
Total end-to-end search time: 21451750 ns
Total end-to-end search time: 24366298 ns
Total end-to-end search time: 24963295 ns
Total end-to-end search time: 23283660 ns
Total end-to-end search time: 23368811 ns
Query: 64, nThreads: 2, warmup: 16
====================================================================================================
(ns)
Load index... Graph level 5..
Total end-to-end search time: 24546378 ns
Total end-to-end search time: 20291066 ns
Total end-to-end search time: 23953954 ns
Total end-to-end search time: 24910186 ns
Total end-to-end search time: 26313167 ns
Total end-to-end search time: 25632036 ns
Total end-to-end search time: 25555645 ns
Total end-to-end search time: 22137957 ns
Total end-to-end search time: 23065939 ns
Total end-to-end search time: 20086354 ns
Total end-to-end search time: 19052896 ns
Total end-to-end search time: 22598862 ns
Total end-to-end search time: 21111681 ns
Total end-to-end search time: 24494006 ns
Total end-to-end search time: 25000454 ns
Total end-to-end search time: 23184840 ns
Total end-to-end search time: 23379379 ns
Query: 64, nThreads: 2, warmup: 16
====================================================================================================
(ns)
Load index... Graph level 5..
Total end-to-end search time: 24149395 ns
Total end-to-end search time: 20038624 ns
Total end-to-end search time: 23790422 ns
Total end-to-end search time: 24529912 ns
Total end-to-end search time: 25934451 ns
Total end-to-end search time: 25687216 ns
Total end-to-end search time: 25568652 ns
Total end-to-end search time: 22098911 ns
Total end-to-end search time: 23128311 ns
Total end-to-end search time: 20073352 ns
Total end-to-end search time: 18991047 ns
Total end-to-end search time: 22935140 ns
Total end-to-end search time: 21267091 ns
Total end-to-end search time: 24561817 ns
Total end-to-end search time: 24947154 ns
Total end-to-end search time: 23840049 ns
Total end-to-end search time: 23658880 ns
Query: 64, nThreads: 2, warmup: 16
====================================================================================================
(ns)
Load index... Graph level 5..
Total end-to-end search time: 24326309 ns
Total end-to-end search time: 20218256 ns
Total end-to-end search time: 24139566 ns
Total end-to-end search time: 24853411 ns
Total end-to-end search time: 26202750 ns
Total end-to-end search time: 25608689 ns
Total end-to-end search time: 25513716 ns
Total end-to-end search time: 22185844 ns
Total end-to-end search time: 23052956 ns
Total end-to-end search time: 20253073 ns
Total end-to-end search time: 19023335 ns
Total end-to-end search time: 22576941 ns
Total end-to-end search time: 21181722 ns
Total end-to-end search time: 24395029 ns
Total end-to-end search time: 24889927 ns
Total end-to-end search time: 23378516 ns
Total end-to-end search time: 23484658 ns
Query: 64, nThreads: 2, warmup: 16
====================================================================================================
(ns)
Load index... Graph level 5..
Total end-to-end search time: 24161215 ns
Total end-to-end search time: 20114916 ns
Total end-to-end search time: 23731705 ns
Total end-to-end search time: 24627765 ns
Total end-to-end search time: 25809717 ns
Total end-to-end search time: 25417699 ns
Total end-to-end search time: 25606807 ns
Total end-to-end search time: 22127985 ns
Total end-to-end search time: 23204013 ns
Total end-to-end search time: 20178478 ns
Total end-to-end search time: 19044889 ns
Total end-to-end search time: 22594703 ns
Total end-to-end search time: 21196211 ns
Total end-to-end search time: 24366792 ns
Total end-to-end search time: 25088885 ns
Total end-to-end search time: 23522779 ns
Total end-to-end search time: 23677072 ns
Query: 64, nThreads: 2, warmup: 16
====================================================================================================
(ns)
Load index... Graph level 5..
Total end-to-end search time: 24231714 ns
Total end-to-end search time: 20270315 ns
Total end-to-end search time: 24078411 ns
Total end-to-end search time: 24784533 ns
Total end-to-end search time: 25952193 ns
Total end-to-end search time: 25550294 ns
Total end-to-end search time: 25631472 ns
Total end-to-end search time: 22138586 ns
Total end-to-end search time: 23028058 ns
Total end-to-end search time: 20127807 ns
Total end-to-end search time: 19019664 ns
Total end-to-end search time: 22503881 ns
Total end-to-end search time: 21037843 ns
Total end-to-end search time: 24329037 ns
Total end-to-end search time: 24942989 ns
Total end-to-end search time: 23396189 ns
Total end-to-end search time: 23463427 ns
Query: 64, nThreads: 2, warmup: 16
====================================================================================================
(ns)
Load index... Graph level 5..
Total end-to-end search time: 24224277 ns
Total end-to-end search time: 20379656 ns
Total end-to-end search time: 24053735 ns
Total end-to-end search time: 24659399 ns
Total end-to-end search time: 25584231 ns
Total end-to-end search time: 25592666 ns
Total end-to-end search time: 25497179 ns
Total end-to-end search time: 22361435 ns
Total end-to-end search time: 22928607 ns
Total end-to-end search time: 20154224 ns
Total end-to-end search time: 18940679 ns
Total end-to-end search time: 22646583 ns
Total end-to-end search time: 21075056 ns
Total end-to-end search time: 24564468 ns
Total end-to-end search time: 24999108 ns
Total end-to-end search time: 23467569 ns
Total end-to-end search time: 23577357 ns
Query: 64, nThreads: 2, warmup: 16
====================================================================================================
(ns)
Load index... Graph level 5..
Total end-to-end search time: 24359832 ns
Total end-to-end search time: 20565455 ns
Total end-to-end search time: 24077698 ns
Total end-to-end search time: 24596989 ns
Total end-to-end search time: 25958890 ns
Total end-to-end search time: 25656260 ns
Total end-to-end search time: 25621548 ns
Total end-to-end search time: 22240490 ns
Total end-to-end search time: 23089866 ns
Total end-to-end search time: 20196949 ns
Total end-to-end search time: 19043886 ns
Total end-to-end search time: 22547890 ns
Total end-to-end search time: 20977577 ns
Total end-to-end search time: 24559948 ns
Total end-to-end search time: 25042062 ns
Total end-to-end search time: 23339517 ns
Total end-to-end search time: 23494875 ns
Query: 64, nThreads: 2, warmup: 16
====================================================================================================
(ns)
Load index... Graph level 5..
Total end-to-end search time: 24393111 ns
Total end-to-end search time: 20450360 ns
Total end-to-end search time: 23774466 ns
Total end-to-end search time: 24832831 ns
Total end-to-end search time: 25973724 ns
Total end-to-end search time: 25547584 ns
Total end-to-end search time: 25946895 ns
Total end-to-end search time: 22128182 ns
Total end-to-end search time: 22960407 ns
Total end-to-end search time: 19948614 ns
Total end-to-end search time: 19171495 ns
Total end-to-end search time: 22667991 ns
Total end-to-end search time: 20977577 ns
Total end-to-end search time: 24710603 ns
Total end-to-end search time: 24847312 ns
Total end-to-end search time: 23438740 ns
Total end-to-end search time: 23407654 ns
