Query: 8, nThreads: 2, warmup: 16
====================================================================================================
(ns)
Load index... Graph level 5..
Total end-to-end search time: 6745504 ns
Total end-to-end search time: 6680658 ns
Total end-to-end search time: 6002664 ns
Total end-to-end search time: 5687948 ns
Total end-to-end search time: 6086357 ns
Total end-to-end search time: 5756069 ns
Total end-to-end search time: 4834497 ns
Total end-to-end search time: 4836809 ns
Total end-to-end search time: 4273699 ns
Total end-to-end search time: 5537549 ns
Total end-to-end search time: 5183013 ns
Total end-to-end search time: 4426465 ns
Total end-to-end search time: 5120655 ns
Total end-to-end search time: 4323766 ns
Total end-to-end search time: 4953006 ns
Total end-to-end search time: 5664359 ns
Total end-to-end search time: 5765672 ns
Query: 8, nThreads: 2, warmup: 16
====================================================================================================
(ns)
Load index... Graph level 5..
Total end-to-end search time: 6667208 ns
Total end-to-end search time: 6643716 ns
Total end-to-end search time: 5962032 ns
Total end-to-end search time: 5648551 ns
Total end-to-end search time: 6022512 ns
Total end-to-end search time: 5741931 ns
Total end-to-end search time: 4896843 ns
Total end-to-end search time: 4877108 ns
Total end-to-end search time: 4319143 ns
Total end-to-end search time: 5588548 ns
Total end-to-end search time: 5168894 ns
Total end-to-end search time: 4424924 ns
Total end-to-end search time: 5105913 ns
Total end-to-end search time: 4325314 ns
Total end-to-end search time: 4951982 ns
Total end-to-end search time: 5660329 ns
Total end-to-end search time: 5790061 ns
Query: 8, nThreads: 2, warmup: 16
====================================================================================================
(ns)
Load index... Graph level 5..
Total end-to-end search time: 6675040 ns
Total end-to-end search time: 6633715 ns
Total end-to-end search time: 5944982 ns
Total end-to-end search time: 5672771 ns
Total end-to-end search time: 6044184 ns
Total end-to-end search time: 5773454 ns
Total end-to-end search time: 4854307 ns
Total end-to-end search time: 4844898 ns
Total end-to-end search time: 4287135 ns
Total end-to-end search time: 5527568 ns
Total end-to-end search time: 5145972 ns
Total end-to-end search time: 4425562 ns
Total end-to-end search time: 5133185 ns
Total end-to-end search time: 4332818 ns
Total end-to-end search time: 4974553 ns
Total end-to-end search time: 5663478 ns
Total end-to-end search time: 5722493 ns
Query: 8, nThreads: 2, warmup: 16
====================================================================================================
(ns)
Load index... Graph level 5..
Total end-to-end search time: 6664810 ns
Total end-to-end search time: 6612030 ns
Total end-to-end search time: 5922602 ns
Total end-to-end search time: 5651764 ns
Total end-to-end search time: 6053298 ns
Total end-to-end search time: 5758002 ns
Total end-to-end search time: 4868951 ns
Total end-to-end search time: 4877573 ns
Total end-to-end search time: 4291169 ns
Total end-to-end search time: 5555935 ns
Total end-to-end search time: 5138253 ns
Total end-to-end search time: 4393212 ns
Total end-to-end search time: 5082890 ns
Total end-to-end search time: 4307970 ns
Total end-to-end search time: 4921245 ns
Total end-to-end search time: 5621702 ns
Total end-to-end search time: 5722401 ns
Query: 8, nThreads: 2, warmup: 16
====================================================================================================
(ns)
Load index... Graph level 5..
Total end-to-end search time: 6638406 ns
Total end-to-end search time: 6615588 ns
Total end-to-end search time: 5963306 ns
Total end-to-end search time: 5659588 ns
Total end-to-end search time: 6036588 ns
Total end-to-end search time: 5726642 ns
Total end-to-end search time: 4825973 ns
Total end-to-end search time: 4840752 ns
Total end-to-end search time: 4282451 ns
Total end-to-end search time: 5523646 ns
Total end-to-end search time: 5132075 ns
Total end-to-end search time: 4385845 ns
Total end-to-end search time: 5080841 ns
Total end-to-end search time: 4288344 ns
Total end-to-end search time: 4906120 ns
Total end-to-end search time: 5595140 ns
Total end-to-end search time: 5738593 ns
Query: 8, nThreads: 2, warmup: 16
====================================================================================================
(ns)
Load index... Graph level 5..
Total end-to-end search time: 6796968 ns
Total end-to-end search time: 6730529 ns
Total end-to-end search time: 6018777 ns
Total end-to-end search time: 5721977 ns
Total end-to-end search time: 6129093 ns
Total end-to-end search time: 5791528 ns
Total end-to-end search time: 4891354 ns
Total end-to-end search time: 4882493 ns
Total end-to-end search time: 4305370 ns
Total end-to-end search time: 5588086 ns
Total end-to-end search time: 5158579 ns
Total end-to-end search time: 4411166 ns
Total end-to-end search time: 5096265 ns
Total end-to-end search time: 4291825 ns
Total end-to-end search time: 4946103 ns
Total end-to-end search time: 5624428 ns
Total end-to-end search time: 5752811 ns
Query: 8, nThreads: 2, warmup: 16
====================================================================================================
(ns)
Load index... Graph level 5..
Total end-to-end search time: 6878834 ns
Total end-to-end search time: 6746553 ns
Total end-to-end search time: 6053637 ns
Total end-to-end search time: 5750238 ns
Total end-to-end search time: 6118120 ns
Total end-to-end search time: 5797402 ns
Total end-to-end search time: 4881745 ns
Total end-to-end search time: 4876047 ns
Total end-to-end search time: 4322895 ns
Total end-to-end search time: 5587826 ns
Total end-to-end search time: 5239836 ns
Total end-to-end search time: 4439016 ns
Total end-to-end search time: 5151407 ns
Total end-to-end search time: 4335097 ns
Total end-to-end search time: 4962084 ns
Total end-to-end search time: 5656730 ns
Total end-to-end search time: 5783456 ns
Query: 8, nThreads: 2, warmup: 16
====================================================================================================
(ns)
Load index... Graph level 5..
Total end-to-end search time: 6748341 ns
Total end-to-end search time: 6676549 ns
Total end-to-end search time: 5961253 ns
Total end-to-end search time: 5704850 ns
Total end-to-end search time: 6081618 ns
Total end-to-end search time: 5761290 ns
Total end-to-end search time: 4845556 ns
Total end-to-end search time: 4848905 ns
Total end-to-end search time: 4308723 ns
Total end-to-end search time: 5585861 ns
Total end-to-end search time: 5207987 ns
Total end-to-end search time: 4422725 ns
Total end-to-end search time: 5114957 ns
Total end-to-end search time: 4325993 ns
Total end-to-end search time: 4940608 ns
Total end-to-end search time: 5624165 ns
Total end-to-end search time: 5757813 ns
Query: 8, nThreads: 2, warmup: 16
====================================================================================================
(ns)
Load index... Graph level 5..
Total end-to-end search time: 6729545 ns
Total end-to-end search time: 6626727 ns
Total end-to-end search time: 5966897 ns
Total end-to-end search time: 5674318 ns
Total end-to-end search time: 6074891 ns
Total end-to-end search time: 5781335 ns
Total end-to-end search time: 4866823 ns
Total end-to-end search time: 4864672 ns
Total end-to-end search time: 4290419 ns
Total end-to-end search time: 5572993 ns
Total end-to-end search time: 5185118 ns
Total end-to-end search time: 4447884 ns
Total end-to-end search time: 5136497 ns
Total end-to-end search time: 4344073 ns
Total end-to-end search time: 4972895 ns
Total end-to-end search time: 5676579 ns
Total end-to-end search time: 5793617 ns
Query: 8, nThreads: 2, warmup: 16
====================================================================================================
(ns)
Load index... Graph level 5..
Total end-to-end search time: 6768465 ns
Total end-to-end search time: 6719799 ns
Total end-to-end search time: 6014694 ns
Total end-to-end search time: 5728302 ns
Total end-to-end search time: 6128922 ns
Total end-to-end search time: 5807693 ns
Total end-to-end search time: 4916943 ns
Total end-to-end search time: 4905894 ns
Total end-to-end search time: 4338256 ns
Total end-to-end search time: 5620752 ns
Total end-to-end search time: 5210726 ns
Total end-to-end search time: 4457874 ns
Total end-to-end search time: 5248910 ns
Total end-to-end search time: 4396627 ns
Total end-to-end search time: 4984534 ns
Total end-to-end search time: 5693121 ns
Total end-to-end search time: 5767664 ns
Query: 8, nThreads: 2, warmup: 16
====================================================================================================
(ns)
Load index... Graph level 5..
Total end-to-end search time: 6692911 ns
Total end-to-end search time: 6642965 ns
Total end-to-end search time: 5921740 ns
Total end-to-end search time: 5650273 ns
Total end-to-end search time: 6053916 ns
Total end-to-end search time: 5750101 ns
Total end-to-end search time: 4834900 ns
Total end-to-end search time: 4868375 ns
Total end-to-end search time: 4292418 ns
Total end-to-end search time: 5544245 ns
Total end-to-end search time: 5158622 ns
Total end-to-end search time: 4424916 ns
Total end-to-end search time: 5227805 ns
Total end-to-end search time: 4367468 ns
Total end-to-end search time: 4952895 ns
Total end-to-end search time: 5634419 ns
Total end-to-end search time: 5778760 ns
Query: 8, nThreads: 2, warmup: 16
====================================================================================================
(ns)
Load index... Graph level 5..
Total end-to-end search time: 6833221 ns
Total end-to-end search time: 6649102 ns
Total end-to-end search time: 5953008 ns
Total end-to-end search time: 5665862 ns
Total end-to-end search time: 6038627 ns
Total end-to-end search time: 5750657 ns
Total end-to-end search time: 4857526 ns
Total end-to-end search time: 4883021 ns
Total end-to-end search time: 4277183 ns
Total end-to-end search time: 5544877 ns
Total end-to-end search time: 5160555 ns
Total end-to-end search time: 4398999 ns
Total end-to-end search time: 5096034 ns
Total end-to-end search time: 4299154 ns
Total end-to-end search time: 4894159 ns
Total end-to-end search time: 5583991 ns
Total end-to-end search time: 5693446 ns
Query: 8, nThreads: 2, warmup: 16
====================================================================================================
(ns)
Load index... Graph level 5..
Total end-to-end search time: 6699720 ns
Total end-to-end search time: 6535022 ns
Total end-to-end search time: 5890333 ns
Total end-to-end search time: 5610426 ns
Total end-to-end search time: 5985344 ns
Total end-to-end search time: 5676692 ns
Total end-to-end search time: 5086004 ns
Total end-to-end search time: 4811230 ns
Total end-to-end search time: 4246587 ns
Total end-to-end search time: 5485213 ns
Total end-to-end search time: 5099695 ns
Total end-to-end search time: 4367196 ns
Total end-to-end search time: 5050992 ns
Total end-to-end search time: 4277718 ns
Total end-to-end search time: 4909029 ns
Total end-to-end search time: 5572607 ns
Total end-to-end search time: 5661560 ns
Query: 8, nThreads: 2, warmup: 16
====================================================================================================
(ns)
Load index... Graph level 5..
Total end-to-end search time: 6663429 ns
Total end-to-end search time: 6612162 ns
Total end-to-end search time: 5961549 ns
Total end-to-end search time: 5657783 ns
Total end-to-end search time: 6034875 ns
Total end-to-end search time: 5700903 ns
Total end-to-end search time: 4826523 ns
Total end-to-end search time: 4815760 ns
Total end-to-end search time: 4271869 ns
Total end-to-end search time: 5534751 ns
Total end-to-end search time: 5142665 ns
Total end-to-end search time: 4390722 ns
Total end-to-end search time: 5102283 ns
Total end-to-end search time: 4285831 ns
Total end-to-end search time: 4898856 ns
Total end-to-end search time: 5601436 ns
Total end-to-end search time: 5703155 ns
Query: 8, nThreads: 2, warmup: 16
====================================================================================================
(ns)
Load index... Graph level 5..
Total end-to-end search time: 6814494 ns
Total end-to-end search time: 6766789 ns
Total end-to-end search time: 6051982 ns
Total end-to-end search time: 5775296 ns
Total end-to-end search time: 6145077 ns
Total end-to-end search time: 5828584 ns
Total end-to-end search time: 4923113 ns
Total end-to-end search time: 4916265 ns
Total end-to-end search time: 4328346 ns
Total end-to-end search time: 5613333 ns
Total end-to-end search time: 5192855 ns
Total end-to-end search time: 4449356 ns
Total end-to-end search time: 5148604 ns
Total end-to-end search time: 4361254 ns
Total end-to-end search time: 4983403 ns
Total end-to-end search time: 5681704 ns
Total end-to-end search time: 5777433 ns
Query: 8, nThreads: 2, warmup: 16
====================================================================================================
(ns)
Load index... Graph level 5..
Total end-to-end search time: 6729940 ns
Total end-to-end search time: 6697010 ns
Total end-to-end search time: 6000547 ns
Total end-to-end search time: 5726472 ns
Total end-to-end search time: 6123029 ns
Total end-to-end search time: 5810635 ns
Total end-to-end search time: 4898435 ns
Total end-to-end search time: 4899110 ns
Total end-to-end search time: 4344207 ns
Total end-to-end search time: 5613674 ns
Total end-to-end search time: 5225057 ns
Total end-to-end search time: 4460197 ns
Total end-to-end search time: 5197021 ns
Total end-to-end search time: 4366697 ns
Total end-to-end search time: 4992095 ns
Total end-to-end search time: 5691102 ns
Total end-to-end search time: 5803333 ns
Query: 8, nThreads: 2, warmup: 16
====================================================================================================
(ns)
Load index... Graph level 5..
Total end-to-end search time: 6687572 ns
Total end-to-end search time: 6619374 ns
Total end-to-end search time: 5938206 ns
Total end-to-end search time: 5671406 ns
Total end-to-end search time: 6068038 ns
Total end-to-end search time: 5746857 ns
Total end-to-end search time: 4857781 ns
Total end-to-end search time: 4870629 ns
Total end-to-end search time: 4290235 ns
Total end-to-end search time: 5549794 ns
Total end-to-end search time: 5187163 ns
Total end-to-end search time: 4464398 ns
Total end-to-end search time: 5137264 ns
Total end-to-end search time: 4342437 ns
Total end-to-end search time: 4954352 ns
Total end-to-end search time: 5660386 ns
Total end-to-end search time: 5786787 ns
Query: 8, nThreads: 2, warmup: 16
====================================================================================================
(ns)
Load index... Graph level 5..
Total end-to-end search time: 6644182 ns
Total end-to-end search time: 6638369 ns
Total end-to-end search time: 5949579 ns
Total end-to-end search time: 5639379 ns
Total end-to-end search time: 6033866 ns
Total end-to-end search time: 5748367 ns
Total end-to-end search time: 4831602 ns
Total end-to-end search time: 4911792 ns
Total end-to-end search time: 4305817 ns
Total end-to-end search time: 5549838 ns
Total end-to-end search time: 5179004 ns
Total end-to-end search time: 4418025 ns
Total end-to-end search time: 5098048 ns
Total end-to-end search time: 4303153 ns
Total end-to-end search time: 4937137 ns
Total end-to-end search time: 5614433 ns
Total end-to-end search time: 5731833 ns
Query: 8, nThreads: 2, warmup: 16
====================================================================================================
(ns)
Load index... Graph level 5..
Total end-to-end search time: 6583262 ns
Total end-to-end search time: 6561123 ns
Total end-to-end search time: 5907867 ns
Total end-to-end search time: 5645102 ns
Total end-to-end search time: 6020125 ns
Total end-to-end search time: 5716868 ns
Total end-to-end search time: 4856225 ns
Total end-to-end search time: 4860267 ns
Total end-to-end search time: 4275967 ns
Total end-to-end search time: 5527864 ns
Total end-to-end search time: 5151538 ns
Total end-to-end search time: 4385064 ns
Total end-to-end search time: 5053721 ns
Total end-to-end search time: 4278575 ns
Total end-to-end search time: 4916781 ns
Total end-to-end search time: 5583022 ns
Total end-to-end search time: 5703314 ns
Query: 8, nThreads: 2, warmup: 16
====================================================================================================
(ns)
Load index... Graph level 5..
Total end-to-end search time: 6714915 ns
Total end-to-end search time: 6677325 ns
Total end-to-end search time: 5990584 ns
Total end-to-end search time: 5722852 ns
Total end-to-end search time: 6085243 ns
Total end-to-end search time: 5770930 ns
Total end-to-end search time: 4874034 ns
Total end-to-end search time: 4857359 ns
Total end-to-end search time: 4307746 ns
Total end-to-end search time: 5589412 ns
Total end-to-end search time: 5184556 ns
Total end-to-end search time: 4433966 ns
Total end-to-end search time: 5114247 ns
Total end-to-end search time: 4337239 ns
Total end-to-end search time: 4964239 ns
Total end-to-end search time: 5640263 ns
Total end-to-end search time: 5736570 ns
Query: 8, nThreads: 2, warmup: 16
====================================================================================================
(ns)
Load index... Graph level 5..
Total end-to-end search time: 6622850 ns
Total end-to-end search time: 6591458 ns
Total end-to-end search time: 5897088 ns
Total end-to-end search time: 5621920 ns
Total end-to-end search time: 6024748 ns
Total end-to-end search time: 5757244 ns
Total end-to-end search time: 4841643 ns
Total end-to-end search time: 4856034 ns
Total end-to-end search time: 4292780 ns
Total end-to-end search time: 5559914 ns
Total end-to-end search time: 5156756 ns
Total end-to-end search time: 4411972 ns
Total end-to-end search time: 5082428 ns
Total end-to-end search time: 4307527 ns
Total end-to-end search time: 4920505 ns
Total end-to-end search time: 5597781 ns
Total end-to-end search time: 5713123 ns
Query: 8, nThreads: 2, warmup: 16
====================================================================================================
(ns)
Load index... Graph level 5..
Total end-to-end search time: 6765694 ns
Total end-to-end search time: 6762402 ns
Total end-to-end search time: 6059442 ns
Total end-to-end search time: 5778524 ns
Total end-to-end search time: 6116771 ns
Total end-to-end search time: 5814928 ns
Total end-to-end search time: 4915103 ns
Total end-to-end search time: 4922062 ns
Total end-to-end search time: 4349926 ns
Total end-to-end search time: 5644019 ns
Total end-to-end search time: 5245087 ns
Total end-to-end search time: 4475040 ns
Total end-to-end search time: 5176733 ns
Total end-to-end search time: 4386252 ns
Total end-to-end search time: 4985513 ns
Total end-to-end search time: 5669004 ns
Total end-to-end search time: 5780680 ns
Query: 8, nThreads: 2, warmup: 16
====================================================================================================
(ns)
Load index... Graph level 5..
Total end-to-end search time: 6854090 ns
Total end-to-end search time: 6780628 ns
Total end-to-end search time: 6072945 ns
Total end-to-end search time: 5789115 ns
Total end-to-end search time: 6146006 ns
Total end-to-end search time: 5822007 ns
Total end-to-end search time: 4928654 ns
Total end-to-end search time: 4900518 ns
Total end-to-end search time: 4351651 ns
Total end-to-end search time: 5631030 ns
Total end-to-end search time: 5204625 ns
Total end-to-end search time: 4440212 ns
Total end-to-end search time: 5145998 ns
Total end-to-end search time: 4361547 ns
Total end-to-end search time: 4961868 ns
Total end-to-end search time: 5668382 ns
Total end-to-end search time: 5815212 ns
Query: 8, nThreads: 2, warmup: 16
====================================================================================================
(ns)
Load index... Graph level 5..
Total end-to-end search time: 6785826 ns
Total end-to-end search time: 6742172 ns
Total end-to-end search time: 6046139 ns
Total end-to-end search time: 5763728 ns
Total end-to-end search time: 6134771 ns
Total end-to-end search time: 5805116 ns
Total end-to-end search time: 4897018 ns
Total end-to-end search time: 4875343 ns
Total end-to-end search time: 4313405 ns
Total end-to-end search time: 5581727 ns
Total end-to-end search time: 5199254 ns
Total end-to-end search time: 4465591 ns
Total end-to-end search time: 5167233 ns
Total end-to-end search time: 4365925 ns
Total end-to-end search time: 4969928 ns
Total end-to-end search time: 5663933 ns
Total end-to-end search time: 5762627 ns
Query: 8, nThreads: 2, warmup: 16
====================================================================================================
(ns)
Load index... Graph level 5..
Total end-to-end search time: 6673926 ns
Total end-to-end search time: 6651523 ns
Total end-to-end search time: 5998986 ns
Total end-to-end search time: 5733379 ns
Total end-to-end search time: 6110996 ns
Total end-to-end search time: 5811456 ns
Total end-to-end search time: 4905112 ns
Total end-to-end search time: 4885771 ns
Total end-to-end search time: 4326146 ns
Total end-to-end search time: 5581411 ns
Total end-to-end search time: 5223925 ns
Total end-to-end search time: 4443479 ns
Total end-to-end search time: 5167640 ns
Total end-to-end search time: 4352752 ns
Total end-to-end search time: 4992900 ns
Total end-to-end search time: 5668954 ns
Total end-to-end search time: 5784819 ns
Query: 8, nThreads: 2, warmup: 16
====================================================================================================
(ns)
Load index... Graph level 5..
Total end-to-end search time: 6817808 ns
Total end-to-end search time: 6705315 ns
Total end-to-end search time: 6004762 ns
Total end-to-end search time: 5902454 ns
Total end-to-end search time: 6125280 ns
Total end-to-end search time: 5823842 ns
Total end-to-end search time: 4904873 ns
Total end-to-end search time: 4924343 ns
Total end-to-end search time: 4315726 ns
Total end-to-end search time: 5610177 ns
Total end-to-end search time: 5208112 ns
Total end-to-end search time: 4439904 ns
Total end-to-end search time: 5149089 ns
Total end-to-end search time: 4333478 ns
Total end-to-end search time: 4981462 ns
Total end-to-end search time: 5690067 ns
Total end-to-end search time: 5764478 ns
Query: 8, nThreads: 2, warmup: 16
====================================================================================================
(ns)
Load index... Graph level 5..
Total end-to-end search time: 6796276 ns
Total end-to-end search time: 6713865 ns
Total end-to-end search time: 6025442 ns
Total end-to-end search time: 5747310 ns
Total end-to-end search time: 6135956 ns
Total end-to-end search time: 5808948 ns
Total end-to-end search time: 4913090 ns
Total end-to-end search time: 4912258 ns
Total end-to-end search time: 4344758 ns
Total end-to-end search time: 5606918 ns
Total end-to-end search time: 5207460 ns
Total end-to-end search time: 4462001 ns
Total end-to-end search time: 5142106 ns
Total end-to-end search time: 4365641 ns
Total end-to-end search time: 4959184 ns
Total end-to-end search time: 5686524 ns
Total end-to-end search time: 5785197 ns
Query: 8, nThreads: 2, warmup: 16
====================================================================================================
(ns)
Load index... Graph level 5..
Total end-to-end search time: 6671177 ns
Total end-to-end search time: 6608139 ns
Total end-to-end search time: 5951103 ns
Total end-to-end search time: 5664183 ns
Total end-to-end search time: 6030175 ns
Total end-to-end search time: 5725477 ns
Total end-to-end search time: 4885234 ns
Total end-to-end search time: 4860976 ns
Total end-to-end search time: 4282565 ns
Total end-to-end search time: 5556902 ns
Total end-to-end search time: 5193731 ns
Total end-to-end search time: 4439950 ns
Total end-to-end search time: 5117160 ns
Total end-to-end search time: 4330129 ns
Total end-to-end search time: 4944081 ns
Total end-to-end search time: 5605545 ns
Total end-to-end search time: 5747751 ns
Query: 8, nThreads: 2, warmup: 16
====================================================================================================
(ns)
Load index... Graph level 5..
Total end-to-end search time: 6795963 ns
Total end-to-end search time: 6784826 ns
Total end-to-end search time: 6054584 ns
Total end-to-end search time: 5752262 ns
Total end-to-end search time: 6131546 ns
Total end-to-end search time: 5833830 ns
Total end-to-end search time: 4926376 ns
Total end-to-end search time: 4926846 ns
Total end-to-end search time: 4373832 ns
Total end-to-end search time: 5676564 ns
Total end-to-end search time: 5264843 ns
Total end-to-end search time: 4485250 ns
Total end-to-end search time: 5219246 ns
Total end-to-end search time: 4389120 ns
Total end-to-end search time: 5017028 ns
Total end-to-end search time: 5722723 ns
Total end-to-end search time: 5824775 ns
Query: 8, nThreads: 2, warmup: 16
====================================================================================================
(ns)
Load index... Graph level 5..
Total end-to-end search time: 6633117 ns
Total end-to-end search time: 6555144 ns
Total end-to-end search time: 5879545 ns
Total end-to-end search time: 5609171 ns
Total end-to-end search time: 5970994 ns
Total end-to-end search time: 5689330 ns
Total end-to-end search time: 4811272 ns
Total end-to-end search time: 4829076 ns
Total end-to-end search time: 4275443 ns
Total end-to-end search time: 5491617 ns
Total end-to-end search time: 5107914 ns
Total end-to-end search time: 4378244 ns
Total end-to-end search time: 5063877 ns
Total end-to-end search time: 4274888 ns
Total end-to-end search time: 4903416 ns
Total end-to-end search time: 5593924 ns
Total end-to-end search time: 5712863 ns
