Query: 10000, nThreads: 2, warmup: 1
====================================================================================================
(ns)
Load index... Graph level 5..
Total end-to-end search time: 3446218818 ns
Total end-to-end search time: 54 ns
Query: 10000, nThreads: 2, warmup: 1
====================================================================================================
(ns)
Load index... Graph level 5..
Total end-to-end search time: 3474529242 ns
Total end-to-end search time: 48 ns
Query: 10000, nThreads: 2, warmup: 1
====================================================================================================
(ns)
Load index... Graph level 5..
Total end-to-end search time: 3483878941 ns
Total end-to-end search time: 48 ns
Query: 10000, nThreads: 2, warmup: 1
====================================================================================================
(ns)
Load index... Graph level 5..
Total end-to-end search time: 3487758631 ns
Total end-to-end search time: 48 ns
Query: 10000, nThreads: 2, warmup: 1
====================================================================================================
(ns)
Load index... Graph level 5..
Total end-to-end search time: 3491217746 ns
Total end-to-end search time: 44 ns
Query: 10000, nThreads: 2, warmup: 1
====================================================================================================
(ns)
Load index... Graph level 5..
Total end-to-end search time: 3514917583 ns
Total end-to-end search time: 48 ns
Query: 10000, nThreads: 2, warmup: 1
====================================================================================================
(ns)
Load index... Graph level 5..
Total end-to-end search time: 3469830534 ns
Total end-to-end search time: 45 ns
Query: 10000, nThreads: 2, warmup: 1
====================================================================================================
(ns)
Load index... Graph level 5..
Total end-to-end search time: 3523934142 ns
Total end-to-end search time: 48 ns
Query: 10000, nThreads: 2, warmup: 1
====================================================================================================
(ns)
Load index... Graph level 5..
Total end-to-end search time: 3514769634 ns
Total end-to-end search time: 49 ns
Query: 10000, nThreads: 2, warmup: 1
====================================================================================================
(ns)
Load index... Graph level 5..
Total end-to-end search time: 3469874841 ns
Total end-to-end search time: 49 ns
Query: 10000, nThreads: 2, warmup: 1
====================================================================================================
(ns)
Load index... Graph level 5..
Total end-to-end search time: 3465094709 ns
Total end-to-end search time: 41 ns
Query: 10000, nThreads: 2, warmup: 1
====================================================================================================
(ns)
Load index... Graph level 5..
Total end-to-end search time: 3469036606 ns
Total end-to-end search time: 50 ns
Query: 10000, nThreads: 2, warmup: 1
====================================================================================================
(ns)
Load index... Graph level 5..
Total end-to-end search time: 3525974069 ns
Total end-to-end search time: 54 ns
Query: 10000, nThreads: 2, warmup: 1
====================================================================================================
(ns)
Load index... Graph level 5..
Total end-to-end search time: 3521989139 ns
Total end-to-end search time: 47 ns
Query: 10000, nThreads: 2, warmup: 1
====================================================================================================
(ns)
Load index... Graph level 5..
Total end-to-end search time: 3469628835 ns
Total end-to-end search time: 51 ns
Query: 10000, nThreads: 2, warmup: 1
====================================================================================================
(ns)
Load index... Graph level 5..
Total end-to-end search time: 3461340441 ns
Total end-to-end search time: 54 ns
Query: 10000, nThreads: 2, warmup: 1
====================================================================================================
(ns)
Load index... Graph level 5..
Total end-to-end search time: 3522927289 ns
Total end-to-end search time: 53 ns
Query: 10000, nThreads: 2, warmup: 1
====================================================================================================
(ns)
Load index... Graph level 5..
Total end-to-end search time: 3515317451 ns
Total end-to-end search time: 50 ns
Query: 10000, nThreads: 2, warmup: 1
====================================================================================================
(ns)
Load index... Graph level 5..
Total end-to-end search time: 3523441584 ns
Total end-to-end search time: 41 ns
Query: 10000, nThreads: 2, warmup: 1
====================================================================================================
(ns)
Load index... Graph level 5..
Total end-to-end search time: 3516517405 ns
Total end-to-end search time: 49 ns
Query: 10000, nThreads: 2, warmup: 1
====================================================================================================
(ns)
Load index... Graph level 5..
Total end-to-end search time: 3523944875 ns
Total end-to-end search time: 43 ns
Query: 10000, nThreads: 2, warmup: 1
====================================================================================================
(ns)
Load index... Graph level 5..
Total end-to-end search time: 3516840970 ns
Total end-to-end search time: 43 ns
Query: 10000, nThreads: 2, warmup: 1
====================================================================================================
(ns)
Load index... Graph level 5..
Total end-to-end search time: 3466422220 ns
Total end-to-end search time: 48 ns
Query: 10000, nThreads: 2, warmup: 1
====================================================================================================
(ns)
Load index... Graph level 5..
Total end-to-end search time: 3460786384 ns
Total end-to-end search time: 45 ns
Query: 10000, nThreads: 2, warmup: 1
====================================================================================================
(ns)
Load index... Graph level 5..
Total end-to-end search time: 3473632106 ns
Total end-to-end search time: 49 ns
Query: 10000, nThreads: 2, warmup: 1
====================================================================================================
(ns)
Load index... Graph level 5..
Total end-to-end search time: 3472287581 ns
Total end-to-end search time: 49 ns
Query: 10000, nThreads: 2, warmup: 1
====================================================================================================
(ns)
Load index... Graph level 5..
Total end-to-end search time: 3522888504 ns
Total end-to-end search time: 45 ns
Query: 10000, nThreads: 2, warmup: 1
====================================================================================================
(ns)
Load index... Graph level 5..
Total end-to-end search time: 3464860130 ns
Total end-to-end search time: 46 ns
Query: 10000, nThreads: 2, warmup: 1
====================================================================================================
(ns)
Load index... Graph level 5..
Total end-to-end search time: 3524164467 ns
Total end-to-end search time: 48 ns
Query: 10000, nThreads: 2, warmup: 1
====================================================================================================
(ns)
Load index... Graph level 5..
Total end-to-end search time: 3467908837 ns
Total end-to-end search time: 53 ns
