Query: 16, nThreads: 8, warmup: 16
====================================================================================================
(ns)
Load index... Graph level 5..
Total end-to-end search time: 13573428 ns
Total end-to-end search time: 11894550 ns
Total end-to-end search time: 12040020 ns
Total end-to-end search time: 9919049 ns
Total end-to-end search time: 10035215 ns
Total end-to-end search time: 9713828 ns
Total end-to-end search time: 9589489 ns
Total end-to-end search time: 10724487 ns
Total end-to-end search time: 11784634 ns
Total end-to-end search time: 11600239 ns
Total end-to-end search time: 12272209 ns
Total end-to-end search time: 11301095 ns
Total end-to-end search time: 11842620 ns
Total end-to-end search time: 12096393 ns
Total end-to-end search time: 11941856 ns
Total end-to-end search time: 13219054 ns
Total end-to-end search time: 11993442 ns
Query: 16, nThreads: 8, warmup: 16
====================================================================================================
(ns)
Load index... Graph level 5..
Total end-to-end search time: 13598889 ns
Total end-to-end search time: 11849480 ns
Total end-to-end search time: 12123700 ns
Total end-to-end search time: 9872942 ns
Total end-to-end search time: 10018634 ns
Total end-to-end search time: 9721345 ns
Total end-to-end search time: 9618116 ns
Total end-to-end search time: 10731830 ns
Total end-to-end search time: 11835770 ns
Total end-to-end search time: 11693300 ns
Total end-to-end search time: 12318935 ns
Total end-to-end search time: 11400672 ns
Total end-to-end search time: 12078324 ns
Total end-to-end search time: 12219543 ns
Total end-to-end search time: 12016350 ns
Total end-to-end search time: 13270235 ns
Total end-to-end search time: 11929256 ns
Query: 16, nThreads: 8, warmup: 16
====================================================================================================
(ns)
Load index... Graph level 5..
Total end-to-end search time: 13332144 ns
Total end-to-end search time: 11601620 ns
Total end-to-end search time: 11744765 ns
Total end-to-end search time: 9700068 ns
Total end-to-end search time: 9797695 ns
Total end-to-end search time: 9527697 ns
Total end-to-end search time: 9414651 ns
Total end-to-end search time: 10529868 ns
Total end-to-end search time: 11541036 ns
Total end-to-end search time: 11382747 ns
Total end-to-end search time: 12020905 ns
Total end-to-end search time: 11105918 ns
Total end-to-end search time: 11663713 ns
Total end-to-end search time: 11845811 ns
Total end-to-end search time: 11673967 ns
Total end-to-end search time: 12950999 ns
Total end-to-end search time: 11791920 ns
Query: 16, nThreads: 8, warmup: 16
====================================================================================================
(ns)
Load index... Graph level 5..
Total end-to-end search time: 13224142 ns
Total end-to-end search time: 11551591 ns
Total end-to-end search time: 11706834 ns
Total end-to-end search time: 9613401 ns
Total end-to-end search time: 9796075 ns
Total end-to-end search time: 9557024 ns
Total end-to-end search time: 9403851 ns
Total end-to-end search time: 10459627 ns
Total end-to-end search time: 11487504 ns
Total end-to-end search time: 11310890 ns
Total end-to-end search time: 11952021 ns
Total end-to-end search time: 11075325 ns
Total end-to-end search time: 11558246 ns
Total end-to-end search time: 11790410 ns
Total end-to-end search time: 11624022 ns
Total end-to-end search time: 12872997 ns
Total end-to-end search time: 11690359 ns
Query: 16, nThreads: 8, warmup: 16
====================================================================================================
(ns)
Load index... Graph level 5..
Total end-to-end search time: 13437043 ns
Total end-to-end search time: 11702929 ns
Total end-to-end search time: 11843410 ns
Total end-to-end search time: 9715166 ns
Total end-to-end search time: 9854565 ns
Total end-to-end search time: 9659851 ns
Total end-to-end search time: 9472440 ns
Total end-to-end search time: 10584655 ns
Total end-to-end search time: 11597070 ns
Total end-to-end search time: 11478021 ns
Total end-to-end search time: 12090654 ns
Total end-to-end search time: 11213244 ns
Total end-to-end search time: 11661271 ns
Total end-to-end search time: 11908343 ns
Total end-to-end search time: 11745563 ns
Total end-to-end search time: 12998250 ns
Total end-to-end search time: 11810233 ns
Query: 16, nThreads: 8, warmup: 16
====================================================================================================
(ns)
Load index... Graph level 5..
Total end-to-end search time: 13296812 ns
Total end-to-end search time: 11564894 ns
Total end-to-end search time: 11776389 ns
Total end-to-end search time: 9671279 ns
Total end-to-end search time: 9755538 ns
Total end-to-end search time: 9674641 ns
Total end-to-end search time: 9367438 ns
Total end-to-end search time: 10481916 ns
Total end-to-end search time: 11498264 ns
Total end-to-end search time: 11353077 ns
Total end-to-end search time: 11950708 ns
Total end-to-end search time: 11088551 ns
Total end-to-end search time: 11676846 ns
Total end-to-end search time: 11898391 ns
Total end-to-end search time: 11652073 ns
Total end-to-end search time: 12980743 ns
Total end-to-end search time: 11650094 ns
Query: 16, nThreads: 8, warmup: 16
====================================================================================================
(ns)
Load index... Graph level 5..
Total end-to-end search time: 13226518 ns
Total end-to-end search time: 11507892 ns
Total end-to-end search time: 11743608 ns
Total end-to-end search time: 9620041 ns
Total end-to-end search time: 9740926 ns
Total end-to-end search time: 9496078 ns
Total end-to-end search time: 9344819 ns
Total end-to-end search time: 10401173 ns
Total end-to-end search time: 11402953 ns
Total end-to-end search time: 11231672 ns
Total end-to-end search time: 11841310 ns
Total end-to-end search time: 10990916 ns
Total end-to-end search time: 11452270 ns
Total end-to-end search time: 11710394 ns
Total end-to-end search time: 11630819 ns
Total end-to-end search time: 12815336 ns
Total end-to-end search time: 11623239 ns
Query: 16, nThreads: 8, warmup: 16
====================================================================================================
(ns)
Load index... Graph level 5..
Total end-to-end search time: 13356834 ns
Total end-to-end search time: 11734793 ns
Total end-to-end search time: 11817442 ns
Total end-to-end search time: 9781482 ns
Total end-to-end search time: 10031162 ns
Total end-to-end search time: 9817961 ns
Total end-to-end search time: 9634856 ns
Total end-to-end search time: 10745235 ns
Total end-to-end search time: 11685359 ns
Total end-to-end search time: 11496532 ns
Total end-to-end search time: 12217072 ns
Total end-to-end search time: 11415143 ns
Total end-to-end search time: 11878386 ns
Total end-to-end search time: 12138775 ns
Total end-to-end search time: 11884750 ns
Total end-to-end search time: 13075148 ns
Total end-to-end search time: 11781015 ns
Query: 16, nThreads: 8, warmup: 16
====================================================================================================
(ns)
Load index... Graph level 5..
Total end-to-end search time: 13421801 ns
Total end-to-end search time: 11719616 ns
Total end-to-end search time: 11891225 ns
Total end-to-end search time: 9772588 ns
Total end-to-end search time: 9983796 ns
Total end-to-end search time: 9674712 ns
Total end-to-end search time: 9511689 ns
Total end-to-end search time: 10686936 ns
Total end-to-end search time: 11718685 ns
Total end-to-end search time: 11531278 ns
Total end-to-end search time: 12112801 ns
Total end-to-end search time: 11278317 ns
Total end-to-end search time: 11770393 ns
Total end-to-end search time: 11969196 ns
Total end-to-end search time: 11776246 ns
Total end-to-end search time: 13076972 ns
Total end-to-end search time: 11823469 ns
Query: 16, nThreads: 8, warmup: 16
====================================================================================================
(ns)
Load index... Graph level 5..
Total end-to-end search time: 13374044 ns
Total end-to-end search time: 11601358 ns
Total end-to-end search time: 11783069 ns
Total end-to-end search time: 9638560 ns
Total end-to-end search time: 9752092 ns
Total end-to-end search time: 9517361 ns
Total end-to-end search time: 9371921 ns
Total end-to-end search time: 10477508 ns
Total end-to-end search time: 11488683 ns
Total end-to-end search time: 11347001 ns
Total end-to-end search time: 11973647 ns
Total end-to-end search time: 11144666 ns
Total end-to-end search time: 11592992 ns
Total end-to-end search time: 11783088 ns
Total end-to-end search time: 11626887 ns
Total end-to-end search time: 12876460 ns
Total end-to-end search time: 11676748 ns
Query: 16, nThreads: 8, warmup: 16
====================================================================================================
(ns)
Load index... Graph level 5..
Total end-to-end search time: 13305740 ns
Total end-to-end search time: 11587590 ns
Total end-to-end search time: 11763282 ns
Total end-to-end search time: 9669735 ns
Total end-to-end search time: 9829999 ns
Total end-to-end search time: 9567310 ns
Total end-to-end search time: 9389514 ns
Total end-to-end search time: 10507659 ns
Total end-to-end search time: 11533548 ns
Total end-to-end search time: 11376299 ns
Total end-to-end search time: 12052407 ns
Total end-to-end search time: 11182788 ns
Total end-to-end search time: 11669976 ns
Total end-to-end search time: 11963451 ns
Total end-to-end search time: 11734485 ns
Total end-to-end search time: 12947366 ns
Total end-to-end search time: 11764073 ns
Query: 16, nThreads: 8, warmup: 16
====================================================================================================
(ns)
Load index... Graph level 5..
Total end-to-end search time: 13454346 ns
Total end-to-end search time: 11737660 ns
Total end-to-end search time: 11856008 ns
Total end-to-end search time: 9830983 ns
Total end-to-end search time: 9982841 ns
Total end-to-end search time: 9679297 ns
Total end-to-end search time: 9498985 ns
Total end-to-end search time: 10605011 ns
Total end-to-end search time: 11618733 ns
Total end-to-end search time: 11450032 ns
Total end-to-end search time: 12067625 ns
Total end-to-end search time: 11193728 ns
Total end-to-end search time: 11675242 ns
Total end-to-end search time: 11919445 ns
Total end-to-end search time: 11785526 ns
Total end-to-end search time: 13022893 ns
Total end-to-end search time: 11763093 ns
Query: 16, nThreads: 8, warmup: 16
====================================================================================================
(ns)
Load index... Graph level 5..
Total end-to-end search time: 13208469 ns
Total end-to-end search time: 11484943 ns
Total end-to-end search time: 11700569 ns
Total end-to-end search time: 9612871 ns
Total end-to-end search time: 9737559 ns
Total end-to-end search time: 9464480 ns
Total end-to-end search time: 9546014 ns
Total end-to-end search time: 10465548 ns
Total end-to-end search time: 11476376 ns
Total end-to-end search time: 11306451 ns
Total end-to-end search time: 11956326 ns
Total end-to-end search time: 11040015 ns
Total end-to-end search time: 11575714 ns
Total end-to-end search time: 11769760 ns
Total end-to-end search time: 11598544 ns
Total end-to-end search time: 12839016 ns
Total end-to-end search time: 11636352 ns
Query: 16, nThreads: 8, warmup: 16
====================================================================================================
(ns)
Load index... Graph level 5..
Total end-to-end search time: 13450119 ns
Total end-to-end search time: 11688088 ns
Total end-to-end search time: 11838583 ns
Total end-to-end search time: 9734046 ns
Total end-to-end search time: 9874925 ns
Total end-to-end search time: 9635648 ns
Total end-to-end search time: 9487742 ns
Total end-to-end search time: 10637607 ns
Total end-to-end search time: 11559998 ns
Total end-to-end search time: 11407485 ns
Total end-to-end search time: 12078380 ns
Total end-to-end search time: 11134078 ns
Total end-to-end search time: 11639830 ns
Total end-to-end search time: 11869281 ns
Total end-to-end search time: 11766151 ns
Total end-to-end search time: 13017742 ns
Total end-to-end search time: 11765295 ns
Query: 16, nThreads: 8, warmup: 16
====================================================================================================
(ns)
Load index... Graph level 5..
Total end-to-end search time: 13406460 ns
Total end-to-end search time: 11637962 ns
Total end-to-end search time: 11832883 ns
Total end-to-end search time: 9739926 ns
Total end-to-end search time: 9911468 ns
Total end-to-end search time: 9612977 ns
Total end-to-end search time: 9492359 ns
Total end-to-end search time: 10601520 ns
Total end-to-end search time: 11624017 ns
Total end-to-end search time: 11486408 ns
Total end-to-end search time: 12176420 ns
Total end-to-end search time: 11272085 ns
Total end-to-end search time: 11755842 ns
Total end-to-end search time: 11963020 ns
Total end-to-end search time: 11811474 ns
Total end-to-end search time: 13087410 ns
Total end-to-end search time: 11830115 ns
Query: 16, nThreads: 8, warmup: 16
====================================================================================================
(ns)
Load index... Graph level 5..
Total end-to-end search time: 13403847 ns
Total end-to-end search time: 11635223 ns
Total end-to-end search time: 11820456 ns
Total end-to-end search time: 9744207 ns
Total end-to-end search time: 9884071 ns
Total end-to-end search time: 9679895 ns
Total end-to-end search time: 9466360 ns
Total end-to-end search time: 10659871 ns
Total end-to-end search time: 11636174 ns
Total end-to-end search time: 11490953 ns
Total end-to-end search time: 12090897 ns
Total end-to-end search time: 11234812 ns
Total end-to-end search time: 11753018 ns
Total end-to-end search time: 11966977 ns
Total end-to-end search time: 11854049 ns
Total end-to-end search time: 13097094 ns
Total end-to-end search time: 11935747 ns
Query: 16, nThreads: 8, warmup: 16
====================================================================================================
(ns)
Load index... Graph level 5..
Total end-to-end search time: 13655553 ns
Total end-to-end search time: 11824528 ns
Total end-to-end search time: 11882620 ns
Total end-to-end search time: 9759146 ns
Total end-to-end search time: 9909308 ns
Total end-to-end search time: 9645424 ns
Total end-to-end search time: 9442867 ns
Total end-to-end search time: 10608633 ns
Total end-to-end search time: 11585514 ns
Total end-to-end search time: 11402737 ns
Total end-to-end search time: 12027510 ns
Total end-to-end search time: 11167610 ns
Total end-to-end search time: 11695624 ns
Total end-to-end search time: 11917895 ns
Total end-to-end search time: 11729770 ns
Total end-to-end search time: 13001030 ns
Total end-to-end search time: 11790887 ns
Query: 16, nThreads: 8, warmup: 16
====================================================================================================
(ns)
Load index... Graph level 5..
Total end-to-end search time: 13171386 ns
Total end-to-end search time: 11590856 ns
Total end-to-end search time: 11775290 ns
Total end-to-end search time: 9664908 ns
Total end-to-end search time: 9799180 ns
Total end-to-end search time: 9528313 ns
Total end-to-end search time: 9415880 ns
Total end-to-end search time: 10486048 ns
Total end-to-end search time: 11551012 ns
Total end-to-end search time: 11389033 ns
Total end-to-end search time: 12031126 ns
Total end-to-end search time: 11131892 ns
Total end-to-end search time: 11617311 ns
Total end-to-end search time: 11831840 ns
Total end-to-end search time: 11663196 ns
Total end-to-end search time: 12943582 ns
Total end-to-end search time: 11754755 ns
Query: 16, nThreads: 8, warmup: 16
====================================================================================================
(ns)
Load index... Graph level 5..
Total end-to-end search time: 13481692 ns
Total end-to-end search time: 11698251 ns
Total end-to-end search time: 11887531 ns
Total end-to-end search time: 9782634 ns
Total end-to-end search time: 9865043 ns
Total end-to-end search time: 9616229 ns
Total end-to-end search time: 9458597 ns
Total end-to-end search time: 10552578 ns
Total end-to-end search time: 11603579 ns
Total end-to-end search time: 11465382 ns
Total end-to-end search time: 12124769 ns
Total end-to-end search time: 11246357 ns
Total end-to-end search time: 11751116 ns
Total end-to-end search time: 11986659 ns
Total end-to-end search time: 11826988 ns
Total end-to-end search time: 13143544 ns
Total end-to-end search time: 11785759 ns
Query: 16, nThreads: 8, warmup: 16
====================================================================================================
(ns)
Load index... Graph level 5..
Total end-to-end search time: 13215630 ns
Total end-to-end search time: 11552195 ns
Total end-to-end search time: 11732925 ns
Total end-to-end search time: 9660259 ns
Total end-to-end search time: 9835812 ns
Total end-to-end search time: 9549424 ns
Total end-to-end search time: 9398965 ns
Total end-to-end search time: 10505129 ns
Total end-to-end search time: 11544156 ns
Total end-to-end search time: 11582930 ns
Total end-to-end search time: 11977515 ns
Total end-to-end search time: 11088962 ns
Total end-to-end search time: 11646081 ns
Total end-to-end search time: 11833577 ns
Total end-to-end search time: 11730422 ns
Total end-to-end search time: 12926759 ns
Total end-to-end search time: 11708816 ns
Query: 16, nThreads: 8, warmup: 16
====================================================================================================
(ns)
Load index... Graph level 5..
Total end-to-end search time: 13586115 ns
Total end-to-end search time: 11807851 ns
Total end-to-end search time: 12034597 ns
Total end-to-end search time: 9883176 ns
Total end-to-end search time: 10012014 ns
Total end-to-end search time: 9747167 ns
Total end-to-end search time: 9614114 ns
Total end-to-end search time: 10733623 ns
Total end-to-end search time: 11800226 ns
Total end-to-end search time: 11649634 ns
Total end-to-end search time: 12258982 ns
Total end-to-end search time: 11350464 ns
Total end-to-end search time: 11871233 ns
Total end-to-end search time: 12087571 ns
Total end-to-end search time: 11897817 ns
Total end-to-end search time: 13241409 ns
Total end-to-end search time: 12000433 ns
Query: 16, nThreads: 8, warmup: 16
====================================================================================================
(ns)
Load index... Graph level 5..
Total end-to-end search time: 13421999 ns
Total end-to-end search time: 11723033 ns
Total end-to-end search time: 11907312 ns
Total end-to-end search time: 9785765 ns
Total end-to-end search time: 9932379 ns
Total end-to-end search time: 9639880 ns
Total end-to-end search time: 9471505 ns
Total end-to-end search time: 10585103 ns
Total end-to-end search time: 11670143 ns
Total end-to-end search time: 11478659 ns
Total end-to-end search time: 12171901 ns
Total end-to-end search time: 11221076 ns
Total end-to-end search time: 11716825 ns
Total end-to-end search time: 11996256 ns
Total end-to-end search time: 11791228 ns
Total end-to-end search time: 13037864 ns
Total end-to-end search time: 11833961 ns
Query: 16, nThreads: 8, warmup: 16
====================================================================================================
(ns)
Load index... Graph level 5..
Total end-to-end search time: 13313176 ns
Total end-to-end search time: 11607503 ns
Total end-to-end search time: 11818405 ns
Total end-to-end search time: 9694758 ns
Total end-to-end search time: 9787273 ns
Total end-to-end search time: 9573866 ns
Total end-to-end search time: 9408883 ns
Total end-to-end search time: 10502765 ns
Total end-to-end search time: 11585084 ns
Total end-to-end search time: 11392024 ns
Total end-to-end search time: 12014251 ns
Total end-to-end search time: 11123502 ns
Total end-to-end search time: 11588855 ns
Total end-to-end search time: 11838972 ns
Total end-to-end search time: 11697993 ns
Total end-to-end search time: 12931442 ns
Total end-to-end search time: 11737219 ns
Query: 16, nThreads: 8, warmup: 16
====================================================================================================
(ns)
Load index... Graph level 5..
Total end-to-end search time: 13403877 ns
Total end-to-end search time: 11665363 ns
Total end-to-end search time: 11851995 ns
Total end-to-end search time: 9827910 ns
Total end-to-end search time: 10072373 ns
Total end-to-end search time: 9814623 ns
Total end-to-end search time: 9613886 ns
Total end-to-end search time: 10712598 ns
Total end-to-end search time: 11685719 ns
Total end-to-end search time: 11523696 ns
Total end-to-end search time: 12306225 ns
Total end-to-end search time: 11417781 ns
Total end-to-end search time: 11855259 ns
Total end-to-end search time: 12076120 ns
Total end-to-end search time: 11845308 ns
Total end-to-end search time: 13118184 ns
Total end-to-end search time: 11834214 ns
Query: 16, nThreads: 8, warmup: 16
====================================================================================================
(ns)
Load index... Graph level 5..
Total end-to-end search time: 13245517 ns
Total end-to-end search time: 11580555 ns
Total end-to-end search time: 11801405 ns
Total end-to-end search time: 9681389 ns
Total end-to-end search time: 9791988 ns
Total end-to-end search time: 9486542 ns
Total end-to-end search time: 9309342 ns
Total end-to-end search time: 10469878 ns
Total end-to-end search time: 11531572 ns
Total end-to-end search time: 11343925 ns
Total end-to-end search time: 11952256 ns
Total end-to-end search time: 11066927 ns
Total end-to-end search time: 11596520 ns
Total end-to-end search time: 11896808 ns
Total end-to-end search time: 11711101 ns
Total end-to-end search time: 12970002 ns
Total end-to-end search time: 11692635 ns
Query: 16, nThreads: 8, warmup: 16
====================================================================================================
(ns)
Load index... Graph level 5..
Total end-to-end search time: 13469754 ns
Total end-to-end search time: 11737650 ns
Total end-to-end search time: 11879019 ns
Total end-to-end search time: 9770089 ns
Total end-to-end search time: 9882501 ns
Total end-to-end search time: 9580045 ns
Total end-to-end search time: 9429465 ns
Total end-to-end search time: 10605740 ns
Total end-to-end search time: 11660070 ns
Total end-to-end search time: 11485601 ns
Total end-to-end search time: 12144321 ns
Total end-to-end search time: 11272692 ns
Total end-to-end search time: 11796610 ns
Total end-to-end search time: 12050688 ns
Total end-to-end search time: 11842134 ns
Total end-to-end search time: 13104751 ns
Total end-to-end search time: 11804292 ns
Query: 16, nThreads: 8, warmup: 16
====================================================================================================
(ns)
Load index... Graph level 5..
Total end-to-end search time: 13576004 ns
Total end-to-end search time: 11772600 ns
Total end-to-end search time: 11919431 ns
Total end-to-end search time: 9803483 ns
Total end-to-end search time: 9949293 ns
Total end-to-end search time: 9645506 ns
Total end-to-end search time: 9469091 ns
Total end-to-end search time: 10615318 ns
Total end-to-end search time: 11639156 ns
Total end-to-end search time: 11466138 ns
Total end-to-end search time: 12299194 ns
Total end-to-end search time: 11204213 ns
Total end-to-end search time: 11681074 ns
Total end-to-end search time: 11918672 ns
Total end-to-end search time: 11776996 ns
Total end-to-end search time: 13081678 ns
Total end-to-end search time: 11795375 ns
Query: 16, nThreads: 8, warmup: 16
====================================================================================================
(ns)
Load index... Graph level 5..
Total end-to-end search time: 13718020 ns
Total end-to-end search time: 11855482 ns
Total end-to-end search time: 12097565 ns
Total end-to-end search time: 9891965 ns
Total end-to-end search time: 9983284 ns
Total end-to-end search time: 9758259 ns
Total end-to-end search time: 9607289 ns
Total end-to-end search time: 10741734 ns
Total end-to-end search time: 11842613 ns
Total end-to-end search time: 11744326 ns
Total end-to-end search time: 12329655 ns
Total end-to-end search time: 11360487 ns
Total end-to-end search time: 11867804 ns
Total end-to-end search time: 12104240 ns
Total end-to-end search time: 11932989 ns
Total end-to-end search time: 13267964 ns
Total end-to-end search time: 11993355 ns
Query: 16, nThreads: 8, warmup: 16
====================================================================================================
(ns)
Load index... Graph level 5..
Total end-to-end search time: 13320096 ns
Total end-to-end search time: 11715440 ns
Total end-to-end search time: 11898401 ns
Total end-to-end search time: 9811817 ns
Total end-to-end search time: 9875723 ns
Total end-to-end search time: 9642287 ns
Total end-to-end search time: 9440633 ns
Total end-to-end search time: 10586577 ns
Total end-to-end search time: 11590806 ns
Total end-to-end search time: 11438060 ns
Total end-to-end search time: 12082094 ns
Total end-to-end search time: 11195937 ns
Total end-to-end search time: 11669968 ns
Total end-to-end search time: 11904672 ns
Total end-to-end search time: 11739360 ns
Total end-to-end search time: 12961031 ns
Total end-to-end search time: 11761593 ns
Query: 16, nThreads: 8, warmup: 16
====================================================================================================
(ns)
Load index... Graph level 5..
Total end-to-end search time: 13452807 ns
Total end-to-end search time: 11775269 ns
Total end-to-end search time: 11918584 ns
Total end-to-end search time: 9777713 ns
Total end-to-end search time: 9929713 ns
Total end-to-end search time: 9681348 ns
Total end-to-end search time: 9488869 ns
Total end-to-end search time: 10574861 ns
Total end-to-end search time: 11657537 ns
Total end-to-end search time: 11535844 ns
Total end-to-end search time: 12209195 ns
Total end-to-end search time: 11249297 ns
Total end-to-end search time: 11828742 ns
Total end-to-end search time: 11950238 ns
Total end-to-end search time: 11799522 ns
Total end-to-end search time: 13063375 ns
Total end-to-end search time: 11858166 ns
