Query: 2048, nThreads: 64, warmup: 1
====================================================================================================
(ns)
Load index... Graph level 5..
Total end-to-end search time: 101701937 ns
Total end-to-end search time: 97965031 ns
Query: 2048, nThreads: 64, warmup: 1
====================================================================================================
(ns)
Load index... Graph level 5..
Total end-to-end search time: 103260090 ns
Total end-to-end search time: 98017808 ns
Query: 2048, nThreads: 64, warmup: 1
====================================================================================================
(ns)
Load index... Graph level 5..
Total end-to-end search time: 102433482 ns
Total end-to-end search time: 98108068 ns
Query: 2048, nThreads: 64, warmup: 1
====================================================================================================
(ns)
Load index... Graph level 5..
Total end-to-end search time: 101954882 ns
Total end-to-end search time: 98168676 ns
Query: 2048, nThreads: 64, warmup: 1
====================================================================================================
(ns)
Load index... Graph level 5..
Total end-to-end search time: 101783940 ns
Total end-to-end search time: 97895757 ns
Query: 2048, nThreads: 64, warmup: 1
====================================================================================================
(ns)
Load index... Graph level 5..
Total end-to-end search time: 101985069 ns
Total end-to-end search time: 98330275 ns
Query: 2048, nThreads: 64, warmup: 1
====================================================================================================
(ns)
Load index... Graph level 5..
Total end-to-end search time: 102170109 ns
Total end-to-end search time: 98171618 ns
Query: 2048, nThreads: 64, warmup: 1
====================================================================================================
(ns)
Load index... Graph level 5..
Total end-to-end search time: 102000649 ns
Total end-to-end search time: 98111099 ns
Query: 2048, nThreads: 64, warmup: 1
====================================================================================================
(ns)
Load index... Graph level 5..
Total end-to-end search time: 102356820 ns
Total end-to-end search time: 98227392 ns
Query: 2048, nThreads: 64, warmup: 1
====================================================================================================
(ns)
Load index... Graph level 5..
Total end-to-end search time: 103056498 ns
Total end-to-end search time: 98300976 ns
Query: 2048, nThreads: 64, warmup: 1
====================================================================================================
(ns)
Load index... Graph level 5..
Total end-to-end search time: 102202427 ns
Total end-to-end search time: 98569261 ns
Query: 2048, nThreads: 64, warmup: 1
====================================================================================================
(ns)
Load index... Graph level 5..
Total end-to-end search time: 102383842 ns
Total end-to-end search time: 98029386 ns
Query: 2048, nThreads: 64, warmup: 1
====================================================================================================
(ns)
Load index... Graph level 5..
Total end-to-end search time: 102365847 ns
Total end-to-end search time: 98248572 ns
Query: 2048, nThreads: 64, warmup: 1
====================================================================================================
(ns)
Load index... Graph level 5..
Total end-to-end search time: 102198071 ns
Total end-to-end search time: 98023378 ns
Query: 2048, nThreads: 64, warmup: 1
====================================================================================================
(ns)
Load index... Graph level 5..
Total end-to-end search time: 101907522 ns
Total end-to-end search time: 98413232 ns
Query: 2048, nThreads: 64, warmup: 1
====================================================================================================
(ns)
Load index... Graph level 5..
Total end-to-end search time: 102545440 ns
Total end-to-end search time: 98056087 ns
Query: 2048, nThreads: 64, warmup: 1
====================================================================================================
(ns)
Load index... Graph level 5..
Total end-to-end search time: 101878949 ns
Total end-to-end search time: 98236961 ns
Query: 2048, nThreads: 64, warmup: 1
====================================================================================================
(ns)
Load index... Graph level 5..
Total end-to-end search time: 101992495 ns
Total end-to-end search time: 98046696 ns
Query: 2048, nThreads: 64, warmup: 1
====================================================================================================
(ns)
Load index... Graph level 5..
Total end-to-end search time: 102351885 ns
Total end-to-end search time: 98335810 ns
Query: 2048, nThreads: 64, warmup: 1
====================================================================================================
(ns)
Load index... Graph level 5..
Total end-to-end search time: 101920379 ns
Total end-to-end search time: 98181752 ns
Query: 2048, nThreads: 64, warmup: 1
====================================================================================================
(ns)
Load index... Graph level 5..
Total end-to-end search time: 102427024 ns
Total end-to-end search time: 98195776 ns
Query: 2048, nThreads: 64, warmup: 1
====================================================================================================
(ns)
Load index... Graph level 5..
Total end-to-end search time: 102007381 ns
Total end-to-end search time: 98054474 ns
Query: 2048, nThreads: 64, warmup: 1
====================================================================================================
(ns)
Load index... Graph level 5..
Total end-to-end search time: 102882978 ns
Total end-to-end search time: 98235817 ns
Query: 2048, nThreads: 64, warmup: 1
====================================================================================================
(ns)
Load index... Graph level 5..
Total end-to-end search time: 101737492 ns
Total end-to-end search time: 97973359 ns
Query: 2048, nThreads: 64, warmup: 1
====================================================================================================
(ns)
Load index... Graph level 5..
Total end-to-end search time: 102279969 ns
Total end-to-end search time: 98339447 ns
Query: 2048, nThreads: 64, warmup: 1
====================================================================================================
(ns)
Load index... Graph level 5..
Total end-to-end search time: 102694963 ns
Total end-to-end search time: 98107088 ns
Query: 2048, nThreads: 64, warmup: 1
====================================================================================================
(ns)
Load index... Graph level 5..
Total end-to-end search time: 101564566 ns
Total end-to-end search time: 98060094 ns
Query: 2048, nThreads: 64, warmup: 1
====================================================================================================
(ns)
Load index... Graph level 5..
Total end-to-end search time: 102094171 ns
Total end-to-end search time: 98212788 ns
Query: 2048, nThreads: 64, warmup: 1
====================================================================================================
(ns)
Load index... Graph level 5..
Total end-to-end search time: 102489056 ns
Total end-to-end search time: 97882399 ns
Query: 2048, nThreads: 64, warmup: 1
====================================================================================================
(ns)
Load index... Graph level 5..
Total end-to-end search time: 102144578 ns
Total end-to-end search time: 98206754 ns
