Query: 256, nThreads: 4, warmup: 8
====================================================================================================
(ns)
Load index... Graph level 5..
Total end-to-end search time: 47214060 ns
Total end-to-end search time: 49770719 ns
Total end-to-end search time: 42535124 ns
Total end-to-end search time: 47502512 ns
Total end-to-end search time: 46838630 ns
Total end-to-end search time: 45766791 ns
Total end-to-end search time: 50037115 ns
Total end-to-end search time: 45466220 ns
Total end-to-end search time: 47725838 ns
Query: 256, nThreads: 4, warmup: 8
====================================================================================================
(ns)
Load index... Graph level 5..
Total end-to-end search time: 47304671 ns
Total end-to-end search time: 50221855 ns
Total end-to-end search time: 42649773 ns
Total end-to-end search time: 47999227 ns
Total end-to-end search time: 46855306 ns
Total end-to-end search time: 45443452 ns
Total end-to-end search time: 50232353 ns
Total end-to-end search time: 45663867 ns
Total end-to-end search time: 47577003 ns
Query: 256, nThreads: 4, warmup: 8
====================================================================================================
(ns)
Load index... Graph level 5..
Total end-to-end search time: 47435692 ns
Total end-to-end search time: 50019340 ns
Total end-to-end search time: 42811392 ns
Total end-to-end search time: 47657725 ns
Total end-to-end search time: 46974758 ns
Total end-to-end search time: 46042613 ns
Total end-to-end search time: 50184928 ns
Total end-to-end search time: 46087350 ns
Total end-to-end search time: 47612345 ns
Query: 256, nThreads: 4, warmup: 8
====================================================================================================
(ns)
Load index... Graph level 5..
Total end-to-end search time: 47436250 ns
Total end-to-end search time: 49959799 ns
Total end-to-end search time: 42829367 ns
Total end-to-end search time: 47520941 ns
Total end-to-end search time: 46947926 ns
Total end-to-end search time: 45293101 ns
Total end-to-end search time: 50071461 ns
Total end-to-end search time: 45566786 ns
Total end-to-end search time: 47651669 ns
Query: 256, nThreads: 4, warmup: 8
====================================================================================================
(ns)
Load index... Graph level 5..
Total end-to-end search time: 47019941 ns
Total end-to-end search time: 49920480 ns
Total end-to-end search time: 42451369 ns
Total end-to-end search time: 47545340 ns
Total end-to-end search time: 46873207 ns
Total end-to-end search time: 45573497 ns
Total end-to-end search time: 50462167 ns
Total end-to-end search time: 45674274 ns
Total end-to-end search time: 47281428 ns
Query: 256, nThreads: 4, warmup: 8
====================================================================================================
(ns)
Load index... Graph level 5..
Total end-to-end search time: 47624559 ns
Total end-to-end search time: 50459599 ns
Total end-to-end search time: 43209989 ns
Total end-to-end search time: 47501989 ns
Total end-to-end search time: 46999138 ns
Total end-to-end search time: 45459112 ns
Total end-to-end search time: 50203297 ns
Total end-to-end search time: 45663711 ns
Total end-to-end search time: 47617728 ns
Query: 256, nThreads: 4, warmup: 8
====================================================================================================
(ns)
Load index... Graph level 5..
Total end-to-end search time: 47108143 ns
Total end-to-end search time: 49995492 ns
Total end-to-end search time: 42677212 ns
Total end-to-end search time: 47897268 ns
Total end-to-end search time: 47154104 ns
Total end-to-end search time: 45472691 ns
Total end-to-end search time: 49871640 ns
Total end-to-end search time: 45740743 ns
Total end-to-end search time: 47463489 ns
Query: 256, nThreads: 4, warmup: 8
====================================================================================================
(ns)
Load index... Graph level 5..
Total end-to-end search time: 47525829 ns
Total end-to-end search time: 50017878 ns
Total end-to-end search time: 42865414 ns
Total end-to-end search time: 47412960 ns
Total end-to-end search time: 47322435 ns
Total end-to-end search time: 45269231 ns
Total end-to-end search time: 50051108 ns
Total end-to-end search time: 45561048 ns
Total end-to-end search time: 47444293 ns
Query: 256, nThreads: 4, warmup: 8
====================================================================================================
(ns)
Load index... Graph level 5..
Total end-to-end search time: 47071107 ns
Total end-to-end search time: 50839567 ns
Total end-to-end search time: 42674883 ns
Total end-to-end search time: 48071690 ns
Total end-to-end search time: 46948198 ns
Total end-to-end search time: 46151502 ns
Total end-to-end search time: 49950974 ns
Total end-to-end search time: 45417679 ns
Total end-to-end search time: 47453954 ns
Query: 256, nThreads: 4, warmup: 8
====================================================================================================
(ns)
Load index... Graph level 5..
Total end-to-end search time: 47483372 ns
Total end-to-end search time: 50100207 ns
Total end-to-end search time: 42819423 ns
Total end-to-end search time: 47479678 ns
Total end-to-end search time: 46878745 ns
Total end-to-end search time: 45567382 ns
Total end-to-end search time: 50391255 ns
Total end-to-end search time: 45579486 ns
Total end-to-end search time: 47685024 ns
Query: 256, nThreads: 4, warmup: 8
====================================================================================================
(ns)
Load index... Graph level 5..
Total end-to-end search time: 47218884 ns
Total end-to-end search time: 49860734 ns
Total end-to-end search time: 42690327 ns
Total end-to-end search time: 47517390 ns
Total end-to-end search time: 47607837 ns
Total end-to-end search time: 45434949 ns
Total end-to-end search time: 49892846 ns
Total end-to-end search time: 45683677 ns
Total end-to-end search time: 47518935 ns
Query: 256, nThreads: 4, warmup: 8
====================================================================================================
(ns)
Load index... Graph level 5..
Total end-to-end search time: 47269487 ns
Total end-to-end search time: 50443486 ns
Total end-to-end search time: 42769446 ns
Total end-to-end search time: 47819587 ns
Total end-to-end search time: 47004893 ns
Total end-to-end search time: 45636816 ns
Total end-to-end search time: 50160611 ns
Total end-to-end search time: 45774960 ns
Total end-to-end search time: 47357538 ns
Query: 256, nThreads: 4, warmup: 8
====================================================================================================
(ns)
Load index... Graph level 5..
Total end-to-end search time: 47345883 ns
Total end-to-end search time: 49973603 ns
Total end-to-end search time: 42729604 ns
Total end-to-end search time: 47919470 ns
Total end-to-end search time: 47124189 ns
Total end-to-end search time: 45242920 ns
Total end-to-end search time: 50170175 ns
Total end-to-end search time: 45615545 ns
Total end-to-end search time: 47558856 ns
Query: 256, nThreads: 4, warmup: 8
====================================================================================================
(ns)
Load index... Graph level 5..
Total end-to-end search time: 47452510 ns
Total end-to-end search time: 50262676 ns
Total end-to-end search time: 42526098 ns
Total end-to-end search time: 47547653 ns
Total end-to-end search time: 46746418 ns
Total end-to-end search time: 45446372 ns
Total end-to-end search time: 49965892 ns
Total end-to-end search time: 45860371 ns
Total end-to-end search time: 47457731 ns
Query: 256, nThreads: 4, warmup: 8
====================================================================================================
(ns)
Load index... Graph level 5..
Total end-to-end search time: 47362243 ns
Total end-to-end search time: 50144595 ns
Total end-to-end search time: 43309838 ns
Total end-to-end search time: 47767815 ns
Total end-to-end search time: 47164602 ns
Total end-to-end search time: 45165777 ns
Total end-to-end search time: 50058386 ns
Total end-to-end search time: 45509992 ns
Total end-to-end search time: 47712848 ns
Query: 256, nThreads: 4, warmup: 8
====================================================================================================
(ns)
Load index... Graph level 5..
Total end-to-end search time: 47373610 ns
Total end-to-end search time: 50219557 ns
Total end-to-end search time: 42423253 ns
Total end-to-end search time: 47611877 ns
Total end-to-end search time: 46690520 ns
Total end-to-end search time: 45683636 ns
Total end-to-end search time: 49879976 ns
Total end-to-end search time: 45900577 ns
Total end-to-end search time: 47323972 ns
Query: 256, nThreads: 4, warmup: 8
====================================================================================================
(ns)
Load index... Graph level 5..
Total end-to-end search time: 47305363 ns
Total end-to-end search time: 49993789 ns
Total end-to-end search time: 42655957 ns
Total end-to-end search time: 47800409 ns
Total end-to-end search time: 47314627 ns
Total end-to-end search time: 45158532 ns
Total end-to-end search time: 50110107 ns
Total end-to-end search time: 45693415 ns
Total end-to-end search time: 47526088 ns
Query: 256, nThreads: 4, warmup: 8
====================================================================================================
(ns)
Load index... Graph level 5..
Total end-to-end search time: 47288994 ns
Total end-to-end search time: 50506411 ns
Total end-to-end search time: 42971788 ns
Total end-to-end search time: 47634782 ns
Total end-to-end search time: 46930620 ns
Total end-to-end search time: 45631823 ns
Total end-to-end search time: 49978141 ns
Total end-to-end search time: 45812305 ns
Total end-to-end search time: 47388154 ns
Query: 256, nThreads: 4, warmup: 8
====================================================================================================
(ns)
Load index... Graph level 5..
Total end-to-end search time: 47163306 ns
Total end-to-end search time: 49718442 ns
Total end-to-end search time: 43226369 ns
Total end-to-end search time: 47575359 ns
Total end-to-end search time: 46835494 ns
Total end-to-end search time: 45603126 ns
Total end-to-end search time: 49992545 ns
Total end-to-end search time: 45798643 ns
Total end-to-end search time: 47627653 ns
Query: 256, nThreads: 4, warmup: 8
====================================================================================================
(ns)
Load index... Graph level 5..
Total end-to-end search time: 47352130 ns
Total end-to-end search time: 50346883 ns
Total end-to-end search time: 42732150 ns
Total end-to-end search time: 47391211 ns
Total end-to-end search time: 46936044 ns
Total end-to-end search time: 45277247 ns
Total end-to-end search time: 50202391 ns
Total end-to-end search time: 45799598 ns
Total end-to-end search time: 47444721 ns
Query: 256, nThreads: 4, warmup: 8
====================================================================================================
(ns)
Load index... Graph level 5..
Total end-to-end search time: 47245112 ns
Total end-to-end search time: 50486909 ns
Total end-to-end search time: 43314481 ns
Total end-to-end search time: 47767473 ns
Total end-to-end search time: 46941637 ns
Total end-to-end search time: 45590867 ns
Total end-to-end search time: 49825789 ns
Total end-to-end search time: 45866469 ns
Total end-to-end search time: 47257230 ns
Query: 256, nThreads: 4, warmup: 8
====================================================================================================
(ns)
Load index... Graph level 5..
Total end-to-end search time: 47308793 ns
Total end-to-end search time: 49970942 ns
Total end-to-end search time: 42604829 ns
Total end-to-end search time: 47598613 ns
Total end-to-end search time: 47048774 ns
Total end-to-end search time: 45610392 ns
Total end-to-end search time: 50108722 ns
Total end-to-end search time: 45869772 ns
Total end-to-end search time: 47414904 ns
Query: 256, nThreads: 4, warmup: 8
====================================================================================================
(ns)
Load index... Graph level 5..
Total end-to-end search time: 47255048 ns
Total end-to-end search time: 50353975 ns
Total end-to-end search time: 42863459 ns
Total end-to-end search time: 47186688 ns
Total end-to-end search time: 46991890 ns
Total end-to-end search time: 45496991 ns
Total end-to-end search time: 50030934 ns
Total end-to-end search time: 45494317 ns
Total end-to-end search time: 47560276 ns
Query: 256, nThreads: 4, warmup: 8
====================================================================================================
(ns)
Load index... Graph level 5..
Total end-to-end search time: 47341122 ns
Total end-to-end search time: 50459738 ns
Total end-to-end search time: 42772244 ns
Total end-to-end search time: 47550491 ns
Total end-to-end search time: 47242490 ns
Total end-to-end search time: 45192498 ns
Total end-to-end search time: 50245007 ns
Total end-to-end search time: 45557259 ns
Total end-to-end search time: 47584963 ns
Query: 256, nThreads: 4, warmup: 8
====================================================================================================
(ns)
Load index... Graph level 5..
Total end-to-end search time: 47328360 ns
Total end-to-end search time: 50020767 ns
Total end-to-end search time: 42555186 ns
Total end-to-end search time: 46966806 ns
Total end-to-end search time: 47139562 ns
Total end-to-end search time: 45316485 ns
Total end-to-end search time: 50110749 ns
Total end-to-end search time: 45596023 ns
Total end-to-end search time: 47669470 ns
Query: 256, nThreads: 4, warmup: 8
====================================================================================================
(ns)
Load index... Graph level 5..
Total end-to-end search time: 47321888 ns
Total end-to-end search time: 50082353 ns
Total end-to-end search time: 42544799 ns
Total end-to-end search time: 47447810 ns
Total end-to-end search time: 46846902 ns
Total end-to-end search time: 45328564 ns
Total end-to-end search time: 50197633 ns
Total end-to-end search time: 45501749 ns
Total end-to-end search time: 47604127 ns
Query: 256, nThreads: 4, warmup: 8
====================================================================================================
(ns)
Load index... Graph level 5..
Total end-to-end search time: 47567968 ns
Total end-to-end search time: 50228114 ns
Total end-to-end search time: 42937336 ns
Total end-to-end search time: 47570483 ns
Total end-to-end search time: 46920374 ns
Total end-to-end search time: 45437293 ns
Total end-to-end search time: 50121973 ns
Total end-to-end search time: 45722592 ns
Total end-to-end search time: 47450186 ns
Query: 256, nThreads: 4, warmup: 8
====================================================================================================
(ns)
Load index... Graph level 5..
Total end-to-end search time: 47475640 ns
Total end-to-end search time: 50094355 ns
Total end-to-end search time: 42711911 ns
Total end-to-end search time: 47189197 ns
Total end-to-end search time: 47270276 ns
Total end-to-end search time: 45430483 ns
Total end-to-end search time: 49972511 ns
Total end-to-end search time: 45828019 ns
Total end-to-end search time: 47456594 ns
Query: 256, nThreads: 4, warmup: 8
====================================================================================================
(ns)
Load index... Graph level 5..
Total end-to-end search time: 47579163 ns
Total end-to-end search time: 49967464 ns
Total end-to-end search time: 42894698 ns
Total end-to-end search time: 47353415 ns
Total end-to-end search time: 47012971 ns
Total end-to-end search time: 45510745 ns
Total end-to-end search time: 50071547 ns
Total end-to-end search time: 45626003 ns
Total end-to-end search time: 47405786 ns
Query: 256, nThreads: 4, warmup: 8
====================================================================================================
(ns)
Load index... Graph level 5..
Total end-to-end search time: 47659727 ns
Total end-to-end search time: 50895151 ns
Total end-to-end search time: 43025001 ns
Total end-to-end search time: 47328273 ns
Total end-to-end search time: 47239776 ns
Total end-to-end search time: 45228267 ns
Total end-to-end search time: 50293800 ns
Total end-to-end search time: 45491222 ns
Total end-to-end search time: 47519934 ns
