Query: 4096, nThreads: 1, warmup: 1
====================================================================================================
(ns)
Load index... Graph level 5..
Total end-to-end search time: 2963372296 ns
Total end-to-end search time: 2817324751 ns
Query: 4096, nThreads: 1, warmup: 1
====================================================================================================
(ns)
Load index... Graph level 5..
Total end-to-end search time: 2918249280 ns
Total end-to-end search time: 2774124978 ns
Query: 4096, nThreads: 1, warmup: 1
====================================================================================================
(ns)
Load index... Graph level 5..
Total end-to-end search time: 2902155723 ns
Total end-to-end search time: 2756937384 ns
Query: 4096, nThreads: 1, warmup: 1
====================================================================================================
(ns)
Load index... Graph level 5..
Total end-to-end search time: 2875426822 ns
Total end-to-end search time: 2747845098 ns
Query: 4096, nThreads: 1, warmup: 1
====================================================================================================
(ns)
Load index... Graph level 5..
Total end-to-end search time: 2910314820 ns
Total end-to-end search time: 2777229138 ns
Query: 4096, nThreads: 1, warmup: 1
====================================================================================================
(ns)
Load index... Graph level 5..
Total end-to-end search time: 2891363104 ns
Total end-to-end search time: 2748493877 ns
Query: 4096, nThreads: 1, warmup: 1
====================================================================================================
(ns)
Load index... Graph level 5..
Total end-to-end search time: 2882558210 ns
Total end-to-end search time: 2748697701 ns
Query: 4096, nThreads: 1, warmup: 1
====================================================================================================
(ns)
Load index... Graph level 5..
Total end-to-end search time: 2953459777 ns
Total end-to-end search time: 2814496028 ns
Query: 4096, nThreads: 1, warmup: 1
====================================================================================================
(ns)
Load index... Graph level 5..
Total end-to-end search time: 2909525691 ns
Total end-to-end search time: 2762300922 ns
Query: 4096, nThreads: 1, warmup: 1
====================================================================================================
(ns)
Load index... Graph level 5..
Total end-to-end search time: 2889903724 ns
Total end-to-end search time: 2762292416 ns
Query: 4096, nThreads: 1, warmup: 1
====================================================================================================
(ns)
Load index... Graph level 5..
Total end-to-end search time: 2898748089 ns
Total end-to-end search time: 2757087965 ns
Query: 4096, nThreads: 1, warmup: 1
====================================================================================================
(ns)
Load index... Graph level 5..
Total end-to-end search time: 2925720033 ns
Total end-to-end search time: 2777184758 ns
Query: 4096, nThreads: 1, warmup: 1
====================================================================================================
(ns)
Load index... Graph level 5..
Total end-to-end search time: 2907989140 ns
Total end-to-end search time: 2779416823 ns
Query: 4096, nThreads: 1, warmup: 1
====================================================================================================
(ns)
Load index... Graph level 5..
Total end-to-end search time: 2880789318 ns
Total end-to-end search time: 2740457742 ns
Query: 4096, nThreads: 1, warmup: 1
====================================================================================================
(ns)
Load index... Graph level 5..
Total end-to-end search time: 2885889177 ns
Total end-to-end search time: 2746669695 ns
Query: 4096, nThreads: 1, warmup: 1
====================================================================================================
(ns)
Load index... Graph level 5..
Total end-to-end search time: 2876559692 ns
Total end-to-end search time: 2745288287 ns
Query: 4096, nThreads: 1, warmup: 1
====================================================================================================
(ns)
Load index... Graph level 5..
Total end-to-end search time: 2898105923 ns
Total end-to-end search time: 2757775348 ns
Query: 4096, nThreads: 1, warmup: 1
====================================================================================================
(ns)
Load index... Graph level 5..
Total end-to-end search time: 2870628800 ns
Total end-to-end search time: 2728690597 ns
Query: 4096, nThreads: 1, warmup: 1
====================================================================================================
(ns)
Load index... Graph level 5..
Total end-to-end search time: 2863520248 ns
Total end-to-end search time: 2734029088 ns
Query: 4096, nThreads: 1, warmup: 1
====================================================================================================
(ns)
Load index... Graph level 5..
Total end-to-end search time: 2892711852 ns
Total end-to-end search time: 2751967068 ns
Query: 4096, nThreads: 1, warmup: 1
====================================================================================================
(ns)
Load index... Graph level 5..
Total end-to-end search time: 2900770028 ns
Total end-to-end search time: 2758037718 ns
Query: 4096, nThreads: 1, warmup: 1
====================================================================================================
(ns)
Load index... Graph level 5..
Total end-to-end search time: 2892561741 ns
Total end-to-end search time: 2760305541 ns
Query: 4096, nThreads: 1, warmup: 1
====================================================================================================
(ns)
Load index... Graph level 5..
Total end-to-end search time: 2921831196 ns
Total end-to-end search time: 2771347350 ns
Query: 4096, nThreads: 1, warmup: 1
====================================================================================================
(ns)
Load index... Graph level 5..
Total end-to-end search time: 2920126776 ns
Total end-to-end search time: 2776414170 ns
Query: 4096, nThreads: 1, warmup: 1
====================================================================================================
(ns)
Load index... Graph level 5..
Total end-to-end search time: 2909942470 ns
Total end-to-end search time: 2774738373 ns
Query: 4096, nThreads: 1, warmup: 1
====================================================================================================
(ns)
Load index... Graph level 5..
Total end-to-end search time: 2891394276 ns
Total end-to-end search time: 2743765381 ns
Query: 4096, nThreads: 1, warmup: 1
====================================================================================================
(ns)
Load index... Graph level 5..
Total end-to-end search time: 2924537421 ns
Total end-to-end search time: 2776671770 ns
Query: 4096, nThreads: 1, warmup: 1
====================================================================================================
(ns)
Load index... Graph level 5..
Total end-to-end search time: 2902428344 ns
Total end-to-end search time: 2755238703 ns
Query: 4096, nThreads: 1, warmup: 1
====================================================================================================
(ns)
Load index... Graph level 5..
Total end-to-end search time: 2896075322 ns
Total end-to-end search time: 2744344591 ns
Query: 4096, nThreads: 1, warmup: 1
====================================================================================================
(ns)
Load index... Graph level 5..
Total end-to-end search time: 2880197371 ns
Total end-to-end search time: 2746620479 ns
