Query: 512, nThreads: 32, warmup: 4
====================================================================================================
(ns)
Load index... Graph level 5..
Total end-to-end search time: 27317304 ns
Total end-to-end search time: 24525042 ns
Total end-to-end search time: 25349662 ns
Total end-to-end search time: 26041409 ns
Total end-to-end search time: 26003131 ns
Query: 512, nThreads: 32, warmup: 4
====================================================================================================
(ns)
Load index... Graph level 5..
Total end-to-end search time: 27566177 ns
Total end-to-end search time: 24348764 ns
Total end-to-end search time: 25085656 ns
Total end-to-end search time: 25990180 ns
Total end-to-end search time: 26094144 ns
Query: 512, nThreads: 32, warmup: 4
====================================================================================================
(ns)
Load index... Graph level 5..
Total end-to-end search time: 27694954 ns
Total end-to-end search time: 24421975 ns
Total end-to-end search time: 25123910 ns
Total end-to-end search time: 25892937 ns
Total end-to-end search time: 25930835 ns
Query: 512, nThreads: 32, warmup: 4
====================================================================================================
(ns)
Load index... Graph level 5..
Total end-to-end search time: 27136305 ns
Total end-to-end search time: 24282619 ns
Total end-to-end search time: 25047813 ns
Total end-to-end search time: 25805224 ns
Total end-to-end search time: 25866169 ns
Query: 512, nThreads: 32, warmup: 4
====================================================================================================
(ns)
Load index... Graph level 5..
Total end-to-end search time: 27397564 ns
Total end-to-end search time: 24226365 ns
Total end-to-end search time: 24948802 ns
Total end-to-end search time: 25794280 ns
Total end-to-end search time: 25900481 ns
Query: 512, nThreads: 32, warmup: 4
====================================================================================================
(ns)
Load index... Graph level 5..
Total end-to-end search time: 27355814 ns
Total end-to-end search time: 24707727 ns
Total end-to-end search time: 25345869 ns
Total end-to-end search time: 26138476 ns
Total end-to-end search time: 26012337 ns
Query: 512, nThreads: 32, warmup: 4
====================================================================================================
(ns)
Load index... Graph level 5..
Total end-to-end search time: 27330408 ns
Total end-to-end search time: 24593151 ns
Total end-to-end search time: 25227875 ns
Total end-to-end search time: 26118743 ns
Total end-to-end search time: 25894063 ns
Query: 512, nThreads: 32, warmup: 4
====================================================================================================
(ns)
Load index... Graph level 5..
Total end-to-end search time: 27374410 ns
Total end-to-end search time: 24315275 ns
Total end-to-end search time: 25164447 ns
Total end-to-end search time: 26150996 ns
Total end-to-end search time: 26087358 ns
Query: 512, nThreads: 32, warmup: 4
====================================================================================================
(ns)
Load index... Graph level 5..
Total end-to-end search time: 27505135 ns
Total end-to-end search time: 24541380 ns
Total end-to-end search time: 25215273 ns
Total end-to-end search time: 26152642 ns
Total end-to-end search time: 26214036 ns
Query: 512, nThreads: 32, warmup: 4
====================================================================================================
(ns)
Load index... Graph level 5..
Total end-to-end search time: 27190956 ns
Total end-to-end search time: 24717998 ns
Total end-to-end search time: 24880647 ns
Total end-to-end search time: 26053208 ns
Total end-to-end search time: 25932632 ns
Query: 512, nThreads: 32, warmup: 4
====================================================================================================
(ns)
Load index... Graph level 5..
Total end-to-end search time: 27601955 ns
Total end-to-end search time: 24364628 ns
Total end-to-end search time: 25333660 ns
Total end-to-end search time: 26084530 ns
Total end-to-end search time: 25982604 ns
Query: 512, nThreads: 32, warmup: 4
====================================================================================================
(ns)
Load index... Graph level 5..
Total end-to-end search time: 27359258 ns
Total end-to-end search time: 24280274 ns
Total end-to-end search time: 25239138 ns
Total end-to-end search time: 26044770 ns
Total end-to-end search time: 25854128 ns
Query: 512, nThreads: 32, warmup: 4
====================================================================================================
(ns)
Load index... Graph level 5..
Total end-to-end search time: 27494171 ns
Total end-to-end search time: 24413149 ns
Total end-to-end search time: 24931833 ns
Total end-to-end search time: 26009014 ns
Total end-to-end search time: 25995411 ns
Query: 512, nThreads: 32, warmup: 4
====================================================================================================
(ns)
Load index... Graph level 5..
Total end-to-end search time: 27346991 ns
Total end-to-end search time: 24392070 ns
Total end-to-end search time: 25113406 ns
Total end-to-end search time: 26111635 ns
Total end-to-end search time: 25872233 ns
Query: 512, nThreads: 32, warmup: 4
====================================================================================================
(ns)
Load index... Graph level 5..
Total end-to-end search time: 27286179 ns
Total end-to-end search time: 24458777 ns
Total end-to-end search time: 25219787 ns
Total end-to-end search time: 25943176 ns
Total end-to-end search time: 25889349 ns
Query: 512, nThreads: 32, warmup: 4
====================================================================================================
(ns)
Load index... Graph level 5..
Total end-to-end search time: 27221826 ns
Total end-to-end search time: 24344665 ns
Total end-to-end search time: 24944083 ns
Total end-to-end search time: 26056218 ns
Total end-to-end search time: 25667922 ns
Query: 512, nThreads: 32, warmup: 4
====================================================================================================
(ns)
Load index... Graph level 5..
Total end-to-end search time: 27701209 ns
Total end-to-end search time: 24386987 ns
Total end-to-end search time: 24951157 ns
Total end-to-end search time: 25989544 ns
Total end-to-end search time: 26147919 ns
Query: 512, nThreads: 32, warmup: 4
====================================================================================================
(ns)
Load index... Graph level 5..
Total end-to-end search time: 27422583 ns
Total end-to-end search time: 24368222 ns
Total end-to-end search time: 25197162 ns
Total end-to-end search time: 25991011 ns
Total end-to-end search time: 25719346 ns
Query: 512, nThreads: 32, warmup: 4
====================================================================================================
(ns)
Load index... Graph level 5..
Total end-to-end search time: 27693724 ns
Total end-to-end search time: 24371547 ns
Total end-to-end search time: 25176860 ns
Total end-to-end search time: 25927736 ns
Total end-to-end search time: 25993318 ns
Query: 512, nThreads: 32, warmup: 4
====================================================================================================
(ns)
Load index... Graph level 5..
Total end-to-end search time: 27532848 ns
Total end-to-end search time: 24460703 ns
Total end-to-end search time: 25008679 ns
Total end-to-end search time: 26068585 ns
Total end-to-end search time: 25571399 ns
Query: 512, nThreads: 32, warmup: 4
====================================================================================================
(ns)
Load index... Graph level 5..
Total end-to-end search time: 27380228 ns
Total end-to-end search time: 24496268 ns
Total end-to-end search time: 25099442 ns
Total end-to-end search time: 25973722 ns
Total end-to-end search time: 25866207 ns
Query: 512, nThreads: 32, warmup: 4
====================================================================================================
(ns)
Load index... Graph level 5..
Total end-to-end search time: 27466263 ns
Total end-to-end search time: 24369092 ns
Total end-to-end search time: 25121484 ns
Total end-to-end search time: 25952365 ns
Total end-to-end search time: 26225171 ns
Query: 512, nThreads: 32, warmup: 4
====================================================================================================
(ns)
Load index... Graph level 5..
Total end-to-end search time: 27341517 ns
Total end-to-end search time: 24181703 ns
Total end-to-end search time: 25021842 ns
Total end-to-end search time: 26085846 ns
Total end-to-end search time: 26046678 ns
Query: 512, nThreads: 32, warmup: 4
====================================================================================================
(ns)
Load index... Graph level 5..
Total end-to-end search time: 27218103 ns
Total end-to-end search time: 24530616 ns
Total end-to-end search time: 25274404 ns
Total end-to-end search time: 26063901 ns
Total end-to-end search time: 26069978 ns
Query: 512, nThreads: 32, warmup: 4
====================================================================================================
(ns)
Load index... Graph level 5..
Total end-to-end search time: 27467351 ns
Total end-to-end search time: 24649734 ns
Total end-to-end search time: 25108932 ns
Total end-to-end search time: 26196349 ns
Total end-to-end search time: 26060119 ns
Query: 512, nThreads: 32, warmup: 4
====================================================================================================
(ns)
Load index... Graph level 5..
Total end-to-end search time: 27404082 ns
Total end-to-end search time: 24435413 ns
Total end-to-end search time: 25068969 ns
Total end-to-end search time: 26172101 ns
Total end-to-end search time: 25872934 ns
Query: 512, nThreads: 32, warmup: 4
====================================================================================================
(ns)
Load index... Graph level 5..
Total end-to-end search time: 27368828 ns
Total end-to-end search time: 24228888 ns
Total end-to-end search time: 25121921 ns
Total end-to-end search time: 25961005 ns
Total end-to-end search time: 25803264 ns
Query: 512, nThreads: 32, warmup: 4
====================================================================================================
(ns)
Load index... Graph level 5..
Total end-to-end search time: 27460287 ns
Total end-to-end search time: 24314634 ns
Total end-to-end search time: 25225260 ns
Total end-to-end search time: 26162059 ns
Total end-to-end search time: 25934310 ns
Query: 512, nThreads: 32, warmup: 4
====================================================================================================
(ns)
Load index... Graph level 5..
Total end-to-end search time: 27213466 ns
Total end-to-end search time: 24467077 ns
Total end-to-end search time: 25262152 ns
Total end-to-end search time: 25954223 ns
Total end-to-end search time: 25863560 ns
Query: 512, nThreads: 32, warmup: 4
====================================================================================================
(ns)
Load index... Graph level 5..
Total end-to-end search time: 28011824 ns
Total end-to-end search time: 24726862 ns
Total end-to-end search time: 25002214 ns
Total end-to-end search time: 26152956 ns
Total end-to-end search time: 25960013 ns
