Query: 64, nThreads: 1, warmup: 16
====================================================================================================
(ns)
Load index... Graph level 5..
Total end-to-end search time: 46815233 ns
Total end-to-end search time: 39737579 ns
Total end-to-end search time: 46681387 ns
Total end-to-end search time: 48717721 ns
Total end-to-end search time: 50663334 ns
Total end-to-end search time: 50136847 ns
Total end-to-end search time: 50388836 ns
Total end-to-end search time: 43310675 ns
Total end-to-end search time: 45250090 ns
Total end-to-end search time: 39696872 ns
Total end-to-end search time: 37201817 ns
Total end-to-end search time: 44557832 ns
Total end-to-end search time: 41529997 ns
Total end-to-end search time: 48451915 ns
Total end-to-end search time: 49366864 ns
Total end-to-end search time: 46292432 ns
Total end-to-end search time: 46159665 ns
Query: 64, nThreads: 1, warmup: 16
====================================================================================================
(ns)
Load index... Graph level 5..
Total end-to-end search time: 46777672 ns
Total end-to-end search time: 39502196 ns
Total end-to-end search time: 46481877 ns
Total end-to-end search time: 48162990 ns
Total end-to-end search time: 49930964 ns
Total end-to-end search time: 49672883 ns
Total end-to-end search time: 49837189 ns
Total end-to-end search time: 42953048 ns
Total end-to-end search time: 44838466 ns
Total end-to-end search time: 39510517 ns
Total end-to-end search time: 36804203 ns
Total end-to-end search time: 43971123 ns
Total end-to-end search time: 41222172 ns
Total end-to-end search time: 48066119 ns
Total end-to-end search time: 49091325 ns
Total end-to-end search time: 46027764 ns
Total end-to-end search time: 45953582 ns
Query: 64, nThreads: 1, warmup: 16
====================================================================================================
(ns)
Load index... Graph level 5..
Total end-to-end search time: 46728352 ns
Total end-to-end search time: 39369995 ns
Total end-to-end search time: 46005795 ns
Total end-to-end search time: 47936785 ns
Total end-to-end search time: 50012973 ns
Total end-to-end search time: 49393659 ns
Total end-to-end search time: 49534875 ns
Total end-to-end search time: 42898235 ns
Total end-to-end search time: 44722166 ns
Total end-to-end search time: 39199726 ns
Total end-to-end search time: 36659686 ns
Total end-to-end search time: 43787946 ns
Total end-to-end search time: 41321351 ns
Total end-to-end search time: 47984796 ns
Total end-to-end search time: 48924634 ns
Total end-to-end search time: 45815645 ns
Total end-to-end search time: 45731958 ns
Query: 64, nThreads: 1, warmup: 16
====================================================================================================
(ns)
Load index... Graph level 5..
Total end-to-end search time: 46592984 ns
Total end-to-end search time: 39695134 ns
Total end-to-end search time: 46486589 ns
Total end-to-end search time: 48400983 ns
Total end-to-end search time: 50815477 ns
Total end-to-end search time: 50545888 ns
Total end-to-end search time: 50772985 ns
Total end-to-end search time: 43430410 ns
Total end-to-end search time: 45359307 ns
Total end-to-end search time: 39565926 ns
Total end-to-end search time: 36935430 ns
Total end-to-end search time: 44199539 ns
Total end-to-end search time: 41389041 ns
Total end-to-end search time: 48368086 ns
Total end-to-end search time: 49155199 ns
Total end-to-end search time: 46121183 ns
Total end-to-end search time: 45780831 ns
Query: 64, nThreads: 1, warmup: 16
====================================================================================================
(ns)
Load index... Graph level 5..
Total end-to-end search time: 46561413 ns
Total end-to-end search time: 39234655 ns
Total end-to-end search time: 46125402 ns
Total end-to-end search time: 48245149 ns
Total end-to-end search time: 49879901 ns
Total end-to-end search time: 49617001 ns
Total end-to-end search time: 49961088 ns
Total end-to-end search time: 42893745 ns
Total end-to-end search time: 44831976 ns
Total end-to-end search time: 39519670 ns
Total end-to-end search time: 36944583 ns
Total end-to-end search time: 44196231 ns
Total end-to-end search time: 41089435 ns
Total end-to-end search time: 48530244 ns
Total end-to-end search time: 49251123 ns
Total end-to-end search time: 46353415 ns
Total end-to-end search time: 45865025 ns
Query: 64, nThreads: 1, warmup: 16
====================================================================================================
(ns)
Load index... Graph level 5..
Total end-to-end search time: 46671930 ns
Total end-to-end search time: 39454056 ns
Total end-to-end search time: 46296725 ns
Total end-to-end search time: 48335062 ns
Total end-to-end search time: 50114537 ns
Total end-to-end search time: 50029495 ns
Total end-to-end search time: 50112695 ns
Total end-to-end search time: 43341806 ns
Total end-to-end search time: 45043429 ns
Total end-to-end search time: 39740893 ns
Total end-to-end search time: 37089114 ns
Total end-to-end search time: 44330115 ns
Total end-to-end search time: 41355299 ns
Total end-to-end search time: 48412211 ns
Total end-to-end search time: 48992830 ns
Total end-to-end search time: 46084422 ns
Total end-to-end search time: 45892084 ns
Query: 64, nThreads: 1, warmup: 16
====================================================================================================
(ns)
Load index... Graph level 5..
Total end-to-end search time: 47080170 ns
Total end-to-end search time: 39764908 ns
Total end-to-end search time: 46506464 ns
Total end-to-end search time: 48511587 ns
Total end-to-end search time: 50359105 ns
Total end-to-end search time: 49916564 ns
Total end-to-end search time: 50099566 ns
Total end-to-end search time: 43285154 ns
Total end-to-end search time: 45432194 ns
Total end-to-end search time: 39888521 ns
Total end-to-end search time: 37072178 ns
Total end-to-end search time: 44305678 ns
Total end-to-end search time: 41518634 ns
Total end-to-end search time: 48446525 ns
Total end-to-end search time: 49371357 ns
Total end-to-end search time: 46474879 ns
Total end-to-end search time: 45837242 ns
Query: 64, nThreads: 1, warmup: 16
====================================================================================================
(ns)
Load index... Graph level 5..
Total end-to-end search time: 46835097 ns
Total end-to-end search time: 39514891 ns
Total end-to-end search time: 46390523 ns
Total end-to-end search time: 48386782 ns
Total end-to-end search time: 50136179 ns
Total end-to-end search time: 49892373 ns
Total end-to-end search time: 50115542 ns
Total end-to-end search time: 43144807 ns
Total end-to-end search time: 45022417 ns
Total end-to-end search time: 39597111 ns
Total end-to-end search time: 36934937 ns
Total end-to-end search time: 44188011 ns
Total end-to-end search time: 41643497 ns
Total end-to-end search time: 48368397 ns
Total end-to-end search time: 49144570 ns
Total end-to-end search time: 46308900 ns
Total end-to-end search time: 46196192 ns
Query: 64, nThreads: 1, warmup: 16
====================================================================================================
(ns)
Load index... Graph level 5..
Total end-to-end search time: 47246562 ns
Total end-to-end search time: 39567092 ns
Total end-to-end search time: 46201679 ns
Total end-to-end search time: 48400638 ns
Total end-to-end search time: 50035758 ns
Total end-to-end search time: 49692988 ns
Total end-to-end search time: 49862593 ns
Total end-to-end search time: 42915835 ns
Total end-to-end search time: 44810908 ns
Total end-to-end search time: 39239415 ns
Total end-to-end search time: 36679872 ns
Total end-to-end search time: 43904998 ns
Total end-to-end search time: 41216550 ns
Total end-to-end search time: 48073224 ns
Total end-to-end search time: 48792162 ns
Total end-to-end search time: 45741928 ns
Total end-to-end search time: 45666680 ns
Query: 64, nThreads: 1, warmup: 16
====================================================================================================
(ns)
Load index... Graph level 5..
Total end-to-end search time: 46217198 ns
Total end-to-end search time: 39135783 ns
Total end-to-end search time: 46219975 ns
Total end-to-end search time: 48186627 ns
Total end-to-end search time: 50094987 ns
Total end-to-end search time: 49581359 ns
Total end-to-end search time: 49493288 ns
Total end-to-end search time: 42762822 ns
Total end-to-end search time: 45234869 ns
Total end-to-end search time: 39660942 ns
Total end-to-end search time: 37269742 ns
Total end-to-end search time: 44171506 ns
Total end-to-end search time: 41167996 ns
Total end-to-end search time: 47878922 ns
Total end-to-end search time: 48627296 ns
Total end-to-end search time: 45758187 ns
Total end-to-end search time: 45573017 ns
Query: 64, nThreads: 1, warmup: 16
====================================================================================================
(ns)
Load index... Graph level 5..
Total end-to-end search time: 45982226 ns
Total end-to-end search time: 38915243 ns
Total end-to-end search time: 45562918 ns
Total end-to-end search time: 47753330 ns
Total end-to-end search time: 49312810 ns
Total end-to-end search time: 49295284 ns
Total end-to-end search time: 49419226 ns
Total end-to-end search time: 42405994 ns
Total end-to-end search time: 44324883 ns
Total end-to-end search time: 38874325 ns
Total end-to-end search time: 36287362 ns
Total end-to-end search time: 43497437 ns
Total end-to-end search time: 40710821 ns
Total end-to-end search time: 47442481 ns
Total end-to-end search time: 48463871 ns
Total end-to-end search time: 45615093 ns
Total end-to-end search time: 45285544 ns
Query: 64, nThreads: 1, warmup: 16
====================================================================================================
(ns)
Load index... Graph level 5..
Total end-to-end search time: 47203283 ns
Total end-to-end search time: 39958936 ns
Total end-to-end search time: 46834969 ns
Total end-to-end search time: 48959350 ns
Total end-to-end search time: 50732485 ns
Total end-to-end search time: 50485230 ns
Total end-to-end search time: 50854273 ns
Total end-to-end search time: 43677242 ns
Total end-to-end search time: 45654844 ns
Total end-to-end search time: 40297306 ns
Total end-to-end search time: 37441213 ns
Total end-to-end search time: 44700405 ns
Total end-to-end search time: 41898822 ns
Total end-to-end search time: 48859121 ns
Total end-to-end search time: 49722393 ns
Total end-to-end search time: 46606527 ns
Total end-to-end search time: 46452888 ns
Query: 64, nThreads: 1, warmup: 16
====================================================================================================
(ns)
Load index... Graph level 5..
Total end-to-end search time: 45886037 ns
Total end-to-end search time: 38858754 ns
Total end-to-end search time: 45484909 ns
Total end-to-end search time: 47499760 ns
Total end-to-end search time: 49305849 ns
Total end-to-end search time: 49128342 ns
Total end-to-end search time: 49218954 ns
Total end-to-end search time: 42449051 ns
Total end-to-end search time: 44446468 ns
Total end-to-end search time: 39077143 ns
Total end-to-end search time: 36515451 ns
Total end-to-end search time: 43508611 ns
Total end-to-end search time: 41085626 ns
Total end-to-end search time: 47574225 ns
Total end-to-end search time: 48137927 ns
Total end-to-end search time: 45184787 ns
Total end-to-end search time: 45053574 ns
Query: 64, nThreads: 1, warmup: 16
====================================================================================================
(ns)
Load index... Graph level 5..
Total end-to-end search time: 46819210 ns
Total end-to-end search time: 39634286 ns
Total end-to-end search time: 46695122 ns
Total end-to-end search time: 48801677 ns
Total end-to-end search time: 50818702 ns
Total end-to-end search time: 50424889 ns
Total end-to-end search time: 50579351 ns
Total end-to-end search time: 43436879 ns
Total end-to-end search time: 45307146 ns
Total end-to-end search time: 39746994 ns
Total end-to-end search time: 37056260 ns
Total end-to-end search time: 44343952 ns
Total end-to-end search time: 41700373 ns
Total end-to-end search time: 48677927 ns
Total end-to-end search time: 49344996 ns
Total end-to-end search time: 46213111 ns
Total end-to-end search time: 46180429 ns
Query: 64, nThreads: 1, warmup: 16
====================================================================================================
(ns)
Load index... Graph level 5..
Total end-to-end search time: 46307153 ns
Total end-to-end search time: 39215260 ns
Total end-to-end search time: 45893778 ns
Total end-to-end search time: 47963001 ns
Total end-to-end search time: 50471641 ns
Total end-to-end search time: 50108580 ns
Total end-to-end search time: 50262712 ns
Total end-to-end search time: 42922846 ns
Total end-to-end search time: 44608195 ns
Total end-to-end search time: 39251631 ns
Total end-to-end search time: 36616279 ns
Total end-to-end search time: 43762764 ns
Total end-to-end search time: 40956166 ns
Total end-to-end search time: 47909857 ns
Total end-to-end search time: 48830641 ns
Total end-to-end search time: 45892923 ns
Total end-to-end search time: 45564431 ns
Query: 64, nThreads: 1, warmup: 16
====================================================================================================
(ns)
Load index... Graph level 5..
Total end-to-end search time: 46431629 ns
Total end-to-end search time: 39582517 ns
Total end-to-end search time: 46038145 ns
Total end-to-end search time: 48069667 ns
Total end-to-end search time: 49742317 ns
Total end-to-end search time: 49450685 ns
Total end-to-end search time: 49609893 ns
Total end-to-end search time: 42774661 ns
Total end-to-end search time: 44660392 ns
Total end-to-end search time: 39222794 ns
Total end-to-end search time: 36712936 ns
Total end-to-end search time: 44028797 ns
Total end-to-end search time: 41368325 ns
Total end-to-end search time: 48320501 ns
Total end-to-end search time: 49542606 ns
Total end-to-end search time: 46239781 ns
Total end-to-end search time: 45892220 ns
Query: 64, nThreads: 1, warmup: 16
====================================================================================================
(ns)
Load index... Graph level 5..
Total end-to-end search time: 46654841 ns
Total end-to-end search time: 39630487 ns
Total end-to-end search time: 46480037 ns
Total end-to-end search time: 48513891 ns
Total end-to-end search time: 50453630 ns
Total end-to-end search time: 50255066 ns
Total end-to-end search time: 50547208 ns
Total end-to-end search time: 43469130 ns
Total end-to-end search time: 45407207 ns
Total end-to-end search time: 39913232 ns
Total end-to-end search time: 37194066 ns
Total end-to-end search time: 44410746 ns
Total end-to-end search time: 41632707 ns
Total end-to-end search time: 48378323 ns
Total end-to-end search time: 49268458 ns
Total end-to-end search time: 46366817 ns
Total end-to-end search time: 46102301 ns
Query: 64, nThreads: 1, warmup: 16
====================================================================================================
(ns)
Load index... Graph level 5..
Total end-to-end search time: 46106030 ns
Total end-to-end search time: 39291779 ns
Total end-to-end search time: 45967958 ns
Total end-to-end search time: 48148933 ns
Total end-to-end search time: 49849313 ns
Total end-to-end search time: 49692280 ns
Total end-to-end search time: 49821840 ns
Total end-to-end search time: 43063471 ns
Total end-to-end search time: 44800783 ns
Total end-to-end search time: 39262376 ns
Total end-to-end search time: 36588923 ns
Total end-to-end search time: 43847537 ns
Total end-to-end search time: 41197346 ns
Total end-to-end search time: 48087070 ns
Total end-to-end search time: 48623516 ns
Total end-to-end search time: 45585164 ns
Total end-to-end search time: 45386951 ns
Query: 64, nThreads: 1, warmup: 16
====================================================================================================
(ns)
Load index... Graph level 5..
Total end-to-end search time: 46455794 ns
Total end-to-end search time: 39292956 ns
Total end-to-end search time: 46300819 ns
Total end-to-end search time: 48069382 ns
Total end-to-end search time: 49887629 ns
Total end-to-end search time: 49765319 ns
Total end-to-end search time: 50039250 ns
Total end-to-end search time: 42884016 ns
Total end-to-end search time: 44961169 ns
Total end-to-end search time: 39364166 ns
Total end-to-end search time: 36757175 ns
Total end-to-end search time: 43877087 ns
Total end-to-end search time: 41173112 ns
Total end-to-end search time: 47984168 ns
Total end-to-end search time: 48822578 ns
Total end-to-end search time: 45814368 ns
Total end-to-end search time: 45897208 ns
Query: 64, nThreads: 1, warmup: 16
====================================================================================================
(ns)
Load index... Graph level 5..
Total end-to-end search time: 47190875 ns
Total end-to-end search time: 39674440 ns
Total end-to-end search time: 46377219 ns
Total end-to-end search time: 48123738 ns
Total end-to-end search time: 49903020 ns
Total end-to-end search time: 49602247 ns
Total end-to-end search time: 49852272 ns
Total end-to-end search time: 42861691 ns
Total end-to-end search time: 44678384 ns
Total end-to-end search time: 39279126 ns
Total end-to-end search time: 36655957 ns
Total end-to-end search time: 44007785 ns
Total end-to-end search time: 41276589 ns
Total end-to-end search time: 48018316 ns
Total end-to-end search time: 48731894 ns
Total end-to-end search time: 45950627 ns
Total end-to-end search time: 45681139 ns
Query: 64, nThreads: 1, warmup: 16
====================================================================================================
(ns)
Load index... Graph level 5..
Total end-to-end search time: 47259025 ns
Total end-to-end search time: 39988869 ns
Total end-to-end search time: 46915491 ns
Total end-to-end search time: 49036537 ns
Total end-to-end search time: 50821730 ns
Total end-to-end search time: 50511542 ns
Total end-to-end search time: 50716005 ns
Total end-to-end search time: 43732683 ns
Total end-to-end search time: 45852136 ns
Total end-to-end search time: 40774066 ns
Total end-to-end search time: 38036598 ns
Total end-to-end search time: 45566055 ns
Total end-to-end search time: 42443114 ns
Total end-to-end search time: 49088133 ns
Total end-to-end search time: 49835887 ns
Total end-to-end search time: 47129122 ns
Total end-to-end search time: 46630099 ns
Query: 64, nThreads: 1, warmup: 16
====================================================================================================
(ns)
Load index... Graph level 5..
Total end-to-end search time: 47366922 ns
Total end-to-end search time: 40038164 ns
Total end-to-end search time: 47032218 ns
Total end-to-end search time: 49524209 ns
Total end-to-end search time: 51256160 ns
Total end-to-end search time: 51083130 ns
Total end-to-end search time: 50958543 ns
Total end-to-end search time: 43918047 ns
Total end-to-end search time: 45976896 ns
Total end-to-end search time: 40253283 ns
Total end-to-end search time: 37512058 ns
Total end-to-end search time: 45053660 ns
Total end-to-end search time: 42003845 ns
Total end-to-end search time: 49078579 ns
Total end-to-end search time: 50158005 ns
Total end-to-end search time: 46878584 ns
Total end-to-end search time: 46566552 ns
Query: 64, nThreads: 1, warmup: 16
====================================================================================================
(ns)
Load index... Graph level 5..
Total end-to-end search time: 46381065 ns
Total end-to-end search time: 39256635 ns
Total end-to-end search time: 45954344 ns
Total end-to-end search time: 48196724 ns
Total end-to-end search time: 50093238 ns
Total end-to-end search time: 49724129 ns
Total end-to-end search time: 49895861 ns
Total end-to-end search time: 43015583 ns
Total end-to-end search time: 44829530 ns
Total end-to-end search time: 39198462 ns
Total end-to-end search time: 36603577 ns
Total end-to-end search time: 43842252 ns
Total end-to-end search time: 41256544 ns
Total end-to-end search time: 48005851 ns
Total end-to-end search time: 48646642 ns
Total end-to-end search time: 45819357 ns
Total end-to-end search time: 45699905 ns
Query: 64, nThreads: 1, warmup: 16
====================================================================================================
(ns)
Load index... Graph level 5..
Total end-to-end search time: 46600927 ns
Total end-to-end search time: 39336083 ns
Total end-to-end search time: 46215688 ns
Total end-to-end search time: 47979928 ns
Total end-to-end search time: 49817664 ns
Total end-to-end search time: 49690037 ns
Total end-to-end search time: 49762276 ns
Total end-to-end search time: 42911015 ns
Total end-to-end search time: 44844162 ns
Total end-to-end search time: 39300659 ns
Total end-to-end search time: 36849127 ns
Total end-to-end search time: 43959043 ns
Total end-to-end search time: 41137014 ns
Total end-to-end search time: 48171523 ns
Total end-to-end search time: 48834426 ns
Total end-to-end search time: 45736724 ns
Total end-to-end search time: 45558468 ns
Query: 64, nThreads: 1, warmup: 16
====================================================================================================
(ns)
Load index... Graph level 5..
Total end-to-end search time: 46894334 ns
Total end-to-end search time: 39526205 ns
Total end-to-end search time: 46319211 ns
Total end-to-end search time: 48116917 ns
Total end-to-end search time: 50307168 ns
Total end-to-end search time: 49714655 ns
Total end-to-end search time: 49849537 ns
Total end-to-end search time: 43098296 ns
Total end-to-end search time: 44712538 ns
Total end-to-end search time: 39261904 ns
Total end-to-end search time: 36812115 ns
Total end-to-end search time: 44182569 ns
Total end-to-end search time: 41230159 ns
Total end-to-end search time: 48016569 ns
Total end-to-end search time: 48993516 ns
Total end-to-end search time: 45757833 ns
Total end-to-end search time: 45518248 ns
Query: 64, nThreads: 1, warmup: 16
====================================================================================================
(ns)
Load index... Graph level 5..
Total end-to-end search time: 46070175 ns
Total end-to-end search time: 39122026 ns
Total end-to-end search time: 45847876 ns
Total end-to-end search time: 47788000 ns
Total end-to-end search time: 50048974 ns
Total end-to-end search time: 49721781 ns
Total end-to-end search time: 50375922 ns
Total end-to-end search time: 43058788 ns
Total end-to-end search time: 44662955 ns
Total end-to-end search time: 38967011 ns
Total end-to-end search time: 36465758 ns
Total end-to-end search time: 43479952 ns
Total end-to-end search time: 40755706 ns
Total end-to-end search time: 47669689 ns
Total end-to-end search time: 48381923 ns
Total end-to-end search time: 45403714 ns
Total end-to-end search time: 45210417 ns
Query: 64, nThreads: 1, warmup: 16
====================================================================================================
(ns)
Load index... Graph level 5..
Total end-to-end search time: 46688415 ns
Total end-to-end search time: 39375518 ns
Total end-to-end search time: 46291903 ns
Total end-to-end search time: 48109688 ns
Total end-to-end search time: 49900286 ns
Total end-to-end search time: 49602678 ns
Total end-to-end search time: 50086404 ns
Total end-to-end search time: 43066683 ns
Total end-to-end search time: 44739149 ns
Total end-to-end search time: 39338368 ns
Total end-to-end search time: 36857414 ns
Total end-to-end search time: 44267163 ns
Total end-to-end search time: 41387744 ns
Total end-to-end search time: 48286602 ns
Total end-to-end search time: 49771523 ns
Total end-to-end search time: 46316155 ns
Total end-to-end search time: 46063879 ns
Query: 64, nThreads: 1, warmup: 16
====================================================================================================
(ns)
Load index... Graph level 5..
Total end-to-end search time: 46712856 ns
Total end-to-end search time: 39637030 ns
Total end-to-end search time: 46399311 ns
Total end-to-end search time: 48539477 ns
Total end-to-end search time: 50357269 ns
Total end-to-end search time: 49920432 ns
Total end-to-end search time: 50111885 ns
Total end-to-end search time: 43232909 ns
Total end-to-end search time: 45241395 ns
Total end-to-end search time: 39628240 ns
Total end-to-end search time: 36989959 ns
Total end-to-end search time: 44337904 ns
Total end-to-end search time: 41672357 ns
Total end-to-end search time: 48520529 ns
Total end-to-end search time: 49374323 ns
Total end-to-end search time: 46375700 ns
Total end-to-end search time: 46018095 ns
Query: 64, nThreads: 1, warmup: 16
====================================================================================================
(ns)
Load index... Graph level 5..
Total end-to-end search time: 46323100 ns
Total end-to-end search time: 39220778 ns
Total end-to-end search time: 46143702 ns
Total end-to-end search time: 48065179 ns
Total end-to-end search time: 49860194 ns
Total end-to-end search time: 49471309 ns
Total end-to-end search time: 49972375 ns
Total end-to-end search time: 42884414 ns
Total end-to-end search time: 44814006 ns
Total end-to-end search time: 39311217 ns
Total end-to-end search time: 36630630 ns
Total end-to-end search time: 43815475 ns
Total end-to-end search time: 41129546 ns
Total end-to-end search time: 47862511 ns
Total end-to-end search time: 48650687 ns
Total end-to-end search time: 45632731 ns
Total end-to-end search time: 45380119 ns
Query: 64, nThreads: 1, warmup: 16
====================================================================================================
(ns)
Load index... Graph level 5..
Total end-to-end search time: 46657397 ns
Total end-to-end search time: 39462732 ns
Total end-to-end search time: 46339207 ns
Total end-to-end search time: 48529015 ns
Total end-to-end search time: 50233759 ns
Total end-to-end search time: 50165465 ns
Total end-to-end search time: 50300117 ns
Total end-to-end search time: 43379785 ns
Total end-to-end search time: 45230291 ns
Total end-to-end search time: 39776487 ns
Total end-to-end search time: 37115184 ns
Total end-to-end search time: 44521270 ns
Total end-to-end search time: 41586017 ns
Total end-to-end search time: 48475601 ns
Total end-to-end search time: 49475637 ns
Total end-to-end search time: 46259599 ns
Total end-to-end search time: 46025221 ns
