Query: 8192, nThreads: 16, warmup: 1
====================================================================================================
(ns)
Load index... Graph level 5..
Total end-to-end search time: 375929762 ns
Total end-to-end search time: 81875548 ns
Query: 8192, nThreads: 16, warmup: 1
====================================================================================================
(ns)
Load index... Graph level 5..
Total end-to-end search time: 376351019 ns
Total end-to-end search time: 81742218 ns
Query: 8192, nThreads: 16, warmup: 1
====================================================================================================
(ns)
Load index... Graph level 5..
Total end-to-end search time: 375817298 ns
Total end-to-end search time: 81803718 ns
Query: 8192, nThreads: 16, warmup: 1
====================================================================================================
(ns)
Load index... Graph level 5..
Total end-to-end search time: 376122220 ns
Total end-to-end search time: 81835473 ns
Query: 8192, nThreads: 16, warmup: 1
====================================================================================================
(ns)
Load index... Graph level 5..
Total end-to-end search time: 376521231 ns
Total end-to-end search time: 81901959 ns
Query: 8192, nThreads: 16, warmup: 1
====================================================================================================
(ns)
Load index... Graph level 5..
Total end-to-end search time: 382621606 ns
Total end-to-end search time: 81904750 ns
Query: 8192, nThreads: 16, warmup: 1
====================================================================================================
(ns)
Load index... Graph level 5..
Total end-to-end search time: 387222514 ns
Total end-to-end search time: 81739246 ns
Query: 8192, nThreads: 16, warmup: 1
====================================================================================================
(ns)
Load index... Graph level 5..
Total end-to-end search time: 376010488 ns
Total end-to-end search time: 81855688 ns
Query: 8192, nThreads: 16, warmup: 1
====================================================================================================
(ns)
Load index... Graph level 5..
Total end-to-end search time: 376073380 ns
Total end-to-end search time: 81809454 ns
Query: 8192, nThreads: 16, warmup: 1
====================================================================================================
(ns)
Load index... Graph level 5..
Total end-to-end search time: 382704758 ns
Total end-to-end search time: 81988722 ns
Query: 8192, nThreads: 16, warmup: 1
====================================================================================================
(ns)
Load index... Graph level 5..
Total end-to-end search time: 377177915 ns
Total end-to-end search time: 81836231 ns
Query: 8192, nThreads: 16, warmup: 1
====================================================================================================
(ns)
Load index... Graph level 5..
Total end-to-end search time: 376003662 ns
Total end-to-end search time: 82098901 ns
Query: 8192, nThreads: 16, warmup: 1
====================================================================================================
(ns)
Load index... Graph level 5..
Total end-to-end search time: 376822460 ns
Total end-to-end search time: 81804860 ns
Query: 8192, nThreads: 16, warmup: 1
====================================================================================================
(ns)
Load index... Graph level 5..
Total end-to-end search time: 375895708 ns
Total end-to-end search time: 81832417 ns
Query: 8192, nThreads: 16, warmup: 1
====================================================================================================
(ns)
Load index... Graph level 5..
Total end-to-end search time: 376179929 ns
Total end-to-end search time: 81864765 ns
Query: 8192, nThreads: 16, warmup: 1
====================================================================================================
(ns)
Load index... Graph level 5..
Total end-to-end search time: 375688317 ns
Total end-to-end search time: 81767913 ns
Query: 8192, nThreads: 16, warmup: 1
====================================================================================================
(ns)
Load index... Graph level 5..
Total end-to-end search time: 375634367 ns
Total end-to-end search time: 81835677 ns
Query: 8192, nThreads: 16, warmup: 1
====================================================================================================
(ns)
Load index... Graph level 5..
Total end-to-end search time: 376719681 ns
Total end-to-end search time: 81820780 ns
Query: 8192, nThreads: 16, warmup: 1
====================================================================================================
(ns)
Load index... Graph level 5..
Total end-to-end search time: 376074432 ns
Total end-to-end search time: 81821371 ns
Query: 8192, nThreads: 16, warmup: 1
====================================================================================================
(ns)
Load index... Graph level 5..
Total end-to-end search time: 376333391 ns
Total end-to-end search time: 81834553 ns
Query: 8192, nThreads: 16, warmup: 1
====================================================================================================
(ns)
Load index... Graph level 5..
Total end-to-end search time: 376222936 ns
Total end-to-end search time: 81915605 ns
Query: 8192, nThreads: 16, warmup: 1
====================================================================================================
(ns)
Load index... Graph level 5..
Total end-to-end search time: 375708604 ns
Total end-to-end search time: 81919676 ns
Query: 8192, nThreads: 16, warmup: 1
====================================================================================================
(ns)
Load index... Graph level 5..
Total end-to-end search time: 376167159 ns
Total end-to-end search time: 81811251 ns
Query: 8192, nThreads: 16, warmup: 1
====================================================================================================
(ns)
Load index... Graph level 5..
Total end-to-end search time: 375519789 ns
Total end-to-end search time: 81727795 ns
Query: 8192, nThreads: 16, warmup: 1
====================================================================================================
(ns)
Load index... Graph level 5..
Total end-to-end search time: 375267002 ns
Total end-to-end search time: 81733989 ns
Query: 8192, nThreads: 16, warmup: 1
====================================================================================================
(ns)
Load index... Graph level 5..
Total end-to-end search time: 375833807 ns
Total end-to-end search time: 81837994 ns
Query: 8192, nThreads: 16, warmup: 1
====================================================================================================
(ns)
Load index... Graph level 5..
Total end-to-end search time: 375343423 ns
Total end-to-end search time: 81785471 ns
Query: 8192, nThreads: 16, warmup: 1
====================================================================================================
(ns)
Load index... Graph level 5..
Total end-to-end search time: 375702213 ns
Total end-to-end search time: 82112467 ns
Query: 8192, nThreads: 16, warmup: 1
====================================================================================================
(ns)
Load index... Graph level 5..
Total end-to-end search time: 375081275 ns
Total end-to-end search time: 81687407 ns
Query: 8192, nThreads: 16, warmup: 1
====================================================================================================
(ns)
Load index... Graph level 5..
Total end-to-end search time: 375483054 ns
Total end-to-end search time: 81848467 ns
