Query: 8192, nThreads: 4, warmup: 1
====================================================================================================
(ns)
Load index... Graph level 5..
Total end-to-end search time: 1450069696 ns
Total end-to-end search time: 311834831 ns
Query: 8192, nThreads: 4, warmup: 1
====================================================================================================
(ns)
Load index... Graph level 5..
Total end-to-end search time: 1440234434 ns
Total end-to-end search time: 314292789 ns
Query: 8192, nThreads: 4, warmup: 1
====================================================================================================
(ns)
Load index... Graph level 5..
Total end-to-end search time: 1448358208 ns
Total end-to-end search time: 310970915 ns
Query: 8192, nThreads: 4, warmup: 1
====================================================================================================
(ns)
Load index... Graph level 5..
Total end-to-end search time: 1450249283 ns
Total end-to-end search time: 312273194 ns
Query: 8192, nThreads: 4, warmup: 1
====================================================================================================
(ns)
Load index... Graph level 5..
Total end-to-end search time: 1446152918 ns
Total end-to-end search time: 311729728 ns
Query: 8192, nThreads: 4, warmup: 1
====================================================================================================
(ns)
Load index... Graph level 5..
Total end-to-end search time: 1451654785 ns
Total end-to-end search time: 311191684 ns
Query: 8192, nThreads: 4, warmup: 1
====================================================================================================
(ns)
Load index... Graph level 5..
Total end-to-end search time: 1436027301 ns
Total end-to-end search time: 314326281 ns
Query: 8192, nThreads: 4, warmup: 1
====================================================================================================
(ns)
Load index... Graph level 5..
Total end-to-end search time: 1440954311 ns
Total end-to-end search time: 314100878 ns
Query: 8192, nThreads: 4, warmup: 1
====================================================================================================
(ns)
Load index... Graph level 5..
Total end-to-end search time: 1441858099 ns
Total end-to-end search time: 313581907 ns
Query: 8192, nThreads: 4, warmup: 1
====================================================================================================
(ns)
Load index... Graph level 5..
Total end-to-end search time: 1444078143 ns
Total end-to-end search time: 313233831 ns
Query: 8192, nThreads: 4, warmup: 1
====================================================================================================
(ns)
Load index... Graph level 5..
Total end-to-end search time: 1440211833 ns
Total end-to-end search time: 313923102 ns
Query: 8192, nThreads: 4, warmup: 1
====================================================================================================
(ns)
Load index... Graph level 5..
Total end-to-end search time: 1439736903 ns
Total end-to-end search time: 313835681 ns
Query: 8192, nThreads: 4, warmup: 1
====================================================================================================
(ns)
Load index... Graph level 5..
Total end-to-end search time: 1450232113 ns
Total end-to-end search time: 311397023 ns
Query: 8192, nThreads: 4, warmup: 1
====================================================================================================
(ns)
Load index... Graph level 5..
Total end-to-end search time: 1437042051 ns
Total end-to-end search time: 313882883 ns
Query: 8192, nThreads: 4, warmup: 1
====================================================================================================
(ns)
Load index... Graph level 5..
Total end-to-end search time: 1439102990 ns
Total end-to-end search time: 311937956 ns
Query: 8192, nThreads: 4, warmup: 1
====================================================================================================
(ns)
Load index... Graph level 5..
Total end-to-end search time: 1440839206 ns
Total end-to-end search time: 312982517 ns
Query: 8192, nThreads: 4, warmup: 1
====================================================================================================
(ns)
Load index... Graph level 5..
Total end-to-end search time: 1443117182 ns
Total end-to-end search time: 313756154 ns
Query: 8192, nThreads: 4, warmup: 1
====================================================================================================
(ns)
Load index... Graph level 5..
Total end-to-end search time: 1445393498 ns
Total end-to-end search time: 313782926 ns
Query: 8192, nThreads: 4, warmup: 1
====================================================================================================
(ns)
Load index... Graph level 5..
Total end-to-end search time: 1438896857 ns
Total end-to-end search time: 314333336 ns
Query: 8192, nThreads: 4, warmup: 1
====================================================================================================
(ns)
Load index... Graph level 5..
Total end-to-end search time: 1448798057 ns
Total end-to-end search time: 311257520 ns
Query: 8192, nThreads: 4, warmup: 1
====================================================================================================
(ns)
Load index... Graph level 5..
Total end-to-end search time: 1452068961 ns
Total end-to-end search time: 312197912 ns
Query: 8192, nThreads: 4, warmup: 1
====================================================================================================
(ns)
Load index... Graph level 5..
Total end-to-end search time: 1441419498 ns
Total end-to-end search time: 314243831 ns
Query: 8192, nThreads: 4, warmup: 1
====================================================================================================
(ns)
Load index... Graph level 5..
Total end-to-end search time: 1440912519 ns
Total end-to-end search time: 313340133 ns
Query: 8192, nThreads: 4, warmup: 1
====================================================================================================
(ns)
Load index... Graph level 5..
Total end-to-end search time: 1439605614 ns
Total end-to-end search time: 314768005 ns
Query: 8192, nThreads: 4, warmup: 1
====================================================================================================
(ns)
Load index... Graph level 5..
Total end-to-end search time: 1449549383 ns
Total end-to-end search time: 311054860 ns
Query: 8192, nThreads: 4, warmup: 1
====================================================================================================
(ns)
Load index... Graph level 5..
Total end-to-end search time: 1444085129 ns
Total end-to-end search time: 313598853 ns
Query: 8192, nThreads: 4, warmup: 1
====================================================================================================
(ns)
Load index... Graph level 5..
Total end-to-end search time: 1445976802 ns
Total end-to-end search time: 313950582 ns
Query: 8192, nThreads: 4, warmup: 1
====================================================================================================
(ns)
Load index... Graph level 5..
Total end-to-end search time: 1451203671 ns
Total end-to-end search time: 315201671 ns
Query: 8192, nThreads: 4, warmup: 1
====================================================================================================
(ns)
Load index... Graph level 5..
Total end-to-end search time: 1442516489 ns
Total end-to-end search time: 313432851 ns
Query: 8192, nThreads: 4, warmup: 1
====================================================================================================
(ns)
Load index... Graph level 5..
Total end-to-end search time: 1446139238 ns
Total end-to-end search time: 313770948 ns
