Query: 8192, nThreads: 2, warmup: 1
====================================================================================================
(ns)
Load index... Graph level 5..
Total end-to-end search time: 2848439083 ns
Total end-to-end search time: 622641024 ns
Query: 8192, nThreads: 2, warmup: 1
====================================================================================================
(ns)
Load index... Graph level 5..
Total end-to-end search time: 2882036417 ns
Total end-to-end search time: 619549064 ns
Query: 8192, nThreads: 2, warmup: 1
====================================================================================================
(ns)
Load index... Graph level 5..
Total end-to-end search time: 2868858994 ns
Total end-to-end search time: 616187850 ns
Query: 8192, nThreads: 2, warmup: 1
====================================================================================================
(ns)
Load index... Graph level 5..
Total end-to-end search time: 2851005673 ns
Total end-to-end search time: 615812400 ns
Query: 8192, nThreads: 2, warmup: 1
====================================================================================================
(ns)
Load index... Graph level 5..
Total end-to-end search time: 2833923784 ns
Total end-to-end search time: 625689547 ns
Query: 8192, nThreads: 2, warmup: 1
====================================================================================================
(ns)
Load index... Graph level 5..
Total end-to-end search time: 2851627736 ns
Total end-to-end search time: 619470452 ns
Query: 8192, nThreads: 2, warmup: 1
====================================================================================================
(ns)
Load index... Graph level 5..
Total end-to-end search time: 2853001240 ns
Total end-to-end search time: 622241394 ns
Query: 8192, nThreads: 2, warmup: 1
====================================================================================================
(ns)
Load index... Graph level 5..
Total end-to-end search time: 2863157069 ns
Total end-to-end search time: 624828868 ns
Query: 8192, nThreads: 2, warmup: 1
====================================================================================================
(ns)
Load index... Graph level 5..
Total end-to-end search time: 2851184395 ns
Total end-to-end search time: 620892175 ns
Query: 8192, nThreads: 2, warmup: 1
====================================================================================================
(ns)
Load index... Graph level 5..
Total end-to-end search time: 2852214822 ns
Total end-to-end search time: 622697170 ns
Query: 8192, nThreads: 2, warmup: 1
====================================================================================================
(ns)
Load index... Graph level 5..
Total end-to-end search time: 2882433044 ns
Total end-to-end search time: 618915397 ns
Query: 8192, nThreads: 2, warmup: 1
====================================================================================================
(ns)
Load index... Graph level 5..
Total end-to-end search time: 2837113413 ns
Total end-to-end search time: 618802029 ns
Query: 8192, nThreads: 2, warmup: 1
====================================================================================================
(ns)
Load index... Graph level 5..
Total end-to-end search time: 2845571638 ns
Total end-to-end search time: 619081955 ns
Query: 8192, nThreads: 2, warmup: 1
====================================================================================================
(ns)
Load index... Graph level 5..
Total end-to-end search time: 2864031148 ns
Total end-to-end search time: 625105780 ns
Query: 8192, nThreads: 2, warmup: 1
====================================================================================================
(ns)
Load index... Graph level 5..
Total end-to-end search time: 2868697903 ns
Total end-to-end search time: 621743265 ns
Query: 8192, nThreads: 2, warmup: 1
====================================================================================================
(ns)
Load index... Graph level 5..
Total end-to-end search time: 2850226989 ns
Total end-to-end search time: 614444762 ns
Query: 8192, nThreads: 2, warmup: 1
====================================================================================================
(ns)
Load index... Graph level 5..
Total end-to-end search time: 2850290517 ns
Total end-to-end search time: 622470840 ns
Query: 8192, nThreads: 2, warmup: 1
====================================================================================================
(ns)
Load index... Graph level 5..
Total end-to-end search time: 2847601979 ns
Total end-to-end search time: 619252970 ns
Query: 8192, nThreads: 2, warmup: 1
====================================================================================================
(ns)
Load index... Graph level 5..
Total end-to-end search time: 2849509131 ns
Total end-to-end search time: 619396795 ns
Query: 8192, nThreads: 2, warmup: 1
====================================================================================================
(ns)
Load index... Graph level 5..
Total end-to-end search time: 2853621314 ns
Total end-to-end search time: 621951794 ns
Query: 8192, nThreads: 2, warmup: 1
====================================================================================================
(ns)
Load index... Graph level 5..
Total end-to-end search time: 2861333926 ns
Total end-to-end search time: 624894888 ns
Query: 8192, nThreads: 2, warmup: 1
====================================================================================================
(ns)
Load index... Graph level 5..
Total end-to-end search time: 2851534210 ns
Total end-to-end search time: 619655695 ns
Query: 8192, nThreads: 2, warmup: 1
====================================================================================================
(ns)
Load index... Graph level 5..
Total end-to-end search time: 2845865264 ns
Total end-to-end search time: 618809137 ns
Query: 8192, nThreads: 2, warmup: 1
====================================================================================================
(ns)
Load index... Graph level 5..
Total end-to-end search time: 2862522232 ns
Total end-to-end search time: 623099125 ns
Query: 8192, nThreads: 2, warmup: 1
====================================================================================================
(ns)
Load index... Graph level 5..
Total end-to-end search time: 2867513964 ns
Total end-to-end search time: 621435542 ns
Query: 8192, nThreads: 2, warmup: 1
====================================================================================================
(ns)
Load index... Graph level 5..
Total end-to-end search time: 2853114209 ns
Total end-to-end search time: 621924605 ns
Query: 8192, nThreads: 2, warmup: 1
====================================================================================================
(ns)
Load index... Graph level 5..
Total end-to-end search time: 2867884481 ns
Total end-to-end search time: 622317836 ns
Query: 8192, nThreads: 2, warmup: 1
====================================================================================================
(ns)
Load index... Graph level 5..
Total end-to-end search time: 2849523085 ns
Total end-to-end search time: 615571378 ns
Query: 8192, nThreads: 2, warmup: 1
====================================================================================================
(ns)
Load index... Graph level 5..
Total end-to-end search time: 2849578363 ns
Total end-to-end search time: 619372536 ns
Query: 8192, nThreads: 2, warmup: 1
====================================================================================================
(ns)
Load index... Graph level 5..
Total end-to-end search time: 2847330948 ns
Total end-to-end search time: 619328516 ns
