Query: 8, nThreads: 2, warmup: 16
====================================================================================================
(ns)
Load index... Graph level 5..
Total end-to-end search time: 6845477 ns
Total end-to-end search time: 6760082 ns
Total end-to-end search time: 6050066 ns
Total end-to-end search time: 5763626 ns
Total end-to-end search time: 6160647 ns
Total end-to-end search time: 5892931 ns
Total end-to-end search time: 4976675 ns
Total end-to-end search time: 4951205 ns
Total end-to-end search time: 4395093 ns
Total end-to-end search time: 5677945 ns
Total end-to-end search time: 5278687 ns
Total end-to-end search time: 4508534 ns
Total end-to-end search time: 5244920 ns
Total end-to-end search time: 4441746 ns
Total end-to-end search time: 5054440 ns
Total end-to-end search time: 5755632 ns
Total end-to-end search time: 5861842 ns
Query: 8, nThreads: 2, warmup: 16
====================================================================================================
(ns)
Load index... Graph level 5..
Total end-to-end search time: 6811269 ns
Total end-to-end search time: 6654566 ns
Total end-to-end search time: 5975485 ns
Total end-to-end search time: 5699835 ns
Total end-to-end search time: 6121005 ns
Total end-to-end search time: 5748853 ns
Total end-to-end search time: 4881505 ns
Total end-to-end search time: 4852896 ns
Total end-to-end search time: 4310375 ns
Total end-to-end search time: 5548346 ns
Total end-to-end search time: 5180844 ns
Total end-to-end search time: 4418056 ns
Total end-to-end search time: 5104421 ns
Total end-to-end search time: 4304405 ns
Total end-to-end search time: 4925251 ns
Total end-to-end search time: 5593700 ns
Total end-to-end search time: 5702185 ns
Query: 8, nThreads: 2, warmup: 16
====================================================================================================
(ns)
Load index... Graph level 5..
Total end-to-end search time: 6791179 ns
Total end-to-end search time: 6768837 ns
Total end-to-end search time: 6043920 ns
Total end-to-end search time: 5776638 ns
Total end-to-end search time: 6116864 ns
Total end-to-end search time: 5785320 ns
Total end-to-end search time: 4895169 ns
Total end-to-end search time: 4883254 ns
Total end-to-end search time: 4308070 ns
Total end-to-end search time: 5630903 ns
Total end-to-end search time: 5223600 ns
Total end-to-end search time: 4449735 ns
Total end-to-end search time: 5140432 ns
Total end-to-end search time: 4339654 ns
Total end-to-end search time: 4955062 ns
Total end-to-end search time: 5666278 ns
Total end-to-end search time: 5766929 ns
Query: 8, nThreads: 2, warmup: 16
====================================================================================================
(ns)
Load index... Graph level 5..
Total end-to-end search time: 6860682 ns
Total end-to-end search time: 6743139 ns
Total end-to-end search time: 6036122 ns
Total end-to-end search time: 5753410 ns
Total end-to-end search time: 6159633 ns
Total end-to-end search time: 5858931 ns
Total end-to-end search time: 4915599 ns
Total end-to-end search time: 4944665 ns
Total end-to-end search time: 4365728 ns
Total end-to-end search time: 5647456 ns
Total end-to-end search time: 5245703 ns
Total end-to-end search time: 4490000 ns
Total end-to-end search time: 5183704 ns
Total end-to-end search time: 4361146 ns
Total end-to-end search time: 5001392 ns
Total end-to-end search time: 5695459 ns
Total end-to-end search time: 5815132 ns
Query: 8, nThreads: 2, warmup: 16
====================================================================================================
(ns)
Load index... Graph level 5..
Total end-to-end search time: 6930246 ns
Total end-to-end search time: 6733899 ns
Total end-to-end search time: 6040087 ns
Total end-to-end search time: 5737353 ns
Total end-to-end search time: 6138381 ns
Total end-to-end search time: 5838913 ns
Total end-to-end search time: 4954572 ns
Total end-to-end search time: 4933753 ns
Total end-to-end search time: 4360676 ns
Total end-to-end search time: 5633477 ns
Total end-to-end search time: 5220518 ns
Total end-to-end search time: 4475860 ns
Total end-to-end search time: 5179914 ns
Total end-to-end search time: 4371674 ns
Total end-to-end search time: 4994913 ns
Total end-to-end search time: 5696908 ns
Total end-to-end search time: 5831402 ns
Query: 8, nThreads: 2, warmup: 16
====================================================================================================
(ns)
Load index... Graph level 5..
Total end-to-end search time: 6768893 ns
Total end-to-end search time: 6647049 ns
Total end-to-end search time: 5934672 ns
Total end-to-end search time: 5664837 ns
Total end-to-end search time: 6059712 ns
Total end-to-end search time: 5795708 ns
Total end-to-end search time: 4897809 ns
Total end-to-end search time: 4868531 ns
Total end-to-end search time: 4318631 ns
Total end-to-end search time: 5571074 ns
Total end-to-end search time: 5180348 ns
Total end-to-end search time: 4441975 ns
Total end-to-end search time: 5158818 ns
Total end-to-end search time: 4356582 ns
Total end-to-end search time: 4983443 ns
Total end-to-end search time: 5665347 ns
Total end-to-end search time: 5796460 ns
Query: 8, nThreads: 2, warmup: 16
====================================================================================================
(ns)
Load index... Graph level 5..
Total end-to-end search time: 6773661 ns
Total end-to-end search time: 6721090 ns
Total end-to-end search time: 6023317 ns
Total end-to-end search time: 5708611 ns
Total end-to-end search time: 6088461 ns
Total end-to-end search time: 5803760 ns
Total end-to-end search time: 4909407 ns
Total end-to-end search time: 4881179 ns
Total end-to-end search time: 4323221 ns
Total end-to-end search time: 5627739 ns
Total end-to-end search time: 5257959 ns
Total end-to-end search time: 4508271 ns
Total end-to-end search time: 5270710 ns
Total end-to-end search time: 4461569 ns
Total end-to-end search time: 5038834 ns
Total end-to-end search time: 5759772 ns
Total end-to-end search time: 5834761 ns
Query: 8, nThreads: 2, warmup: 16
====================================================================================================
(ns)
Load index... Graph level 5..
Total end-to-end search time: 6810012 ns
Total end-to-end search time: 6710610 ns
Total end-to-end search time: 6005547 ns
Total end-to-end search time: 5721645 ns
Total end-to-end search time: 6081825 ns
Total end-to-end search time: 5760276 ns
Total end-to-end search time: 4872426 ns
Total end-to-end search time: 4900095 ns
Total end-to-end search time: 4337467 ns
Total end-to-end search time: 5587061 ns
Total end-to-end search time: 5193475 ns
Total end-to-end search time: 4435724 ns
Total end-to-end search time: 5160283 ns
Total end-to-end search time: 4331362 ns
Total end-to-end search time: 4945035 ns
Total end-to-end search time: 5654848 ns
Total end-to-end search time: 5730725 ns
Query: 8, nThreads: 2, warmup: 16
====================================================================================================
(ns)
Load index... Graph level 5..
Total end-to-end search time: 6955813 ns
Total end-to-end search time: 6774936 ns
Total end-to-end search time: 6038561 ns
Total end-to-end search time: 5744352 ns
Total end-to-end search time: 6112699 ns
Total end-to-end search time: 5816203 ns
Total end-to-end search time: 4897816 ns
Total end-to-end search time: 4920154 ns
Total end-to-end search time: 4333224 ns
Total end-to-end search time: 5617418 ns
Total end-to-end search time: 5257506 ns
Total end-to-end search time: 4477570 ns
Total end-to-end search time: 5214557 ns
Total end-to-end search time: 4382981 ns
Total end-to-end search time: 4996846 ns
Total end-to-end search time: 5708159 ns
Total end-to-end search time: 5824779 ns
Query: 8, nThreads: 2, warmup: 16
====================================================================================================
(ns)
Load index... Graph level 5..
Total end-to-end search time: 6817822 ns
Total end-to-end search time: 6679230 ns
Total end-to-end search time: 5963605 ns
Total end-to-end search time: 5696872 ns
Total end-to-end search time: 6066420 ns
Total end-to-end search time: 5751005 ns
Total end-to-end search time: 4847615 ns
Total end-to-end search time: 4874987 ns
Total end-to-end search time: 4308168 ns
Total end-to-end search time: 5530628 ns
Total end-to-end search time: 5155698 ns
Total end-to-end search time: 4414900 ns
Total end-to-end search time: 5122222 ns
Total end-to-end search time: 4323526 ns
Total end-to-end search time: 4945983 ns
Total end-to-end search time: 5621940 ns
Total end-to-end search time: 5737767 ns
Query: 8, nThreads: 2, warmup: 16
====================================================================================================
(ns)
Load index... Graph level 5..
Total end-to-end search time: 6813350 ns
Total end-to-end search time: 6769823 ns
Total end-to-end search time: 6067632 ns
Total end-to-end search time: 5712360 ns
Total end-to-end search time: 6077929 ns
Total end-to-end search time: 5784914 ns
Total end-to-end search time: 4884201 ns
Total end-to-end search time: 4847748 ns
Total end-to-end search time: 4299183 ns
Total end-to-end search time: 5549686 ns
Total end-to-end search time: 5179317 ns
Total end-to-end search time: 4426789 ns
Total end-to-end search time: 5165808 ns
Total end-to-end search time: 4340643 ns
Total end-to-end search time: 4984652 ns
Total end-to-end search time: 5652422 ns
Total end-to-end search time: 5742000 ns
Query: 8, nThreads: 2, warmup: 16
====================================================================================================
(ns)
Load index... Graph level 5..
Total end-to-end search time: 6747724 ns
Total end-to-end search time: 6632606 ns
Total end-to-end search time: 5959795 ns
Total end-to-end search time: 5668029 ns
Total end-to-end search time: 6058265 ns
Total end-to-end search time: 5746942 ns
Total end-to-end search time: 4872679 ns
Total end-to-end search time: 4852223 ns
Total end-to-end search time: 4313983 ns
Total end-to-end search time: 5555183 ns
Total end-to-end search time: 5177280 ns
Total end-to-end search time: 4421067 ns
Total end-to-end search time: 5114045 ns
Total end-to-end search time: 4311351 ns
Total end-to-end search time: 4943838 ns
Total end-to-end search time: 5650926 ns
Total end-to-end search time: 5750597 ns
Query: 8, nThreads: 2, warmup: 16
====================================================================================================
(ns)
Load index... Graph level 5..
Total end-to-end search time: 6850950 ns
Total end-to-end search time: 6637767 ns
Total end-to-end search time: 5974781 ns
Total end-to-end search time: 5727463 ns
Total end-to-end search time: 6056617 ns
Total end-to-end search time: 5742799 ns
Total end-to-end search time: 4857349 ns
Total end-to-end search time: 4840707 ns
Total end-to-end search time: 4272729 ns
Total end-to-end search time: 5528118 ns
Total end-to-end search time: 5146541 ns
Total end-to-end search time: 4382846 ns
Total end-to-end search time: 5092836 ns
Total end-to-end search time: 4281987 ns
Total end-to-end search time: 4907402 ns
Total end-to-end search time: 5556093 ns
Total end-to-end search time: 5684511 ns
Query: 8, nThreads: 2, warmup: 16
====================================================================================================
(ns)
Load index... Graph level 5..
Total end-to-end search time: 6744070 ns
Total end-to-end search time: 6645202 ns
Total end-to-end search time: 6001049 ns
Total end-to-end search time: 5678058 ns
Total end-to-end search time: 6068758 ns
Total end-to-end search time: 5767738 ns
Total end-to-end search time: 4865451 ns
Total end-to-end search time: 4847862 ns
Total end-to-end search time: 4306847 ns
Total end-to-end search time: 5576770 ns
Total end-to-end search time: 5195197 ns
Total end-to-end search time: 4437576 ns
Total end-to-end search time: 5162905 ns
Total end-to-end search time: 4355329 ns
Total end-to-end search time: 4931786 ns
Total end-to-end search time: 5643326 ns
Total end-to-end search time: 5768687 ns
Query: 8, nThreads: 2, warmup: 16
====================================================================================================
(ns)
Load index... Graph level 5..
Total end-to-end search time: 6746176 ns
Total end-to-end search time: 6665010 ns
Total end-to-end search time: 5966287 ns
Total end-to-end search time: 5691585 ns
Total end-to-end search time: 6085235 ns
Total end-to-end search time: 5779418 ns
Total end-to-end search time: 4875710 ns
Total end-to-end search time: 4847816 ns
Total end-to-end search time: 4300351 ns
Total end-to-end search time: 5538410 ns
Total end-to-end search time: 5173335 ns
Total end-to-end search time: 4397791 ns
Total end-to-end search time: 5089258 ns
Total end-to-end search time: 4295542 ns
Total end-to-end search time: 4917994 ns
Total end-to-end search time: 5627934 ns
Total end-to-end search time: 5901909 ns
Query: 8, nThreads: 2, warmup: 16
====================================================================================================
(ns)
Load index... Graph level 5..
Total end-to-end search time: 6708419 ns
Total end-to-end search time: 6694825 ns
Total end-to-end search time: 5969915 ns
Total end-to-end search time: 5690006 ns
Total end-to-end search time: 6056000 ns
Total end-to-end search time: 5749095 ns
Total end-to-end search time: 4870661 ns
Total end-to-end search time: 4846577 ns
Total end-to-end search time: 4289566 ns
Total end-to-end search time: 5558017 ns
Total end-to-end search time: 5163043 ns
Total end-to-end search time: 4424010 ns
Total end-to-end search time: 5093774 ns
Total end-to-end search time: 4299202 ns
Total end-to-end search time: 4965900 ns
Total end-to-end search time: 5600325 ns
Total end-to-end search time: 5727507 ns
Query: 8, nThreads: 2, warmup: 16
====================================================================================================
(ns)
Load index... Graph level 5..
Total end-to-end search time: 6803767 ns
Total end-to-end search time: 6709848 ns
Total end-to-end search time: 5982981 ns
Total end-to-end search time: 5675418 ns
Total end-to-end search time: 6061586 ns
Total end-to-end search time: 5737162 ns
Total end-to-end search time: 4868457 ns
Total end-to-end search time: 4841781 ns
Total end-to-end search time: 4298177 ns
Total end-to-end search time: 5524717 ns
Total end-to-end search time: 5139143 ns
Total end-to-end search time: 4397921 ns
Total end-to-end search time: 5084421 ns
Total end-to-end search time: 4285927 ns
Total end-to-end search time: 4921153 ns
Total end-to-end search time: 5585643 ns
Total end-to-end search time: 5685658 ns
Query: 8, nThreads: 2, warmup: 16
====================================================================================================
(ns)
Load index... Graph level 5..
Total end-to-end search time: 6730179 ns
Total end-to-end search time: 6720128 ns
Total end-to-end search time: 5983100 ns
Total end-to-end search time: 5698332 ns
Total end-to-end search time: 6066840 ns
Total end-to-end search time: 5775746 ns
Total end-to-end search time: 4890642 ns
Total end-to-end search time: 4887758 ns
Total end-to-end search time: 4317166 ns
Total end-to-end search time: 5594935 ns
Total end-to-end search time: 5215675 ns
Total end-to-end search time: 4408021 ns
Total end-to-end search time: 5113206 ns
Total end-to-end search time: 4312117 ns
Total end-to-end search time: 4943441 ns
Total end-to-end search time: 5647724 ns
Total end-to-end search time: 5760902 ns
Query: 8, nThreads: 2, warmup: 16
====================================================================================================
(ns)
Load index... Graph level 5..
Total end-to-end search time: 6679023 ns
Total end-to-end search time: 6616240 ns
Total end-to-end search time: 5935399 ns
Total end-to-end search time: 5641602 ns
Total end-to-end search time: 6014359 ns
Total end-to-end search time: 5739610 ns
Total end-to-end search time: 4851049 ns
Total end-to-end search time: 4850157 ns
Total end-to-end search time: 4299648 ns
Total end-to-end search time: 5580975 ns
Total end-to-end search time: 5178366 ns
Total end-to-end search time: 4412174 ns
Total end-to-end search time: 5115982 ns
Total end-to-end search time: 4316540 ns
Total end-to-end search time: 4937733 ns
Total end-to-end search time: 5619500 ns
Total end-to-end search time: 5734714 ns
Query: 8, nThreads: 2, warmup: 16
====================================================================================================
(ns)
Load index... Graph level 5..
Total end-to-end search time: 6856740 ns
Total end-to-end search time: 6784631 ns
Total end-to-end search time: 6067213 ns
Total end-to-end search time: 5803178 ns
Total end-to-end search time: 6209193 ns
Total end-to-end search time: 5871211 ns
Total end-to-end search time: 4958329 ns
Total end-to-end search time: 4951527 ns
Total end-to-end search time: 4372597 ns
Total end-to-end search time: 5679998 ns
Total end-to-end search time: 5260867 ns
Total end-to-end search time: 4515449 ns
Total end-to-end search time: 5228182 ns
Total end-to-end search time: 4399476 ns
Total end-to-end search time: 5033777 ns
Total end-to-end search time: 5746432 ns
Total end-to-end search time: 5854393 ns
Query: 8, nThreads: 2, warmup: 16
====================================================================================================
(ns)
Load index... Graph level 5..
Total end-to-end search time: 6745624 ns
Total end-to-end search time: 6726091 ns
Total end-to-end search time: 5995679 ns
Total end-to-end search time: 5701790 ns
Total end-to-end search time: 6068577 ns
Total end-to-end search time: 5759387 ns
Total end-to-end search time: 4861644 ns
Total end-to-end search time: 4873282 ns
Total end-to-end search time: 4305950 ns
Total end-to-end search time: 5565947 ns
Total end-to-end search time: 5173289 ns
Total end-to-end search time: 4427211 ns
Total end-to-end search time: 5119327 ns
Total end-to-end search time: 4323150 ns
Total end-to-end search time: 4947987 ns
Total end-to-end search time: 5649597 ns
Total end-to-end search time: 5749670 ns
Query: 8, nThreads: 2, warmup: 16
====================================================================================================
(ns)
Load index... Graph level 5..
Total end-to-end search time: 6820881 ns
Total end-to-end search time: 6710013 ns
Total end-to-end search time: 6040261 ns
Total end-to-end search time: 5753337 ns
Total end-to-end search time: 6131068 ns
Total end-to-end search time: 5791936 ns
Total end-to-end search time: 4897579 ns
Total end-to-end search time: 4885540 ns
Total end-to-end search time: 4323340 ns
Total end-to-end search time: 5589579 ns
Total end-to-end search time: 5180747 ns
Total end-to-end search time: 4445208 ns
Total end-to-end search time: 5136888 ns
Total end-to-end search time: 4346840 ns
Total end-to-end search time: 4967485 ns
Total end-to-end search time: 5654171 ns
Total end-to-end search time: 5772052 ns
Query: 8, nThreads: 2, warmup: 16
====================================================================================================
(ns)
Load index... Graph level 5..
Total end-to-end search time: 6729945 ns
Total end-to-end search time: 6646607 ns
Total end-to-end search time: 5970059 ns
Total end-to-end search time: 5705468 ns
Total end-to-end search time: 6076511 ns
Total end-to-end search time: 5779600 ns
Total end-to-end search time: 4859470 ns
Total end-to-end search time: 4857578 ns
Total end-to-end search time: 4324030 ns
Total end-to-end search time: 5541081 ns
Total end-to-end search time: 5166615 ns
Total end-to-end search time: 4428190 ns
Total end-to-end search time: 5135672 ns
Total end-to-end search time: 4327419 ns
Total end-to-end search time: 4916404 ns
Total end-to-end search time: 5625323 ns
Total end-to-end search time: 5735553 ns
Query: 8, nThreads: 2, warmup: 16
====================================================================================================
(ns)
Load index... Graph level 5..
Total end-to-end search time: 6821032 ns
Total end-to-end search time: 6697915 ns
Total end-to-end search time: 6016904 ns
Total end-to-end search time: 5716134 ns
Total end-to-end search time: 6117992 ns
Total end-to-end search time: 5759341 ns
Total end-to-end search time: 4870929 ns
Total end-to-end search time: 4873358 ns
Total end-to-end search time: 4294969 ns
Total end-to-end search time: 5572926 ns
Total end-to-end search time: 5176989 ns
Total end-to-end search time: 4422023 ns
Total end-to-end search time: 5123953 ns
Total end-to-end search time: 4332988 ns
Total end-to-end search time: 4943777 ns
Total end-to-end search time: 5636568 ns
Total end-to-end search time: 5732527 ns
Query: 8, nThreads: 2, warmup: 16
====================================================================================================
(ns)
Load index... Graph level 5..
Total end-to-end search time: 6723917 ns
Total end-to-end search time: 6645574 ns
Total end-to-end search time: 5935613 ns
Total end-to-end search time: 5686109 ns
Total end-to-end search time: 6069334 ns
Total end-to-end search time: 5748162 ns
Total end-to-end search time: 4855742 ns
Total end-to-end search time: 4839082 ns
Total end-to-end search time: 4290750 ns
Total end-to-end search time: 5567699 ns
Total end-to-end search time: 5180437 ns
Total end-to-end search time: 4440992 ns
Total end-to-end search time: 5115113 ns
Total end-to-end search time: 4324518 ns
Total end-to-end search time: 4925110 ns
Total end-to-end search time: 5642322 ns
Total end-to-end search time: 5737325 ns
Query: 8, nThreads: 2, warmup: 16
====================================================================================================
(ns)
Load index... Graph level 5..
Total end-to-end search time: 6628703 ns
Total end-to-end search time: 6574400 ns
Total end-to-end search time: 5916097 ns
Total end-to-end search time: 5658092 ns
Total end-to-end search time: 6045176 ns
Total end-to-end search time: 5715545 ns
Total end-to-end search time: 4824571 ns
Total end-to-end search time: 4824667 ns
Total end-to-end search time: 4302681 ns
Total end-to-end search time: 5539458 ns
Total end-to-end search time: 5128684 ns
Total end-to-end search time: 4382296 ns
Total end-to-end search time: 5076506 ns
Total end-to-end search time: 4299126 ns
Total end-to-end search time: 4899141 ns
Total end-to-end search time: 5594530 ns
Total end-to-end search time: 5856060 ns
Query: 8, nThreads: 2, warmup: 16
====================================================================================================
(ns)
Load index... Graph level 5..
Total end-to-end search time: 6760737 ns
Total end-to-end search time: 6757343 ns
Total end-to-end search time: 6022691 ns
Total end-to-end search time: 5762386 ns
Total end-to-end search time: 6092325 ns
Total end-to-end search time: 5773534 ns
Total end-to-end search time: 4906270 ns
Total end-to-end search time: 4888436 ns
Total end-to-end search time: 4319680 ns
Total end-to-end search time: 5592397 ns
Total end-to-end search time: 5197531 ns
Total end-to-end search time: 4428205 ns
Total end-to-end search time: 5130562 ns
Total end-to-end search time: 4342222 ns
Total end-to-end search time: 4969023 ns
Total end-to-end search time: 5671192 ns
Total end-to-end search time: 5784619 ns
Query: 8, nThreads: 2, warmup: 16
====================================================================================================
(ns)
Load index... Graph level 5..
Total end-to-end search time: 6639429 ns
Total end-to-end search time: 6644325 ns
Total end-to-end search time: 5961356 ns
Total end-to-end search time: 5708698 ns
Total end-to-end search time: 6079414 ns
Total end-to-end search time: 5792138 ns
Total end-to-end search time: 4877230 ns
Total end-to-end search time: 4845249 ns
Total end-to-end search time: 4333814 ns
Total end-to-end search time: 5573671 ns
Total end-to-end search time: 5202956 ns
Total end-to-end search time: 4425155 ns
Total end-to-end search time: 5147359 ns
Total end-to-end search time: 4317522 ns
Total end-to-end search time: 4937226 ns
Total end-to-end search time: 5607645 ns
Total end-to-end search time: 5733303 ns
Query: 8, nThreads: 2, warmup: 16
====================================================================================================
(ns)
Load index... Graph level 5..
Total end-to-end search time: 6715186 ns
Total end-to-end search time: 6674128 ns
Total end-to-end search time: 6001229 ns
Total end-to-end search time: 5708451 ns
Total end-to-end search time: 6094242 ns
Total end-to-end search time: 5773276 ns
Total end-to-end search time: 4893938 ns
Total end-to-end search time: 4862216 ns
Total end-to-end search time: 4310362 ns
Total end-to-end search time: 5548887 ns
Total end-to-end search time: 5171841 ns
Total end-to-end search time: 4422083 ns
Total end-to-end search time: 5110693 ns
Total end-to-end search time: 4326218 ns
Total end-to-end search time: 4963553 ns
Total end-to-end search time: 5627969 ns
Total end-to-end search time: 5743852 ns
Query: 8, nThreads: 2, warmup: 16
====================================================================================================
(ns)
Load index... Graph level 5..
Total end-to-end search time: 6667838 ns
Total end-to-end search time: 6588457 ns
Total end-to-end search time: 5909036 ns
Total end-to-end search time: 5626456 ns
Total end-to-end search time: 6026586 ns
Total end-to-end search time: 5757175 ns
Total end-to-end search time: 4840638 ns
Total end-to-end search time: 4825156 ns
Total end-to-end search time: 4272712 ns
Total end-to-end search time: 5528842 ns
Total end-to-end search time: 5124829 ns
Total end-to-end search time: 4372612 ns
Total end-to-end search time: 5080834 ns
Total end-to-end search time: 4275408 ns
Total end-to-end search time: 4896727 ns
Total end-to-end search time: 5583035 ns
Total end-to-end search time: 5689599 ns
