Query: 1024, nThreads: 2, warmup: 2
====================================================================================================
(ns)
Load index... Graph level 5..
Total end-to-end search time: 739866871 ns
Total end-to-end search time: 748798059 ns
Total end-to-end search time: 753844500 ns
Query: 1024, nThreads: 2, warmup: 2
====================================================================================================
(ns)
Load index... Graph level 5..
Total end-to-end search time: 737222042 ns
Total end-to-end search time: 750194808 ns
Total end-to-end search time: 751211114 ns
Query: 1024, nThreads: 2, warmup: 2
====================================================================================================
(ns)
Load index... Graph level 5..
Total end-to-end search time: 737963707 ns
Total end-to-end search time: 747552600 ns
Total end-to-end search time: 754816312 ns
Query: 1024, nThreads: 2, warmup: 2
====================================================================================================
(ns)
Load index... Graph level 5..
Total end-to-end search time: 739758812 ns
Total end-to-end search time: 750548867 ns
Total end-to-end search time: 750584858 ns
Query: 1024, nThreads: 2, warmup: 2
====================================================================================================
(ns)
Load index... Graph level 5..
Total end-to-end search time: 738448943 ns
Total end-to-end search time: 747108614 ns
Total end-to-end search time: 753320140 ns
Query: 1024, nThreads: 2, warmup: 2
====================================================================================================
(ns)
Load index... Graph level 5..
Total end-to-end search time: 740659794 ns
Total end-to-end search time: 747431030 ns
Total end-to-end search time: 752177358 ns
Query: 1024, nThreads: 2, warmup: 2
====================================================================================================
(ns)
Load index... Graph level 5..
Total end-to-end search time: 738260930 ns
Total end-to-end search time: 749181202 ns
Total end-to-end search time: 751704509 ns
Query: 1024, nThreads: 2, warmup: 2
====================================================================================================
(ns)
Load index... Graph level 5..
Total end-to-end search time: 739644223 ns
Total end-to-end search time: 746068355 ns
Total end-to-end search time: 750358963 ns
Query: 1024, nThreads: 2, warmup: 2
====================================================================================================
(ns)
Load index... Graph level 5..
Total end-to-end search time: 737531612 ns
Total end-to-end search time: 748249996 ns
Total end-to-end search time: 750693228 ns
Query: 1024, nThreads: 2, warmup: 2
====================================================================================================
(ns)
Load index... Graph level 5..
Total end-to-end search time: 738026061 ns
Total end-to-end search time: 747789752 ns
Total end-to-end search time: 752695325 ns
Query: 1024, nThreads: 2, warmup: 2
====================================================================================================
(ns)
Load index... Graph level 5..
Total end-to-end search time: 738237788 ns
Total end-to-end search time: 750019082 ns
Total end-to-end search time: 750711504 ns
Query: 1024, nThreads: 2, warmup: 2
====================================================================================================
(ns)
Load index... Graph level 5..
Total end-to-end search time: 738324057 ns
Total end-to-end search time: 746375622 ns
Total end-to-end search time: 753774281 ns
Query: 1024, nThreads: 2, warmup: 2
====================================================================================================
(ns)
Load index... Graph level 5..
Total end-to-end search time: 739812659 ns
Total end-to-end search time: 748431836 ns
Total end-to-end search time: 751581220 ns
Query: 1024, nThreads: 2, warmup: 2
====================================================================================================
(ns)
Load index... Graph level 5..
Total end-to-end search time: 738500164 ns
Total end-to-end search time: 748025751 ns
Total end-to-end search time: 752996042 ns
Query: 1024, nThreads: 2, warmup: 2
====================================================================================================
(ns)
Load index... Graph level 5..
Total end-to-end search time: 740262685 ns
Total end-to-end search time: 747543763 ns
Total end-to-end search time: 751276388 ns
Query: 1024, nThreads: 2, warmup: 2
====================================================================================================
(ns)
Load index... Graph level 5..
Total end-to-end search time: 737716972 ns
Total end-to-end search time: 749172099 ns
Total end-to-end search time: 752340899 ns
Query: 1024, nThreads: 2, warmup: 2
====================================================================================================
(ns)
Load index... Graph level 5..
Total end-to-end search time: 740600800 ns
Total end-to-end search time: 747814983 ns
Total end-to-end search time: 751711301 ns
Query: 1024, nThreads: 2, warmup: 2
====================================================================================================
(ns)
Load index... Graph level 5..
Total end-to-end search time: 737304252 ns
Total end-to-end search time: 750089977 ns
Total end-to-end search time: 753072647 ns
Query: 1024, nThreads: 2, warmup: 2
====================================================================================================
(ns)
Load index... Graph level 5..
Total end-to-end search time: 738405852 ns
Total end-to-end search time: 747160852 ns
Total end-to-end search time: 752416369 ns
Query: 1024, nThreads: 2, warmup: 2
====================================================================================================
(ns)
Load index... Graph level 5..
Total end-to-end search time: 740726964 ns
Total end-to-end search time: 748606416 ns
Total end-to-end search time: 752755293 ns
Query: 1024, nThreads: 2, warmup: 2
====================================================================================================
(ns)
Load index... Graph level 5..
Total end-to-end search time: 738054948 ns
Total end-to-end search time: 747495350 ns
Total end-to-end search time: 752397404 ns
Query: 1024, nThreads: 2, warmup: 2
====================================================================================================
(ns)
Load index... Graph level 5..
Total end-to-end search time: 739704061 ns
Total end-to-end search time: 748920950 ns
Total end-to-end search time: 751514911 ns
Query: 1024, nThreads: 2, warmup: 2
====================================================================================================
(ns)
Load index... Graph level 5..
Total end-to-end search time: 738618034 ns
Total end-to-end search time: 750232898 ns
Total end-to-end search time: 750773207 ns
Query: 1024, nThreads: 2, warmup: 2
====================================================================================================
(ns)
Load index... Graph level 5..
Total end-to-end search time: 739741961 ns
Total end-to-end search time: 747752093 ns
Total end-to-end search time: 751236094 ns
Query: 1024, nThreads: 2, warmup: 2
====================================================================================================
(ns)
Load index... Graph level 5..
Total end-to-end search time: 737708543 ns
Total end-to-end search time: 750100778 ns
Total end-to-end search time: 750702264 ns
Query: 1024, nThreads: 2, warmup: 2
====================================================================================================
(ns)
Load index... Graph level 5..
Total end-to-end search time: 737751537 ns
Total end-to-end search time: 747370225 ns
Total end-to-end search time: 753799241 ns
Query: 1024, nThreads: 2, warmup: 2
====================================================================================================
(ns)
Load index... Graph level 5..
Total end-to-end search time: 737325037 ns
Total end-to-end search time: 750931737 ns
Total end-to-end search time: 751650497 ns
Query: 1024, nThreads: 2, warmup: 2
====================================================================================================
(ns)
Load index... Graph level 5..
Total end-to-end search time: 736650685 ns
Total end-to-end search time: 747454727 ns
Total end-to-end search time: 752371951 ns
Query: 1024, nThreads: 2, warmup: 2
====================================================================================================
(ns)
Load index... Graph level 5..
Total end-to-end search time: 739165154 ns
Total end-to-end search time: 747282766 ns
Total end-to-end search time: 751932782 ns
Query: 1024, nThreads: 2, warmup: 2
====================================================================================================
(ns)
Load index... Graph level 5..
Total end-to-end search time: 738729652 ns
Total end-to-end search time: 749050472 ns
Total end-to-end search time: 753362420 ns
