Query: 1024, nThreads: 8, warmup: 2
====================================================================================================
(ns)
Load index... Graph level 5..
Total end-to-end search time: 752662473 ns
Total end-to-end search time: 760805625 ns
Total end-to-end search time: 764592642 ns
Query: 1024, nThreads: 8, warmup: 2
====================================================================================================
(ns)
Load index... Graph level 5..
Total end-to-end search time: 753369979 ns
Total end-to-end search time: 761259751 ns
Total end-to-end search time: 763529233 ns
Query: 1024, nThreads: 8, warmup: 2
====================================================================================================
(ns)
Load index... Graph level 5..
Total end-to-end search time: 753965711 ns
Total end-to-end search time: 758938261 ns
Total end-to-end search time: 765017675 ns
Query: 1024, nThreads: 8, warmup: 2
====================================================================================================
(ns)
Load index... Graph level 5..
Total end-to-end search time: 753951230 ns
Total end-to-end search time: 758470100 ns
Total end-to-end search time: 763094415 ns
Query: 1024, nThreads: 8, warmup: 2
====================================================================================================
(ns)
Load index... Graph level 5..
Total end-to-end search time: 752030342 ns
Total end-to-end search time: 759828403 ns
Total end-to-end search time: 763808804 ns
Query: 1024, nThreads: 8, warmup: 2
====================================================================================================
(ns)
Load index... Graph level 5..
Total end-to-end search time: 754356921 ns
Total end-to-end search time: 759339449 ns
Total end-to-end search time: 764147754 ns
Query: 1024, nThreads: 8, warmup: 2
====================================================================================================
(ns)
Load index... Graph level 5..
Total end-to-end search time: 753116594 ns
Total end-to-end search time: 762689757 ns
Total end-to-end search time: 762408327 ns
Query: 1024, nThreads: 8, warmup: 2
====================================================================================================
(ns)
Load index... Graph level 5..
Total end-to-end search time: 753403692 ns
Total end-to-end search time: 759558669 ns
Total end-to-end search time: 764135266 ns
Query: 1024, nThreads: 8, warmup: 2
====================================================================================================
(ns)
Load index... Graph level 5..
Total end-to-end search time: 754151469 ns
Total end-to-end search time: 759856758 ns
Total end-to-end search time: 761974528 ns
Query: 1024, nThreads: 8, warmup: 2
====================================================================================================
(ns)
Load index... Graph level 5..
Total end-to-end search time: 751936981 ns
Total end-to-end search time: 758973716 ns
Total end-to-end search time: 764889666 ns
Query: 1024, nThreads: 8, warmup: 2
====================================================================================================
(ns)
Load index... Graph level 5..
Total end-to-end search time: 755102190 ns
Total end-to-end search time: 758683963 ns
Total end-to-end search time: 762341023 ns
Query: 1024, nThreads: 8, warmup: 2
====================================================================================================
(ns)
Load index... Graph level 5..
Total end-to-end search time: 753485101 ns
Total end-to-end search time: 761999893 ns
Total end-to-end search time: 762125006 ns
Query: 1024, nThreads: 8, warmup: 2
====================================================================================================
(ns)
Load index... Graph level 5..
Total end-to-end search time: 753228989 ns
Total end-to-end search time: 758939578 ns
Total end-to-end search time: 765511947 ns
Query: 1024, nThreads: 8, warmup: 2
====================================================================================================
(ns)
Load index... Graph level 5..
Total end-to-end search time: 752804380 ns
Total end-to-end search time: 761069781 ns
Total end-to-end search time: 764211181 ns
Query: 1024, nThreads: 8, warmup: 2
====================================================================================================
(ns)
Load index... Graph level 5..
Total end-to-end search time: 753433555 ns
Total end-to-end search time: 758234362 ns
Total end-to-end search time: 763985456 ns
Query: 1024, nThreads: 8, warmup: 2
====================================================================================================
(ns)
Load index... Graph level 5..
Total end-to-end search time: 755489419 ns
Total end-to-end search time: 758188642 ns
Total end-to-end search time: 762729234 ns
Query: 1024, nThreads: 8, warmup: 2
====================================================================================================
(ns)
Load index... Graph level 5..
Total end-to-end search time: 752709229 ns
Total end-to-end search time: 759850537 ns
Total end-to-end search time: 762596663 ns
Query: 1024, nThreads: 8, warmup: 2
====================================================================================================
(ns)
Load index... Graph level 5..
Total end-to-end search time: 755037587 ns
Total end-to-end search time: 759598981 ns
Total end-to-end search time: 765056179 ns
Query: 1024, nThreads: 8, warmup: 2
====================================================================================================
(ns)
Load index... Graph level 5..
Total end-to-end search time: 753125364 ns
Total end-to-end search time: 761307058 ns
Total end-to-end search time: 763647653 ns
Query: 1024, nThreads: 8, warmup: 2
====================================================================================================
(ns)
Load index... Graph level 5..
Total end-to-end search time: 753437953 ns
Total end-to-end search time: 759582939 ns
Total end-to-end search time: 764289249 ns
Query: 1024, nThreads: 8, warmup: 2
====================================================================================================
(ns)
Load index... Graph level 5..
Total end-to-end search time: 754605681 ns
Total end-to-end search time: 758669976 ns
Total end-to-end search time: 762824887 ns
Query: 1024, nThreads: 8, warmup: 2
====================================================================================================
(ns)
Load index... Graph level 5..
Total end-to-end search time: 753217581 ns
Total end-to-end search time: 759507795 ns
Total end-to-end search time: 765086489 ns
Query: 1024, nThreads: 8, warmup: 2
====================================================================================================
(ns)
Load index... Graph level 5..
Total end-to-end search time: 757027905 ns
Total end-to-end search time: 759194248 ns
Total end-to-end search time: 763944219 ns
Query: 1024, nThreads: 8, warmup: 2
====================================================================================================
(ns)
Load index... Graph level 5..
Total end-to-end search time: 751741319 ns
Total end-to-end search time: 760668353 ns
Total end-to-end search time: 765157049 ns
Query: 1024, nThreads: 8, warmup: 2
====================================================================================================
(ns)
Load index... Graph level 5..
Total end-to-end search time: 753499334 ns
Total end-to-end search time: 759219262 ns
Total end-to-end search time: 765227061 ns
Query: 1024, nThreads: 8, warmup: 2
====================================================================================================
(ns)
Load index... Graph level 5..
Total end-to-end search time: 752243878 ns
Total end-to-end search time: 760859153 ns
Total end-to-end search time: 761738274 ns
Query: 1024, nThreads: 8, warmup: 2
====================================================================================================
(ns)
Load index... Graph level 5..
Total end-to-end search time: 753028865 ns
Total end-to-end search time: 760223093 ns
Total end-to-end search time: 764728962 ns
Query: 1024, nThreads: 8, warmup: 2
====================================================================================================
(ns)
Load index... Graph level 5..
Total end-to-end search time: 754008125 ns
Total end-to-end search time: 757909063 ns
Total end-to-end search time: 762597863 ns
Query: 1024, nThreads: 8, warmup: 2
====================================================================================================
(ns)
Load index... Graph level 5..
Total end-to-end search time: 753999972 ns
Total end-to-end search time: 760699499 ns
Total end-to-end search time: 763541604 ns
Query: 1024, nThreads: 8, warmup: 2
====================================================================================================
(ns)
Load index... Graph level 5..
Total end-to-end search time: 754093044 ns
Total end-to-end search time: 760142289 ns
Total end-to-end search time: 766385258 ns
