Query: 1024, nThreads: 64, warmup: 2
====================================================================================================
(ns)
Load index... Graph level 5..
Total end-to-end search time: 792053443 ns
Total end-to-end search time: 775285600 ns
Total end-to-end search time: 777809275 ns
Query: 1024, nThreads: 64, warmup: 2
====================================================================================================
(ns)
Load index... Graph level 5..
Total end-to-end search time: 796260974 ns
Total end-to-end search time: 772654644 ns
Total end-to-end search time: 780686651 ns
Query: 1024, nThreads: 64, warmup: 2
====================================================================================================
(ns)
Load index... Graph level 5..
Total end-to-end search time: 790908236 ns
Total end-to-end search time: 775838126 ns
Total end-to-end search time: 777321769 ns
Query: 1024, nThreads: 64, warmup: 2
====================================================================================================
(ns)
Load index... Graph level 5..
Total end-to-end search time: 792754141 ns
Total end-to-end search time: 775424561 ns
Total end-to-end search time: 778020121 ns
Query: 1024, nThreads: 64, warmup: 2
====================================================================================================
(ns)
Load index... Graph level 5..
Total end-to-end search time: 792877166 ns
Total end-to-end search time: 773670585 ns
Total end-to-end search time: 779303744 ns
Query: 1024, nThreads: 64, warmup: 2
====================================================================================================
(ns)
Load index... Graph level 5..
Total end-to-end search time: 795248009 ns
Total end-to-end search time: 773223107 ns
Total end-to-end search time: 777497169 ns
Query: 1024, nThreads: 64, warmup: 2
====================================================================================================
(ns)
Load index... Graph level 5..
Total end-to-end search time: 792425432 ns
Total end-to-end search time: 775633168 ns
Total end-to-end search time: 776943235 ns
Query: 1024, nThreads: 64, warmup: 2
====================================================================================================
(ns)
Load index... Graph level 5..
Total end-to-end search time: 792691291 ns
Total end-to-end search time: 772607892 ns
Total end-to-end search time: 779223877 ns
Query: 1024, nThreads: 64, warmup: 2
====================================================================================================
(ns)
Load index... Graph level 5..
Total end-to-end search time: 791346052 ns
Total end-to-end search time: 774933915 ns
Total end-to-end search time: 777796961 ns
Query: 1024, nThreads: 64, warmup: 2
====================================================================================================
(ns)
Load index... Graph level 5..
Total end-to-end search time: 792008776 ns
Total end-to-end search time: 772377883 ns
Total end-to-end search time: 779673778 ns
Query: 1024, nThreads: 64, warmup: 2
====================================================================================================
(ns)
Load index... Graph level 5..
Total end-to-end search time: 793196806 ns
Total end-to-end search time: 774049484 ns
Total end-to-end search time: 777507062 ns
Query: 1024, nThreads: 64, warmup: 2
====================================================================================================
(ns)
Load index... Graph level 5..
Total end-to-end search time: 792260975 ns
Total end-to-end search time: 775354150 ns
Total end-to-end search time: 776809087 ns
Query: 1024, nThreads: 64, warmup: 2
====================================================================================================
(ns)
Load index... Graph level 5..
Total end-to-end search time: 791062419 ns
Total end-to-end search time: 773600064 ns
Total end-to-end search time: 778643892 ns
Query: 1024, nThreads: 64, warmup: 2
====================================================================================================
(ns)
Load index... Graph level 5..
Total end-to-end search time: 790414016 ns
Total end-to-end search time: 773904923 ns
Total end-to-end search time: 777326659 ns
Query: 1024, nThreads: 64, warmup: 2
====================================================================================================
(ns)
Load index... Graph level 5..
Total end-to-end search time: 792239224 ns
Total end-to-end search time: 774249896 ns
Total end-to-end search time: 777492090 ns
Query: 1024, nThreads: 64, warmup: 2
====================================================================================================
(ns)
Load index... Graph level 5..
Total end-to-end search time: 793617702 ns
Total end-to-end search time: 773093181 ns
Total end-to-end search time: 776907614 ns
Query: 1024, nThreads: 64, warmup: 2
====================================================================================================
(ns)
Load index... Graph level 5..
Total end-to-end search time: 790409121 ns
Total end-to-end search time: 774008921 ns
Total end-to-end search time: 776536448 ns
Query: 1024, nThreads: 64, warmup: 2
====================================================================================================
(ns)
Load index... Graph level 5..
Total end-to-end search time: 791453140 ns
Total end-to-end search time: 774020325 ns
Total end-to-end search time: 778726767 ns
Query: 1024, nThreads: 64, warmup: 2
====================================================================================================
(ns)
Load index... Graph level 5..
Total end-to-end search time: 791356777 ns
Total end-to-end search time: 773605519 ns
Total end-to-end search time: 776854034 ns
Query: 1024, nThreads: 64, warmup: 2
====================================================================================================
(ns)
Load index... Graph level 5..
Total end-to-end search time: 790419332 ns
Total end-to-end search time: 774526997 ns
Total end-to-end search time: 778515105 ns
Query: 1024, nThreads: 64, warmup: 2
====================================================================================================
(ns)
Load index... Graph level 5..
Total end-to-end search time: 792574806 ns
Total end-to-end search time: 774760283 ns
Total end-to-end search time: 780625485 ns
Query: 1024, nThreads: 64, warmup: 2
====================================================================================================
(ns)
Load index... Graph level 5..
Total end-to-end search time: 791193193 ns
Total end-to-end search time: 775869197 ns
Total end-to-end search time: 778934561 ns
Query: 1024, nThreads: 64, warmup: 2
====================================================================================================
(ns)
Load index... Graph level 5..
Total end-to-end search time: 790072132 ns
Total end-to-end search time: 772570891 ns
Total end-to-end search time: 778098559 ns
Query: 1024, nThreads: 64, warmup: 2
====================================================================================================
(ns)
Load index... Graph level 5..
Total end-to-end search time: 793227257 ns
Total end-to-end search time: 771750813 ns
Total end-to-end search time: 778122453 ns
Query: 1024, nThreads: 64, warmup: 2
====================================================================================================
(ns)
Load index... Graph level 5..
Total end-to-end search time: 790558022 ns
Total end-to-end search time: 773753349 ns
Total end-to-end search time: 776917209 ns
Query: 1024, nThreads: 64, warmup: 2
====================================================================================================
(ns)
Load index... Graph level 5..
Total end-to-end search time: 794405024 ns
Total end-to-end search time: 773959788 ns
Total end-to-end search time: 779806818 ns
Query: 1024, nThreads: 64, warmup: 2
====================================================================================================
(ns)
Load index... Graph level 5..
Total end-to-end search time: 791725869 ns
Total end-to-end search time: 775299013 ns
Total end-to-end search time: 777432422 ns
Query: 1024, nThreads: 64, warmup: 2
====================================================================================================
(ns)
Load index... Graph level 5..
Total end-to-end search time: 791833840 ns
Total end-to-end search time: 773522722 ns
Total end-to-end search time: 779333035 ns
Query: 1024, nThreads: 64, warmup: 2
====================================================================================================
(ns)
Load index... Graph level 5..
Total end-to-end search time: 793573872 ns
Total end-to-end search time: 773981939 ns
Total end-to-end search time: 777633253 ns
Query: 1024, nThreads: 64, warmup: 2
====================================================================================================
(ns)
Load index... Graph level 5..
Total end-to-end search time: 791550772 ns
Total end-to-end search time: 775439949 ns
Total end-to-end search time: 778328203 ns
