Query: 128, nThreads: 8, warmup: 8
====================================================================================================
(ns)
Load index... Graph level 5..
Total end-to-end search time: 94091935 ns
Total end-to-end search time: 98461693 ns
Total end-to-end search time: 103936538 ns
Total end-to-end search time: 96916725 ns
Total end-to-end search time: 88194052 ns
Total end-to-end search time: 84608834 ns
Total end-to-end search time: 93359179 ns
Total end-to-end search time: 98782599 ns
Total end-to-end search time: 95354487 ns
Query: 128, nThreads: 8, warmup: 8
====================================================================================================
(ns)
Load index... Graph level 5..
Total end-to-end search time: 92489031 ns
Total end-to-end search time: 98275446 ns
Total end-to-end search time: 105075437 ns
Total end-to-end search time: 97473592 ns
Total end-to-end search time: 87797074 ns
Total end-to-end search time: 84133768 ns
Total end-to-end search time: 93032848 ns
Total end-to-end search time: 98756752 ns
Total end-to-end search time: 95268535 ns
Query: 128, nThreads: 8, warmup: 8
====================================================================================================
(ns)
Load index... Graph level 5..
Total end-to-end search time: 93091225 ns
Total end-to-end search time: 98284960 ns
Total end-to-end search time: 104404661 ns
Total end-to-end search time: 97281380 ns
Total end-to-end search time: 88543449 ns
Total end-to-end search time: 85659464 ns
Total end-to-end search time: 93129285 ns
Total end-to-end search time: 98512013 ns
Total end-to-end search time: 94945980 ns
Query: 128, nThreads: 8, warmup: 8
====================================================================================================
(ns)
Load index... Graph level 5..
Total end-to-end search time: 93357334 ns
Total end-to-end search time: 98481269 ns
Total end-to-end search time: 104350971 ns
Total end-to-end search time: 96747707 ns
Total end-to-end search time: 87772835 ns
Total end-to-end search time: 84382429 ns
Total end-to-end search time: 93461827 ns
Total end-to-end search time: 100059922 ns
Total end-to-end search time: 95818444 ns
Query: 128, nThreads: 8, warmup: 8
====================================================================================================
(ns)
Load index... Graph level 5..
Total end-to-end search time: 92988199 ns
Total end-to-end search time: 98034765 ns
Total end-to-end search time: 103939747 ns
Total end-to-end search time: 97201366 ns
Total end-to-end search time: 87984934 ns
Total end-to-end search time: 84674509 ns
Total end-to-end search time: 93458808 ns
Total end-to-end search time: 98858617 ns
Total end-to-end search time: 95150237 ns
Query: 128, nThreads: 8, warmup: 8
====================================================================================================
(ns)
Load index... Graph level 5..
Total end-to-end search time: 93261291 ns
Total end-to-end search time: 98440424 ns
Total end-to-end search time: 103928402 ns
Total end-to-end search time: 96912226 ns
Total end-to-end search time: 87838186 ns
Total end-to-end search time: 84617064 ns
Total end-to-end search time: 93107285 ns
Total end-to-end search time: 98548090 ns
Total end-to-end search time: 95094381 ns
Query: 128, nThreads: 8, warmup: 8
====================================================================================================
(ns)
Load index... Graph level 5..
Total end-to-end search time: 93241943 ns
Total end-to-end search time: 98003553 ns
Total end-to-end search time: 103848517 ns
Total end-to-end search time: 97139595 ns
Total end-to-end search time: 87989758 ns
Total end-to-end search time: 84655523 ns
Total end-to-end search time: 93296811 ns
Total end-to-end search time: 98637833 ns
Total end-to-end search time: 95060922 ns
Query: 128, nThreads: 8, warmup: 8
====================================================================================================
(ns)
Load index... Graph level 5..
Total end-to-end search time: 93339183 ns
Total end-to-end search time: 98086785 ns
Total end-to-end search time: 104383115 ns
Total end-to-end search time: 97122043 ns
Total end-to-end search time: 87830342 ns
Total end-to-end search time: 84175379 ns
Total end-to-end search time: 93189448 ns
Total end-to-end search time: 98786287 ns
Total end-to-end search time: 95229551 ns
Query: 128, nThreads: 8, warmup: 8
====================================================================================================
(ns)
Load index... Graph level 5..
Total end-to-end search time: 93748050 ns
Total end-to-end search time: 98635869 ns
Total end-to-end search time: 104178686 ns
Total end-to-end search time: 96946905 ns
Total end-to-end search time: 87922220 ns
Total end-to-end search time: 85934525 ns
Total end-to-end search time: 93216648 ns
Total end-to-end search time: 98746635 ns
Total end-to-end search time: 95251332 ns
Query: 128, nThreads: 8, warmup: 8
====================================================================================================
(ns)
Load index... Graph level 5..
Total end-to-end search time: 94369566 ns
Total end-to-end search time: 98918017 ns
Total end-to-end search time: 103862126 ns
Total end-to-end search time: 96702098 ns
Total end-to-end search time: 87817687 ns
Total end-to-end search time: 84198238 ns
Total end-to-end search time: 93220238 ns
Total end-to-end search time: 98776062 ns
Total end-to-end search time: 95263178 ns
Query: 128, nThreads: 8, warmup: 8
====================================================================================================
(ns)
Load index... Graph level 5..
Total end-to-end search time: 93230225 ns
Total end-to-end search time: 98413903 ns
Total end-to-end search time: 105487039 ns
Total end-to-end search time: 97025301 ns
Total end-to-end search time: 87874034 ns
Total end-to-end search time: 83927633 ns
Total end-to-end search time: 93026187 ns
Total end-to-end search time: 98720624 ns
Total end-to-end search time: 95285569 ns
Query: 128, nThreads: 8, warmup: 8
====================================================================================================
(ns)
Load index... Graph level 5..
Total end-to-end search time: 92958252 ns
Total end-to-end search time: 98224756 ns
Total end-to-end search time: 104133080 ns
Total end-to-end search time: 97331599 ns
Total end-to-end search time: 89192312 ns
Total end-to-end search time: 84640937 ns
Total end-to-end search time: 93453945 ns
Total end-to-end search time: 98683362 ns
Total end-to-end search time: 95198010 ns
Query: 128, nThreads: 8, warmup: 8
====================================================================================================
(ns)
Load index... Graph level 5..
Total end-to-end search time: 93228725 ns
Total end-to-end search time: 98376653 ns
Total end-to-end search time: 104033555 ns
Total end-to-end search time: 96785999 ns
Total end-to-end search time: 88224733 ns
Total end-to-end search time: 84367728 ns
Total end-to-end search time: 93990894 ns
Total end-to-end search time: 99462206 ns
Total end-to-end search time: 95383553 ns
Query: 128, nThreads: 8, warmup: 8
====================================================================================================
(ns)
Load index... Graph level 5..
Total end-to-end search time: 92739524 ns
Total end-to-end search time: 98487618 ns
Total end-to-end search time: 104205270 ns
Total end-to-end search time: 97265248 ns
Total end-to-end search time: 87832347 ns
Total end-to-end search time: 84524138 ns
Total end-to-end search time: 92942251 ns
Total end-to-end search time: 98821492 ns
Total end-to-end search time: 95258610 ns
Query: 128, nThreads: 8, warmup: 8
====================================================================================================
(ns)
Load index... Graph level 5..
Total end-to-end search time: 93279933 ns
Total end-to-end search time: 97991571 ns
Total end-to-end search time: 103846942 ns
Total end-to-end search time: 96843145 ns
Total end-to-end search time: 87710732 ns
Total end-to-end search time: 84377458 ns
Total end-to-end search time: 93093075 ns
Total end-to-end search time: 98926278 ns
Total end-to-end search time: 95439494 ns
Query: 128, nThreads: 8, warmup: 8
====================================================================================================
(ns)
Load index... Graph level 5..
Total end-to-end search time: 93083035 ns
Total end-to-end search time: 98262887 ns
Total end-to-end search time: 103824067 ns
Total end-to-end search time: 96815765 ns
Total end-to-end search time: 87659888 ns
Total end-to-end search time: 84379760 ns
Total end-to-end search time: 93375931 ns
Total end-to-end search time: 98512754 ns
Total end-to-end search time: 94996968 ns
Query: 128, nThreads: 8, warmup: 8
====================================================================================================
(ns)
Load index... Graph level 5..
Total end-to-end search time: 93431645 ns
Total end-to-end search time: 98334903 ns
Total end-to-end search time: 103932660 ns
Total end-to-end search time: 96920077 ns
Total end-to-end search time: 88180984 ns
Total end-to-end search time: 84042569 ns
Total end-to-end search time: 93042715 ns
Total end-to-end search time: 98393408 ns
Total end-to-end search time: 94870228 ns
Query: 128, nThreads: 8, warmup: 8
====================================================================================================
(ns)
Load index... Graph level 5..
Total end-to-end search time: 92919524 ns
Total end-to-end search time: 98217573 ns
Total end-to-end search time: 104131773 ns
Total end-to-end search time: 97184783 ns
Total end-to-end search time: 88249929 ns
Total end-to-end search time: 84069210 ns
Total end-to-end search time: 93131499 ns
Total end-to-end search time: 98459906 ns
Total end-to-end search time: 94910639 ns
Query: 128, nThreads: 8, warmup: 8
====================================================================================================
(ns)
Load index... Graph level 5..
Total end-to-end search time: 93343396 ns
Total end-to-end search time: 98257039 ns
Total end-to-end search time: 104424832 ns
Total end-to-end search time: 97283471 ns
Total end-to-end search time: 87956883 ns
Total end-to-end search time: 84487589 ns
Total end-to-end search time: 93455510 ns
Total end-to-end search time: 98751949 ns
Total end-to-end search time: 95126548 ns
Query: 128, nThreads: 8, warmup: 8
====================================================================================================
(ns)
Load index... Graph level 5..
Total end-to-end search time: 93393468 ns
Total end-to-end search time: 99261927 ns
Total end-to-end search time: 103937982 ns
Total end-to-end search time: 97069780 ns
Total end-to-end search time: 88490859 ns
Total end-to-end search time: 84247006 ns
Total end-to-end search time: 93185120 ns
Total end-to-end search time: 98490040 ns
Total end-to-end search time: 95104416 ns
Query: 128, nThreads: 8, warmup: 8
====================================================================================================
(ns)
Load index... Graph level 5..
Total end-to-end search time: 92890336 ns
Total end-to-end search time: 97908227 ns
Total end-to-end search time: 103730911 ns
Total end-to-end search time: 98430211 ns
Total end-to-end search time: 88186328 ns
Total end-to-end search time: 84296637 ns
Total end-to-end search time: 93490621 ns
Total end-to-end search time: 98654184 ns
Total end-to-end search time: 95124459 ns
Query: 128, nThreads: 8, warmup: 8
====================================================================================================
(ns)
Load index... Graph level 5..
Total end-to-end search time: 92635487 ns
Total end-to-end search time: 98448342 ns
Total end-to-end search time: 104303018 ns
Total end-to-end search time: 96954178 ns
Total end-to-end search time: 88116198 ns
Total end-to-end search time: 85208482 ns
Total end-to-end search time: 94140696 ns
Total end-to-end search time: 98844109 ns
Total end-to-end search time: 94911907 ns
Query: 128, nThreads: 8, warmup: 8
====================================================================================================
(ns)
Load index... Graph level 5..
Total end-to-end search time: 93123555 ns
Total end-to-end search time: 98128064 ns
Total end-to-end search time: 103970570 ns
Total end-to-end search time: 96713649 ns
Total end-to-end search time: 87898677 ns
Total end-to-end search time: 84400364 ns
Total end-to-end search time: 93488876 ns
Total end-to-end search time: 98939041 ns
Total end-to-end search time: 96646368 ns
Query: 128, nThreads: 8, warmup: 8
====================================================================================================
(ns)
Load index... Graph level 5..
Total end-to-end search time: 93158858 ns
Total end-to-end search time: 98486192 ns
Total end-to-end search time: 103913393 ns
Total end-to-end search time: 96883745 ns
Total end-to-end search time: 87938183 ns
Total end-to-end search time: 84206796 ns
Total end-to-end search time: 93018751 ns
Total end-to-end search time: 98741979 ns
Total end-to-end search time: 95422691 ns
Query: 128, nThreads: 8, warmup: 8
====================================================================================================
(ns)
Load index... Graph level 5..
Total end-to-end search time: 92489392 ns
Total end-to-end search time: 98525817 ns
Total end-to-end search time: 104123861 ns
Total end-to-end search time: 96778684 ns
Total end-to-end search time: 87992048 ns
Total end-to-end search time: 84597447 ns
Total end-to-end search time: 93234238 ns
Total end-to-end search time: 98491980 ns
Total end-to-end search time: 95162998 ns
Query: 128, nThreads: 8, warmup: 8
====================================================================================================
(ns)
Load index... Graph level 5..
Total end-to-end search time: 93573315 ns
Total end-to-end search time: 98233423 ns
Total end-to-end search time: 103961662 ns
Total end-to-end search time: 97015615 ns
Total end-to-end search time: 87809493 ns
Total end-to-end search time: 84183298 ns
Total end-to-end search time: 92790882 ns
Total end-to-end search time: 98479135 ns
Total end-to-end search time: 95037774 ns
Query: 128, nThreads: 8, warmup: 8
====================================================================================================
(ns)
Load index... Graph level 5..
Total end-to-end search time: 93308466 ns
Total end-to-end search time: 98298016 ns
Total end-to-end search time: 104135860 ns
Total end-to-end search time: 96640408 ns
Total end-to-end search time: 87965137 ns
Total end-to-end search time: 84375565 ns
Total end-to-end search time: 93040516 ns
Total end-to-end search time: 98340075 ns
Total end-to-end search time: 95052790 ns
Query: 128, nThreads: 8, warmup: 8
====================================================================================================
(ns)
Load index... Graph level 5..
Total end-to-end search time: 93367005 ns
Total end-to-end search time: 98167385 ns
Total end-to-end search time: 103778635 ns
Total end-to-end search time: 96820381 ns
Total end-to-end search time: 87761756 ns
Total end-to-end search time: 84157163 ns
Total end-to-end search time: 93338943 ns
Total end-to-end search time: 98699431 ns
Total end-to-end search time: 95398460 ns
Query: 128, nThreads: 8, warmup: 8
====================================================================================================
(ns)
Load index... Graph level 5..
Total end-to-end search time: 94205928 ns
Total end-to-end search time: 98335396 ns
Total end-to-end search time: 103850759 ns
Total end-to-end search time: 96834472 ns
Total end-to-end search time: 87820554 ns
Total end-to-end search time: 84325156 ns
Total end-to-end search time: 92992618 ns
Total end-to-end search time: 98972710 ns
Total end-to-end search time: 95223032 ns
Query: 128, nThreads: 8, warmup: 8
====================================================================================================
(ns)
Load index... Graph level 5..
Total end-to-end search time: 93014284 ns
Total end-to-end search time: 98100126 ns
Total end-to-end search time: 105513105 ns
Total end-to-end search time: 97424476 ns
Total end-to-end search time: 87680288 ns
Total end-to-end search time: 84154306 ns
Total end-to-end search time: 93359511 ns
Total end-to-end search time: 98688762 ns
Total end-to-end search time: 95565900 ns
