Query: 128, nThreads: 16, warmup: 8
====================================================================================================
(ns)
Load index... Graph level 5..
Total end-to-end search time: 97968426 ns
Total end-to-end search time: 100557208 ns
Total end-to-end search time: 105994830 ns
Total end-to-end search time: 98381462 ns
Total end-to-end search time: 90177784 ns
Total end-to-end search time: 86054596 ns
Total end-to-end search time: 94313077 ns
Total end-to-end search time: 100063777 ns
Total end-to-end search time: 96883508 ns
Query: 128, nThreads: 16, warmup: 8
====================================================================================================
(ns)
Load index... Graph level 5..
Total end-to-end search time: 98586573 ns
Total end-to-end search time: 99645766 ns
Total end-to-end search time: 105218573 ns
Total end-to-end search time: 98396418 ns
Total end-to-end search time: 89364083 ns
Total end-to-end search time: 85376783 ns
Total end-to-end search time: 94685047 ns
Total end-to-end search time: 100959124 ns
Total end-to-end search time: 97068008 ns
Query: 128, nThreads: 16, warmup: 8
====================================================================================================
(ns)
Load index... Graph level 5..
Total end-to-end search time: 97784899 ns
Total end-to-end search time: 99646392 ns
Total end-to-end search time: 105625501 ns
Total end-to-end search time: 98393744 ns
Total end-to-end search time: 89543142 ns
Total end-to-end search time: 85840595 ns
Total end-to-end search time: 94436932 ns
Total end-to-end search time: 99804525 ns
Total end-to-end search time: 96953791 ns
Query: 128, nThreads: 16, warmup: 8
====================================================================================================
(ns)
Load index... Graph level 5..
Total end-to-end search time: 98981823 ns
Total end-to-end search time: 99707981 ns
Total end-to-end search time: 105343250 ns
Total end-to-end search time: 98375831 ns
Total end-to-end search time: 88946624 ns
Total end-to-end search time: 85495855 ns
Total end-to-end search time: 94646303 ns
Total end-to-end search time: 99837276 ns
Total end-to-end search time: 96242117 ns
Query: 128, nThreads: 16, warmup: 8
====================================================================================================
(ns)
Load index... Graph level 5..
Total end-to-end search time: 98455723 ns
Total end-to-end search time: 99634743 ns
Total end-to-end search time: 105430955 ns
Total end-to-end search time: 98385796 ns
Total end-to-end search time: 89454982 ns
Total end-to-end search time: 85549882 ns
Total end-to-end search time: 94546784 ns
Total end-to-end search time: 99856874 ns
Total end-to-end search time: 96654171 ns
Query: 128, nThreads: 16, warmup: 8
====================================================================================================
(ns)
Load index... Graph level 5..
Total end-to-end search time: 99252504 ns
Total end-to-end search time: 99287383 ns
Total end-to-end search time: 105289107 ns
Total end-to-end search time: 98670679 ns
Total end-to-end search time: 89027268 ns
Total end-to-end search time: 85371696 ns
Total end-to-end search time: 94516844 ns
Total end-to-end search time: 100145966 ns
Total end-to-end search time: 96669292 ns
Query: 128, nThreads: 16, warmup: 8
====================================================================================================
(ns)
Load index... Graph level 5..
Total end-to-end search time: 98466135 ns
Total end-to-end search time: 99558574 ns
Total end-to-end search time: 105425626 ns
Total end-to-end search time: 98161487 ns
Total end-to-end search time: 88962051 ns
Total end-to-end search time: 85509480 ns
Total end-to-end search time: 94451710 ns
Total end-to-end search time: 99917036 ns
Total end-to-end search time: 96703759 ns
Query: 128, nThreads: 16, warmup: 8
====================================================================================================
(ns)
Load index... Graph level 5..
Total end-to-end search time: 98976200 ns
Total end-to-end search time: 99457011 ns
Total end-to-end search time: 105521249 ns
Total end-to-end search time: 98220798 ns
Total end-to-end search time: 89256290 ns
Total end-to-end search time: 85595750 ns
Total end-to-end search time: 94622203 ns
Total end-to-end search time: 100079703 ns
Total end-to-end search time: 96895467 ns
Query: 128, nThreads: 16, warmup: 8
====================================================================================================
(ns)
Load index... Graph level 5..
Total end-to-end search time: 99338644 ns
Total end-to-end search time: 99701323 ns
Total end-to-end search time: 105793936 ns
Total end-to-end search time: 98569048 ns
Total end-to-end search time: 89061931 ns
Total end-to-end search time: 85591595 ns
Total end-to-end search time: 94494455 ns
Total end-to-end search time: 99620715 ns
Total end-to-end search time: 96197547 ns
Query: 128, nThreads: 16, warmup: 8
====================================================================================================
(ns)
Load index... Graph level 5..
Total end-to-end search time: 98040515 ns
Total end-to-end search time: 100532399 ns
Total end-to-end search time: 107130568 ns
Total end-to-end search time: 98450999 ns
Total end-to-end search time: 89544053 ns
Total end-to-end search time: 85622981 ns
Total end-to-end search time: 94011257 ns
Total end-to-end search time: 99726766 ns
Total end-to-end search time: 96295858 ns
Query: 128, nThreads: 16, warmup: 8
====================================================================================================
(ns)
Load index... Graph level 5..
Total end-to-end search time: 98285304 ns
Total end-to-end search time: 99693318 ns
Total end-to-end search time: 105709006 ns
Total end-to-end search time: 98496243 ns
Total end-to-end search time: 90425094 ns
Total end-to-end search time: 85776530 ns
Total end-to-end search time: 94382457 ns
Total end-to-end search time: 100192065 ns
Total end-to-end search time: 96667609 ns
Query: 128, nThreads: 16, warmup: 8
====================================================================================================
(ns)
Load index... Graph level 5..
Total end-to-end search time: 98334977 ns
Total end-to-end search time: 99597100 ns
Total end-to-end search time: 105673778 ns
Total end-to-end search time: 98187242 ns
Total end-to-end search time: 89439411 ns
Total end-to-end search time: 85244540 ns
Total end-to-end search time: 95167369 ns
Total end-to-end search time: 100373883 ns
Total end-to-end search time: 96341114 ns
Query: 128, nThreads: 16, warmup: 8
====================================================================================================
(ns)
Load index... Graph level 5..
Total end-to-end search time: 98267627 ns
Total end-to-end search time: 99558127 ns
Total end-to-end search time: 105299658 ns
Total end-to-end search time: 98667654 ns
Total end-to-end search time: 89478211 ns
Total end-to-end search time: 85232609 ns
Total end-to-end search time: 94127910 ns
Total end-to-end search time: 100021538 ns
Total end-to-end search time: 97446709 ns
Query: 128, nThreads: 16, warmup: 8
====================================================================================================
(ns)
Load index... Graph level 5..
Total end-to-end search time: 97729739 ns
Total end-to-end search time: 99836989 ns
Total end-to-end search time: 105610183 ns
Total end-to-end search time: 98408194 ns
Total end-to-end search time: 89342475 ns
Total end-to-end search time: 85635857 ns
Total end-to-end search time: 94514900 ns
Total end-to-end search time: 100201039 ns
Total end-to-end search time: 96359232 ns
Query: 128, nThreads: 16, warmup: 8
====================================================================================================
(ns)
Load index... Graph level 5..
Total end-to-end search time: 98342217 ns
Total end-to-end search time: 99714577 ns
Total end-to-end search time: 105783578 ns
Total end-to-end search time: 98246629 ns
Total end-to-end search time: 89121862 ns
Total end-to-end search time: 85363005 ns
Total end-to-end search time: 94477130 ns
Total end-to-end search time: 100165422 ns
Total end-to-end search time: 96742453 ns
Query: 128, nThreads: 16, warmup: 8
====================================================================================================
(ns)
Load index... Graph level 5..
Total end-to-end search time: 98550287 ns
Total end-to-end search time: 99550326 ns
Total end-to-end search time: 105816319 ns
Total end-to-end search time: 98305765 ns
Total end-to-end search time: 89233991 ns
Total end-to-end search time: 85495986 ns
Total end-to-end search time: 94378384 ns
Total end-to-end search time: 99990502 ns
Total end-to-end search time: 96748909 ns
Query: 128, nThreads: 16, warmup: 8
====================================================================================================
(ns)
Load index... Graph level 5..
Total end-to-end search time: 98704586 ns
Total end-to-end search time: 99493348 ns
Total end-to-end search time: 105375163 ns
Total end-to-end search time: 98558221 ns
Total end-to-end search time: 89003489 ns
Total end-to-end search time: 85601053 ns
Total end-to-end search time: 94414466 ns
Total end-to-end search time: 99853411 ns
Total end-to-end search time: 96578937 ns
Query: 128, nThreads: 16, warmup: 8
====================================================================================================
(ns)
Load index... Graph level 5..
Total end-to-end search time: 98741619 ns
Total end-to-end search time: 100112278 ns
Total end-to-end search time: 105855333 ns
Total end-to-end search time: 98322962 ns
Total end-to-end search time: 89116621 ns
Total end-to-end search time: 85711637 ns
Total end-to-end search time: 94291074 ns
Total end-to-end search time: 100110994 ns
Total end-to-end search time: 96112486 ns
Query: 128, nThreads: 16, warmup: 8
====================================================================================================
(ns)
Load index... Graph level 5..
Total end-to-end search time: 99051571 ns
Total end-to-end search time: 99681476 ns
Total end-to-end search time: 105381386 ns
Total end-to-end search time: 98235503 ns
Total end-to-end search time: 89012832 ns
Total end-to-end search time: 85626821 ns
Total end-to-end search time: 94451769 ns
Total end-to-end search time: 99793548 ns
Total end-to-end search time: 96652147 ns
Query: 128, nThreads: 16, warmup: 8
====================================================================================================
(ns)
Load index... Graph level 5..
Total end-to-end search time: 98211419 ns
Total end-to-end search time: 99837345 ns
Total end-to-end search time: 106447229 ns
Total end-to-end search time: 98657757 ns
Total end-to-end search time: 89415942 ns
Total end-to-end search time: 85374755 ns
Total end-to-end search time: 94528799 ns
Total end-to-end search time: 99941289 ns
Total end-to-end search time: 96471359 ns
Query: 128, nThreads: 16, warmup: 8
====================================================================================================
(ns)
Load index... Graph level 5..
Total end-to-end search time: 98612090 ns
Total end-to-end search time: 99967997 ns
Total end-to-end search time: 105699710 ns
Total end-to-end search time: 98736061 ns
Total end-to-end search time: 90091725 ns
Total end-to-end search time: 85777074 ns
Total end-to-end search time: 94424649 ns
Total end-to-end search time: 99896198 ns
Total end-to-end search time: 96537281 ns
Query: 128, nThreads: 16, warmup: 8
====================================================================================================
(ns)
Load index... Graph level 5..
Total end-to-end search time: 98643582 ns
Total end-to-end search time: 99660613 ns
Total end-to-end search time: 105381854 ns
Total end-to-end search time: 98280992 ns
Total end-to-end search time: 89315074 ns
Total end-to-end search time: 85832128 ns
Total end-to-end search time: 96279322 ns
Total end-to-end search time: 101813110 ns
Total end-to-end search time: 96971880 ns
Query: 128, nThreads: 16, warmup: 8
====================================================================================================
(ns)
Load index... Graph level 5..
Total end-to-end search time: 97943687 ns
Total end-to-end search time: 99857458 ns
Total end-to-end search time: 105417603 ns
Total end-to-end search time: 98447815 ns
Total end-to-end search time: 89240754 ns
Total end-to-end search time: 85561298 ns
Total end-to-end search time: 94652601 ns
Total end-to-end search time: 100074814 ns
Total end-to-end search time: 97950965 ns
Query: 128, nThreads: 16, warmup: 8
====================================================================================================
(ns)
Load index... Graph level 5..
Total end-to-end search time: 97932055 ns
Total end-to-end search time: 99670965 ns
Total end-to-end search time: 105615185 ns
Total end-to-end search time: 98566446 ns
Total end-to-end search time: 89155920 ns
Total end-to-end search time: 85679880 ns
Total end-to-end search time: 94246360 ns
Total end-to-end search time: 99768933 ns
Total end-to-end search time: 96899116 ns
Query: 128, nThreads: 16, warmup: 8
====================================================================================================
(ns)
Load index... Graph level 5..
Total end-to-end search time: 98046240 ns
Total end-to-end search time: 99489268 ns
Total end-to-end search time: 105593616 ns
Total end-to-end search time: 98332414 ns
Total end-to-end search time: 88981733 ns
Total end-to-end search time: 85345303 ns
Total end-to-end search time: 94663127 ns
Total end-to-end search time: 99992453 ns
Total end-to-end search time: 96776304 ns
Query: 128, nThreads: 16, warmup: 8
====================================================================================================
(ns)
Load index... Graph level 5..
Total end-to-end search time: 98184053 ns
Total end-to-end search time: 99585388 ns
Total end-to-end search time: 105600569 ns
Total end-to-end search time: 98172109 ns
Total end-to-end search time: 89420922 ns
Total end-to-end search time: 85682222 ns
Total end-to-end search time: 94113775 ns
Total end-to-end search time: 100367924 ns
Total end-to-end search time: 96435156 ns
Query: 128, nThreads: 16, warmup: 8
====================================================================================================
(ns)
Load index... Graph level 5..
Total end-to-end search time: 98939948 ns
Total end-to-end search time: 99947091 ns
Total end-to-end search time: 105843026 ns
Total end-to-end search time: 98379605 ns
Total end-to-end search time: 89040860 ns
Total end-to-end search time: 85612366 ns
Total end-to-end search time: 94285211 ns
Total end-to-end search time: 99923539 ns
Total end-to-end search time: 96283090 ns
Query: 128, nThreads: 16, warmup: 8
====================================================================================================
(ns)
Load index... Graph level 5..
Total end-to-end search time: 98293584 ns
Total end-to-end search time: 100474103 ns
Total end-to-end search time: 105505251 ns
Total end-to-end search time: 98598953 ns
Total end-to-end search time: 89172498 ns
Total end-to-end search time: 85416977 ns
Total end-to-end search time: 94750703 ns
Total end-to-end search time: 100200981 ns
Total end-to-end search time: 97050838 ns
Query: 128, nThreads: 16, warmup: 8
====================================================================================================
(ns)
Load index... Graph level 5..
Total end-to-end search time: 99505667 ns
Total end-to-end search time: 99724636 ns
Total end-to-end search time: 105494575 ns
Total end-to-end search time: 98175929 ns
Total end-to-end search time: 89519152 ns
Total end-to-end search time: 85599143 ns
Total end-to-end search time: 94462830 ns
Total end-to-end search time: 100330156 ns
Total end-to-end search time: 96673904 ns
Query: 128, nThreads: 16, warmup: 8
====================================================================================================
(ns)
Load index... Graph level 5..
Total end-to-end search time: 97714841 ns
Total end-to-end search time: 100395178 ns
Total end-to-end search time: 106338672 ns
Total end-to-end search time: 98474267 ns
Total end-to-end search time: 89059006 ns
Total end-to-end search time: 85489388 ns
Total end-to-end search time: 94428040 ns
Total end-to-end search time: 99890607 ns
Total end-to-end search time: 96658170 ns
