Query: 4096, nThreads: 32, warmup: 1
====================================================================================================
(ns)
Load index... Graph level 5..
Total end-to-end search time: 3047068602 ns
Total end-to-end search time: 2879741898 ns
Query: 4096, nThreads: 32, warmup: 1
====================================================================================================
(ns)
Load index... Graph level 5..
Total end-to-end search time: 3051465885 ns
Total end-to-end search time: 2882695652 ns
Query: 4096, nThreads: 32, warmup: 1
====================================================================================================
(ns)
Load index... Graph level 5..
Total end-to-end search time: 3044132823 ns
Total end-to-end search time: 2879012460 ns
Query: 4096, nThreads: 32, warmup: 1
====================================================================================================
(ns)
Load index... Graph level 5..
Total end-to-end search time: 3046719523 ns
Total end-to-end search time: 2882786573 ns
Query: 4096, nThreads: 32, warmup: 1
====================================================================================================
(ns)
Load index... Graph level 5..
Total end-to-end search time: 3046333337 ns
Total end-to-end search time: 2878352990 ns
Query: 4096, nThreads: 32, warmup: 1
====================================================================================================
(ns)
Load index... Graph level 5..
Total end-to-end search time: 3050439920 ns
Total end-to-end search time: 2879790273 ns
Query: 4096, nThreads: 32, warmup: 1
====================================================================================================
(ns)
Load index... Graph level 5..
Total end-to-end search time: 3048160895 ns
Total end-to-end search time: 2882968274 ns
Query: 4096, nThreads: 32, warmup: 1
====================================================================================================
(ns)
Load index... Graph level 5..
Total end-to-end search time: 3048012341 ns
Total end-to-end search time: 2881600020 ns
Query: 4096, nThreads: 32, warmup: 1
====================================================================================================
(ns)
Load index... Graph level 5..
Total end-to-end search time: 3049938645 ns
Total end-to-end search time: 2882712454 ns
Query: 4096, nThreads: 32, warmup: 1
====================================================================================================
(ns)
Load index... Graph level 5..
Total end-to-end search time: 3048464712 ns
Total end-to-end search time: 2885995949 ns
Query: 4096, nThreads: 32, warmup: 1
====================================================================================================
(ns)
Load index... Graph level 5..
Total end-to-end search time: 3043681408 ns
Total end-to-end search time: 2879962285 ns
Query: 4096, nThreads: 32, warmup: 1
====================================================================================================
(ns)
Load index... Graph level 5..
Total end-to-end search time: 3045581798 ns
Total end-to-end search time: 2880935313 ns
Query: 4096, nThreads: 32, warmup: 1
====================================================================================================
(ns)
Load index... Graph level 5..
Total end-to-end search time: 3047443922 ns
Total end-to-end search time: 2886166147 ns
Query: 4096, nThreads: 32, warmup: 1
====================================================================================================
(ns)
Load index... Graph level 5..
Total end-to-end search time: 3048391214 ns
Total end-to-end search time: 2879565207 ns
Query: 4096, nThreads: 32, warmup: 1
====================================================================================================
(ns)
Load index... Graph level 5..
Total end-to-end search time: 3046145327 ns
Total end-to-end search time: 2883504951 ns
Query: 4096, nThreads: 32, warmup: 1
====================================================================================================
(ns)
Load index... Graph level 5..
Total end-to-end search time: 3047166954 ns
Total end-to-end search time: 2882906301 ns
Query: 4096, nThreads: 32, warmup: 1
====================================================================================================
(ns)
Load index... Graph level 5..
Total end-to-end search time: 3047913387 ns
Total end-to-end search time: 2881699493 ns
Query: 4096, nThreads: 32, warmup: 1
====================================================================================================
(ns)
Load index... Graph level 5..
Total end-to-end search time: 3048836548 ns
Total end-to-end search time: 2882435707 ns
Query: 4096, nThreads: 32, warmup: 1
====================================================================================================
(ns)
Load index... Graph level 5..
Total end-to-end search time: 3049124014 ns
Total end-to-end search time: 2880024066 ns
Query: 4096, nThreads: 32, warmup: 1
====================================================================================================
(ns)
Load index... Graph level 5..
Total end-to-end search time: 3049799561 ns
Total end-to-end search time: 2883696446 ns
Query: 4096, nThreads: 32, warmup: 1
====================================================================================================
(ns)
Load index... Graph level 5..
Total end-to-end search time: 3046297457 ns
Total end-to-end search time: 2880171996 ns
Query: 4096, nThreads: 32, warmup: 1
====================================================================================================
(ns)
Load index... Graph level 5..
Total end-to-end search time: 3049619109 ns
Total end-to-end search time: 2881818346 ns
Query: 4096, nThreads: 32, warmup: 1
====================================================================================================
(ns)
Load index... Graph level 5..
Total end-to-end search time: 3048749658 ns
Total end-to-end search time: 2884868087 ns
Query: 4096, nThreads: 32, warmup: 1
====================================================================================================
(ns)
Load index... Graph level 5..
Total end-to-end search time: 3048110976 ns
Total end-to-end search time: 2881100719 ns
Query: 4096, nThreads: 32, warmup: 1
====================================================================================================
(ns)
Load index... Graph level 5..
Total end-to-end search time: 3046177939 ns
Total end-to-end search time: 2882361755 ns
Query: 4096, nThreads: 32, warmup: 1
====================================================================================================
(ns)
Load index... Graph level 5..
Total end-to-end search time: 3049210209 ns
Total end-to-end search time: 2883144004 ns
Query: 4096, nThreads: 32, warmup: 1
====================================================================================================
(ns)
Load index... Graph level 5..
Total end-to-end search time: 3046722503 ns
Total end-to-end search time: 2880006690 ns
Query: 4096, nThreads: 32, warmup: 1
====================================================================================================
(ns)
Load index... Graph level 5..
Total end-to-end search time: 3047767889 ns
Total end-to-end search time: 2881257824 ns
Query: 4096, nThreads: 32, warmup: 1
====================================================================================================
(ns)
Load index... Graph level 5..
Total end-to-end search time: 3046649292 ns
Total end-to-end search time: 2878659365 ns
Query: 4096, nThreads: 32, warmup: 1
====================================================================================================
(ns)
Load index... Graph level 5..
Total end-to-end search time: 3045291605 ns
Total end-to-end search time: 2880271940 ns
