Query: 4096, nThreads: 4, warmup: 1
====================================================================================================
(ns)
Load index... Graph level 5..
Total end-to-end search time: 2968170453 ns
Total end-to-end search time: 2819709736 ns
Query: 4096, nThreads: 4, warmup: 1
====================================================================================================
(ns)
Load index... Graph level 5..
Total end-to-end search time: 2968602044 ns
Total end-to-end search time: 2819327570 ns
Query: 4096, nThreads: 4, warmup: 1
====================================================================================================
(ns)
Load index... Graph level 5..
Total end-to-end search time: 2970891106 ns
Total end-to-end search time: 2819987944 ns
Query: 4096, nThreads: 4, warmup: 1
====================================================================================================
(ns)
Load index... Graph level 5..
Total end-to-end search time: 2967055944 ns
Total end-to-end search time: 2817639913 ns
Query: 4096, nThreads: 4, warmup: 1
====================================================================================================
(ns)
Load index... Graph level 5..
Total end-to-end search time: 2965053843 ns
Total end-to-end search time: 2817445875 ns
Query: 4096, nThreads: 4, warmup: 1
====================================================================================================
(ns)
Load index... Graph level 5..
Total end-to-end search time: 2968619616 ns
Total end-to-end search time: 2821584680 ns
Query: 4096, nThreads: 4, warmup: 1
====================================================================================================
(ns)
Load index... Graph level 5..
Total end-to-end search time: 2964418862 ns
Total end-to-end search time: 2819417274 ns
Query: 4096, nThreads: 4, warmup: 1
====================================================================================================
(ns)
Load index... Graph level 5..
Total end-to-end search time: 2969763046 ns
Total end-to-end search time: 2819641052 ns
Query: 4096, nThreads: 4, warmup: 1
====================================================================================================
(ns)
Load index... Graph level 5..
Total end-to-end search time: 2969322790 ns
Total end-to-end search time: 2820577889 ns
Query: 4096, nThreads: 4, warmup: 1
====================================================================================================
(ns)
Load index... Graph level 5..
Total end-to-end search time: 2968432677 ns
Total end-to-end search time: 2823265643 ns
Query: 4096, nThreads: 4, warmup: 1
====================================================================================================
(ns)
Load index... Graph level 5..
Total end-to-end search time: 2966163090 ns
Total end-to-end search time: 2818915276 ns
Query: 4096, nThreads: 4, warmup: 1
====================================================================================================
(ns)
Load index... Graph level 5..
Total end-to-end search time: 2971263802 ns
Total end-to-end search time: 2819657739 ns
Query: 4096, nThreads: 4, warmup: 1
====================================================================================================
(ns)
Load index... Graph level 5..
Total end-to-end search time: 2968007918 ns
Total end-to-end search time: 2820262574 ns
Query: 4096, nThreads: 4, warmup: 1
====================================================================================================
(ns)
Load index... Graph level 5..
Total end-to-end search time: 2967506134 ns
Total end-to-end search time: 2817141246 ns
Query: 4096, nThreads: 4, warmup: 1
====================================================================================================
(ns)
Load index... Graph level 5..
Total end-to-end search time: 2968402544 ns
Total end-to-end search time: 2818455733 ns
Query: 4096, nThreads: 4, warmup: 1
====================================================================================================
(ns)
Load index... Graph level 5..
Total end-to-end search time: 2968382596 ns
Total end-to-end search time: 2821515893 ns
Query: 4096, nThreads: 4, warmup: 1
====================================================================================================
(ns)
Load index... Graph level 5..
Total end-to-end search time: 2966853792 ns
Total end-to-end search time: 2819386294 ns
Query: 4096, nThreads: 4, warmup: 1
====================================================================================================
(ns)
Load index... Graph level 5..
Total end-to-end search time: 2970349341 ns
Total end-to-end search time: 2820375369 ns
Query: 4096, nThreads: 4, warmup: 1
====================================================================================================
(ns)
Load index... Graph level 5..
Total end-to-end search time: 2970919388 ns
Total end-to-end search time: 2822830097 ns
Query: 4096, nThreads: 4, warmup: 1
====================================================================================================
(ns)
Load index... Graph level 5..
Total end-to-end search time: 2967897284 ns
Total end-to-end search time: 2818537520 ns
Query: 4096, nThreads: 4, warmup: 1
====================================================================================================
(ns)
Load index... Graph level 5..
Total end-to-end search time: 2966391465 ns
Total end-to-end search time: 2816357881 ns
Query: 4096, nThreads: 4, warmup: 1
====================================================================================================
(ns)
Load index... Graph level 5..
Total end-to-end search time: 2966832885 ns
Total end-to-end search time: 2819978160 ns
Query: 4096, nThreads: 4, warmup: 1
====================================================================================================
(ns)
Load index... Graph level 5..
Total end-to-end search time: 2969132114 ns
Total end-to-end search time: 2818844213 ns
Query: 4096, nThreads: 4, warmup: 1
====================================================================================================
(ns)
Load index... Graph level 5..
Total end-to-end search time: 2967109218 ns
Total end-to-end search time: 2815326839 ns
Query: 4096, nThreads: 4, warmup: 1
====================================================================================================
(ns)
Load index... Graph level 5..
Total end-to-end search time: 2972166034 ns
Total end-to-end search time: 2814783535 ns
Query: 4096, nThreads: 4, warmup: 1
====================================================================================================
(ns)
Load index... Graph level 5..
Total end-to-end search time: 2968087932 ns
Total end-to-end search time: 2819224050 ns
Query: 4096, nThreads: 4, warmup: 1
====================================================================================================
(ns)
Load index... Graph level 5..
Total end-to-end search time: 2965098991 ns
Total end-to-end search time: 2818915966 ns
Query: 4096, nThreads: 4, warmup: 1
====================================================================================================
(ns)
Load index... Graph level 5..
Total end-to-end search time: 2965908951 ns
Total end-to-end search time: 2814724754 ns
Query: 4096, nThreads: 4, warmup: 1
====================================================================================================
(ns)
Load index... Graph level 5..
Total end-to-end search time: 2966746682 ns
Total end-to-end search time: 2815495871 ns
Query: 4096, nThreads: 4, warmup: 1
====================================================================================================
(ns)
Load index... Graph level 5..
Total end-to-end search time: 2968193886 ns
Total end-to-end search time: 2817474700 ns
