Query: 4096, nThreads: 16, warmup: 1
====================================================================================================
(ns)
Load index... Graph level 5..
Total end-to-end search time: 3031422048 ns
Total end-to-end search time: 2868873447 ns
Query: 4096, nThreads: 16, warmup: 1
====================================================================================================
(ns)
Load index... Graph level 5..
Total end-to-end search time: 3023696629 ns
Total end-to-end search time: 2867121253 ns
Query: 4096, nThreads: 16, warmup: 1
====================================================================================================
(ns)
Load index... Graph level 5..
Total end-to-end search time: 3030308330 ns
Total end-to-end search time: 2869748078 ns
Query: 4096, nThreads: 16, warmup: 1
====================================================================================================
(ns)
Load index... Graph level 5..
Total end-to-end search time: 3031606387 ns
Total end-to-end search time: 2868959953 ns
Query: 4096, nThreads: 16, warmup: 1
====================================================================================================
(ns)
Load index... Graph level 5..
Total end-to-end search time: 3028006200 ns
Total end-to-end search time: 2868213007 ns
Query: 4096, nThreads: 16, warmup: 1
====================================================================================================
(ns)
Load index... Graph level 5..
Total end-to-end search time: 3028822675 ns
Total end-to-end search time: 2869624349 ns
Query: 4096, nThreads: 16, warmup: 1
====================================================================================================
(ns)
Load index... Graph level 5..
Total end-to-end search time: 3027169228 ns
Total end-to-end search time: 2871848886 ns
Query: 4096, nThreads: 16, warmup: 1
====================================================================================================
(ns)
Load index... Graph level 5..
Total end-to-end search time: 3025640794 ns
Total end-to-end search time: 2867063186 ns
Query: 4096, nThreads: 16, warmup: 1
====================================================================================================
(ns)
Load index... Graph level 5..
Total end-to-end search time: 3028257650 ns
Total end-to-end search time: 2870422073 ns
Query: 4096, nThreads: 16, warmup: 1
====================================================================================================
(ns)
Load index... Graph level 5..
Total end-to-end search time: 3026195688 ns
Total end-to-end search time: 2868239416 ns
Query: 4096, nThreads: 16, warmup: 1
====================================================================================================
(ns)
Load index... Graph level 5..
Total end-to-end search time: 3025934404 ns
Total end-to-end search time: 2869284033 ns
Query: 4096, nThreads: 16, warmup: 1
====================================================================================================
(ns)
Load index... Graph level 5..
Total end-to-end search time: 3030031597 ns
Total end-to-end search time: 2870168542 ns
Query: 4096, nThreads: 16, warmup: 1
====================================================================================================
(ns)
Load index... Graph level 5..
Total end-to-end search time: 3029138553 ns
Total end-to-end search time: 2868768718 ns
Query: 4096, nThreads: 16, warmup: 1
====================================================================================================
(ns)
Load index... Graph level 5..
Total end-to-end search time: 3026587384 ns
Total end-to-end search time: 2870053604 ns
Query: 4096, nThreads: 16, warmup: 1
====================================================================================================
(ns)
Load index... Graph level 5..
Total end-to-end search time: 3028743422 ns
Total end-to-end search time: 2869241050 ns
Query: 4096, nThreads: 16, warmup: 1
====================================================================================================
(ns)
Load index... Graph level 5..
Total end-to-end search time: 3028242012 ns
Total end-to-end search time: 2868072732 ns
Query: 4096, nThreads: 16, warmup: 1
====================================================================================================
(ns)
Load index... Graph level 5..
Total end-to-end search time: 3028079049 ns
Total end-to-end search time: 2868866544 ns
Query: 4096, nThreads: 16, warmup: 1
====================================================================================================
(ns)
Load index... Graph level 5..
Total end-to-end search time: 3026187731 ns
Total end-to-end search time: 2867565406 ns
Query: 4096, nThreads: 16, warmup: 1
====================================================================================================
(ns)
Load index... Graph level 5..
Total end-to-end search time: 3032523453 ns
Total end-to-end search time: 2871368439 ns
Query: 4096, nThreads: 16, warmup: 1
====================================================================================================
(ns)
Load index... Graph level 5..
Total end-to-end search time: 3029025535 ns
Total end-to-end search time: 2870518916 ns
Query: 4096, nThreads: 16, warmup: 1
====================================================================================================
(ns)
Load index... Graph level 5..
Total end-to-end search time: 3028121368 ns
Total end-to-end search time: 2870883074 ns
Query: 4096, nThreads: 16, warmup: 1
====================================================================================================
(ns)
Load index... Graph level 5..
Total end-to-end search time: 3028101208 ns
Total end-to-end search time: 2866382988 ns
Query: 4096, nThreads: 16, warmup: 1
====================================================================================================
(ns)
Load index... Graph level 5..
Total end-to-end search time: 3030521072 ns
Total end-to-end search time: 2868969444 ns
Query: 4096, nThreads: 16, warmup: 1
====================================================================================================
(ns)
Load index... Graph level 5..
Total end-to-end search time: 3030565611 ns
Total end-to-end search time: 2868040058 ns
Query: 4096, nThreads: 16, warmup: 1
====================================================================================================
(ns)
Load index... Graph level 5..
Total end-to-end search time: 3027419256 ns
Total end-to-end search time: 2872669047 ns
Query: 4096, nThreads: 16, warmup: 1
====================================================================================================
(ns)
Load index... Graph level 5..
Total end-to-end search time: 3032604793 ns
Total end-to-end search time: 2867582802 ns
Query: 4096, nThreads: 16, warmup: 1
====================================================================================================
(ns)
Load index... Graph level 5..
Total end-to-end search time: 3029418457 ns
Total end-to-end search time: 2869405229 ns
Query: 4096, nThreads: 16, warmup: 1
====================================================================================================
(ns)
Load index... Graph level 5..
Total end-to-end search time: 3027805042 ns
Total end-to-end search time: 2868758339 ns
Query: 4096, nThreads: 16, warmup: 1
====================================================================================================
(ns)
Load index... Graph level 5..
Total end-to-end search time: 3029234048 ns
Total end-to-end search time: 2870194644 ns
Query: 4096, nThreads: 16, warmup: 1
====================================================================================================
(ns)
Load index... Graph level 5..
Total end-to-end search time: 3027712115 ns
Total end-to-end search time: 2865405652 ns
