Query: 512, nThreads: 2, warmup: 4
====================================================================================================
(ns)
Load index... Graph level 5..
Total end-to-end search time: 381401633 ns
Total end-to-end search time: 359418170 ns
Total end-to-end search time: 367545877 ns
Total end-to-end search time: 380676963 ns
Total end-to-end search time: 379979574 ns
Query: 512, nThreads: 2, warmup: 4
====================================================================================================
(ns)
Load index... Graph level 5..
Total end-to-end search time: 381572627 ns
Total end-to-end search time: 356410787 ns
Total end-to-end search time: 367739159 ns
Total end-to-end search time: 379410536 ns
Total end-to-end search time: 379693195 ns
Query: 512, nThreads: 2, warmup: 4
====================================================================================================
(ns)
Load index... Graph level 5..
Total end-to-end search time: 381455878 ns
Total end-to-end search time: 356713410 ns
Total end-to-end search time: 368573026 ns
Total end-to-end search time: 380972024 ns
Total end-to-end search time: 379891920 ns
Query: 512, nThreads: 2, warmup: 4
====================================================================================================
(ns)
Load index... Graph level 5..
Total end-to-end search time: 383885330 ns
Total end-to-end search time: 356837497 ns
Total end-to-end search time: 367821237 ns
Total end-to-end search time: 380630166 ns
Total end-to-end search time: 379423049 ns
Query: 512, nThreads: 2, warmup: 4
====================================================================================================
(ns)
Load index... Graph level 5..
Total end-to-end search time: 381532103 ns
Total end-to-end search time: 357037438 ns
Total end-to-end search time: 368235457 ns
Total end-to-end search time: 380106842 ns
Total end-to-end search time: 381407305 ns
Query: 512, nThreads: 2, warmup: 4
====================================================================================================
(ns)
Load index... Graph level 5..
Total end-to-end search time: 381302937 ns
Total end-to-end search time: 356873298 ns
Total end-to-end search time: 369003421 ns
Total end-to-end search time: 381269216 ns
Total end-to-end search time: 379389084 ns
Query: 512, nThreads: 2, warmup: 4
====================================================================================================
(ns)
Load index... Graph level 5..
Total end-to-end search time: 381738924 ns
Total end-to-end search time: 356907745 ns
Total end-to-end search time: 367676559 ns
Total end-to-end search time: 380604664 ns
Total end-to-end search time: 378522405 ns
Query: 512, nThreads: 2, warmup: 4
====================================================================================================
(ns)
Load index... Graph level 5..
Total end-to-end search time: 381205191 ns
Total end-to-end search time: 356720441 ns
Total end-to-end search time: 367484741 ns
Total end-to-end search time: 384147466 ns
Total end-to-end search time: 378445901 ns
Query: 512, nThreads: 2, warmup: 4
====================================================================================================
(ns)
Load index... Graph level 5..
Total end-to-end search time: 380729830 ns
Total end-to-end search time: 358754354 ns
Total end-to-end search time: 368159815 ns
Total end-to-end search time: 380006582 ns
Total end-to-end search time: 379367128 ns
Query: 512, nThreads: 2, warmup: 4
====================================================================================================
(ns)
Load index... Graph level 5..
Total end-to-end search time: 382239307 ns
Total end-to-end search time: 357470334 ns
Total end-to-end search time: 367628394 ns
Total end-to-end search time: 379948519 ns
Total end-to-end search time: 381259774 ns
Query: 512, nThreads: 2, warmup: 4
====================================================================================================
(ns)
Load index... Graph level 5..
Total end-to-end search time: 380734599 ns
Total end-to-end search time: 357466384 ns
Total end-to-end search time: 369462332 ns
Total end-to-end search time: 380170579 ns
Total end-to-end search time: 379637843 ns
Query: 512, nThreads: 2, warmup: 4
====================================================================================================
(ns)
Load index... Graph level 5..
Total end-to-end search time: 383247362 ns
Total end-to-end search time: 356814744 ns
Total end-to-end search time: 368404916 ns
Total end-to-end search time: 380315290 ns
Total end-to-end search time: 378907187 ns
Query: 512, nThreads: 2, warmup: 4
====================================================================================================
(ns)
Load index... Graph level 5..
Total end-to-end search time: 381485921 ns
Total end-to-end search time: 356680450 ns
Total end-to-end search time: 367559791 ns
Total end-to-end search time: 382488915 ns
Total end-to-end search time: 380760525 ns
Query: 512, nThreads: 2, warmup: 4
====================================================================================================
(ns)
Load index... Graph level 5..
Total end-to-end search time: 381530029 ns
Total end-to-end search time: 358528657 ns
Total end-to-end search time: 368145581 ns
Total end-to-end search time: 381211728 ns
Total end-to-end search time: 378501948 ns
Query: 512, nThreads: 2, warmup: 4
====================================================================================================
(ns)
Load index... Graph level 5..
Total end-to-end search time: 381665058 ns
Total end-to-end search time: 356924969 ns
Total end-to-end search time: 367241390 ns
Total end-to-end search time: 381189842 ns
Total end-to-end search time: 380177406 ns
Query: 512, nThreads: 2, warmup: 4
====================================================================================================
(ns)
Load index... Graph level 5..
Total end-to-end search time: 381583753 ns
Total end-to-end search time: 356416126 ns
Total end-to-end search time: 368183425 ns
Total end-to-end search time: 381663125 ns
Total end-to-end search time: 379804669 ns
Query: 512, nThreads: 2, warmup: 4
====================================================================================================
(ns)
Load index... Graph level 5..
Total end-to-end search time: 383300715 ns
Total end-to-end search time: 357961572 ns
Total end-to-end search time: 367570093 ns
Total end-to-end search time: 380226187 ns
Total end-to-end search time: 378890367 ns
Query: 512, nThreads: 2, warmup: 4
====================================================================================================
(ns)
Load index... Graph level 5..
Total end-to-end search time: 382209729 ns
Total end-to-end search time: 356850158 ns
Total end-to-end search time: 367522944 ns
Total end-to-end search time: 379925493 ns
Total end-to-end search time: 381635012 ns
Query: 512, nThreads: 2, warmup: 4
====================================================================================================
(ns)
Load index... Graph level 5..
Total end-to-end search time: 380906422 ns
Total end-to-end search time: 357398598 ns
Total end-to-end search time: 369177246 ns
Total end-to-end search time: 380426296 ns
Total end-to-end search time: 379375870 ns
Query: 512, nThreads: 2, warmup: 4
====================================================================================================
(ns)
Load index... Graph level 5..
Total end-to-end search time: 382535138 ns
Total end-to-end search time: 356864522 ns
Total end-to-end search time: 367889279 ns
Total end-to-end search time: 379944533 ns
Total end-to-end search time: 379857869 ns
Query: 512, nThreads: 2, warmup: 4
====================================================================================================
(ns)
Load index... Graph level 5..
Total end-to-end search time: 381912001 ns
Total end-to-end search time: 356809939 ns
Total end-to-end search time: 367221496 ns
Total end-to-end search time: 381253900 ns
Total end-to-end search time: 378933413 ns
Query: 512, nThreads: 2, warmup: 4
====================================================================================================
(ns)
Load index... Graph level 5..
Total end-to-end search time: 381751440 ns
Total end-to-end search time: 358216291 ns
Total end-to-end search time: 368007283 ns
Total end-to-end search time: 379715131 ns
Total end-to-end search time: 379373296 ns
Query: 512, nThreads: 2, warmup: 4
====================================================================================================
(ns)
Load index... Graph level 5..
Total end-to-end search time: 382321532 ns
Total end-to-end search time: 356831190 ns
Total end-to-end search time: 367979454 ns
Total end-to-end search time: 380756246 ns
Total end-to-end search time: 381102728 ns
Query: 512, nThreads: 2, warmup: 4
====================================================================================================
(ns)
Load index... Graph level 5..
Total end-to-end search time: 382030011 ns
Total end-to-end search time: 356943623 ns
Total end-to-end search time: 370174263 ns
Total end-to-end search time: 380061323 ns
Total end-to-end search time: 379255763 ns
Query: 512, nThreads: 2, warmup: 4
====================================================================================================
(ns)
Load index... Graph level 5..
Total end-to-end search time: 386719338 ns
Total end-to-end search time: 358347827 ns
Total end-to-end search time: 369077870 ns
Total end-to-end search time: 382140236 ns
Total end-to-end search time: 380782524 ns
Query: 512, nThreads: 2, warmup: 4
====================================================================================================
(ns)
Load index... Graph level 5..
Total end-to-end search time: 383384389 ns
Total end-to-end search time: 358475350 ns
Total end-to-end search time: 369370875 ns
Total end-to-end search time: 384366486 ns
Total end-to-end search time: 381439100 ns
Query: 512, nThreads: 2, warmup: 4
====================================================================================================
(ns)
Load index... Graph level 5..
Total end-to-end search time: 381534550 ns
Total end-to-end search time: 358420178 ns
Total end-to-end search time: 368187204 ns
Total end-to-end search time: 380489598 ns
Total end-to-end search time: 379050522 ns
Query: 512, nThreads: 2, warmup: 4
====================================================================================================
(ns)
Load index... Graph level 5..
Total end-to-end search time: 382059754 ns
Total end-to-end search time: 356415865 ns
Total end-to-end search time: 367307746 ns
Total end-to-end search time: 380874576 ns
Total end-to-end search time: 380419768 ns
Query: 512, nThreads: 2, warmup: 4
====================================================================================================
(ns)
Load index... Graph level 5..
Total end-to-end search time: 381330544 ns
Total end-to-end search time: 356649849 ns
Total end-to-end search time: 368914759 ns
Total end-to-end search time: 379925749 ns
Total end-to-end search time: 379532494 ns
Query: 512, nThreads: 2, warmup: 4
====================================================================================================
(ns)
Load index... Graph level 5..
Total end-to-end search time: 384603042 ns
Total end-to-end search time: 358769213 ns
Total end-to-end search time: 369438794 ns
Total end-to-end search time: 381507951 ns
Total end-to-end search time: 380762752 ns
