Query: 64, nThreads: 1, warmup: 16
====================================================================================================
(ns)
Load index... Graph level 5..
Total end-to-end search time: 47084359 ns
Total end-to-end search time: 39985833 ns
Total end-to-end search time: 46722449 ns
Total end-to-end search time: 48760269 ns
Total end-to-end search time: 50725747 ns
Total end-to-end search time: 50485242 ns
Total end-to-end search time: 50746618 ns
Total end-to-end search time: 43717413 ns
Total end-to-end search time: 45744118 ns
Total end-to-end search time: 39932786 ns
Total end-to-end search time: 37225804 ns
Total end-to-end search time: 44847540 ns
Total end-to-end search time: 42559962 ns
Total end-to-end search time: 49679893 ns
Total end-to-end search time: 50003107 ns
Total end-to-end search time: 46911113 ns
Total end-to-end search time: 46468517 ns
Query: 64, nThreads: 1, warmup: 16
====================================================================================================
(ns)
Load index... Graph level 5..
Total end-to-end search time: 47093679 ns
Total end-to-end search time: 39847785 ns
Total end-to-end search time: 46678617 ns
Total end-to-end search time: 48928585 ns
Total end-to-end search time: 50759796 ns
Total end-to-end search time: 50194226 ns
Total end-to-end search time: 50374356 ns
Total end-to-end search time: 43435841 ns
Total end-to-end search time: 45541455 ns
Total end-to-end search time: 39940054 ns
Total end-to-end search time: 37349320 ns
Total end-to-end search time: 44662732 ns
Total end-to-end search time: 41808950 ns
Total end-to-end search time: 48629071 ns
Total end-to-end search time: 49347393 ns
Total end-to-end search time: 46453886 ns
Total end-to-end search time: 46076938 ns
Query: 64, nThreads: 1, warmup: 16
====================================================================================================
(ns)
Load index... Graph level 5..
Total end-to-end search time: 47168758 ns
Total end-to-end search time: 39840391 ns
Total end-to-end search time: 46578066 ns
Total end-to-end search time: 48765711 ns
Total end-to-end search time: 50364107 ns
Total end-to-end search time: 50338995 ns
Total end-to-end search time: 50542478 ns
Total end-to-end search time: 43646539 ns
Total end-to-end search time: 45522524 ns
Total end-to-end search time: 40008559 ns
Total end-to-end search time: 37208954 ns
Total end-to-end search time: 44586145 ns
Total end-to-end search time: 41790780 ns
Total end-to-end search time: 48712443 ns
Total end-to-end search time: 49609889 ns
Total end-to-end search time: 46262178 ns
Total end-to-end search time: 46243633 ns
Query: 64, nThreads: 1, warmup: 16
====================================================================================================
(ns)
Load index... Graph level 5..
Total end-to-end search time: 47288854 ns
Total end-to-end search time: 39869109 ns
Total end-to-end search time: 46719251 ns
Total end-to-end search time: 48786520 ns
Total end-to-end search time: 50627159 ns
Total end-to-end search time: 50469481 ns
Total end-to-end search time: 50892770 ns
Total end-to-end search time: 43849693 ns
Total end-to-end search time: 45501994 ns
Total end-to-end search time: 39989403 ns
Total end-to-end search time: 37465634 ns
Total end-to-end search time: 44491797 ns
Total end-to-end search time: 41940406 ns
Total end-to-end search time: 48703087 ns
Total end-to-end search time: 49454836 ns
Total end-to-end search time: 46344959 ns
Total end-to-end search time: 46476183 ns
Query: 64, nThreads: 1, warmup: 16
====================================================================================================
(ns)
Load index... Graph level 5..
Total end-to-end search time: 47156669 ns
Total end-to-end search time: 39806906 ns
Total end-to-end search time: 46819728 ns
Total end-to-end search time: 48957379 ns
Total end-to-end search time: 50720882 ns
Total end-to-end search time: 50191824 ns
Total end-to-end search time: 50370994 ns
Total end-to-end search time: 43569036 ns
Total end-to-end search time: 45543307 ns
Total end-to-end search time: 39757432 ns
Total end-to-end search time: 37302878 ns
Total end-to-end search time: 44374589 ns
Total end-to-end search time: 41798969 ns
Total end-to-end search time: 48719816 ns
Total end-to-end search time: 49637445 ns
Total end-to-end search time: 46365715 ns
Total end-to-end search time: 46043989 ns
Query: 64, nThreads: 1, warmup: 16
====================================================================================================
(ns)
Load index... Graph level 5..
Total end-to-end search time: 47500383 ns
Total end-to-end search time: 40296716 ns
Total end-to-end search time: 46877759 ns
Total end-to-end search time: 48933234 ns
Total end-to-end search time: 50651707 ns
Total end-to-end search time: 50209059 ns
Total end-to-end search time: 50298341 ns
Total end-to-end search time: 43519743 ns
Total end-to-end search time: 45407406 ns
Total end-to-end search time: 39713077 ns
Total end-to-end search time: 37150559 ns
Total end-to-end search time: 44580012 ns
Total end-to-end search time: 41779676 ns
Total end-to-end search time: 48555109 ns
Total end-to-end search time: 49385662 ns
Total end-to-end search time: 46269301 ns
Total end-to-end search time: 46010747 ns
Query: 64, nThreads: 1, warmup: 16
====================================================================================================
(ns)
Load index... Graph level 5..
Total end-to-end search time: 47080216 ns
Total end-to-end search time: 40112854 ns
Total end-to-end search time: 47048624 ns
Total end-to-end search time: 48956477 ns
Total end-to-end search time: 50882589 ns
Total end-to-end search time: 50536017 ns
Total end-to-end search time: 51137402 ns
Total end-to-end search time: 43949740 ns
Total end-to-end search time: 46004979 ns
Total end-to-end search time: 40144473 ns
Total end-to-end search time: 37410443 ns
Total end-to-end search time: 44660068 ns
Total end-to-end search time: 41698099 ns
Total end-to-end search time: 48572101 ns
Total end-to-end search time: 49260626 ns
Total end-to-end search time: 46205856 ns
Total end-to-end search time: 46107472 ns
Query: 64, nThreads: 1, warmup: 16
====================================================================================================
(ns)
Load index... Graph level 5..
Total end-to-end search time: 46832629 ns
Total end-to-end search time: 39688445 ns
Total end-to-end search time: 46515972 ns
Total end-to-end search time: 48806162 ns
Total end-to-end search time: 50450577 ns
Total end-to-end search time: 50137474 ns
Total end-to-end search time: 50848584 ns
Total end-to-end search time: 43396440 ns
Total end-to-end search time: 45298510 ns
Total end-to-end search time: 39731680 ns
Total end-to-end search time: 37062580 ns
Total end-to-end search time: 44459374 ns
Total end-to-end search time: 41556674 ns
Total end-to-end search time: 48987185 ns
Total end-to-end search time: 50133720 ns
Total end-to-end search time: 46647121 ns
Total end-to-end search time: 46321246 ns
Query: 64, nThreads: 1, warmup: 16
====================================================================================================
(ns)
Load index... Graph level 5..
Total end-to-end search time: 46830216 ns
Total end-to-end search time: 39685833 ns
Total end-to-end search time: 46635202 ns
Total end-to-end search time: 48624083 ns
Total end-to-end search time: 50378017 ns
Total end-to-end search time: 50149427 ns
Total end-to-end search time: 50322037 ns
Total end-to-end search time: 43372227 ns
Total end-to-end search time: 45207708 ns
Total end-to-end search time: 40015204 ns
Total end-to-end search time: 37366921 ns
Total end-to-end search time: 44807780 ns
Total end-to-end search time: 41804478 ns
Total end-to-end search time: 48607366 ns
Total end-to-end search time: 49647986 ns
Total end-to-end search time: 46427567 ns
Total end-to-end search time: 46235840 ns
Query: 64, nThreads: 1, warmup: 16
====================================================================================================
(ns)
Load index... Graph level 5..
Total end-to-end search time: 47359867 ns
Total end-to-end search time: 39741646 ns
Total end-to-end search time: 46531096 ns
Total end-to-end search time: 48491164 ns
Total end-to-end search time: 50442414 ns
Total end-to-end search time: 50169188 ns
Total end-to-end search time: 50374732 ns
Total end-to-end search time: 43252860 ns
Total end-to-end search time: 45327332 ns
Total end-to-end search time: 39936715 ns
Total end-to-end search time: 37256438 ns
Total end-to-end search time: 44579636 ns
Total end-to-end search time: 41600705 ns
Total end-to-end search time: 48541935 ns
Total end-to-end search time: 49289084 ns
Total end-to-end search time: 46429622 ns
Total end-to-end search time: 46534016 ns
Query: 64, nThreads: 1, warmup: 16
====================================================================================================
(ns)
Load index... Graph level 5..
Total end-to-end search time: 47065806 ns
Total end-to-end search time: 39659184 ns
Total end-to-end search time: 46535372 ns
Total end-to-end search time: 48545431 ns
Total end-to-end search time: 50365230 ns
Total end-to-end search time: 50133799 ns
Total end-to-end search time: 50282091 ns
Total end-to-end search time: 43369089 ns
Total end-to-end search time: 45396001 ns
Total end-to-end search time: 39796990 ns
Total end-to-end search time: 37162075 ns
Total end-to-end search time: 44314898 ns
Total end-to-end search time: 41554829 ns
Total end-to-end search time: 48670654 ns
Total end-to-end search time: 49208488 ns
Total end-to-end search time: 46208838 ns
Total end-to-end search time: 46009907 ns
Query: 64, nThreads: 1, warmup: 16
====================================================================================================
(ns)
Load index... Graph level 5..
Total end-to-end search time: 47362727 ns
Total end-to-end search time: 39913227 ns
Total end-to-end search time: 46464048 ns
Total end-to-end search time: 48733595 ns
Total end-to-end search time: 50672356 ns
Total end-to-end search time: 50541664 ns
Total end-to-end search time: 50573114 ns
Total end-to-end search time: 43603833 ns
Total end-to-end search time: 45437918 ns
Total end-to-end search time: 39939452 ns
Total end-to-end search time: 37319357 ns
Total end-to-end search time: 44553988 ns
Total end-to-end search time: 41710793 ns
Total end-to-end search time: 48640575 ns
Total end-to-end search time: 49372104 ns
Total end-to-end search time: 46446024 ns
Total end-to-end search time: 46254956 ns
Query: 64, nThreads: 1, warmup: 16
====================================================================================================
(ns)
Load index... Graph level 5..
Total end-to-end search time: 46823803 ns
Total end-to-end search time: 39732794 ns
Total end-to-end search time: 47289422 ns
Total end-to-end search time: 49228578 ns
Total end-to-end search time: 50701881 ns
Total end-to-end search time: 50296240 ns
Total end-to-end search time: 50783922 ns
Total end-to-end search time: 43445202 ns
Total end-to-end search time: 45480191 ns
Total end-to-end search time: 39741276 ns
Total end-to-end search time: 37180101 ns
Total end-to-end search time: 44558734 ns
Total end-to-end search time: 41759242 ns
Total end-to-end search time: 48639219 ns
Total end-to-end search time: 49594842 ns
Total end-to-end search time: 46546794 ns
Total end-to-end search time: 46177629 ns
Query: 64, nThreads: 1, warmup: 16
====================================================================================================
(ns)
Load index... Graph level 5..
Total end-to-end search time: 46860738 ns
Total end-to-end search time: 39641069 ns
Total end-to-end search time: 46418354 ns
Total end-to-end search time: 48561102 ns
Total end-to-end search time: 50336197 ns
Total end-to-end search time: 50045115 ns
Total end-to-end search time: 50322923 ns
Total end-to-end search time: 43403736 ns
Total end-to-end search time: 45761462 ns
Total end-to-end search time: 40343175 ns
Total end-to-end search time: 37524301 ns
Total end-to-end search time: 44503238 ns
Total end-to-end search time: 41717210 ns
Total end-to-end search time: 48708567 ns
Total end-to-end search time: 49536516 ns
Total end-to-end search time: 46108484 ns
Total end-to-end search time: 46010406 ns
Query: 64, nThreads: 1, warmup: 16
====================================================================================================
(ns)
Load index... Graph level 5..
Total end-to-end search time: 47089149 ns
Total end-to-end search time: 39806237 ns
Total end-to-end search time: 46601501 ns
Total end-to-end search time: 48704073 ns
Total end-to-end search time: 50645191 ns
Total end-to-end search time: 50323604 ns
Total end-to-end search time: 50404983 ns
Total end-to-end search time: 43498327 ns
Total end-to-end search time: 45607289 ns
Total end-to-end search time: 39820677 ns
Total end-to-end search time: 37262195 ns
Total end-to-end search time: 44575880 ns
Total end-to-end search time: 41793598 ns
Total end-to-end search time: 48635167 ns
Total end-to-end search time: 49383001 ns
Total end-to-end search time: 46814143 ns
Total end-to-end search time: 46924067 ns
Query: 64, nThreads: 1, warmup: 16
====================================================================================================
(ns)
Load index... Graph level 5..
Total end-to-end search time: 47078316 ns
Total end-to-end search time: 39718311 ns
Total end-to-end search time: 46735605 ns
Total end-to-end search time: 48480559 ns
Total end-to-end search time: 50502002 ns
Total end-to-end search time: 50038389 ns
Total end-to-end search time: 50312523 ns
Total end-to-end search time: 43493869 ns
Total end-to-end search time: 45187957 ns
Total end-to-end search time: 39818197 ns
Total end-to-end search time: 37116677 ns
Total end-to-end search time: 44286459 ns
Total end-to-end search time: 41531790 ns
Total end-to-end search time: 48466873 ns
Total end-to-end search time: 49248690 ns
Total end-to-end search time: 46160967 ns
Total end-to-end search time: 46006966 ns
Query: 64, nThreads: 1, warmup: 16
====================================================================================================
(ns)
Load index... Graph level 5..
Total end-to-end search time: 47157470 ns
Total end-to-end search time: 39838328 ns
Total end-to-end search time: 46714065 ns
Total end-to-end search time: 48783819 ns
Total end-to-end search time: 50559279 ns
Total end-to-end search time: 50171171 ns
Total end-to-end search time: 50698473 ns
Total end-to-end search time: 43601425 ns
Total end-to-end search time: 45285744 ns
Total end-to-end search time: 39772136 ns
Total end-to-end search time: 37170878 ns
Total end-to-end search time: 44466596 ns
Total end-to-end search time: 41886712 ns
Total end-to-end search time: 48505130 ns
Total end-to-end search time: 49392365 ns
Total end-to-end search time: 46285640 ns
Total end-to-end search time: 46346485 ns
Query: 64, nThreads: 1, warmup: 16
====================================================================================================
(ns)
Load index... Graph level 5..
Total end-to-end search time: 46963117 ns
Total end-to-end search time: 39891749 ns
Total end-to-end search time: 46679028 ns
Total end-to-end search time: 48767725 ns
Total end-to-end search time: 50836483 ns
Total end-to-end search time: 50547876 ns
Total end-to-end search time: 50834743 ns
Total end-to-end search time: 43561311 ns
Total end-to-end search time: 45413811 ns
Total end-to-end search time: 39836598 ns
Total end-to-end search time: 37283583 ns
Total end-to-end search time: 44830026 ns
Total end-to-end search time: 42074552 ns
Total end-to-end search time: 48904682 ns
Total end-to-end search time: 49667241 ns
Total end-to-end search time: 46471111 ns
Total end-to-end search time: 46214826 ns
Query: 64, nThreads: 1, warmup: 16
====================================================================================================
(ns)
Load index... Graph level 5..
Total end-to-end search time: 47123079 ns
Total end-to-end search time: 39925528 ns
Total end-to-end search time: 46630922 ns
Total end-to-end search time: 48477052 ns
Total end-to-end search time: 50234206 ns
Total end-to-end search time: 50012965 ns
Total end-to-end search time: 50173596 ns
Total end-to-end search time: 43431607 ns
Total end-to-end search time: 45182434 ns
Total end-to-end search time: 39706085 ns
Total end-to-end search time: 37280670 ns
Total end-to-end search time: 44442206 ns
Total end-to-end search time: 41719214 ns
Total end-to-end search time: 48688777 ns
Total end-to-end search time: 49292880 ns
Total end-to-end search time: 46244928 ns
Total end-to-end search time: 46047204 ns
Query: 64, nThreads: 1, warmup: 16
====================================================================================================
(ns)
Load index... Graph level 5..
Total end-to-end search time: 46990609 ns
Total end-to-end search time: 39617581 ns
Total end-to-end search time: 46372070 ns
Total end-to-end search time: 48518402 ns
Total end-to-end search time: 51416617 ns
Total end-to-end search time: 51076534 ns
Total end-to-end search time: 50618707 ns
Total end-to-end search time: 43546677 ns
Total end-to-end search time: 45553904 ns
Total end-to-end search time: 39977989 ns
Total end-to-end search time: 37357220 ns
Total end-to-end search time: 44559367 ns
Total end-to-end search time: 41554181 ns
Total end-to-end search time: 48445181 ns
Total end-to-end search time: 49210590 ns
Total end-to-end search time: 46126142 ns
Total end-to-end search time: 45954714 ns
Query: 64, nThreads: 1, warmup: 16
====================================================================================================
(ns)
Load index... Graph level 5..
Total end-to-end search time: 47139256 ns
Total end-to-end search time: 39631002 ns
Total end-to-end search time: 46578761 ns
Total end-to-end search time: 48600119 ns
Total end-to-end search time: 50639388 ns
Total end-to-end search time: 50489250 ns
Total end-to-end search time: 50658232 ns
Total end-to-end search time: 43563252 ns
Total end-to-end search time: 45242876 ns
Total end-to-end search time: 39782633 ns
Total end-to-end search time: 37136892 ns
Total end-to-end search time: 45124439 ns
Total end-to-end search time: 42178652 ns
Total end-to-end search time: 48855966 ns
Total end-to-end search time: 49523716 ns
Total end-to-end search time: 46614481 ns
Total end-to-end search time: 46190490 ns
Query: 64, nThreads: 1, warmup: 16
====================================================================================================
(ns)
Load index... Graph level 5..
Total end-to-end search time: 46862964 ns
Total end-to-end search time: 39746803 ns
Total end-to-end search time: 46765201 ns
Total end-to-end search time: 48853850 ns
Total end-to-end search time: 50587832 ns
Total end-to-end search time: 50432378 ns
Total end-to-end search time: 50303923 ns
Total end-to-end search time: 43318101 ns
Total end-to-end search time: 45214647 ns
Total end-to-end search time: 39733607 ns
Total end-to-end search time: 37276463 ns
Total end-to-end search time: 44375484 ns
Total end-to-end search time: 41555349 ns
Total end-to-end search time: 48473635 ns
Total end-to-end search time: 49458172 ns
Total end-to-end search time: 46330523 ns
Total end-to-end search time: 46261328 ns
Query: 64, nThreads: 1, warmup: 16
====================================================================================================
(ns)
Load index... Graph level 5..
Total end-to-end search time: 46719633 ns
Total end-to-end search time: 39661449 ns
Total end-to-end search time: 46480690 ns
Total end-to-end search time: 48734057 ns
Total end-to-end search time: 50615101 ns
Total end-to-end search time: 50335595 ns
Total end-to-end search time: 50286676 ns
Total end-to-end search time: 43364622 ns
Total end-to-end search time: 45393438 ns
Total end-to-end search time: 39950313 ns
Total end-to-end search time: 37072105 ns
Total end-to-end search time: 44337533 ns
Total end-to-end search time: 41513560 ns
Total end-to-end search time: 48454370 ns
Total end-to-end search time: 49462806 ns
Total end-to-end search time: 46198099 ns
Total end-to-end search time: 46227825 ns
Query: 64, nThreads: 1, warmup: 16
====================================================================================================
(ns)
Load index... Graph level 5..
Total end-to-end search time: 47161013 ns
Total end-to-end search time: 40010460 ns
Total end-to-end search time: 46773697 ns
Total end-to-end search time: 48605045 ns
Total end-to-end search time: 50459556 ns
Total end-to-end search time: 50129022 ns
Total end-to-end search time: 50521450 ns
Total end-to-end search time: 43296293 ns
Total end-to-end search time: 45245776 ns
Total end-to-end search time: 40023009 ns
Total end-to-end search time: 37127334 ns
Total end-to-end search time: 44418829 ns
Total end-to-end search time: 41720976 ns
Total end-to-end search time: 48617762 ns
Total end-to-end search time: 49364825 ns
Total end-to-end search time: 46397148 ns
Total end-to-end search time: 46170615 ns
Query: 64, nThreads: 1, warmup: 16
====================================================================================================
(ns)
Load index... Graph level 5..
Total end-to-end search time: 47261226 ns
Total end-to-end search time: 39844896 ns
Total end-to-end search time: 46582639 ns
Total end-to-end search time: 48867494 ns
Total end-to-end search time: 50380729 ns
Total end-to-end search time: 50187944 ns
Total end-to-end search time: 50576670 ns
Total end-to-end search time: 43404679 ns
Total end-to-end search time: 45176766 ns
Total end-to-end search time: 39859543 ns
Total end-to-end search time: 37185992 ns
Total end-to-end search time: 44361472 ns
Total end-to-end search time: 41732272 ns
Total end-to-end search time: 48460715 ns
Total end-to-end search time: 49294697 ns
Total end-to-end search time: 46269245 ns
Total end-to-end search time: 46130493 ns
Query: 64, nThreads: 1, warmup: 16
====================================================================================================
(ns)
Load index... Graph level 5..
Total end-to-end search time: 47721144 ns
Total end-to-end search time: 40288242 ns
Total end-to-end search time: 46861210 ns
Total end-to-end search time: 48675791 ns
Total end-to-end search time: 50469232 ns
Total end-to-end search time: 50123642 ns
Total end-to-end search time: 50717743 ns
Total end-to-end search time: 43643555 ns
Total end-to-end search time: 45638909 ns
Total end-to-end search time: 39835745 ns
Total end-to-end search time: 37266990 ns
Total end-to-end search time: 44492970 ns
Total end-to-end search time: 41763247 ns
Total end-to-end search time: 48651720 ns
Total end-to-end search time: 49523102 ns
Total end-to-end search time: 46583505 ns
Total end-to-end search time: 46469408 ns
Query: 64, nThreads: 1, warmup: 16
====================================================================================================
(ns)
Load index... Graph level 5..
Total end-to-end search time: 46866979 ns
Total end-to-end search time: 39773609 ns
Total end-to-end search time: 46701999 ns
Total end-to-end search time: 48751246 ns
Total end-to-end search time: 50637425 ns
Total end-to-end search time: 50088933 ns
Total end-to-end search time: 51518627 ns
Total end-to-end search time: 44168394 ns
Total end-to-end search time: 45690216 ns
Total end-to-end search time: 40038531 ns
Total end-to-end search time: 37357549 ns
Total end-to-end search time: 44556892 ns
Total end-to-end search time: 41802408 ns
Total end-to-end search time: 48920589 ns
Total end-to-end search time: 49448688 ns
Total end-to-end search time: 46522950 ns
Total end-to-end search time: 46330986 ns
Query: 64, nThreads: 1, warmup: 16
====================================================================================================
(ns)
Load index... Graph level 5..
Total end-to-end search time: 46984080 ns
Total end-to-end search time: 39690296 ns
Total end-to-end search time: 46689280 ns
Total end-to-end search time: 48528803 ns
Total end-to-end search time: 50357000 ns
Total end-to-end search time: 50093218 ns
Total end-to-end search time: 50432958 ns
Total end-to-end search time: 43524580 ns
Total end-to-end search time: 45362834 ns
Total end-to-end search time: 39849101 ns
Total end-to-end search time: 37177434 ns
Total end-to-end search time: 44339474 ns
Total end-to-end search time: 41496740 ns
Total end-to-end search time: 49081521 ns
Total end-to-end search time: 49884998 ns
Total end-to-end search time: 46454337 ns
Total end-to-end search time: 46360513 ns
Query: 64, nThreads: 1, warmup: 16
====================================================================================================
(ns)
Load index... Graph level 5..
Total end-to-end search time: 46825474 ns
Total end-to-end search time: 39634386 ns
Total end-to-end search time: 46830134 ns
Total end-to-end search time: 48749130 ns
Total end-to-end search time: 50597110 ns
Total end-to-end search time: 50518119 ns
Total end-to-end search time: 50457978 ns
Total end-to-end search time: 43478064 ns
Total end-to-end search time: 45431078 ns
Total end-to-end search time: 39902303 ns
Total end-to-end search time: 37183030 ns
Total end-to-end search time: 44741362 ns
Total end-to-end search time: 41912324 ns
Total end-to-end search time: 48979833 ns
Total end-to-end search time: 49793784 ns
Total end-to-end search time: 46364765 ns
Total end-to-end search time: 46386414 ns
Query: 64, nThreads: 1, warmup: 16
====================================================================================================
(ns)
Load index... Graph level 5..
Total end-to-end search time: 47028933 ns
Total end-to-end search time: 39843148 ns
Total end-to-end search time: 46555713 ns
Total end-to-end search time: 48594363 ns
Total end-to-end search time: 50373761 ns
Total end-to-end search time: 50168056 ns
Total end-to-end search time: 50609220 ns
Total end-to-end search time: 43340382 ns
Total end-to-end search time: 45183448 ns
Total end-to-end search time: 39957589 ns
Total end-to-end search time: 37171143 ns
Total end-to-end search time: 44451821 ns
Total end-to-end search time: 41459511 ns
Total end-to-end search time: 48401597 ns
Total end-to-end search time: 49245460 ns
Total end-to-end search time: 46229207 ns
Total end-to-end search time: 45983552 ns
