Query: 10000, nThreads: 2, warmup: 1
====================================================================================================
(ns)
Load index... Graph level 5..
Total end-to-end search time: 3534508739 ns
Total end-to-end search time: 44 ns
Query: 10000, nThreads: 2, warmup: 1
====================================================================================================
(ns)
Load index... Graph level 5..
Total end-to-end search time: 3532063686 ns
Total end-to-end search time: 50 ns
Query: 10000, nThreads: 2, warmup: 1
====================================================================================================
(ns)
Load index... Graph level 5..
Total end-to-end search time: 3521762350 ns
Total end-to-end search time: 51 ns
Query: 10000, nThreads: 2, warmup: 1
====================================================================================================
(ns)
Load index... Graph level 5..
Total end-to-end search time: 3534101576 ns
Total end-to-end search time: 49 ns
Query: 10000, nThreads: 2, warmup: 1
====================================================================================================
(ns)
Load index... Graph level 5..
Total end-to-end search time: 3525680375 ns
Total end-to-end search time: 50 ns
Query: 10000, nThreads: 2, warmup: 1
====================================================================================================
(ns)
Load index... Graph level 5..
Total end-to-end search time: 3537989745 ns
Total end-to-end search time: 35 ns
Query: 10000, nThreads: 2, warmup: 1
====================================================================================================
(ns)
Load index... Graph level 5..
Total end-to-end search time: 3533033536 ns
Total end-to-end search time: 41 ns
Query: 10000, nThreads: 2, warmup: 1
====================================================================================================
(ns)
Load index... Graph level 5..
Total end-to-end search time: 3521043605 ns
Total end-to-end search time: 54 ns
Query: 10000, nThreads: 2, warmup: 1
====================================================================================================
(ns)
Load index... Graph level 5..
Total end-to-end search time: 3532792787 ns
Total end-to-end search time: 43 ns
Query: 10000, nThreads: 2, warmup: 1
====================================================================================================
(ns)
Load index... Graph level 5..
Total end-to-end search time: 3499219031 ns
Total end-to-end search time: 46 ns
Query: 10000, nThreads: 2, warmup: 1
====================================================================================================
(ns)
Load index... Graph level 5..
Total end-to-end search time: 3521107393 ns
Total end-to-end search time: 51 ns
Query: 10000, nThreads: 2, warmup: 1
====================================================================================================
(ns)
Load index... Graph level 5..
Total end-to-end search time: 3501105690 ns
Total end-to-end search time: 49 ns
Query: 10000, nThreads: 2, warmup: 1
====================================================================================================
(ns)
Load index... Graph level 5..
Total end-to-end search time: 3520249511 ns
Total end-to-end search time: 49 ns
Query: 10000, nThreads: 2, warmup: 1
====================================================================================================
(ns)
Load index... Graph level 5..
Total end-to-end search time: 3535572739 ns
Total end-to-end search time: 45 ns
Query: 10000, nThreads: 2, warmup: 1
====================================================================================================
(ns)
Load index... Graph level 5..
Total end-to-end search time: 3522939100 ns
Total end-to-end search time: 52 ns
Query: 10000, nThreads: 2, warmup: 1
====================================================================================================
(ns)
Load index... Graph level 5..
Total end-to-end search time: 3521207657 ns
Total end-to-end search time: 49 ns
Query: 10000, nThreads: 2, warmup: 1
====================================================================================================
(ns)
Load index... Graph level 5..
Total end-to-end search time: 3532514531 ns
Total end-to-end search time: 48 ns
Query: 10000, nThreads: 2, warmup: 1
====================================================================================================
(ns)
Load index... Graph level 5..
Total end-to-end search time: 3523873385 ns
Total end-to-end search time: 44 ns
Query: 10000, nThreads: 2, warmup: 1
====================================================================================================
(ns)
Load index... Graph level 5..
Total end-to-end search time: 3542409107 ns
Total end-to-end search time: 48 ns
Query: 10000, nThreads: 2, warmup: 1
====================================================================================================
(ns)
Load index... Graph level 5..
Total end-to-end search time: 3483719313 ns
Total end-to-end search time: 44 ns
Query: 10000, nThreads: 2, warmup: 1
====================================================================================================
(ns)
Load index... Graph level 5..
Total end-to-end search time: 3535159204 ns
Total end-to-end search time: 42 ns
Query: 10000, nThreads: 2, warmup: 1
====================================================================================================
(ns)
Load index... Graph level 5..
Total end-to-end search time: 3522938393 ns
Total end-to-end search time: 44 ns
Query: 10000, nThreads: 2, warmup: 1
====================================================================================================
(ns)
Load index... Graph level 5..
Total end-to-end search time: 3535662185 ns
Total end-to-end search time: 51 ns
Query: 10000, nThreads: 2, warmup: 1
====================================================================================================
(ns)
Load index... Graph level 5..
Total end-to-end search time: 3500540314 ns
Total end-to-end search time: 49 ns
Query: 10000, nThreads: 2, warmup: 1
====================================================================================================
(ns)
Load index... Graph level 5..
Total end-to-end search time: 3524739903 ns
Total end-to-end search time: 69 ns
Query: 10000, nThreads: 2, warmup: 1
====================================================================================================
(ns)
Load index... Graph level 5..
Total end-to-end search time: 3533550212 ns
Total end-to-end search time: 49 ns
Query: 10000, nThreads: 2, warmup: 1
====================================================================================================
(ns)
Load index... Graph level 5..
Total end-to-end search time: 3484483625 ns
Total end-to-end search time: 164 ns
Query: 10000, nThreads: 2, warmup: 1
====================================================================================================
(ns)
Load index... Graph level 5..
Total end-to-end search time: 3535671223 ns
Total end-to-end search time: 55 ns
Query: 10000, nThreads: 2, warmup: 1
====================================================================================================
(ns)
Load index... Graph level 5..
Total end-to-end search time: 3523520232 ns
Total end-to-end search time: 47 ns
Query: 10000, nThreads: 2, warmup: 1
====================================================================================================
(ns)
Load index... Graph level 5..
Total end-to-end search time: 3536558877 ns
Total end-to-end search time: 47 ns
