Query: 10000, nThreads: 4, warmup: 1
====================================================================================================
(ns)
Load index... Graph level 5..
Total end-to-end search time: 1775529945 ns
Total end-to-end search time: 49 ns
Query: 10000, nThreads: 4, warmup: 1
====================================================================================================
(ns)
Load index... Graph level 5..
Total end-to-end search time: 1775497140 ns
Total end-to-end search time: 52 ns
Query: 10000, nThreads: 4, warmup: 1
====================================================================================================
(ns)
Load index... Graph level 5..
Total end-to-end search time: 1774249576 ns
Total end-to-end search time: 47 ns
Query: 10000, nThreads: 4, warmup: 1
====================================================================================================
(ns)
Load index... Graph level 5..
Total end-to-end search time: 1775766488 ns
Total end-to-end search time: 44 ns
Query: 10000, nThreads: 4, warmup: 1
====================================================================================================
(ns)
Load index... Graph level 5..
Total end-to-end search time: 1775875417 ns
Total end-to-end search time: 49 ns
Query: 10000, nThreads: 4, warmup: 1
====================================================================================================
(ns)
Load index... Graph level 5..
Total end-to-end search time: 1774889157 ns
Total end-to-end search time: 38 ns
Query: 10000, nThreads: 4, warmup: 1
====================================================================================================
(ns)
Load index... Graph level 5..
Total end-to-end search time: 1775476517 ns
Total end-to-end search time: 46 ns
Query: 10000, nThreads: 4, warmup: 1
====================================================================================================
(ns)
Load index... Graph level 5..
Total end-to-end search time: 1776518992 ns
Total end-to-end search time: 45 ns
Query: 10000, nThreads: 4, warmup: 1
====================================================================================================
(ns)
Load index... Graph level 5..
Total end-to-end search time: 1775403411 ns
Total end-to-end search time: 53 ns
Query: 10000, nThreads: 4, warmup: 1
====================================================================================================
(ns)
Load index... Graph level 5..
Total end-to-end search time: 1774675212 ns
Total end-to-end search time: 53 ns
Query: 10000, nThreads: 4, warmup: 1
====================================================================================================
(ns)
Load index... Graph level 5..
Total end-to-end search time: 1775944560 ns
Total end-to-end search time: 52 ns
Query: 10000, nThreads: 4, warmup: 1
====================================================================================================
(ns)
Load index... Graph level 5..
Total end-to-end search time: 1774122002 ns
Total end-to-end search time: 48 ns
Query: 10000, nThreads: 4, warmup: 1
====================================================================================================
(ns)
Load index... Graph level 5..
Total end-to-end search time: 1774642329 ns
Total end-to-end search time: 51 ns
Query: 10000, nThreads: 4, warmup: 1
====================================================================================================
(ns)
Load index... Graph level 5..
Total end-to-end search time: 1823472453 ns
Total end-to-end search time: 47 ns
Query: 10000, nThreads: 4, warmup: 1
====================================================================================================
(ns)
Load index... Graph level 5..
Total end-to-end search time: 1774835538 ns
Total end-to-end search time: 50 ns
Query: 10000, nThreads: 4, warmup: 1
====================================================================================================
(ns)
Load index... Graph level 5..
Total end-to-end search time: 1773881044 ns
Total end-to-end search time: 52 ns
Query: 10000, nThreads: 4, warmup: 1
====================================================================================================
(ns)
Load index... Graph level 5..
Total end-to-end search time: 1776338092 ns
Total end-to-end search time: 46 ns
Query: 10000, nThreads: 4, warmup: 1
====================================================================================================
(ns)
Load index... Graph level 5..
Total end-to-end search time: 1775830689 ns
Total end-to-end search time: 45 ns
Query: 10000, nThreads: 4, warmup: 1
====================================================================================================
(ns)
Load index... Graph level 5..
Total end-to-end search time: 1775385946 ns
Total end-to-end search time: 45 ns
Query: 10000, nThreads: 4, warmup: 1
====================================================================================================
(ns)
Load index... Graph level 5..
Total end-to-end search time: 1775393421 ns
Total end-to-end search time: 49 ns
Query: 10000, nThreads: 4, warmup: 1
====================================================================================================
(ns)
Load index... Graph level 5..
Total end-to-end search time: 1776397972 ns
Total end-to-end search time: 53 ns
Query: 10000, nThreads: 4, warmup: 1
====================================================================================================
(ns)
Load index... Graph level 5..
Total end-to-end search time: 1774883583 ns
Total end-to-end search time: 48 ns
Query: 10000, nThreads: 4, warmup: 1
====================================================================================================
(ns)
Load index... Graph level 5..
Total end-to-end search time: 1775784584 ns
Total end-to-end search time: 53 ns
Query: 10000, nThreads: 4, warmup: 1
====================================================================================================
(ns)
Load index... Graph level 5..
Total end-to-end search time: 1775450022 ns
Total end-to-end search time: 53 ns
Query: 10000, nThreads: 4, warmup: 1
====================================================================================================
(ns)
Load index... Graph level 5..
Total end-to-end search time: 1775688748 ns
Total end-to-end search time: 48 ns
Query: 10000, nThreads: 4, warmup: 1
====================================================================================================
(ns)
Load index... Graph level 5..
Total end-to-end search time: 1773173282 ns
Total end-to-end search time: 53 ns
Query: 10000, nThreads: 4, warmup: 1
====================================================================================================
(ns)
Load index... Graph level 5..
Total end-to-end search time: 1775490872 ns
Total end-to-end search time: 48 ns
Query: 10000, nThreads: 4, warmup: 1
====================================================================================================
(ns)
Load index... Graph level 5..
Total end-to-end search time: 1774419397 ns
Total end-to-end search time: 52 ns
Query: 10000, nThreads: 4, warmup: 1
====================================================================================================
(ns)
Load index... Graph level 5..
Total end-to-end search time: 1773831718 ns
Total end-to-end search time: 52 ns
Query: 10000, nThreads: 4, warmup: 1
====================================================================================================
(ns)
Load index... Graph level 5..
Total end-to-end search time: 1774412903 ns
Total end-to-end search time: 43 ns
