Query: 10000, nThreads: 64, warmup: 1
====================================================================================================
(ns)
Load index... Graph level 5..
Total end-to-end search time: 1835021939 ns
Total end-to-end search time: 68 ns
Query: 10000, nThreads: 64, warmup: 1
====================================================================================================
(ns)
Load index... Graph level 5..
Total end-to-end search time: 1830539148 ns
Total end-to-end search time: 45 ns
Query: 10000, nThreads: 64, warmup: 1
====================================================================================================
(ns)
Load index... Graph level 5..
Total end-to-end search time: 1836138210 ns
Total end-to-end search time: 51 ns
Query: 10000, nThreads: 64, warmup: 1
====================================================================================================
(ns)
Load index... Graph level 5..
Total end-to-end search time: 1837698157 ns
Total end-to-end search time: 37 ns
Query: 10000, nThreads: 64, warmup: 1
====================================================================================================
(ns)
Load index... Graph level 5..
Total end-to-end search time: 1837541848 ns
Total end-to-end search time: 45 ns
Query: 10000, nThreads: 64, warmup: 1
====================================================================================================
(ns)
Load index... Graph level 5..
Total end-to-end search time: 1835702846 ns
Total end-to-end search time: 44 ns
Query: 10000, nThreads: 64, warmup: 1
====================================================================================================
(ns)
Load index... Graph level 5..
Total end-to-end search time: 1835416984 ns
Total end-to-end search time: 43 ns
Query: 10000, nThreads: 64, warmup: 1
====================================================================================================
(ns)
Load index... Graph level 5..
Total end-to-end search time: 1834922602 ns
Total end-to-end search time: 39 ns
Query: 10000, nThreads: 64, warmup: 1
====================================================================================================
(ns)
Load index... Graph level 5..
Total end-to-end search time: 1835159732 ns
Total end-to-end search time: 50 ns
Query: 10000, nThreads: 64, warmup: 1
====================================================================================================
(ns)
Load index... Graph level 5..
Total end-to-end search time: 1836121511 ns
Total end-to-end search time: 52 ns
Query: 10000, nThreads: 64, warmup: 1
====================================================================================================
(ns)
Load index... Graph level 5..
Total end-to-end search time: 1836951073 ns
Total end-to-end search time: 47 ns
Query: 10000, nThreads: 64, warmup: 1
====================================================================================================
(ns)
Load index... Graph level 5..
Total end-to-end search time: 1834314382 ns
Total end-to-end search time: 55 ns
Query: 10000, nThreads: 64, warmup: 1
====================================================================================================
(ns)
Load index... Graph level 5..
Total end-to-end search time: 1837118055 ns
Total end-to-end search time: 37 ns
Query: 10000, nThreads: 64, warmup: 1
====================================================================================================
(ns)
Load index... Graph level 5..
Total end-to-end search time: 1836555085 ns
Total end-to-end search time: 49 ns
Query: 10000, nThreads: 64, warmup: 1
====================================================================================================
(ns)
Load index... Graph level 5..
Total end-to-end search time: 1834528628 ns
Total end-to-end search time: 46 ns
Query: 10000, nThreads: 64, warmup: 1
====================================================================================================
(ns)
Load index... Graph level 5..
Total end-to-end search time: 1835985116 ns
Total end-to-end search time: 51 ns
Query: 10000, nThreads: 64, warmup: 1
====================================================================================================
(ns)
Load index... Graph level 5..
Total end-to-end search time: 1838003187 ns
Total end-to-end search time: 54 ns
Query: 10000, nThreads: 64, warmup: 1
====================================================================================================
(ns)
Load index... Graph level 5..
Total end-to-end search time: 1836684594 ns
Total end-to-end search time: 51 ns
Query: 10000, nThreads: 64, warmup: 1
====================================================================================================
(ns)
Load index... Graph level 5..
Total end-to-end search time: 1836248407 ns
Total end-to-end search time: 45 ns
Query: 10000, nThreads: 64, warmup: 1
====================================================================================================
(ns)
Load index... Graph level 5..
Total end-to-end search time: 1836839337 ns
Total end-to-end search time: 55 ns
Query: 10000, nThreads: 64, warmup: 1
====================================================================================================
(ns)
Load index... Graph level 5..
Total end-to-end search time: 1835465934 ns
Total end-to-end search time: 48 ns
Query: 10000, nThreads: 64, warmup: 1
====================================================================================================
(ns)
Load index... Graph level 5..
Total end-to-end search time: 1835890993 ns
Total end-to-end search time: 51 ns
Query: 10000, nThreads: 64, warmup: 1
====================================================================================================
(ns)
Load index... Graph level 5..
Total end-to-end search time: 1836289395 ns
Total end-to-end search time: 60 ns
Query: 10000, nThreads: 64, warmup: 1
====================================================================================================
(ns)
Load index... Graph level 5..
Total end-to-end search time: 1836547339 ns
Total end-to-end search time: 63 ns
Query: 10000, nThreads: 64, warmup: 1
====================================================================================================
(ns)
Load index... Graph level 5..
Total end-to-end search time: 1838754085 ns
Total end-to-end search time: 70 ns
Query: 10000, nThreads: 64, warmup: 1
====================================================================================================
(ns)
Load index... Graph level 5..
Total end-to-end search time: 1836867728 ns
Total end-to-end search time: 53 ns
Query: 10000, nThreads: 64, warmup: 1
====================================================================================================
(ns)
Load index... Graph level 5..
Total end-to-end search time: 1837233351 ns
Total end-to-end search time: 45 ns
Query: 10000, nThreads: 64, warmup: 1
====================================================================================================
(ns)
Load index... Graph level 5..
Total end-to-end search time: 1835119122 ns
Total end-to-end search time: 46 ns
Query: 10000, nThreads: 64, warmup: 1
====================================================================================================
(ns)
Load index... Graph level 5..
Total end-to-end search time: 1838391538 ns
Total end-to-end search time: 49 ns
Query: 10000, nThreads: 64, warmup: 1
====================================================================================================
(ns)
Load index... Graph level 5..
Total end-to-end search time: 1836562381 ns
Total end-to-end search time: 48 ns
