Query: 10000, nThreads: 1, warmup: 1
====================================================================================================
(ns)
Load index... Graph level 5..
Total end-to-end search time: 6939026567 ns
Total end-to-end search time: 44 ns
Query: 10000, nThreads: 1, warmup: 1
====================================================================================================
(ns)
Load index... Graph level 5..
Total end-to-end search time: 6922621706 ns
Total end-to-end search time: 47 ns
Query: 10000, nThreads: 1, warmup: 1
====================================================================================================
(ns)
Load index... Graph level 5..
Total end-to-end search time: 6909446605 ns
Total end-to-end search time: 44 ns
Query: 10000, nThreads: 1, warmup: 1
====================================================================================================
(ns)
Load index... Graph level 5..
Total end-to-end search time: 6908456189 ns
Total end-to-end search time: 57 ns
Query: 10000, nThreads: 1, warmup: 1
====================================================================================================
(ns)
Load index... Graph level 5..
Total end-to-end search time: 6916180316 ns
Total end-to-end search time: 44 ns
Query: 10000, nThreads: 1, warmup: 1
====================================================================================================
(ns)
Load index... Graph level 5..
Total end-to-end search time: 6930906081 ns
Total end-to-end search time: 45 ns
Query: 10000, nThreads: 1, warmup: 1
====================================================================================================
(ns)
Load index... Graph level 5..
Total end-to-end search time: 7026536849 ns
Total end-to-end search time: 44 ns
Query: 10000, nThreads: 1, warmup: 1
====================================================================================================
(ns)
Load index... Graph level 5..
Total end-to-end search time: 6892832890 ns
Total end-to-end search time: 47 ns
Query: 10000, nThreads: 1, warmup: 1
====================================================================================================
(ns)
Load index... Graph level 5..
Total end-to-end search time: 6935172483 ns
Total end-to-end search time: 49 ns
Query: 10000, nThreads: 1, warmup: 1
====================================================================================================
(ns)
Load index... Graph level 5..
Total end-to-end search time: 7023010128 ns
Total end-to-end search time: 46 ns
Query: 10000, nThreads: 1, warmup: 1
====================================================================================================
(ns)
Load index... Graph level 5..
Total end-to-end search time: 6925436305 ns
Total end-to-end search time: 43 ns
Query: 10000, nThreads: 1, warmup: 1
====================================================================================================
(ns)
Load index... Graph level 5..
Total end-to-end search time: 6928092095 ns
Total end-to-end search time: 45 ns
Query: 10000, nThreads: 1, warmup: 1
====================================================================================================
(ns)
Load index... Graph level 5..
Total end-to-end search time: 6946955189 ns
Total end-to-end search time: 52 ns
Query: 10000, nThreads: 1, warmup: 1
====================================================================================================
(ns)
Load index... Graph level 5..
Total end-to-end search time: 6948649559 ns
Total end-to-end search time: 52 ns
Query: 10000, nThreads: 1, warmup: 1
====================================================================================================
(ns)
Load index... Graph level 5..
Total end-to-end search time: 6907173139 ns
Total end-to-end search time: 45 ns
Query: 10000, nThreads: 1, warmup: 1
====================================================================================================
(ns)
Load index... Graph level 5..
Total end-to-end search time: 6932501589 ns
Total end-to-end search time: 48 ns
Query: 10000, nThreads: 1, warmup: 1
====================================================================================================
(ns)
Load index... Graph level 5..
Total end-to-end search time: 6937387635 ns
Total end-to-end search time: 44 ns
Query: 10000, nThreads: 1, warmup: 1
====================================================================================================
(ns)
Load index... Graph level 5..
Total end-to-end search time: 6908686276 ns
Total end-to-end search time: 45 ns
Query: 10000, nThreads: 1, warmup: 1
====================================================================================================
(ns)
Load index... Graph level 5..
Total end-to-end search time: 6923263041 ns
Total end-to-end search time: 44 ns
Query: 10000, nThreads: 1, warmup: 1
====================================================================================================
(ns)
Load index... Graph level 5..
Total end-to-end search time: 7011625136 ns
Total end-to-end search time: 44 ns
Query: 10000, nThreads: 1, warmup: 1
====================================================================================================
(ns)
Load index... Graph level 5..
Total end-to-end search time: 6929125782 ns
Total end-to-end search time: 43 ns
Query: 10000, nThreads: 1, warmup: 1
====================================================================================================
(ns)
Load index... Graph level 5..
Total end-to-end search time: 6942501710 ns
Total end-to-end search time: 49 ns
Query: 10000, nThreads: 1, warmup: 1
====================================================================================================
(ns)
Load index... Graph level 5..
Total end-to-end search time: 6914252007 ns
Total end-to-end search time: 49 ns
Query: 10000, nThreads: 1, warmup: 1
====================================================================================================
(ns)
Load index... Graph level 5..
Total end-to-end search time: 6939171417 ns
Total end-to-end search time: 58 ns
Query: 10000, nThreads: 1, warmup: 1
====================================================================================================
(ns)
Load index... Graph level 5..
Total end-to-end search time: 6942628205 ns
Total end-to-end search time: 42 ns
Query: 10000, nThreads: 1, warmup: 1
====================================================================================================
(ns)
Load index... Graph level 5..
Total end-to-end search time: 6920956553 ns
Total end-to-end search time: 44 ns
Query: 10000, nThreads: 1, warmup: 1
====================================================================================================
(ns)
Load index... Graph level 5..
Total end-to-end search time: 6938786694 ns
Total end-to-end search time: 44 ns
Query: 10000, nThreads: 1, warmup: 1
====================================================================================================
(ns)
Load index... Graph level 5..
Total end-to-end search time: 6946365265 ns
Total end-to-end search time: 44 ns
Query: 10000, nThreads: 1, warmup: 1
====================================================================================================
(ns)
Load index... Graph level 5..
Total end-to-end search time: 6910681534 ns
Total end-to-end search time: 53 ns
Query: 10000, nThreads: 1, warmup: 1
====================================================================================================
(ns)
Load index... Graph level 5..
Total end-to-end search time: 6934671995 ns
Total end-to-end search time: 45 ns
