Query: 128, nThreads: 1, warmup: 8
====================================================================================================
(ns)
Load index... Graph level 5..
Total end-to-end search time: 85901805 ns
Total end-to-end search time: 95044619 ns
Total end-to-end search time: 100054399 ns
Total end-to-end search time: 93232966 ns
Total end-to-end search time: 84639213 ns
Total end-to-end search time: 81414552 ns
Total end-to-end search time: 90157023 ns
Total end-to-end search time: 95545516 ns
Total end-to-end search time: 91696639 ns
Query: 128, nThreads: 1, warmup: 8
====================================================================================================
(ns)
Load index... Graph level 5..
Total end-to-end search time: 87283031 ns
Total end-to-end search time: 96287017 ns
Total end-to-end search time: 101272970 ns
Total end-to-end search time: 94578274 ns
Total end-to-end search time: 85881331 ns
Total end-to-end search time: 82747756 ns
Total end-to-end search time: 91383223 ns
Total end-to-end search time: 96787457 ns
Total end-to-end search time: 93525471 ns
Query: 128, nThreads: 1, warmup: 8
====================================================================================================
(ns)
Load index... Graph level 5..
Total end-to-end search time: 86072014 ns
Total end-to-end search time: 94566751 ns
Total end-to-end search time: 99881887 ns
Total end-to-end search time: 93288754 ns
Total end-to-end search time: 84715097 ns
Total end-to-end search time: 81147048 ns
Total end-to-end search time: 89549976 ns
Total end-to-end search time: 95516229 ns
Total end-to-end search time: 91903816 ns
Query: 128, nThreads: 1, warmup: 8
====================================================================================================
(ns)
Load index... Graph level 5..
Total end-to-end search time: 87601542 ns
Total end-to-end search time: 96393586 ns
Total end-to-end search time: 101398479 ns
Total end-to-end search time: 95165444 ns
Total end-to-end search time: 85682842 ns
Total end-to-end search time: 82518286 ns
Total end-to-end search time: 91311966 ns
Total end-to-end search time: 96591962 ns
Total end-to-end search time: 93296521 ns
Query: 128, nThreads: 1, warmup: 8
====================================================================================================
(ns)
Load index... Graph level 5..
Total end-to-end search time: 85744141 ns
Total end-to-end search time: 94768238 ns
Total end-to-end search time: 99910812 ns
Total end-to-end search time: 92945606 ns
Total end-to-end search time: 84405886 ns
Total end-to-end search time: 80970992 ns
Total end-to-end search time: 89377415 ns
Total end-to-end search time: 95871190 ns
Total end-to-end search time: 92109930 ns
Query: 128, nThreads: 1, warmup: 8
====================================================================================================
(ns)
Load index... Graph level 5..
Total end-to-end search time: 87543409 ns
Total end-to-end search time: 96473281 ns
Total end-to-end search time: 101073132 ns
Total end-to-end search time: 93821309 ns
Total end-to-end search time: 85089380 ns
Total end-to-end search time: 81649933 ns
Total end-to-end search time: 90175232 ns
Total end-to-end search time: 95701011 ns
Total end-to-end search time: 92082941 ns
Query: 128, nThreads: 1, warmup: 8
====================================================================================================
(ns)
Load index... Graph level 5..
Total end-to-end search time: 87342462 ns
Total end-to-end search time: 96335627 ns
Total end-to-end search time: 101964170 ns
Total end-to-end search time: 94254874 ns
Total end-to-end search time: 85643431 ns
Total end-to-end search time: 82141556 ns
Total end-to-end search time: 90818595 ns
Total end-to-end search time: 96774606 ns
Total end-to-end search time: 92644496 ns
Query: 128, nThreads: 1, warmup: 8
====================================================================================================
(ns)
Load index... Graph level 5..
Total end-to-end search time: 86534110 ns
Total end-to-end search time: 94792645 ns
Total end-to-end search time: 100011466 ns
Total end-to-end search time: 93429087 ns
Total end-to-end search time: 84538460 ns
Total end-to-end search time: 81123874 ns
Total end-to-end search time: 89732212 ns
Total end-to-end search time: 95204065 ns
Total end-to-end search time: 91826818 ns
Query: 128, nThreads: 1, warmup: 8
====================================================================================================
(ns)
Load index... Graph level 5..
Total end-to-end search time: 87317290 ns
Total end-to-end search time: 96062774 ns
Total end-to-end search time: 101438932 ns
Total end-to-end search time: 94896199 ns
Total end-to-end search time: 86360984 ns
Total end-to-end search time: 82114258 ns
Total end-to-end search time: 90899416 ns
Total end-to-end search time: 96568525 ns
Total end-to-end search time: 92989609 ns
Query: 128, nThreads: 1, warmup: 8
====================================================================================================
(ns)
Load index... Graph level 5..
Total end-to-end search time: 86250375 ns
Total end-to-end search time: 94769233 ns
Total end-to-end search time: 100286441 ns
Total end-to-end search time: 93536478 ns
Total end-to-end search time: 85089458 ns
Total end-to-end search time: 81562428 ns
Total end-to-end search time: 90214985 ns
Total end-to-end search time: 95561387 ns
Total end-to-end search time: 91954154 ns
Query: 128, nThreads: 1, warmup: 8
====================================================================================================
(ns)
Load index... Graph level 5..
Total end-to-end search time: 86027842 ns
Total end-to-end search time: 94341700 ns
Total end-to-end search time: 100606403 ns
Total end-to-end search time: 93878879 ns
Total end-to-end search time: 85109568 ns
Total end-to-end search time: 82012620 ns
Total end-to-end search time: 90421261 ns
Total end-to-end search time: 95594454 ns
Total end-to-end search time: 92128145 ns
Query: 128, nThreads: 1, warmup: 8
====================================================================================================
(ns)
Load index... Graph level 5..
Total end-to-end search time: 87229709 ns
Total end-to-end search time: 95877979 ns
Total end-to-end search time: 101490551 ns
Total end-to-end search time: 94564620 ns
Total end-to-end search time: 85959663 ns
Total end-to-end search time: 82724806 ns
Total end-to-end search time: 91471565 ns
Total end-to-end search time: 96097186 ns
Total end-to-end search time: 92160716 ns
Query: 128, nThreads: 1, warmup: 8
====================================================================================================
(ns)
Load index... Graph level 5..
Total end-to-end search time: 86818234 ns
Total end-to-end search time: 95280521 ns
Total end-to-end search time: 100441883 ns
Total end-to-end search time: 93580154 ns
Total end-to-end search time: 84951791 ns
Total end-to-end search time: 81364835 ns
Total end-to-end search time: 90075820 ns
Total end-to-end search time: 95578700 ns
Total end-to-end search time: 92206847 ns
Query: 128, nThreads: 1, warmup: 8
====================================================================================================
(ns)
Load index... Graph level 5..
Total end-to-end search time: 86458260 ns
Total end-to-end search time: 95254379 ns
Total end-to-end search time: 100890088 ns
Total end-to-end search time: 93931256 ns
Total end-to-end search time: 85044039 ns
Total end-to-end search time: 81504161 ns
Total end-to-end search time: 90067922 ns
Total end-to-end search time: 95837069 ns
Total end-to-end search time: 92269750 ns
Query: 128, nThreads: 1, warmup: 8
====================================================================================================
(ns)
Load index... Graph level 5..
Total end-to-end search time: 85463135 ns
Total end-to-end search time: 93907142 ns
Total end-to-end search time: 99142892 ns
Total end-to-end search time: 92619032 ns
Total end-to-end search time: 84115955 ns
Total end-to-end search time: 80580782 ns
Total end-to-end search time: 88937501 ns
Total end-to-end search time: 94661922 ns
Total end-to-end search time: 91674457 ns
Query: 128, nThreads: 1, warmup: 8
====================================================================================================
(ns)
Load index... Graph level 5..
Total end-to-end search time: 87441330 ns
Total end-to-end search time: 95333498 ns
Total end-to-end search time: 100522115 ns
Total end-to-end search time: 94090484 ns
Total end-to-end search time: 85080779 ns
Total end-to-end search time: 81792763 ns
Total end-to-end search time: 90362739 ns
Total end-to-end search time: 95636624 ns
Total end-to-end search time: 92376687 ns
Query: 128, nThreads: 1, warmup: 8
====================================================================================================
(ns)
Load index... Graph level 5..
Total end-to-end search time: 85402396 ns
Total end-to-end search time: 94079904 ns
Total end-to-end search time: 99315753 ns
Total end-to-end search time: 92405541 ns
Total end-to-end search time: 84330551 ns
Total end-to-end search time: 80474687 ns
Total end-to-end search time: 88988409 ns
Total end-to-end search time: 94689927 ns
Total end-to-end search time: 91046701 ns
Query: 128, nThreads: 1, warmup: 8
====================================================================================================
(ns)
Load index... Graph level 5..
Total end-to-end search time: 87803799 ns
Total end-to-end search time: 96450556 ns
Total end-to-end search time: 101539479 ns
Total end-to-end search time: 94262812 ns
Total end-to-end search time: 84617352 ns
Total end-to-end search time: 81103199 ns
Total end-to-end search time: 89586217 ns
Total end-to-end search time: 94938099 ns
Total end-to-end search time: 91484426 ns
Query: 128, nThreads: 1, warmup: 8
====================================================================================================
(ns)
Load index... Graph level 5..
Total end-to-end search time: 85966278 ns
Total end-to-end search time: 94832754 ns
Total end-to-end search time: 100301817 ns
Total end-to-end search time: 94211364 ns
Total end-to-end search time: 86259562 ns
Total end-to-end search time: 82646802 ns
Total end-to-end search time: 91223254 ns
Total end-to-end search time: 97105731 ns
Total end-to-end search time: 93789573 ns
Query: 128, nThreads: 1, warmup: 8
====================================================================================================
(ns)
Load index... Graph level 5..
Total end-to-end search time: 86479395 ns
Total end-to-end search time: 94884872 ns
Total end-to-end search time: 100397627 ns
Total end-to-end search time: 93695341 ns
Total end-to-end search time: 85577865 ns
Total end-to-end search time: 82947300 ns
Total end-to-end search time: 91411209 ns
Total end-to-end search time: 97456204 ns
Total end-to-end search time: 93275705 ns
Query: 128, nThreads: 1, warmup: 8
====================================================================================================
(ns)
Load index... Graph level 5..
Total end-to-end search time: 86200556 ns
Total end-to-end search time: 94920060 ns
Total end-to-end search time: 100305871 ns
Total end-to-end search time: 93605249 ns
Total end-to-end search time: 85072927 ns
Total end-to-end search time: 82045332 ns
Total end-to-end search time: 90255557 ns
Total end-to-end search time: 95350613 ns
Total end-to-end search time: 91825165 ns
Query: 128, nThreads: 1, warmup: 8
====================================================================================================
(ns)
Load index... Graph level 5..
Total end-to-end search time: 85357169 ns
Total end-to-end search time: 93888453 ns
Total end-to-end search time: 99361988 ns
Total end-to-end search time: 92582883 ns
Total end-to-end search time: 84274582 ns
Total end-to-end search time: 80740934 ns
Total end-to-end search time: 89387608 ns
Total end-to-end search time: 95294192 ns
Total end-to-end search time: 92173327 ns
Query: 128, nThreads: 1, warmup: 8
====================================================================================================
(ns)
Load index... Graph level 5..
Total end-to-end search time: 85543065 ns
Total end-to-end search time: 94038481 ns
Total end-to-end search time: 99556408 ns
Total end-to-end search time: 92612779 ns
Total end-to-end search time: 84389876 ns
Total end-to-end search time: 81196141 ns
Total end-to-end search time: 89456309 ns
Total end-to-end search time: 95823461 ns
Total end-to-end search time: 93721784 ns
Query: 128, nThreads: 1, warmup: 8
====================================================================================================
(ns)
Load index... Graph level 5..
Total end-to-end search time: 85439483 ns
Total end-to-end search time: 93961670 ns
Total end-to-end search time: 99283245 ns
Total end-to-end search time: 92728569 ns
Total end-to-end search time: 83890295 ns
Total end-to-end search time: 80634424 ns
Total end-to-end search time: 88943375 ns
Total end-to-end search time: 94558915 ns
Total end-to-end search time: 92456088 ns
Query: 128, nThreads: 1, warmup: 8
====================================================================================================
(ns)
Load index... Graph level 5..
Total end-to-end search time: 86191395 ns
Total end-to-end search time: 94845790 ns
Total end-to-end search time: 100148910 ns
Total end-to-end search time: 93183574 ns
Total end-to-end search time: 84647936 ns
Total end-to-end search time: 81178054 ns
Total end-to-end search time: 89655146 ns
Total end-to-end search time: 95185709 ns
Total end-to-end search time: 91680023 ns
Query: 128, nThreads: 1, warmup: 8
====================================================================================================
(ns)
Load index... Graph level 5..
Total end-to-end search time: 85750188 ns
Total end-to-end search time: 94422253 ns
Total end-to-end search time: 99775568 ns
Total end-to-end search time: 93070541 ns
Total end-to-end search time: 84571594 ns
Total end-to-end search time: 80999846 ns
Total end-to-end search time: 89646101 ns
Total end-to-end search time: 95239563 ns
Total end-to-end search time: 91447606 ns
Query: 128, nThreads: 1, warmup: 8
====================================================================================================
(ns)
Load index... Graph level 5..
Total end-to-end search time: 86510485 ns
Total end-to-end search time: 94703466 ns
Total end-to-end search time: 100487911 ns
Total end-to-end search time: 93117980 ns
Total end-to-end search time: 84917345 ns
Total end-to-end search time: 81393689 ns
Total end-to-end search time: 89889947 ns
Total end-to-end search time: 95192167 ns
Total end-to-end search time: 91663975 ns
Query: 128, nThreads: 1, warmup: 8
====================================================================================================
(ns)
Load index... Graph level 5..
Total end-to-end search time: 85777731 ns
Total end-to-end search time: 94703169 ns
Total end-to-end search time: 99382871 ns
Total end-to-end search time: 92534946 ns
Total end-to-end search time: 84406221 ns
Total end-to-end search time: 80707296 ns
Total end-to-end search time: 89019870 ns
Total end-to-end search time: 94382605 ns
Total end-to-end search time: 91853435 ns
Query: 128, nThreads: 1, warmup: 8
====================================================================================================
(ns)
Load index... Graph level 5..
Total end-to-end search time: 85604420 ns
Total end-to-end search time: 93832792 ns
Total end-to-end search time: 99447021 ns
Total end-to-end search time: 92960507 ns
Total end-to-end search time: 84046175 ns
Total end-to-end search time: 80680924 ns
Total end-to-end search time: 89337468 ns
Total end-to-end search time: 94502449 ns
Total end-to-end search time: 90850586 ns
Query: 128, nThreads: 1, warmup: 8
====================================================================================================
(ns)
Load index... Graph level 5..
Total end-to-end search time: 86992709 ns
Total end-to-end search time: 95948906 ns
Total end-to-end search time: 101889376 ns
Total end-to-end search time: 94676437 ns
Total end-to-end search time: 85976146 ns
Total end-to-end search time: 82296749 ns
Total end-to-end search time: 90815570 ns
Total end-to-end search time: 96381765 ns
Total end-to-end search time: 92771625 ns
