Query: 2048, nThreads: 2, warmup: 1
====================================================================================================
(ns)
Load index... Graph level 5..
Total end-to-end search time: 742870708 ns
Total end-to-end search time: 728937704 ns
Query: 2048, nThreads: 2, warmup: 1
====================================================================================================
(ns)
Load index... Graph level 5..
Total end-to-end search time: 739725738 ns
Total end-to-end search time: 736461898 ns
Query: 2048, nThreads: 2, warmup: 1
====================================================================================================
(ns)
Load index... Graph level 5..
Total end-to-end search time: 743740519 ns
Total end-to-end search time: 728221069 ns
Query: 2048, nThreads: 2, warmup: 1
====================================================================================================
(ns)
Load index... Graph level 5..
Total end-to-end search time: 750346993 ns
Total end-to-end search time: 739343130 ns
Query: 2048, nThreads: 2, warmup: 1
====================================================================================================
(ns)
Load index... Graph level 5..
Total end-to-end search time: 747378896 ns
Total end-to-end search time: 729662607 ns
Query: 2048, nThreads: 2, warmup: 1
====================================================================================================
(ns)
Load index... Graph level 5..
Total end-to-end search time: 747948668 ns
Total end-to-end search time: 729864377 ns
Query: 2048, nThreads: 2, warmup: 1
====================================================================================================
(ns)
Load index... Graph level 5..
Total end-to-end search time: 744273232 ns
Total end-to-end search time: 729546738 ns
Query: 2048, nThreads: 2, warmup: 1
====================================================================================================
(ns)
Load index... Graph level 5..
Total end-to-end search time: 743152953 ns
Total end-to-end search time: 728730554 ns
Query: 2048, nThreads: 2, warmup: 1
====================================================================================================
(ns)
Load index... Graph level 5..
Total end-to-end search time: 747971805 ns
Total end-to-end search time: 729517523 ns
Query: 2048, nThreads: 2, warmup: 1
====================================================================================================
(ns)
Load index... Graph level 5..
Total end-to-end search time: 744793947 ns
Total end-to-end search time: 729275583 ns
Query: 2048, nThreads: 2, warmup: 1
====================================================================================================
(ns)
Load index... Graph level 5..
Total end-to-end search time: 738846416 ns
Total end-to-end search time: 739519512 ns
Query: 2048, nThreads: 2, warmup: 1
====================================================================================================
(ns)
Load index... Graph level 5..
Total end-to-end search time: 743712120 ns
Total end-to-end search time: 728166986 ns
Query: 2048, nThreads: 2, warmup: 1
====================================================================================================
(ns)
Load index... Graph level 5..
Total end-to-end search time: 748171584 ns
Total end-to-end search time: 739656192 ns
Query: 2048, nThreads: 2, warmup: 1
====================================================================================================
(ns)
Load index... Graph level 5..
Total end-to-end search time: 743159432 ns
Total end-to-end search time: 728821758 ns
Query: 2048, nThreads: 2, warmup: 1
====================================================================================================
(ns)
Load index... Graph level 5..
Total end-to-end search time: 750516455 ns
Total end-to-end search time: 738841651 ns
Query: 2048, nThreads: 2, warmup: 1
====================================================================================================
(ns)
Load index... Graph level 5..
Total end-to-end search time: 743900537 ns
Total end-to-end search time: 730505581 ns
Query: 2048, nThreads: 2, warmup: 1
====================================================================================================
(ns)
Load index... Graph level 5..
Total end-to-end search time: 747105104 ns
Total end-to-end search time: 729292256 ns
Query: 2048, nThreads: 2, warmup: 1
====================================================================================================
(ns)
Load index... Graph level 5..
Total end-to-end search time: 750730736 ns
Total end-to-end search time: 733932750 ns
Query: 2048, nThreads: 2, warmup: 1
====================================================================================================
(ns)
Load index... Graph level 5..
Total end-to-end search time: 748371306 ns
Total end-to-end search time: 728744949 ns
Query: 2048, nThreads: 2, warmup: 1
====================================================================================================
(ns)
Load index... Graph level 5..
Total end-to-end search time: 747827366 ns
Total end-to-end search time: 729997822 ns
Query: 2048, nThreads: 2, warmup: 1
====================================================================================================
(ns)
Load index... Graph level 5..
Total end-to-end search time: 751171929 ns
Total end-to-end search time: 733175994 ns
Query: 2048, nThreads: 2, warmup: 1
====================================================================================================
(ns)
Load index... Graph level 5..
Total end-to-end search time: 748630913 ns
Total end-to-end search time: 729820220 ns
Query: 2048, nThreads: 2, warmup: 1
====================================================================================================
(ns)
Load index... Graph level 5..
Total end-to-end search time: 751203295 ns
Total end-to-end search time: 740712002 ns
Query: 2048, nThreads: 2, warmup: 1
====================================================================================================
(ns)
Load index... Graph level 5..
Total end-to-end search time: 747599543 ns
Total end-to-end search time: 729648048 ns
Query: 2048, nThreads: 2, warmup: 1
====================================================================================================
(ns)
Load index... Graph level 5..
Total end-to-end search time: 749512680 ns
Total end-to-end search time: 732341584 ns
Query: 2048, nThreads: 2, warmup: 1
====================================================================================================
(ns)
Load index... Graph level 5..
Total end-to-end search time: 748088427 ns
Total end-to-end search time: 730307435 ns
Query: 2048, nThreads: 2, warmup: 1
====================================================================================================
(ns)
Load index... Graph level 5..
Total end-to-end search time: 750250677 ns
Total end-to-end search time: 739445395 ns
Query: 2048, nThreads: 2, warmup: 1
====================================================================================================
(ns)
Load index... Graph level 5..
Total end-to-end search time: 747961531 ns
Total end-to-end search time: 729483337 ns
Query: 2048, nThreads: 2, warmup: 1
====================================================================================================
(ns)
Load index... Graph level 5..
Total end-to-end search time: 750891020 ns
Total end-to-end search time: 740603273 ns
Query: 2048, nThreads: 2, warmup: 1
====================================================================================================
(ns)
Load index... Graph level 5..
Total end-to-end search time: 744025683 ns
Total end-to-end search time: 729146882 ns
