Query: 256, nThreads: 2, warmup: 8
====================================================================================================
(ns)
Load index... Graph level 5..
Total end-to-end search time: 91908045 ns
Total end-to-end search time: 99252539 ns
Total end-to-end search time: 85248922 ns
Total end-to-end search time: 94668141 ns
Total end-to-end search time: 94329210 ns
Total end-to-end search time: 91388971 ns
Total end-to-end search time: 100452030 ns
Total end-to-end search time: 91508804 ns
Total end-to-end search time: 95396163 ns
Query: 256, nThreads: 2, warmup: 8
====================================================================================================
(ns)
Load index... Graph level 5..
Total end-to-end search time: 93400215 ns
Total end-to-end search time: 99581786 ns
Total end-to-end search time: 85444461 ns
Total end-to-end search time: 95046951 ns
Total end-to-end search time: 94392428 ns
Total end-to-end search time: 91315825 ns
Total end-to-end search time: 100097871 ns
Total end-to-end search time: 91859312 ns
Total end-to-end search time: 95447298 ns
Query: 256, nThreads: 2, warmup: 8
====================================================================================================
(ns)
Load index... Graph level 5..
Total end-to-end search time: 93083933 ns
Total end-to-end search time: 98771273 ns
Total end-to-end search time: 84939020 ns
Total end-to-end search time: 94101817 ns
Total end-to-end search time: 94038510 ns
Total end-to-end search time: 90965288 ns
Total end-to-end search time: 99866640 ns
Total end-to-end search time: 91334939 ns
Total end-to-end search time: 95275010 ns
Query: 256, nThreads: 2, warmup: 8
====================================================================================================
(ns)
Load index... Graph level 5..
Total end-to-end search time: 93134170 ns
Total end-to-end search time: 98777217 ns
Total end-to-end search time: 85665433 ns
Total end-to-end search time: 93985848 ns
Total end-to-end search time: 94214382 ns
Total end-to-end search time: 90615497 ns
Total end-to-end search time: 100214140 ns
Total end-to-end search time: 90889515 ns
Total end-to-end search time: 95433156 ns
Query: 256, nThreads: 2, warmup: 8
====================================================================================================
(ns)
Load index... Graph level 5..
Total end-to-end search time: 93226087 ns
Total end-to-end search time: 99495249 ns
Total end-to-end search time: 85188039 ns
Total end-to-end search time: 94916371 ns
Total end-to-end search time: 94210033 ns
Total end-to-end search time: 91348159 ns
Total end-to-end search time: 100153525 ns
Total end-to-end search time: 91862190 ns
Total end-to-end search time: 95382119 ns
Query: 256, nThreads: 2, warmup: 8
====================================================================================================
(ns)
Load index... Graph level 5..
Total end-to-end search time: 92971679 ns
Total end-to-end search time: 99435547 ns
Total end-to-end search time: 84100603 ns
Total end-to-end search time: 94513225 ns
Total end-to-end search time: 93081205 ns
Total end-to-end search time: 91128974 ns
Total end-to-end search time: 99057655 ns
Total end-to-end search time: 91958439 ns
Total end-to-end search time: 94523443 ns
Query: 256, nThreads: 2, warmup: 8
====================================================================================================
(ns)
Load index... Graph level 5..
Total end-to-end search time: 92653347 ns
Total end-to-end search time: 99442956 ns
Total end-to-end search time: 85456658 ns
Total end-to-end search time: 94968584 ns
Total end-to-end search time: 94256067 ns
Total end-to-end search time: 91385552 ns
Total end-to-end search time: 100310514 ns
Total end-to-end search time: 92094002 ns
Total end-to-end search time: 95591584 ns
Query: 256, nThreads: 2, warmup: 8
====================================================================================================
(ns)
Load index... Graph level 5..
Total end-to-end search time: 92601025 ns
Total end-to-end search time: 98301039 ns
Total end-to-end search time: 84477002 ns
Total end-to-end search time: 93830688 ns
Total end-to-end search time: 93586604 ns
Total end-to-end search time: 89977312 ns
Total end-to-end search time: 99457972 ns
Total end-to-end search time: 90521243 ns
Total end-to-end search time: 94512000 ns
Query: 256, nThreads: 2, warmup: 8
====================================================================================================
(ns)
Load index... Graph level 5..
Total end-to-end search time: 93146275 ns
Total end-to-end search time: 98313940 ns
Total end-to-end search time: 85056798 ns
Total end-to-end search time: 93696966 ns
Total end-to-end search time: 94237836 ns
Total end-to-end search time: 90370618 ns
Total end-to-end search time: 99921606 ns
Total end-to-end search time: 90851240 ns
Total end-to-end search time: 95776943 ns
Query: 256, nThreads: 2, warmup: 8
====================================================================================================
(ns)
Load index... Graph level 5..
Total end-to-end search time: 93460665 ns
Total end-to-end search time: 100030968 ns
Total end-to-end search time: 85551476 ns
Total end-to-end search time: 95408679 ns
Total end-to-end search time: 94594493 ns
Total end-to-end search time: 91593463 ns
Total end-to-end search time: 100322195 ns
Total end-to-end search time: 91918381 ns
Total end-to-end search time: 95654877 ns
Query: 256, nThreads: 2, warmup: 8
====================================================================================================
(ns)
Load index... Graph level 5..
Total end-to-end search time: 91919661 ns
Total end-to-end search time: 98666112 ns
Total end-to-end search time: 85665815 ns
Total end-to-end search time: 93714203 ns
Total end-to-end search time: 94167734 ns
Total end-to-end search time: 90046278 ns
Total end-to-end search time: 100313590 ns
Total end-to-end search time: 91044195 ns
Total end-to-end search time: 95441080 ns
Query: 256, nThreads: 2, warmup: 8
====================================================================================================
(ns)
Load index... Graph level 5..
Total end-to-end search time: 92528608 ns
Total end-to-end search time: 98161835 ns
Total end-to-end search time: 84847693 ns
Total end-to-end search time: 93764467 ns
Total end-to-end search time: 93524390 ns
Total end-to-end search time: 90109213 ns
Total end-to-end search time: 99198208 ns
Total end-to-end search time: 90467629 ns
Total end-to-end search time: 94814150 ns
Query: 256, nThreads: 2, warmup: 8
====================================================================================================
(ns)
Load index... Graph level 5..
Total end-to-end search time: 93186967 ns
Total end-to-end search time: 98490785 ns
Total end-to-end search time: 84853680 ns
Total end-to-end search time: 95362615 ns
Total end-to-end search time: 93818814 ns
Total end-to-end search time: 91610372 ns
Total end-to-end search time: 99780689 ns
Total end-to-end search time: 92003288 ns
Total end-to-end search time: 95180987 ns
Query: 256, nThreads: 2, warmup: 8
====================================================================================================
(ns)
Load index... Graph level 5..
Total end-to-end search time: 92632680 ns
Total end-to-end search time: 98581455 ns
Total end-to-end search time: 84736505 ns
Total end-to-end search time: 93865388 ns
Total end-to-end search time: 93727597 ns
Total end-to-end search time: 90139577 ns
Total end-to-end search time: 99278363 ns
Total end-to-end search time: 90665039 ns
Total end-to-end search time: 94687018 ns
Query: 256, nThreads: 2, warmup: 8
====================================================================================================
(ns)
Load index... Graph level 5..
Total end-to-end search time: 93600828 ns
Total end-to-end search time: 99009001 ns
Total end-to-end search time: 85223204 ns
Total end-to-end search time: 94230748 ns
Total end-to-end search time: 94391101 ns
Total end-to-end search time: 90936837 ns
Total end-to-end search time: 100535858 ns
Total end-to-end search time: 91298125 ns
Total end-to-end search time: 95428987 ns
Query: 256, nThreads: 2, warmup: 8
====================================================================================================
(ns)
Load index... Graph level 5..
Total end-to-end search time: 93160918 ns
Total end-to-end search time: 98441648 ns
Total end-to-end search time: 85445693 ns
Total end-to-end search time: 94596982 ns
Total end-to-end search time: 94240166 ns
Total end-to-end search time: 91084710 ns
Total end-to-end search time: 100546245 ns
Total end-to-end search time: 91741262 ns
Total end-to-end search time: 95242054 ns
Query: 256, nThreads: 2, warmup: 8
====================================================================================================
(ns)
Load index... Graph level 5..
Total end-to-end search time: 93647005 ns
Total end-to-end search time: 99662255 ns
Total end-to-end search time: 85351572 ns
Total end-to-end search time: 94258063 ns
Total end-to-end search time: 94269890 ns
Total end-to-end search time: 91313941 ns
Total end-to-end search time: 100549051 ns
Total end-to-end search time: 91066085 ns
Total end-to-end search time: 95381023 ns
Query: 256, nThreads: 2, warmup: 8
====================================================================================================
(ns)
Load index... Graph level 5..
Total end-to-end search time: 93230406 ns
Total end-to-end search time: 98328774 ns
Total end-to-end search time: 85081441 ns
Total end-to-end search time: 93675595 ns
Total end-to-end search time: 94050026 ns
Total end-to-end search time: 90140462 ns
Total end-to-end search time: 99806799 ns
Total end-to-end search time: 90430871 ns
Total end-to-end search time: 94884273 ns
Query: 256, nThreads: 2, warmup: 8
====================================================================================================
(ns)
Load index... Graph level 5..
Total end-to-end search time: 93699554 ns
Total end-to-end search time: 99735873 ns
Total end-to-end search time: 85434913 ns
Total end-to-end search time: 95026182 ns
Total end-to-end search time: 94058693 ns
Total end-to-end search time: 91842787 ns
Total end-to-end search time: 100430087 ns
Total end-to-end search time: 92184764 ns
Total end-to-end search time: 95525971 ns
Query: 256, nThreads: 2, warmup: 8
====================================================================================================
(ns)
Load index... Graph level 5..
Total end-to-end search time: 92516634 ns
Total end-to-end search time: 98767442 ns
Total end-to-end search time: 84115104 ns
Total end-to-end search time: 93706729 ns
Total end-to-end search time: 93207030 ns
Total end-to-end search time: 90176511 ns
Total end-to-end search time: 99069921 ns
Total end-to-end search time: 90573090 ns
Total end-to-end search time: 94287873 ns
Query: 256, nThreads: 2, warmup: 8
====================================================================================================
(ns)
Load index... Graph level 5..
Total end-to-end search time: 93307918 ns
Total end-to-end search time: 98554940 ns
Total end-to-end search time: 84995545 ns
Total end-to-end search time: 93698098 ns
Total end-to-end search time: 93809630 ns
Total end-to-end search time: 90356925 ns
Total end-to-end search time: 100206195 ns
Total end-to-end search time: 90797100 ns
Total end-to-end search time: 95071668 ns
Query: 256, nThreads: 2, warmup: 8
====================================================================================================
(ns)
Load index... Graph level 5..
Total end-to-end search time: 93854882 ns
Total end-to-end search time: 99790651 ns
Total end-to-end search time: 85342192 ns
Total end-to-end search time: 93968873 ns
Total end-to-end search time: 94268958 ns
Total end-to-end search time: 90843823 ns
Total end-to-end search time: 100168405 ns
Total end-to-end search time: 90914015 ns
Total end-to-end search time: 95247756 ns
Query: 256, nThreads: 2, warmup: 8
====================================================================================================
(ns)
Load index... Graph level 5..
Total end-to-end search time: 92957698 ns
Total end-to-end search time: 98792853 ns
Total end-to-end search time: 85079041 ns
Total end-to-end search time: 93939579 ns
Total end-to-end search time: 94092712 ns
Total end-to-end search time: 90231852 ns
Total end-to-end search time: 99826593 ns
Total end-to-end search time: 90567764 ns
Total end-to-end search time: 95072974 ns
Query: 256, nThreads: 2, warmup: 8
====================================================================================================
(ns)
Load index... Graph level 5..
Total end-to-end search time: 93335438 ns
Total end-to-end search time: 98477713 ns
Total end-to-end search time: 85109830 ns
Total end-to-end search time: 93715692 ns
Total end-to-end search time: 94029281 ns
Total end-to-end search time: 90269115 ns
Total end-to-end search time: 99959340 ns
Total end-to-end search time: 90581438 ns
Total end-to-end search time: 95111836 ns
Query: 256, nThreads: 2, warmup: 8
====================================================================================================
(ns)
Load index... Graph level 5..
Total end-to-end search time: 93449639 ns
Total end-to-end search time: 98879022 ns
Total end-to-end search time: 85354638 ns
Total end-to-end search time: 94373843 ns
Total end-to-end search time: 94149513 ns
Total end-to-end search time: 90538285 ns
Total end-to-end search time: 100214925 ns
Total end-to-end search time: 90956937 ns
Total end-to-end search time: 95656478 ns
Query: 256, nThreads: 2, warmup: 8
====================================================================================================
(ns)
Load index... Graph level 5..
Total end-to-end search time: 92960151 ns
Total end-to-end search time: 98282737 ns
Total end-to-end search time: 84830251 ns
Total end-to-end search time: 94035816 ns
Total end-to-end search time: 94009384 ns
Total end-to-end search time: 90245715 ns
Total end-to-end search time: 100051759 ns
Total end-to-end search time: 90502052 ns
Total end-to-end search time: 94848910 ns
Query: 256, nThreads: 2, warmup: 8
====================================================================================================
(ns)
Load index... Graph level 5..
Total end-to-end search time: 92614331 ns
Total end-to-end search time: 99375327 ns
Total end-to-end search time: 85292533 ns
Total end-to-end search time: 94791524 ns
Total end-to-end search time: 94528447 ns
Total end-to-end search time: 91529461 ns
Total end-to-end search time: 100298235 ns
Total end-to-end search time: 91922727 ns
Total end-to-end search time: 95480946 ns
Query: 256, nThreads: 2, warmup: 8
====================================================================================================
(ns)
Load index... Graph level 5..
Total end-to-end search time: 93055178 ns
Total end-to-end search time: 98478608 ns
Total end-to-end search time: 85201606 ns
Total end-to-end search time: 94796913 ns
Total end-to-end search time: 94423971 ns
Total end-to-end search time: 91509995 ns
Total end-to-end search time: 100382124 ns
Total end-to-end search time: 91816242 ns
Total end-to-end search time: 95398102 ns
Query: 256, nThreads: 2, warmup: 8
====================================================================================================
(ns)
Load index... Graph level 5..
Total end-to-end search time: 93445495 ns
Total end-to-end search time: 99060796 ns
Total end-to-end search time: 85547781 ns
Total end-to-end search time: 94172152 ns
Total end-to-end search time: 94253664 ns
Total end-to-end search time: 90535486 ns
Total end-to-end search time: 100521102 ns
Total end-to-end search time: 91211613 ns
Total end-to-end search time: 95486742 ns
Query: 256, nThreads: 2, warmup: 8
====================================================================================================
(ns)
Load index... Graph level 5..
Total end-to-end search time: 93292522 ns
Total end-to-end search time: 98512341 ns
Total end-to-end search time: 85065724 ns
Total end-to-end search time: 95348193 ns
Total end-to-end search time: 94099140 ns
Total end-to-end search time: 91471765 ns
Total end-to-end search time: 99960554 ns
Total end-to-end search time: 91997957 ns
Total end-to-end search time: 95040549 ns
