Query: 256, nThreads: 32, warmup: 8
====================================================================================================
(ns)
Load index... Graph level 5..
Total end-to-end search time: 52991942 ns
Total end-to-end search time: 52583102 ns
Total end-to-end search time: 44707208 ns
Total end-to-end search time: 49998083 ns
Total end-to-end search time: 49654482 ns
Total end-to-end search time: 48146231 ns
Total end-to-end search time: 52669312 ns
Total end-to-end search time: 48200100 ns
Total end-to-end search time: 49173358 ns
Query: 256, nThreads: 32, warmup: 8
====================================================================================================
(ns)
Load index... Graph level 5..
Total end-to-end search time: 53609622 ns
Total end-to-end search time: 52319940 ns
Total end-to-end search time: 44781584 ns
Total end-to-end search time: 49918248 ns
Total end-to-end search time: 49797517 ns
Total end-to-end search time: 48047770 ns
Total end-to-end search time: 53499601 ns
Total end-to-end search time: 48181079 ns
Total end-to-end search time: 49319955 ns
Query: 256, nThreads: 32, warmup: 8
====================================================================================================
(ns)
Load index... Graph level 5..
Total end-to-end search time: 53110368 ns
Total end-to-end search time: 52401628 ns
Total end-to-end search time: 44818035 ns
Total end-to-end search time: 50388991 ns
Total end-to-end search time: 49492107 ns
Total end-to-end search time: 48024128 ns
Total end-to-end search time: 52480345 ns
Total end-to-end search time: 48142928 ns
Total end-to-end search time: 49227066 ns
Query: 256, nThreads: 32, warmup: 8
====================================================================================================
(ns)
Load index... Graph level 5..
Total end-to-end search time: 51188196 ns
Total end-to-end search time: 53943662 ns
Total end-to-end search time: 44895485 ns
Total end-to-end search time: 49887755 ns
Total end-to-end search time: 49558703 ns
Total end-to-end search time: 48003194 ns
Total end-to-end search time: 52890504 ns
Total end-to-end search time: 48223334 ns
Total end-to-end search time: 49538607 ns
Query: 256, nThreads: 32, warmup: 8
====================================================================================================
(ns)
Load index... Graph level 5..
Total end-to-end search time: 53073763 ns
Total end-to-end search time: 52328925 ns
Total end-to-end search time: 44801762 ns
Total end-to-end search time: 49751353 ns
Total end-to-end search time: 50445522 ns
Total end-to-end search time: 48516257 ns
Total end-to-end search time: 52572956 ns
Total end-to-end search time: 47720455 ns
Total end-to-end search time: 50043152 ns
Query: 256, nThreads: 32, warmup: 8
====================================================================================================
(ns)
Load index... Graph level 5..
Total end-to-end search time: 53417939 ns
Total end-to-end search time: 52211551 ns
Total end-to-end search time: 44807390 ns
Total end-to-end search time: 50022324 ns
Total end-to-end search time: 49689670 ns
Total end-to-end search time: 48216321 ns
Total end-to-end search time: 52394664 ns
Total end-to-end search time: 47643104 ns
Total end-to-end search time: 49327350 ns
Query: 256, nThreads: 32, warmup: 8
====================================================================================================
(ns)
Load index... Graph level 5..
Total end-to-end search time: 52573372 ns
Total end-to-end search time: 52895907 ns
Total end-to-end search time: 44849196 ns
Total end-to-end search time: 49853044 ns
Total end-to-end search time: 50199703 ns
Total end-to-end search time: 48062184 ns
Total end-to-end search time: 52773698 ns
Total end-to-end search time: 47805444 ns
Total end-to-end search time: 49935037 ns
Query: 256, nThreads: 32, warmup: 8
====================================================================================================
(ns)
Load index... Graph level 5..
Total end-to-end search time: 52678635 ns
Total end-to-end search time: 53427051 ns
Total end-to-end search time: 44902797 ns
Total end-to-end search time: 50234839 ns
Total end-to-end search time: 50070171 ns
Total end-to-end search time: 48381700 ns
Total end-to-end search time: 52218772 ns
Total end-to-end search time: 47759259 ns
Total end-to-end search time: 50606375 ns
Query: 256, nThreads: 32, warmup: 8
====================================================================================================
(ns)
Load index... Graph level 5..
Total end-to-end search time: 51310155 ns
Total end-to-end search time: 53327911 ns
Total end-to-end search time: 45088302 ns
Total end-to-end search time: 49853393 ns
Total end-to-end search time: 49544600 ns
Total end-to-end search time: 47936199 ns
Total end-to-end search time: 52583049 ns
Total end-to-end search time: 47649105 ns
Total end-to-end search time: 49236051 ns
Query: 256, nThreads: 32, warmup: 8
====================================================================================================
(ns)
Load index... Graph level 5..
Total end-to-end search time: 52420357 ns
Total end-to-end search time: 52646922 ns
Total end-to-end search time: 45142138 ns
Total end-to-end search time: 50236847 ns
Total end-to-end search time: 49542429 ns
Total end-to-end search time: 47817839 ns
Total end-to-end search time: 52599121 ns
Total end-to-end search time: 48849841 ns
Total end-to-end search time: 49416968 ns
Query: 256, nThreads: 32, warmup: 8
====================================================================================================
(ns)
Load index... Graph level 5..
Total end-to-end search time: 53073979 ns
Total end-to-end search time: 52597072 ns
Total end-to-end search time: 45046691 ns
Total end-to-end search time: 49988038 ns
Total end-to-end search time: 49713433 ns
Total end-to-end search time: 48174623 ns
Total end-to-end search time: 51781894 ns
Total end-to-end search time: 47451183 ns
Total end-to-end search time: 49410829 ns
Query: 256, nThreads: 32, warmup: 8
====================================================================================================
(ns)
Load index... Graph level 5..
Total end-to-end search time: 51596230 ns
Total end-to-end search time: 53530931 ns
Total end-to-end search time: 44814744 ns
Total end-to-end search time: 49839241 ns
Total end-to-end search time: 49990414 ns
Total end-to-end search time: 47995772 ns
Total end-to-end search time: 51966872 ns
Total end-to-end search time: 47512845 ns
Total end-to-end search time: 49465909 ns
Query: 256, nThreads: 32, warmup: 8
====================================================================================================
(ns)
Load index... Graph level 5..
Total end-to-end search time: 53432506 ns
Total end-to-end search time: 52351031 ns
Total end-to-end search time: 44622576 ns
Total end-to-end search time: 49975237 ns
Total end-to-end search time: 49651467 ns
Total end-to-end search time: 47883108 ns
Total end-to-end search time: 52271765 ns
Total end-to-end search time: 47858588 ns
Total end-to-end search time: 50336763 ns
Query: 256, nThreads: 32, warmup: 8
====================================================================================================
(ns)
Load index... Graph level 5..
Total end-to-end search time: 52553384 ns
Total end-to-end search time: 53756547 ns
Total end-to-end search time: 44844872 ns
Total end-to-end search time: 50057639 ns
Total end-to-end search time: 49690291 ns
Total end-to-end search time: 48332965 ns
Total end-to-end search time: 52314729 ns
Total end-to-end search time: 47299377 ns
Total end-to-end search time: 49986247 ns
Query: 256, nThreads: 32, warmup: 8
====================================================================================================
(ns)
Load index... Graph level 5..
Total end-to-end search time: 53236609 ns
Total end-to-end search time: 52375748 ns
Total end-to-end search time: 44914540 ns
Total end-to-end search time: 49908689 ns
Total end-to-end search time: 49723645 ns
Total end-to-end search time: 48158277 ns
Total end-to-end search time: 51835445 ns
Total end-to-end search time: 47893272 ns
Total end-to-end search time: 52374758 ns
Query: 256, nThreads: 32, warmup: 8
====================================================================================================
(ns)
Load index... Graph level 5..
Total end-to-end search time: 52771424 ns
Total end-to-end search time: 52390674 ns
Total end-to-end search time: 45083399 ns
Total end-to-end search time: 49906907 ns
Total end-to-end search time: 49708316 ns
Total end-to-end search time: 48187888 ns
Total end-to-end search time: 52595343 ns
Total end-to-end search time: 47776565 ns
Total end-to-end search time: 50259564 ns
Query: 256, nThreads: 32, warmup: 8
====================================================================================================
(ns)
Load index... Graph level 5..
Total end-to-end search time: 52984655 ns
Total end-to-end search time: 52773343 ns
Total end-to-end search time: 45333442 ns
Total end-to-end search time: 50174659 ns
Total end-to-end search time: 49526883 ns
Total end-to-end search time: 48022812 ns
Total end-to-end search time: 52777883 ns
Total end-to-end search time: 47352277 ns
Total end-to-end search time: 49069131 ns
Query: 256, nThreads: 32, warmup: 8
====================================================================================================
(ns)
Load index... Graph level 5..
Total end-to-end search time: 51450742 ns
Total end-to-end search time: 53988273 ns
Total end-to-end search time: 44976933 ns
Total end-to-end search time: 49776878 ns
Total end-to-end search time: 49625577 ns
Total end-to-end search time: 47949783 ns
Total end-to-end search time: 52440368 ns
Total end-to-end search time: 48460818 ns
Total end-to-end search time: 49395194 ns
Query: 256, nThreads: 32, warmup: 8
====================================================================================================
(ns)
Load index... Graph level 5..
Total end-to-end search time: 52825926 ns
Total end-to-end search time: 52981026 ns
Total end-to-end search time: 44810382 ns
Total end-to-end search time: 49821906 ns
Total end-to-end search time: 49559424 ns
Total end-to-end search time: 48036093 ns
Total end-to-end search time: 51775695 ns
Total end-to-end search time: 47524201 ns
Total end-to-end search time: 49806671 ns
Query: 256, nThreads: 32, warmup: 8
====================================================================================================
(ns)
Load index... Graph level 5..
Total end-to-end search time: 49817003 ns
Total end-to-end search time: 54997746 ns
Total end-to-end search time: 45134716 ns
Total end-to-end search time: 49999700 ns
Total end-to-end search time: 49653206 ns
Total end-to-end search time: 48145505 ns
Total end-to-end search time: 52238504 ns
Total end-to-end search time: 48379378 ns
Total end-to-end search time: 49970128 ns
Query: 256, nThreads: 32, warmup: 8
====================================================================================================
(ns)
Load index... Graph level 5..
Total end-to-end search time: 52776150 ns
Total end-to-end search time: 52349321 ns
Total end-to-end search time: 44895858 ns
Total end-to-end search time: 50220411 ns
Total end-to-end search time: 49764925 ns
Total end-to-end search time: 48129151 ns
Total end-to-end search time: 52626838 ns
Total end-to-end search time: 47500372 ns
Total end-to-end search time: 49408274 ns
Query: 256, nThreads: 32, warmup: 8
====================================================================================================
(ns)
Load index... Graph level 5..
Total end-to-end search time: 53330783 ns
Total end-to-end search time: 52379810 ns
Total end-to-end search time: 44910854 ns
Total end-to-end search time: 50079037 ns
Total end-to-end search time: 49534163 ns
Total end-to-end search time: 47940036 ns
Total end-to-end search time: 52725414 ns
Total end-to-end search time: 47810226 ns
Total end-to-end search time: 49543751 ns
Query: 256, nThreads: 32, warmup: 8
====================================================================================================
(ns)
Load index... Graph level 5..
Total end-to-end search time: 53293569 ns
Total end-to-end search time: 52200320 ns
Total end-to-end search time: 45242060 ns
Total end-to-end search time: 49660886 ns
Total end-to-end search time: 49528707 ns
Total end-to-end search time: 48141788 ns
Total end-to-end search time: 52739808 ns
Total end-to-end search time: 48386026 ns
Total end-to-end search time: 49449412 ns
Query: 256, nThreads: 32, warmup: 8
====================================================================================================
(ns)
Load index... Graph level 5..
Total end-to-end search time: 52782265 ns
Total end-to-end search time: 52751571 ns
Total end-to-end search time: 45172950 ns
Total end-to-end search time: 50008459 ns
Total end-to-end search time: 49540883 ns
Total end-to-end search time: 48078913 ns
Total end-to-end search time: 52381009 ns
Total end-to-end search time: 47553074 ns
Total end-to-end search time: 49108025 ns
Query: 256, nThreads: 32, warmup: 8
====================================================================================================
(ns)
Load index... Graph level 5..
Total end-to-end search time: 52671971 ns
Total end-to-end search time: 52439890 ns
Total end-to-end search time: 44905781 ns
Total end-to-end search time: 49991168 ns
Total end-to-end search time: 49495230 ns
Total end-to-end search time: 47954874 ns
Total end-to-end search time: 52681207 ns
Total end-to-end search time: 47691947 ns
Total end-to-end search time: 49153720 ns
Query: 256, nThreads: 32, warmup: 8
====================================================================================================
(ns)
Load index... Graph level 5..
Total end-to-end search time: 51503888 ns
Total end-to-end search time: 54274075 ns
Total end-to-end search time: 44870309 ns
Total end-to-end search time: 50129459 ns
Total end-to-end search time: 49531380 ns
Total end-to-end search time: 48098088 ns
Total end-to-end search time: 52669130 ns
Total end-to-end search time: 48537970 ns
Total end-to-end search time: 49248515 ns
Query: 256, nThreads: 32, warmup: 8
====================================================================================================
(ns)
Load index... Graph level 5..
Total end-to-end search time: 53513769 ns
Total end-to-end search time: 52257194 ns
Total end-to-end search time: 45272026 ns
Total end-to-end search time: 50127282 ns
Total end-to-end search time: 49924083 ns
Total end-to-end search time: 47867831 ns
Total end-to-end search time: 51949944 ns
Total end-to-end search time: 47718701 ns
Total end-to-end search time: 49426345 ns
Query: 256, nThreads: 32, warmup: 8
====================================================================================================
(ns)
Load index... Graph level 5..
Total end-to-end search time: 52918403 ns
Total end-to-end search time: 53374515 ns
Total end-to-end search time: 44971756 ns
Total end-to-end search time: 50070438 ns
Total end-to-end search time: 49705289 ns
Total end-to-end search time: 47927496 ns
Total end-to-end search time: 52044686 ns
Total end-to-end search time: 48089008 ns
Total end-to-end search time: 49124858 ns
Query: 256, nThreads: 32, warmup: 8
====================================================================================================
(ns)
Load index... Graph level 5..
Total end-to-end search time: 53135156 ns
Total end-to-end search time: 52203582 ns
Total end-to-end search time: 44724428 ns
Total end-to-end search time: 49862380 ns
Total end-to-end search time: 49767778 ns
Total end-to-end search time: 48432971 ns
Total end-to-end search time: 51864912 ns
Total end-to-end search time: 48088433 ns
Total end-to-end search time: 55581370 ns
Query: 256, nThreads: 32, warmup: 8
====================================================================================================
(ns)
Load index... Graph level 5..
Total end-to-end search time: 51868045 ns
Total end-to-end search time: 53183849 ns
Total end-to-end search time: 44781749 ns
Total end-to-end search time: 50398002 ns
Total end-to-end search time: 49811715 ns
Total end-to-end search time: 48001356 ns
Total end-to-end search time: 52841437 ns
Total end-to-end search time: 54955007 ns
Total end-to-end search time: 49415633 ns
