Query: 256, nThreads: 8, warmup: 8
====================================================================================================
(ns)
Load index... Graph level 5..
Total end-to-end search time: 48749947 ns
Total end-to-end search time: 50763696 ns
Total end-to-end search time: 43567290 ns
Total end-to-end search time: 48729744 ns
Total end-to-end search time: 48171636 ns
Total end-to-end search time: 46694662 ns
Total end-to-end search time: 50997050 ns
Total end-to-end search time: 46737725 ns
Total end-to-end search time: 48700451 ns
Query: 256, nThreads: 8, warmup: 8
====================================================================================================
(ns)
Load index... Graph level 5..
Total end-to-end search time: 49155169 ns
Total end-to-end search time: 51135337 ns
Total end-to-end search time: 43743207 ns
Total end-to-end search time: 48878513 ns
Total end-to-end search time: 48179216 ns
Total end-to-end search time: 46892369 ns
Total end-to-end search time: 51311017 ns
Total end-to-end search time: 47140303 ns
Total end-to-end search time: 48613948 ns
Query: 256, nThreads: 8, warmup: 8
====================================================================================================
(ns)
Load index... Graph level 5..
Total end-to-end search time: 48988212 ns
Total end-to-end search time: 50960166 ns
Total end-to-end search time: 43914955 ns
Total end-to-end search time: 48909231 ns
Total end-to-end search time: 48316895 ns
Total end-to-end search time: 46988771 ns
Total end-to-end search time: 51299882 ns
Total end-to-end search time: 47508458 ns
Total end-to-end search time: 48995046 ns
Query: 256, nThreads: 8, warmup: 8
====================================================================================================
(ns)
Load index... Graph level 5..
Total end-to-end search time: 48829939 ns
Total end-to-end search time: 51015794 ns
Total end-to-end search time: 43726780 ns
Total end-to-end search time: 48803288 ns
Total end-to-end search time: 48442934 ns
Total end-to-end search time: 47016166 ns
Total end-to-end search time: 51102907 ns
Total end-to-end search time: 46993687 ns
Total end-to-end search time: 48432498 ns
Query: 256, nThreads: 8, warmup: 8
====================================================================================================
(ns)
Load index... Graph level 5..
Total end-to-end search time: 48851128 ns
Total end-to-end search time: 51143475 ns
Total end-to-end search time: 43690752 ns
Total end-to-end search time: 48575063 ns
Total end-to-end search time: 48181150 ns
Total end-to-end search time: 46960297 ns
Total end-to-end search time: 51180781 ns
Total end-to-end search time: 46963094 ns
Total end-to-end search time: 48732270 ns
Query: 256, nThreads: 8, warmup: 8
====================================================================================================
(ns)
Load index... Graph level 5..
Total end-to-end search time: 49238724 ns
Total end-to-end search time: 51060868 ns
Total end-to-end search time: 43796280 ns
Total end-to-end search time: 48684988 ns
Total end-to-end search time: 48106343 ns
Total end-to-end search time: 47004415 ns
Total end-to-end search time: 51166981 ns
Total end-to-end search time: 46972570 ns
Total end-to-end search time: 49112141 ns
Query: 256, nThreads: 8, warmup: 8
====================================================================================================
(ns)
Load index... Graph level 5..
Total end-to-end search time: 48937720 ns
Total end-to-end search time: 51356399 ns
Total end-to-end search time: 43742467 ns
Total end-to-end search time: 48773376 ns
Total end-to-end search time: 48179068 ns
Total end-to-end search time: 47039674 ns
Total end-to-end search time: 51314753 ns
Total end-to-end search time: 46874266 ns
Total end-to-end search time: 48659660 ns
Query: 256, nThreads: 8, warmup: 8
====================================================================================================
(ns)
Load index... Graph level 5..
Total end-to-end search time: 48961299 ns
Total end-to-end search time: 50973149 ns
Total end-to-end search time: 43552459 ns
Total end-to-end search time: 48902903 ns
Total end-to-end search time: 48168756 ns
Total end-to-end search time: 46833801 ns
Total end-to-end search time: 51220391 ns
Total end-to-end search time: 47500480 ns
Total end-to-end search time: 48562583 ns
Query: 256, nThreads: 8, warmup: 8
====================================================================================================
(ns)
Load index... Graph level 5..
Total end-to-end search time: 49017307 ns
Total end-to-end search time: 51553300 ns
Total end-to-end search time: 43891185 ns
Total end-to-end search time: 48691849 ns
Total end-to-end search time: 48338630 ns
Total end-to-end search time: 46809122 ns
Total end-to-end search time: 51045133 ns
Total end-to-end search time: 46816059 ns
Total end-to-end search time: 48635888 ns
Query: 256, nThreads: 8, warmup: 8
====================================================================================================
(ns)
Load index... Graph level 5..
Total end-to-end search time: 48946704 ns
Total end-to-end search time: 50840868 ns
Total end-to-end search time: 43738351 ns
Total end-to-end search time: 49186954 ns
Total end-to-end search time: 48306173 ns
Total end-to-end search time: 46807537 ns
Total end-to-end search time: 51052464 ns
Total end-to-end search time: 47562839 ns
Total end-to-end search time: 48597216 ns
Query: 256, nThreads: 8, warmup: 8
====================================================================================================
(ns)
Load index... Graph level 5..
Total end-to-end search time: 48941161 ns
Total end-to-end search time: 51792754 ns
Total end-to-end search time: 43785468 ns
Total end-to-end search time: 48666398 ns
Total end-to-end search time: 48181775 ns
Total end-to-end search time: 46559265 ns
Total end-to-end search time: 51916386 ns
Total end-to-end search time: 47752494 ns
Total end-to-end search time: 48671617 ns
Query: 256, nThreads: 8, warmup: 8
====================================================================================================
(ns)
Load index... Graph level 5..
Total end-to-end search time: 48849656 ns
Total end-to-end search time: 50973363 ns
Total end-to-end search time: 43821770 ns
Total end-to-end search time: 48881773 ns
Total end-to-end search time: 48343529 ns
Total end-to-end search time: 47166415 ns
Total end-to-end search time: 51210543 ns
Total end-to-end search time: 47306460 ns
Total end-to-end search time: 48560076 ns
Query: 256, nThreads: 8, warmup: 8
====================================================================================================
(ns)
Load index... Graph level 5..
Total end-to-end search time: 48764160 ns
Total end-to-end search time: 50897984 ns
Total end-to-end search time: 43860210 ns
Total end-to-end search time: 49120513 ns
Total end-to-end search time: 48709012 ns
Total end-to-end search time: 46697123 ns
Total end-to-end search time: 51121881 ns
Total end-to-end search time: 46875583 ns
Total end-to-end search time: 48724239 ns
Query: 256, nThreads: 8, warmup: 8
====================================================================================================
(ns)
Load index... Graph level 5..
Total end-to-end search time: 48874706 ns
Total end-to-end search time: 50931473 ns
Total end-to-end search time: 43792849 ns
Total end-to-end search time: 48669166 ns
Total end-to-end search time: 48913717 ns
Total end-to-end search time: 46733332 ns
Total end-to-end search time: 51229818 ns
Total end-to-end search time: 47204835 ns
Total end-to-end search time: 48926474 ns
Query: 256, nThreads: 8, warmup: 8
====================================================================================================
(ns)
Load index... Graph level 5..
Total end-to-end search time: 48744350 ns
Total end-to-end search time: 51074175 ns
Total end-to-end search time: 43848749 ns
Total end-to-end search time: 48740154 ns
Total end-to-end search time: 48665573 ns
Total end-to-end search time: 46802100 ns
Total end-to-end search time: 51067815 ns
Total end-to-end search time: 46936131 ns
Total end-to-end search time: 48885722 ns
Query: 256, nThreads: 8, warmup: 8
====================================================================================================
(ns)
Load index... Graph level 5..
Total end-to-end search time: 48530565 ns
Total end-to-end search time: 50957192 ns
Total end-to-end search time: 43987878 ns
Total end-to-end search time: 48878223 ns
Total end-to-end search time: 48396888 ns
Total end-to-end search time: 46897564 ns
Total end-to-end search time: 51096538 ns
Total end-to-end search time: 46996913 ns
Total end-to-end search time: 49510646 ns
Query: 256, nThreads: 8, warmup: 8
====================================================================================================
(ns)
Load index... Graph level 5..
Total end-to-end search time: 49423386 ns
Total end-to-end search time: 51077107 ns
Total end-to-end search time: 43751976 ns
Total end-to-end search time: 48656993 ns
Total end-to-end search time: 48340767 ns
Total end-to-end search time: 47085880 ns
Total end-to-end search time: 51206777 ns
Total end-to-end search time: 47042770 ns
Total end-to-end search time: 49120375 ns
Query: 256, nThreads: 8, warmup: 8
====================================================================================================
(ns)
Load index... Graph level 5..
Total end-to-end search time: 48625481 ns
Total end-to-end search time: 51064743 ns
Total end-to-end search time: 44045852 ns
Total end-to-end search time: 48930406 ns
Total end-to-end search time: 48284256 ns
Total end-to-end search time: 46786766 ns
Total end-to-end search time: 51327263 ns
Total end-to-end search time: 46940185 ns
Total end-to-end search time: 48684672 ns
Query: 256, nThreads: 8, warmup: 8
====================================================================================================
(ns)
Load index... Graph level 5..
Total end-to-end search time: 49212151 ns
Total end-to-end search time: 50922750 ns
Total end-to-end search time: 43961598 ns
Total end-to-end search time: 48867461 ns
Total end-to-end search time: 48409185 ns
Total end-to-end search time: 46776619 ns
Total end-to-end search time: 51117026 ns
Total end-to-end search time: 46960185 ns
Total end-to-end search time: 49144145 ns
Query: 256, nThreads: 8, warmup: 8
====================================================================================================
(ns)
Load index... Graph level 5..
Total end-to-end search time: 48566760 ns
Total end-to-end search time: 52176295 ns
Total end-to-end search time: 43554865 ns
Total end-to-end search time: 48840905 ns
Total end-to-end search time: 48157696 ns
Total end-to-end search time: 46869305 ns
Total end-to-end search time: 51073308 ns
Total end-to-end search time: 47087338 ns
Total end-to-end search time: 48615384 ns
Query: 256, nThreads: 8, warmup: 8
====================================================================================================
(ns)
Load index... Graph level 5..
Total end-to-end search time: 49044909 ns
Total end-to-end search time: 51284645 ns
Total end-to-end search time: 44061939 ns
Total end-to-end search time: 48924234 ns
Total end-to-end search time: 48572301 ns
Total end-to-end search time: 46798999 ns
Total end-to-end search time: 51701742 ns
Total end-to-end search time: 46975923 ns
Total end-to-end search time: 49364649 ns
Query: 256, nThreads: 8, warmup: 8
====================================================================================================
(ns)
Load index... Graph level 5..
Total end-to-end search time: 48952599 ns
Total end-to-end search time: 50905941 ns
Total end-to-end search time: 43684420 ns
Total end-to-end search time: 48948125 ns
Total end-to-end search time: 48384531 ns
Total end-to-end search time: 46812401 ns
Total end-to-end search time: 51222928 ns
Total end-to-end search time: 46826547 ns
Total end-to-end search time: 48541279 ns
Query: 256, nThreads: 8, warmup: 8
====================================================================================================
(ns)
Load index... Graph level 5..
Total end-to-end search time: 49358331 ns
Total end-to-end search time: 51067661 ns
Total end-to-end search time: 43678859 ns
Total end-to-end search time: 49068079 ns
Total end-to-end search time: 48385951 ns
Total end-to-end search time: 47834361 ns
Total end-to-end search time: 51272439 ns
Total end-to-end search time: 47435976 ns
Total end-to-end search time: 48981475 ns
Query: 256, nThreads: 8, warmup: 8
====================================================================================================
(ns)
Load index... Graph level 5..
Total end-to-end search time: 49324861 ns
Total end-to-end search time: 51046854 ns
Total end-to-end search time: 44017266 ns
Total end-to-end search time: 48917765 ns
Total end-to-end search time: 48007186 ns
Total end-to-end search time: 47244966 ns
Total end-to-end search time: 51571106 ns
Total end-to-end search time: 47073927 ns
Total end-to-end search time: 48497069 ns
Query: 256, nThreads: 8, warmup: 8
====================================================================================================
(ns)
Load index... Graph level 5..
Total end-to-end search time: 49520013 ns
Total end-to-end search time: 51004296 ns
Total end-to-end search time: 43736892 ns
Total end-to-end search time: 48718611 ns
Total end-to-end search time: 48435522 ns
Total end-to-end search time: 46979758 ns
Total end-to-end search time: 51428604 ns
Total end-to-end search time: 47231520 ns
Total end-to-end search time: 48590201 ns
Query: 256, nThreads: 8, warmup: 8
====================================================================================================
(ns)
Load index... Graph level 5..
Total end-to-end search time: 48875292 ns
Total end-to-end search time: 51149240 ns
Total end-to-end search time: 44029183 ns
Total end-to-end search time: 49040441 ns
Total end-to-end search time: 47916208 ns
Total end-to-end search time: 46618067 ns
Total end-to-end search time: 51315370 ns
Total end-to-end search time: 47118725 ns
Total end-to-end search time: 49098615 ns
Query: 256, nThreads: 8, warmup: 8
====================================================================================================
(ns)
Load index... Graph level 5..
Total end-to-end search time: 48825582 ns
Total end-to-end search time: 51010440 ns
Total end-to-end search time: 43847037 ns
Total end-to-end search time: 48811349 ns
Total end-to-end search time: 48271179 ns
Total end-to-end search time: 46615237 ns
Total end-to-end search time: 51081005 ns
Total end-to-end search time: 46971016 ns
Total end-to-end search time: 49280462 ns
Query: 256, nThreads: 8, warmup: 8
====================================================================================================
(ns)
Load index... Graph level 5..
Total end-to-end search time: 48813962 ns
Total end-to-end search time: 51043836 ns
Total end-to-end search time: 43630437 ns
Total end-to-end search time: 48877630 ns
Total end-to-end search time: 48298163 ns
Total end-to-end search time: 46642642 ns
Total end-to-end search time: 51165226 ns
Total end-to-end search time: 46896071 ns
Total end-to-end search time: 48680478 ns
Query: 256, nThreads: 8, warmup: 8
====================================================================================================
(ns)
Load index... Graph level 5..
Total end-to-end search time: 48995429 ns
Total end-to-end search time: 51149618 ns
Total end-to-end search time: 43647201 ns
Total end-to-end search time: 48833485 ns
Total end-to-end search time: 48270371 ns
Total end-to-end search time: 46935426 ns
Total end-to-end search time: 51120408 ns
Total end-to-end search time: 46998420 ns
Total end-to-end search time: 49090383 ns
Query: 256, nThreads: 8, warmup: 8
====================================================================================================
(ns)
Load index... Graph level 5..
Total end-to-end search time: 48672977 ns
Total end-to-end search time: 50858398 ns
Total end-to-end search time: 43792088 ns
Total end-to-end search time: 48857256 ns
Total end-to-end search time: 48468507 ns
Total end-to-end search time: 46807836 ns
Total end-to-end search time: 50989671 ns
Total end-to-end search time: 47711674 ns
Total end-to-end search time: 48620211 ns
