Query: 32, nThreads: 16, warmup: 16
====================================================================================================
(ns)
Load index... Graph level 5..
Total end-to-end search time: 25221073 ns
Total end-to-end search time: 21662574 ns
Total end-to-end search time: 19498961 ns
Total end-to-end search time: 19923112 ns
Total end-to-end search time: 23646511 ns
Total end-to-end search time: 23443221 ns
Total end-to-end search time: 23708475 ns
Total end-to-end search time: 24929761 ns
Total end-to-end search time: 24430480 ns
Total end-to-end search time: 25987565 ns
Total end-to-end search time: 25173266 ns
Total end-to-end search time: 25127216 ns
Total end-to-end search time: 25310240 ns
Total end-to-end search time: 25071523 ns
Total end-to-end search time: 22455761 ns
Total end-to-end search time: 20922893 ns
Total end-to-end search time: 20971093 ns
Query: 32, nThreads: 16, warmup: 16
====================================================================================================
(ns)
Load index... Graph level 5..
Total end-to-end search time: 24889632 ns
Total end-to-end search time: 21495149 ns
Total end-to-end search time: 19316939 ns
Total end-to-end search time: 19830289 ns
Total end-to-end search time: 22880666 ns
Total end-to-end search time: 23127885 ns
Total end-to-end search time: 23406267 ns
Total end-to-end search time: 24640896 ns
Total end-to-end search time: 24251280 ns
Total end-to-end search time: 25688598 ns
Total end-to-end search time: 24746475 ns
Total end-to-end search time: 24670521 ns
Total end-to-end search time: 24962637 ns
Total end-to-end search time: 24790235 ns
Total end-to-end search time: 22785429 ns
Total end-to-end search time: 21301538 ns
Total end-to-end search time: 21418052 ns
Query: 32, nThreads: 16, warmup: 16
====================================================================================================
(ns)
Load index... Graph level 5..
Total end-to-end search time: 24810389 ns
Total end-to-end search time: 21457964 ns
Total end-to-end search time: 19385259 ns
Total end-to-end search time: 19938802 ns
Total end-to-end search time: 22949896 ns
Total end-to-end search time: 23148604 ns
Total end-to-end search time: 23703301 ns
Total end-to-end search time: 24646062 ns
Total end-to-end search time: 24177696 ns
Total end-to-end search time: 25882282 ns
Total end-to-end search time: 24882189 ns
Total end-to-end search time: 25618534 ns
Total end-to-end search time: 25622927 ns
Total end-to-end search time: 25406289 ns
Total end-to-end search time: 22688634 ns
Total end-to-end search time: 21203298 ns
Total end-to-end search time: 21234868 ns
Query: 32, nThreads: 16, warmup: 16
====================================================================================================
(ns)
Load index... Graph level 5..
Total end-to-end search time: 25501139 ns
Total end-to-end search time: 22028292 ns
Total end-to-end search time: 19846446 ns
Total end-to-end search time: 20414049 ns
Total end-to-end search time: 23477144 ns
Total end-to-end search time: 23728615 ns
Total end-to-end search time: 24157983 ns
Total end-to-end search time: 25285567 ns
Total end-to-end search time: 24732410 ns
Total end-to-end search time: 26415213 ns
Total end-to-end search time: 25518566 ns
Total end-to-end search time: 25294951 ns
Total end-to-end search time: 25675782 ns
Total end-to-end search time: 25396383 ns
Total end-to-end search time: 22733559 ns
Total end-to-end search time: 21181594 ns
Total end-to-end search time: 21257151 ns
Query: 32, nThreads: 16, warmup: 16
====================================================================================================
(ns)
Load index... Graph level 5..
Total end-to-end search time: 25109169 ns
Total end-to-end search time: 21674777 ns
Total end-to-end search time: 19548934 ns
Total end-to-end search time: 20022827 ns
Total end-to-end search time: 23053303 ns
Total end-to-end search time: 23309521 ns
Total end-to-end search time: 23802092 ns
Total end-to-end search time: 24940770 ns
Total end-to-end search time: 24468009 ns
Total end-to-end search time: 26007151 ns
Total end-to-end search time: 25004467 ns
Total end-to-end search time: 25053796 ns
Total end-to-end search time: 25125735 ns
Total end-to-end search time: 24941556 ns
Total end-to-end search time: 22389214 ns
Total end-to-end search time: 20793200 ns
Total end-to-end search time: 20869339 ns
Query: 32, nThreads: 16, warmup: 16
====================================================================================================
(ns)
Load index... Graph level 5..
Total end-to-end search time: 24978761 ns
Total end-to-end search time: 21507900 ns
Total end-to-end search time: 19418694 ns
Total end-to-end search time: 20010659 ns
Total end-to-end search time: 22994599 ns
Total end-to-end search time: 23202369 ns
Total end-to-end search time: 23508114 ns
Total end-to-end search time: 24708140 ns
Total end-to-end search time: 24210491 ns
Total end-to-end search time: 25878026 ns
Total end-to-end search time: 25050977 ns
Total end-to-end search time: 24835114 ns
Total end-to-end search time: 25065570 ns
Total end-to-end search time: 25038499 ns
Total end-to-end search time: 22277979 ns
Total end-to-end search time: 20766706 ns
Total end-to-end search time: 20800906 ns
Query: 32, nThreads: 16, warmup: 16
====================================================================================================
(ns)
Load index... Graph level 5..
Total end-to-end search time: 25110399 ns
Total end-to-end search time: 21617371 ns
Total end-to-end search time: 19513827 ns
Total end-to-end search time: 19995091 ns
Total end-to-end search time: 23185818 ns
Total end-to-end search time: 23386703 ns
Total end-to-end search time: 23611923 ns
Total end-to-end search time: 24883586 ns
Total end-to-end search time: 24659972 ns
Total end-to-end search time: 25895639 ns
Total end-to-end search time: 25130133 ns
Total end-to-end search time: 25054756 ns
Total end-to-end search time: 25138702 ns
Total end-to-end search time: 24989565 ns
Total end-to-end search time: 22332214 ns
Total end-to-end search time: 20865845 ns
Total end-to-end search time: 20950284 ns
Query: 32, nThreads: 16, warmup: 16
====================================================================================================
(ns)
Load index... Graph level 5..
Total end-to-end search time: 24814327 ns
Total end-to-end search time: 21394414 ns
Total end-to-end search time: 19293028 ns
Total end-to-end search time: 19860361 ns
Total end-to-end search time: 22871314 ns
Total end-to-end search time: 23091634 ns
Total end-to-end search time: 23497152 ns
Total end-to-end search time: 24636511 ns
Total end-to-end search time: 24110702 ns
Total end-to-end search time: 25624192 ns
Total end-to-end search time: 24789135 ns
Total end-to-end search time: 24709839 ns
Total end-to-end search time: 24945662 ns
Total end-to-end search time: 24688448 ns
Total end-to-end search time: 22165021 ns
Total end-to-end search time: 20669628 ns
Total end-to-end search time: 20741620 ns
Query: 32, nThreads: 16, warmup: 16
====================================================================================================
(ns)
Load index... Graph level 5..
Total end-to-end search time: 25009525 ns
Total end-to-end search time: 21672863 ns
Total end-to-end search time: 19540190 ns
Total end-to-end search time: 20019751 ns
Total end-to-end search time: 23143594 ns
Total end-to-end search time: 23301639 ns
Total end-to-end search time: 23836999 ns
Total end-to-end search time: 24866496 ns
Total end-to-end search time: 24391873 ns
Total end-to-end search time: 25971479 ns
Total end-to-end search time: 25101165 ns
Total end-to-end search time: 25237646 ns
Total end-to-end search time: 25260825 ns
Total end-to-end search time: 25058574 ns
Total end-to-end search time: 22494312 ns
Total end-to-end search time: 21015001 ns
Total end-to-end search time: 21126268 ns
Query: 32, nThreads: 16, warmup: 16
====================================================================================================
(ns)
Load index... Graph level 5..
Total end-to-end search time: 24925412 ns
Total end-to-end search time: 21412077 ns
Total end-to-end search time: 19375366 ns
Total end-to-end search time: 19970285 ns
Total end-to-end search time: 23011761 ns
Total end-to-end search time: 23109607 ns
Total end-to-end search time: 23422974 ns
Total end-to-end search time: 24548816 ns
Total end-to-end search time: 24119158 ns
Total end-to-end search time: 25627414 ns
Total end-to-end search time: 24697029 ns
Total end-to-end search time: 24700713 ns
Total end-to-end search time: 24947505 ns
Total end-to-end search time: 24795596 ns
Total end-to-end search time: 22267769 ns
Total end-to-end search time: 20789211 ns
Total end-to-end search time: 20779976 ns
Query: 32, nThreads: 16, warmup: 16
====================================================================================================
(ns)
Load index... Graph level 5..
Total end-to-end search time: 25101367 ns
Total end-to-end search time: 21556287 ns
Total end-to-end search time: 19475238 ns
Total end-to-end search time: 20077515 ns
Total end-to-end search time: 23052401 ns
Total end-to-end search time: 23280345 ns
Total end-to-end search time: 23579755 ns
Total end-to-end search time: 24784525 ns
Total end-to-end search time: 24495764 ns
Total end-to-end search time: 26023533 ns
Total end-to-end search time: 24982045 ns
Total end-to-end search time: 24961809 ns
Total end-to-end search time: 25104898 ns
Total end-to-end search time: 25060714 ns
Total end-to-end search time: 22360075 ns
Total end-to-end search time: 20887007 ns
Total end-to-end search time: 20969502 ns
Query: 32, nThreads: 16, warmup: 16
====================================================================================================
(ns)
Load index... Graph level 5..
Total end-to-end search time: 24998011 ns
Total end-to-end search time: 21660837 ns
Total end-to-end search time: 19514927 ns
Total end-to-end search time: 20151441 ns
Total end-to-end search time: 23136565 ns
Total end-to-end search time: 23336176 ns
Total end-to-end search time: 23578787 ns
Total end-to-end search time: 24767430 ns
Total end-to-end search time: 24383088 ns
Total end-to-end search time: 25937893 ns
Total end-to-end search time: 24903681 ns
Total end-to-end search time: 24903479 ns
Total end-to-end search time: 25192254 ns
Total end-to-end search time: 24888292 ns
Total end-to-end search time: 22321264 ns
Total end-to-end search time: 20794143 ns
Total end-to-end search time: 20833496 ns
Query: 32, nThreads: 16, warmup: 16
====================================================================================================
(ns)
Load index... Graph level 5..
Total end-to-end search time: 24959307 ns
Total end-to-end search time: 21548582 ns
Total end-to-end search time: 19443465 ns
Total end-to-end search time: 19978365 ns
Total end-to-end search time: 23066727 ns
Total end-to-end search time: 23209717 ns
Total end-to-end search time: 23545830 ns
Total end-to-end search time: 24780456 ns
Total end-to-end search time: 24594647 ns
Total end-to-end search time: 26531538 ns
Total end-to-end search time: 25550994 ns
Total end-to-end search time: 25519792 ns
Total end-to-end search time: 25644239 ns
Total end-to-end search time: 25465166 ns
Total end-to-end search time: 22755090 ns
Total end-to-end search time: 21199820 ns
Total end-to-end search time: 21746319 ns
Query: 32, nThreads: 16, warmup: 16
====================================================================================================
(ns)
Load index... Graph level 5..
Total end-to-end search time: 25058298 ns
Total end-to-end search time: 21664114 ns
Total end-to-end search time: 19414790 ns
Total end-to-end search time: 20006816 ns
Total end-to-end search time: 23036123 ns
Total end-to-end search time: 23172562 ns
Total end-to-end search time: 23590069 ns
Total end-to-end search time: 24868112 ns
Total end-to-end search time: 24360308 ns
Total end-to-end search time: 25900387 ns
Total end-to-end search time: 24952691 ns
Total end-to-end search time: 24917714 ns
Total end-to-end search time: 25123278 ns
Total end-to-end search time: 24869599 ns
Total end-to-end search time: 22323942 ns
Total end-to-end search time: 20802556 ns
Total end-to-end search time: 20893048 ns
Query: 32, nThreads: 16, warmup: 16
====================================================================================================
(ns)
Load index... Graph level 5..
Total end-to-end search time: 25372254 ns
Total end-to-end search time: 21938346 ns
Total end-to-end search time: 19782330 ns
Total end-to-end search time: 20325517 ns
Total end-to-end search time: 23380570 ns
Total end-to-end search time: 23556998 ns
Total end-to-end search time: 23926690 ns
Total end-to-end search time: 25091923 ns
Total end-to-end search time: 24665149 ns
Total end-to-end search time: 26232913 ns
Total end-to-end search time: 25342282 ns
Total end-to-end search time: 25273403 ns
Total end-to-end search time: 25549974 ns
Total end-to-end search time: 25374943 ns
Total end-to-end search time: 22911548 ns
Total end-to-end search time: 21256170 ns
Total end-to-end search time: 21141408 ns
Query: 32, nThreads: 16, warmup: 16
====================================================================================================
(ns)
Load index... Graph level 5..
Total end-to-end search time: 25403810 ns
Total end-to-end search time: 21968708 ns
Total end-to-end search time: 19816992 ns
Total end-to-end search time: 20377015 ns
Total end-to-end search time: 23457251 ns
Total end-to-end search time: 23625420 ns
Total end-to-end search time: 24016575 ns
Total end-to-end search time: 25244586 ns
Total end-to-end search time: 24761997 ns
Total end-to-end search time: 26287889 ns
Total end-to-end search time: 25386977 ns
Total end-to-end search time: 25380549 ns
Total end-to-end search time: 25590187 ns
Total end-to-end search time: 25392391 ns
Total end-to-end search time: 22765450 ns
Total end-to-end search time: 21206017 ns
Total end-to-end search time: 21323512 ns
Query: 32, nThreads: 16, warmup: 16
====================================================================================================
(ns)
Load index... Graph level 5..
Total end-to-end search time: 25149906 ns
Total end-to-end search time: 21572292 ns
Total end-to-end search time: 19455143 ns
Total end-to-end search time: 20041606 ns
Total end-to-end search time: 23127526 ns
Total end-to-end search time: 23402544 ns
Total end-to-end search time: 23700566 ns
Total end-to-end search time: 24723617 ns
Total end-to-end search time: 24395658 ns
Total end-to-end search time: 25882361 ns
Total end-to-end search time: 24942888 ns
Total end-to-end search time: 24863411 ns
Total end-to-end search time: 25144787 ns
Total end-to-end search time: 24878090 ns
Total end-to-end search time: 22277654 ns
Total end-to-end search time: 20837265 ns
Total end-to-end search time: 21059374 ns
Query: 32, nThreads: 16, warmup: 16
====================================================================================================
(ns)
Load index... Graph level 5..
Total end-to-end search time: 24829509 ns
Total end-to-end search time: 21414497 ns
Total end-to-end search time: 19364686 ns
Total end-to-end search time: 20375055 ns
Total end-to-end search time: 23209932 ns
Total end-to-end search time: 23366384 ns
Total end-to-end search time: 23689858 ns
Total end-to-end search time: 24923492 ns
Total end-to-end search time: 24456008 ns
Total end-to-end search time: 26026651 ns
Total end-to-end search time: 25096980 ns
Total end-to-end search time: 25020597 ns
Total end-to-end search time: 25335348 ns
Total end-to-end search time: 25109999 ns
Total end-to-end search time: 22463723 ns
Total end-to-end search time: 20910341 ns
Total end-to-end search time: 20935367 ns
Query: 32, nThreads: 16, warmup: 16
====================================================================================================
(ns)
Load index... Graph level 5..
Total end-to-end search time: 24865402 ns
Total end-to-end search time: 21488833 ns
Total end-to-end search time: 19405818 ns
Total end-to-end search time: 20040409 ns
Total end-to-end search time: 23047830 ns
Total end-to-end search time: 23298722 ns
Total end-to-end search time: 23633115 ns
Total end-to-end search time: 24746963 ns
Total end-to-end search time: 24247183 ns
Total end-to-end search time: 25834090 ns
Total end-to-end search time: 24947837 ns
Total end-to-end search time: 24963655 ns
Total end-to-end search time: 25116386 ns
Total end-to-end search time: 24877526 ns
Total end-to-end search time: 22395712 ns
Total end-to-end search time: 20911687 ns
Total end-to-end search time: 20983371 ns
Query: 32, nThreads: 16, warmup: 16
====================================================================================================
(ns)
Load index... Graph level 5..
Total end-to-end search time: 25312500 ns
Total end-to-end search time: 21891438 ns
Total end-to-end search time: 19764315 ns
Total end-to-end search time: 20288868 ns
Total end-to-end search time: 23373494 ns
Total end-to-end search time: 23555796 ns
Total end-to-end search time: 23900095 ns
Total end-to-end search time: 25134349 ns
Total end-to-end search time: 24678865 ns
Total end-to-end search time: 26204390 ns
Total end-to-end search time: 25320715 ns
Total end-to-end search time: 25221133 ns
Total end-to-end search time: 25720641 ns
Total end-to-end search time: 25212492 ns
Total end-to-end search time: 22558365 ns
Total end-to-end search time: 20988403 ns
Total end-to-end search time: 21127805 ns
Query: 32, nThreads: 16, warmup: 16
====================================================================================================
(ns)
Load index... Graph level 5..
Total end-to-end search time: 24957433 ns
Total end-to-end search time: 21451436 ns
Total end-to-end search time: 19327333 ns
Total end-to-end search time: 19922773 ns
Total end-to-end search time: 22932314 ns
Total end-to-end search time: 23089281 ns
Total end-to-end search time: 23459724 ns
Total end-to-end search time: 24661883 ns
Total end-to-end search time: 24386592 ns
Total end-to-end search time: 25847894 ns
Total end-to-end search time: 25002290 ns
Total end-to-end search time: 24730506 ns
Total end-to-end search time: 24915378 ns
Total end-to-end search time: 24740019 ns
Total end-to-end search time: 22371640 ns
Total end-to-end search time: 20915636 ns
Total end-to-end search time: 21030222 ns
Query: 32, nThreads: 16, warmup: 16
====================================================================================================
(ns)
Load index... Graph level 5..
Total end-to-end search time: 24885322 ns
Total end-to-end search time: 21422735 ns
Total end-to-end search time: 19338682 ns
Total end-to-end search time: 19840261 ns
Total end-to-end search time: 22958442 ns
Total end-to-end search time: 23270137 ns
Total end-to-end search time: 23372404 ns
Total end-to-end search time: 24572295 ns
Total end-to-end search time: 24118625 ns
Total end-to-end search time: 25647621 ns
Total end-to-end search time: 24732286 ns
Total end-to-end search time: 24745580 ns
Total end-to-end search time: 24918891 ns
Total end-to-end search time: 24870084 ns
Total end-to-end search time: 22302776 ns
Total end-to-end search time: 20790572 ns
Total end-to-end search time: 21317741 ns
Query: 32, nThreads: 16, warmup: 16
====================================================================================================
(ns)
Load index... Graph level 5..
Total end-to-end search time: 24930757 ns
Total end-to-end search time: 21497381 ns
Total end-to-end search time: 19342037 ns
Total end-to-end search time: 19904298 ns
Total end-to-end search time: 22922888 ns
Total end-to-end search time: 23095189 ns
Total end-to-end search time: 23538865 ns
Total end-to-end search time: 24748917 ns
Total end-to-end search time: 24125603 ns
Total end-to-end search time: 25788584 ns
Total end-to-end search time: 24955137 ns
Total end-to-end search time: 24937859 ns
Total end-to-end search time: 25043110 ns
Total end-to-end search time: 24848049 ns
Total end-to-end search time: 22254748 ns
Total end-to-end search time: 20664978 ns
Total end-to-end search time: 20732321 ns
Query: 32, nThreads: 16, warmup: 16
====================================================================================================
(ns)
Load index... Graph level 5..
Total end-to-end search time: 25393794 ns
Total end-to-end search time: 22117181 ns
Total end-to-end search time: 19787227 ns
Total end-to-end search time: 20424107 ns
Total end-to-end search time: 23459092 ns
Total end-to-end search time: 23605735 ns
Total end-to-end search time: 23917137 ns
Total end-to-end search time: 25100856 ns
Total end-to-end search time: 24640708 ns
Total end-to-end search time: 26242181 ns
Total end-to-end search time: 25273917 ns
Total end-to-end search time: 25256292 ns
Total end-to-end search time: 25458621 ns
Total end-to-end search time: 25254833 ns
Total end-to-end search time: 22690004 ns
Total end-to-end search time: 21144454 ns
Total end-to-end search time: 21122974 ns
Query: 32, nThreads: 16, warmup: 16
====================================================================================================
(ns)
Load index... Graph level 5..
Total end-to-end search time: 25204644 ns
Total end-to-end search time: 21636948 ns
Total end-to-end search time: 19566206 ns
Total end-to-end search time: 20162048 ns
Total end-to-end search time: 23135912 ns
Total end-to-end search time: 23475521 ns
Total end-to-end search time: 23684290 ns
Total end-to-end search time: 24806858 ns
Total end-to-end search time: 24439507 ns
Total end-to-end search time: 25925017 ns
Total end-to-end search time: 24985912 ns
Total end-to-end search time: 24927572 ns
Total end-to-end search time: 25147943 ns
Total end-to-end search time: 24938927 ns
Total end-to-end search time: 22414873 ns
Total end-to-end search time: 20767209 ns
Total end-to-end search time: 20824805 ns
Query: 32, nThreads: 16, warmup: 16
====================================================================================================
(ns)
Load index... Graph level 5..
Total end-to-end search time: 24850777 ns
Total end-to-end search time: 21494301 ns
Total end-to-end search time: 19527161 ns
Total end-to-end search time: 20158942 ns
Total end-to-end search time: 23369391 ns
Total end-to-end search time: 23332305 ns
Total end-to-end search time: 23705241 ns
Total end-to-end search time: 24782073 ns
Total end-to-end search time: 24251626 ns
Total end-to-end search time: 25821018 ns
Total end-to-end search time: 24939736 ns
Total end-to-end search time: 24862286 ns
Total end-to-end search time: 25110316 ns
Total end-to-end search time: 24952215 ns
Total end-to-end search time: 22291083 ns
Total end-to-end search time: 20793490 ns
Total end-to-end search time: 20868607 ns
Query: 32, nThreads: 16, warmup: 16
====================================================================================================
(ns)
Load index... Graph level 5..
Total end-to-end search time: 25470620 ns
Total end-to-end search time: 21950189 ns
Total end-to-end search time: 19841401 ns
Total end-to-end search time: 20428060 ns
Total end-to-end search time: 23525792 ns
Total end-to-end search time: 23832246 ns
Total end-to-end search time: 23575316 ns
Total end-to-end search time: 24735330 ns
Total end-to-end search time: 24201489 ns
Total end-to-end search time: 25783663 ns
Total end-to-end search time: 24906733 ns
Total end-to-end search time: 24782385 ns
Total end-to-end search time: 25125807 ns
Total end-to-end search time: 25093659 ns
Total end-to-end search time: 22330632 ns
Total end-to-end search time: 20896419 ns
Total end-to-end search time: 20982520 ns
Query: 32, nThreads: 16, warmup: 16
====================================================================================================
(ns)
Load index... Graph level 5..
Total end-to-end search time: 24946745 ns
Total end-to-end search time: 21592325 ns
Total end-to-end search time: 19551360 ns
Total end-to-end search time: 20136034 ns
Total end-to-end search time: 23172724 ns
Total end-to-end search time: 23272931 ns
Total end-to-end search time: 23777318 ns
Total end-to-end search time: 24903791 ns
Total end-to-end search time: 24466157 ns
Total end-to-end search time: 26042197 ns
Total end-to-end search time: 25113362 ns
Total end-to-end search time: 24954109 ns
Total end-to-end search time: 25269895 ns
Total end-to-end search time: 25000188 ns
Total end-to-end search time: 22318530 ns
Total end-to-end search time: 20798378 ns
Total end-to-end search time: 20872430 ns
Query: 32, nThreads: 16, warmup: 16
====================================================================================================
(ns)
Load index... Graph level 5..
Total end-to-end search time: 24923661 ns
Total end-to-end search time: 21508774 ns
Total end-to-end search time: 19427155 ns
Total end-to-end search time: 19942906 ns
Total end-to-end search time: 22972549 ns
Total end-to-end search time: 23049028 ns
Total end-to-end search time: 23349942 ns
Total end-to-end search time: 24563328 ns
Total end-to-end search time: 24091854 ns
Total end-to-end search time: 25720444 ns
Total end-to-end search time: 24839040 ns
Total end-to-end search time: 24818856 ns
Total end-to-end search time: 24994071 ns
Total end-to-end search time: 24796062 ns
Total end-to-end search time: 22216170 ns
Total end-to-end search time: 20840808 ns
Total end-to-end search time: 20835760 ns
Query: 32, nThreads: 16, warmup: 16
====================================================================================================
(ns)
Load index... Graph level 5..
Total end-to-end search time: 24991061 ns
Total end-to-end search time: 21631543 ns
Total end-to-end search time: 19490196 ns
Total end-to-end search time: 19965255 ns
Total end-to-end search time: 23049952 ns
Total end-to-end search time: 23218175 ns
Total end-to-end search time: 23688408 ns
Total end-to-end search time: 24746482 ns
Total end-to-end search time: 24312668 ns
Total end-to-end search time: 25838343 ns
Total end-to-end search time: 24995618 ns
Total end-to-end search time: 24914170 ns
Total end-to-end search time: 25179203 ns
Total end-to-end search time: 24895509 ns
Total end-to-end search time: 22361122 ns
Total end-to-end search time: 20888853 ns
Total end-to-end search time: 20825686 ns
