Query: 4096, nThreads: 8, warmup: 1
====================================================================================================
(ns)
Load index... Graph level 5..
Total end-to-end search time: 759312102 ns
Total end-to-end search time: 720311733 ns
Query: 4096, nThreads: 8, warmup: 1
====================================================================================================
(ns)
Load index... Graph level 5..
Total end-to-end search time: 759525808 ns
Total end-to-end search time: 720332024 ns
Query: 4096, nThreads: 8, warmup: 1
====================================================================================================
(ns)
Load index... Graph level 5..
Total end-to-end search time: 758280374 ns
Total end-to-end search time: 720329808 ns
Query: 4096, nThreads: 8, warmup: 1
====================================================================================================
(ns)
Load index... Graph level 5..
Total end-to-end search time: 758531109 ns
Total end-to-end search time: 720954758 ns
Query: 4096, nThreads: 8, warmup: 1
====================================================================================================
(ns)
Load index... Graph level 5..
Total end-to-end search time: 761212618 ns
Total end-to-end search time: 720369414 ns
Query: 4096, nThreads: 8, warmup: 1
====================================================================================================
(ns)
Load index... Graph level 5..
Total end-to-end search time: 759281559 ns
Total end-to-end search time: 720660412 ns
Query: 4096, nThreads: 8, warmup: 1
====================================================================================================
(ns)
Load index... Graph level 5..
Total end-to-end search time: 759254258 ns
Total end-to-end search time: 720143485 ns
Query: 4096, nThreads: 8, warmup: 1
====================================================================================================
(ns)
Load index... Graph level 5..
Total end-to-end search time: 758987731 ns
Total end-to-end search time: 720578288 ns
Query: 4096, nThreads: 8, warmup: 1
====================================================================================================
(ns)
Load index... Graph level 5..
Total end-to-end search time: 760253510 ns
Total end-to-end search time: 720140573 ns
Query: 4096, nThreads: 8, warmup: 1
====================================================================================================
(ns)
Load index... Graph level 5..
Total end-to-end search time: 758766560 ns
Total end-to-end search time: 720138526 ns
Query: 4096, nThreads: 8, warmup: 1
====================================================================================================
(ns)
Load index... Graph level 5..
Total end-to-end search time: 759494353 ns
Total end-to-end search time: 720134336 ns
Query: 4096, nThreads: 8, warmup: 1
====================================================================================================
(ns)
Load index... Graph level 5..
Total end-to-end search time: 759832508 ns
Total end-to-end search time: 721682300 ns
Query: 4096, nThreads: 8, warmup: 1
====================================================================================================
(ns)
Load index... Graph level 5..
Total end-to-end search time: 758855440 ns
Total end-to-end search time: 719718332 ns
Query: 4096, nThreads: 8, warmup: 1
====================================================================================================
(ns)
Load index... Graph level 5..
Total end-to-end search time: 758991881 ns
Total end-to-end search time: 720064337 ns
Query: 4096, nThreads: 8, warmup: 1
====================================================================================================
(ns)
Load index... Graph level 5..
Total end-to-end search time: 758650135 ns
Total end-to-end search time: 720208700 ns
Query: 4096, nThreads: 8, warmup: 1
====================================================================================================
(ns)
Load index... Graph level 5..
Total end-to-end search time: 759029729 ns
Total end-to-end search time: 719924380 ns
Query: 4096, nThreads: 8, warmup: 1
====================================================================================================
(ns)
Load index... Graph level 5..
Total end-to-end search time: 758564540 ns
Total end-to-end search time: 720877838 ns
Query: 4096, nThreads: 8, warmup: 1
====================================================================================================
(ns)
Load index... Graph level 5..
Total end-to-end search time: 758425988 ns
Total end-to-end search time: 720953760 ns
Query: 4096, nThreads: 8, warmup: 1
====================================================================================================
(ns)
Load index... Graph level 5..
Total end-to-end search time: 759091824 ns
Total end-to-end search time: 719952527 ns
Query: 4096, nThreads: 8, warmup: 1
====================================================================================================
(ns)
Load index... Graph level 5..
Total end-to-end search time: 759297817 ns
Total end-to-end search time: 720560970 ns
Query: 4096, nThreads: 8, warmup: 1
====================================================================================================
(ns)
Load index... Graph level 5..
Total end-to-end search time: 759328133 ns
Total end-to-end search time: 720066221 ns
Query: 4096, nThreads: 8, warmup: 1
====================================================================================================
(ns)
Load index... Graph level 5..
Total end-to-end search time: 759039367 ns
Total end-to-end search time: 720159910 ns
Query: 4096, nThreads: 8, warmup: 1
====================================================================================================
(ns)
Load index... Graph level 5..
Total end-to-end search time: 758858996 ns
Total end-to-end search time: 720349145 ns
Query: 4096, nThreads: 8, warmup: 1
====================================================================================================
(ns)
Load index... Graph level 5..
Total end-to-end search time: 758527595 ns
Total end-to-end search time: 720223062 ns
Query: 4096, nThreads: 8, warmup: 1
====================================================================================================
(ns)
Load index... Graph level 5..
Total end-to-end search time: 759416048 ns
Total end-to-end search time: 720178896 ns
Query: 4096, nThreads: 8, warmup: 1
====================================================================================================
(ns)
Load index... Graph level 5..
Total end-to-end search time: 759573341 ns
Total end-to-end search time: 719751562 ns
Query: 4096, nThreads: 8, warmup: 1
====================================================================================================
(ns)
Load index... Graph level 5..
Total end-to-end search time: 759353655 ns
Total end-to-end search time: 719029346 ns
Query: 4096, nThreads: 8, warmup: 1
====================================================================================================
(ns)
Load index... Graph level 5..
Total end-to-end search time: 758822318 ns
Total end-to-end search time: 720288879 ns
Query: 4096, nThreads: 8, warmup: 1
====================================================================================================
(ns)
Load index... Graph level 5..
Total end-to-end search time: 759075690 ns
Total end-to-end search time: 719310448 ns
Query: 4096, nThreads: 8, warmup: 1
====================================================================================================
(ns)
Load index... Graph level 5..
Total end-to-end search time: 759798475 ns
Total end-to-end search time: 720740405 ns
