Query: 4, nThreads: 16, warmup: 16
====================================================================================================
(ns)
Load index... Graph level 5..
Total end-to-end search time: 3462027 ns
Total end-to-end search time: 3234786 ns
Total end-to-end search time: 3333862 ns
Total end-to-end search time: 3262161 ns
Total end-to-end search time: 3289733 ns
Total end-to-end search time: 2636635 ns
Total end-to-end search time: 3001050 ns
Total end-to-end search time: 2645062 ns
Total end-to-end search time: 3026567 ns
Total end-to-end search time: 3015236 ns
Total end-to-end search time: 2938644 ns
Total end-to-end search time: 2807814 ns
Total end-to-end search time: 2644648 ns
Total end-to-end search time: 2212362 ns
Total end-to-end search time: 2635149 ns
Total end-to-end search time: 2215715 ns
Total end-to-end search time: 2096198 ns
Query: 4, nThreads: 16, warmup: 16
====================================================================================================
(ns)
Load index... Graph level 5..
Total end-to-end search time: 3500906 ns
Total end-to-end search time: 3298062 ns
Total end-to-end search time: 3420085 ns
Total end-to-end search time: 3353040 ns
Total end-to-end search time: 3379372 ns
Total end-to-end search time: 2726251 ns
Total end-to-end search time: 3079798 ns
Total end-to-end search time: 2785479 ns
Total end-to-end search time: 3107927 ns
Total end-to-end search time: 3100780 ns
Total end-to-end search time: 3003306 ns
Total end-to-end search time: 2883774 ns
Total end-to-end search time: 2693522 ns
Total end-to-end search time: 2279322 ns
Total end-to-end search time: 2712119 ns
Total end-to-end search time: 2262961 ns
Total end-to-end search time: 2153491 ns
Query: 4, nThreads: 16, warmup: 16
====================================================================================================
(ns)
Load index... Graph level 5..
Total end-to-end search time: 3462734 ns
Total end-to-end search time: 3274094 ns
Total end-to-end search time: 3389460 ns
Total end-to-end search time: 3298623 ns
Total end-to-end search time: 3338452 ns
Total end-to-end search time: 2668400 ns
Total end-to-end search time: 3027564 ns
Total end-to-end search time: 2671204 ns
Total end-to-end search time: 3060246 ns
Total end-to-end search time: 3055839 ns
Total end-to-end search time: 2958960 ns
Total end-to-end search time: 2833491 ns
Total end-to-end search time: 2644557 ns
Total end-to-end search time: 2259847 ns
Total end-to-end search time: 2659790 ns
Total end-to-end search time: 2221137 ns
Total end-to-end search time: 2112797 ns
Query: 4, nThreads: 16, warmup: 16
====================================================================================================
(ns)
Load index... Graph level 5..
Total end-to-end search time: 3434297 ns
Total end-to-end search time: 3236833 ns
Total end-to-end search time: 3339170 ns
Total end-to-end search time: 3269370 ns
Total end-to-end search time: 3282872 ns
Total end-to-end search time: 2635209 ns
Total end-to-end search time: 2985307 ns
Total end-to-end search time: 2655921 ns
Total end-to-end search time: 3029541 ns
Total end-to-end search time: 3057113 ns
Total end-to-end search time: 2969630 ns
Total end-to-end search time: 2816608 ns
Total end-to-end search time: 2642504 ns
Total end-to-end search time: 2232696 ns
Total end-to-end search time: 2635817 ns
Total end-to-end search time: 2218616 ns
Total end-to-end search time: 2096407 ns
Query: 4, nThreads: 16, warmup: 16
====================================================================================================
(ns)
Load index... Graph level 5..
Total end-to-end search time: 3490338 ns
Total end-to-end search time: 3324131 ns
Total end-to-end search time: 3442168 ns
Total end-to-end search time: 3351959 ns
Total end-to-end search time: 3370249 ns
Total end-to-end search time: 2702048 ns
Total end-to-end search time: 3071373 ns
Total end-to-end search time: 2704572 ns
Total end-to-end search time: 3103348 ns
Total end-to-end search time: 3104549 ns
Total end-to-end search time: 3010732 ns
Total end-to-end search time: 2859277 ns
Total end-to-end search time: 2696832 ns
Total end-to-end search time: 2262945 ns
Total end-to-end search time: 2683525 ns
Total end-to-end search time: 2263333 ns
Total end-to-end search time: 2146405 ns
Query: 4, nThreads: 16, warmup: 16
====================================================================================================
(ns)
Load index... Graph level 5..
Total end-to-end search time: 3490530 ns
Total end-to-end search time: 3284556 ns
Total end-to-end search time: 3378029 ns
Total end-to-end search time: 3322270 ns
Total end-to-end search time: 3338763 ns
Total end-to-end search time: 2669189 ns
Total end-to-end search time: 3046497 ns
Total end-to-end search time: 2685403 ns
Total end-to-end search time: 3048056 ns
Total end-to-end search time: 3067576 ns
Total end-to-end search time: 2978507 ns
Total end-to-end search time: 2828407 ns
Total end-to-end search time: 2652206 ns
Total end-to-end search time: 2237756 ns
Total end-to-end search time: 2668856 ns
Total end-to-end search time: 2234936 ns
Total end-to-end search time: 2111190 ns
Query: 4, nThreads: 16, warmup: 16
====================================================================================================
(ns)
Load index... Graph level 5..
Total end-to-end search time: 3511050 ns
Total end-to-end search time: 3255339 ns
Total end-to-end search time: 3369307 ns
Total end-to-end search time: 3288331 ns
Total end-to-end search time: 3287714 ns
Total end-to-end search time: 2644472 ns
Total end-to-end search time: 3000922 ns
Total end-to-end search time: 2663765 ns
Total end-to-end search time: 3016523 ns
Total end-to-end search time: 3028205 ns
Total end-to-end search time: 2926775 ns
Total end-to-end search time: 2794233 ns
Total end-to-end search time: 2615088 ns
Total end-to-end search time: 2224016 ns
Total end-to-end search time: 2808554 ns
Total end-to-end search time: 2210857 ns
Total end-to-end search time: 2085618 ns
Query: 4, nThreads: 16, warmup: 16
====================================================================================================
(ns)
Load index... Graph level 5..
Total end-to-end search time: 3554487 ns
Total end-to-end search time: 3304172 ns
Total end-to-end search time: 3440141 ns
Total end-to-end search time: 3344076 ns
Total end-to-end search time: 3364223 ns
Total end-to-end search time: 2698339 ns
Total end-to-end search time: 3057056 ns
Total end-to-end search time: 2711801 ns
Total end-to-end search time: 3080331 ns
Total end-to-end search time: 3082586 ns
Total end-to-end search time: 2999578 ns
Total end-to-end search time: 2869111 ns
Total end-to-end search time: 2685106 ns
Total end-to-end search time: 2256038 ns
Total end-to-end search time: 2697351 ns
Total end-to-end search time: 2253914 ns
Total end-to-end search time: 2133287 ns
Query: 4, nThreads: 16, warmup: 16
====================================================================================================
(ns)
Load index... Graph level 5..
Total end-to-end search time: 3466837 ns
Total end-to-end search time: 3223465 ns
Total end-to-end search time: 3342323 ns
Total end-to-end search time: 3288401 ns
Total end-to-end search time: 3299535 ns
Total end-to-end search time: 2650343 ns
Total end-to-end search time: 2995758 ns
Total end-to-end search time: 2658248 ns
Total end-to-end search time: 3024152 ns
Total end-to-end search time: 3027147 ns
Total end-to-end search time: 2926258 ns
Total end-to-end search time: 2822412 ns
Total end-to-end search time: 2642930 ns
Total end-to-end search time: 2210663 ns
Total end-to-end search time: 2639502 ns
Total end-to-end search time: 2203709 ns
Total end-to-end search time: 2097853 ns
Query: 4, nThreads: 16, warmup: 16
====================================================================================================
(ns)
Load index... Graph level 5..
Total end-to-end search time: 3436771 ns
Total end-to-end search time: 3242491 ns
Total end-to-end search time: 3354475 ns
Total end-to-end search time: 3270287 ns
Total end-to-end search time: 3302995 ns
Total end-to-end search time: 2644815 ns
Total end-to-end search time: 3024871 ns
Total end-to-end search time: 2659218 ns
Total end-to-end search time: 3021227 ns
Total end-to-end search time: 3043749 ns
Total end-to-end search time: 2940737 ns
Total end-to-end search time: 2810958 ns
Total end-to-end search time: 2634531 ns
Total end-to-end search time: 2208259 ns
Total end-to-end search time: 2630543 ns
Total end-to-end search time: 2208679 ns
Total end-to-end search time: 2093822 ns
Query: 4, nThreads: 16, warmup: 16
====================================================================================================
(ns)
Load index... Graph level 5..
Total end-to-end search time: 3492936 ns
Total end-to-end search time: 3314773 ns
Total end-to-end search time: 3414756 ns
Total end-to-end search time: 3351274 ns
Total end-to-end search time: 3352234 ns
Total end-to-end search time: 2697527 ns
Total end-to-end search time: 3076413 ns
Total end-to-end search time: 2719515 ns
Total end-to-end search time: 3082386 ns
Total end-to-end search time: 3080151 ns
Total end-to-end search time: 3015720 ns
Total end-to-end search time: 2864001 ns
Total end-to-end search time: 2675566 ns
Total end-to-end search time: 2252056 ns
Total end-to-end search time: 2683385 ns
Total end-to-end search time: 2258047 ns
Total end-to-end search time: 2148058 ns
Query: 4, nThreads: 16, warmup: 16
====================================================================================================
(ns)
Load index... Graph level 5..
Total end-to-end search time: 3522867 ns
Total end-to-end search time: 3216990 ns
Total end-to-end search time: 3332831 ns
Total end-to-end search time: 3258670 ns
Total end-to-end search time: 3276484 ns
Total end-to-end search time: 2627670 ns
Total end-to-end search time: 3001291 ns
Total end-to-end search time: 2658172 ns
Total end-to-end search time: 3012170 ns
Total end-to-end search time: 3016278 ns
Total end-to-end search time: 2919598 ns
Total end-to-end search time: 2795252 ns
Total end-to-end search time: 2614893 ns
Total end-to-end search time: 2218634 ns
Total end-to-end search time: 2626261 ns
Total end-to-end search time: 2195132 ns
Total end-to-end search time: 2087036 ns
Query: 4, nThreads: 16, warmup: 16
====================================================================================================
(ns)
Load index... Graph level 5..
Total end-to-end search time: 3474699 ns
Total end-to-end search time: 3260575 ns
Total end-to-end search time: 3353328 ns
Total end-to-end search time: 3291418 ns
Total end-to-end search time: 3324140 ns
Total end-to-end search time: 2651786 ns
Total end-to-end search time: 3016822 ns
Total end-to-end search time: 2681011 ns
Total end-to-end search time: 3039684 ns
Total end-to-end search time: 3026142 ns
Total end-to-end search time: 2942398 ns
Total end-to-end search time: 2807739 ns
Total end-to-end search time: 2629025 ns
Total end-to-end search time: 2216799 ns
Total end-to-end search time: 2656167 ns
Total end-to-end search time: 2212882 ns
Total end-to-end search time: 2098562 ns
Query: 4, nThreads: 16, warmup: 16
====================================================================================================
(ns)
Load index... Graph level 5..
Total end-to-end search time: 3446804 ns
Total end-to-end search time: 3216058 ns
Total end-to-end search time: 3333891 ns
Total end-to-end search time: 3265396 ns
Total end-to-end search time: 3285216 ns
Total end-to-end search time: 2637486 ns
Total end-to-end search time: 2996400 ns
Total end-to-end search time: 2646158 ns
Total end-to-end search time: 3011168 ns
Total end-to-end search time: 3029437 ns
Total end-to-end search time: 2930608 ns
Total end-to-end search time: 2825357 ns
Total end-to-end search time: 2616290 ns
Total end-to-end search time: 2211032 ns
Total end-to-end search time: 2622721 ns
Total end-to-end search time: 2195634 ns
Total end-to-end search time: 2096559 ns
Query: 4, nThreads: 16, warmup: 16
====================================================================================================
(ns)
Load index... Graph level 5..
Total end-to-end search time: 3442436 ns
Total end-to-end search time: 3221931 ns
Total end-to-end search time: 3361643 ns
Total end-to-end search time: 3278761 ns
Total end-to-end search time: 3321804 ns
Total end-to-end search time: 2649451 ns
Total end-to-end search time: 3020565 ns
Total end-to-end search time: 2664215 ns
Total end-to-end search time: 3043693 ns
Total end-to-end search time: 3047232 ns
Total end-to-end search time: 2963355 ns
Total end-to-end search time: 2815082 ns
Total end-to-end search time: 2644439 ns
Total end-to-end search time: 2232126 ns
Total end-to-end search time: 2647450 ns
Total end-to-end search time: 2222887 ns
Total end-to-end search time: 2110211 ns
Query: 4, nThreads: 16, warmup: 16
====================================================================================================
(ns)
Load index... Graph level 5..
Total end-to-end search time: 3491028 ns
Total end-to-end search time: 3270797 ns
Total end-to-end search time: 3386685 ns
Total end-to-end search time: 3286410 ns
Total end-to-end search time: 3302031 ns
Total end-to-end search time: 2662756 ns
Total end-to-end search time: 3017152 ns
Total end-to-end search time: 2674317 ns
Total end-to-end search time: 3026864 ns
Total end-to-end search time: 3031231 ns
Total end-to-end search time: 2966526 ns
Total end-to-end search time: 2822977 ns
Total end-to-end search time: 2652995 ns
Total end-to-end search time: 2231193 ns
Total end-to-end search time: 2644665 ns
Total end-to-end search time: 2230607 ns
Total end-to-end search time: 2109211 ns
Query: 4, nThreads: 16, warmup: 16
====================================================================================================
(ns)
Load index... Graph level 5..
Total end-to-end search time: 3522549 ns
Total end-to-end search time: 3331153 ns
Total end-to-end search time: 3452579 ns
Total end-to-end search time: 3364199 ns
Total end-to-end search time: 3398125 ns
Total end-to-end search time: 2706936 ns
Total end-to-end search time: 3074854 ns
Total end-to-end search time: 2726644 ns
Total end-to-end search time: 3109524 ns
Total end-to-end search time: 3117662 ns
Total end-to-end search time: 3030990 ns
Total end-to-end search time: 2861829 ns
Total end-to-end search time: 2695538 ns
Total end-to-end search time: 2288411 ns
Total end-to-end search time: 2701010 ns
Total end-to-end search time: 2258704 ns
Total end-to-end search time: 2135820 ns
Query: 4, nThreads: 16, warmup: 16
====================================================================================================
(ns)
Load index... Graph level 5..
Total end-to-end search time: 3456214 ns
Total end-to-end search time: 3258241 ns
Total end-to-end search time: 3361156 ns
Total end-to-end search time: 3280728 ns
Total end-to-end search time: 3308790 ns
Total end-to-end search time: 2652904 ns
Total end-to-end search time: 3019922 ns
Total end-to-end search time: 2671523 ns
Total end-to-end search time: 3040963 ns
Total end-to-end search time: 3047484 ns
Total end-to-end search time: 2942869 ns
Total end-to-end search time: 2793741 ns
Total end-to-end search time: 2651745 ns
Total end-to-end search time: 2228382 ns
Total end-to-end search time: 2643045 ns
Total end-to-end search time: 2208070 ns
Total end-to-end search time: 2108904 ns
Query: 4, nThreads: 16, warmup: 16
====================================================================================================
(ns)
Load index... Graph level 5..
Total end-to-end search time: 3451372 ns
Total end-to-end search time: 3269018 ns
Total end-to-end search time: 3374566 ns
Total end-to-end search time: 3280659 ns
Total end-to-end search time: 3304263 ns
Total end-to-end search time: 2649375 ns
Total end-to-end search time: 3032333 ns
Total end-to-end search time: 2663055 ns
Total end-to-end search time: 3050968 ns
Total end-to-end search time: 3047384 ns
Total end-to-end search time: 2954376 ns
Total end-to-end search time: 2828180 ns
Total end-to-end search time: 2649845 ns
Total end-to-end search time: 2236614 ns
Total end-to-end search time: 2636670 ns
Total end-to-end search time: 2217066 ns
Total end-to-end search time: 2108440 ns
Query: 4, nThreads: 16, warmup: 16
====================================================================================================
(ns)
Load index... Graph level 5..
Total end-to-end search time: 3465727 ns
Total end-to-end search time: 3241917 ns
Total end-to-end search time: 3362057 ns
Total end-to-end search time: 3265058 ns
Total end-to-end search time: 3308494 ns
Total end-to-end search time: 2632768 ns
Total end-to-end search time: 2994914 ns
Total end-to-end search time: 2654163 ns
Total end-to-end search time: 3025789 ns
Total end-to-end search time: 3012557 ns
Total end-to-end search time: 2942327 ns
Total end-to-end search time: 2801936 ns
Total end-to-end search time: 2625586 ns
Total end-to-end search time: 2211463 ns
Total end-to-end search time: 2637439 ns
Total end-to-end search time: 2211796 ns
Total end-to-end search time: 2108140 ns
Query: 4, nThreads: 16, warmup: 16
====================================================================================================
(ns)
Load index... Graph level 5..
Total end-to-end search time: 3539926 ns
Total end-to-end search time: 3311724 ns
Total end-to-end search time: 3431543 ns
Total end-to-end search time: 3334715 ns
Total end-to-end search time: 3378168 ns
Total end-to-end search time: 2728637 ns
Total end-to-end search time: 3074159 ns
Total end-to-end search time: 2715988 ns
Total end-to-end search time: 3083837 ns
Total end-to-end search time: 3106563 ns
Total end-to-end search time: 3011012 ns
Total end-to-end search time: 2866745 ns
Total end-to-end search time: 2692982 ns
Total end-to-end search time: 2276222 ns
Total end-to-end search time: 2690474 ns
Total end-to-end search time: 2250942 ns
Total end-to-end search time: 2140618 ns
Query: 4, nThreads: 16, warmup: 16
====================================================================================================
(ns)
Load index... Graph level 5..
Total end-to-end search time: 3636406 ns
Total end-to-end search time: 3328805 ns
Total end-to-end search time: 3443290 ns
Total end-to-end search time: 3379281 ns
Total end-to-end search time: 3382664 ns
Total end-to-end search time: 2699200 ns
Total end-to-end search time: 3077990 ns
Total end-to-end search time: 2709725 ns
Total end-to-end search time: 3090002 ns
Total end-to-end search time: 3098248 ns
Total end-to-end search time: 3004207 ns
Total end-to-end search time: 2878307 ns
Total end-to-end search time: 2692797 ns
Total end-to-end search time: 2258698 ns
Total end-to-end search time: 2666994 ns
Total end-to-end search time: 2254847 ns
Total end-to-end search time: 2135309 ns
Query: 4, nThreads: 16, warmup: 16
====================================================================================================
(ns)
Load index... Graph level 5..
Total end-to-end search time: 3443953 ns
Total end-to-end search time: 3234063 ns
Total end-to-end search time: 3358551 ns
Total end-to-end search time: 3272311 ns
Total end-to-end search time: 3306985 ns
Total end-to-end search time: 2645125 ns
Total end-to-end search time: 3007392 ns
Total end-to-end search time: 2666747 ns
Total end-to-end search time: 3028070 ns
Total end-to-end search time: 3038740 ns
Total end-to-end search time: 2938655 ns
Total end-to-end search time: 2816688 ns
Total end-to-end search time: 2646377 ns
Total end-to-end search time: 2241298 ns
Total end-to-end search time: 2645639 ns
Total end-to-end search time: 2219302 ns
Total end-to-end search time: 2108956 ns
Query: 4, nThreads: 16, warmup: 16
====================================================================================================
(ns)
Load index... Graph level 5..
Total end-to-end search time: 3507170 ns
Total end-to-end search time: 3292461 ns
Total end-to-end search time: 3416801 ns
Total end-to-end search time: 3343027 ns
Total end-to-end search time: 3348553 ns
Total end-to-end search time: 2679084 ns
Total end-to-end search time: 3045572 ns
Total end-to-end search time: 2693905 ns
Total end-to-end search time: 3076905 ns
Total end-to-end search time: 3076854 ns
Total end-to-end search time: 2975076 ns
Total end-to-end search time: 2837985 ns
Total end-to-end search time: 2678016 ns
Total end-to-end search time: 2269578 ns
Total end-to-end search time: 2672294 ns
Total end-to-end search time: 2256544 ns
Total end-to-end search time: 2129177 ns
Query: 4, nThreads: 16, warmup: 16
====================================================================================================
(ns)
Load index... Graph level 5..
Total end-to-end search time: 3465445 ns
Total end-to-end search time: 3234655 ns
Total end-to-end search time: 3348597 ns
Total end-to-end search time: 3283396 ns
Total end-to-end search time: 3318917 ns
Total end-to-end search time: 2654196 ns
Total end-to-end search time: 3016383 ns
Total end-to-end search time: 2667233 ns
Total end-to-end search time: 3039036 ns
Total end-to-end search time: 3047486 ns
Total end-to-end search time: 2944186 ns
Total end-to-end search time: 2802790 ns
Total end-to-end search time: 2633828 ns
Total end-to-end search time: 2229208 ns
Total end-to-end search time: 2639471 ns
Total end-to-end search time: 2217167 ns
Total end-to-end search time: 2095467 ns
Query: 4, nThreads: 16, warmup: 16
====================================================================================================
(ns)
Load index... Graph level 5..
Total end-to-end search time: 3491303 ns
Total end-to-end search time: 3277281 ns
Total end-to-end search time: 3406491 ns
Total end-to-end search time: 3345139 ns
Total end-to-end search time: 3347847 ns
Total end-to-end search time: 2696654 ns
Total end-to-end search time: 3039784 ns
Total end-to-end search time: 2696334 ns
Total end-to-end search time: 3072768 ns
Total end-to-end search time: 3089987 ns
Total end-to-end search time: 3004110 ns
Total end-to-end search time: 2860665 ns
Total end-to-end search time: 2680888 ns
Total end-to-end search time: 2248661 ns
Total end-to-end search time: 2686103 ns
Total end-to-end search time: 2251011 ns
Total end-to-end search time: 2111994 ns
Query: 4, nThreads: 16, warmup: 16
====================================================================================================
(ns)
Load index... Graph level 5..
Total end-to-end search time: 3428357 ns
Total end-to-end search time: 3259990 ns
Total end-to-end search time: 3359683 ns
Total end-to-end search time: 3282887 ns
Total end-to-end search time: 3318575 ns
Total end-to-end search time: 2662313 ns
Total end-to-end search time: 3025473 ns
Total end-to-end search time: 2678583 ns
Total end-to-end search time: 3061318 ns
Total end-to-end search time: 3048283 ns
Total end-to-end search time: 2969158 ns
Total end-to-end search time: 2815514 ns
Total end-to-end search time: 2644929 ns
Total end-to-end search time: 2227589 ns
Total end-to-end search time: 2628278 ns
Total end-to-end search time: 2210681 ns
Total end-to-end search time: 2102000 ns
Query: 4, nThreads: 16, warmup: 16
====================================================================================================
(ns)
Load index... Graph level 5..
Total end-to-end search time: 3486245 ns
Total end-to-end search time: 3265000 ns
Total end-to-end search time: 3354046 ns
Total end-to-end search time: 3293056 ns
Total end-to-end search time: 3331760 ns
Total end-to-end search time: 2657268 ns
Total end-to-end search time: 3018375 ns
Total end-to-end search time: 2663646 ns
Total end-to-end search time: 3052111 ns
Total end-to-end search time: 3051238 ns
Total end-to-end search time: 2955316 ns
Total end-to-end search time: 2822612 ns
Total end-to-end search time: 2636782 ns
Total end-to-end search time: 2218324 ns
Total end-to-end search time: 2649368 ns
Total end-to-end search time: 2232611 ns
Total end-to-end search time: 2100322 ns
Query: 4, nThreads: 16, warmup: 16
====================================================================================================
(ns)
Load index... Graph level 5..
Total end-to-end search time: 3501027 ns
Total end-to-end search time: 3236181 ns
Total end-to-end search time: 3361247 ns
Total end-to-end search time: 3280955 ns
Total end-to-end search time: 3320898 ns
Total end-to-end search time: 2656055 ns
Total end-to-end search time: 3035532 ns
Total end-to-end search time: 2689557 ns
Total end-to-end search time: 3044780 ns
Total end-to-end search time: 3044556 ns
Total end-to-end search time: 2939151 ns
Total end-to-end search time: 2818575 ns
Total end-to-end search time: 2641869 ns
Total end-to-end search time: 2225564 ns
Total end-to-end search time: 2633590 ns
Total end-to-end search time: 2226861 ns
Total end-to-end search time: 2109604 ns
Query: 4, nThreads: 16, warmup: 16
====================================================================================================
(ns)
Load index... Graph level 5..
Total end-to-end search time: 3509121 ns
Total end-to-end search time: 3298783 ns
Total end-to-end search time: 3431989 ns
Total end-to-end search time: 3345266 ns
Total end-to-end search time: 3369055 ns
Total end-to-end search time: 2697627 ns
Total end-to-end search time: 3070509 ns
Total end-to-end search time: 2725322 ns
Total end-to-end search time: 3090652 ns
Total end-to-end search time: 3087442 ns
Total end-to-end search time: 2997220 ns
Total end-to-end search time: 2883087 ns
Total end-to-end search time: 2711405 ns
Total end-to-end search time: 2268254 ns
Total end-to-end search time: 2688519 ns
Total end-to-end search time: 2262673 ns
Total end-to-end search time: 2145730 ns
