Query: 4, nThreads: 1, warmup: 16
====================================================================================================
(ns)
Load index... Graph level 5..
Total end-to-end search time: 3478619 ns
Total end-to-end search time: 3228422 ns
Total end-to-end search time: 3350061 ns
Total end-to-end search time: 3276229 ns
Total end-to-end search time: 3316829 ns
Total end-to-end search time: 2681566 ns
Total end-to-end search time: 3018214 ns
Total end-to-end search time: 2652008 ns
Total end-to-end search time: 3027201 ns
Total end-to-end search time: 3043873 ns
Total end-to-end search time: 2961625 ns
Total end-to-end search time: 2814491 ns
Total end-to-end search time: 2631860 ns
Total end-to-end search time: 2227071 ns
Total end-to-end search time: 2648999 ns
Total end-to-end search time: 2227433 ns
Total end-to-end search time: 2117049 ns
Query: 4, nThreads: 1, warmup: 16
====================================================================================================
(ns)
Load index... Graph level 5..
Total end-to-end search time: 3482101 ns
Total end-to-end search time: 3247023 ns
Total end-to-end search time: 3378745 ns
Total end-to-end search time: 3298866 ns
Total end-to-end search time: 3309706 ns
Total end-to-end search time: 2652102 ns
Total end-to-end search time: 3007787 ns
Total end-to-end search time: 2672760 ns
Total end-to-end search time: 3040177 ns
Total end-to-end search time: 3035733 ns
Total end-to-end search time: 2964767 ns
Total end-to-end search time: 2823032 ns
Total end-to-end search time: 2634479 ns
Total end-to-end search time: 2232130 ns
Total end-to-end search time: 2643836 ns
Total end-to-end search time: 2230660 ns
Total end-to-end search time: 2112379 ns
Query: 4, nThreads: 1, warmup: 16
====================================================================================================
(ns)
Load index... Graph level 5..
Total end-to-end search time: 3627409 ns
Total end-to-end search time: 3226651 ns
Total end-to-end search time: 3367453 ns
Total end-to-end search time: 3283308 ns
Total end-to-end search time: 3317229 ns
Total end-to-end search time: 2651746 ns
Total end-to-end search time: 3023967 ns
Total end-to-end search time: 2658848 ns
Total end-to-end search time: 3036945 ns
Total end-to-end search time: 3037827 ns
Total end-to-end search time: 2933653 ns
Total end-to-end search time: 2810058 ns
Total end-to-end search time: 2626512 ns
Total end-to-end search time: 2224232 ns
Total end-to-end search time: 2639356 ns
Total end-to-end search time: 2216074 ns
Total end-to-end search time: 2096894 ns
Query: 4, nThreads: 1, warmup: 16
====================================================================================================
(ns)
Load index... Graph level 5..
Total end-to-end search time: 3460488 ns
Total end-to-end search time: 3241939 ns
Total end-to-end search time: 3346845 ns
Total end-to-end search time: 3273048 ns
Total end-to-end search time: 3300636 ns
Total end-to-end search time: 2649078 ns
Total end-to-end search time: 3015752 ns
Total end-to-end search time: 2665468 ns
Total end-to-end search time: 3035870 ns
Total end-to-end search time: 3044687 ns
Total end-to-end search time: 2945559 ns
Total end-to-end search time: 2806290 ns
Total end-to-end search time: 2652818 ns
Total end-to-end search time: 2209844 ns
Total end-to-end search time: 2647845 ns
Total end-to-end search time: 2213812 ns
Total end-to-end search time: 2105839 ns
Query: 4, nThreads: 1, warmup: 16
====================================================================================================
(ns)
Load index... Graph level 5..
Total end-to-end search time: 3441727 ns
Total end-to-end search time: 3242709 ns
Total end-to-end search time: 3367863 ns
Total end-to-end search time: 3279738 ns
Total end-to-end search time: 3280236 ns
Total end-to-end search time: 2640930 ns
Total end-to-end search time: 2989665 ns
Total end-to-end search time: 2647329 ns
Total end-to-end search time: 3024410 ns
Total end-to-end search time: 3022581 ns
Total end-to-end search time: 2941848 ns
Total end-to-end search time: 2806645 ns
Total end-to-end search time: 2628694 ns
Total end-to-end search time: 2219554 ns
Total end-to-end search time: 2637681 ns
Total end-to-end search time: 2217266 ns
Total end-to-end search time: 2104311 ns
Query: 4, nThreads: 1, warmup: 16
====================================================================================================
(ns)
Load index... Graph level 5..
Total end-to-end search time: 3491552 ns
Total end-to-end search time: 3240592 ns
Total end-to-end search time: 3356253 ns
Total end-to-end search time: 3284355 ns
Total end-to-end search time: 3306382 ns
Total end-to-end search time: 2650147 ns
Total end-to-end search time: 3012233 ns
Total end-to-end search time: 2666503 ns
Total end-to-end search time: 3026242 ns
Total end-to-end search time: 3041032 ns
Total end-to-end search time: 2939136 ns
Total end-to-end search time: 2803897 ns
Total end-to-end search time: 2633990 ns
Total end-to-end search time: 2223605 ns
Total end-to-end search time: 2638783 ns
Total end-to-end search time: 2195313 ns
Total end-to-end search time: 2087721 ns
Query: 4, nThreads: 1, warmup: 16
====================================================================================================
(ns)
Load index... Graph level 5..
Total end-to-end search time: 3510248 ns
Total end-to-end search time: 3240227 ns
Total end-to-end search time: 3366840 ns
Total end-to-end search time: 3287709 ns
Total end-to-end search time: 3324252 ns
Total end-to-end search time: 2678215 ns
Total end-to-end search time: 3045441 ns
Total end-to-end search time: 2673956 ns
Total end-to-end search time: 3040916 ns
Total end-to-end search time: 3050903 ns
Total end-to-end search time: 2973486 ns
Total end-to-end search time: 2841721 ns
Total end-to-end search time: 2659973 ns
Total end-to-end search time: 2234979 ns
Total end-to-end search time: 2663224 ns
Total end-to-end search time: 2234593 ns
Total end-to-end search time: 2116307 ns
Query: 4, nThreads: 1, warmup: 16
====================================================================================================
(ns)
Load index... Graph level 5..
Total end-to-end search time: 3525335 ns
Total end-to-end search time: 3254201 ns
Total end-to-end search time: 3371129 ns
Total end-to-end search time: 3281789 ns
Total end-to-end search time: 3329636 ns
Total end-to-end search time: 2665315 ns
Total end-to-end search time: 3015154 ns
Total end-to-end search time: 2690492 ns
Total end-to-end search time: 3045994 ns
Total end-to-end search time: 3030929 ns
Total end-to-end search time: 2955402 ns
Total end-to-end search time: 2827190 ns
Total end-to-end search time: 2643306 ns
Total end-to-end search time: 2230773 ns
Total end-to-end search time: 2642255 ns
Total end-to-end search time: 2215908 ns
Total end-to-end search time: 2108013 ns
Query: 4, nThreads: 1, warmup: 16
====================================================================================================
(ns)
Load index... Graph level 5..
Total end-to-end search time: 3451964 ns
Total end-to-end search time: 3216630 ns
Total end-to-end search time: 3337464 ns
Total end-to-end search time: 3258147 ns
Total end-to-end search time: 3293004 ns
Total end-to-end search time: 2646394 ns
Total end-to-end search time: 3003131 ns
Total end-to-end search time: 2655047 ns
Total end-to-end search time: 3024561 ns
Total end-to-end search time: 3014320 ns
Total end-to-end search time: 2948871 ns
Total end-to-end search time: 2805695 ns
Total end-to-end search time: 2634010 ns
Total end-to-end search time: 2214705 ns
Total end-to-end search time: 2640561 ns
Total end-to-end search time: 2225242 ns
Total end-to-end search time: 2099042 ns
Query: 4, nThreads: 1, warmup: 16
====================================================================================================
(ns)
Load index... Graph level 5..
Total end-to-end search time: 3466670 ns
Total end-to-end search time: 3277494 ns
Total end-to-end search time: 3399816 ns
Total end-to-end search time: 3323332 ns
Total end-to-end search time: 3345831 ns
Total end-to-end search time: 2684761 ns
Total end-to-end search time: 3051408 ns
Total end-to-end search time: 2704384 ns
Total end-to-end search time: 3072136 ns
Total end-to-end search time: 3077182 ns
Total end-to-end search time: 2996041 ns
Total end-to-end search time: 2849971 ns
Total end-to-end search time: 2691886 ns
Total end-to-end search time: 2263522 ns
Total end-to-end search time: 2682933 ns
Total end-to-end search time: 2250146 ns
Total end-to-end search time: 2136821 ns
Query: 4, nThreads: 1, warmup: 16
====================================================================================================
(ns)
Load index... Graph level 5..
Total end-to-end search time: 3560952 ns
Total end-to-end search time: 3246826 ns
Total end-to-end search time: 3377067 ns
Total end-to-end search time: 3282738 ns
Total end-to-end search time: 3319655 ns
Total end-to-end search time: 2662331 ns
Total end-to-end search time: 3028122 ns
Total end-to-end search time: 2692631 ns
Total end-to-end search time: 3048361 ns
Total end-to-end search time: 3058041 ns
Total end-to-end search time: 2989526 ns
Total end-to-end search time: 2841640 ns
Total end-to-end search time: 2655989 ns
Total end-to-end search time: 2240585 ns
Total end-to-end search time: 2649518 ns
Total end-to-end search time: 2238265 ns
Total end-to-end search time: 2107643 ns
Query: 4, nThreads: 1, warmup: 16
====================================================================================================
(ns)
Load index... Graph level 5..
Total end-to-end search time: 3488131 ns
Total end-to-end search time: 3224239 ns
Total end-to-end search time: 3343243 ns
Total end-to-end search time: 3296272 ns
Total end-to-end search time: 3306392 ns
Total end-to-end search time: 2650039 ns
Total end-to-end search time: 3008003 ns
Total end-to-end search time: 2669206 ns
Total end-to-end search time: 3030754 ns
Total end-to-end search time: 3045563 ns
Total end-to-end search time: 2937238 ns
Total end-to-end search time: 2806746 ns
Total end-to-end search time: 2617107 ns
Total end-to-end search time: 2220934 ns
Total end-to-end search time: 2642747 ns
Total end-to-end search time: 2204733 ns
Total end-to-end search time: 2103061 ns
Query: 4, nThreads: 1, warmup: 16
====================================================================================================
(ns)
Load index... Graph level 5..
Total end-to-end search time: 3462880 ns
Total end-to-end search time: 3278429 ns
Total end-to-end search time: 3405855 ns
Total end-to-end search time: 3326286 ns
Total end-to-end search time: 3328187 ns
Total end-to-end search time: 2686264 ns
Total end-to-end search time: 3033102 ns
Total end-to-end search time: 2693787 ns
Total end-to-end search time: 3054593 ns
Total end-to-end search time: 3082039 ns
Total end-to-end search time: 2986958 ns
Total end-to-end search time: 2858502 ns
Total end-to-end search time: 2684288 ns
Total end-to-end search time: 2255165 ns
Total end-to-end search time: 2670744 ns
Total end-to-end search time: 2245996 ns
Total end-to-end search time: 2120208 ns
Query: 4, nThreads: 1, warmup: 16
====================================================================================================
(ns)
Load index... Graph level 5..
Total end-to-end search time: 3444948 ns
Total end-to-end search time: 3259252 ns
Total end-to-end search time: 3381003 ns
Total end-to-end search time: 3299040 ns
Total end-to-end search time: 3310336 ns
Total end-to-end search time: 2664957 ns
Total end-to-end search time: 3005547 ns
Total end-to-end search time: 2668371 ns
Total end-to-end search time: 3052861 ns
Total end-to-end search time: 3027214 ns
Total end-to-end search time: 2969883 ns
Total end-to-end search time: 2835004 ns
Total end-to-end search time: 2655216 ns
Total end-to-end search time: 2251604 ns
Total end-to-end search time: 2641347 ns
Total end-to-end search time: 2236517 ns
Total end-to-end search time: 2104434 ns
Query: 4, nThreads: 1, warmup: 16
====================================================================================================
(ns)
Load index... Graph level 5..
Total end-to-end search time: 3583382 ns
Total end-to-end search time: 3211754 ns
Total end-to-end search time: 3325733 ns
Total end-to-end search time: 3271712 ns
Total end-to-end search time: 3310794 ns
Total end-to-end search time: 2643227 ns
Total end-to-end search time: 3020392 ns
Total end-to-end search time: 2653445 ns
Total end-to-end search time: 3014500 ns
Total end-to-end search time: 3017409 ns
Total end-to-end search time: 2936593 ns
Total end-to-end search time: 2788655 ns
Total end-to-end search time: 2621867 ns
Total end-to-end search time: 2205266 ns
Total end-to-end search time: 2612977 ns
Total end-to-end search time: 2199216 ns
Total end-to-end search time: 2101371 ns
Query: 4, nThreads: 1, warmup: 16
====================================================================================================
(ns)
Load index... Graph level 5..
Total end-to-end search time: 3484299 ns
Total end-to-end search time: 3286082 ns
Total end-to-end search time: 3411557 ns
Total end-to-end search time: 3335793 ns
Total end-to-end search time: 3353807 ns
Total end-to-end search time: 2697222 ns
Total end-to-end search time: 3061582 ns
Total end-to-end search time: 2714354 ns
Total end-to-end search time: 3082103 ns
Total end-to-end search time: 3088973 ns
Total end-to-end search time: 2989845 ns
Total end-to-end search time: 2851032 ns
Total end-to-end search time: 2676574 ns
Total end-to-end search time: 2258909 ns
Total end-to-end search time: 2687793 ns
Total end-to-end search time: 2249461 ns
Total end-to-end search time: 2138328 ns
Query: 4, nThreads: 1, warmup: 16
====================================================================================================
(ns)
Load index... Graph level 5..
Total end-to-end search time: 3479952 ns
Total end-to-end search time: 3258420 ns
Total end-to-end search time: 3378470 ns
Total end-to-end search time: 3300692 ns
Total end-to-end search time: 3311988 ns
Total end-to-end search time: 2662948 ns
Total end-to-end search time: 3024654 ns
Total end-to-end search time: 2674882 ns
Total end-to-end search time: 3061411 ns
Total end-to-end search time: 3040938 ns
Total end-to-end search time: 2968563 ns
Total end-to-end search time: 2811907 ns
Total end-to-end search time: 2644589 ns
Total end-to-end search time: 2227814 ns
Total end-to-end search time: 2656667 ns
Total end-to-end search time: 2402396 ns
Total end-to-end search time: 2089553 ns
Query: 4, nThreads: 1, warmup: 16
====================================================================================================
(ns)
Load index... Graph level 5..
Total end-to-end search time: 3487438 ns
Total end-to-end search time: 3263059 ns
Total end-to-end search time: 3402202 ns
Total end-to-end search time: 3287176 ns
Total end-to-end search time: 3328260 ns
Total end-to-end search time: 2654980 ns
Total end-to-end search time: 3032164 ns
Total end-to-end search time: 2673087 ns
Total end-to-end search time: 3038918 ns
Total end-to-end search time: 3069874 ns
Total end-to-end search time: 2952275 ns
Total end-to-end search time: 2847643 ns
Total end-to-end search time: 2653419 ns
Total end-to-end search time: 2243279 ns
Total end-to-end search time: 2656360 ns
Total end-to-end search time: 2237395 ns
Total end-to-end search time: 2110380 ns
Query: 4, nThreads: 1, warmup: 16
====================================================================================================
(ns)
Load index... Graph level 5..
Total end-to-end search time: 3475496 ns
Total end-to-end search time: 3290910 ns
Total end-to-end search time: 3408015 ns
Total end-to-end search time: 3333468 ns
Total end-to-end search time: 3358486 ns
Total end-to-end search time: 2682724 ns
Total end-to-end search time: 3055823 ns
Total end-to-end search time: 2706341 ns
Total end-to-end search time: 3090505 ns
Total end-to-end search time: 3083052 ns
Total end-to-end search time: 2991813 ns
Total end-to-end search time: 2853256 ns
Total end-to-end search time: 2673808 ns
Total end-to-end search time: 2251171 ns
Total end-to-end search time: 2689145 ns
Total end-to-end search time: 2252754 ns
Total end-to-end search time: 2136771 ns
Query: 4, nThreads: 1, warmup: 16
====================================================================================================
(ns)
Load index... Graph level 5..
Total end-to-end search time: 3445077 ns
Total end-to-end search time: 3242868 ns
Total end-to-end search time: 3369934 ns
Total end-to-end search time: 3272363 ns
Total end-to-end search time: 3305941 ns
Total end-to-end search time: 2658254 ns
Total end-to-end search time: 3018740 ns
Total end-to-end search time: 2671020 ns
Total end-to-end search time: 3032875 ns
Total end-to-end search time: 3045970 ns
Total end-to-end search time: 2953697 ns
Total end-to-end search time: 2822280 ns
Total end-to-end search time: 2634596 ns
Total end-to-end search time: 2222683 ns
Total end-to-end search time: 2645184 ns
Total end-to-end search time: 2218034 ns
Total end-to-end search time: 2097358 ns
Query: 4, nThreads: 1, warmup: 16
====================================================================================================
(ns)
Load index... Graph level 5..
Total end-to-end search time: 3408206 ns
Total end-to-end search time: 3206413 ns
Total end-to-end search time: 3330415 ns
Total end-to-end search time: 3244941 ns
Total end-to-end search time: 3261113 ns
Total end-to-end search time: 2634504 ns
Total end-to-end search time: 2990360 ns
Total end-to-end search time: 2640026 ns
Total end-to-end search time: 3012898 ns
Total end-to-end search time: 3016405 ns
Total end-to-end search time: 2947578 ns
Total end-to-end search time: 2820069 ns
Total end-to-end search time: 2644457 ns
Total end-to-end search time: 2215362 ns
Total end-to-end search time: 2629286 ns
Total end-to-end search time: 2217835 ns
Total end-to-end search time: 2099192 ns
Query: 4, nThreads: 1, warmup: 16
====================================================================================================
(ns)
Load index... Graph level 5..
Total end-to-end search time: 3475405 ns
Total end-to-end search time: 3270351 ns
Total end-to-end search time: 3377050 ns
Total end-to-end search time: 3273808 ns
Total end-to-end search time: 3374755 ns
Total end-to-end search time: 2649996 ns
Total end-to-end search time: 3007046 ns
Total end-to-end search time: 2676896 ns
Total end-to-end search time: 3037682 ns
Total end-to-end search time: 3026694 ns
Total end-to-end search time: 2932064 ns
Total end-to-end search time: 2815784 ns
Total end-to-end search time: 2646914 ns
Total end-to-end search time: 2218871 ns
Total end-to-end search time: 2643325 ns
Total end-to-end search time: 2219539 ns
Total end-to-end search time: 2102252 ns
Query: 4, nThreads: 1, warmup: 16
====================================================================================================
(ns)
Load index... Graph level 5..
Total end-to-end search time: 3458234 ns
Total end-to-end search time: 3271389 ns
Total end-to-end search time: 3378332 ns
Total end-to-end search time: 3306448 ns
Total end-to-end search time: 3327351 ns
Total end-to-end search time: 2687495 ns
Total end-to-end search time: 3041483 ns
Total end-to-end search time: 2684216 ns
Total end-to-end search time: 3074708 ns
Total end-to-end search time: 3070396 ns
Total end-to-end search time: 2992504 ns
Total end-to-end search time: 2852620 ns
Total end-to-end search time: 2678640 ns
Total end-to-end search time: 2249490 ns
Total end-to-end search time: 2672666 ns
Total end-to-end search time: 2242104 ns
Total end-to-end search time: 2121438 ns
Query: 4, nThreads: 1, warmup: 16
====================================================================================================
(ns)
Load index... Graph level 5..
Total end-to-end search time: 3420026 ns
Total end-to-end search time: 3248875 ns
Total end-to-end search time: 3353328 ns
Total end-to-end search time: 3274168 ns
Total end-to-end search time: 3305318 ns
Total end-to-end search time: 2656482 ns
Total end-to-end search time: 2991322 ns
Total end-to-end search time: 2646386 ns
Total end-to-end search time: 3037554 ns
Total end-to-end search time: 3013830 ns
Total end-to-end search time: 2950656 ns
Total end-to-end search time: 2819890 ns
Total end-to-end search time: 2635182 ns
Total end-to-end search time: 2207625 ns
Total end-to-end search time: 2630272 ns
Total end-to-end search time: 2211982 ns
Total end-to-end search time: 2083767 ns
Query: 4, nThreads: 1, warmup: 16
====================================================================================================
(ns)
Load index... Graph level 5..
Total end-to-end search time: 3484329 ns
Total end-to-end search time: 3252299 ns
Total end-to-end search time: 3365721 ns
Total end-to-end search time: 3291611 ns
Total end-to-end search time: 3318947 ns
Total end-to-end search time: 2645789 ns
Total end-to-end search time: 3023384 ns
Total end-to-end search time: 2684531 ns
Total end-to-end search time: 3035625 ns
Total end-to-end search time: 3040561 ns
Total end-to-end search time: 2943600 ns
Total end-to-end search time: 2815428 ns
Total end-to-end search time: 2637254 ns
Total end-to-end search time: 2217156 ns
Total end-to-end search time: 2628570 ns
Total end-to-end search time: 2213606 ns
Total end-to-end search time: 2097676 ns
Query: 4, nThreads: 1, warmup: 16
====================================================================================================
(ns)
Load index... Graph level 5..
Total end-to-end search time: 3575792 ns
Total end-to-end search time: 3294828 ns
Total end-to-end search time: 3421082 ns
Total end-to-end search time: 3346393 ns
Total end-to-end search time: 3365438 ns
Total end-to-end search time: 2698757 ns
Total end-to-end search time: 3074122 ns
Total end-to-end search time: 2727234 ns
Total end-to-end search time: 3090895 ns
Total end-to-end search time: 3093605 ns
Total end-to-end search time: 2993222 ns
Total end-to-end search time: 2861587 ns
Total end-to-end search time: 2749809 ns
Total end-to-end search time: 2278884 ns
Total end-to-end search time: 2900501 ns
Total end-to-end search time: 2242848 ns
Total end-to-end search time: 2111879 ns
Query: 4, nThreads: 1, warmup: 16
====================================================================================================
(ns)
Load index... Graph level 5..
Total end-to-end search time: 3495078 ns
Total end-to-end search time: 3311393 ns
Total end-to-end search time: 3417023 ns
Total end-to-end search time: 3330346 ns
Total end-to-end search time: 3359753 ns
Total end-to-end search time: 2705116 ns
Total end-to-end search time: 3043563 ns
Total end-to-end search time: 2708050 ns
Total end-to-end search time: 3084919 ns
Total end-to-end search time: 3085594 ns
Total end-to-end search time: 2998083 ns
Total end-to-end search time: 2870575 ns
Total end-to-end search time: 2692583 ns
Total end-to-end search time: 2257031 ns
Total end-to-end search time: 2696074 ns
Total end-to-end search time: 2261043 ns
Total end-to-end search time: 2123917 ns
Query: 4, nThreads: 1, warmup: 16
====================================================================================================
(ns)
Load index... Graph level 5..
Total end-to-end search time: 3459313 ns
Total end-to-end search time: 3251507 ns
Total end-to-end search time: 3376267 ns
Total end-to-end search time: 3299775 ns
Total end-to-end search time: 3339676 ns
Total end-to-end search time: 2673511 ns
Total end-to-end search time: 3029317 ns
Total end-to-end search time: 2690975 ns
Total end-to-end search time: 3057483 ns
Total end-to-end search time: 3060142 ns
Total end-to-end search time: 2956259 ns
Total end-to-end search time: 2816069 ns
Total end-to-end search time: 2656581 ns
Total end-to-end search time: 2220395 ns
Total end-to-end search time: 2636959 ns
Total end-to-end search time: 2216835 ns
Total end-to-end search time: 2090501 ns
Query: 4, nThreads: 1, warmup: 16
====================================================================================================
(ns)
Load index... Graph level 5..
Total end-to-end search time: 3431002 ns
Total end-to-end search time: 3223146 ns
Total end-to-end search time: 3327417 ns
Total end-to-end search time: 3245763 ns
Total end-to-end search time: 3281352 ns
Total end-to-end search time: 2628344 ns
Total end-to-end search time: 2989791 ns
Total end-to-end search time: 2635350 ns
Total end-to-end search time: 2997240 ns
Total end-to-end search time: 3012827 ns
Total end-to-end search time: 2924648 ns
Total end-to-end search time: 2791537 ns
Total end-to-end search time: 2644946 ns
Total end-to-end search time: 2211911 ns
Total end-to-end search time: 2631069 ns
Total end-to-end search time: 2211255 ns
Total end-to-end search time: 2086746 ns
Query: 4, nThreads: 1, warmup: 16
====================================================================================================
(ns)
Load index... Graph level 5..
Total end-to-end search time: 3481178 ns
Total end-to-end search time: 3298790 ns
Total end-to-end search time: 3421637 ns
Total end-to-end search time: 3344861 ns
Total end-to-end search time: 3354014 ns
Total end-to-end search time: 2694010 ns
Total end-to-end search time: 3049407 ns
Total end-to-end search time: 2702347 ns
Total end-to-end search time: 3094214 ns
Total end-to-end search time: 3078198 ns
Total end-to-end search time: 2991048 ns
Total end-to-end search time: 2856245 ns
Total end-to-end search time: 2676133 ns
Total end-to-end search time: 2262656 ns
Total end-to-end search time: 2686187 ns
Total end-to-end search time: 2256624 ns
Total end-to-end search time: 2133112 ns
