Query: 512, nThreads: 32, warmup: 4
====================================================================================================
(ns)
Load index... Graph level 5..
Total end-to-end search time: 104649815 ns
Total end-to-end search time: 93789249 ns
Total end-to-end search time: 96902887 ns
Total end-to-end search time: 100101717 ns
Total end-to-end search time: 99837037 ns
Query: 512, nThreads: 32, warmup: 4
====================================================================================================
(ns)
Load index... Graph level 5..
Total end-to-end search time: 104454505 ns
Total end-to-end search time: 93952065 ns
Total end-to-end search time: 97177297 ns
Total end-to-end search time: 99860032 ns
Total end-to-end search time: 99662538 ns
Query: 512, nThreads: 32, warmup: 4
====================================================================================================
(ns)
Load index... Graph level 5..
Total end-to-end search time: 104097831 ns
Total end-to-end search time: 94395259 ns
Total end-to-end search time: 96769754 ns
Total end-to-end search time: 99797734 ns
Total end-to-end search time: 102721773 ns
Query: 512, nThreads: 32, warmup: 4
====================================================================================================
(ns)
Load index... Graph level 5..
Total end-to-end search time: 104082784 ns
Total end-to-end search time: 94099873 ns
Total end-to-end search time: 96749208 ns
Total end-to-end search time: 99955643 ns
Total end-to-end search time: 99722920 ns
Query: 512, nThreads: 32, warmup: 4
====================================================================================================
(ns)
Load index... Graph level 5..
Total end-to-end search time: 104243914 ns
Total end-to-end search time: 93734499 ns
Total end-to-end search time: 97208439 ns
Total end-to-end search time: 100026975 ns
Total end-to-end search time: 99557465 ns
Query: 512, nThreads: 32, warmup: 4
====================================================================================================
(ns)
Load index... Graph level 5..
Total end-to-end search time: 103168238 ns
Total end-to-end search time: 94643786 ns
Total end-to-end search time: 96811546 ns
Total end-to-end search time: 99840709 ns
Total end-to-end search time: 99668295 ns
Query: 512, nThreads: 32, warmup: 4
====================================================================================================
(ns)
Load index... Graph level 5..
Total end-to-end search time: 103543158 ns
Total end-to-end search time: 94330142 ns
Total end-to-end search time: 97135199 ns
Total end-to-end search time: 99901492 ns
Total end-to-end search time: 99497830 ns
Query: 512, nThreads: 32, warmup: 4
====================================================================================================
(ns)
Load index... Graph level 5..
Total end-to-end search time: 104635241 ns
Total end-to-end search time: 94211174 ns
Total end-to-end search time: 96762598 ns
Total end-to-end search time: 100177542 ns
Total end-to-end search time: 99530579 ns
Query: 512, nThreads: 32, warmup: 4
====================================================================================================
(ns)
Load index... Graph level 5..
Total end-to-end search time: 104927764 ns
Total end-to-end search time: 94019103 ns
Total end-to-end search time: 96756134 ns
Total end-to-end search time: 100157079 ns
Total end-to-end search time: 99694214 ns
Query: 512, nThreads: 32, warmup: 4
====================================================================================================
(ns)
Load index... Graph level 5..
Total end-to-end search time: 104029040 ns
Total end-to-end search time: 94071825 ns
Total end-to-end search time: 97065991 ns
Total end-to-end search time: 100233159 ns
Total end-to-end search time: 99797013 ns
Query: 512, nThreads: 32, warmup: 4
====================================================================================================
(ns)
Load index... Graph level 5..
Total end-to-end search time: 104401614 ns
Total end-to-end search time: 94716142 ns
Total end-to-end search time: 96816352 ns
Total end-to-end search time: 100250987 ns
Total end-to-end search time: 100042307 ns
Query: 512, nThreads: 32, warmup: 4
====================================================================================================
(ns)
Load index... Graph level 5..
Total end-to-end search time: 103891740 ns
Total end-to-end search time: 94504680 ns
Total end-to-end search time: 97033866 ns
Total end-to-end search time: 100012459 ns
Total end-to-end search time: 99732516 ns
Query: 512, nThreads: 32, warmup: 4
====================================================================================================
(ns)
Load index... Graph level 5..
Total end-to-end search time: 104451800 ns
Total end-to-end search time: 93733821 ns
Total end-to-end search time: 96656163 ns
Total end-to-end search time: 99990271 ns
Total end-to-end search time: 99463933 ns
Query: 512, nThreads: 32, warmup: 4
====================================================================================================
(ns)
Load index... Graph level 5..
Total end-to-end search time: 103902029 ns
Total end-to-end search time: 93911779 ns
Total end-to-end search time: 97416261 ns
Total end-to-end search time: 99669539 ns
Total end-to-end search time: 99609297 ns
Query: 512, nThreads: 32, warmup: 4
====================================================================================================
(ns)
Load index... Graph level 5..
Total end-to-end search time: 104412257 ns
Total end-to-end search time: 93679567 ns
Total end-to-end search time: 96742884 ns
Total end-to-end search time: 99948049 ns
Total end-to-end search time: 98181844 ns
Query: 512, nThreads: 32, warmup: 4
====================================================================================================
(ns)
Load index... Graph level 5..
Total end-to-end search time: 104236271 ns
Total end-to-end search time: 94285123 ns
Total end-to-end search time: 97077021 ns
Total end-to-end search time: 100040043 ns
Total end-to-end search time: 99940585 ns
Query: 512, nThreads: 32, warmup: 4
====================================================================================================
(ns)
Load index... Graph level 5..
Total end-to-end search time: 104499625 ns
Total end-to-end search time: 94355838 ns
Total end-to-end search time: 97155153 ns
Total end-to-end search time: 100159481 ns
Total end-to-end search time: 99675873 ns
Query: 512, nThreads: 32, warmup: 4
====================================================================================================
(ns)
Load index... Graph level 5..
Total end-to-end search time: 104372165 ns
Total end-to-end search time: 94185609 ns
Total end-to-end search time: 96906504 ns
Total end-to-end search time: 99906477 ns
Total end-to-end search time: 99722107 ns
Query: 512, nThreads: 32, warmup: 4
====================================================================================================
(ns)
Load index... Graph level 5..
Total end-to-end search time: 104974814 ns
Total end-to-end search time: 93907123 ns
Total end-to-end search time: 96724717 ns
Total end-to-end search time: 100038149 ns
Total end-to-end search time: 99470163 ns
Query: 512, nThreads: 32, warmup: 4
====================================================================================================
(ns)
Load index... Graph level 5..
Total end-to-end search time: 104268310 ns
Total end-to-end search time: 94220772 ns
Total end-to-end search time: 97115240 ns
Total end-to-end search time: 100193265 ns
Total end-to-end search time: 99189830 ns
Query: 512, nThreads: 32, warmup: 4
====================================================================================================
(ns)
Load index... Graph level 5..
Total end-to-end search time: 104231143 ns
Total end-to-end search time: 94117755 ns
Total end-to-end search time: 96815068 ns
Total end-to-end search time: 100188786 ns
Total end-to-end search time: 99506520 ns
Query: 512, nThreads: 32, warmup: 4
====================================================================================================
(ns)
Load index... Graph level 5..
Total end-to-end search time: 104346076 ns
Total end-to-end search time: 93759807 ns
Total end-to-end search time: 96642078 ns
Total end-to-end search time: 100169517 ns
Total end-to-end search time: 99100110 ns
Query: 512, nThreads: 32, warmup: 4
====================================================================================================
(ns)
Load index... Graph level 5..
Total end-to-end search time: 103516106 ns
Total end-to-end search time: 94140297 ns
Total end-to-end search time: 96690129 ns
Total end-to-end search time: 100055445 ns
Total end-to-end search time: 99880478 ns
Query: 512, nThreads: 32, warmup: 4
====================================================================================================
(ns)
Load index... Graph level 5..
Total end-to-end search time: 104415318 ns
Total end-to-end search time: 94235253 ns
Total end-to-end search time: 96511532 ns
Total end-to-end search time: 100084695 ns
Total end-to-end search time: 99529291 ns
Query: 512, nThreads: 32, warmup: 4
====================================================================================================
(ns)
Load index... Graph level 5..
Total end-to-end search time: 104226416 ns
Total end-to-end search time: 93869814 ns
Total end-to-end search time: 96750255 ns
Total end-to-end search time: 99735422 ns
Total end-to-end search time: 99817697 ns
Query: 512, nThreads: 32, warmup: 4
====================================================================================================
(ns)
Load index... Graph level 5..
Total end-to-end search time: 103742936 ns
Total end-to-end search time: 94380677 ns
Total end-to-end search time: 96927329 ns
Total end-to-end search time: 99992925 ns
Total end-to-end search time: 99667741 ns
Query: 512, nThreads: 32, warmup: 4
====================================================================================================
(ns)
Load index... Graph level 5..
Total end-to-end search time: 104878329 ns
Total end-to-end search time: 93970276 ns
Total end-to-end search time: 96810629 ns
Total end-to-end search time: 100053778 ns
Total end-to-end search time: 99826495 ns
Query: 512, nThreads: 32, warmup: 4
====================================================================================================
(ns)
Load index... Graph level 5..
Total end-to-end search time: 103926543 ns
Total end-to-end search time: 94654219 ns
Total end-to-end search time: 97299270 ns
Total end-to-end search time: 100264129 ns
Total end-to-end search time: 100040550 ns
Query: 512, nThreads: 32, warmup: 4
====================================================================================================
(ns)
Load index... Graph level 5..
Total end-to-end search time: 104751637 ns
Total end-to-end search time: 94115693 ns
Total end-to-end search time: 96889949 ns
Total end-to-end search time: 99780307 ns
Total end-to-end search time: 100098118 ns
Query: 512, nThreads: 32, warmup: 4
====================================================================================================
(ns)
Load index... Graph level 5..
Total end-to-end search time: 104544855 ns
Total end-to-end search time: 93783548 ns
Total end-to-end search time: 96590526 ns
Total end-to-end search time: 99830171 ns
Total end-to-end search time: 99280176 ns
