Query: 64, nThreads: 1, warmup: 16
====================================================================================================
(ns)
Load index... Graph level 5..
Total end-to-end search time: 46640213 ns
Total end-to-end search time: 39434668 ns
Total end-to-end search time: 46436882 ns
Total end-to-end search time: 48376889 ns
Total end-to-end search time: 50157582 ns
Total end-to-end search time: 49976298 ns
Total end-to-end search time: 50035111 ns
Total end-to-end search time: 43127150 ns
Total end-to-end search time: 45137507 ns
Total end-to-end search time: 39692994 ns
Total end-to-end search time: 36987905 ns
Total end-to-end search time: 44179957 ns
Total end-to-end search time: 41397777 ns
Total end-to-end search time: 48167675 ns
Total end-to-end search time: 48955181 ns
Total end-to-end search time: 45968024 ns
Total end-to-end search time: 45745874 ns
Query: 64, nThreads: 1, warmup: 16
====================================================================================================
(ns)
Load index... Graph level 5..
Total end-to-end search time: 47247291 ns
Total end-to-end search time: 39533453 ns
Total end-to-end search time: 46535040 ns
Total end-to-end search time: 48568405 ns
Total end-to-end search time: 50095013 ns
Total end-to-end search time: 50070798 ns
Total end-to-end search time: 50240614 ns
Total end-to-end search time: 43202395 ns
Total end-to-end search time: 45024233 ns
Total end-to-end search time: 39539769 ns
Total end-to-end search time: 36965241 ns
Total end-to-end search time: 44111868 ns
Total end-to-end search time: 41269163 ns
Total end-to-end search time: 48424031 ns
Total end-to-end search time: 49198036 ns
Total end-to-end search time: 45996743 ns
Total end-to-end search time: 45768484 ns
Query: 64, nThreads: 1, warmup: 16
====================================================================================================
(ns)
Load index... Graph level 5..
Total end-to-end search time: 46843511 ns
Total end-to-end search time: 39735459 ns
Total end-to-end search time: 46644134 ns
Total end-to-end search time: 48588811 ns
Total end-to-end search time: 50425837 ns
Total end-to-end search time: 50142547 ns
Total end-to-end search time: 50316790 ns
Total end-to-end search time: 43310833 ns
Total end-to-end search time: 45574245 ns
Total end-to-end search time: 39809114 ns
Total end-to-end search time: 37061205 ns
Total end-to-end search time: 44467793 ns
Total end-to-end search time: 41763686 ns
Total end-to-end search time: 48419481 ns
Total end-to-end search time: 49266195 ns
Total end-to-end search time: 46280457 ns
Total end-to-end search time: 46106098 ns
Query: 64, nThreads: 1, warmup: 16
====================================================================================================
(ns)
Load index... Graph level 5..
Total end-to-end search time: 47199012 ns
Total end-to-end search time: 40056616 ns
Total end-to-end search time: 47126539 ns
Total end-to-end search time: 49253873 ns
Total end-to-end search time: 51119715 ns
Total end-to-end search time: 50513966 ns
Total end-to-end search time: 50701783 ns
Total end-to-end search time: 43946342 ns
Total end-to-end search time: 45621342 ns
Total end-to-end search time: 40106425 ns
Total end-to-end search time: 37369699 ns
Total end-to-end search time: 44914238 ns
Total end-to-end search time: 41917016 ns
Total end-to-end search time: 48984546 ns
Total end-to-end search time: 49970065 ns
Total end-to-end search time: 47050958 ns
Total end-to-end search time: 46735191 ns
Query: 64, nThreads: 1, warmup: 16
====================================================================================================
(ns)
Load index... Graph level 5..
Total end-to-end search time: 46712837 ns
Total end-to-end search time: 39726845 ns
Total end-to-end search time: 46349324 ns
Total end-to-end search time: 48456143 ns
Total end-to-end search time: 50084357 ns
Total end-to-end search time: 49966989 ns
Total end-to-end search time: 50368412 ns
Total end-to-end search time: 43444008 ns
Total end-to-end search time: 45373536 ns
Total end-to-end search time: 39713806 ns
Total end-to-end search time: 37112038 ns
Total end-to-end search time: 44295881 ns
Total end-to-end search time: 41473785 ns
Total end-to-end search time: 48402100 ns
Total end-to-end search time: 49353085 ns
Total end-to-end search time: 45930796 ns
Total end-to-end search time: 45782642 ns
Query: 64, nThreads: 1, warmup: 16
====================================================================================================
(ns)
Load index... Graph level 5..
Total end-to-end search time: 46685907 ns
Total end-to-end search time: 39440313 ns
Total end-to-end search time: 46109149 ns
Total end-to-end search time: 48197753 ns
Total end-to-end search time: 50006441 ns
Total end-to-end search time: 49716021 ns
Total end-to-end search time: 49992694 ns
Total end-to-end search time: 43212772 ns
Total end-to-end search time: 45038914 ns
Total end-to-end search time: 39530320 ns
Total end-to-end search time: 36851417 ns
Total end-to-end search time: 44122222 ns
Total end-to-end search time: 41947172 ns
Total end-to-end search time: 48484923 ns
Total end-to-end search time: 49333006 ns
Total end-to-end search time: 46332001 ns
Total end-to-end search time: 46084779 ns
Query: 64, nThreads: 1, warmup: 16
====================================================================================================
(ns)
Load index... Graph level 5..
Total end-to-end search time: 46550104 ns
Total end-to-end search time: 39360565 ns
Total end-to-end search time: 46153675 ns
Total end-to-end search time: 48340419 ns
Total end-to-end search time: 50043394 ns
Total end-to-end search time: 49617616 ns
Total end-to-end search time: 49771544 ns
Total end-to-end search time: 42963064 ns
Total end-to-end search time: 44933227 ns
Total end-to-end search time: 39416215 ns
Total end-to-end search time: 36738413 ns
Total end-to-end search time: 43875047 ns
Total end-to-end search time: 41182584 ns
Total end-to-end search time: 47937337 ns
Total end-to-end search time: 48779671 ns
Total end-to-end search time: 45951746 ns
Total end-to-end search time: 45494434 ns
Query: 64, nThreads: 1, warmup: 16
====================================================================================================
(ns)
Load index... Graph level 5..
Total end-to-end search time: 46490338 ns
Total end-to-end search time: 39499410 ns
Total end-to-end search time: 46332762 ns
Total end-to-end search time: 48332768 ns
Total end-to-end search time: 50200334 ns
Total end-to-end search time: 49884851 ns
Total end-to-end search time: 50090540 ns
Total end-to-end search time: 43201953 ns
Total end-to-end search time: 45026399 ns
Total end-to-end search time: 39493739 ns
Total end-to-end search time: 36898313 ns
Total end-to-end search time: 44325340 ns
Total end-to-end search time: 41751794 ns
Total end-to-end search time: 48581414 ns
Total end-to-end search time: 49250929 ns
Total end-to-end search time: 46199752 ns
Total end-to-end search time: 46064855 ns
Query: 64, nThreads: 1, warmup: 16
====================================================================================================
(ns)
Load index... Graph level 5..
Total end-to-end search time: 46535408 ns
Total end-to-end search time: 39424929 ns
Total end-to-end search time: 46287873 ns
Total end-to-end search time: 48055059 ns
Total end-to-end search time: 49873824 ns
Total end-to-end search time: 49631928 ns
Total end-to-end search time: 50307788 ns
Total end-to-end search time: 43444049 ns
Total end-to-end search time: 45572478 ns
Total end-to-end search time: 40030981 ns
Total end-to-end search time: 37246416 ns
Total end-to-end search time: 44372778 ns
Total end-to-end search time: 41664548 ns
Total end-to-end search time: 48520141 ns
Total end-to-end search time: 49379045 ns
Total end-to-end search time: 46183235 ns
Total end-to-end search time: 46093310 ns
Query: 64, nThreads: 1, warmup: 16
====================================================================================================
(ns)
Load index... Graph level 5..
Total end-to-end search time: 46466306 ns
Total end-to-end search time: 39267715 ns
Total end-to-end search time: 46234357 ns
Total end-to-end search time: 48126823 ns
Total end-to-end search time: 49748990 ns
Total end-to-end search time: 49406211 ns
Total end-to-end search time: 49693971 ns
Total end-to-end search time: 42810450 ns
Total end-to-end search time: 44704669 ns
Total end-to-end search time: 39285045 ns
Total end-to-end search time: 36744979 ns
Total end-to-end search time: 43864632 ns
Total end-to-end search time: 41000174 ns
Total end-to-end search time: 48175671 ns
Total end-to-end search time: 48629575 ns
Total end-to-end search time: 45806823 ns
Total end-to-end search time: 45726650 ns
Query: 64, nThreads: 1, warmup: 16
====================================================================================================
(ns)
Load index... Graph level 5..
Total end-to-end search time: 47030037 ns
Total end-to-end search time: 39722770 ns
Total end-to-end search time: 46571740 ns
Total end-to-end search time: 48770268 ns
Total end-to-end search time: 50419475 ns
Total end-to-end search time: 50232785 ns
Total end-to-end search time: 50258785 ns
Total end-to-end search time: 43427312 ns
Total end-to-end search time: 45261739 ns
Total end-to-end search time: 39772757 ns
Total end-to-end search time: 37287672 ns
Total end-to-end search time: 44539730 ns
Total end-to-end search time: 41572971 ns
Total end-to-end search time: 48528160 ns
Total end-to-end search time: 49406675 ns
Total end-to-end search time: 46458502 ns
Total end-to-end search time: 45996179 ns
Query: 64, nThreads: 1, warmup: 16
====================================================================================================
(ns)
Load index... Graph level 5..
Total end-to-end search time: 46459086 ns
Total end-to-end search time: 39225976 ns
Total end-to-end search time: 46007851 ns
Total end-to-end search time: 48218343 ns
Total end-to-end search time: 49866098 ns
Total end-to-end search time: 49680034 ns
Total end-to-end search time: 49840389 ns
Total end-to-end search time: 43168812 ns
Total end-to-end search time: 44829343 ns
Total end-to-end search time: 39533824 ns
Total end-to-end search time: 37342444 ns
Total end-to-end search time: 44644462 ns
Total end-to-end search time: 41610389 ns
Total end-to-end search time: 48583487 ns
Total end-to-end search time: 49528039 ns
Total end-to-end search time: 46412436 ns
Total end-to-end search time: 46027558 ns
Query: 64, nThreads: 1, warmup: 16
====================================================================================================
(ns)
Load index... Graph level 5..
Total end-to-end search time: 47670345 ns
Total end-to-end search time: 40256210 ns
Total end-to-end search time: 47201399 ns
Total end-to-end search time: 49283888 ns
Total end-to-end search time: 51216910 ns
Total end-to-end search time: 51029976 ns
Total end-to-end search time: 50414700 ns
Total end-to-end search time: 43486501 ns
Total end-to-end search time: 45270070 ns
Total end-to-end search time: 39851118 ns
Total end-to-end search time: 37334561 ns
Total end-to-end search time: 44550057 ns
Total end-to-end search time: 41972804 ns
Total end-to-end search time: 48806128 ns
Total end-to-end search time: 49464632 ns
Total end-to-end search time: 46366759 ns
Total end-to-end search time: 46432869 ns
Query: 64, nThreads: 1, warmup: 16
====================================================================================================
(ns)
Load index... Graph level 5..
Total end-to-end search time: 46706429 ns
Total end-to-end search time: 39432462 ns
Total end-to-end search time: 46201562 ns
Total end-to-end search time: 48857081 ns
Total end-to-end search time: 50626277 ns
Total end-to-end search time: 50470834 ns
Total end-to-end search time: 50605795 ns
Total end-to-end search time: 43540008 ns
Total end-to-end search time: 45583452 ns
Total end-to-end search time: 39892924 ns
Total end-to-end search time: 37327963 ns
Total end-to-end search time: 44489749 ns
Total end-to-end search time: 41741891 ns
Total end-to-end search time: 48453764 ns
Total end-to-end search time: 49492385 ns
Total end-to-end search time: 46211291 ns
Total end-to-end search time: 45994445 ns
Query: 64, nThreads: 1, warmup: 16
====================================================================================================
(ns)
Load index... Graph level 5..
Total end-to-end search time: 46598053 ns
Total end-to-end search time: 39479025 ns
Total end-to-end search time: 46179312 ns
Total end-to-end search time: 48079668 ns
Total end-to-end search time: 49837404 ns
Total end-to-end search time: 49628788 ns
Total end-to-end search time: 49730266 ns
Total end-to-end search time: 43018289 ns
Total end-to-end search time: 44867147 ns
Total end-to-end search time: 39565385 ns
Total end-to-end search time: 36932819 ns
Total end-to-end search time: 44592682 ns
Total end-to-end search time: 41594039 ns
Total end-to-end search time: 48505816 ns
Total end-to-end search time: 49365360 ns
Total end-to-end search time: 46318129 ns
Total end-to-end search time: 45983298 ns
Query: 64, nThreads: 1, warmup: 16
====================================================================================================
(ns)
Load index... Graph level 5..
Total end-to-end search time: 46149320 ns
Total end-to-end search time: 39120395 ns
Total end-to-end search time: 46644623 ns
Total end-to-end search time: 48658923 ns
Total end-to-end search time: 50668258 ns
Total end-to-end search time: 50148515 ns
Total end-to-end search time: 50290998 ns
Total end-to-end search time: 43433687 ns
Total end-to-end search time: 45305990 ns
Total end-to-end search time: 39903036 ns
Total end-to-end search time: 37137174 ns
Total end-to-end search time: 44370186 ns
Total end-to-end search time: 41534270 ns
Total end-to-end search time: 48682375 ns
Total end-to-end search time: 49502741 ns
Total end-to-end search time: 46201717 ns
Total end-to-end search time: 46010611 ns
Query: 64, nThreads: 1, warmup: 16
====================================================================================================
(ns)
Load index... Graph level 5..
Total end-to-end search time: 47325197 ns
Total end-to-end search time: 40036765 ns
Total end-to-end search time: 46987674 ns
Total end-to-end search time: 49319446 ns
Total end-to-end search time: 50731711 ns
Total end-to-end search time: 49872459 ns
Total end-to-end search time: 50655479 ns
Total end-to-end search time: 43543477 ns
Total end-to-end search time: 45510426 ns
Total end-to-end search time: 39878485 ns
Total end-to-end search time: 37157535 ns
Total end-to-end search time: 44400188 ns
Total end-to-end search time: 41642929 ns
Total end-to-end search time: 48702277 ns
Total end-to-end search time: 49509496 ns
Total end-to-end search time: 46402954 ns
Total end-to-end search time: 46136377 ns
Query: 64, nThreads: 1, warmup: 16
====================================================================================================
(ns)
Load index... Graph level 5..
Total end-to-end search time: 47169528 ns
Total end-to-end search time: 40014909 ns
Total end-to-end search time: 47039147 ns
Total end-to-end search time: 48901326 ns
Total end-to-end search time: 50793518 ns
Total end-to-end search time: 50554589 ns
Total end-to-end search time: 50829714 ns
Total end-to-end search time: 43719187 ns
Total end-to-end search time: 45636701 ns
Total end-to-end search time: 39985850 ns
Total end-to-end search time: 37382466 ns
Total end-to-end search time: 44708756 ns
Total end-to-end search time: 42044302 ns
Total end-to-end search time: 48828353 ns
Total end-to-end search time: 49157240 ns
Total end-to-end search time: 46136334 ns
Total end-to-end search time: 45828856 ns
Query: 64, nThreads: 1, warmup: 16
====================================================================================================
(ns)
Load index... Graph level 5..
Total end-to-end search time: 46806156 ns
Total end-to-end search time: 39706713 ns
Total end-to-end search time: 46574925 ns
Total end-to-end search time: 48573796 ns
Total end-to-end search time: 50346346 ns
Total end-to-end search time: 50105029 ns
Total end-to-end search time: 50492472 ns
Total end-to-end search time: 43260690 ns
Total end-to-end search time: 45246356 ns
Total end-to-end search time: 39733783 ns
Total end-to-end search time: 37059116 ns
Total end-to-end search time: 44322740 ns
Total end-to-end search time: 41547685 ns
Total end-to-end search time: 48489928 ns
Total end-to-end search time: 49468816 ns
Total end-to-end search time: 46295670 ns
Total end-to-end search time: 46274234 ns
Query: 64, nThreads: 1, warmup: 16
====================================================================================================
(ns)
Load index... Graph level 5..
Total end-to-end search time: 47467875 ns
Total end-to-end search time: 40178490 ns
Total end-to-end search time: 46894068 ns
Total end-to-end search time: 49011662 ns
Total end-to-end search time: 50852838 ns
Total end-to-end search time: 50554183 ns
Total end-to-end search time: 50783562 ns
Total end-to-end search time: 43886941 ns
Total end-to-end search time: 46356373 ns
Total end-to-end search time: 39573640 ns
Total end-to-end search time: 36865944 ns
Total end-to-end search time: 44125422 ns
Total end-to-end search time: 41276378 ns
Total end-to-end search time: 48270490 ns
Total end-to-end search time: 48991963 ns
Total end-to-end search time: 46117529 ns
Total end-to-end search time: 45857504 ns
Query: 64, nThreads: 1, warmup: 16
====================================================================================================
(ns)
Load index... Graph level 5..
Total end-to-end search time: 47176923 ns
Total end-to-end search time: 40218095 ns
Total end-to-end search time: 46955667 ns
Total end-to-end search time: 49117038 ns
Total end-to-end search time: 50907164 ns
Total end-to-end search time: 50544874 ns
Total end-to-end search time: 50789530 ns
Total end-to-end search time: 43744436 ns
Total end-to-end search time: 45731573 ns
Total end-to-end search time: 40115802 ns
Total end-to-end search time: 37539296 ns
Total end-to-end search time: 45255212 ns
Total end-to-end search time: 41922974 ns
Total end-to-end search time: 48948344 ns
Total end-to-end search time: 49756701 ns
Total end-to-end search time: 46909611 ns
Total end-to-end search time: 46670156 ns
Query: 64, nThreads: 1, warmup: 16
====================================================================================================
(ns)
Load index... Graph level 5..
Total end-to-end search time: 47346502 ns
Total end-to-end search time: 40124506 ns
Total end-to-end search time: 47096054 ns
Total end-to-end search time: 49330785 ns
Total end-to-end search time: 51079392 ns
Total end-to-end search time: 50732325 ns
Total end-to-end search time: 51087280 ns
Total end-to-end search time: 43875518 ns
Total end-to-end search time: 45768276 ns
Total end-to-end search time: 40213531 ns
Total end-to-end search time: 37590077 ns
Total end-to-end search time: 44970844 ns
Total end-to-end search time: 42160962 ns
Total end-to-end search time: 49318968 ns
Total end-to-end search time: 49622864 ns
Total end-to-end search time: 46311285 ns
Total end-to-end search time: 46159943 ns
Query: 64, nThreads: 1, warmup: 16
====================================================================================================
(ns)
Load index... Graph level 5..
Total end-to-end search time: 46172401 ns
Total end-to-end search time: 39258404 ns
Total end-to-end search time: 45937158 ns
Total end-to-end search time: 48280082 ns
Total end-to-end search time: 49900698 ns
Total end-to-end search time: 49523453 ns
Total end-to-end search time: 49590503 ns
Total end-to-end search time: 42770077 ns
Total end-to-end search time: 44819438 ns
Total end-to-end search time: 39298050 ns
Total end-to-end search time: 36675681 ns
Total end-to-end search time: 43852050 ns
Total end-to-end search time: 41145884 ns
Total end-to-end search time: 47850982 ns
Total end-to-end search time: 48860465 ns
Total end-to-end search time: 45861857 ns
Total end-to-end search time: 45489207 ns
Query: 64, nThreads: 1, warmup: 16
====================================================================================================
(ns)
Load index... Graph level 5..
Total end-to-end search time: 46468898 ns
Total end-to-end search time: 39449837 ns
Total end-to-end search time: 46330329 ns
Total end-to-end search time: 48359202 ns
Total end-to-end search time: 50387547 ns
Total end-to-end search time: 49993129 ns
Total end-to-end search time: 50268845 ns
Total end-to-end search time: 43277357 ns
Total end-to-end search time: 45118821 ns
Total end-to-end search time: 39482432 ns
Total end-to-end search time: 36984927 ns
Total end-to-end search time: 44160241 ns
Total end-to-end search time: 41455429 ns
Total end-to-end search time: 48171374 ns
Total end-to-end search time: 49349706 ns
Total end-to-end search time: 46195663 ns
Total end-to-end search time: 46113321 ns
Query: 64, nThreads: 1, warmup: 16
====================================================================================================
(ns)
Load index... Graph level 5..
Total end-to-end search time: 46678430 ns
Total end-to-end search time: 39405328 ns
Total end-to-end search time: 46460752 ns
Total end-to-end search time: 48478308 ns
Total end-to-end search time: 50078692 ns
Total end-to-end search time: 49676315 ns
Total end-to-end search time: 50246822 ns
Total end-to-end search time: 43369678 ns
Total end-to-end search time: 45052584 ns
Total end-to-end search time: 39623051 ns
Total end-to-end search time: 36836313 ns
Total end-to-end search time: 44116666 ns
Total end-to-end search time: 41512930 ns
Total end-to-end search time: 48110140 ns
Total end-to-end search time: 49042023 ns
Total end-to-end search time: 45890094 ns
Total end-to-end search time: 45845200 ns
Query: 64, nThreads: 1, warmup: 16
====================================================================================================
(ns)
Load index... Graph level 5..
Total end-to-end search time: 47095121 ns
Total end-to-end search time: 40164833 ns
Total end-to-end search time: 47175953 ns
Total end-to-end search time: 49079914 ns
Total end-to-end search time: 51250418 ns
Total end-to-end search time: 50602221 ns
Total end-to-end search time: 50703178 ns
Total end-to-end search time: 43897906 ns
Total end-to-end search time: 45950758 ns
Total end-to-end search time: 40109776 ns
Total end-to-end search time: 37429964 ns
Total end-to-end search time: 44963075 ns
Total end-to-end search time: 41952067 ns
Total end-to-end search time: 49011683 ns
Total end-to-end search time: 49747801 ns
Total end-to-end search time: 46708566 ns
Total end-to-end search time: 46451199 ns
Query: 64, nThreads: 1, warmup: 16
====================================================================================================
(ns)
Load index... Graph level 5..
Total end-to-end search time: 46581379 ns
Total end-to-end search time: 39736252 ns
Total end-to-end search time: 46803759 ns
Total end-to-end search time: 48702122 ns
Total end-to-end search time: 50314884 ns
Total end-to-end search time: 50185180 ns
Total end-to-end search time: 50259792 ns
Total end-to-end search time: 43502963 ns
Total end-to-end search time: 45299134 ns
Total end-to-end search time: 39711881 ns
Total end-to-end search time: 37115781 ns
Total end-to-end search time: 44397790 ns
Total end-to-end search time: 41857770 ns
Total end-to-end search time: 48537908 ns
Total end-to-end search time: 49561925 ns
Total end-to-end search time: 46194932 ns
Total end-to-end search time: 46022247 ns
Query: 64, nThreads: 1, warmup: 16
====================================================================================================
(ns)
Load index... Graph level 5..
Total end-to-end search time: 46450866 ns
Total end-to-end search time: 39341565 ns
Total end-to-end search time: 46217508 ns
Total end-to-end search time: 48068984 ns
Total end-to-end search time: 49926587 ns
Total end-to-end search time: 49609151 ns
Total end-to-end search time: 49820717 ns
Total end-to-end search time: 42940103 ns
Total end-to-end search time: 45492077 ns
Total end-to-end search time: 39800922 ns
Total end-to-end search time: 37199340 ns
Total end-to-end search time: 44504312 ns
Total end-to-end search time: 41703030 ns
Total end-to-end search time: 48547853 ns
Total end-to-end search time: 49425792 ns
Total end-to-end search time: 46353177 ns
Total end-to-end search time: 46310363 ns
Query: 64, nThreads: 1, warmup: 16
====================================================================================================
(ns)
Load index... Graph level 5..
Total end-to-end search time: 46263902 ns
Total end-to-end search time: 39249090 ns
Total end-to-end search time: 46003648 ns
Total end-to-end search time: 48036291 ns
Total end-to-end search time: 50156774 ns
Total end-to-end search time: 49643926 ns
Total end-to-end search time: 50404356 ns
Total end-to-end search time: 43333595 ns
Total end-to-end search time: 45225638 ns
Total end-to-end search time: 39728265 ns
Total end-to-end search time: 37260201 ns
Total end-to-end search time: 44535932 ns
Total end-to-end search time: 41857358 ns
Total end-to-end search time: 48483845 ns
Total end-to-end search time: 49493842 ns
Total end-to-end search time: 46323748 ns
Total end-to-end search time: 46092623 ns
Query: 64, nThreads: 1, warmup: 16
====================================================================================================
(ns)
Load index... Graph level 5..
Total end-to-end search time: 46914385 ns
Total end-to-end search time: 39573934 ns
Total end-to-end search time: 46741500 ns
Total end-to-end search time: 48579189 ns
Total end-to-end search time: 50480013 ns
Total end-to-end search time: 50097072 ns
Total end-to-end search time: 50207782 ns
Total end-to-end search time: 43447806 ns
Total end-to-end search time: 45355874 ns
Total end-to-end search time: 39702009 ns
Total end-to-end search time: 37161022 ns
Total end-to-end search time: 44358789 ns
Total end-to-end search time: 41573079 ns
Total end-to-end search time: 48453558 ns
Total end-to-end search time: 49318416 ns
Total end-to-end search time: 46204384 ns
Total end-to-end search time: 46482766 ns
