Query: 8192, nThreads: 32, warmup: 1
====================================================================================================
(ns)
Load index... Graph level 5..
Total end-to-end search time: 1505166640 ns
Total end-to-end search time: 325848266 ns
Query: 8192, nThreads: 32, warmup: 1
====================================================================================================
(ns)
Load index... Graph level 5..
Total end-to-end search time: 1506778178 ns
Total end-to-end search time: 326700026 ns
Query: 8192, nThreads: 32, warmup: 1
====================================================================================================
(ns)
Load index... Graph level 5..
Total end-to-end search time: 1504299781 ns
Total end-to-end search time: 326801554 ns
Query: 8192, nThreads: 32, warmup: 1
====================================================================================================
(ns)
Load index... Graph level 5..
Total end-to-end search time: 1504834529 ns
Total end-to-end search time: 325994729 ns
Query: 8192, nThreads: 32, warmup: 1
====================================================================================================
(ns)
Load index... Graph level 5..
Total end-to-end search time: 1503736401 ns
Total end-to-end search time: 326230872 ns
Query: 8192, nThreads: 32, warmup: 1
====================================================================================================
(ns)
Load index... Graph level 5..
Total end-to-end search time: 1504752532 ns
Total end-to-end search time: 326383342 ns
Query: 8192, nThreads: 32, warmup: 1
====================================================================================================
(ns)
Load index... Graph level 5..
Total end-to-end search time: 1496690520 ns
Total end-to-end search time: 326016183 ns
Query: 8192, nThreads: 32, warmup: 1
====================================================================================================
(ns)
Load index... Graph level 5..
Total end-to-end search time: 1503655289 ns
Total end-to-end search time: 325790100 ns
Query: 8192, nThreads: 32, warmup: 1
====================================================================================================
(ns)
Load index... Graph level 5..
Total end-to-end search time: 1505990243 ns
Total end-to-end search time: 326056302 ns
Query: 8192, nThreads: 32, warmup: 1
====================================================================================================
(ns)
Load index... Graph level 5..
Total end-to-end search time: 1497286277 ns
Total end-to-end search time: 326114873 ns
Query: 8192, nThreads: 32, warmup: 1
====================================================================================================
(ns)
Load index... Graph level 5..
Total end-to-end search time: 1505309934 ns
Total end-to-end search time: 325687264 ns
Query: 8192, nThreads: 32, warmup: 1
====================================================================================================
(ns)
Load index... Graph level 5..
Total end-to-end search time: 1505889452 ns
Total end-to-end search time: 326214433 ns
Query: 8192, nThreads: 32, warmup: 1
====================================================================================================
(ns)
Load index... Graph level 5..
Total end-to-end search time: 1507118004 ns
Total end-to-end search time: 326224706 ns
Query: 8192, nThreads: 32, warmup: 1
====================================================================================================
(ns)
Load index... Graph level 5..
Total end-to-end search time: 1505800891 ns
Total end-to-end search time: 326327711 ns
Query: 8192, nThreads: 32, warmup: 1
====================================================================================================
(ns)
Load index... Graph level 5..
Total end-to-end search time: 1505236251 ns
Total end-to-end search time: 326036021 ns
Query: 8192, nThreads: 32, warmup: 1
====================================================================================================
(ns)
Load index... Graph level 5..
Total end-to-end search time: 1503603579 ns
Total end-to-end search time: 325800382 ns
Query: 8192, nThreads: 32, warmup: 1
====================================================================================================
(ns)
Load index... Graph level 5..
Total end-to-end search time: 1505339429 ns
Total end-to-end search time: 326575826 ns
Query: 8192, nThreads: 32, warmup: 1
====================================================================================================
(ns)
Load index... Graph level 5..
Total end-to-end search time: 1500101188 ns
Total end-to-end search time: 326163856 ns
Query: 8192, nThreads: 32, warmup: 1
====================================================================================================
(ns)
Load index... Graph level 5..
Total end-to-end search time: 1503172494 ns
Total end-to-end search time: 326245716 ns
Query: 8192, nThreads: 32, warmup: 1
====================================================================================================
(ns)
Load index... Graph level 5..
Total end-to-end search time: 1504162024 ns
Total end-to-end search time: 326304800 ns
Query: 8192, nThreads: 32, warmup: 1
====================================================================================================
(ns)
Load index... Graph level 5..
Total end-to-end search time: 1497992076 ns
Total end-to-end search time: 326104339 ns
Query: 8192, nThreads: 32, warmup: 1
====================================================================================================
(ns)
Load index... Graph level 5..
Total end-to-end search time: 1504400229 ns
Total end-to-end search time: 326433906 ns
Query: 8192, nThreads: 32, warmup: 1
====================================================================================================
(ns)
Load index... Graph level 5..
Total end-to-end search time: 1504369964 ns
Total end-to-end search time: 325382990 ns
Query: 8192, nThreads: 32, warmup: 1
====================================================================================================
(ns)
Load index... Graph level 5..
Total end-to-end search time: 1505392005 ns
Total end-to-end search time: 326189392 ns
Query: 8192, nThreads: 32, warmup: 1
====================================================================================================
(ns)
Load index... Graph level 5..
Total end-to-end search time: 1505706850 ns
Total end-to-end search time: 326145655 ns
Query: 8192, nThreads: 32, warmup: 1
====================================================================================================
(ns)
Load index... Graph level 5..
Total end-to-end search time: 1505229548 ns
Total end-to-end search time: 326129743 ns
Query: 8192, nThreads: 32, warmup: 1
====================================================================================================
(ns)
Load index... Graph level 5..
Total end-to-end search time: 1507233321 ns
Total end-to-end search time: 326479305 ns
Query: 8192, nThreads: 32, warmup: 1
====================================================================================================
(ns)
Load index... Graph level 5..
Total end-to-end search time: 1504687061 ns
Total end-to-end search time: 326042842 ns
Query: 8192, nThreads: 32, warmup: 1
====================================================================================================
(ns)
Load index... Graph level 5..
Total end-to-end search time: 1503792082 ns
Total end-to-end search time: 325998520 ns
Query: 8192, nThreads: 32, warmup: 1
====================================================================================================
(ns)
Load index... Graph level 5..
Total end-to-end search time: 1501506876 ns
Total end-to-end search time: 325874847 ns
