Query: 8192, nThreads: 4, warmup: 1
====================================================================================================
(ns)
Load index... Graph level 5..
Total end-to-end search time: 1458732263 ns
Total end-to-end search time: 316561460 ns
Query: 8192, nThreads: 4, warmup: 1
====================================================================================================
(ns)
Load index... Graph level 5..
Total end-to-end search time: 1506928148 ns
Total end-to-end search time: 316684980 ns
Query: 8192, nThreads: 4, warmup: 1
====================================================================================================
(ns)
Load index... Graph level 5..
Total end-to-end search time: 1459484975 ns
Total end-to-end search time: 316647132 ns
Query: 8192, nThreads: 4, warmup: 1
====================================================================================================
(ns)
Load index... Graph level 5..
Total end-to-end search time: 1506016537 ns
Total end-to-end search time: 316364658 ns
Query: 8192, nThreads: 4, warmup: 1
====================================================================================================
(ns)
Load index... Graph level 5..
Total end-to-end search time: 1458711959 ns
Total end-to-end search time: 316105469 ns
Query: 8192, nThreads: 4, warmup: 1
====================================================================================================
(ns)
Load index... Graph level 5..
Total end-to-end search time: 1458210292 ns
Total end-to-end search time: 316510537 ns
Query: 8192, nThreads: 4, warmup: 1
====================================================================================================
(ns)
Load index... Graph level 5..
Total end-to-end search time: 1459207761 ns
Total end-to-end search time: 316697743 ns
Query: 8192, nThreads: 4, warmup: 1
====================================================================================================
(ns)
Load index... Graph level 5..
Total end-to-end search time: 1459405568 ns
Total end-to-end search time: 316695535 ns
Query: 8192, nThreads: 4, warmup: 1
====================================================================================================
(ns)
Load index... Graph level 5..
Total end-to-end search time: 1459324455 ns
Total end-to-end search time: 316485182 ns
Query: 8192, nThreads: 4, warmup: 1
====================================================================================================
(ns)
Load index... Graph level 5..
Total end-to-end search time: 1458753564 ns
Total end-to-end search time: 316620888 ns
Query: 8192, nThreads: 4, warmup: 1
====================================================================================================
(ns)
Load index... Graph level 5..
Total end-to-end search time: 1459922872 ns
Total end-to-end search time: 317068453 ns
Query: 8192, nThreads: 4, warmup: 1
====================================================================================================
(ns)
Load index... Graph level 5..
Total end-to-end search time: 1458582103 ns
Total end-to-end search time: 316418403 ns
Query: 8192, nThreads: 4, warmup: 1
====================================================================================================
(ns)
Load index... Graph level 5..
Total end-to-end search time: 1459346120 ns
Total end-to-end search time: 316174930 ns
Query: 8192, nThreads: 4, warmup: 1
====================================================================================================
(ns)
Load index... Graph level 5..
Total end-to-end search time: 1458354647 ns
Total end-to-end search time: 316335078 ns
Query: 8192, nThreads: 4, warmup: 1
====================================================================================================
(ns)
Load index... Graph level 5..
Total end-to-end search time: 1459323668 ns
Total end-to-end search time: 316648238 ns
Query: 8192, nThreads: 4, warmup: 1
====================================================================================================
(ns)
Load index... Graph level 5..
Total end-to-end search time: 1457734062 ns
Total end-to-end search time: 316426275 ns
Query: 8192, nThreads: 4, warmup: 1
====================================================================================================
(ns)
Load index... Graph level 5..
Total end-to-end search time: 1458210687 ns
Total end-to-end search time: 316687093 ns
Query: 8192, nThreads: 4, warmup: 1
====================================================================================================
(ns)
Load index... Graph level 5..
Total end-to-end search time: 1457995803 ns
Total end-to-end search time: 316968792 ns
Query: 8192, nThreads: 4, warmup: 1
====================================================================================================
(ns)
Load index... Graph level 5..
Total end-to-end search time: 1459260442 ns
Total end-to-end search time: 316605736 ns
Query: 8192, nThreads: 4, warmup: 1
====================================================================================================
(ns)
Load index... Graph level 5..
Total end-to-end search time: 1459207469 ns
Total end-to-end search time: 316951527 ns
Query: 8192, nThreads: 4, warmup: 1
====================================================================================================
(ns)
Load index... Graph level 5..
Total end-to-end search time: 1458525776 ns
Total end-to-end search time: 315999392 ns
Query: 8192, nThreads: 4, warmup: 1
====================================================================================================
(ns)
Load index... Graph level 5..
Total end-to-end search time: 1507411725 ns
Total end-to-end search time: 316322984 ns
Query: 8192, nThreads: 4, warmup: 1
====================================================================================================
(ns)
Load index... Graph level 5..
Total end-to-end search time: 1457534791 ns
Total end-to-end search time: 316081420 ns
Query: 8192, nThreads: 4, warmup: 1
====================================================================================================
(ns)
Load index... Graph level 5..
Total end-to-end search time: 1459411172 ns
Total end-to-end search time: 316492533 ns
Query: 8192, nThreads: 4, warmup: 1
====================================================================================================
(ns)
Load index... Graph level 5..
Total end-to-end search time: 1459570684 ns
Total end-to-end search time: 316849793 ns
Query: 8192, nThreads: 4, warmup: 1
====================================================================================================
(ns)
Load index... Graph level 5..
Total end-to-end search time: 1458739327 ns
Total end-to-end search time: 316640218 ns
Query: 8192, nThreads: 4, warmup: 1
====================================================================================================
(ns)
Load index... Graph level 5..
Total end-to-end search time: 1458663600 ns
Total end-to-end search time: 316561439 ns
Query: 8192, nThreads: 4, warmup: 1
====================================================================================================
(ns)
Load index... Graph level 5..
Total end-to-end search time: 1458339143 ns
Total end-to-end search time: 316209851 ns
Query: 8192, nThreads: 4, warmup: 1
====================================================================================================
(ns)
Load index... Graph level 5..
Total end-to-end search time: 1458564255 ns
Total end-to-end search time: 316699912 ns
Query: 8192, nThreads: 4, warmup: 1
====================================================================================================
(ns)
Load index... Graph level 5..
Total end-to-end search time: 1459483030 ns
Total end-to-end search time: 316485964 ns
