Query: 1024, nThreads: 1, warmup: 2
====================================================================================================
(ns)
Load index... Graph level 5..
Total end-to-end search time: 728765464 ns
Total end-to-end search time: 739140605 ns
Total end-to-end search time: 742251408 ns
Query: 1024, nThreads: 1, warmup: 2
====================================================================================================
(ns)
Load index... Graph level 5..
Total end-to-end search time: 726477924 ns
Total end-to-end search time: 738609384 ns
Total end-to-end search time: 740385777 ns
Query: 1024, nThreads: 1, warmup: 2
====================================================================================================
(ns)
Load index... Graph level 5..
Total end-to-end search time: 727903293 ns
Total end-to-end search time: 741532708 ns
Total end-to-end search time: 744900234 ns
Query: 1024, nThreads: 1, warmup: 2
====================================================================================================
(ns)
Load index... Graph level 5..
Total end-to-end search time: 729790165 ns
Total end-to-end search time: 739678741 ns
Total end-to-end search time: 743137445 ns
Query: 1024, nThreads: 1, warmup: 2
====================================================================================================
(ns)
Load index... Graph level 5..
Total end-to-end search time: 731572851 ns
Total end-to-end search time: 741755100 ns
Total end-to-end search time: 745826851 ns
Query: 1024, nThreads: 1, warmup: 2
====================================================================================================
(ns)
Load index... Graph level 5..
Total end-to-end search time: 728442696 ns
Total end-to-end search time: 740883050 ns
Total end-to-end search time: 745018675 ns
Query: 1024, nThreads: 1, warmup: 2
====================================================================================================
(ns)
Load index... Graph level 5..
Total end-to-end search time: 728358952 ns
Total end-to-end search time: 738867539 ns
Total end-to-end search time: 742467376 ns
Query: 1024, nThreads: 1, warmup: 2
====================================================================================================
(ns)
Load index... Graph level 5..
Total end-to-end search time: 731264368 ns
Total end-to-end search time: 742487177 ns
Total end-to-end search time: 745795364 ns
Query: 1024, nThreads: 1, warmup: 2
====================================================================================================
(ns)
Load index... Graph level 5..
Total end-to-end search time: 727143932 ns
Total end-to-end search time: 739216966 ns
Total end-to-end search time: 746841748 ns
Query: 1024, nThreads: 1, warmup: 2
====================================================================================================
(ns)
Load index... Graph level 5..
Total end-to-end search time: 729285399 ns
Total end-to-end search time: 739191786 ns
Total end-to-end search time: 740678833 ns
Query: 1024, nThreads: 1, warmup: 2
====================================================================================================
(ns)
Load index... Graph level 5..
Total end-to-end search time: 732294122 ns
Total end-to-end search time: 743265245 ns
Total end-to-end search time: 746689942 ns
Query: 1024, nThreads: 1, warmup: 2
====================================================================================================
(ns)
Load index... Graph level 5..
Total end-to-end search time: 727392770 ns
Total end-to-end search time: 739596059 ns
Total end-to-end search time: 744399470 ns
Query: 1024, nThreads: 1, warmup: 2
====================================================================================================
(ns)
Load index... Graph level 5..
Total end-to-end search time: 729072132 ns
Total end-to-end search time: 739933956 ns
Total end-to-end search time: 743477510 ns
Query: 1024, nThreads: 1, warmup: 2
====================================================================================================
(ns)
Load index... Graph level 5..
Total end-to-end search time: 732142688 ns
Total end-to-end search time: 741241010 ns
Total end-to-end search time: 745834455 ns
Query: 1024, nThreads: 1, warmup: 2
====================================================================================================
(ns)
Load index... Graph level 5..
Total end-to-end search time: 728799610 ns
Total end-to-end search time: 739054891 ns
Total end-to-end search time: 746601853 ns
Query: 1024, nThreads: 1, warmup: 2
====================================================================================================
(ns)
Load index... Graph level 5..
Total end-to-end search time: 729160289 ns
Total end-to-end search time: 739223142 ns
Total end-to-end search time: 742959656 ns
Query: 1024, nThreads: 1, warmup: 2
====================================================================================================
(ns)
Load index... Graph level 5..
Total end-to-end search time: 731723301 ns
Total end-to-end search time: 742482434 ns
Total end-to-end search time: 744457866 ns
Query: 1024, nThreads: 1, warmup: 2
====================================================================================================
(ns)
Load index... Graph level 5..
Total end-to-end search time: 729300586 ns
Total end-to-end search time: 738544724 ns
Total end-to-end search time: 745179865 ns
Query: 1024, nThreads: 1, warmup: 2
====================================================================================================
(ns)
Load index... Graph level 5..
Total end-to-end search time: 729204973 ns
Total end-to-end search time: 737133399 ns
Total end-to-end search time: 742209332 ns
Query: 1024, nThreads: 1, warmup: 2
====================================================================================================
(ns)
Load index... Graph level 5..
Total end-to-end search time: 731876226 ns
Total end-to-end search time: 742407226 ns
Total end-to-end search time: 744870273 ns
Query: 1024, nThreads: 1, warmup: 2
====================================================================================================
(ns)
Load index... Graph level 5..
Total end-to-end search time: 728745787 ns
Total end-to-end search time: 737659762 ns
Total end-to-end search time: 743901059 ns
Query: 1024, nThreads: 1, warmup: 2
====================================================================================================
(ns)
Load index... Graph level 5..
Total end-to-end search time: 730539224 ns
Total end-to-end search time: 740000836 ns
Total end-to-end search time: 744441149 ns
Query: 1024, nThreads: 1, warmup: 2
====================================================================================================
(ns)
Load index... Graph level 5..
Total end-to-end search time: 731329179 ns
Total end-to-end search time: 742076151 ns
Total end-to-end search time: 745109336 ns
Query: 1024, nThreads: 1, warmup: 2
====================================================================================================
(ns)
Load index... Graph level 5..
Total end-to-end search time: 730483685 ns
Total end-to-end search time: 738602108 ns
Total end-to-end search time: 744455419 ns
Query: 1024, nThreads: 1, warmup: 2
====================================================================================================
(ns)
Load index... Graph level 5..
Total end-to-end search time: 729520314 ns
Total end-to-end search time: 739448932 ns
Total end-to-end search time: 742326753 ns
Query: 1024, nThreads: 1, warmup: 2
====================================================================================================
(ns)
Load index... Graph level 5..
Total end-to-end search time: 732902073 ns
Total end-to-end search time: 741709360 ns
Total end-to-end search time: 744725265 ns
Query: 1024, nThreads: 1, warmup: 2
====================================================================================================
(ns)
Load index... Graph level 5..
Total end-to-end search time: 729414676 ns
Total end-to-end search time: 740456510 ns
Total end-to-end search time: 745706748 ns
Query: 1024, nThreads: 1, warmup: 2
====================================================================================================
(ns)
Load index... Graph level 5..
Total end-to-end search time: 727137523 ns
Total end-to-end search time: 738137542 ns
Total end-to-end search time: 740577616 ns
Query: 1024, nThreads: 1, warmup: 2
====================================================================================================
(ns)
Load index... Graph level 5..
Total end-to-end search time: 729788525 ns
Total end-to-end search time: 740300364 ns
Total end-to-end search time: 744017166 ns
Query: 1024, nThreads: 1, warmup: 2
====================================================================================================
(ns)
Load index... Graph level 5..
Total end-to-end search time: 728256752 ns
Total end-to-end search time: 736836401 ns
Total end-to-end search time: 740385924 ns
