Query: 1024, nThreads: 64, warmup: 2
====================================================================================================
(ns)
Load index... Graph level 5..
Total end-to-end search time: 399017870 ns
Total end-to-end search time: 390000683 ns
Total end-to-end search time: 391246257 ns
Query: 1024, nThreads: 64, warmup: 2
====================================================================================================
(ns)
Load index... Graph level 5..
Total end-to-end search time: 396982198 ns
Total end-to-end search time: 390737827 ns
Total end-to-end search time: 392595878 ns
Query: 1024, nThreads: 64, warmup: 2
====================================================================================================
(ns)
Load index... Graph level 5..
Total end-to-end search time: 398345003 ns
Total end-to-end search time: 388399197 ns
Total end-to-end search time: 391841644 ns
Query: 1024, nThreads: 64, warmup: 2
====================================================================================================
(ns)
Load index... Graph level 5..
Total end-to-end search time: 399969798 ns
Total end-to-end search time: 390176585 ns
Total end-to-end search time: 391639785 ns
Query: 1024, nThreads: 64, warmup: 2
====================================================================================================
(ns)
Load index... Graph level 5..
Total end-to-end search time: 398858750 ns
Total end-to-end search time: 389710983 ns
Total end-to-end search time: 391547743 ns
Query: 1024, nThreads: 64, warmup: 2
====================================================================================================
(ns)
Load index... Graph level 5..
Total end-to-end search time: 400938743 ns
Total end-to-end search time: 389444423 ns
Total end-to-end search time: 392634570 ns
Query: 1024, nThreads: 64, warmup: 2
====================================================================================================
(ns)
Load index... Graph level 5..
Total end-to-end search time: 397153159 ns
Total end-to-end search time: 390664287 ns
Total end-to-end search time: 392734944 ns
Query: 1024, nThreads: 64, warmup: 2
====================================================================================================
(ns)
Load index... Graph level 5..
Total end-to-end search time: 388880468 ns
Total end-to-end search time: 394749960 ns
Total end-to-end search time: 391993671 ns
Query: 1024, nThreads: 64, warmup: 2
====================================================================================================
(ns)
Load index... Graph level 5..
Total end-to-end search time: 389204214 ns
Total end-to-end search time: 397188092 ns
Total end-to-end search time: 391824067 ns
Query: 1024, nThreads: 64, warmup: 2
====================================================================================================
(ns)
Load index... Graph level 5..
Total end-to-end search time: 389201291 ns
Total end-to-end search time: 397511702 ns
Total end-to-end search time: 392284198 ns
Query: 1024, nThreads: 64, warmup: 2
====================================================================================================
(ns)
Load index... Graph level 5..
Total end-to-end search time: 394360033 ns
Total end-to-end search time: 394934560 ns
Total end-to-end search time: 391757682 ns
Query: 1024, nThreads: 64, warmup: 2
====================================================================================================
(ns)
Load index... Graph level 5..
Total end-to-end search time: 396497170 ns
Total end-to-end search time: 390379220 ns
Total end-to-end search time: 390534216 ns
Query: 1024, nThreads: 64, warmup: 2
====================================================================================================
(ns)
Load index... Graph level 5..
Total end-to-end search time: 401666191 ns
Total end-to-end search time: 389760300 ns
Total end-to-end search time: 392496313 ns
Query: 1024, nThreads: 64, warmup: 2
====================================================================================================
(ns)
Load index... Graph level 5..
Total end-to-end search time: 390321076 ns
Total end-to-end search time: 395552817 ns
Total end-to-end search time: 392316105 ns
Query: 1024, nThreads: 64, warmup: 2
====================================================================================================
(ns)
Load index... Graph level 5..
Total end-to-end search time: 399027296 ns
Total end-to-end search time: 390138844 ns
Total end-to-end search time: 391899818 ns
Query: 1024, nThreads: 64, warmup: 2
====================================================================================================
(ns)
Load index... Graph level 5..
Total end-to-end search time: 398699471 ns
Total end-to-end search time: 387132157 ns
Total end-to-end search time: 392899431 ns
Query: 1024, nThreads: 64, warmup: 2
====================================================================================================
(ns)
Load index... Graph level 5..
Total end-to-end search time: 400110286 ns
Total end-to-end search time: 389786955 ns
Total end-to-end search time: 393636163 ns
Query: 1024, nThreads: 64, warmup: 2
====================================================================================================
(ns)
Load index... Graph level 5..
Total end-to-end search time: 396083646 ns
Total end-to-end search time: 389320502 ns
Total end-to-end search time: 397070281 ns
Query: 1024, nThreads: 64, warmup: 2
====================================================================================================
(ns)
Load index... Graph level 5..
Total end-to-end search time: 391368595 ns
Total end-to-end search time: 397423794 ns
Total end-to-end search time: 390420569 ns
Query: 1024, nThreads: 64, warmup: 2
====================================================================================================
(ns)
Load index... Graph level 5..
Total end-to-end search time: 399013559 ns
Total end-to-end search time: 390685065 ns
Total end-to-end search time: 392177307 ns
Query: 1024, nThreads: 64, warmup: 2
====================================================================================================
(ns)
Load index... Graph level 5..
Total end-to-end search time: 393486078 ns
Total end-to-end search time: 396081474 ns
Total end-to-end search time: 392361697 ns
Query: 1024, nThreads: 64, warmup: 2
====================================================================================================
(ns)
Load index... Graph level 5..
Total end-to-end search time: 390854673 ns
Total end-to-end search time: 396376070 ns
Total end-to-end search time: 389597851 ns
Query: 1024, nThreads: 64, warmup: 2
====================================================================================================
(ns)
Load index... Graph level 5..
Total end-to-end search time: 394759509 ns
Total end-to-end search time: 389713765 ns
Total end-to-end search time: 391604694 ns
Query: 1024, nThreads: 64, warmup: 2
====================================================================================================
(ns)
Load index... Graph level 5..
Total end-to-end search time: 399460468 ns
Total end-to-end search time: 389804160 ns
Total end-to-end search time: 392195343 ns
Query: 1024, nThreads: 64, warmup: 2
====================================================================================================
(ns)
Load index... Graph level 5..
Total end-to-end search time: 397662885 ns
Total end-to-end search time: 387797592 ns
Total end-to-end search time: 392552142 ns
Query: 1024, nThreads: 64, warmup: 2
====================================================================================================
(ns)
Load index... Graph level 5..
Total end-to-end search time: 399523877 ns
Total end-to-end search time: 389328445 ns
Total end-to-end search time: 389406728 ns
Query: 1024, nThreads: 64, warmup: 2
====================================================================================================
(ns)
Load index... Graph level 5..
Total end-to-end search time: 391826902 ns
Total end-to-end search time: 395561955 ns
Total end-to-end search time: 389190131 ns
Query: 1024, nThreads: 64, warmup: 2
====================================================================================================
(ns)
Load index... Graph level 5..
Total end-to-end search time: 388468917 ns
Total end-to-end search time: 395836376 ns
Total end-to-end search time: 393296119 ns
Query: 1024, nThreads: 64, warmup: 2
====================================================================================================
(ns)
Load index... Graph level 5..
Total end-to-end search time: 392228400 ns
Total end-to-end search time: 394095161 ns
Total end-to-end search time: 393032791 ns
Query: 1024, nThreads: 64, warmup: 2
====================================================================================================
(ns)
Load index... Graph level 5..
Total end-to-end search time: 391523744 ns
Total end-to-end search time: 394822303 ns
Total end-to-end search time: 392296914 ns
