Query: 1024, nThreads: 32, warmup: 2
====================================================================================================
(ns)
Load index... Graph level 5..
Total end-to-end search time: 383829071 ns
Total end-to-end search time: 389447825 ns
Total end-to-end search time: 390326190 ns
Query: 1024, nThreads: 32, warmup: 2
====================================================================================================
(ns)
Load index... Graph level 5..
Total end-to-end search time: 388171655 ns
Total end-to-end search time: 387773875 ns
Total end-to-end search time: 390121588 ns
Query: 1024, nThreads: 32, warmup: 2
====================================================================================================
(ns)
Load index... Graph level 5..
Total end-to-end search time: 389908981 ns
Total end-to-end search time: 382894910 ns
Total end-to-end search time: 388266197 ns
Query: 1024, nThreads: 32, warmup: 2
====================================================================================================
(ns)
Load index... Graph level 5..
Total end-to-end search time: 389984422 ns
Total end-to-end search time: 388507096 ns
Total end-to-end search time: 391010587 ns
Query: 1024, nThreads: 32, warmup: 2
====================================================================================================
(ns)
Load index... Graph level 5..
Total end-to-end search time: 387823546 ns
Total end-to-end search time: 389276579 ns
Total end-to-end search time: 391101869 ns
Query: 1024, nThreads: 32, warmup: 2
====================================================================================================
(ns)
Load index... Graph level 5..
Total end-to-end search time: 390557017 ns
Total end-to-end search time: 386284893 ns
Total end-to-end search time: 389984844 ns
Query: 1024, nThreads: 32, warmup: 2
====================================================================================================
(ns)
Load index... Graph level 5..
Total end-to-end search time: 389218122 ns
Total end-to-end search time: 387543586 ns
Total end-to-end search time: 390146434 ns
Query: 1024, nThreads: 32, warmup: 2
====================================================================================================
(ns)
Load index... Graph level 5..
Total end-to-end search time: 389874141 ns
Total end-to-end search time: 387806165 ns
Total end-to-end search time: 390339528 ns
Query: 1024, nThreads: 32, warmup: 2
====================================================================================================
(ns)
Load index... Graph level 5..
Total end-to-end search time: 385252438 ns
Total end-to-end search time: 387704256 ns
Total end-to-end search time: 390447387 ns
Query: 1024, nThreads: 32, warmup: 2
====================================================================================================
(ns)
Load index... Graph level 5..
Total end-to-end search time: 390109992 ns
Total end-to-end search time: 387854194 ns
Total end-to-end search time: 390421197 ns
Query: 1024, nThreads: 32, warmup: 2
====================================================================================================
(ns)
Load index... Graph level 5..
Total end-to-end search time: 387366624 ns
Total end-to-end search time: 387639373 ns
Total end-to-end search time: 391074586 ns
Query: 1024, nThreads: 32, warmup: 2
====================================================================================================
(ns)
Load index... Graph level 5..
Total end-to-end search time: 385699885 ns
Total end-to-end search time: 388714368 ns
Total end-to-end search time: 389654238 ns
Query: 1024, nThreads: 32, warmup: 2
====================================================================================================
(ns)
Load index... Graph level 5..
Total end-to-end search time: 389089144 ns
Total end-to-end search time: 386991650 ns
Total end-to-end search time: 388404745 ns
Query: 1024, nThreads: 32, warmup: 2
====================================================================================================
(ns)
Load index... Graph level 5..
Total end-to-end search time: 389808256 ns
Total end-to-end search time: 388595608 ns
Total end-to-end search time: 390275670 ns
Query: 1024, nThreads: 32, warmup: 2
====================================================================================================
(ns)
Load index... Graph level 5..
Total end-to-end search time: 385667461 ns
Total end-to-end search time: 388162408 ns
Total end-to-end search time: 390536934 ns
Query: 1024, nThreads: 32, warmup: 2
====================================================================================================
(ns)
Load index... Graph level 5..
Total end-to-end search time: 389307019 ns
Total end-to-end search time: 387845950 ns
Total end-to-end search time: 390640481 ns
Query: 1024, nThreads: 32, warmup: 2
====================================================================================================
(ns)
Load index... Graph level 5..
Total end-to-end search time: 385699192 ns
Total end-to-end search time: 390045013 ns
Total end-to-end search time: 389865303 ns
Query: 1024, nThreads: 32, warmup: 2
====================================================================================================
(ns)
Load index... Graph level 5..
Total end-to-end search time: 389514900 ns
Total end-to-end search time: 387595868 ns
Total end-to-end search time: 390545166 ns
Query: 1024, nThreads: 32, warmup: 2
====================================================================================================
(ns)
Load index... Graph level 5..
Total end-to-end search time: 390170507 ns
Total end-to-end search time: 387918749 ns
Total end-to-end search time: 390550453 ns
Query: 1024, nThreads: 32, warmup: 2
====================================================================================================
(ns)
Load index... Graph level 5..
Total end-to-end search time: 385256179 ns
Total end-to-end search time: 388162417 ns
Total end-to-end search time: 386206670 ns
Query: 1024, nThreads: 32, warmup: 2
====================================================================================================
(ns)
Load index... Graph level 5..
Total end-to-end search time: 389141793 ns
Total end-to-end search time: 387829656 ns
Total end-to-end search time: 388271928 ns
Query: 1024, nThreads: 32, warmup: 2
====================================================================================================
(ns)
Load index... Graph level 5..
Total end-to-end search time: 386858229 ns
Total end-to-end search time: 388299415 ns
Total end-to-end search time: 388846748 ns
Query: 1024, nThreads: 32, warmup: 2
====================================================================================================
(ns)
Load index... Graph level 5..
Total end-to-end search time: 390236996 ns
Total end-to-end search time: 387603512 ns
Total end-to-end search time: 390309275 ns
Query: 1024, nThreads: 32, warmup: 2
====================================================================================================
(ns)
Load index... Graph level 5..
Total end-to-end search time: 389898481 ns
Total end-to-end search time: 387767370 ns
Total end-to-end search time: 388259406 ns
Query: 1024, nThreads: 32, warmup: 2
====================================================================================================
(ns)
Load index... Graph level 5..
Total end-to-end search time: 388196806 ns
Total end-to-end search time: 388970510 ns
Total end-to-end search time: 391068246 ns
Query: 1024, nThreads: 32, warmup: 2
====================================================================================================
(ns)
Load index... Graph level 5..
Total end-to-end search time: 388300627 ns
Total end-to-end search time: 383552990 ns
Total end-to-end search time: 389936937 ns
Query: 1024, nThreads: 32, warmup: 2
====================================================================================================
(ns)
Load index... Graph level 5..
Total end-to-end search time: 389783903 ns
Total end-to-end search time: 388659509 ns
Total end-to-end search time: 389783457 ns
Query: 1024, nThreads: 32, warmup: 2
====================================================================================================
(ns)
Load index... Graph level 5..
Total end-to-end search time: 390251742 ns
Total end-to-end search time: 387768216 ns
Total end-to-end search time: 390331337 ns
Query: 1024, nThreads: 32, warmup: 2
====================================================================================================
(ns)
Load index... Graph level 5..
Total end-to-end search time: 390361904 ns
Total end-to-end search time: 387966865 ns
Total end-to-end search time: 389631362 ns
Query: 1024, nThreads: 32, warmup: 2
====================================================================================================
(ns)
Load index... Graph level 5..
Total end-to-end search time: 389952432 ns
Total end-to-end search time: 388356908 ns
Total end-to-end search time: 390023590 ns
