Query: 128, nThreads: 1, warmup: 8
====================================================================================================
(ns)
Load index... Graph level 5..
Total end-to-end search time: 86435720 ns
Total end-to-end search time: 94995919 ns
Total end-to-end search time: 100505859 ns
Total end-to-end search time: 93504154 ns
Total end-to-end search time: 85197711 ns
Total end-to-end search time: 81895645 ns
Total end-to-end search time: 90381245 ns
Total end-to-end search time: 95741379 ns
Total end-to-end search time: 91952879 ns
Query: 128, nThreads: 1, warmup: 8
====================================================================================================
(ns)
Load index... Graph level 5..
Total end-to-end search time: 87310156 ns
Total end-to-end search time: 95884087 ns
Total end-to-end search time: 101052864 ns
Total end-to-end search time: 93964298 ns
Total end-to-end search time: 85113865 ns
Total end-to-end search time: 81659469 ns
Total end-to-end search time: 90388061 ns
Total end-to-end search time: 96223474 ns
Total end-to-end search time: 92580273 ns
Query: 128, nThreads: 1, warmup: 8
====================================================================================================
(ns)
Load index... Graph level 5..
Total end-to-end search time: 86469339 ns
Total end-to-end search time: 95267149 ns
Total end-to-end search time: 100306525 ns
Total end-to-end search time: 93776935 ns
Total end-to-end search time: 84832412 ns
Total end-to-end search time: 81423162 ns
Total end-to-end search time: 90096049 ns
Total end-to-end search time: 95539222 ns
Total end-to-end search time: 91809598 ns
Query: 128, nThreads: 1, warmup: 8
====================================================================================================
(ns)
Load index... Graph level 5..
Total end-to-end search time: 86549951 ns
Total end-to-end search time: 95156511 ns
Total end-to-end search time: 100631216 ns
Total end-to-end search time: 93975142 ns
Total end-to-end search time: 85035512 ns
Total end-to-end search time: 81676589 ns
Total end-to-end search time: 90511632 ns
Total end-to-end search time: 95695466 ns
Total end-to-end search time: 92314304 ns
Query: 128, nThreads: 1, warmup: 8
====================================================================================================
(ns)
Load index... Graph level 5..
Total end-to-end search time: 86217307 ns
Total end-to-end search time: 95406828 ns
Total end-to-end search time: 100651227 ns
Total end-to-end search time: 93907510 ns
Total end-to-end search time: 84897182 ns
Total end-to-end search time: 81350630 ns
Total end-to-end search time: 90504235 ns
Total end-to-end search time: 95973961 ns
Total end-to-end search time: 92055573 ns
Query: 128, nThreads: 1, warmup: 8
====================================================================================================
(ns)
Load index... Graph level 5..
Total end-to-end search time: 86373231 ns
Total end-to-end search time: 95489437 ns
Total end-to-end search time: 100687410 ns
Total end-to-end search time: 94148031 ns
Total end-to-end search time: 85258091 ns
Total end-to-end search time: 81478879 ns
Total end-to-end search time: 89967015 ns
Total end-to-end search time: 95493752 ns
Total end-to-end search time: 91924820 ns
Query: 128, nThreads: 1, warmup: 8
====================================================================================================
(ns)
Load index... Graph level 5..
Total end-to-end search time: 86413660 ns
Total end-to-end search time: 95172765 ns
Total end-to-end search time: 100691854 ns
Total end-to-end search time: 93976039 ns
Total end-to-end search time: 85374998 ns
Total end-to-end search time: 81774310 ns
Total end-to-end search time: 90520977 ns
Total end-to-end search time: 96002779 ns
Total end-to-end search time: 92450807 ns
Query: 128, nThreads: 1, warmup: 8
====================================================================================================
(ns)
Load index... Graph level 5..
Total end-to-end search time: 86666993 ns
Total end-to-end search time: 95209436 ns
Total end-to-end search time: 100886959 ns
Total end-to-end search time: 93603232 ns
Total end-to-end search time: 85091498 ns
Total end-to-end search time: 81617812 ns
Total end-to-end search time: 90101900 ns
Total end-to-end search time: 95875459 ns
Total end-to-end search time: 92068797 ns
Query: 128, nThreads: 1, warmup: 8
====================================================================================================
(ns)
Load index... Graph level 5..
Total end-to-end search time: 86879044 ns
Total end-to-end search time: 95155982 ns
Total end-to-end search time: 101087651 ns
Total end-to-end search time: 94164064 ns
Total end-to-end search time: 85099848 ns
Total end-to-end search time: 81783956 ns
Total end-to-end search time: 89949433 ns
Total end-to-end search time: 95397152 ns
Total end-to-end search time: 92200065 ns
Query: 128, nThreads: 1, warmup: 8
====================================================================================================
(ns)
Load index... Graph level 5..
Total end-to-end search time: 86971380 ns
Total end-to-end search time: 95663416 ns
Total end-to-end search time: 100851348 ns
Total end-to-end search time: 94027325 ns
Total end-to-end search time: 85785207 ns
Total end-to-end search time: 81993120 ns
Total end-to-end search time: 90265342 ns
Total end-to-end search time: 96111720 ns
Total end-to-end search time: 92465104 ns
Query: 128, nThreads: 1, warmup: 8
====================================================================================================
(ns)
Load index... Graph level 5..
Total end-to-end search time: 86741309 ns
Total end-to-end search time: 95448118 ns
Total end-to-end search time: 100899710 ns
Total end-to-end search time: 93546304 ns
Total end-to-end search time: 84930981 ns
Total end-to-end search time: 81399360 ns
Total end-to-end search time: 90042665 ns
Total end-to-end search time: 95375166 ns
Total end-to-end search time: 92186807 ns
Query: 128, nThreads: 1, warmup: 8
====================================================================================================
(ns)
Load index... Graph level 5..
Total end-to-end search time: 86783384 ns
Total end-to-end search time: 95479399 ns
Total end-to-end search time: 100731540 ns
Total end-to-end search time: 93862820 ns
Total end-to-end search time: 85522143 ns
Total end-to-end search time: 81992868 ns
Total end-to-end search time: 90249940 ns
Total end-to-end search time: 95866772 ns
Total end-to-end search time: 92117621 ns
Query: 128, nThreads: 1, warmup: 8
====================================================================================================
(ns)
Load index... Graph level 5..
Total end-to-end search time: 86503438 ns
Total end-to-end search time: 95267319 ns
Total end-to-end search time: 100717650 ns
Total end-to-end search time: 94055792 ns
Total end-to-end search time: 85032388 ns
Total end-to-end search time: 81964097 ns
Total end-to-end search time: 90596099 ns
Total end-to-end search time: 95972633 ns
Total end-to-end search time: 92456030 ns
Query: 128, nThreads: 1, warmup: 8
====================================================================================================
(ns)
Load index... Graph level 5..
Total end-to-end search time: 86726375 ns
Total end-to-end search time: 94978688 ns
Total end-to-end search time: 100673443 ns
Total end-to-end search time: 93681171 ns
Total end-to-end search time: 85338476 ns
Total end-to-end search time: 81875797 ns
Total end-to-end search time: 90392007 ns
Total end-to-end search time: 95944900 ns
Total end-to-end search time: 92051156 ns
Query: 128, nThreads: 1, warmup: 8
====================================================================================================
(ns)
Load index... Graph level 5..
Total end-to-end search time: 86686976 ns
Total end-to-end search time: 95474293 ns
Total end-to-end search time: 101019994 ns
Total end-to-end search time: 94565197 ns
Total end-to-end search time: 85371827 ns
Total end-to-end search time: 81754606 ns
Total end-to-end search time: 90494142 ns
Total end-to-end search time: 96340060 ns
Total end-to-end search time: 92179285 ns
Query: 128, nThreads: 1, warmup: 8
====================================================================================================
(ns)
Load index... Graph level 5..
Total end-to-end search time: 86633924 ns
Total end-to-end search time: 95322940 ns
Total end-to-end search time: 100814531 ns
Total end-to-end search time: 94025313 ns
Total end-to-end search time: 84787475 ns
Total end-to-end search time: 82346113 ns
Total end-to-end search time: 90377978 ns
Total end-to-end search time: 95888337 ns
Total end-to-end search time: 92227483 ns
Query: 128, nThreads: 1, warmup: 8
====================================================================================================
(ns)
Load index... Graph level 5..
Total end-to-end search time: 86599340 ns
Total end-to-end search time: 95359102 ns
Total end-to-end search time: 100384109 ns
Total end-to-end search time: 93652131 ns
Total end-to-end search time: 85085150 ns
Total end-to-end search time: 81296177 ns
Total end-to-end search time: 90334370 ns
Total end-to-end search time: 95730718 ns
Total end-to-end search time: 92153127 ns
Query: 128, nThreads: 1, warmup: 8
====================================================================================================
(ns)
Load index... Graph level 5..
Total end-to-end search time: 86819173 ns
Total end-to-end search time: 95488299 ns
Total end-to-end search time: 100927916 ns
Total end-to-end search time: 94255873 ns
Total end-to-end search time: 85628896 ns
Total end-to-end search time: 82135720 ns
Total end-to-end search time: 90631442 ns
Total end-to-end search time: 96575778 ns
Total end-to-end search time: 92691921 ns
Query: 128, nThreads: 1, warmup: 8
====================================================================================================
(ns)
Load index... Graph level 5..
Total end-to-end search time: 86662894 ns
Total end-to-end search time: 95338789 ns
Total end-to-end search time: 100680612 ns
Total end-to-end search time: 93994037 ns
Total end-to-end search time: 84950575 ns
Total end-to-end search time: 81413297 ns
Total end-to-end search time: 90236621 ns
Total end-to-end search time: 96118301 ns
Total end-to-end search time: 92585922 ns
Query: 128, nThreads: 1, warmup: 8
====================================================================================================
(ns)
Load index... Graph level 5..
Total end-to-end search time: 86667394 ns
Total end-to-end search time: 95163808 ns
Total end-to-end search time: 100104777 ns
Total end-to-end search time: 93375392 ns
Total end-to-end search time: 84840116 ns
Total end-to-end search time: 81448238 ns
Total end-to-end search time: 89822278 ns
Total end-to-end search time: 95907630 ns
Total end-to-end search time: 92544208 ns
Query: 128, nThreads: 1, warmup: 8
====================================================================================================
(ns)
Load index... Graph level 5..
Total end-to-end search time: 86513658 ns
Total end-to-end search time: 95500953 ns
Total end-to-end search time: 100936701 ns
Total end-to-end search time: 93674509 ns
Total end-to-end search time: 84959991 ns
Total end-to-end search time: 81343493 ns
Total end-to-end search time: 90141157 ns
Total end-to-end search time: 96150523 ns
Total end-to-end search time: 92473688 ns
Query: 128, nThreads: 1, warmup: 8
====================================================================================================
(ns)
Load index... Graph level 5..
Total end-to-end search time: 86665453 ns
Total end-to-end search time: 95371899 ns
Total end-to-end search time: 100966879 ns
Total end-to-end search time: 93663836 ns
Total end-to-end search time: 84839689 ns
Total end-to-end search time: 81673417 ns
Total end-to-end search time: 90328366 ns
Total end-to-end search time: 95691376 ns
Total end-to-end search time: 92300550 ns
Query: 128, nThreads: 1, warmup: 8
====================================================================================================
(ns)
Load index... Graph level 5..
Total end-to-end search time: 87053540 ns
Total end-to-end search time: 95502486 ns
Total end-to-end search time: 101284778 ns
Total end-to-end search time: 93793074 ns
Total end-to-end search time: 85076606 ns
Total end-to-end search time: 81570817 ns
Total end-to-end search time: 90429538 ns
Total end-to-end search time: 95995792 ns
Total end-to-end search time: 92530318 ns
Query: 128, nThreads: 1, warmup: 8
====================================================================================================
(ns)
Load index... Graph level 5..
Total end-to-end search time: 86602882 ns
Total end-to-end search time: 95280582 ns
Total end-to-end search time: 100493335 ns
Total end-to-end search time: 93794122 ns
Total end-to-end search time: 84793904 ns
Total end-to-end search time: 81539174 ns
Total end-to-end search time: 90234241 ns
Total end-to-end search time: 95413243 ns
Total end-to-end search time: 91917263 ns
Query: 128, nThreads: 1, warmup: 8
====================================================================================================
(ns)
Load index... Graph level 5..
Total end-to-end search time: 86500660 ns
Total end-to-end search time: 95322540 ns
Total end-to-end search time: 101059443 ns
Total end-to-end search time: 94739994 ns
Total end-to-end search time: 85702204 ns
Total end-to-end search time: 81922790 ns
Total end-to-end search time: 90459347 ns
Total end-to-end search time: 96176181 ns
Total end-to-end search time: 92376145 ns
Query: 128, nThreads: 1, warmup: 8
====================================================================================================
(ns)
Load index... Graph level 5..
Total end-to-end search time: 86821007 ns
Total end-to-end search time: 95466115 ns
Total end-to-end search time: 101339205 ns
Total end-to-end search time: 93919708 ns
Total end-to-end search time: 85175214 ns
Total end-to-end search time: 82222052 ns
Total end-to-end search time: 90292918 ns
Total end-to-end search time: 95886091 ns
Total end-to-end search time: 92232587 ns
Query: 128, nThreads: 1, warmup: 8
====================================================================================================
(ns)
Load index... Graph level 5..
Total end-to-end search time: 86839692 ns
Total end-to-end search time: 95210051 ns
Total end-to-end search time: 100449478 ns
Total end-to-end search time: 93697593 ns
Total end-to-end search time: 84886241 ns
Total end-to-end search time: 81386930 ns
Total end-to-end search time: 90146566 ns
Total end-to-end search time: 95896860 ns
Total end-to-end search time: 92045534 ns
Query: 128, nThreads: 1, warmup: 8
====================================================================================================
(ns)
Load index... Graph level 5..
Total end-to-end search time: 86846998 ns
Total end-to-end search time: 95188944 ns
Total end-to-end search time: 100878491 ns
Total end-to-end search time: 93444724 ns
Total end-to-end search time: 84591868 ns
Total end-to-end search time: 81792753 ns
Total end-to-end search time: 90450927 ns
Total end-to-end search time: 95893574 ns
Total end-to-end search time: 92224341 ns
Query: 128, nThreads: 1, warmup: 8
====================================================================================================
(ns)
Load index... Graph level 5..
Total end-to-end search time: 86876454 ns
Total end-to-end search time: 95386664 ns
Total end-to-end search time: 100770163 ns
Total end-to-end search time: 93874464 ns
Total end-to-end search time: 85227031 ns
Total end-to-end search time: 81882186 ns
Total end-to-end search time: 90153930 ns
Total end-to-end search time: 95628381 ns
Total end-to-end search time: 92650158 ns
Query: 128, nThreads: 1, warmup: 8
====================================================================================================
(ns)
Load index... Graph level 5..
Total end-to-end search time: 86428209 ns
Total end-to-end search time: 95312610 ns
Total end-to-end search time: 100581238 ns
Total end-to-end search time: 93690093 ns
Total end-to-end search time: 84924743 ns
Total end-to-end search time: 81540612 ns
Total end-to-end search time: 90197844 ns
Total end-to-end search time: 95538463 ns
Total end-to-end search time: 92048129 ns
