Query: 16, nThreads: 8, warmup: 16
====================================================================================================
(ns)
Load index... Graph level 5..
Total end-to-end search time: 13460329 ns
Total end-to-end search time: 11696428 ns
Total end-to-end search time: 11906207 ns
Total end-to-end search time: 9768635 ns
Total end-to-end search time: 9959018 ns
Total end-to-end search time: 9683052 ns
Total end-to-end search time: 9554567 ns
Total end-to-end search time: 10671660 ns
Total end-to-end search time: 11661482 ns
Total end-to-end search time: 11573338 ns
Total end-to-end search time: 12195813 ns
Total end-to-end search time: 11251920 ns
Total end-to-end search time: 11844932 ns
Total end-to-end search time: 11976538 ns
Total end-to-end search time: 11907565 ns
Total end-to-end search time: 13150513 ns
Total end-to-end search time: 11935692 ns
Query: 16, nThreads: 8, warmup: 16
====================================================================================================
(ns)
Load index... Graph level 5..
Total end-to-end search time: 13518576 ns
Total end-to-end search time: 11918955 ns
Total end-to-end search time: 11963146 ns
Total end-to-end search time: 9789406 ns
Total end-to-end search time: 9908873 ns
Total end-to-end search time: 9626714 ns
Total end-to-end search time: 9502304 ns
Total end-to-end search time: 10633598 ns
Total end-to-end search time: 11651741 ns
Total end-to-end search time: 11523292 ns
Total end-to-end search time: 12148907 ns
Total end-to-end search time: 11241933 ns
Total end-to-end search time: 11739947 ns
Total end-to-end search time: 11979915 ns
Total end-to-end search time: 11840007 ns
Total end-to-end search time: 13185574 ns
Total end-to-end search time: 11890399 ns
Query: 16, nThreads: 8, warmup: 16
====================================================================================================
(ns)
Load index... Graph level 5..
Total end-to-end search time: 13408734 ns
Total end-to-end search time: 11712950 ns
Total end-to-end search time: 11912591 ns
Total end-to-end search time: 9795964 ns
Total end-to-end search time: 9923613 ns
Total end-to-end search time: 9661153 ns
Total end-to-end search time: 9488983 ns
Total end-to-end search time: 10597270 ns
Total end-to-end search time: 11640322 ns
Total end-to-end search time: 11487780 ns
Total end-to-end search time: 12177852 ns
Total end-to-end search time: 11265473 ns
Total end-to-end search time: 11753615 ns
Total end-to-end search time: 11999880 ns
Total end-to-end search time: 11786374 ns
Total end-to-end search time: 13088678 ns
Total end-to-end search time: 11812038 ns
Query: 16, nThreads: 8, warmup: 16
====================================================================================================
(ns)
Load index... Graph level 5..
Total end-to-end search time: 13515831 ns
Total end-to-end search time: 11797195 ns
Total end-to-end search time: 11978056 ns
Total end-to-end search time: 9829067 ns
Total end-to-end search time: 9959325 ns
Total end-to-end search time: 9676368 ns
Total end-to-end search time: 9558241 ns
Total end-to-end search time: 10652042 ns
Total end-to-end search time: 11674328 ns
Total end-to-end search time: 11509682 ns
Total end-to-end search time: 12143333 ns
Total end-to-end search time: 11236017 ns
Total end-to-end search time: 11730928 ns
Total end-to-end search time: 11936103 ns
Total end-to-end search time: 11783265 ns
Total end-to-end search time: 13049254 ns
Total end-to-end search time: 11806297 ns
Query: 16, nThreads: 8, warmup: 16
====================================================================================================
(ns)
Load index... Graph level 5..
Total end-to-end search time: 13456789 ns
Total end-to-end search time: 11826359 ns
Total end-to-end search time: 11950968 ns
Total end-to-end search time: 9835274 ns
Total end-to-end search time: 9982834 ns
Total end-to-end search time: 9707027 ns
Total end-to-end search time: 9537139 ns
Total end-to-end search time: 10731942 ns
Total end-to-end search time: 11753476 ns
Total end-to-end search time: 11508681 ns
Total end-to-end search time: 12175030 ns
Total end-to-end search time: 11244214 ns
Total end-to-end search time: 11781375 ns
Total end-to-end search time: 12020290 ns
Total end-to-end search time: 11822113 ns
Total end-to-end search time: 13091418 ns
Total end-to-end search time: 11838549 ns
Query: 16, nThreads: 8, warmup: 16
====================================================================================================
(ns)
Load index... Graph level 5..
Total end-to-end search time: 13492931 ns
Total end-to-end search time: 11756492 ns
Total end-to-end search time: 11984989 ns
Total end-to-end search time: 9817695 ns
Total end-to-end search time: 9968647 ns
Total end-to-end search time: 9675026 ns
Total end-to-end search time: 9508884 ns
Total end-to-end search time: 10652604 ns
Total end-to-end search time: 11732785 ns
Total end-to-end search time: 11538569 ns
Total end-to-end search time: 12148129 ns
Total end-to-end search time: 11211352 ns
Total end-to-end search time: 11720322 ns
Total end-to-end search time: 12035020 ns
Total end-to-end search time: 11849776 ns
Total end-to-end search time: 13073924 ns
Total end-to-end search time: 11829977 ns
Query: 16, nThreads: 8, warmup: 16
====================================================================================================
(ns)
Load index... Graph level 5..
Total end-to-end search time: 13540715 ns
Total end-to-end search time: 11742222 ns
Total end-to-end search time: 11922609 ns
Total end-to-end search time: 9823121 ns
Total end-to-end search time: 10335934 ns
Total end-to-end search time: 9694836 ns
Total end-to-end search time: 9498969 ns
Total end-to-end search time: 10658915 ns
Total end-to-end search time: 11672446 ns
Total end-to-end search time: 11530422 ns
Total end-to-end search time: 12176512 ns
Total end-to-end search time: 11246844 ns
Total end-to-end search time: 11779335 ns
Total end-to-end search time: 11994209 ns
Total end-to-end search time: 11814205 ns
Total end-to-end search time: 13078030 ns
Total end-to-end search time: 11843613 ns
Query: 16, nThreads: 8, warmup: 16
====================================================================================================
(ns)
Load index... Graph level 5..
Total end-to-end search time: 13529381 ns
Total end-to-end search time: 11725706 ns
Total end-to-end search time: 11905167 ns
Total end-to-end search time: 9776993 ns
Total end-to-end search time: 9878095 ns
Total end-to-end search time: 9655846 ns
Total end-to-end search time: 9476506 ns
Total end-to-end search time: 10562529 ns
Total end-to-end search time: 11621361 ns
Total end-to-end search time: 11561783 ns
Total end-to-end search time: 12198428 ns
Total end-to-end search time: 11300293 ns
Total end-to-end search time: 11767583 ns
Total end-to-end search time: 11986686 ns
Total end-to-end search time: 11819583 ns
Total end-to-end search time: 13126500 ns
Total end-to-end search time: 11840087 ns
Query: 16, nThreads: 8, warmup: 16
====================================================================================================
(ns)
Load index... Graph level 5..
Total end-to-end search time: 13391708 ns
Total end-to-end search time: 11775895 ns
Total end-to-end search time: 11919924 ns
Total end-to-end search time: 9773409 ns
Total end-to-end search time: 9934677 ns
Total end-to-end search time: 9683101 ns
Total end-to-end search time: 9486388 ns
Total end-to-end search time: 10624624 ns
Total end-to-end search time: 11677687 ns
Total end-to-end search time: 11494442 ns
Total end-to-end search time: 12191661 ns
Total end-to-end search time: 11225091 ns
Total end-to-end search time: 11794178 ns
Total end-to-end search time: 11999330 ns
Total end-to-end search time: 11846602 ns
Total end-to-end search time: 13119430 ns
Total end-to-end search time: 11893529 ns
Query: 16, nThreads: 8, warmup: 16
====================================================================================================
(ns)
Load index... Graph level 5..
Total end-to-end search time: 13539132 ns
Total end-to-end search time: 11806912 ns
Total end-to-end search time: 11907254 ns
Total end-to-end search time: 9796133 ns
Total end-to-end search time: 9906329 ns
Total end-to-end search time: 9621167 ns
Total end-to-end search time: 9440065 ns
Total end-to-end search time: 10581003 ns
Total end-to-end search time: 11679740 ns
Total end-to-end search time: 11446280 ns
Total end-to-end search time: 12084671 ns
Total end-to-end search time: 11172705 ns
Total end-to-end search time: 11698239 ns
Total end-to-end search time: 11905977 ns
Total end-to-end search time: 11754379 ns
Total end-to-end search time: 13070652 ns
Total end-to-end search time: 11790745 ns
Query: 16, nThreads: 8, warmup: 16
====================================================================================================
(ns)
Load index... Graph level 5..
Total end-to-end search time: 13449684 ns
Total end-to-end search time: 11663018 ns
Total end-to-end search time: 11864923 ns
Total end-to-end search time: 9804521 ns
Total end-to-end search time: 9945401 ns
Total end-to-end search time: 9648974 ns
Total end-to-end search time: 9502352 ns
Total end-to-end search time: 10678455 ns
Total end-to-end search time: 11691271 ns
Total end-to-end search time: 11446704 ns
Total end-to-end search time: 12220362 ns
Total end-to-end search time: 11278139 ns
Total end-to-end search time: 11796830 ns
Total end-to-end search time: 12032894 ns
Total end-to-end search time: 11842092 ns
Total end-to-end search time: 13158641 ns
Total end-to-end search time: 11833717 ns
Query: 16, nThreads: 8, warmup: 16
====================================================================================================
(ns)
Load index... Graph level 5..
Total end-to-end search time: 13428302 ns
Total end-to-end search time: 11732454 ns
Total end-to-end search time: 11892039 ns
Total end-to-end search time: 9768463 ns
Total end-to-end search time: 9885805 ns
Total end-to-end search time: 9617171 ns
Total end-to-end search time: 9470402 ns
Total end-to-end search time: 10597197 ns
Total end-to-end search time: 11625407 ns
Total end-to-end search time: 11482244 ns
Total end-to-end search time: 12193416 ns
Total end-to-end search time: 11282409 ns
Total end-to-end search time: 11773360 ns
Total end-to-end search time: 12010963 ns
Total end-to-end search time: 11831901 ns
Total end-to-end search time: 13110312 ns
Total end-to-end search time: 11864361 ns
Query: 16, nThreads: 8, warmup: 16
====================================================================================================
(ns)
Load index... Graph level 5..
Total end-to-end search time: 13535514 ns
Total end-to-end search time: 11823184 ns
Total end-to-end search time: 11983244 ns
Total end-to-end search time: 9851836 ns
Total end-to-end search time: 9985581 ns
Total end-to-end search time: 9691473 ns
Total end-to-end search time: 9578659 ns
Total end-to-end search time: 10723726 ns
Total end-to-end search time: 11686380 ns
Total end-to-end search time: 11515475 ns
Total end-to-end search time: 12209024 ns
Total end-to-end search time: 11285997 ns
Total end-to-end search time: 11741892 ns
Total end-to-end search time: 11989369 ns
Total end-to-end search time: 12022602 ns
Total end-to-end search time: 13134018 ns
Total end-to-end search time: 11890739 ns
Query: 16, nThreads: 8, warmup: 16
====================================================================================================
(ns)
Load index... Graph level 5..
Total end-to-end search time: 13423785 ns
Total end-to-end search time: 11716905 ns
Total end-to-end search time: 11881593 ns
Total end-to-end search time: 9902070 ns
Total end-to-end search time: 9980281 ns
Total end-to-end search time: 9671273 ns
Total end-to-end search time: 9529340 ns
Total end-to-end search time: 10644893 ns
Total end-to-end search time: 11699350 ns
Total end-to-end search time: 11568274 ns
Total end-to-end search time: 12184106 ns
Total end-to-end search time: 11210499 ns
Total end-to-end search time: 11770082 ns
Total end-to-end search time: 11985594 ns
Total end-to-end search time: 11870754 ns
Total end-to-end search time: 13080998 ns
Total end-to-end search time: 11830183 ns
Query: 16, nThreads: 8, warmup: 16
====================================================================================================
(ns)
Load index... Graph level 5..
Total end-to-end search time: 13474359 ns
Total end-to-end search time: 11680598 ns
Total end-to-end search time: 11848439 ns
Total end-to-end search time: 9756753 ns
Total end-to-end search time: 9934175 ns
Total end-to-end search time: 9674085 ns
Total end-to-end search time: 9501704 ns
Total end-to-end search time: 10604843 ns
Total end-to-end search time: 11651144 ns
Total end-to-end search time: 11464464 ns
Total end-to-end search time: 12145915 ns
Total end-to-end search time: 11212726 ns
Total end-to-end search time: 11690576 ns
Total end-to-end search time: 11944067 ns
Total end-to-end search time: 11732043 ns
Total end-to-end search time: 13011903 ns
Total end-to-end search time: 11776128 ns
Query: 16, nThreads: 8, warmup: 16
====================================================================================================
(ns)
Load index... Graph level 5..
Total end-to-end search time: 13506787 ns
Total end-to-end search time: 11732638 ns
Total end-to-end search time: 11886182 ns
Total end-to-end search time: 9820673 ns
Total end-to-end search time: 9921669 ns
Total end-to-end search time: 9676073 ns
Total end-to-end search time: 9490952 ns
Total end-to-end search time: 10575491 ns
Total end-to-end search time: 11656915 ns
Total end-to-end search time: 11491483 ns
Total end-to-end search time: 12147121 ns
Total end-to-end search time: 11239099 ns
Total end-to-end search time: 11725941 ns
Total end-to-end search time: 11958683 ns
Total end-to-end search time: 11815963 ns
Total end-to-end search time: 13088206 ns
Total end-to-end search time: 11849291 ns
Query: 16, nThreads: 8, warmup: 16
====================================================================================================
(ns)
Load index... Graph level 5..
Total end-to-end search time: 13670649 ns
Total end-to-end search time: 11779663 ns
Total end-to-end search time: 11916377 ns
Total end-to-end search time: 9838906 ns
Total end-to-end search time: 9950977 ns
Total end-to-end search time: 9674371 ns
Total end-to-end search time: 9517469 ns
Total end-to-end search time: 10686862 ns
Total end-to-end search time: 11702518 ns
Total end-to-end search time: 11512139 ns
Total end-to-end search time: 12355222 ns
Total end-to-end search time: 11325681 ns
Total end-to-end search time: 11847399 ns
Total end-to-end search time: 12073088 ns
Total end-to-end search time: 11897008 ns
Total end-to-end search time: 13198347 ns
Total end-to-end search time: 11914040 ns
Query: 16, nThreads: 8, warmup: 16
====================================================================================================
(ns)
Load index... Graph level 5..
Total end-to-end search time: 13577418 ns
Total end-to-end search time: 11808567 ns
Total end-to-end search time: 11995021 ns
Total end-to-end search time: 9845866 ns
Total end-to-end search time: 9986577 ns
Total end-to-end search time: 9703961 ns
Total end-to-end search time: 9606031 ns
Total end-to-end search time: 10700847 ns
Total end-to-end search time: 11720971 ns
Total end-to-end search time: 11571335 ns
Total end-to-end search time: 12225169 ns
Total end-to-end search time: 11293574 ns
Total end-to-end search time: 11741914 ns
Total end-to-end search time: 11983737 ns
Total end-to-end search time: 11790362 ns
Total end-to-end search time: 13066426 ns
Total end-to-end search time: 11821687 ns
Query: 16, nThreads: 8, warmup: 16
====================================================================================================
(ns)
Load index... Graph level 5..
Total end-to-end search time: 13529975 ns
Total end-to-end search time: 11763849 ns
Total end-to-end search time: 11988740 ns
Total end-to-end search time: 9802471 ns
Total end-to-end search time: 9980245 ns
Total end-to-end search time: 9656891 ns
Total end-to-end search time: 9479427 ns
Total end-to-end search time: 10588029 ns
Total end-to-end search time: 11691337 ns
Total end-to-end search time: 11491919 ns
Total end-to-end search time: 12165577 ns
Total end-to-end search time: 11255726 ns
Total end-to-end search time: 11771839 ns
Total end-to-end search time: 12015846 ns
Total end-to-end search time: 11848087 ns
Total end-to-end search time: 13084349 ns
Total end-to-end search time: 11809538 ns
Query: 16, nThreads: 8, warmup: 16
====================================================================================================
(ns)
Load index... Graph level 5..
Total end-to-end search time: 13484330 ns
Total end-to-end search time: 11783452 ns
Total end-to-end search time: 11957015 ns
Total end-to-end search time: 9818816 ns
Total end-to-end search time: 9967271 ns
Total end-to-end search time: 9639180 ns
Total end-to-end search time: 9480258 ns
Total end-to-end search time: 10637935 ns
Total end-to-end search time: 11741898 ns
Total end-to-end search time: 11537278 ns
Total end-to-end search time: 12153600 ns
Total end-to-end search time: 11281490 ns
Total end-to-end search time: 11776769 ns
Total end-to-end search time: 12053419 ns
Total end-to-end search time: 11855329 ns
Total end-to-end search time: 13176774 ns
Total end-to-end search time: 11907120 ns
Query: 16, nThreads: 8, warmup: 16
====================================================================================================
(ns)
Load index... Graph level 5..
Total end-to-end search time: 13454262 ns
Total end-to-end search time: 11726019 ns
Total end-to-end search time: 11898660 ns
Total end-to-end search time: 9821188 ns
Total end-to-end search time: 9920298 ns
Total end-to-end search time: 9837147 ns
Total end-to-end search time: 9512220 ns
Total end-to-end search time: 10643179 ns
Total end-to-end search time: 11686352 ns
Total end-to-end search time: 11516678 ns
Total end-to-end search time: 12198708 ns
Total end-to-end search time: 11295485 ns
Total end-to-end search time: 11805697 ns
Total end-to-end search time: 12080124 ns
Total end-to-end search time: 11847381 ns
Total end-to-end search time: 13075198 ns
Total end-to-end search time: 11826457 ns
Query: 16, nThreads: 8, warmup: 16
====================================================================================================
(ns)
Load index... Graph level 5..
Total end-to-end search time: 13528559 ns
Total end-to-end search time: 11782281 ns
Total end-to-end search time: 11939435 ns
Total end-to-end search time: 9802441 ns
Total end-to-end search time: 9915581 ns
Total end-to-end search time: 9644071 ns
Total end-to-end search time: 9483336 ns
Total end-to-end search time: 10607713 ns
Total end-to-end search time: 11655185 ns
Total end-to-end search time: 11561874 ns
Total end-to-end search time: 12184167 ns
Total end-to-end search time: 11268142 ns
Total end-to-end search time: 11748301 ns
Total end-to-end search time: 12027589 ns
Total end-to-end search time: 11876719 ns
Total end-to-end search time: 13166897 ns
Total end-to-end search time: 11926057 ns
Query: 16, nThreads: 8, warmup: 16
====================================================================================================
(ns)
Load index... Graph level 5..
Total end-to-end search time: 13581226 ns
Total end-to-end search time: 11808488 ns
Total end-to-end search time: 11957548 ns
Total end-to-end search time: 9840717 ns
Total end-to-end search time: 9959455 ns
Total end-to-end search time: 9672947 ns
Total end-to-end search time: 9489883 ns
Total end-to-end search time: 10624020 ns
Total end-to-end search time: 11638727 ns
Total end-to-end search time: 11503872 ns
Total end-to-end search time: 12181882 ns
Total end-to-end search time: 11245812 ns
Total end-to-end search time: 11798332 ns
Total end-to-end search time: 12068800 ns
Total end-to-end search time: 11852311 ns
Total end-to-end search time: 13078345 ns
Total end-to-end search time: 11838084 ns
Query: 16, nThreads: 8, warmup: 16
====================================================================================================
(ns)
Load index... Graph level 5..
Total end-to-end search time: 13584046 ns
Total end-to-end search time: 11767965 ns
Total end-to-end search time: 11941686 ns
Total end-to-end search time: 9794214 ns
Total end-to-end search time: 9907917 ns
Total end-to-end search time: 9696006 ns
Total end-to-end search time: 9481814 ns
Total end-to-end search time: 10643163 ns
Total end-to-end search time: 11717042 ns
Total end-to-end search time: 11555960 ns
Total end-to-end search time: 12162516 ns
Total end-to-end search time: 11239580 ns
Total end-to-end search time: 11730127 ns
Total end-to-end search time: 11941725 ns
Total end-to-end search time: 11777892 ns
Total end-to-end search time: 13074796 ns
Total end-to-end search time: 11822348 ns
Query: 16, nThreads: 8, warmup: 16
====================================================================================================
(ns)
Load index... Graph level 5..
Total end-to-end search time: 13553024 ns
Total end-to-end search time: 11764300 ns
Total end-to-end search time: 11932062 ns
Total end-to-end search time: 9813814 ns
Total end-to-end search time: 9940267 ns
Total end-to-end search time: 9841119 ns
Total end-to-end search time: 9509364 ns
Total end-to-end search time: 10649934 ns
Total end-to-end search time: 11734908 ns
Total end-to-end search time: 11558787 ns
Total end-to-end search time: 12139169 ns
Total end-to-end search time: 11286309 ns
Total end-to-end search time: 11807759 ns
Total end-to-end search time: 11973686 ns
Total end-to-end search time: 11781778 ns
Total end-to-end search time: 13131450 ns
Total end-to-end search time: 11942715 ns
Query: 16, nThreads: 8, warmup: 16
====================================================================================================
(ns)
Load index... Graph level 5..
Total end-to-end search time: 13537133 ns
Total end-to-end search time: 11687385 ns
Total end-to-end search time: 11902581 ns
Total end-to-end search time: 9835184 ns
Total end-to-end search time: 9923792 ns
Total end-to-end search time: 9635159 ns
Total end-to-end search time: 9541252 ns
Total end-to-end search time: 10620703 ns
Total end-to-end search time: 11664392 ns
Total end-to-end search time: 11460604 ns
Total end-to-end search time: 12140059 ns
Total end-to-end search time: 11208523 ns
Total end-to-end search time: 11757103 ns
Total end-to-end search time: 12031492 ns
Total end-to-end search time: 11884173 ns
Total end-to-end search time: 13128213 ns
Total end-to-end search time: 11866222 ns
Query: 16, nThreads: 8, warmup: 16
====================================================================================================
(ns)
Load index... Graph level 5..
Total end-to-end search time: 13450787 ns
Total end-to-end search time: 11709720 ns
Total end-to-end search time: 11933293 ns
Total end-to-end search time: 9779522 ns
Total end-to-end search time: 9899043 ns
Total end-to-end search time: 9668479 ns
Total end-to-end search time: 9498562 ns
Total end-to-end search time: 10628405 ns
Total end-to-end search time: 11681178 ns
Total end-to-end search time: 11564028 ns
Total end-to-end search time: 12211006 ns
Total end-to-end search time: 11300122 ns
Total end-to-end search time: 11767614 ns
Total end-to-end search time: 11950286 ns
Total end-to-end search time: 11757239 ns
Total end-to-end search time: 13037639 ns
Total end-to-end search time: 11837329 ns
Query: 16, nThreads: 8, warmup: 16
====================================================================================================
(ns)
Load index... Graph level 5..
Total end-to-end search time: 13409072 ns
Total end-to-end search time: 11732241 ns
Total end-to-end search time: 11867970 ns
Total end-to-end search time: 9782813 ns
Total end-to-end search time: 9904636 ns
Total end-to-end search time: 9651194 ns
Total end-to-end search time: 9469144 ns
Total end-to-end search time: 10576785 ns
Total end-to-end search time: 11599807 ns
Total end-to-end search time: 11488904 ns
Total end-to-end search time: 12192170 ns
Total end-to-end search time: 11299605 ns
Total end-to-end search time: 11779468 ns
Total end-to-end search time: 12013174 ns
Total end-to-end search time: 11878570 ns
Total end-to-end search time: 13169225 ns
Total end-to-end search time: 11829633 ns
Query: 16, nThreads: 8, warmup: 16
====================================================================================================
(ns)
Load index... Graph level 5..
Total end-to-end search time: 13522856 ns
Total end-to-end search time: 11790706 ns
Total end-to-end search time: 11942217 ns
Total end-to-end search time: 9836561 ns
Total end-to-end search time: 9975162 ns
Total end-to-end search time: 9704490 ns
Total end-to-end search time: 9534904 ns
Total end-to-end search time: 10708116 ns
Total end-to-end search time: 11776081 ns
Total end-to-end search time: 11551940 ns
Total end-to-end search time: 12203035 ns
Total end-to-end search time: 11329603 ns
Total end-to-end search time: 11745628 ns
Total end-to-end search time: 12016197 ns
Total end-to-end search time: 11823854 ns
Total end-to-end search time: 13104910 ns
Total end-to-end search time: 11861340 ns
Query: 16, nThreads: 8, warmup: 16
====================================================================================================
(ns)
Load index... Graph level 5..
Total end-to-end search time: 13457148 ns
Total end-to-end search time: 11714271 ns
Total end-to-end search time: 11884045 ns
Total end-to-end search time: 9725437 ns
Total end-to-end search time: 9867682 ns
Total end-to-end search time: 9614510 ns
Total end-to-end search time: 9470269 ns
Total end-to-end search time: 10631240 ns
Total end-to-end search time: 11637131 ns
Total end-to-end search time: 11459216 ns
Total end-to-end search time: 12075203 ns
Total end-to-end search time: 11197897 ns
Total end-to-end search time: 11739100 ns
Total end-to-end search time: 12004164 ns
Total end-to-end search time: 11794261 ns
Total end-to-end search time: 13043582 ns
Total end-to-end search time: 11839855 ns
