Query: 16, nThreads: 16, warmup: 16
====================================================================================================
(ns)
Load index... Graph level 5..
Total end-to-end search time: 13396540 ns
Total end-to-end search time: 11703023 ns
Total end-to-end search time: 11874995 ns
Total end-to-end search time: 9788848 ns
Total end-to-end search time: 9903446 ns
Total end-to-end search time: 9650449 ns
Total end-to-end search time: 9489274 ns
Total end-to-end search time: 10664374 ns
Total end-to-end search time: 11676395 ns
Total end-to-end search time: 11465306 ns
Total end-to-end search time: 12179383 ns
Total end-to-end search time: 11227512 ns
Total end-to-end search time: 11744328 ns
Total end-to-end search time: 12016153 ns
Total end-to-end search time: 11844810 ns
Total end-to-end search time: 13188204 ns
Total end-to-end search time: 11973583 ns
Query: 16, nThreads: 16, warmup: 16
====================================================================================================
(ns)
Load index... Graph level 5..
Total end-to-end search time: 13417121 ns
Total end-to-end search time: 11705161 ns
Total end-to-end search time: 11908450 ns
Total end-to-end search time: 9789190 ns
Total end-to-end search time: 9888426 ns
Total end-to-end search time: 9621263 ns
Total end-to-end search time: 9475249 ns
Total end-to-end search time: 10603177 ns
Total end-to-end search time: 11664887 ns
Total end-to-end search time: 11501351 ns
Total end-to-end search time: 12170556 ns
Total end-to-end search time: 11281392 ns
Total end-to-end search time: 11786166 ns
Total end-to-end search time: 11996381 ns
Total end-to-end search time: 11900939 ns
Total end-to-end search time: 13309762 ns
Total end-to-end search time: 11865141 ns
Query: 16, nThreads: 16, warmup: 16
====================================================================================================
(ns)
Load index... Graph level 5..
Total end-to-end search time: 13561534 ns
Total end-to-end search time: 11817512 ns
Total end-to-end search time: 11974766 ns
Total end-to-end search time: 9859178 ns
Total end-to-end search time: 9985985 ns
Total end-to-end search time: 9696027 ns
Total end-to-end search time: 9528272 ns
Total end-to-end search time: 10713209 ns
Total end-to-end search time: 11750699 ns
Total end-to-end search time: 11581475 ns
Total end-to-end search time: 12212044 ns
Total end-to-end search time: 11340602 ns
Total end-to-end search time: 11819558 ns
Total end-to-end search time: 11977324 ns
Total end-to-end search time: 11820796 ns
Total end-to-end search time: 13079573 ns
Total end-to-end search time: 11841456 ns
Query: 16, nThreads: 16, warmup: 16
====================================================================================================
(ns)
Load index... Graph level 5..
Total end-to-end search time: 13450066 ns
Total end-to-end search time: 11747383 ns
Total end-to-end search time: 11859165 ns
Total end-to-end search time: 9804882 ns
Total end-to-end search time: 9903701 ns
Total end-to-end search time: 9668747 ns
Total end-to-end search time: 9475570 ns
Total end-to-end search time: 10608827 ns
Total end-to-end search time: 11683894 ns
Total end-to-end search time: 11495160 ns
Total end-to-end search time: 12096743 ns
Total end-to-end search time: 11204259 ns
Total end-to-end search time: 11698309 ns
Total end-to-end search time: 11920804 ns
Total end-to-end search time: 11779635 ns
Total end-to-end search time: 12999848 ns
Total end-to-end search time: 11774649 ns
Query: 16, nThreads: 16, warmup: 16
====================================================================================================
(ns)
Load index... Graph level 5..
Total end-to-end search time: 13565217 ns
Total end-to-end search time: 11832638 ns
Total end-to-end search time: 11975263 ns
Total end-to-end search time: 9815883 ns
Total end-to-end search time: 9935999 ns
Total end-to-end search time: 9692210 ns
Total end-to-end search time: 9494244 ns
Total end-to-end search time: 10659842 ns
Total end-to-end search time: 11738945 ns
Total end-to-end search time: 11624111 ns
Total end-to-end search time: 12231807 ns
Total end-to-end search time: 11245221 ns
Total end-to-end search time: 11732486 ns
Total end-to-end search time: 12000294 ns
Total end-to-end search time: 11831704 ns
Total end-to-end search time: 13150471 ns
Total end-to-end search time: 11866804 ns
Query: 16, nThreads: 16, warmup: 16
====================================================================================================
(ns)
Load index... Graph level 5..
Total end-to-end search time: 13492330 ns
Total end-to-end search time: 11789999 ns
Total end-to-end search time: 11900885 ns
Total end-to-end search time: 9764115 ns
Total end-to-end search time: 9911990 ns
Total end-to-end search time: 9654476 ns
Total end-to-end search time: 9473333 ns
Total end-to-end search time: 10615759 ns
Total end-to-end search time: 11829510 ns
Total end-to-end search time: 11444616 ns
Total end-to-end search time: 12121205 ns
Total end-to-end search time: 11217205 ns
Total end-to-end search time: 11689513 ns
Total end-to-end search time: 11955086 ns
Total end-to-end search time: 11800005 ns
Total end-to-end search time: 13102584 ns
Total end-to-end search time: 11833816 ns
Query: 16, nThreads: 16, warmup: 16
====================================================================================================
(ns)
Load index... Graph level 5..
Total end-to-end search time: 13560000 ns
Total end-to-end search time: 11775912 ns
Total end-to-end search time: 11967313 ns
Total end-to-end search time: 9862586 ns
Total end-to-end search time: 9943964 ns
Total end-to-end search time: 9682970 ns
Total end-to-end search time: 9504277 ns
Total end-to-end search time: 10675329 ns
Total end-to-end search time: 11685511 ns
Total end-to-end search time: 11513258 ns
Total end-to-end search time: 12160490 ns
Total end-to-end search time: 11270565 ns
Total end-to-end search time: 11774575 ns
Total end-to-end search time: 12010379 ns
Total end-to-end search time: 11842354 ns
Total end-to-end search time: 13186082 ns
Total end-to-end search time: 11902149 ns
Query: 16, nThreads: 16, warmup: 16
====================================================================================================
(ns)
Load index... Graph level 5..
Total end-to-end search time: 13459714 ns
Total end-to-end search time: 11703877 ns
Total end-to-end search time: 11868140 ns
Total end-to-end search time: 9774666 ns
Total end-to-end search time: 9953658 ns
Total end-to-end search time: 9728715 ns
Total end-to-end search time: 9541875 ns
Total end-to-end search time: 10665759 ns
Total end-to-end search time: 11668391 ns
Total end-to-end search time: 11444137 ns
Total end-to-end search time: 12155078 ns
Total end-to-end search time: 11249991 ns
Total end-to-end search time: 11695887 ns
Total end-to-end search time: 11988545 ns
Total end-to-end search time: 11778033 ns
Total end-to-end search time: 13073646 ns
Total end-to-end search time: 11887827 ns
Query: 16, nThreads: 16, warmup: 16
====================================================================================================
(ns)
Load index... Graph level 5..
Total end-to-end search time: 13400954 ns
Total end-to-end search time: 11703573 ns
Total end-to-end search time: 11878209 ns
Total end-to-end search time: 9799628 ns
Total end-to-end search time: 9947455 ns
Total end-to-end search time: 9692778 ns
Total end-to-end search time: 9549329 ns
Total end-to-end search time: 10601084 ns
Total end-to-end search time: 11666146 ns
Total end-to-end search time: 11476976 ns
Total end-to-end search time: 12096096 ns
Total end-to-end search time: 11208213 ns
Total end-to-end search time: 11733673 ns
Total end-to-end search time: 11948514 ns
Total end-to-end search time: 11809665 ns
Total end-to-end search time: 13078331 ns
Total end-to-end search time: 11826748 ns
Query: 16, nThreads: 16, warmup: 16
====================================================================================================
(ns)
Load index... Graph level 5..
Total end-to-end search time: 13463572 ns
Total end-to-end search time: 11706750 ns
Total end-to-end search time: 12117159 ns
Total end-to-end search time: 9835596 ns
Total end-to-end search time: 9893978 ns
Total end-to-end search time: 9641830 ns
Total end-to-end search time: 9448011 ns
Total end-to-end search time: 10608296 ns
Total end-to-end search time: 11608206 ns
Total end-to-end search time: 11454153 ns
Total end-to-end search time: 12111031 ns
Total end-to-end search time: 11187772 ns
Total end-to-end search time: 11715778 ns
Total end-to-end search time: 11933258 ns
Total end-to-end search time: 11812839 ns
Total end-to-end search time: 13071979 ns
Total end-to-end search time: 11829871 ns
Query: 16, nThreads: 16, warmup: 16
====================================================================================================
(ns)
Load index... Graph level 5..
Total end-to-end search time: 13459183 ns
Total end-to-end search time: 11756590 ns
Total end-to-end search time: 11941907 ns
Total end-to-end search time: 9834206 ns
Total end-to-end search time: 9961661 ns
Total end-to-end search time: 9655158 ns
Total end-to-end search time: 9515677 ns
Total end-to-end search time: 10696647 ns
Total end-to-end search time: 11714421 ns
Total end-to-end search time: 11627002 ns
Total end-to-end search time: 12213930 ns
Total end-to-end search time: 11257795 ns
Total end-to-end search time: 11753009 ns
Total end-to-end search time: 12000460 ns
Total end-to-end search time: 11812842 ns
Total end-to-end search time: 13128403 ns
Total end-to-end search time: 11903403 ns
Query: 16, nThreads: 16, warmup: 16
====================================================================================================
(ns)
Load index... Graph level 5..
Total end-to-end search time: 13401868 ns
Total end-to-end search time: 11745729 ns
Total end-to-end search time: 11891981 ns
Total end-to-end search time: 9785938 ns
Total end-to-end search time: 9908298 ns
Total end-to-end search time: 9606864 ns
Total end-to-end search time: 9465574 ns
Total end-to-end search time: 10692896 ns
Total end-to-end search time: 11713984 ns
Total end-to-end search time: 11495308 ns
Total end-to-end search time: 12189232 ns
Total end-to-end search time: 11280127 ns
Total end-to-end search time: 11698527 ns
Total end-to-end search time: 11984095 ns
Total end-to-end search time: 11773860 ns
Total end-to-end search time: 13139689 ns
Total end-to-end search time: 11857220 ns
Query: 16, nThreads: 16, warmup: 16
====================================================================================================
(ns)
Load index... Graph level 5..
Total end-to-end search time: 13404429 ns
Total end-to-end search time: 11713834 ns
Total end-to-end search time: 11931478 ns
Total end-to-end search time: 9796013 ns
Total end-to-end search time: 9969627 ns
Total end-to-end search time: 9690095 ns
Total end-to-end search time: 9546563 ns
Total end-to-end search time: 10628362 ns
Total end-to-end search time: 11668539 ns
Total end-to-end search time: 11532258 ns
Total end-to-end search time: 12159342 ns
Total end-to-end search time: 11234106 ns
Total end-to-end search time: 11807720 ns
Total end-to-end search time: 12015110 ns
Total end-to-end search time: 11827936 ns
Total end-to-end search time: 13182640 ns
Total end-to-end search time: 11848632 ns
Query: 16, nThreads: 16, warmup: 16
====================================================================================================
(ns)
Load index... Graph level 5..
Total end-to-end search time: 13509801 ns
Total end-to-end search time: 11713934 ns
Total end-to-end search time: 11906089 ns
Total end-to-end search time: 9771860 ns
Total end-to-end search time: 10094168 ns
Total end-to-end search time: 9662792 ns
Total end-to-end search time: 9499025 ns
Total end-to-end search time: 10607104 ns
Total end-to-end search time: 11640960 ns
Total end-to-end search time: 11517590 ns
Total end-to-end search time: 12168109 ns
Total end-to-end search time: 11266513 ns
Total end-to-end search time: 11804917 ns
Total end-to-end search time: 12042953 ns
Total end-to-end search time: 11885796 ns
Total end-to-end search time: 13183521 ns
Total end-to-end search time: 11828394 ns
Query: 16, nThreads: 16, warmup: 16
====================================================================================================
(ns)
Load index... Graph level 5..
Total end-to-end search time: 13547420 ns
Total end-to-end search time: 11732692 ns
Total end-to-end search time: 11957440 ns
Total end-to-end search time: 9855923 ns
Total end-to-end search time: 9936597 ns
Total end-to-end search time: 9649640 ns
Total end-to-end search time: 9561339 ns
Total end-to-end search time: 10700747 ns
Total end-to-end search time: 11708926 ns
Total end-to-end search time: 11562680 ns
Total end-to-end search time: 12250480 ns
Total end-to-end search time: 11345283 ns
Total end-to-end search time: 11826636 ns
Total end-to-end search time: 12027654 ns
Total end-to-end search time: 11816913 ns
Total end-to-end search time: 13145898 ns
Total end-to-end search time: 11845908 ns
Query: 16, nThreads: 16, warmup: 16
====================================================================================================
(ns)
Load index... Graph level 5..
Total end-to-end search time: 13486501 ns
Total end-to-end search time: 11798268 ns
Total end-to-end search time: 11996251 ns
Total end-to-end search time: 9832926 ns
Total end-to-end search time: 9918545 ns
Total end-to-end search time: 9664362 ns
Total end-to-end search time: 9495970 ns
Total end-to-end search time: 10649716 ns
Total end-to-end search time: 11642054 ns
Total end-to-end search time: 11476559 ns
Total end-to-end search time: 12208994 ns
Total end-to-end search time: 11231104 ns
Total end-to-end search time: 11754209 ns
Total end-to-end search time: 11966839 ns
Total end-to-end search time: 11785652 ns
Total end-to-end search time: 13087677 ns
Total end-to-end search time: 11825940 ns
Query: 16, nThreads: 16, warmup: 16
====================================================================================================
(ns)
Load index... Graph level 5..
Total end-to-end search time: 13441904 ns
Total end-to-end search time: 11762077 ns
Total end-to-end search time: 11916664 ns
Total end-to-end search time: 9752988 ns
Total end-to-end search time: 9888400 ns
Total end-to-end search time: 9597058 ns
Total end-to-end search time: 9480880 ns
Total end-to-end search time: 10612756 ns
Total end-to-end search time: 11664403 ns
Total end-to-end search time: 11485838 ns
Total end-to-end search time: 12125448 ns
Total end-to-end search time: 11227624 ns
Total end-to-end search time: 11742528 ns
Total end-to-end search time: 12062081 ns
Total end-to-end search time: 11836085 ns
Total end-to-end search time: 13123564 ns
Total end-to-end search time: 11858005 ns
Query: 16, nThreads: 16, warmup: 16
====================================================================================================
(ns)
Load index... Graph level 5..
Total end-to-end search time: 13487996 ns
Total end-to-end search time: 11737257 ns
Total end-to-end search time: 11927775 ns
Total end-to-end search time: 9796418 ns
Total end-to-end search time: 9960607 ns
Total end-to-end search time: 9677984 ns
Total end-to-end search time: 9566477 ns
Total end-to-end search time: 10695254 ns
Total end-to-end search time: 11700434 ns
Total end-to-end search time: 11593635 ns
Total end-to-end search time: 12192227 ns
Total end-to-end search time: 11278214 ns
Total end-to-end search time: 11761217 ns
Total end-to-end search time: 12032820 ns
Total end-to-end search time: 11853135 ns
Total end-to-end search time: 13101643 ns
Total end-to-end search time: 11869928 ns
Query: 16, nThreads: 16, warmup: 16
====================================================================================================
(ns)
Load index... Graph level 5..
Total end-to-end search time: 13593698 ns
Total end-to-end search time: 11791660 ns
Total end-to-end search time: 11975956 ns
Total end-to-end search time: 9868982 ns
Total end-to-end search time: 9957523 ns
Total end-to-end search time: 9733587 ns
Total end-to-end search time: 9551708 ns
Total end-to-end search time: 10711568 ns
Total end-to-end search time: 11778086 ns
Total end-to-end search time: 11580907 ns
Total end-to-end search time: 12144561 ns
Total end-to-end search time: 11305198 ns
Total end-to-end search time: 11791899 ns
Total end-to-end search time: 12023631 ns
Total end-to-end search time: 11886256 ns
Total end-to-end search time: 13151986 ns
Total end-to-end search time: 11906431 ns
Query: 16, nThreads: 16, warmup: 16
====================================================================================================
(ns)
Load index... Graph level 5..
Total end-to-end search time: 13450570 ns
Total end-to-end search time: 11737902 ns
Total end-to-end search time: 11920290 ns
Total end-to-end search time: 9800367 ns
Total end-to-end search time: 9974170 ns
Total end-to-end search time: 9682684 ns
Total end-to-end search time: 9554710 ns
Total end-to-end search time: 10678974 ns
Total end-to-end search time: 11708708 ns
Total end-to-end search time: 11531245 ns
Total end-to-end search time: 12145552 ns
Total end-to-end search time: 11243591 ns
Total end-to-end search time: 11773266 ns
Total end-to-end search time: 12030504 ns
Total end-to-end search time: 11829912 ns
Total end-to-end search time: 13083589 ns
Total end-to-end search time: 11815856 ns
Query: 16, nThreads: 16, warmup: 16
====================================================================================================
(ns)
Load index... Graph level 5..
Total end-to-end search time: 13474685 ns
Total end-to-end search time: 11771605 ns
Total end-to-end search time: 11943909 ns
Total end-to-end search time: 9828080 ns
Total end-to-end search time: 9937652 ns
Total end-to-end search time: 9639296 ns
Total end-to-end search time: 9484957 ns
Total end-to-end search time: 10655657 ns
Total end-to-end search time: 11681043 ns
Total end-to-end search time: 11528308 ns
Total end-to-end search time: 12149520 ns
Total end-to-end search time: 11208928 ns
Total end-to-end search time: 11732872 ns
Total end-to-end search time: 12019664 ns
Total end-to-end search time: 11820195 ns
Total end-to-end search time: 13230200 ns
Total end-to-end search time: 11797417 ns
Query: 16, nThreads: 16, warmup: 16
====================================================================================================
(ns)
Load index... Graph level 5..
Total end-to-end search time: 13392487 ns
Total end-to-end search time: 11721874 ns
Total end-to-end search time: 11913978 ns
Total end-to-end search time: 9807752 ns
Total end-to-end search time: 9971492 ns
Total end-to-end search time: 9701672 ns
Total end-to-end search time: 9539062 ns
Total end-to-end search time: 10682138 ns
Total end-to-end search time: 11728606 ns
Total end-to-end search time: 11544996 ns
Total end-to-end search time: 12189823 ns
Total end-to-end search time: 11274950 ns
Total end-to-end search time: 11750179 ns
Total end-to-end search time: 12032990 ns
Total end-to-end search time: 11845356 ns
Total end-to-end search time: 13094258 ns
Total end-to-end search time: 11799349 ns
Query: 16, nThreads: 16, warmup: 16
====================================================================================================
(ns)
Load index... Graph level 5..
Total end-to-end search time: 13582295 ns
Total end-to-end search time: 11810623 ns
Total end-to-end search time: 11946150 ns
Total end-to-end search time: 9811228 ns
Total end-to-end search time: 9949524 ns
Total end-to-end search time: 9671001 ns
Total end-to-end search time: 9506724 ns
Total end-to-end search time: 10677523 ns
Total end-to-end search time: 11686542 ns
Total end-to-end search time: 11519227 ns
Total end-to-end search time: 12226249 ns
Total end-to-end search time: 11324610 ns
Total end-to-end search time: 11783648 ns
Total end-to-end search time: 12108642 ns
Total end-to-end search time: 11916424 ns
Total end-to-end search time: 13205466 ns
Total end-to-end search time: 11919260 ns
Query: 16, nThreads: 16, warmup: 16
====================================================================================================
(ns)
Load index... Graph level 5..
Total end-to-end search time: 13475219 ns
Total end-to-end search time: 11699984 ns
Total end-to-end search time: 11879586 ns
Total end-to-end search time: 9732757 ns
Total end-to-end search time: 9885716 ns
Total end-to-end search time: 9661257 ns
Total end-to-end search time: 9484770 ns
Total end-to-end search time: 10633057 ns
Total end-to-end search time: 11669699 ns
Total end-to-end search time: 11486745 ns
Total end-to-end search time: 12117984 ns
Total end-to-end search time: 11194772 ns
Total end-to-end search time: 11769112 ns
Total end-to-end search time: 12038673 ns
Total end-to-end search time: 11873521 ns
Total end-to-end search time: 13184222 ns
Total end-to-end search time: 11887117 ns
Query: 16, nThreads: 16, warmup: 16
====================================================================================================
(ns)
Load index... Graph level 5..
Total end-to-end search time: 13558118 ns
Total end-to-end search time: 11782888 ns
Total end-to-end search time: 11978311 ns
Total end-to-end search time: 9816499 ns
Total end-to-end search time: 9934270 ns
Total end-to-end search time: 9656688 ns
Total end-to-end search time: 9491410 ns
Total end-to-end search time: 10629269 ns
Total end-to-end search time: 11644329 ns
Total end-to-end search time: 11700809 ns
Total end-to-end search time: 12147288 ns
Total end-to-end search time: 11223458 ns
Total end-to-end search time: 11800579 ns
Total end-to-end search time: 12027143 ns
Total end-to-end search time: 11873456 ns
Total end-to-end search time: 13139571 ns
Total end-to-end search time: 11820309 ns
Query: 16, nThreads: 16, warmup: 16
====================================================================================================
(ns)
Load index... Graph level 5..
Total end-to-end search time: 13475413 ns
Total end-to-end search time: 11633857 ns
Total end-to-end search time: 11863389 ns
Total end-to-end search time: 9729395 ns
Total end-to-end search time: 9935975 ns
Total end-to-end search time: 9650148 ns
Total end-to-end search time: 9495707 ns
Total end-to-end search time: 10598153 ns
Total end-to-end search time: 11647765 ns
Total end-to-end search time: 11472706 ns
Total end-to-end search time: 12119711 ns
Total end-to-end search time: 11220057 ns
Total end-to-end search time: 11734563 ns
Total end-to-end search time: 11926020 ns
Total end-to-end search time: 11820082 ns
Total end-to-end search time: 13103446 ns
Total end-to-end search time: 11840922 ns
Query: 16, nThreads: 16, warmup: 16
====================================================================================================
(ns)
Load index... Graph level 5..
Total end-to-end search time: 13601932 ns
Total end-to-end search time: 11725502 ns
Total end-to-end search time: 11910596 ns
Total end-to-end search time: 9814488 ns
Total end-to-end search time: 9917185 ns
Total end-to-end search time: 9695623 ns
Total end-to-end search time: 9519203 ns
Total end-to-end search time: 10659444 ns
Total end-to-end search time: 11689941 ns
Total end-to-end search time: 11547018 ns
Total end-to-end search time: 12149493 ns
Total end-to-end search time: 11239416 ns
Total end-to-end search time: 11754088 ns
Total end-to-end search time: 12061157 ns
Total end-to-end search time: 11858045 ns
Total end-to-end search time: 13159332 ns
Total end-to-end search time: 11918099 ns
Query: 16, nThreads: 16, warmup: 16
====================================================================================================
(ns)
Load index... Graph level 5..
Total end-to-end search time: 13502844 ns
Total end-to-end search time: 11796558 ns
Total end-to-end search time: 11929427 ns
Total end-to-end search time: 9779348 ns
Total end-to-end search time: 9901958 ns
Total end-to-end search time: 9633712 ns
Total end-to-end search time: 9467706 ns
Total end-to-end search time: 10578457 ns
Total end-to-end search time: 11616541 ns
Total end-to-end search time: 11520863 ns
Total end-to-end search time: 12137236 ns
Total end-to-end search time: 11203307 ns
Total end-to-end search time: 11646712 ns
Total end-to-end search time: 11937016 ns
Total end-to-end search time: 11729699 ns
Total end-to-end search time: 13044784 ns
Total end-to-end search time: 11761096 ns
Query: 16, nThreads: 16, warmup: 16
====================================================================================================
(ns)
Load index... Graph level 5..
Total end-to-end search time: 13512271 ns
Total end-to-end search time: 11764396 ns
Total end-to-end search time: 12088723 ns
Total end-to-end search time: 9779839 ns
Total end-to-end search time: 9899204 ns
Total end-to-end search time: 9669743 ns
Total end-to-end search time: 9488889 ns
Total end-to-end search time: 10591545 ns
Total end-to-end search time: 11652441 ns
Total end-to-end search time: 11475763 ns
Total end-to-end search time: 12130734 ns
Total end-to-end search time: 11192195 ns
Total end-to-end search time: 11700324 ns
Total end-to-end search time: 11951931 ns
Total end-to-end search time: 11804716 ns
Total end-to-end search time: 13144986 ns
Total end-to-end search time: 11880513 ns
Query: 16, nThreads: 16, warmup: 16
====================================================================================================
(ns)
Load index... Graph level 5..
Total end-to-end search time: 13450930 ns
Total end-to-end search time: 11683672 ns
Total end-to-end search time: 11888579 ns
Total end-to-end search time: 9797726 ns
Total end-to-end search time: 9882206 ns
Total end-to-end search time: 9650133 ns
Total end-to-end search time: 9489245 ns
Total end-to-end search time: 10620352 ns
Total end-to-end search time: 11638106 ns
Total end-to-end search time: 11468067 ns
Total end-to-end search time: 12117813 ns
Total end-to-end search time: 11264234 ns
Total end-to-end search time: 11740510 ns
Total end-to-end search time: 12052298 ns
Total end-to-end search time: 11852698 ns
Total end-to-end search time: 13060898 ns
Total end-to-end search time: 11802908 ns
