Query: 16, nThreads: 1, warmup: 16
====================================================================================================
(ns)
Load index... Graph level 5..
Total end-to-end search time: 13455876 ns
Total end-to-end search time: 11679857 ns
Total end-to-end search time: 11903471 ns
Total end-to-end search time: 9738520 ns
Total end-to-end search time: 9925877 ns
Total end-to-end search time: 9677345 ns
Total end-to-end search time: 9525632 ns
Total end-to-end search time: 10621435 ns
Total end-to-end search time: 11685754 ns
Total end-to-end search time: 11544323 ns
Total end-to-end search time: 12166236 ns
Total end-to-end search time: 11187800 ns
Total end-to-end search time: 11705624 ns
Total end-to-end search time: 11932459 ns
Total end-to-end search time: 11769939 ns
Total end-to-end search time: 13060186 ns
Total end-to-end search time: 11837872 ns
Query: 16, nThreads: 1, warmup: 16
====================================================================================================
(ns)
Load index... Graph level 5..
Total end-to-end search time: 13514567 ns
Total end-to-end search time: 11778119 ns
Total end-to-end search time: 12004359 ns
Total end-to-end search time: 9843881 ns
Total end-to-end search time: 10002774 ns
Total end-to-end search time: 9712892 ns
Total end-to-end search time: 9585598 ns
Total end-to-end search time: 10713112 ns
Total end-to-end search time: 11736364 ns
Total end-to-end search time: 11549070 ns
Total end-to-end search time: 12140268 ns
Total end-to-end search time: 11443254 ns
Total end-to-end search time: 11742304 ns
Total end-to-end search time: 12027684 ns
Total end-to-end search time: 11878510 ns
Total end-to-end search time: 13137733 ns
Total end-to-end search time: 11882794 ns
Query: 16, nThreads: 1, warmup: 16
====================================================================================================
(ns)
Load index... Graph level 5..
Total end-to-end search time: 13581772 ns
Total end-to-end search time: 11785648 ns
Total end-to-end search time: 11907148 ns
Total end-to-end search time: 9836211 ns
Total end-to-end search time: 9949289 ns
Total end-to-end search time: 9642365 ns
Total end-to-end search time: 9475147 ns
Total end-to-end search time: 10614248 ns
Total end-to-end search time: 11627594 ns
Total end-to-end search time: 11581918 ns
Total end-to-end search time: 12197806 ns
Total end-to-end search time: 11309716 ns
Total end-to-end search time: 12160676 ns
Total end-to-end search time: 12068381 ns
Total end-to-end search time: 11909970 ns
Total end-to-end search time: 13156551 ns
Total end-to-end search time: 11828728 ns
Query: 16, nThreads: 1, warmup: 16
====================================================================================================
(ns)
Load index... Graph level 5..
Total end-to-end search time: 13530564 ns
Total end-to-end search time: 11674762 ns
Total end-to-end search time: 11944921 ns
Total end-to-end search time: 9781102 ns
Total end-to-end search time: 9961636 ns
Total end-to-end search time: 9675505 ns
Total end-to-end search time: 9525640 ns
Total end-to-end search time: 10657443 ns
Total end-to-end search time: 11638932 ns
Total end-to-end search time: 11461269 ns
Total end-to-end search time: 12098755 ns
Total end-to-end search time: 11208737 ns
Total end-to-end search time: 11689168 ns
Total end-to-end search time: 11884023 ns
Total end-to-end search time: 11744217 ns
Total end-to-end search time: 13025587 ns
Total end-to-end search time: 11760733 ns
Query: 16, nThreads: 1, warmup: 16
====================================================================================================
(ns)
Load index... Graph level 5..
Total end-to-end search time: 13450033 ns
Total end-to-end search time: 11749740 ns
Total end-to-end search time: 11914838 ns
Total end-to-end search time: 9796821 ns
Total end-to-end search time: 9884379 ns
Total end-to-end search time: 9650111 ns
Total end-to-end search time: 9486423 ns
Total end-to-end search time: 10601748 ns
Total end-to-end search time: 11621941 ns
Total end-to-end search time: 11516897 ns
Total end-to-end search time: 12125280 ns
Total end-to-end search time: 11218721 ns
Total end-to-end search time: 11766141 ns
Total end-to-end search time: 12036931 ns
Total end-to-end search time: 11911693 ns
Total end-to-end search time: 13133719 ns
Total end-to-end search time: 11878092 ns
Query: 16, nThreads: 1, warmup: 16
====================================================================================================
(ns)
Load index... Graph level 5..
Total end-to-end search time: 13568706 ns
Total end-to-end search time: 11787196 ns
Total end-to-end search time: 12170816 ns
Total end-to-end search time: 9829311 ns
Total end-to-end search time: 9987436 ns
Total end-to-end search time: 9662806 ns
Total end-to-end search time: 9512270 ns
Total end-to-end search time: 10672850 ns
Total end-to-end search time: 11740718 ns
Total end-to-end search time: 11620850 ns
Total end-to-end search time: 12265682 ns
Total end-to-end search time: 11344475 ns
Total end-to-end search time: 11829705 ns
Total end-to-end search time: 12082823 ns
Total end-to-end search time: 11958541 ns
Total end-to-end search time: 13198021 ns
Total end-to-end search time: 11953029 ns
Query: 16, nThreads: 1, warmup: 16
====================================================================================================
(ns)
Load index... Graph level 5..
Total end-to-end search time: 13558545 ns
Total end-to-end search time: 11696925 ns
Total end-to-end search time: 11917929 ns
Total end-to-end search time: 9759870 ns
Total end-to-end search time: 9932708 ns
Total end-to-end search time: 9630027 ns
Total end-to-end search time: 9470404 ns
Total end-to-end search time: 10696805 ns
Total end-to-end search time: 11698374 ns
Total end-to-end search time: 11533113 ns
Total end-to-end search time: 12124393 ns
Total end-to-end search time: 11272754 ns
Total end-to-end search time: 11782677 ns
Total end-to-end search time: 12029203 ns
Total end-to-end search time: 11860928 ns
Total end-to-end search time: 13170265 ns
Total end-to-end search time: 11896131 ns
Query: 16, nThreads: 1, warmup: 16
====================================================================================================
(ns)
Load index... Graph level 5..
Total end-to-end search time: 13397993 ns
Total end-to-end search time: 11689240 ns
Total end-to-end search time: 11858311 ns
Total end-to-end search time: 9766235 ns
Total end-to-end search time: 9916910 ns
Total end-to-end search time: 9676342 ns
Total end-to-end search time: 9472772 ns
Total end-to-end search time: 10646529 ns
Total end-to-end search time: 11628738 ns
Total end-to-end search time: 11444681 ns
Total end-to-end search time: 12115404 ns
Total end-to-end search time: 11286597 ns
Total end-to-end search time: 11722304 ns
Total end-to-end search time: 12052584 ns
Total end-to-end search time: 11808230 ns
Total end-to-end search time: 13037966 ns
Total end-to-end search time: 11829265 ns
Query: 16, nThreads: 1, warmup: 16
====================================================================================================
(ns)
Load index... Graph level 5..
Total end-to-end search time: 13504568 ns
Total end-to-end search time: 11818129 ns
Total end-to-end search time: 12024668 ns
Total end-to-end search time: 9869949 ns
Total end-to-end search time: 9968262 ns
Total end-to-end search time: 9676545 ns
Total end-to-end search time: 9494430 ns
Total end-to-end search time: 10646014 ns
Total end-to-end search time: 11634228 ns
Total end-to-end search time: 11496692 ns
Total end-to-end search time: 12137755 ns
Total end-to-end search time: 11219651 ns
Total end-to-end search time: 11782886 ns
Total end-to-end search time: 11977309 ns
Total end-to-end search time: 11851861 ns
Total end-to-end search time: 13160829 ns
Total end-to-end search time: 11815675 ns
Query: 16, nThreads: 1, warmup: 16
====================================================================================================
(ns)
Load index... Graph level 5..
Total end-to-end search time: 13421538 ns
Total end-to-end search time: 11738635 ns
Total end-to-end search time: 11973119 ns
Total end-to-end search time: 9818739 ns
Total end-to-end search time: 9975563 ns
Total end-to-end search time: 9668440 ns
Total end-to-end search time: 9508806 ns
Total end-to-end search time: 10639392 ns
Total end-to-end search time: 11735950 ns
Total end-to-end search time: 11542056 ns
Total end-to-end search time: 12170226 ns
Total end-to-end search time: 11262272 ns
Total end-to-end search time: 11774491 ns
Total end-to-end search time: 11995609 ns
Total end-to-end search time: 11865961 ns
Total end-to-end search time: 13195748 ns
Total end-to-end search time: 11952044 ns
Query: 16, nThreads: 1, warmup: 16
====================================================================================================
(ns)
Load index... Graph level 5..
Total end-to-end search time: 13423971 ns
Total end-to-end search time: 11728882 ns
Total end-to-end search time: 11918312 ns
Total end-to-end search time: 9809586 ns
Total end-to-end search time: 9924925 ns
Total end-to-end search time: 9648336 ns
Total end-to-end search time: 9451370 ns
Total end-to-end search time: 10606295 ns
Total end-to-end search time: 11614907 ns
Total end-to-end search time: 11487440 ns
Total end-to-end search time: 12091917 ns
Total end-to-end search time: 11230531 ns
Total end-to-end search time: 11733150 ns
Total end-to-end search time: 11920342 ns
Total end-to-end search time: 11780755 ns
Total end-to-end search time: 13072300 ns
Total end-to-end search time: 11817319 ns
Query: 16, nThreads: 1, warmup: 16
====================================================================================================
(ns)
Load index... Graph level 5..
Total end-to-end search time: 13506146 ns
Total end-to-end search time: 11724913 ns
Total end-to-end search time: 11891459 ns
Total end-to-end search time: 9727416 ns
Total end-to-end search time: 9875862 ns
Total end-to-end search time: 9638705 ns
Total end-to-end search time: 9437955 ns
Total end-to-end search time: 10607607 ns
Total end-to-end search time: 11618765 ns
Total end-to-end search time: 11453321 ns
Total end-to-end search time: 12087348 ns
Total end-to-end search time: 11187777 ns
Total end-to-end search time: 11687911 ns
Total end-to-end search time: 11937863 ns
Total end-to-end search time: 11774989 ns
Total end-to-end search time: 13032411 ns
Total end-to-end search time: 11768745 ns
Query: 16, nThreads: 1, warmup: 16
====================================================================================================
(ns)
Load index... Graph level 5..
Total end-to-end search time: 13573919 ns
Total end-to-end search time: 11714142 ns
Total end-to-end search time: 11863354 ns
Total end-to-end search time: 9799172 ns
Total end-to-end search time: 9951766 ns
Total end-to-end search time: 9664112 ns
Total end-to-end search time: 9531835 ns
Total end-to-end search time: 10609934 ns
Total end-to-end search time: 11676512 ns
Total end-to-end search time: 11497629 ns
Total end-to-end search time: 12120889 ns
Total end-to-end search time: 11184475 ns
Total end-to-end search time: 11692333 ns
Total end-to-end search time: 11919108 ns
Total end-to-end search time: 11774332 ns
Total end-to-end search time: 13047927 ns
Total end-to-end search time: 11817197 ns
Query: 16, nThreads: 1, warmup: 16
====================================================================================================
(ns)
Load index... Graph level 5..
Total end-to-end search time: 13534896 ns
Total end-to-end search time: 11775725 ns
Total end-to-end search time: 11929051 ns
Total end-to-end search time: 9783730 ns
Total end-to-end search time: 9919324 ns
Total end-to-end search time: 9676978 ns
Total end-to-end search time: 9535242 ns
Total end-to-end search time: 10661896 ns
Total end-to-end search time: 11686319 ns
Total end-to-end search time: 11571178 ns
Total end-to-end search time: 12194789 ns
Total end-to-end search time: 11256554 ns
Total end-to-end search time: 11723609 ns
Total end-to-end search time: 11988623 ns
Total end-to-end search time: 11815097 ns
Total end-to-end search time: 13120707 ns
Total end-to-end search time: 11882667 ns
Query: 16, nThreads: 1, warmup: 16
====================================================================================================
(ns)
Load index... Graph level 5..
Total end-to-end search time: 13376335 ns
Total end-to-end search time: 11700819 ns
Total end-to-end search time: 11911196 ns
Total end-to-end search time: 9784190 ns
Total end-to-end search time: 9964107 ns
Total end-to-end search time: 9656377 ns
Total end-to-end search time: 9524087 ns
Total end-to-end search time: 10663251 ns
Total end-to-end search time: 11681609 ns
Total end-to-end search time: 11575889 ns
Total end-to-end search time: 12223856 ns
Total end-to-end search time: 11294566 ns
Total end-to-end search time: 11760484 ns
Total end-to-end search time: 11941489 ns
Total end-to-end search time: 11755062 ns
Total end-to-end search time: 13059284 ns
Total end-to-end search time: 11810523 ns
Query: 16, nThreads: 1, warmup: 16
====================================================================================================
(ns)
Load index... Graph level 5..
Total end-to-end search time: 13453154 ns
Total end-to-end search time: 11743422 ns
Total end-to-end search time: 11941567 ns
Total end-to-end search time: 9825501 ns
Total end-to-end search time: 9988095 ns
Total end-to-end search time: 9615735 ns
Total end-to-end search time: 9541209 ns
Total end-to-end search time: 10631389 ns
Total end-to-end search time: 11635072 ns
Total end-to-end search time: 11515886 ns
Total end-to-end search time: 12100885 ns
Total end-to-end search time: 11197859 ns
Total end-to-end search time: 11707179 ns
Total end-to-end search time: 11941252 ns
Total end-to-end search time: 11793329 ns
Total end-to-end search time: 13122905 ns
Total end-to-end search time: 11883593 ns
Query: 16, nThreads: 1, warmup: 16
====================================================================================================
(ns)
Load index... Graph level 5..
Total end-to-end search time: 13449483 ns
Total end-to-end search time: 11746391 ns
Total end-to-end search time: 11951708 ns
Total end-to-end search time: 9812130 ns
Total end-to-end search time: 9994077 ns
Total end-to-end search time: 9694929 ns
Total end-to-end search time: 9520647 ns
Total end-to-end search time: 10684782 ns
Total end-to-end search time: 11706550 ns
Total end-to-end search time: 11569615 ns
Total end-to-end search time: 12165661 ns
Total end-to-end search time: 11287446 ns
Total end-to-end search time: 11738019 ns
Total end-to-end search time: 12198386 ns
Total end-to-end search time: 11867784 ns
Total end-to-end search time: 13101160 ns
Total end-to-end search time: 11831150 ns
Query: 16, nThreads: 1, warmup: 16
====================================================================================================
(ns)
Load index... Graph level 5..
Total end-to-end search time: 13523700 ns
Total end-to-end search time: 11816320 ns
Total end-to-end search time: 11927695 ns
Total end-to-end search time: 9808832 ns
Total end-to-end search time: 9954842 ns
Total end-to-end search time: 9735558 ns
Total end-to-end search time: 9583558 ns
Total end-to-end search time: 10652780 ns
Total end-to-end search time: 11692485 ns
Total end-to-end search time: 11566587 ns
Total end-to-end search time: 12255152 ns
Total end-to-end search time: 11362709 ns
Total end-to-end search time: 11785106 ns
Total end-to-end search time: 12011035 ns
Total end-to-end search time: 11826089 ns
Total end-to-end search time: 13130985 ns
Total end-to-end search time: 11875400 ns
Query: 16, nThreads: 1, warmup: 16
====================================================================================================
(ns)
Load index... Graph level 5..
Total end-to-end search time: 13503697 ns
Total end-to-end search time: 11774859 ns
Total end-to-end search time: 11964025 ns
Total end-to-end search time: 9783127 ns
Total end-to-end search time: 9888061 ns
Total end-to-end search time: 9615381 ns
Total end-to-end search time: 9470417 ns
Total end-to-end search time: 10604432 ns
Total end-to-end search time: 11634813 ns
Total end-to-end search time: 11479119 ns
Total end-to-end search time: 12124891 ns
Total end-to-end search time: 11214321 ns
Total end-to-end search time: 11734996 ns
Total end-to-end search time: 12018635 ns
Total end-to-end search time: 11848289 ns
Total end-to-end search time: 13147810 ns
Total end-to-end search time: 11867807 ns
Query: 16, nThreads: 1, warmup: 16
====================================================================================================
(ns)
Load index... Graph level 5..
Total end-to-end search time: 13556832 ns
Total end-to-end search time: 11796498 ns
Total end-to-end search time: 12005164 ns
Total end-to-end search time: 9815335 ns
Total end-to-end search time: 9950594 ns
Total end-to-end search time: 9628415 ns
Total end-to-end search time: 9475235 ns
Total end-to-end search time: 10624194 ns
Total end-to-end search time: 11664894 ns
Total end-to-end search time: 11468297 ns
Total end-to-end search time: 12147407 ns
Total end-to-end search time: 11209421 ns
Total end-to-end search time: 11701717 ns
Total end-to-end search time: 11941663 ns
Total end-to-end search time: 11784741 ns
Total end-to-end search time: 13073552 ns
Total end-to-end search time: 11807905 ns
Query: 16, nThreads: 1, warmup: 16
====================================================================================================
(ns)
Load index... Graph level 5..
Total end-to-end search time: 13530627 ns
Total end-to-end search time: 11752788 ns
Total end-to-end search time: 11950246 ns
Total end-to-end search time: 9823014 ns
Total end-to-end search time: 9928833 ns
Total end-to-end search time: 9641977 ns
Total end-to-end search time: 9676969 ns
Total end-to-end search time: 10625914 ns
Total end-to-end search time: 11657862 ns
Total end-to-end search time: 11479150 ns
Total end-to-end search time: 12140020 ns
Total end-to-end search time: 11221968 ns
Total end-to-end search time: 11723487 ns
Total end-to-end search time: 11924501 ns
Total end-to-end search time: 11835828 ns
Total end-to-end search time: 13120457 ns
Total end-to-end search time: 11791880 ns
Query: 16, nThreads: 1, warmup: 16
====================================================================================================
(ns)
Load index... Graph level 5..
Total end-to-end search time: 13445002 ns
Total end-to-end search time: 11698874 ns
Total end-to-end search time: 11931475 ns
Total end-to-end search time: 9804272 ns
Total end-to-end search time: 9959509 ns
Total end-to-end search time: 9661765 ns
Total end-to-end search time: 9515728 ns
Total end-to-end search time: 10674037 ns
Total end-to-end search time: 11861400 ns
Total end-to-end search time: 11608954 ns
Total end-to-end search time: 12252149 ns
Total end-to-end search time: 11289369 ns
Total end-to-end search time: 11789033 ns
Total end-to-end search time: 12031771 ns
Total end-to-end search time: 11862594 ns
Total end-to-end search time: 13147953 ns
Total end-to-end search time: 11863493 ns
Query: 16, nThreads: 1, warmup: 16
====================================================================================================
(ns)
Load index... Graph level 5..
Total end-to-end search time: 13486258 ns
Total end-to-end search time: 11720171 ns
Total end-to-end search time: 11901344 ns
Total end-to-end search time: 9808688 ns
Total end-to-end search time: 9910469 ns
Total end-to-end search time: 9622650 ns
Total end-to-end search time: 9453701 ns
Total end-to-end search time: 10618168 ns
Total end-to-end search time: 11614314 ns
Total end-to-end search time: 11507446 ns
Total end-to-end search time: 12160716 ns
Total end-to-end search time: 11284037 ns
Total end-to-end search time: 11773266 ns
Total end-to-end search time: 11921345 ns
Total end-to-end search time: 11769400 ns
Total end-to-end search time: 13065312 ns
Total end-to-end search time: 11814124 ns
Query: 16, nThreads: 1, warmup: 16
====================================================================================================
(ns)
Load index... Graph level 5..
Total end-to-end search time: 13487140 ns
Total end-to-end search time: 11711767 ns
Total end-to-end search time: 11942142 ns
Total end-to-end search time: 9816477 ns
Total end-to-end search time: 9956314 ns
Total end-to-end search time: 9670056 ns
Total end-to-end search time: 9542404 ns
Total end-to-end search time: 10673796 ns
Total end-to-end search time: 11743611 ns
Total end-to-end search time: 11589173 ns
Total end-to-end search time: 12225950 ns
Total end-to-end search time: 11240222 ns
Total end-to-end search time: 11714698 ns
Total end-to-end search time: 11950892 ns
Total end-to-end search time: 11789217 ns
Total end-to-end search time: 13065037 ns
Total end-to-end search time: 11822205 ns
Query: 16, nThreads: 1, warmup: 16
====================================================================================================
(ns)
Load index... Graph level 5..
Total end-to-end search time: 13635517 ns
Total end-to-end search time: 11739970 ns
Total end-to-end search time: 11917107 ns
Total end-to-end search time: 9744419 ns
Total end-to-end search time: 9909865 ns
Total end-to-end search time: 9633574 ns
Total end-to-end search time: 9462115 ns
Total end-to-end search time: 10650145 ns
Total end-to-end search time: 11650186 ns
Total end-to-end search time: 11488736 ns
Total end-to-end search time: 12114945 ns
Total end-to-end search time: 11205166 ns
Total end-to-end search time: 11745136 ns
Total end-to-end search time: 11938132 ns
Total end-to-end search time: 11808109 ns
Total end-to-end search time: 13081979 ns
Total end-to-end search time: 11892292 ns
Query: 16, nThreads: 1, warmup: 16
====================================================================================================
(ns)
Load index... Graph level 5..
Total end-to-end search time: 13674780 ns
Total end-to-end search time: 11754367 ns
Total end-to-end search time: 11951479 ns
Total end-to-end search time: 9825879 ns
Total end-to-end search time: 9954147 ns
Total end-to-end search time: 9683678 ns
Total end-to-end search time: 9503763 ns
Total end-to-end search time: 10643632 ns
Total end-to-end search time: 11822675 ns
Total end-to-end search time: 11593465 ns
Total end-to-end search time: 12174863 ns
Total end-to-end search time: 11326098 ns
Total end-to-end search time: 11781990 ns
Total end-to-end search time: 12035107 ns
Total end-to-end search time: 11818525 ns
Total end-to-end search time: 13098155 ns
Total end-to-end search time: 11947343 ns
Query: 16, nThreads: 1, warmup: 16
====================================================================================================
(ns)
Load index... Graph level 5..
Total end-to-end search time: 13420830 ns
Total end-to-end search time: 11722930 ns
Total end-to-end search time: 11915430 ns
Total end-to-end search time: 9820487 ns
Total end-to-end search time: 9934734 ns
Total end-to-end search time: 9688594 ns
Total end-to-end search time: 9518984 ns
Total end-to-end search time: 10646384 ns
Total end-to-end search time: 11721443 ns
Total end-to-end search time: 11546742 ns
Total end-to-end search time: 12181095 ns
Total end-to-end search time: 11253455 ns
Total end-to-end search time: 11725075 ns
Total end-to-end search time: 11952356 ns
Total end-to-end search time: 11802714 ns
Total end-to-end search time: 13065219 ns
Total end-to-end search time: 11839802 ns
Query: 16, nThreads: 1, warmup: 16
====================================================================================================
(ns)
Load index... Graph level 5..
Total end-to-end search time: 13423727 ns
Total end-to-end search time: 11660659 ns
Total end-to-end search time: 11913244 ns
Total end-to-end search time: 9761082 ns
Total end-to-end search time: 9953221 ns
Total end-to-end search time: 9695906 ns
Total end-to-end search time: 9569315 ns
Total end-to-end search time: 10686956 ns
Total end-to-end search time: 11662313 ns
Total end-to-end search time: 11487277 ns
Total end-to-end search time: 12139076 ns
Total end-to-end search time: 11237543 ns
Total end-to-end search time: 11784880 ns
Total end-to-end search time: 12032119 ns
Total end-to-end search time: 11871623 ns
Total end-to-end search time: 13171303 ns
Total end-to-end search time: 11934474 ns
Query: 16, nThreads: 1, warmup: 16
====================================================================================================
(ns)
Load index... Graph level 5..
Total end-to-end search time: 13509325 ns
Total end-to-end search time: 11681090 ns
Total end-to-end search time: 11859382 ns
Total end-to-end search time: 9777000 ns
Total end-to-end search time: 9905756 ns
Total end-to-end search time: 9615716 ns
Total end-to-end search time: 9858470 ns
Total end-to-end search time: 10714198 ns
Total end-to-end search time: 11698078 ns
Total end-to-end search time: 11532801 ns
Total end-to-end search time: 12193306 ns
Total end-to-end search time: 11267842 ns
Total end-to-end search time: 11804572 ns
Total end-to-end search time: 12062209 ns
Total end-to-end search time: 11861470 ns
Total end-to-end search time: 13088296 ns
Total end-to-end search time: 11883737 ns
Query: 16, nThreads: 1, warmup: 16
====================================================================================================
(ns)
Load index... Graph level 5..
Total end-to-end search time: 13466997 ns
Total end-to-end search time: 11759783 ns
Total end-to-end search time: 11923693 ns
Total end-to-end search time: 9806212 ns
Total end-to-end search time: 9977482 ns
Total end-to-end search time: 9663643 ns
Total end-to-end search time: 9540317 ns
Total end-to-end search time: 10632613 ns
Total end-to-end search time: 11669397 ns
Total end-to-end search time: 11540725 ns
Total end-to-end search time: 12177076 ns
Total end-to-end search time: 11277028 ns
Total end-to-end search time: 11767958 ns
Total end-to-end search time: 11979667 ns
Total end-to-end search time: 11870247 ns
Total end-to-end search time: 13068763 ns
Total end-to-end search time: 11844494 ns
