Query: 2048, nThreads: 2, warmup: 1
====================================================================================================
(ns)
Load index... Graph level 5..
Total end-to-end search time: 744437582 ns
Total end-to-end search time: 734462280 ns
Query: 2048, nThreads: 2, warmup: 1
====================================================================================================
(ns)
Load index... Graph level 5..
Total end-to-end search time: 746139839 ns
Total end-to-end search time: 734836728 ns
Query: 2048, nThreads: 2, warmup: 1
====================================================================================================
(ns)
Load index... Graph level 5..
Total end-to-end search time: 745270006 ns
Total end-to-end search time: 733901182 ns
Query: 2048, nThreads: 2, warmup: 1
====================================================================================================
(ns)
Load index... Graph level 5..
Total end-to-end search time: 745293416 ns
Total end-to-end search time: 734810032 ns
Query: 2048, nThreads: 2, warmup: 1
====================================================================================================
(ns)
Load index... Graph level 5..
Total end-to-end search time: 744547282 ns
Total end-to-end search time: 734545217 ns
Query: 2048, nThreads: 2, warmup: 1
====================================================================================================
(ns)
Load index... Graph level 5..
Total end-to-end search time: 745662879 ns
Total end-to-end search time: 734851562 ns
Query: 2048, nThreads: 2, warmup: 1
====================================================================================================
(ns)
Load index... Graph level 5..
Total end-to-end search time: 745230324 ns
Total end-to-end search time: 733998750 ns
Query: 2048, nThreads: 2, warmup: 1
====================================================================================================
(ns)
Load index... Graph level 5..
Total end-to-end search time: 745720611 ns
Total end-to-end search time: 735075288 ns
Query: 2048, nThreads: 2, warmup: 1
====================================================================================================
(ns)
Load index... Graph level 5..
Total end-to-end search time: 744928950 ns
Total end-to-end search time: 735136553 ns
Query: 2048, nThreads: 2, warmup: 1
====================================================================================================
(ns)
Load index... Graph level 5..
Total end-to-end search time: 744940202 ns
Total end-to-end search time: 735015338 ns
Query: 2048, nThreads: 2, warmup: 1
====================================================================================================
(ns)
Load index... Graph level 5..
Total end-to-end search time: 745690746 ns
Total end-to-end search time: 734615325 ns
Query: 2048, nThreads: 2, warmup: 1
====================================================================================================
(ns)
Load index... Graph level 5..
Total end-to-end search time: 746062438 ns
Total end-to-end search time: 734126273 ns
Query: 2048, nThreads: 2, warmup: 1
====================================================================================================
(ns)
Load index... Graph level 5..
Total end-to-end search time: 745189515 ns
Total end-to-end search time: 734709710 ns
Query: 2048, nThreads: 2, warmup: 1
====================================================================================================
(ns)
Load index... Graph level 5..
Total end-to-end search time: 745885792 ns
Total end-to-end search time: 734389859 ns
Query: 2048, nThreads: 2, warmup: 1
====================================================================================================
(ns)
Load index... Graph level 5..
Total end-to-end search time: 744424726 ns
Total end-to-end search time: 735060106 ns
Query: 2048, nThreads: 2, warmup: 1
====================================================================================================
(ns)
Load index... Graph level 5..
Total end-to-end search time: 745696429 ns
Total end-to-end search time: 734728618 ns
Query: 2048, nThreads: 2, warmup: 1
====================================================================================================
(ns)
Load index... Graph level 5..
Total end-to-end search time: 745766304 ns
Total end-to-end search time: 735890994 ns
Query: 2048, nThreads: 2, warmup: 1
====================================================================================================
(ns)
Load index... Graph level 5..
Total end-to-end search time: 745733711 ns
Total end-to-end search time: 735581837 ns
Query: 2048, nThreads: 2, warmup: 1
====================================================================================================
(ns)
Load index... Graph level 5..
Total end-to-end search time: 744774946 ns
Total end-to-end search time: 734185018 ns
Query: 2048, nThreads: 2, warmup: 1
====================================================================================================
(ns)
Load index... Graph level 5..
Total end-to-end search time: 745036581 ns
Total end-to-end search time: 735219012 ns
Query: 2048, nThreads: 2, warmup: 1
====================================================================================================
(ns)
Load index... Graph level 5..
Total end-to-end search time: 744913493 ns
Total end-to-end search time: 735632267 ns
Query: 2048, nThreads: 2, warmup: 1
====================================================================================================
(ns)
Load index... Graph level 5..
Total end-to-end search time: 745940206 ns
Total end-to-end search time: 734787251 ns
Query: 2048, nThreads: 2, warmup: 1
====================================================================================================
(ns)
Load index... Graph level 5..
Total end-to-end search time: 746248379 ns
Total end-to-end search time: 735601850 ns
Query: 2048, nThreads: 2, warmup: 1
====================================================================================================
(ns)
Load index... Graph level 5..
Total end-to-end search time: 746081572 ns
Total end-to-end search time: 734687484 ns
Query: 2048, nThreads: 2, warmup: 1
====================================================================================================
(ns)
Load index... Graph level 5..
Total end-to-end search time: 746479751 ns
Total end-to-end search time: 734323205 ns
Query: 2048, nThreads: 2, warmup: 1
====================================================================================================
(ns)
Load index... Graph level 5..
Total end-to-end search time: 745084911 ns
Total end-to-end search time: 734915224 ns
Query: 2048, nThreads: 2, warmup: 1
====================================================================================================
(ns)
Load index... Graph level 5..
Total end-to-end search time: 744743028 ns
Total end-to-end search time: 735232356 ns
Query: 2048, nThreads: 2, warmup: 1
====================================================================================================
(ns)
Load index... Graph level 5..
Total end-to-end search time: 745827039 ns
Total end-to-end search time: 735177156 ns
Query: 2048, nThreads: 2, warmup: 1
====================================================================================================
(ns)
Load index... Graph level 5..
Total end-to-end search time: 744175660 ns
Total end-to-end search time: 734181086 ns
Query: 2048, nThreads: 2, warmup: 1
====================================================================================================
(ns)
Load index... Graph level 5..
Total end-to-end search time: 745603511 ns
Total end-to-end search time: 735009967 ns
