Query: 32, nThreads: 8, warmup: 16
====================================================================================================
(ns)
Load index... Graph level 5..
Total end-to-end search time: 25369667 ns
Total end-to-end search time: 21708664 ns
Total end-to-end search time: 19635331 ns
Total end-to-end search time: 20199377 ns
Total end-to-end search time: 23151718 ns
Total end-to-end search time: 23449335 ns
Total end-to-end search time: 23746512 ns
Total end-to-end search time: 24837773 ns
Total end-to-end search time: 24466062 ns
Total end-to-end search time: 26036926 ns
Total end-to-end search time: 25053786 ns
Total end-to-end search time: 24956082 ns
Total end-to-end search time: 25250496 ns
Total end-to-end search time: 25043598 ns
Total end-to-end search time: 22455706 ns
Total end-to-end search time: 20910162 ns
Total end-to-end search time: 21057468 ns
Query: 32, nThreads: 8, warmup: 16
====================================================================================================
(ns)
Load index... Graph level 5..
Total end-to-end search time: 25217996 ns
Total end-to-end search time: 21665158 ns
Total end-to-end search time: 19529012 ns
Total end-to-end search time: 20071662 ns
Total end-to-end search time: 23153996 ns
Total end-to-end search time: 23356666 ns
Total end-to-end search time: 23702319 ns
Total end-to-end search time: 24861495 ns
Total end-to-end search time: 24469214 ns
Total end-to-end search time: 26132324 ns
Total end-to-end search time: 25228428 ns
Total end-to-end search time: 25090148 ns
Total end-to-end search time: 25395041 ns
Total end-to-end search time: 25241309 ns
Total end-to-end search time: 22541383 ns
Total end-to-end search time: 21105416 ns
Total end-to-end search time: 21048565 ns
Query: 32, nThreads: 8, warmup: 16
====================================================================================================
(ns)
Load index... Graph level 5..
Total end-to-end search time: 25486782 ns
Total end-to-end search time: 21794239 ns
Total end-to-end search time: 19611048 ns
Total end-to-end search time: 20170829 ns
Total end-to-end search time: 23275904 ns
Total end-to-end search time: 23454225 ns
Total end-to-end search time: 23825597 ns
Total end-to-end search time: 25079964 ns
Total end-to-end search time: 24565892 ns
Total end-to-end search time: 26062700 ns
Total end-to-end search time: 25215853 ns
Total end-to-end search time: 25081246 ns
Total end-to-end search time: 25313060 ns
Total end-to-end search time: 25102833 ns
Total end-to-end search time: 22485785 ns
Total end-to-end search time: 20928518 ns
Total end-to-end search time: 21020495 ns
Query: 32, nThreads: 8, warmup: 16
====================================================================================================
(ns)
Load index... Graph level 5..
Total end-to-end search time: 25200477 ns
Total end-to-end search time: 21770254 ns
Total end-to-end search time: 19692272 ns
Total end-to-end search time: 20299164 ns
Total end-to-end search time: 23120563 ns
Total end-to-end search time: 23415655 ns
Total end-to-end search time: 23682667 ns
Total end-to-end search time: 24888398 ns
Total end-to-end search time: 24471961 ns
Total end-to-end search time: 26018597 ns
Total end-to-end search time: 25114388 ns
Total end-to-end search time: 25046801 ns
Total end-to-end search time: 25309214 ns
Total end-to-end search time: 25040901 ns
Total end-to-end search time: 22493123 ns
Total end-to-end search time: 20892554 ns
Total end-to-end search time: 20960212 ns
Query: 32, nThreads: 8, warmup: 16
====================================================================================================
(ns)
Load index... Graph level 5..
Total end-to-end search time: 25128704 ns
Total end-to-end search time: 21640634 ns
Total end-to-end search time: 19492168 ns
Total end-to-end search time: 20103201 ns
Total end-to-end search time: 23228209 ns
Total end-to-end search time: 23349616 ns
Total end-to-end search time: 23696639 ns
Total end-to-end search time: 24932999 ns
Total end-to-end search time: 24426150 ns
Total end-to-end search time: 26015751 ns
Total end-to-end search time: 25143634 ns
Total end-to-end search time: 25148191 ns
Total end-to-end search time: 25331437 ns
Total end-to-end search time: 25174322 ns
Total end-to-end search time: 22504681 ns
Total end-to-end search time: 20890661 ns
Total end-to-end search time: 21089413 ns
Query: 32, nThreads: 8, warmup: 16
====================================================================================================
(ns)
Load index... Graph level 5..
Total end-to-end search time: 25329741 ns
Total end-to-end search time: 21753815 ns
Total end-to-end search time: 19624552 ns
Total end-to-end search time: 20154686 ns
Total end-to-end search time: 23177741 ns
Total end-to-end search time: 23471031 ns
Total end-to-end search time: 23921301 ns
Total end-to-end search time: 25133142 ns
Total end-to-end search time: 24487928 ns
Total end-to-end search time: 26116388 ns
Total end-to-end search time: 25189611 ns
Total end-to-end search time: 25095358 ns
Total end-to-end search time: 25372059 ns
Total end-to-end search time: 25152966 ns
Total end-to-end search time: 22493625 ns
Total end-to-end search time: 20895890 ns
Total end-to-end search time: 21003633 ns
Query: 32, nThreads: 8, warmup: 16
====================================================================================================
(ns)
Load index... Graph level 5..
Total end-to-end search time: 25292881 ns
Total end-to-end search time: 21742863 ns
Total end-to-end search time: 19564564 ns
Total end-to-end search time: 20212016 ns
Total end-to-end search time: 23249139 ns
Total end-to-end search time: 23486055 ns
Total end-to-end search time: 23857425 ns
Total end-to-end search time: 25142850 ns
Total end-to-end search time: 24702246 ns
Total end-to-end search time: 26132776 ns
Total end-to-end search time: 25197582 ns
Total end-to-end search time: 25059064 ns
Total end-to-end search time: 25377426 ns
Total end-to-end search time: 25045060 ns
Total end-to-end search time: 22500435 ns
Total end-to-end search time: 21021982 ns
Total end-to-end search time: 21049584 ns
Query: 32, nThreads: 8, warmup: 16
====================================================================================================
(ns)
Load index... Graph level 5..
Total end-to-end search time: 25116798 ns
Total end-to-end search time: 21615996 ns
Total end-to-end search time: 19480350 ns
Total end-to-end search time: 20084215 ns
Total end-to-end search time: 23120871 ns
Total end-to-end search time: 23310318 ns
Total end-to-end search time: 23643375 ns
Total end-to-end search time: 24817352 ns
Total end-to-end search time: 24378843 ns
Total end-to-end search time: 25962046 ns
Total end-to-end search time: 25273572 ns
Total end-to-end search time: 24965554 ns
Total end-to-end search time: 25278875 ns
Total end-to-end search time: 25052276 ns
Total end-to-end search time: 22414701 ns
Total end-to-end search time: 20865889 ns
Total end-to-end search time: 20949875 ns
Query: 32, nThreads: 8, warmup: 16
====================================================================================================
(ns)
Load index... Graph level 5..
Total end-to-end search time: 25055228 ns
Total end-to-end search time: 21636778 ns
Total end-to-end search time: 19563139 ns
Total end-to-end search time: 20251037 ns
Total end-to-end search time: 23148828 ns
Total end-to-end search time: 23343415 ns
Total end-to-end search time: 23664572 ns
Total end-to-end search time: 24818609 ns
Total end-to-end search time: 24487934 ns
Total end-to-end search time: 25958585 ns
Total end-to-end search time: 25100375 ns
Total end-to-end search time: 25025872 ns
Total end-to-end search time: 25269458 ns
Total end-to-end search time: 25115022 ns
Total end-to-end search time: 22469559 ns
Total end-to-end search time: 20898480 ns
Total end-to-end search time: 20900258 ns
Query: 32, nThreads: 8, warmup: 16
====================================================================================================
(ns)
Load index... Graph level 5..
Total end-to-end search time: 25319662 ns
Total end-to-end search time: 21736507 ns
Total end-to-end search time: 19563321 ns
Total end-to-end search time: 20197917 ns
Total end-to-end search time: 23177216 ns
Total end-to-end search time: 23338816 ns
Total end-to-end search time: 23653487 ns
Total end-to-end search time: 24844343 ns
Total end-to-end search time: 24478542 ns
Total end-to-end search time: 25986696 ns
Total end-to-end search time: 25059389 ns
Total end-to-end search time: 25146873 ns
Total end-to-end search time: 25240133 ns
Total end-to-end search time: 25027706 ns
Total end-to-end search time: 22415780 ns
Total end-to-end search time: 20970172 ns
Total end-to-end search time: 21104437 ns
Query: 32, nThreads: 8, warmup: 16
====================================================================================================
(ns)
Load index... Graph level 5..
Total end-to-end search time: 25272908 ns
Total end-to-end search time: 21775750 ns
Total end-to-end search time: 19581773 ns
Total end-to-end search time: 20087387 ns
Total end-to-end search time: 23236809 ns
Total end-to-end search time: 23432216 ns
Total end-to-end search time: 23747594 ns
Total end-to-end search time: 24826527 ns
Total end-to-end search time: 24410547 ns
Total end-to-end search time: 26100893 ns
Total end-to-end search time: 25158328 ns
Total end-to-end search time: 24933698 ns
Total end-to-end search time: 25186717 ns
Total end-to-end search time: 24951579 ns
Total end-to-end search time: 22367261 ns
Total end-to-end search time: 20855130 ns
Total end-to-end search time: 20985175 ns
Query: 32, nThreads: 8, warmup: 16
====================================================================================================
(ns)
Load index... Graph level 5..
Total end-to-end search time: 25075609 ns
Total end-to-end search time: 21718257 ns
Total end-to-end search time: 19610512 ns
Total end-to-end search time: 20131580 ns
Total end-to-end search time: 23258060 ns
Total end-to-end search time: 23504624 ns
Total end-to-end search time: 23794398 ns
Total end-to-end search time: 24784310 ns
Total end-to-end search time: 24376232 ns
Total end-to-end search time: 25901064 ns
Total end-to-end search time: 25058476 ns
Total end-to-end search time: 25005381 ns
Total end-to-end search time: 25227360 ns
Total end-to-end search time: 25022086 ns
Total end-to-end search time: 22399083 ns
Total end-to-end search time: 21045433 ns
Total end-to-end search time: 20930477 ns
Query: 32, nThreads: 8, warmup: 16
====================================================================================================
(ns)
Load index... Graph level 5..
Total end-to-end search time: 25311042 ns
Total end-to-end search time: 21715440 ns
Total end-to-end search time: 19544929 ns
Total end-to-end search time: 20112528 ns
Total end-to-end search time: 23213026 ns
Total end-to-end search time: 23412925 ns
Total end-to-end search time: 23761192 ns
Total end-to-end search time: 24980078 ns
Total end-to-end search time: 24470519 ns
Total end-to-end search time: 26090453 ns
Total end-to-end search time: 25200947 ns
Total end-to-end search time: 25056389 ns
Total end-to-end search time: 25306483 ns
Total end-to-end search time: 25093394 ns
Total end-to-end search time: 22505180 ns
Total end-to-end search time: 21031729 ns
Total end-to-end search time: 21179667 ns
Query: 32, nThreads: 8, warmup: 16
====================================================================================================
(ns)
Load index... Graph level 5..
Total end-to-end search time: 25066138 ns
Total end-to-end search time: 21759295 ns
Total end-to-end search time: 19579727 ns
Total end-to-end search time: 20083773 ns
Total end-to-end search time: 23143901 ns
Total end-to-end search time: 23315016 ns
Total end-to-end search time: 23740553 ns
Total end-to-end search time: 24862094 ns
Total end-to-end search time: 24484848 ns
Total end-to-end search time: 25931753 ns
Total end-to-end search time: 25163308 ns
Total end-to-end search time: 25037124 ns
Total end-to-end search time: 25257747 ns
Total end-to-end search time: 25047759 ns
Total end-to-end search time: 22472104 ns
Total end-to-end search time: 20902904 ns
Total end-to-end search time: 20883751 ns
Query: 32, nThreads: 8, warmup: 16
====================================================================================================
(ns)
Load index... Graph level 5..
Total end-to-end search time: 25501811 ns
Total end-to-end search time: 21712813 ns
Total end-to-end search time: 19543636 ns
Total end-to-end search time: 20041896 ns
Total end-to-end search time: 23155523 ns
Total end-to-end search time: 23351757 ns
Total end-to-end search time: 23665268 ns
Total end-to-end search time: 24876609 ns
Total end-to-end search time: 24398889 ns
Total end-to-end search time: 26039705 ns
Total end-to-end search time: 25210235 ns
Total end-to-end search time: 25118126 ns
Total end-to-end search time: 25371284 ns
Total end-to-end search time: 25185332 ns
Total end-to-end search time: 22544056 ns
Total end-to-end search time: 20986278 ns
Total end-to-end search time: 21025046 ns
Query: 32, nThreads: 8, warmup: 16
====================================================================================================
(ns)
Load index... Graph level 5..
Total end-to-end search time: 25309767 ns
Total end-to-end search time: 21726907 ns
Total end-to-end search time: 19548065 ns
Total end-to-end search time: 20146846 ns
Total end-to-end search time: 23179394 ns
Total end-to-end search time: 23513172 ns
Total end-to-end search time: 23870283 ns
Total end-to-end search time: 24912562 ns
Total end-to-end search time: 24497241 ns
Total end-to-end search time: 26012422 ns
Total end-to-end search time: 25120229 ns
Total end-to-end search time: 25153974 ns
Total end-to-end search time: 25375453 ns
Total end-to-end search time: 25182685 ns
Total end-to-end search time: 22688562 ns
Total end-to-end search time: 21073697 ns
Total end-to-end search time: 21051290 ns
Query: 32, nThreads: 8, warmup: 16
====================================================================================================
(ns)
Load index... Graph level 5..
Total end-to-end search time: 25358719 ns
Total end-to-end search time: 21699602 ns
Total end-to-end search time: 19547673 ns
Total end-to-end search time: 20325761 ns
Total end-to-end search time: 23291212 ns
Total end-to-end search time: 23555746 ns
Total end-to-end search time: 23867675 ns
Total end-to-end search time: 25083546 ns
Total end-to-end search time: 24650299 ns
Total end-to-end search time: 26133432 ns
Total end-to-end search time: 25159339 ns
Total end-to-end search time: 25020011 ns
Total end-to-end search time: 25309062 ns
Total end-to-end search time: 24998696 ns
Total end-to-end search time: 22499662 ns
Total end-to-end search time: 20856798 ns
Total end-to-end search time: 20983485 ns
Query: 32, nThreads: 8, warmup: 16
====================================================================================================
(ns)
Load index... Graph level 5..
Total end-to-end search time: 25064301 ns
Total end-to-end search time: 21679135 ns
Total end-to-end search time: 19623588 ns
Total end-to-end search time: 20093581 ns
Total end-to-end search time: 23145953 ns
Total end-to-end search time: 23331848 ns
Total end-to-end search time: 23636782 ns
Total end-to-end search time: 24840788 ns
Total end-to-end search time: 24340407 ns
Total end-to-end search time: 25951529 ns
Total end-to-end search time: 25172827 ns
Total end-to-end search time: 25066522 ns
Total end-to-end search time: 25187249 ns
Total end-to-end search time: 25078110 ns
Total end-to-end search time: 22501845 ns
Total end-to-end search time: 20881812 ns
Total end-to-end search time: 20962662 ns
Query: 32, nThreads: 8, warmup: 16
====================================================================================================
(ns)
Load index... Graph level 5..
Total end-to-end search time: 25129091 ns
Total end-to-end search time: 21635691 ns
Total end-to-end search time: 19564301 ns
Total end-to-end search time: 20191924 ns
Total end-to-end search time: 23233862 ns
Total end-to-end search time: 23370330 ns
Total end-to-end search time: 23756595 ns
Total end-to-end search time: 25161097 ns
Total end-to-end search time: 24533928 ns
Total end-to-end search time: 26124208 ns
Total end-to-end search time: 25193900 ns
Total end-to-end search time: 25014811 ns
Total end-to-end search time: 25369148 ns
Total end-to-end search time: 24983326 ns
Total end-to-end search time: 22487491 ns
Total end-to-end search time: 21039658 ns
Total end-to-end search time: 21130453 ns
Query: 32, nThreads: 8, warmup: 16
====================================================================================================
(ns)
Load index... Graph level 5..
Total end-to-end search time: 25305281 ns
Total end-to-end search time: 21758663 ns
Total end-to-end search time: 19629858 ns
Total end-to-end search time: 20162120 ns
Total end-to-end search time: 23279596 ns
Total end-to-end search time: 23421461 ns
Total end-to-end search time: 23786610 ns
Total end-to-end search time: 25047414 ns
Total end-to-end search time: 24640350 ns
Total end-to-end search time: 26168377 ns
Total end-to-end search time: 25159773 ns
Total end-to-end search time: 25198090 ns
Total end-to-end search time: 25384714 ns
Total end-to-end search time: 25069595 ns
Total end-to-end search time: 22428180 ns
Total end-to-end search time: 21010963 ns
Total end-to-end search time: 21124836 ns
Query: 32, nThreads: 8, warmup: 16
====================================================================================================
(ns)
Load index... Graph level 5..
Total end-to-end search time: 25164733 ns
Total end-to-end search time: 21700960 ns
Total end-to-end search time: 19605081 ns
Total end-to-end search time: 20265301 ns
Total end-to-end search time: 23246895 ns
Total end-to-end search time: 23425897 ns
Total end-to-end search time: 23779976 ns
Total end-to-end search time: 25084265 ns
Total end-to-end search time: 24536408 ns
Total end-to-end search time: 26104931 ns
Total end-to-end search time: 25112365 ns
Total end-to-end search time: 25029797 ns
Total end-to-end search time: 25275176 ns
Total end-to-end search time: 25101964 ns
Total end-to-end search time: 22402803 ns
Total end-to-end search time: 20876408 ns
Total end-to-end search time: 20964378 ns
Query: 32, nThreads: 8, warmup: 16
====================================================================================================
(ns)
Load index... Graph level 5..
Total end-to-end search time: 25137433 ns
Total end-to-end search time: 21666367 ns
Total end-to-end search time: 19646776 ns
Total end-to-end search time: 20223564 ns
Total end-to-end search time: 23208091 ns
Total end-to-end search time: 23579189 ns
Total end-to-end search time: 23676161 ns
Total end-to-end search time: 24892169 ns
Total end-to-end search time: 24510873 ns
Total end-to-end search time: 26001018 ns
Total end-to-end search time: 25149049 ns
Total end-to-end search time: 25008745 ns
Total end-to-end search time: 25214493 ns
Total end-to-end search time: 25093686 ns
Total end-to-end search time: 22434589 ns
Total end-to-end search time: 20970903 ns
Total end-to-end search time: 20998051 ns
Query: 32, nThreads: 8, warmup: 16
====================================================================================================
(ns)
Load index... Graph level 5..
Total end-to-end search time: 25177534 ns
Total end-to-end search time: 21817016 ns
Total end-to-end search time: 19679073 ns
Total end-to-end search time: 20084962 ns
Total end-to-end search time: 23138539 ns
Total end-to-end search time: 23393847 ns
Total end-to-end search time: 23762101 ns
Total end-to-end search time: 24959964 ns
Total end-to-end search time: 24450420 ns
Total end-to-end search time: 26127687 ns
Total end-to-end search time: 25193401 ns
Total end-to-end search time: 25310270 ns
Total end-to-end search time: 25316906 ns
Total end-to-end search time: 25055818 ns
Total end-to-end search time: 22541013 ns
Total end-to-end search time: 20896902 ns
Total end-to-end search time: 21025605 ns
Query: 32, nThreads: 8, warmup: 16
====================================================================================================
(ns)
Load index... Graph level 5..
Total end-to-end search time: 25131719 ns
Total end-to-end search time: 21730068 ns
Total end-to-end search time: 19592660 ns
Total end-to-end search time: 20134444 ns
Total end-to-end search time: 23153475 ns
Total end-to-end search time: 23366297 ns
Total end-to-end search time: 23767791 ns
Total end-to-end search time: 24943224 ns
Total end-to-end search time: 24582711 ns
Total end-to-end search time: 26121882 ns
Total end-to-end search time: 25287356 ns
Total end-to-end search time: 25170598 ns
Total end-to-end search time: 25359947 ns
Total end-to-end search time: 25145553 ns
Total end-to-end search time: 22483579 ns
Total end-to-end search time: 21118491 ns
Total end-to-end search time: 21138757 ns
Query: 32, nThreads: 8, warmup: 16
====================================================================================================
(ns)
Load index... Graph level 5..
Total end-to-end search time: 25066364 ns
Total end-to-end search time: 21633020 ns
Total end-to-end search time: 19561230 ns
Total end-to-end search time: 20121235 ns
Total end-to-end search time: 23080126 ns
Total end-to-end search time: 23322235 ns
Total end-to-end search time: 23639976 ns
Total end-to-end search time: 24827080 ns
Total end-to-end search time: 24429842 ns
Total end-to-end search time: 25929839 ns
Total end-to-end search time: 25077814 ns
Total end-to-end search time: 24999864 ns
Total end-to-end search time: 25243478 ns
Total end-to-end search time: 25021624 ns
Total end-to-end search time: 22741792 ns
Total end-to-end search time: 20904728 ns
Total end-to-end search time: 20982388 ns
Query: 32, nThreads: 8, warmup: 16
====================================================================================================
(ns)
Load index... Graph level 5..
Total end-to-end search time: 25112516 ns
Total end-to-end search time: 21627904 ns
Total end-to-end search time: 19566783 ns
Total end-to-end search time: 20062137 ns
Total end-to-end search time: 23093033 ns
Total end-to-end search time: 23317986 ns
Total end-to-end search time: 23757186 ns
Total end-to-end search time: 24907243 ns
Total end-to-end search time: 24553542 ns
Total end-to-end search time: 26107004 ns
Total end-to-end search time: 25117678 ns
Total end-to-end search time: 24942980 ns
Total end-to-end search time: 25239792 ns
Total end-to-end search time: 25042791 ns
Total end-to-end search time: 22537330 ns
Total end-to-end search time: 20868373 ns
Total end-to-end search time: 20973586 ns
Query: 32, nThreads: 8, warmup: 16
====================================================================================================
(ns)
Load index... Graph level 5..
Total end-to-end search time: 25271186 ns
Total end-to-end search time: 21764456 ns
Total end-to-end search time: 19523578 ns
Total end-to-end search time: 20070297 ns
Total end-to-end search time: 23219181 ns
Total end-to-end search time: 23344632 ns
Total end-to-end search time: 23682836 ns
Total end-to-end search time: 25047127 ns
Total end-to-end search time: 24536175 ns
Total end-to-end search time: 25934540 ns
Total end-to-end search time: 25139456 ns
Total end-to-end search time: 25010679 ns
Total end-to-end search time: 25296152 ns
Total end-to-end search time: 25173423 ns
Total end-to-end search time: 22532044 ns
Total end-to-end search time: 20997001 ns
Total end-to-end search time: 21069478 ns
Query: 32, nThreads: 8, warmup: 16
====================================================================================================
(ns)
Load index... Graph level 5..
Total end-to-end search time: 25064870 ns
Total end-to-end search time: 21586517 ns
Total end-to-end search time: 19462329 ns
Total end-to-end search time: 20142349 ns
Total end-to-end search time: 23063554 ns
Total end-to-end search time: 23363854 ns
Total end-to-end search time: 23680928 ns
Total end-to-end search time: 24832856 ns
Total end-to-end search time: 24371008 ns
Total end-to-end search time: 25960827 ns
Total end-to-end search time: 25059803 ns
Total end-to-end search time: 24982210 ns
Total end-to-end search time: 25880914 ns
Total end-to-end search time: 25242477 ns
Total end-to-end search time: 22532970 ns
Total end-to-end search time: 21179845 ns
Total end-to-end search time: 21182617 ns
Query: 32, nThreads: 8, warmup: 16
====================================================================================================
(ns)
Load index... Graph level 5..
Total end-to-end search time: 25226667 ns
Total end-to-end search time: 21664717 ns
Total end-to-end search time: 19547825 ns
Total end-to-end search time: 20134274 ns
Total end-to-end search time: 23134194 ns
Total end-to-end search time: 23355627 ns
Total end-to-end search time: 23710404 ns
Total end-to-end search time: 24896140 ns
Total end-to-end search time: 24420961 ns
Total end-to-end search time: 25953614 ns
Total end-to-end search time: 25082829 ns
Total end-to-end search time: 25011315 ns
Total end-to-end search time: 25306863 ns
Total end-to-end search time: 25154358 ns
Total end-to-end search time: 22555730 ns
Total end-to-end search time: 21011016 ns
Total end-to-end search time: 21076087 ns
Query: 32, nThreads: 8, warmup: 16
====================================================================================================
(ns)
Load index... Graph level 5..
Total end-to-end search time: 25540023 ns
Total end-to-end search time: 21836798 ns
Total end-to-end search time: 19668241 ns
Total end-to-end search time: 20147167 ns
Total end-to-end search time: 23191512 ns
Total end-to-end search time: 23385798 ns
Total end-to-end search time: 23740381 ns
Total end-to-end search time: 24952333 ns
Total end-to-end search time: 24663161 ns
Total end-to-end search time: 26124774 ns
Total end-to-end search time: 25319570 ns
Total end-to-end search time: 25115225 ns
Total end-to-end search time: 25390884 ns
Total end-to-end search time: 25092676 ns
Total end-to-end search time: 22581457 ns
Total end-to-end search time: 21084455 ns
Total end-to-end search time: 21126003 ns
