Query: 32, nThreads: 2, warmup: 16
====================================================================================================
(ns)
Load index... Graph level 5..
Total end-to-end search time: 13286716 ns
Total end-to-end search time: 11243864 ns
Total end-to-end search time: 10323787 ns
Total end-to-end search time: 10358898 ns
Total end-to-end search time: 12242200 ns
Total end-to-end search time: 12286504 ns
Total end-to-end search time: 12207916 ns
Total end-to-end search time: 12756344 ns
Total end-to-end search time: 12719540 ns
Total end-to-end search time: 13503367 ns
Total end-to-end search time: 13200606 ns
Total end-to-end search time: 13087641 ns
Total end-to-end search time: 13116507 ns
Total end-to-end search time: 12839016 ns
Total end-to-end search time: 11780010 ns
Total end-to-end search time: 10958931 ns
Total end-to-end search time: 10950619 ns
Query: 32, nThreads: 2, warmup: 16
====================================================================================================
(ns)
Load index... Graph level 5..
Total end-to-end search time: 13405831 ns
Total end-to-end search time: 11302375 ns
Total end-to-end search time: 10337125 ns
Total end-to-end search time: 10339164 ns
Total end-to-end search time: 12146971 ns
Total end-to-end search time: 12265826 ns
Total end-to-end search time: 12175136 ns
Total end-to-end search time: 12725258 ns
Total end-to-end search time: 12805619 ns
Total end-to-end search time: 13574086 ns
Total end-to-end search time: 13008955 ns
Total end-to-end search time: 13053547 ns
Total end-to-end search time: 13117644 ns
Total end-to-end search time: 12885142 ns
Total end-to-end search time: 11752857 ns
Total end-to-end search time: 10949740 ns
Total end-to-end search time: 10955335 ns
Query: 32, nThreads: 2, warmup: 16
====================================================================================================
(ns)
Load index... Graph level 5..
Total end-to-end search time: 13268212 ns
Total end-to-end search time: 11270087 ns
Total end-to-end search time: 10308700 ns
Total end-to-end search time: 10329392 ns
Total end-to-end search time: 12124999 ns
Total end-to-end search time: 12237181 ns
Total end-to-end search time: 12174969 ns
Total end-to-end search time: 12769582 ns
Total end-to-end search time: 12688028 ns
Total end-to-end search time: 13516901 ns
Total end-to-end search time: 12897022 ns
Total end-to-end search time: 13021507 ns
Total end-to-end search time: 13111990 ns
Total end-to-end search time: 12856735 ns
Total end-to-end search time: 11794646 ns
Total end-to-end search time: 10962661 ns
Total end-to-end search time: 10967510 ns
Query: 32, nThreads: 2, warmup: 16
====================================================================================================
(ns)
Load index... Graph level 5..
Total end-to-end search time: 13432908 ns
Total end-to-end search time: 11255587 ns
Total end-to-end search time: 10279056 ns
Total end-to-end search time: 10304441 ns
Total end-to-end search time: 12147154 ns
Total end-to-end search time: 12262167 ns
Total end-to-end search time: 12173423 ns
Total end-to-end search time: 12730626 ns
Total end-to-end search time: 12701547 ns
Total end-to-end search time: 13542459 ns
Total end-to-end search time: 12906199 ns
Total end-to-end search time: 13038951 ns
Total end-to-end search time: 13133318 ns
Total end-to-end search time: 12838325 ns
Total end-to-end search time: 11768710 ns
Total end-to-end search time: 10952111 ns
Total end-to-end search time: 10960637 ns
Query: 32, nThreads: 2, warmup: 16
====================================================================================================
(ns)
Load index... Graph level 5..
Total end-to-end search time: 13307587 ns
Total end-to-end search time: 11244443 ns
Total end-to-end search time: 10296185 ns
Total end-to-end search time: 10339647 ns
Total end-to-end search time: 12132525 ns
Total end-to-end search time: 12235853 ns
Total end-to-end search time: 12173224 ns
Total end-to-end search time: 12727116 ns
Total end-to-end search time: 12738315 ns
Total end-to-end search time: 13497470 ns
Total end-to-end search time: 12857353 ns
Total end-to-end search time: 13068888 ns
Total end-to-end search time: 13084477 ns
Total end-to-end search time: 12929407 ns
Total end-to-end search time: 11800874 ns
Total end-to-end search time: 10940376 ns
Total end-to-end search time: 10973733 ns
Query: 32, nThreads: 2, warmup: 16
====================================================================================================
(ns)
Load index... Graph level 5..
Total end-to-end search time: 13337115 ns
Total end-to-end search time: 11309611 ns
Total end-to-end search time: 10269665 ns
Total end-to-end search time: 10340951 ns
Total end-to-end search time: 12134287 ns
Total end-to-end search time: 12327173 ns
Total end-to-end search time: 12238663 ns
Total end-to-end search time: 12780578 ns
Total end-to-end search time: 12738400 ns
Total end-to-end search time: 13526114 ns
Total end-to-end search time: 12926502 ns
Total end-to-end search time: 13172870 ns
Total end-to-end search time: 13176737 ns
Total end-to-end search time: 12861885 ns
Total end-to-end search time: 11826743 ns
Total end-to-end search time: 10941785 ns
Total end-to-end search time: 10993843 ns
Query: 32, nThreads: 2, warmup: 16
====================================================================================================
(ns)
Load index... Graph level 5..
Total end-to-end search time: 13435841 ns
Total end-to-end search time: 11305749 ns
Total end-to-end search time: 10306088 ns
Total end-to-end search time: 10368302 ns
Total end-to-end search time: 12201005 ns
Total end-to-end search time: 12294551 ns
Total end-to-end search time: 12141629 ns
Total end-to-end search time: 12736541 ns
Total end-to-end search time: 12721657 ns
Total end-to-end search time: 13561191 ns
Total end-to-end search time: 12907643 ns
Total end-to-end search time: 13059526 ns
Total end-to-end search time: 13098577 ns
Total end-to-end search time: 12889715 ns
Total end-to-end search time: 11770262 ns
Total end-to-end search time: 10935103 ns
Total end-to-end search time: 10958668 ns
Query: 32, nThreads: 2, warmup: 16
====================================================================================================
(ns)
Load index... Graph level 5..
Total end-to-end search time: 13251521 ns
Total end-to-end search time: 11226760 ns
Total end-to-end search time: 10282025 ns
Total end-to-end search time: 10311023 ns
Total end-to-end search time: 12161061 ns
Total end-to-end search time: 12297511 ns
Total end-to-end search time: 12182067 ns
Total end-to-end search time: 12805123 ns
Total end-to-end search time: 12808669 ns
Total end-to-end search time: 13597948 ns
Total end-to-end search time: 12906123 ns
Total end-to-end search time: 13156725 ns
Total end-to-end search time: 13166255 ns
Total end-to-end search time: 12924166 ns
Total end-to-end search time: 11792101 ns
Total end-to-end search time: 10970802 ns
Total end-to-end search time: 10942478 ns
Query: 32, nThreads: 2, warmup: 16
====================================================================================================
(ns)
Load index... Graph level 5..
Total end-to-end search time: 13359792 ns
Total end-to-end search time: 11293848 ns
Total end-to-end search time: 10321533 ns
Total end-to-end search time: 10381949 ns
Total end-to-end search time: 12140164 ns
Total end-to-end search time: 12259319 ns
Total end-to-end search time: 12172482 ns
Total end-to-end search time: 12771054 ns
Total end-to-end search time: 12747640 ns
Total end-to-end search time: 13552629 ns
Total end-to-end search time: 12888432 ns
Total end-to-end search time: 13070572 ns
Total end-to-end search time: 13112333 ns
Total end-to-end search time: 12867460 ns
Total end-to-end search time: 11850982 ns
Total end-to-end search time: 10957177 ns
Total end-to-end search time: 10939450 ns
Query: 32, nThreads: 2, warmup: 16
====================================================================================================
(ns)
Load index... Graph level 5..
Total end-to-end search time: 13446920 ns
Total end-to-end search time: 11314511 ns
Total end-to-end search time: 10321056 ns
Total end-to-end search time: 10370694 ns
Total end-to-end search time: 12160695 ns
Total end-to-end search time: 12327302 ns
Total end-to-end search time: 12249220 ns
Total end-to-end search time: 12745006 ns
Total end-to-end search time: 12746824 ns
Total end-to-end search time: 13578894 ns
Total end-to-end search time: 12887046 ns
Total end-to-end search time: 13053094 ns
Total end-to-end search time: 13103698 ns
Total end-to-end search time: 12886321 ns
Total end-to-end search time: 11745948 ns
Total end-to-end search time: 10954103 ns
Total end-to-end search time: 10991728 ns
Query: 32, nThreads: 2, warmup: 16
====================================================================================================
(ns)
Load index... Graph level 5..
Total end-to-end search time: 13292392 ns
Total end-to-end search time: 11313768 ns
Total end-to-end search time: 10346222 ns
Total end-to-end search time: 10364304 ns
Total end-to-end search time: 12232513 ns
Total end-to-end search time: 12333766 ns
Total end-to-end search time: 12261660 ns
Total end-to-end search time: 12777009 ns
Total end-to-end search time: 12782041 ns
Total end-to-end search time: 13550219 ns
Total end-to-end search time: 12897466 ns
Total end-to-end search time: 13010108 ns
Total end-to-end search time: 13074401 ns
Total end-to-end search time: 12941030 ns
Total end-to-end search time: 11801881 ns
Total end-to-end search time: 10977549 ns
Total end-to-end search time: 10977985 ns
Query: 32, nThreads: 2, warmup: 16
====================================================================================================
(ns)
Load index... Graph level 5..
Total end-to-end search time: 13348952 ns
Total end-to-end search time: 11308407 ns
Total end-to-end search time: 10331475 ns
Total end-to-end search time: 10447723 ns
Total end-to-end search time: 12222514 ns
Total end-to-end search time: 12279811 ns
Total end-to-end search time: 12262573 ns
Total end-to-end search time: 12795823 ns
Total end-to-end search time: 12730154 ns
Total end-to-end search time: 13534390 ns
Total end-to-end search time: 12896108 ns
Total end-to-end search time: 13064057 ns
Total end-to-end search time: 13142408 ns
Total end-to-end search time: 12868529 ns
Total end-to-end search time: 11834610 ns
Total end-to-end search time: 11001826 ns
Total end-to-end search time: 10999397 ns
Query: 32, nThreads: 2, warmup: 16
====================================================================================================
(ns)
Load index... Graph level 5..
Total end-to-end search time: 13402407 ns
Total end-to-end search time: 11319746 ns
Total end-to-end search time: 10295511 ns
Total end-to-end search time: 10386139 ns
Total end-to-end search time: 12158175 ns
Total end-to-end search time: 12326136 ns
Total end-to-end search time: 12247177 ns
Total end-to-end search time: 12764546 ns
Total end-to-end search time: 12762031 ns
Total end-to-end search time: 13524357 ns
Total end-to-end search time: 12947312 ns
Total end-to-end search time: 13069354 ns
Total end-to-end search time: 13202888 ns
Total end-to-end search time: 12922403 ns
Total end-to-end search time: 11776452 ns
Total end-to-end search time: 10987870 ns
Total end-to-end search time: 10965609 ns
Query: 32, nThreads: 2, warmup: 16
====================================================================================================
(ns)
Load index... Graph level 5..
Total end-to-end search time: 13407538 ns
Total end-to-end search time: 11284969 ns
Total end-to-end search time: 10299330 ns
Total end-to-end search time: 10380161 ns
Total end-to-end search time: 12145391 ns
Total end-to-end search time: 12308495 ns
Total end-to-end search time: 12160690 ns
Total end-to-end search time: 12735874 ns
Total end-to-end search time: 12760120 ns
Total end-to-end search time: 13506725 ns
Total end-to-end search time: 12909914 ns
Total end-to-end search time: 13033612 ns
Total end-to-end search time: 13101053 ns
Total end-to-end search time: 12889709 ns
Total end-to-end search time: 11805909 ns
Total end-to-end search time: 10985373 ns
Total end-to-end search time: 10980620 ns
Query: 32, nThreads: 2, warmup: 16
====================================================================================================
(ns)
Load index... Graph level 5..
Total end-to-end search time: 13287345 ns
Total end-to-end search time: 11294965 ns
Total end-to-end search time: 10342134 ns
Total end-to-end search time: 10317314 ns
Total end-to-end search time: 12232912 ns
Total end-to-end search time: 12316491 ns
Total end-to-end search time: 12245078 ns
Total end-to-end search time: 12854156 ns
Total end-to-end search time: 12813374 ns
Total end-to-end search time: 13589063 ns
Total end-to-end search time: 12931505 ns
Total end-to-end search time: 13015180 ns
Total end-to-end search time: 13149992 ns
Total end-to-end search time: 12916928 ns
Total end-to-end search time: 11888350 ns
Total end-to-end search time: 10965013 ns
Total end-to-end search time: 10973535 ns
Query: 32, nThreads: 2, warmup: 16
====================================================================================================
(ns)
Load index... Graph level 5..
Total end-to-end search time: 13476310 ns
Total end-to-end search time: 11376463 ns
Total end-to-end search time: 10358683 ns
Total end-to-end search time: 10368945 ns
Total end-to-end search time: 12141945 ns
Total end-to-end search time: 12268085 ns
Total end-to-end search time: 12203968 ns
Total end-to-end search time: 12734223 ns
Total end-to-end search time: 12747867 ns
Total end-to-end search time: 13509052 ns
Total end-to-end search time: 12996155 ns
Total end-to-end search time: 13080076 ns
Total end-to-end search time: 13097279 ns
Total end-to-end search time: 12825615 ns
Total end-to-end search time: 11769381 ns
Total end-to-end search time: 11030406 ns
Total end-to-end search time: 11010569 ns
Query: 32, nThreads: 2, warmup: 16
====================================================================================================
(ns)
Load index... Graph level 5..
Total end-to-end search time: 13637647 ns
Total end-to-end search time: 11262893 ns
Total end-to-end search time: 10286217 ns
Total end-to-end search time: 10299171 ns
Total end-to-end search time: 12120430 ns
Total end-to-end search time: 12206069 ns
Total end-to-end search time: 12132939 ns
Total end-to-end search time: 12739613 ns
Total end-to-end search time: 12809963 ns
Total end-to-end search time: 13567174 ns
Total end-to-end search time: 12988155 ns
Total end-to-end search time: 13103354 ns
Total end-to-end search time: 13201265 ns
Total end-to-end search time: 12907723 ns
Total end-to-end search time: 11798796 ns
Total end-to-end search time: 10961479 ns
Total end-to-end search time: 10949217 ns
Query: 32, nThreads: 2, warmup: 16
====================================================================================================
(ns)
Load index... Graph level 5..
Total end-to-end search time: 13276951 ns
Total end-to-end search time: 11267256 ns
Total end-to-end search time: 10260069 ns
Total end-to-end search time: 10371908 ns
Total end-to-end search time: 12171190 ns
Total end-to-end search time: 12265724 ns
Total end-to-end search time: 12155154 ns
Total end-to-end search time: 12756968 ns
Total end-to-end search time: 12751602 ns
Total end-to-end search time: 13483280 ns
Total end-to-end search time: 12899275 ns
Total end-to-end search time: 13097369 ns
Total end-to-end search time: 13126340 ns
Total end-to-end search time: 12878472 ns
Total end-to-end search time: 11820456 ns
Total end-to-end search time: 10966581 ns
Total end-to-end search time: 10964565 ns
Query: 32, nThreads: 2, warmup: 16
====================================================================================================
(ns)
Load index... Graph level 5..
Total end-to-end search time: 13340070 ns
Total end-to-end search time: 11330871 ns
Total end-to-end search time: 10365183 ns
Total end-to-end search time: 10368691 ns
Total end-to-end search time: 12147655 ns
Total end-to-end search time: 12258556 ns
Total end-to-end search time: 12174514 ns
Total end-to-end search time: 12774081 ns
Total end-to-end search time: 12792510 ns
Total end-to-end search time: 13579861 ns
Total end-to-end search time: 12982625 ns
Total end-to-end search time: 13056438 ns
Total end-to-end search time: 13270973 ns
Total end-to-end search time: 12875765 ns
Total end-to-end search time: 11798941 ns
Total end-to-end search time: 10966390 ns
Total end-to-end search time: 10949653 ns
Query: 32, nThreads: 2, warmup: 16
====================================================================================================
(ns)
Load index... Graph level 5..
Total end-to-end search time: 13292702 ns
Total end-to-end search time: 11512626 ns
Total end-to-end search time: 10354709 ns
Total end-to-end search time: 10352521 ns
Total end-to-end search time: 12149101 ns
Total end-to-end search time: 12230961 ns
Total end-to-end search time: 12210389 ns
Total end-to-end search time: 12744906 ns
Total end-to-end search time: 12722837 ns
Total end-to-end search time: 13589306 ns
Total end-to-end search time: 12862448 ns
Total end-to-end search time: 13041262 ns
Total end-to-end search time: 13210839 ns
Total end-to-end search time: 12933405 ns
Total end-to-end search time: 11804303 ns
Total end-to-end search time: 10953981 ns
Total end-to-end search time: 10973191 ns
Query: 32, nThreads: 2, warmup: 16
====================================================================================================
(ns)
Load index... Graph level 5..
Total end-to-end search time: 13392938 ns
Total end-to-end search time: 11341546 ns
Total end-to-end search time: 10344788 ns
Total end-to-end search time: 10372372 ns
Total end-to-end search time: 12242590 ns
Total end-to-end search time: 12297937 ns
Total end-to-end search time: 12244660 ns
Total end-to-end search time: 12786324 ns
Total end-to-end search time: 12740699 ns
Total end-to-end search time: 13570441 ns
Total end-to-end search time: 12918075 ns
Total end-to-end search time: 13039778 ns
Total end-to-end search time: 13092303 ns
Total end-to-end search time: 12868869 ns
Total end-to-end search time: 11786248 ns
Total end-to-end search time: 10937035 ns
Total end-to-end search time: 10964712 ns
Query: 32, nThreads: 2, warmup: 16
====================================================================================================
(ns)
Load index... Graph level 5..
Total end-to-end search time: 13318123 ns
Total end-to-end search time: 11236240 ns
Total end-to-end search time: 10303981 ns
Total end-to-end search time: 10294724 ns
Total end-to-end search time: 12164136 ns
Total end-to-end search time: 12256970 ns
Total end-to-end search time: 12187748 ns
Total end-to-end search time: 12847504 ns
Total end-to-end search time: 12799772 ns
Total end-to-end search time: 13530410 ns
Total end-to-end search time: 12901061 ns
Total end-to-end search time: 13042367 ns
Total end-to-end search time: 13109408 ns
Total end-to-end search time: 12875185 ns
Total end-to-end search time: 11767456 ns
Total end-to-end search time: 10967089 ns
Total end-to-end search time: 10974317 ns
Query: 32, nThreads: 2, warmup: 16
====================================================================================================
(ns)
Load index... Graph level 5..
Total end-to-end search time: 13322096 ns
Total end-to-end search time: 11287220 ns
Total end-to-end search time: 10265865 ns
Total end-to-end search time: 10494345 ns
Total end-to-end search time: 12182638 ns
Total end-to-end search time: 12242270 ns
Total end-to-end search time: 12172468 ns
Total end-to-end search time: 12717381 ns
Total end-to-end search time: 12764285 ns
Total end-to-end search time: 13518020 ns
Total end-to-end search time: 12913039 ns
Total end-to-end search time: 13143623 ns
Total end-to-end search time: 13126435 ns
Total end-to-end search time: 12903032 ns
Total end-to-end search time: 11816557 ns
Total end-to-end search time: 10954126 ns
Total end-to-end search time: 10952904 ns
Query: 32, nThreads: 2, warmup: 16
====================================================================================================
(ns)
Load index... Graph level 5..
Total end-to-end search time: 13434557 ns
Total end-to-end search time: 11312461 ns
Total end-to-end search time: 10356329 ns
Total end-to-end search time: 10316251 ns
Total end-to-end search time: 12190278 ns
Total end-to-end search time: 12268344 ns
Total end-to-end search time: 12156649 ns
Total end-to-end search time: 12721866 ns
Total end-to-end search time: 12785115 ns
Total end-to-end search time: 13529460 ns
Total end-to-end search time: 12854252 ns
Total end-to-end search time: 13063814 ns
Total end-to-end search time: 13082994 ns
Total end-to-end search time: 12884006 ns
Total end-to-end search time: 11825388 ns
Total end-to-end search time: 10971605 ns
Total end-to-end search time: 11011361 ns
Query: 32, nThreads: 2, warmup: 16
====================================================================================================
(ns)
Load index... Graph level 5..
Total end-to-end search time: 13477278 ns
Total end-to-end search time: 11327018 ns
Total end-to-end search time: 10294830 ns
Total end-to-end search time: 10360367 ns
Total end-to-end search time: 12211222 ns
Total end-to-end search time: 12251994 ns
Total end-to-end search time: 12163079 ns
Total end-to-end search time: 12801218 ns
Total end-to-end search time: 12839450 ns
Total end-to-end search time: 13529648 ns
Total end-to-end search time: 12968034 ns
Total end-to-end search time: 13040887 ns
Total end-to-end search time: 13139945 ns
Total end-to-end search time: 12902029 ns
Total end-to-end search time: 11786436 ns
Total end-to-end search time: 10951178 ns
Total end-to-end search time: 10955740 ns
Query: 32, nThreads: 2, warmup: 16
====================================================================================================
(ns)
Load index... Graph level 5..
Total end-to-end search time: 13477561 ns
Total end-to-end search time: 11249024 ns
Total end-to-end search time: 10289809 ns
Total end-to-end search time: 10336894 ns
Total end-to-end search time: 12134351 ns
Total end-to-end search time: 12270711 ns
Total end-to-end search time: 12145253 ns
Total end-to-end search time: 12754860 ns
Total end-to-end search time: 12716360 ns
Total end-to-end search time: 13496151 ns
Total end-to-end search time: 12875431 ns
Total end-to-end search time: 13022636 ns
Total end-to-end search time: 13118637 ns
Total end-to-end search time: 12842220 ns
Total end-to-end search time: 11768564 ns
Total end-to-end search time: 11011408 ns
Total end-to-end search time: 11078572 ns
Query: 32, nThreads: 2, warmup: 16
====================================================================================================
(ns)
Load index... Graph level 5..
Total end-to-end search time: 13415456 ns
Total end-to-end search time: 11275150 ns
Total end-to-end search time: 10315777 ns
Total end-to-end search time: 10328398 ns
Total end-to-end search time: 12157333 ns
Total end-to-end search time: 12314138 ns
Total end-to-end search time: 12267753 ns
Total end-to-end search time: 12775885 ns
Total end-to-end search time: 12739888 ns
Total end-to-end search time: 13495043 ns
Total end-to-end search time: 12905705 ns
Total end-to-end search time: 13060605 ns
Total end-to-end search time: 13126485 ns
Total end-to-end search time: 12892679 ns
Total end-to-end search time: 11753849 ns
Total end-to-end search time: 10979313 ns
Total end-to-end search time: 11026256 ns
Query: 32, nThreads: 2, warmup: 16
====================================================================================================
(ns)
Load index... Graph level 5..
Total end-to-end search time: 13318198 ns
Total end-to-end search time: 11340506 ns
Total end-to-end search time: 10344325 ns
Total end-to-end search time: 10372735 ns
Total end-to-end search time: 12222841 ns
Total end-to-end search time: 12307551 ns
Total end-to-end search time: 12245627 ns
Total end-to-end search time: 12745470 ns
Total end-to-end search time: 12804815 ns
Total end-to-end search time: 13551860 ns
Total end-to-end search time: 12893528 ns
Total end-to-end search time: 13070028 ns
Total end-to-end search time: 13149308 ns
Total end-to-end search time: 12905217 ns
Total end-to-end search time: 11784550 ns
Total end-to-end search time: 10960671 ns
Total end-to-end search time: 11014629 ns
Query: 32, nThreads: 2, warmup: 16
====================================================================================================
(ns)
Load index... Graph level 5..
Total end-to-end search time: 13315986 ns
Total end-to-end search time: 11294014 ns
Total end-to-end search time: 10383227 ns
Total end-to-end search time: 10354692 ns
Total end-to-end search time: 12159056 ns
Total end-to-end search time: 12226631 ns
Total end-to-end search time: 12147561 ns
Total end-to-end search time: 12748149 ns
Total end-to-end search time: 12752132 ns
Total end-to-end search time: 13510066 ns
Total end-to-end search time: 12890056 ns
Total end-to-end search time: 13055648 ns
Total end-to-end search time: 13087449 ns
Total end-to-end search time: 12852193 ns
Total end-to-end search time: 11808079 ns
Total end-to-end search time: 10982551 ns
Total end-to-end search time: 11025148 ns
Query: 32, nThreads: 2, warmup: 16
====================================================================================================
(ns)
Load index... Graph level 5..
Total end-to-end search time: 13296890 ns
Total end-to-end search time: 11309078 ns
Total end-to-end search time: 10269354 ns
Total end-to-end search time: 10291614 ns
Total end-to-end search time: 12245029 ns
Total end-to-end search time: 12237873 ns
Total end-to-end search time: 12171226 ns
Total end-to-end search time: 12704467 ns
Total end-to-end search time: 12784909 ns
Total end-to-end search time: 13553615 ns
Total end-to-end search time: 12924332 ns
Total end-to-end search time: 13053872 ns
Total end-to-end search time: 13078772 ns
Total end-to-end search time: 12908898 ns
Total end-to-end search time: 11795851 ns
Total end-to-end search time: 11003553 ns
Total end-to-end search time: 10981110 ns
