Query: 4096, nThreads: 16, warmup: 1
====================================================================================================
(ns)
Load index... Graph level 5..
Total end-to-end search time: 1524290835 ns
Total end-to-end search time: 1445378209 ns
Query: 4096, nThreads: 16, warmup: 1
====================================================================================================
(ns)
Load index... Graph level 5..
Total end-to-end search time: 1525397036 ns
Total end-to-end search time: 1445927710 ns
Query: 4096, nThreads: 16, warmup: 1
====================================================================================================
(ns)
Load index... Graph level 5..
Total end-to-end search time: 1525506467 ns
Total end-to-end search time: 1445825361 ns
Query: 4096, nThreads: 16, warmup: 1
====================================================================================================
(ns)
Load index... Graph level 5..
Total end-to-end search time: 1525629636 ns
Total end-to-end search time: 1444826551 ns
Query: 4096, nThreads: 16, warmup: 1
====================================================================================================
(ns)
Load index... Graph level 5..
Total end-to-end search time: 1511389358 ns
Total end-to-end search time: 1444686966 ns
Query: 4096, nThreads: 16, warmup: 1
====================================================================================================
(ns)
Load index... Graph level 5..
Total end-to-end search time: 1525365233 ns
Total end-to-end search time: 1445291129 ns
Query: 4096, nThreads: 16, warmup: 1
====================================================================================================
(ns)
Load index... Graph level 5..
Total end-to-end search time: 1511622735 ns
Total end-to-end search time: 1431360291 ns
Query: 4096, nThreads: 16, warmup: 1
====================================================================================================
(ns)
Load index... Graph level 5..
Total end-to-end search time: 1526800273 ns
Total end-to-end search time: 1444356930 ns
Query: 4096, nThreads: 16, warmup: 1
====================================================================================================
(ns)
Load index... Graph level 5..
Total end-to-end search time: 1521627486 ns
Total end-to-end search time: 1445104419 ns
Query: 4096, nThreads: 16, warmup: 1
====================================================================================================
(ns)
Load index... Graph level 5..
Total end-to-end search time: 1527945605 ns
Total end-to-end search time: 1446362531 ns
Query: 4096, nThreads: 16, warmup: 1
====================================================================================================
(ns)
Load index... Graph level 5..
Total end-to-end search time: 1525587595 ns
Total end-to-end search time: 1440076657 ns
Query: 4096, nThreads: 16, warmup: 1
====================================================================================================
(ns)
Load index... Graph level 5..
Total end-to-end search time: 1511363217 ns
Total end-to-end search time: 1431111975 ns
Query: 4096, nThreads: 16, warmup: 1
====================================================================================================
(ns)
Load index... Graph level 5..
Total end-to-end search time: 1525271513 ns
Total end-to-end search time: 1444552052 ns
Query: 4096, nThreads: 16, warmup: 1
====================================================================================================
(ns)
Load index... Graph level 5..
Total end-to-end search time: 1526223067 ns
Total end-to-end search time: 1444639769 ns
Query: 4096, nThreads: 16, warmup: 1
====================================================================================================
(ns)
Load index... Graph level 5..
Total end-to-end search time: 1526288973 ns
Total end-to-end search time: 1445876204 ns
Query: 4096, nThreads: 16, warmup: 1
====================================================================================================
(ns)
Load index... Graph level 5..
Total end-to-end search time: 1525461296 ns
Total end-to-end search time: 1446759399 ns
Query: 4096, nThreads: 16, warmup: 1
====================================================================================================
(ns)
Load index... Graph level 5..
Total end-to-end search time: 1524977522 ns
Total end-to-end search time: 1446257829 ns
Query: 4096, nThreads: 16, warmup: 1
====================================================================================================
(ns)
Load index... Graph level 5..
Total end-to-end search time: 1523691715 ns
Total end-to-end search time: 1445621474 ns
Query: 4096, nThreads: 16, warmup: 1
====================================================================================================
(ns)
Load index... Graph level 5..
Total end-to-end search time: 1519840139 ns
Total end-to-end search time: 1444630691 ns
Query: 4096, nThreads: 16, warmup: 1
====================================================================================================
(ns)
Load index... Graph level 5..
Total end-to-end search time: 1523758409 ns
Total end-to-end search time: 1431864509 ns
Query: 4096, nThreads: 16, warmup: 1
====================================================================================================
(ns)
Load index... Graph level 5..
Total end-to-end search time: 1512004968 ns
Total end-to-end search time: 1445443797 ns
Query: 4096, nThreads: 16, warmup: 1
====================================================================================================
(ns)
Load index... Graph level 5..
Total end-to-end search time: 1525763441 ns
Total end-to-end search time: 1446073236 ns
Query: 4096, nThreads: 16, warmup: 1
====================================================================================================
(ns)
Load index... Graph level 5..
Total end-to-end search time: 1511080882 ns
Total end-to-end search time: 1441688590 ns
Query: 4096, nThreads: 16, warmup: 1
====================================================================================================
(ns)
Load index... Graph level 5..
Total end-to-end search time: 1523601041 ns
Total end-to-end search time: 1443676163 ns
Query: 4096, nThreads: 16, warmup: 1
====================================================================================================
(ns)
Load index... Graph level 5..
Total end-to-end search time: 1524087881 ns
Total end-to-end search time: 1444267438 ns
Query: 4096, nThreads: 16, warmup: 1
====================================================================================================
(ns)
Load index... Graph level 5..
Total end-to-end search time: 1524785173 ns
Total end-to-end search time: 1442597891 ns
Query: 4096, nThreads: 16, warmup: 1
====================================================================================================
(ns)
Load index... Graph level 5..
Total end-to-end search time: 1523863822 ns
Total end-to-end search time: 1446038523 ns
Query: 4096, nThreads: 16, warmup: 1
====================================================================================================
(ns)
Load index... Graph level 5..
Total end-to-end search time: 1523699026 ns
Total end-to-end search time: 1445750747 ns
Query: 4096, nThreads: 16, warmup: 1
====================================================================================================
(ns)
Load index... Graph level 5..
Total end-to-end search time: 1523487144 ns
Total end-to-end search time: 1444273544 ns
Query: 4096, nThreads: 16, warmup: 1
====================================================================================================
(ns)
Load index... Graph level 5..
Total end-to-end search time: 1525161766 ns
Total end-to-end search time: 1444130874 ns
