Query: 512, nThreads: 2, warmup: 4
====================================================================================================
(ns)
Load index... Graph level 5..
Total end-to-end search time: 191617770 ns
Total end-to-end search time: 178643223 ns
Total end-to-end search time: 184747078 ns
Total end-to-end search time: 190869379 ns
Total end-to-end search time: 190517845 ns
Query: 512, nThreads: 2, warmup: 4
====================================================================================================
(ns)
Load index... Graph level 5..
Total end-to-end search time: 191397706 ns
Total end-to-end search time: 178907517 ns
Total end-to-end search time: 184404728 ns
Total end-to-end search time: 190937193 ns
Total end-to-end search time: 190346299 ns
Query: 512, nThreads: 2, warmup: 4
====================================================================================================
(ns)
Load index... Graph level 5..
Total end-to-end search time: 191583059 ns
Total end-to-end search time: 178718968 ns
Total end-to-end search time: 184614339 ns
Total end-to-end search time: 191233996 ns
Total end-to-end search time: 190417678 ns
Query: 512, nThreads: 2, warmup: 4
====================================================================================================
(ns)
Load index... Graph level 5..
Total end-to-end search time: 191384130 ns
Total end-to-end search time: 179241335 ns
Total end-to-end search time: 184479859 ns
Total end-to-end search time: 190915954 ns
Total end-to-end search time: 190431096 ns
Query: 512, nThreads: 2, warmup: 4
====================================================================================================
(ns)
Load index... Graph level 5..
Total end-to-end search time: 191800856 ns
Total end-to-end search time: 179040566 ns
Total end-to-end search time: 184486763 ns
Total end-to-end search time: 190891122 ns
Total end-to-end search time: 190420120 ns
Query: 512, nThreads: 2, warmup: 4
====================================================================================================
(ns)
Load index... Graph level 5..
Total end-to-end search time: 191563726 ns
Total end-to-end search time: 179031297 ns
Total end-to-end search time: 184624327 ns
Total end-to-end search time: 190865870 ns
Total end-to-end search time: 190340275 ns
Query: 512, nThreads: 2, warmup: 4
====================================================================================================
(ns)
Load index... Graph level 5..
Total end-to-end search time: 191595842 ns
Total end-to-end search time: 178916891 ns
Total end-to-end search time: 184596887 ns
Total end-to-end search time: 191037784 ns
Total end-to-end search time: 190488031 ns
Query: 512, nThreads: 2, warmup: 4
====================================================================================================
(ns)
Load index... Graph level 5..
Total end-to-end search time: 191596986 ns
Total end-to-end search time: 178936917 ns
Total end-to-end search time: 184545331 ns
Total end-to-end search time: 190892100 ns
Total end-to-end search time: 190496621 ns
Query: 512, nThreads: 2, warmup: 4
====================================================================================================
(ns)
Load index... Graph level 5..
Total end-to-end search time: 191833729 ns
Total end-to-end search time: 178883314 ns
Total end-to-end search time: 184454953 ns
Total end-to-end search time: 190950751 ns
Total end-to-end search time: 190332162 ns
Query: 512, nThreads: 2, warmup: 4
====================================================================================================
(ns)
Load index... Graph level 5..
Total end-to-end search time: 191510323 ns
Total end-to-end search time: 178766187 ns
Total end-to-end search time: 184528921 ns
Total end-to-end search time: 190993584 ns
Total end-to-end search time: 190309168 ns
Query: 512, nThreads: 2, warmup: 4
====================================================================================================
(ns)
Load index... Graph level 5..
Total end-to-end search time: 191495458 ns
Total end-to-end search time: 178894994 ns
Total end-to-end search time: 184570298 ns
Total end-to-end search time: 191103749 ns
Total end-to-end search time: 190501202 ns
Query: 512, nThreads: 2, warmup: 4
====================================================================================================
(ns)
Load index... Graph level 5..
Total end-to-end search time: 191501382 ns
Total end-to-end search time: 179246559 ns
Total end-to-end search time: 184346472 ns
Total end-to-end search time: 190749940 ns
Total end-to-end search time: 190739775 ns
Query: 512, nThreads: 2, warmup: 4
====================================================================================================
(ns)
Load index... Graph level 5..
Total end-to-end search time: 191865484 ns
Total end-to-end search time: 178784997 ns
Total end-to-end search time: 184833196 ns
Total end-to-end search time: 191300340 ns
Total end-to-end search time: 190385843 ns
Query: 512, nThreads: 2, warmup: 4
====================================================================================================
(ns)
Load index... Graph level 5..
Total end-to-end search time: 191561420 ns
Total end-to-end search time: 178933564 ns
Total end-to-end search time: 184349607 ns
Total end-to-end search time: 190827739 ns
Total end-to-end search time: 190517281 ns
Query: 512, nThreads: 2, warmup: 4
====================================================================================================
(ns)
Load index... Graph level 5..
Total end-to-end search time: 191694428 ns
Total end-to-end search time: 179254119 ns
Total end-to-end search time: 184787289 ns
Total end-to-end search time: 191236551 ns
Total end-to-end search time: 190522598 ns
Query: 512, nThreads: 2, warmup: 4
====================================================================================================
(ns)
Load index... Graph level 5..
Total end-to-end search time: 191515360 ns
Total end-to-end search time: 178973254 ns
Total end-to-end search time: 184305682 ns
Total end-to-end search time: 190916569 ns
Total end-to-end search time: 190713719 ns
Query: 512, nThreads: 2, warmup: 4
====================================================================================================
(ns)
Load index... Graph level 5..
Total end-to-end search time: 191392637 ns
Total end-to-end search time: 178612393 ns
Total end-to-end search time: 184349214 ns
Total end-to-end search time: 190907347 ns
Total end-to-end search time: 190823620 ns
Query: 512, nThreads: 2, warmup: 4
====================================================================================================
(ns)
Load index... Graph level 5..
Total end-to-end search time: 191510432 ns
Total end-to-end search time: 179294610 ns
Total end-to-end search time: 184756307 ns
Total end-to-end search time: 190680828 ns
Total end-to-end search time: 190463516 ns
Query: 512, nThreads: 2, warmup: 4
====================================================================================================
(ns)
Load index... Graph level 5..
Total end-to-end search time: 191540906 ns
Total end-to-end search time: 179148224 ns
Total end-to-end search time: 184611058 ns
Total end-to-end search time: 190597662 ns
Total end-to-end search time: 190394037 ns
Query: 512, nThreads: 2, warmup: 4
====================================================================================================
(ns)
Load index... Graph level 5..
Total end-to-end search time: 191356493 ns
Total end-to-end search time: 178918507 ns
Total end-to-end search time: 184363992 ns
Total end-to-end search time: 191030055 ns
Total end-to-end search time: 190423494 ns
Query: 512, nThreads: 2, warmup: 4
====================================================================================================
(ns)
Load index... Graph level 5..
Total end-to-end search time: 191574841 ns
Total end-to-end search time: 179148706 ns
Total end-to-end search time: 184682857 ns
Total end-to-end search time: 190761572 ns
Total end-to-end search time: 190941793 ns
Query: 512, nThreads: 2, warmup: 4
====================================================================================================
(ns)
Load index... Graph level 5..
Total end-to-end search time: 191836865 ns
Total end-to-end search time: 178921372 ns
Total end-to-end search time: 184581790 ns
Total end-to-end search time: 190979278 ns
Total end-to-end search time: 190198242 ns
Query: 512, nThreads: 2, warmup: 4
====================================================================================================
(ns)
Load index... Graph level 5..
Total end-to-end search time: 191788425 ns
Total end-to-end search time: 179065321 ns
Total end-to-end search time: 184658018 ns
Total end-to-end search time: 190959534 ns
Total end-to-end search time: 190840368 ns
Query: 512, nThreads: 2, warmup: 4
====================================================================================================
(ns)
Load index... Graph level 5..
Total end-to-end search time: 191381360 ns
Total end-to-end search time: 178853931 ns
Total end-to-end search time: 184516707 ns
Total end-to-end search time: 190611569 ns
Total end-to-end search time: 190875240 ns
Query: 512, nThreads: 2, warmup: 4
====================================================================================================
(ns)
Load index... Graph level 5..
Total end-to-end search time: 191651426 ns
Total end-to-end search time: 178568793 ns
Total end-to-end search time: 184682755 ns
Total end-to-end search time: 191057435 ns
Total end-to-end search time: 190267967 ns
Query: 512, nThreads: 2, warmup: 4
====================================================================================================
(ns)
Load index... Graph level 5..
Total end-to-end search time: 191353905 ns
Total end-to-end search time: 178664599 ns
Total end-to-end search time: 184694136 ns
Total end-to-end search time: 190650153 ns
Total end-to-end search time: 190265739 ns
Query: 512, nThreads: 2, warmup: 4
====================================================================================================
(ns)
Load index... Graph level 5..
Total end-to-end search time: 191554947 ns
Total end-to-end search time: 179140614 ns
Total end-to-end search time: 184555015 ns
Total end-to-end search time: 190455569 ns
Total end-to-end search time: 189931461 ns
Query: 512, nThreads: 2, warmup: 4
====================================================================================================
(ns)
Load index... Graph level 5..
Total end-to-end search time: 191384489 ns
Total end-to-end search time: 178846610 ns
Total end-to-end search time: 184582799 ns
Total end-to-end search time: 191045330 ns
Total end-to-end search time: 190347033 ns
Query: 512, nThreads: 2, warmup: 4
====================================================================================================
(ns)
Load index... Graph level 5..
Total end-to-end search time: 191546009 ns
Total end-to-end search time: 178873549 ns
Total end-to-end search time: 184725618 ns
Total end-to-end search time: 190945410 ns
Total end-to-end search time: 190692712 ns
Query: 512, nThreads: 2, warmup: 4
====================================================================================================
(ns)
Load index... Graph level 5..
Total end-to-end search time: 191142639 ns
Total end-to-end search time: 179022396 ns
Total end-to-end search time: 184292661 ns
Total end-to-end search time: 190659387 ns
Total end-to-end search time: 190368216 ns
