Query: 512, nThreads: 8, warmup: 4
====================================================================================================
(ns)
Load index... Graph level 5..
Total end-to-end search time: 197280819 ns
Total end-to-end search time: 183031264 ns
Total end-to-end search time: 188185920 ns
Total end-to-end search time: 194997014 ns
Total end-to-end search time: 193756325 ns
Query: 512, nThreads: 8, warmup: 4
====================================================================================================
(ns)
Load index... Graph level 5..
Total end-to-end search time: 196352049 ns
Total end-to-end search time: 182724013 ns
Total end-to-end search time: 187664485 ns
Total end-to-end search time: 193676351 ns
Total end-to-end search time: 193365546 ns
Query: 512, nThreads: 8, warmup: 4
====================================================================================================
(ns)
Load index... Graph level 5..
Total end-to-end search time: 196573746 ns
Total end-to-end search time: 183178754 ns
Total end-to-end search time: 188520406 ns
Total end-to-end search time: 195489417 ns
Total end-to-end search time: 193844772 ns
Query: 512, nThreads: 8, warmup: 4
====================================================================================================
(ns)
Load index... Graph level 5..
Total end-to-end search time: 196849285 ns
Total end-to-end search time: 182519356 ns
Total end-to-end search time: 187802508 ns
Total end-to-end search time: 194637554 ns
Total end-to-end search time: 194212523 ns
Query: 512, nThreads: 8, warmup: 4
====================================================================================================
(ns)
Load index... Graph level 5..
Total end-to-end search time: 196982206 ns
Total end-to-end search time: 182729336 ns
Total end-to-end search time: 188193522 ns
Total end-to-end search time: 195068770 ns
Total end-to-end search time: 193919732 ns
Query: 512, nThreads: 8, warmup: 4
====================================================================================================
(ns)
Load index... Graph level 5..
Total end-to-end search time: 196708388 ns
Total end-to-end search time: 183081150 ns
Total end-to-end search time: 188263505 ns
Total end-to-end search time: 195184109 ns
Total end-to-end search time: 194418071 ns
Query: 512, nThreads: 8, warmup: 4
====================================================================================================
(ns)
Load index... Graph level 5..
Total end-to-end search time: 196795061 ns
Total end-to-end search time: 182919755 ns
Total end-to-end search time: 188239358 ns
Total end-to-end search time: 194637161 ns
Total end-to-end search time: 194010151 ns
Query: 512, nThreads: 8, warmup: 4
====================================================================================================
(ns)
Load index... Graph level 5..
Total end-to-end search time: 196777568 ns
Total end-to-end search time: 183060912 ns
Total end-to-end search time: 188612395 ns
Total end-to-end search time: 194347480 ns
Total end-to-end search time: 194136250 ns
Query: 512, nThreads: 8, warmup: 4
====================================================================================================
(ns)
Load index... Graph level 5..
Total end-to-end search time: 196527755 ns
Total end-to-end search time: 182763962 ns
Total end-to-end search time: 187367495 ns
Total end-to-end search time: 193872148 ns
Total end-to-end search time: 194067658 ns
Query: 512, nThreads: 8, warmup: 4
====================================================================================================
(ns)
Load index... Graph level 5..
Total end-to-end search time: 196584809 ns
Total end-to-end search time: 182833606 ns
Total end-to-end search time: 187440191 ns
Total end-to-end search time: 194462735 ns
Total end-to-end search time: 194391335 ns
Query: 512, nThreads: 8, warmup: 4
====================================================================================================
(ns)
Load index... Graph level 5..
Total end-to-end search time: 197372823 ns
Total end-to-end search time: 182741427 ns
Total end-to-end search time: 188737642 ns
Total end-to-end search time: 194095596 ns
Total end-to-end search time: 194416289 ns
Query: 512, nThreads: 8, warmup: 4
====================================================================================================
(ns)
Load index... Graph level 5..
Total end-to-end search time: 196973776 ns
Total end-to-end search time: 182722635 ns
Total end-to-end search time: 188450226 ns
Total end-to-end search time: 195116250 ns
Total end-to-end search time: 194202167 ns
Query: 512, nThreads: 8, warmup: 4
====================================================================================================
(ns)
Load index... Graph level 5..
Total end-to-end search time: 196878942 ns
Total end-to-end search time: 182811410 ns
Total end-to-end search time: 188152949 ns
Total end-to-end search time: 194557783 ns
Total end-to-end search time: 194936330 ns
Query: 512, nThreads: 8, warmup: 4
====================================================================================================
(ns)
Load index... Graph level 5..
Total end-to-end search time: 196826657 ns
Total end-to-end search time: 182707225 ns
Total end-to-end search time: 187391624 ns
Total end-to-end search time: 194456929 ns
Total end-to-end search time: 193799281 ns
Query: 512, nThreads: 8, warmup: 4
====================================================================================================
(ns)
Load index... Graph level 5..
Total end-to-end search time: 196303786 ns
Total end-to-end search time: 182756003 ns
Total end-to-end search time: 187829826 ns
Total end-to-end search time: 194025816 ns
Total end-to-end search time: 193383467 ns
Query: 512, nThreads: 8, warmup: 4
====================================================================================================
(ns)
Load index... Graph level 5..
Total end-to-end search time: 196722344 ns
Total end-to-end search time: 182828331 ns
Total end-to-end search time: 188257995 ns
Total end-to-end search time: 194674942 ns
Total end-to-end search time: 194259516 ns
Query: 512, nThreads: 8, warmup: 4
====================================================================================================
(ns)
Load index... Graph level 5..
Total end-to-end search time: 196660798 ns
Total end-to-end search time: 182890429 ns
Total end-to-end search time: 188317769 ns
Total end-to-end search time: 194679771 ns
Total end-to-end search time: 194018572 ns
Query: 512, nThreads: 8, warmup: 4
====================================================================================================
(ns)
Load index... Graph level 5..
Total end-to-end search time: 196633110 ns
Total end-to-end search time: 182777972 ns
Total end-to-end search time: 188385799 ns
Total end-to-end search time: 193977072 ns
Total end-to-end search time: 194087409 ns
Query: 512, nThreads: 8, warmup: 4
====================================================================================================
(ns)
Load index... Graph level 5..
Total end-to-end search time: 196688489 ns
Total end-to-end search time: 182975564 ns
Total end-to-end search time: 187985249 ns
Total end-to-end search time: 194583252 ns
Total end-to-end search time: 193107146 ns
Query: 512, nThreads: 8, warmup: 4
====================================================================================================
(ns)
Load index... Graph level 5..
Total end-to-end search time: 195905617 ns
Total end-to-end search time: 182527996 ns
Total end-to-end search time: 188342402 ns
Total end-to-end search time: 194651956 ns
Total end-to-end search time: 193603014 ns
Query: 512, nThreads: 8, warmup: 4
====================================================================================================
(ns)
Load index... Graph level 5..
Total end-to-end search time: 197137676 ns
Total end-to-end search time: 182784020 ns
Total end-to-end search time: 188062679 ns
Total end-to-end search time: 194411374 ns
Total end-to-end search time: 193909102 ns
Query: 512, nThreads: 8, warmup: 4
====================================================================================================
(ns)
Load index... Graph level 5..
Total end-to-end search time: 196548931 ns
Total end-to-end search time: 182599869 ns
Total end-to-end search time: 188547264 ns
Total end-to-end search time: 194427167 ns
Total end-to-end search time: 194232687 ns
Query: 512, nThreads: 8, warmup: 4
====================================================================================================
(ns)
Load index... Graph level 5..
Total end-to-end search time: 196724339 ns
Total end-to-end search time: 182551376 ns
Total end-to-end search time: 187265625 ns
Total end-to-end search time: 194997176 ns
Total end-to-end search time: 194035381 ns
Query: 512, nThreads: 8, warmup: 4
====================================================================================================
(ns)
Load index... Graph level 5..
Total end-to-end search time: 196846625 ns
Total end-to-end search time: 182783113 ns
Total end-to-end search time: 187627501 ns
Total end-to-end search time: 194497406 ns
Total end-to-end search time: 192958578 ns
Query: 512, nThreads: 8, warmup: 4
====================================================================================================
(ns)
Load index... Graph level 5..
Total end-to-end search time: 197196395 ns
Total end-to-end search time: 182904711 ns
Total end-to-end search time: 187991169 ns
Total end-to-end search time: 193991588 ns
Total end-to-end search time: 193897824 ns
Query: 512, nThreads: 8, warmup: 4
====================================================================================================
(ns)
Load index... Graph level 5..
Total end-to-end search time: 196821398 ns
Total end-to-end search time: 182929853 ns
Total end-to-end search time: 188314886 ns
Total end-to-end search time: 194799590 ns
Total end-to-end search time: 194262070 ns
Query: 512, nThreads: 8, warmup: 4
====================================================================================================
(ns)
Load index... Graph level 5..
Total end-to-end search time: 196904463 ns
Total end-to-end search time: 182700207 ns
Total end-to-end search time: 188244499 ns
Total end-to-end search time: 194101944 ns
Total end-to-end search time: 194220095 ns
Query: 512, nThreads: 8, warmup: 4
====================================================================================================
(ns)
Load index... Graph level 5..
Total end-to-end search time: 196961596 ns
Total end-to-end search time: 182743354 ns
Total end-to-end search time: 188061120 ns
Total end-to-end search time: 194599067 ns
Total end-to-end search time: 194443774 ns
Query: 512, nThreads: 8, warmup: 4
====================================================================================================
(ns)
Load index... Graph level 5..
Total end-to-end search time: 196810107 ns
Total end-to-end search time: 182603535 ns
Total end-to-end search time: 187323303 ns
Total end-to-end search time: 194353391 ns
Total end-to-end search time: 193752833 ns
Query: 512, nThreads: 8, warmup: 4
====================================================================================================
(ns)
Load index... Graph level 5..
Total end-to-end search time: 196688687 ns
Total end-to-end search time: 182566195 ns
Total end-to-end search time: 188004051 ns
Total end-to-end search time: 194608536 ns
Total end-to-end search time: 194917920 ns
