Query: 64, nThreads: 1, warmup: 16
====================================================================================================
(ns)
Load index... Graph level 5..
Total end-to-end search time: 46852516 ns
Total end-to-end search time: 39742154 ns
Total end-to-end search time: 46548382 ns
Total end-to-end search time: 48699490 ns
Total end-to-end search time: 50886777 ns
Total end-to-end search time: 50458779 ns
Total end-to-end search time: 50624969 ns
Total end-to-end search time: 43473224 ns
Total end-to-end search time: 45437831 ns
Total end-to-end search time: 40277990 ns
Total end-to-end search time: 37367659 ns
Total end-to-end search time: 44513225 ns
Total end-to-end search time: 41791455 ns
Total end-to-end search time: 48664408 ns
Total end-to-end search time: 49578537 ns
Total end-to-end search time: 46511574 ns
Total end-to-end search time: 46366721 ns
Query: 64, nThreads: 1, warmup: 16
====================================================================================================
(ns)
Load index... Graph level 5..
Total end-to-end search time: 47067581 ns
Total end-to-end search time: 39889788 ns
Total end-to-end search time: 46892769 ns
Total end-to-end search time: 48962521 ns
Total end-to-end search time: 50779252 ns
Total end-to-end search time: 50674784 ns
Total end-to-end search time: 50846918 ns
Total end-to-end search time: 43522985 ns
Total end-to-end search time: 45396374 ns
Total end-to-end search time: 39839627 ns
Total end-to-end search time: 37238899 ns
Total end-to-end search time: 44507988 ns
Total end-to-end search time: 41729982 ns
Total end-to-end search time: 48950749 ns
Total end-to-end search time: 49435805 ns
Total end-to-end search time: 46453932 ns
Total end-to-end search time: 46227737 ns
Query: 64, nThreads: 1, warmup: 16
====================================================================================================
(ns)
Load index... Graph level 5..
Total end-to-end search time: 46666303 ns
Total end-to-end search time: 39522518 ns
Total end-to-end search time: 46406001 ns
Total end-to-end search time: 48458623 ns
Total end-to-end search time: 50194298 ns
Total end-to-end search time: 49961747 ns
Total end-to-end search time: 50136997 ns
Total end-to-end search time: 43242720 ns
Total end-to-end search time: 45164436 ns
Total end-to-end search time: 39797923 ns
Total end-to-end search time: 37000330 ns
Total end-to-end search time: 44389998 ns
Total end-to-end search time: 41739854 ns
Total end-to-end search time: 48435987 ns
Total end-to-end search time: 49419861 ns
Total end-to-end search time: 46440399 ns
Total end-to-end search time: 46448894 ns
Query: 64, nThreads: 1, warmup: 16
====================================================================================================
(ns)
Load index... Graph level 5..
Total end-to-end search time: 47108095 ns
Total end-to-end search time: 39655676 ns
Total end-to-end search time: 46560614 ns
Total end-to-end search time: 48776509 ns
Total end-to-end search time: 50406306 ns
Total end-to-end search time: 50304600 ns
Total end-to-end search time: 50542161 ns
Total end-to-end search time: 43347867 ns
Total end-to-end search time: 45247692 ns
Total end-to-end search time: 39746063 ns
Total end-to-end search time: 37079904 ns
Total end-to-end search time: 44384003 ns
Total end-to-end search time: 41537909 ns
Total end-to-end search time: 48558520 ns
Total end-to-end search time: 49684638 ns
Total end-to-end search time: 46476433 ns
Total end-to-end search time: 46262007 ns
Query: 64, nThreads: 1, warmup: 16
====================================================================================================
(ns)
Load index... Graph level 5..
Total end-to-end search time: 46903383 ns
Total end-to-end search time: 39830764 ns
Total end-to-end search time: 46838914 ns
Total end-to-end search time: 48629437 ns
Total end-to-end search time: 50364001 ns
Total end-to-end search time: 50186952 ns
Total end-to-end search time: 50462499 ns
Total end-to-end search time: 43520529 ns
Total end-to-end search time: 45305641 ns
Total end-to-end search time: 39670596 ns
Total end-to-end search time: 37117749 ns
Total end-to-end search time: 44296287 ns
Total end-to-end search time: 41517256 ns
Total end-to-end search time: 48355650 ns
Total end-to-end search time: 49279045 ns
Total end-to-end search time: 46301896 ns
Total end-to-end search time: 45885455 ns
Query: 64, nThreads: 1, warmup: 16
====================================================================================================
(ns)
Load index... Graph level 5..
Total end-to-end search time: 46711081 ns
Total end-to-end search time: 39612518 ns
Total end-to-end search time: 46482108 ns
Total end-to-end search time: 48508446 ns
Total end-to-end search time: 50661220 ns
Total end-to-end search time: 50220477 ns
Total end-to-end search time: 50389837 ns
Total end-to-end search time: 43385190 ns
Total end-to-end search time: 45412262 ns
Total end-to-end search time: 39810857 ns
Total end-to-end search time: 37069504 ns
Total end-to-end search time: 44305051 ns
Total end-to-end search time: 41500813 ns
Total end-to-end search time: 48782116 ns
Total end-to-end search time: 49325044 ns
Total end-to-end search time: 46240197 ns
Total end-to-end search time: 46053539 ns
Query: 64, nThreads: 1, warmup: 16
====================================================================================================
(ns)
Load index... Graph level 5..
Total end-to-end search time: 47002947 ns
Total end-to-end search time: 39642803 ns
Total end-to-end search time: 46455614 ns
Total end-to-end search time: 48833659 ns
Total end-to-end search time: 50883466 ns
Total end-to-end search time: 50388057 ns
Total end-to-end search time: 50428094 ns
Total end-to-end search time: 43538314 ns
Total end-to-end search time: 45360985 ns
Total end-to-end search time: 39803642 ns
Total end-to-end search time: 37168949 ns
Total end-to-end search time: 44540190 ns
Total end-to-end search time: 41644562 ns
Total end-to-end search time: 48708789 ns
Total end-to-end search time: 49731513 ns
Total end-to-end search time: 46352148 ns
Total end-to-end search time: 46152174 ns
Query: 64, nThreads: 1, warmup: 16
====================================================================================================
(ns)
Load index... Graph level 5..
Total end-to-end search time: 46715956 ns
Total end-to-end search time: 39659038 ns
Total end-to-end search time: 46748604 ns
Total end-to-end search time: 48734220 ns
Total end-to-end search time: 50416954 ns
Total end-to-end search time: 50032174 ns
Total end-to-end search time: 50252701 ns
Total end-to-end search time: 43314767 ns
Total end-to-end search time: 45222374 ns
Total end-to-end search time: 39843942 ns
Total end-to-end search time: 37146977 ns
Total end-to-end search time: 44540239 ns
Total end-to-end search time: 41526268 ns
Total end-to-end search time: 48538342 ns
Total end-to-end search time: 49359833 ns
Total end-to-end search time: 46319483 ns
Total end-to-end search time: 45948273 ns
Query: 64, nThreads: 1, warmup: 16
====================================================================================================
(ns)
Load index... Graph level 5..
Total end-to-end search time: 47083640 ns
Total end-to-end search time: 39707532 ns
Total end-to-end search time: 46770923 ns
Total end-to-end search time: 48702551 ns
Total end-to-end search time: 50751298 ns
Total end-to-end search time: 50465358 ns
Total end-to-end search time: 50549476 ns
Total end-to-end search time: 43665340 ns
Total end-to-end search time: 45295881 ns
Total end-to-end search time: 39828804 ns
Total end-to-end search time: 37256994 ns
Total end-to-end search time: 44588568 ns
Total end-to-end search time: 41927068 ns
Total end-to-end search time: 48627443 ns
Total end-to-end search time: 49355413 ns
Total end-to-end search time: 46576372 ns
Total end-to-end search time: 46235694 ns
Query: 64, nThreads: 1, warmup: 16
====================================================================================================
(ns)
Load index... Graph level 5..
Total end-to-end search time: 47189464 ns
Total end-to-end search time: 39812838 ns
Total end-to-end search time: 46636789 ns
Total end-to-end search time: 48911803 ns
Total end-to-end search time: 50872022 ns
Total end-to-end search time: 50334855 ns
Total end-to-end search time: 50531380 ns
Total end-to-end search time: 43465655 ns
Total end-to-end search time: 45461533 ns
Total end-to-end search time: 39964642 ns
Total end-to-end search time: 37432273 ns
Total end-to-end search time: 44713062 ns
Total end-to-end search time: 41654576 ns
Total end-to-end search time: 48844529 ns
Total end-to-end search time: 49594597 ns
Total end-to-end search time: 46564228 ns
Total end-to-end search time: 46145046 ns
Query: 64, nThreads: 1, warmup: 16
====================================================================================================
(ns)
Load index... Graph level 5..
Total end-to-end search time: 47070651 ns
Total end-to-end search time: 39575259 ns
Total end-to-end search time: 46477774 ns
Total end-to-end search time: 48544926 ns
Total end-to-end search time: 50403617 ns
Total end-to-end search time: 50116742 ns
Total end-to-end search time: 50164693 ns
Total end-to-end search time: 43280253 ns
Total end-to-end search time: 45465563 ns
Total end-to-end search time: 39846227 ns
Total end-to-end search time: 37182199 ns
Total end-to-end search time: 44336392 ns
Total end-to-end search time: 41537827 ns
Total end-to-end search time: 48611481 ns
Total end-to-end search time: 49544064 ns
Total end-to-end search time: 46378209 ns
Total end-to-end search time: 46224525 ns
Query: 64, nThreads: 1, warmup: 16
====================================================================================================
(ns)
Load index... Graph level 5..
Total end-to-end search time: 47415582 ns
Total end-to-end search time: 39924309 ns
Total end-to-end search time: 46502190 ns
Total end-to-end search time: 48862859 ns
Total end-to-end search time: 50390381 ns
Total end-to-end search time: 50184049 ns
Total end-to-end search time: 50329160 ns
Total end-to-end search time: 43340028 ns
Total end-to-end search time: 45605341 ns
Total end-to-end search time: 40046943 ns
Total end-to-end search time: 37121584 ns
Total end-to-end search time: 44607154 ns
Total end-to-end search time: 41714491 ns
Total end-to-end search time: 48636434 ns
Total end-to-end search time: 49528773 ns
Total end-to-end search time: 46590256 ns
Total end-to-end search time: 46144467 ns
Query: 64, nThreads: 1, warmup: 16
====================================================================================================
(ns)
Load index... Graph level 5..
Total end-to-end search time: 47024411 ns
Total end-to-end search time: 39833310 ns
Total end-to-end search time: 46442671 ns
Total end-to-end search time: 48479910 ns
Total end-to-end search time: 50418568 ns
Total end-to-end search time: 50038156 ns
Total end-to-end search time: 50993499 ns
Total end-to-end search time: 43545838 ns
Total end-to-end search time: 45387772 ns
Total end-to-end search time: 40046506 ns
Total end-to-end search time: 37451822 ns
Total end-to-end search time: 44542698 ns
Total end-to-end search time: 41713708 ns
Total end-to-end search time: 48676966 ns
Total end-to-end search time: 49482547 ns
Total end-to-end search time: 46536290 ns
Total end-to-end search time: 46292005 ns
Query: 64, nThreads: 1, warmup: 16
====================================================================================================
(ns)
Load index... Graph level 5..
Total end-to-end search time: 46910894 ns
Total end-to-end search time: 39764842 ns
Total end-to-end search time: 46834607 ns
Total end-to-end search time: 48941459 ns
Total end-to-end search time: 50696091 ns
Total end-to-end search time: 50167179 ns
Total end-to-end search time: 50317821 ns
Total end-to-end search time: 43335769 ns
Total end-to-end search time: 45384607 ns
Total end-to-end search time: 40098868 ns
Total end-to-end search time: 37061411 ns
Total end-to-end search time: 44462858 ns
Total end-to-end search time: 41656098 ns
Total end-to-end search time: 48606606 ns
Total end-to-end search time: 49260482 ns
Total end-to-end search time: 46408760 ns
Total end-to-end search time: 46004573 ns
Query: 64, nThreads: 1, warmup: 16
====================================================================================================
(ns)
Load index... Graph level 5..
Total end-to-end search time: 46814853 ns
Total end-to-end search time: 39735017 ns
Total end-to-end search time: 46730330 ns
Total end-to-end search time: 48566711 ns
Total end-to-end search time: 50455434 ns
Total end-to-end search time: 50083633 ns
Total end-to-end search time: 50301125 ns
Total end-to-end search time: 43471205 ns
Total end-to-end search time: 45314182 ns
Total end-to-end search time: 40066592 ns
Total end-to-end search time: 37268276 ns
Total end-to-end search time: 44446555 ns
Total end-to-end search time: 41703841 ns
Total end-to-end search time: 48799844 ns
Total end-to-end search time: 49429016 ns
Total end-to-end search time: 46289695 ns
Total end-to-end search time: 46167308 ns
Query: 64, nThreads: 1, warmup: 16
====================================================================================================
(ns)
Load index... Graph level 5..
Total end-to-end search time: 46753391 ns
Total end-to-end search time: 39740863 ns
Total end-to-end search time: 46723800 ns
Total end-to-end search time: 48573276 ns
Total end-to-end search time: 50525435 ns
Total end-to-end search time: 50202310 ns
Total end-to-end search time: 50151294 ns
Total end-to-end search time: 43271118 ns
Total end-to-end search time: 45250347 ns
Total end-to-end search time: 39782047 ns
Total end-to-end search time: 37207662 ns
Total end-to-end search time: 44363132 ns
Total end-to-end search time: 41470246 ns
Total end-to-end search time: 48428858 ns
Total end-to-end search time: 49231205 ns
Total end-to-end search time: 46140327 ns
Total end-to-end search time: 45845670 ns
Query: 64, nThreads: 1, warmup: 16
====================================================================================================
(ns)
Load index... Graph level 5..
Total end-to-end search time: 47037388 ns
Total end-to-end search time: 39717792 ns
Total end-to-end search time: 46493819 ns
Total end-to-end search time: 48595805 ns
Total end-to-end search time: 50486726 ns
Total end-to-end search time: 50222970 ns
Total end-to-end search time: 50481863 ns
Total end-to-end search time: 43486649 ns
Total end-to-end search time: 45599888 ns
Total end-to-end search time: 39853050 ns
Total end-to-end search time: 37114402 ns
Total end-to-end search time: 44413511 ns
Total end-to-end search time: 41634446 ns
Total end-to-end search time: 48538826 ns
Total end-to-end search time: 49440123 ns
Total end-to-end search time: 46469982 ns
Total end-to-end search time: 46329573 ns
Query: 64, nThreads: 1, warmup: 16
====================================================================================================
(ns)
Load index... Graph level 5..
Total end-to-end search time: 47004705 ns
Total end-to-end search time: 39800135 ns
Total end-to-end search time: 46814260 ns
Total end-to-end search time: 48878338 ns
Total end-to-end search time: 50583742 ns
Total end-to-end search time: 50492645 ns
Total end-to-end search time: 50635823 ns
Total end-to-end search time: 43595682 ns
Total end-to-end search time: 45402634 ns
Total end-to-end search time: 39985261 ns
Total end-to-end search time: 37411325 ns
Total end-to-end search time: 44753538 ns
Total end-to-end search time: 41692785 ns
Total end-to-end search time: 48583044 ns
Total end-to-end search time: 49451032 ns
Total end-to-end search time: 46283397 ns
Total end-to-end search time: 46248911 ns
Query: 64, nThreads: 1, warmup: 16
====================================================================================================
(ns)
Load index... Graph level 5..
Total end-to-end search time: 46632304 ns
Total end-to-end search time: 39628999 ns
Total end-to-end search time: 46389447 ns
Total end-to-end search time: 48780912 ns
Total end-to-end search time: 50445213 ns
Total end-to-end search time: 50271830 ns
Total end-to-end search time: 50410184 ns
Total end-to-end search time: 43442589 ns
Total end-to-end search time: 45472716 ns
Total end-to-end search time: 39953955 ns
Total end-to-end search time: 37187213 ns
Total end-to-end search time: 44402306 ns
Total end-to-end search time: 41516497 ns
Total end-to-end search time: 48476614 ns
Total end-to-end search time: 49314878 ns
Total end-to-end search time: 46216024 ns
Total end-to-end search time: 45957954 ns
Query: 64, nThreads: 1, warmup: 16
====================================================================================================
(ns)
Load index... Graph level 5..
Total end-to-end search time: 46794318 ns
Total end-to-end search time: 39651703 ns
Total end-to-end search time: 46368313 ns
Total end-to-end search time: 48536375 ns
Total end-to-end search time: 50546013 ns
Total end-to-end search time: 50056080 ns
Total end-to-end search time: 50346652 ns
Total end-to-end search time: 43174052 ns
Total end-to-end search time: 45314868 ns
Total end-to-end search time: 39622703 ns
Total end-to-end search time: 37048478 ns
Total end-to-end search time: 44512387 ns
Total end-to-end search time: 41501555 ns
Total end-to-end search time: 48448827 ns
Total end-to-end search time: 49315087 ns
Total end-to-end search time: 46361253 ns
Total end-to-end search time: 46273346 ns
Query: 64, nThreads: 1, warmup: 16
====================================================================================================
(ns)
Load index... Graph level 5..
Total end-to-end search time: 47019257 ns
Total end-to-end search time: 39748102 ns
Total end-to-end search time: 46682793 ns
Total end-to-end search time: 48800673 ns
Total end-to-end search time: 50621124 ns
Total end-to-end search time: 50270453 ns
Total end-to-end search time: 50457825 ns
Total end-to-end search time: 43626871 ns
Total end-to-end search time: 45675009 ns
Total end-to-end search time: 39942317 ns
Total end-to-end search time: 37159938 ns
Total end-to-end search time: 44579477 ns
Total end-to-end search time: 41737518 ns
Total end-to-end search time: 48806035 ns
Total end-to-end search time: 49470651 ns
Total end-to-end search time: 46470881 ns
Total end-to-end search time: 46178786 ns
Query: 64, nThreads: 1, warmup: 16
====================================================================================================
(ns)
Load index... Graph level 5..
Total end-to-end search time: 46770725 ns
Total end-to-end search time: 39648037 ns
Total end-to-end search time: 46667943 ns
Total end-to-end search time: 48543997 ns
Total end-to-end search time: 50314952 ns
Total end-to-end search time: 50105596 ns
Total end-to-end search time: 50316937 ns
Total end-to-end search time: 43436554 ns
Total end-to-end search time: 45288073 ns
Total end-to-end search time: 39904902 ns
Total end-to-end search time: 37167055 ns
Total end-to-end search time: 44425657 ns
Total end-to-end search time: 41626635 ns
Total end-to-end search time: 48418540 ns
Total end-to-end search time: 49307838 ns
Total end-to-end search time: 46267900 ns
Total end-to-end search time: 46186148 ns
Query: 64, nThreads: 1, warmup: 16
====================================================================================================
(ns)
Load index... Graph level 5..
Total end-to-end search time: 46744395 ns
Total end-to-end search time: 39599058 ns
Total end-to-end search time: 46601900 ns
Total end-to-end search time: 48881585 ns
Total end-to-end search time: 50415740 ns
Total end-to-end search time: 49981092 ns
Total end-to-end search time: 50209673 ns
Total end-to-end search time: 43396760 ns
Total end-to-end search time: 45444914 ns
Total end-to-end search time: 39979068 ns
Total end-to-end search time: 37123924 ns
Total end-to-end search time: 44235770 ns
Total end-to-end search time: 41570945 ns
Total end-to-end search time: 48525284 ns
Total end-to-end search time: 49682551 ns
Total end-to-end search time: 46581567 ns
Total end-to-end search time: 46159793 ns
Query: 64, nThreads: 1, warmup: 16
====================================================================================================
(ns)
Load index... Graph level 5..
Total end-to-end search time: 47071472 ns
Total end-to-end search time: 39857468 ns
Total end-to-end search time: 46425496 ns
Total end-to-end search time: 48607818 ns
Total end-to-end search time: 50462368 ns
Total end-to-end search time: 50016567 ns
Total end-to-end search time: 50483784 ns
Total end-to-end search time: 43591336 ns
Total end-to-end search time: 45377302 ns
Total end-to-end search time: 39741132 ns
Total end-to-end search time: 37126954 ns
Total end-to-end search time: 44415145 ns
Total end-to-end search time: 41779206 ns
Total end-to-end search time: 48736894 ns
Total end-to-end search time: 49577462 ns
Total end-to-end search time: 46507558 ns
Total end-to-end search time: 46209696 ns
Query: 64, nThreads: 1, warmup: 16
====================================================================================================
(ns)
Load index... Graph level 5..
Total end-to-end search time: 46856857 ns
Total end-to-end search time: 39806428 ns
Total end-to-end search time: 46577344 ns
Total end-to-end search time: 48650023 ns
Total end-to-end search time: 50541877 ns
Total end-to-end search time: 50064416 ns
Total end-to-end search time: 50208124 ns
Total end-to-end search time: 43258734 ns
Total end-to-end search time: 45290415 ns
Total end-to-end search time: 39940335 ns
Total end-to-end search time: 37266117 ns
Total end-to-end search time: 44283524 ns
Total end-to-end search time: 41583354 ns
Total end-to-end search time: 48395582 ns
Total end-to-end search time: 49245319 ns
Total end-to-end search time: 46156824 ns
Total end-to-end search time: 45979822 ns
Query: 64, nThreads: 1, warmup: 16
====================================================================================================
(ns)
Load index... Graph level 5..
Total end-to-end search time: 46750408 ns
Total end-to-end search time: 39737244 ns
Total end-to-end search time: 46720138 ns
Total end-to-end search time: 48959038 ns
Total end-to-end search time: 50466482 ns
Total end-to-end search time: 50129707 ns
Total end-to-end search time: 50676546 ns
Total end-to-end search time: 43624623 ns
Total end-to-end search time: 45549798 ns
Total end-to-end search time: 39816759 ns
Total end-to-end search time: 37112659 ns
Total end-to-end search time: 44480376 ns
Total end-to-end search time: 41648865 ns
Total end-to-end search time: 48516871 ns
Total end-to-end search time: 49494329 ns
Total end-to-end search time: 46412827 ns
Total end-to-end search time: 46299000 ns
Query: 64, nThreads: 1, warmup: 16
====================================================================================================
(ns)
Load index... Graph level 5..
Total end-to-end search time: 47065370 ns
Total end-to-end search time: 39712011 ns
Total end-to-end search time: 46395947 ns
Total end-to-end search time: 48525020 ns
Total end-to-end search time: 50295110 ns
Total end-to-end search time: 50068318 ns
Total end-to-end search time: 50493279 ns
Total end-to-end search time: 43491900 ns
Total end-to-end search time: 45296960 ns
Total end-to-end search time: 39816938 ns
Total end-to-end search time: 37169470 ns
Total end-to-end search time: 44332630 ns
Total end-to-end search time: 41641415 ns
Total end-to-end search time: 48422389 ns
Total end-to-end search time: 49270058 ns
Total end-to-end search time: 46191042 ns
Total end-to-end search time: 45979261 ns
Query: 64, nThreads: 1, warmup: 16
====================================================================================================
(ns)
Load index... Graph level 5..
Total end-to-end search time: 46658166 ns
Total end-to-end search time: 39660633 ns
Total end-to-end search time: 46644456 ns
Total end-to-end search time: 48648599 ns
Total end-to-end search time: 50332294 ns
Total end-to-end search time: 49986760 ns
Total end-to-end search time: 50327158 ns
Total end-to-end search time: 43338324 ns
Total end-to-end search time: 45378145 ns
Total end-to-end search time: 39791414 ns
Total end-to-end search time: 37143557 ns
Total end-to-end search time: 44391376 ns
Total end-to-end search time: 41642992 ns
Total end-to-end search time: 48479757 ns
Total end-to-end search time: 49293155 ns
Total end-to-end search time: 46759539 ns
Total end-to-end search time: 46175086 ns
Query: 64, nThreads: 1, warmup: 16
====================================================================================================
(ns)
Load index... Graph level 5..
Total end-to-end search time: 47069156 ns
Total end-to-end search time: 39901553 ns
Total end-to-end search time: 46825954 ns
Total end-to-end search time: 48653514 ns
Total end-to-end search time: 50484778 ns
Total end-to-end search time: 50277101 ns
Total end-to-end search time: 50434747 ns
Total end-to-end search time: 43410338 ns
Total end-to-end search time: 45360975 ns
Total end-to-end search time: 40143497 ns
Total end-to-end search time: 37466758 ns
Total end-to-end search time: 44634776 ns
Total end-to-end search time: 41742569 ns
Total end-to-end search time: 48661911 ns
Total end-to-end search time: 49388857 ns
Total end-to-end search time: 46347840 ns
Total end-to-end search time: 46293167 ns
Query: 64, nThreads: 1, warmup: 16
====================================================================================================
(ns)
Load index... Graph level 5..
Total end-to-end search time: 47103396 ns
Total end-to-end search time: 39845801 ns
Total end-to-end search time: 46628641 ns
Total end-to-end search time: 48617271 ns
Total end-to-end search time: 50520143 ns
Total end-to-end search time: 50173528 ns
Total end-to-end search time: 50377733 ns
Total end-to-end search time: 43541932 ns
Total end-to-end search time: 45367315 ns
Total end-to-end search time: 39952372 ns
Total end-to-end search time: 37126537 ns
Total end-to-end search time: 44577730 ns
Total end-to-end search time: 41708484 ns
Total end-to-end search time: 48709788 ns
Total end-to-end search time: 49332553 ns
Total end-to-end search time: 46287647 ns
Total end-to-end search time: 46213504 ns
