Query: 8192, nThreads: 16, warmup: 1
====================================================================================================
(ns)
Load index... Graph level 5..
Total end-to-end search time: 2959743379 ns
Total end-to-end search time: 644047463 ns
Query: 8192, nThreads: 16, warmup: 1
====================================================================================================
(ns)
Load index... Graph level 5..
Total end-to-end search time: 2965649033 ns
Total end-to-end search time: 637843344 ns
Query: 8192, nThreads: 16, warmup: 1
====================================================================================================
(ns)
Load index... Graph level 5..
Total end-to-end search time: 2972849463 ns
Total end-to-end search time: 644362263 ns
Query: 8192, nThreads: 16, warmup: 1
====================================================================================================
(ns)
Load index... Graph level 5..
Total end-to-end search time: 2953158821 ns
Total end-to-end search time: 644199333 ns
Query: 8192, nThreads: 16, warmup: 1
====================================================================================================
(ns)
Load index... Graph level 5..
Total end-to-end search time: 2970368053 ns
Total end-to-end search time: 644282888 ns
Query: 8192, nThreads: 16, warmup: 1
====================================================================================================
(ns)
Load index... Graph level 5..
Total end-to-end search time: 2962392539 ns
Total end-to-end search time: 643724891 ns
Query: 8192, nThreads: 16, warmup: 1
====================================================================================================
(ns)
Load index... Graph level 5..
Total end-to-end search time: 2969245753 ns
Total end-to-end search time: 644264000 ns
Query: 8192, nThreads: 16, warmup: 1
====================================================================================================
(ns)
Load index... Graph level 5..
Total end-to-end search time: 2964376286 ns
Total end-to-end search time: 642644301 ns
Query: 8192, nThreads: 16, warmup: 1
====================================================================================================
(ns)
Load index... Graph level 5..
Total end-to-end search time: 2964608350 ns
Total end-to-end search time: 638212495 ns
Query: 8192, nThreads: 16, warmup: 1
====================================================================================================
(ns)
Load index... Graph level 5..
Total end-to-end search time: 2964250486 ns
Total end-to-end search time: 638219752 ns
Query: 8192, nThreads: 16, warmup: 1
====================================================================================================
(ns)
Load index... Graph level 5..
Total end-to-end search time: 2964696104 ns
Total end-to-end search time: 643832280 ns
Query: 8192, nThreads: 16, warmup: 1
====================================================================================================
(ns)
Load index... Graph level 5..
Total end-to-end search time: 2968688468 ns
Total end-to-end search time: 641491484 ns
Query: 8192, nThreads: 16, warmup: 1
====================================================================================================
(ns)
Load index... Graph level 5..
Total end-to-end search time: 2968604817 ns
Total end-to-end search time: 641968927 ns
Query: 8192, nThreads: 16, warmup: 1
====================================================================================================
(ns)
Load index... Graph level 5..
Total end-to-end search time: 2968559805 ns
Total end-to-end search time: 642425957 ns
Query: 8192, nThreads: 16, warmup: 1
====================================================================================================
(ns)
Load index... Graph level 5..
Total end-to-end search time: 2965415389 ns
Total end-to-end search time: 644143738 ns
Query: 8192, nThreads: 16, warmup: 1
====================================================================================================
(ns)
Load index... Graph level 5..
Total end-to-end search time: 2970298792 ns
Total end-to-end search time: 643704207 ns
Query: 8192, nThreads: 16, warmup: 1
====================================================================================================
(ns)
Load index... Graph level 5..
Total end-to-end search time: 2954409322 ns
Total end-to-end search time: 642413016 ns
Query: 8192, nThreads: 16, warmup: 1
====================================================================================================
(ns)
Load index... Graph level 5..
Total end-to-end search time: 2956050161 ns
Total end-to-end search time: 643471120 ns
Query: 8192, nThreads: 16, warmup: 1
====================================================================================================
(ns)
Load index... Graph level 5..
Total end-to-end search time: 2968920414 ns
Total end-to-end search time: 644245128 ns
Query: 8192, nThreads: 16, warmup: 1
====================================================================================================
(ns)
Load index... Graph level 5..
Total end-to-end search time: 2967885019 ns
Total end-to-end search time: 644208528 ns
Query: 8192, nThreads: 16, warmup: 1
====================================================================================================
(ns)
Load index... Graph level 5..
Total end-to-end search time: 2971100471 ns
Total end-to-end search time: 643028315 ns
Query: 8192, nThreads: 16, warmup: 1
====================================================================================================
(ns)
Load index... Graph level 5..
Total end-to-end search time: 2970432815 ns
Total end-to-end search time: 643100632 ns
Query: 8192, nThreads: 16, warmup: 1
====================================================================================================
(ns)
Load index... Graph level 5..
Total end-to-end search time: 2971763808 ns
Total end-to-end search time: 639745051 ns
Query: 8192, nThreads: 16, warmup: 1
====================================================================================================
(ns)
Load index... Graph level 5..
Total end-to-end search time: 2940685627 ns
Total end-to-end search time: 643319050 ns
Query: 8192, nThreads: 16, warmup: 1
====================================================================================================
(ns)
Load index... Graph level 5..
Total end-to-end search time: 2968881119 ns
Total end-to-end search time: 643984731 ns
Query: 8192, nThreads: 16, warmup: 1
====================================================================================================
(ns)
Load index... Graph level 5..
Total end-to-end search time: 2972071650 ns
Total end-to-end search time: 642450608 ns
Query: 8192, nThreads: 16, warmup: 1
====================================================================================================
(ns)
Load index... Graph level 5..
Total end-to-end search time: 2969507267 ns
Total end-to-end search time: 644498842 ns
Query: 8192, nThreads: 16, warmup: 1
====================================================================================================
(ns)
Load index... Graph level 5..
Total end-to-end search time: 2972150858 ns
Total end-to-end search time: 643738999 ns
Query: 8192, nThreads: 16, warmup: 1
====================================================================================================
(ns)
Load index... Graph level 5..
Total end-to-end search time: 2969619450 ns
Total end-to-end search time: 643881166 ns
Query: 8192, nThreads: 16, warmup: 1
====================================================================================================
(ns)
Load index... Graph level 5..
Total end-to-end search time: 2971427827 ns
Total end-to-end search time: 642149888 ns
