Query: 8, nThreads: 4, warmup: 16
====================================================================================================
(ns)
Load index... Graph level 5..
Total end-to-end search time: 6795763 ns
Total end-to-end search time: 6715589 ns
Total end-to-end search time: 6045589 ns
Total end-to-end search time: 5746066 ns
Total end-to-end search time: 6146968 ns
Total end-to-end search time: 5797463 ns
Total end-to-end search time: 4937463 ns
Total end-to-end search time: 4914453 ns
Total end-to-end search time: 4332935 ns
Total end-to-end search time: 5608565 ns
Total end-to-end search time: 5206258 ns
Total end-to-end search time: 4463035 ns
Total end-to-end search time: 5148378 ns
Total end-to-end search time: 4351773 ns
Total end-to-end search time: 4967667 ns
Total end-to-end search time: 5660046 ns
Total end-to-end search time: 5782636 ns
Query: 8, nThreads: 4, warmup: 16
====================================================================================================
(ns)
Load index... Graph level 5..
Total end-to-end search time: 7047458 ns
Total end-to-end search time: 6697345 ns
Total end-to-end search time: 6030551 ns
Total end-to-end search time: 5733685 ns
Total end-to-end search time: 6104565 ns
Total end-to-end search time: 5780296 ns
Total end-to-end search time: 4908708 ns
Total end-to-end search time: 4910329 ns
Total end-to-end search time: 4511460 ns
Total end-to-end search time: 5592988 ns
Total end-to-end search time: 5204788 ns
Total end-to-end search time: 4463678 ns
Total end-to-end search time: 5191491 ns
Total end-to-end search time: 4388535 ns
Total end-to-end search time: 4990696 ns
Total end-to-end search time: 5669151 ns
Total end-to-end search time: 5791768 ns
Query: 8, nThreads: 4, warmup: 16
====================================================================================================
(ns)
Load index... Graph level 5..
Total end-to-end search time: 6779556 ns
Total end-to-end search time: 6664974 ns
Total end-to-end search time: 5962418 ns
Total end-to-end search time: 5706375 ns
Total end-to-end search time: 6115333 ns
Total end-to-end search time: 5778990 ns
Total end-to-end search time: 4891030 ns
Total end-to-end search time: 4892913 ns
Total end-to-end search time: 4322293 ns
Total end-to-end search time: 5623697 ns
Total end-to-end search time: 5221045 ns
Total end-to-end search time: 4473840 ns
Total end-to-end search time: 5181008 ns
Total end-to-end search time: 4371493 ns
Total end-to-end search time: 4986826 ns
Total end-to-end search time: 5701988 ns
Total end-to-end search time: 5806177 ns
Query: 8, nThreads: 4, warmup: 16
====================================================================================================
(ns)
Load index... Graph level 5..
Total end-to-end search time: 6754333 ns
Total end-to-end search time: 6679106 ns
Total end-to-end search time: 6001535 ns
Total end-to-end search time: 5735687 ns
Total end-to-end search time: 6107687 ns
Total end-to-end search time: 5809923 ns
Total end-to-end search time: 4903797 ns
Total end-to-end search time: 4901357 ns
Total end-to-end search time: 4346232 ns
Total end-to-end search time: 5595540 ns
Total end-to-end search time: 5222738 ns
Total end-to-end search time: 4438224 ns
Total end-to-end search time: 5173845 ns
Total end-to-end search time: 4339276 ns
Total end-to-end search time: 4957372 ns
Total end-to-end search time: 5685312 ns
Total end-to-end search time: 5786780 ns
Query: 8, nThreads: 4, warmup: 16
====================================================================================================
(ns)
Load index... Graph level 5..
Total end-to-end search time: 6766833 ns
Total end-to-end search time: 6685046 ns
Total end-to-end search time: 6032024 ns
Total end-to-end search time: 5735942 ns
Total end-to-end search time: 6128164 ns
Total end-to-end search time: 5770892 ns
Total end-to-end search time: 4872647 ns
Total end-to-end search time: 4878464 ns
Total end-to-end search time: 4334737 ns
Total end-to-end search time: 5585087 ns
Total end-to-end search time: 5214374 ns
Total end-to-end search time: 4426790 ns
Total end-to-end search time: 5131331 ns
Total end-to-end search time: 4322905 ns
Total end-to-end search time: 4932946 ns
Total end-to-end search time: 5664078 ns
Total end-to-end search time: 5781365 ns
Query: 8, nThreads: 4, warmup: 16
====================================================================================================
(ns)
Load index... Graph level 5..
Total end-to-end search time: 6750521 ns
Total end-to-end search time: 6682729 ns
Total end-to-end search time: 5975248 ns
Total end-to-end search time: 5702302 ns
Total end-to-end search time: 6098420 ns
Total end-to-end search time: 5788856 ns
Total end-to-end search time: 4884289 ns
Total end-to-end search time: 4869909 ns
Total end-to-end search time: 4316729 ns
Total end-to-end search time: 5577559 ns
Total end-to-end search time: 5190699 ns
Total end-to-end search time: 4455206 ns
Total end-to-end search time: 5161621 ns
Total end-to-end search time: 4338402 ns
Total end-to-end search time: 4955754 ns
Total end-to-end search time: 5661547 ns
Total end-to-end search time: 5779373 ns
Query: 8, nThreads: 4, warmup: 16
====================================================================================================
(ns)
Load index... Graph level 5..
Total end-to-end search time: 6726913 ns
Total end-to-end search time: 6652361 ns
Total end-to-end search time: 5988856 ns
Total end-to-end search time: 5703102 ns
Total end-to-end search time: 6105790 ns
Total end-to-end search time: 5780076 ns
Total end-to-end search time: 4875663 ns
Total end-to-end search time: 4879909 ns
Total end-to-end search time: 4309366 ns
Total end-to-end search time: 5566781 ns
Total end-to-end search time: 5171737 ns
Total end-to-end search time: 4436910 ns
Total end-to-end search time: 5145326 ns
Total end-to-end search time: 4360132 ns
Total end-to-end search time: 4968340 ns
Total end-to-end search time: 5648594 ns
Total end-to-end search time: 5756103 ns
Query: 8, nThreads: 4, warmup: 16
====================================================================================================
(ns)
Load index... Graph level 5..
Total end-to-end search time: 6791329 ns
Total end-to-end search time: 6722470 ns
Total end-to-end search time: 6049707 ns
Total end-to-end search time: 5724365 ns
Total end-to-end search time: 6154981 ns
Total end-to-end search time: 5809187 ns
Total end-to-end search time: 4901761 ns
Total end-to-end search time: 4909213 ns
Total end-to-end search time: 4527779 ns
Total end-to-end search time: 5615393 ns
Total end-to-end search time: 5226344 ns
Total end-to-end search time: 4456105 ns
Total end-to-end search time: 5179407 ns
Total end-to-end search time: 4383198 ns
Total end-to-end search time: 5005900 ns
Total end-to-end search time: 5698607 ns
Total end-to-end search time: 5815535 ns
Query: 8, nThreads: 4, warmup: 16
====================================================================================================
(ns)
Load index... Graph level 5..
Total end-to-end search time: 6897183 ns
Total end-to-end search time: 6664504 ns
Total end-to-end search time: 5986098 ns
Total end-to-end search time: 5711560 ns
Total end-to-end search time: 6096618 ns
Total end-to-end search time: 5773080 ns
Total end-to-end search time: 4928997 ns
Total end-to-end search time: 4882761 ns
Total end-to-end search time: 4306020 ns
Total end-to-end search time: 5575538 ns
Total end-to-end search time: 5201429 ns
Total end-to-end search time: 4453535 ns
Total end-to-end search time: 5125626 ns
Total end-to-end search time: 4329195 ns
Total end-to-end search time: 4953238 ns
Total end-to-end search time: 5659819 ns
Total end-to-end search time: 5772263 ns
Query: 8, nThreads: 4, warmup: 16
====================================================================================================
(ns)
Load index... Graph level 5..
Total end-to-end search time: 6809253 ns
Total end-to-end search time: 6724848 ns
Total end-to-end search time: 6050101 ns
Total end-to-end search time: 5757335 ns
Total end-to-end search time: 6175771 ns
Total end-to-end search time: 5844643 ns
Total end-to-end search time: 4942972 ns
Total end-to-end search time: 4925727 ns
Total end-to-end search time: 4327863 ns
Total end-to-end search time: 5610714 ns
Total end-to-end search time: 5232294 ns
Total end-to-end search time: 4490681 ns
Total end-to-end search time: 5187917 ns
Total end-to-end search time: 4347951 ns
Total end-to-end search time: 4963331 ns
Total end-to-end search time: 5644073 ns
Total end-to-end search time: 5758077 ns
Query: 8, nThreads: 4, warmup: 16
====================================================================================================
(ns)
Load index... Graph level 5..
Total end-to-end search time: 6781424 ns
Total end-to-end search time: 6742482 ns
Total end-to-end search time: 6036933 ns
Total end-to-end search time: 5756551 ns
Total end-to-end search time: 6161969 ns
Total end-to-end search time: 5834332 ns
Total end-to-end search time: 4938267 ns
Total end-to-end search time: 4903034 ns
Total end-to-end search time: 4370358 ns
Total end-to-end search time: 5612079 ns
Total end-to-end search time: 5233402 ns
Total end-to-end search time: 4489401 ns
Total end-to-end search time: 5174055 ns
Total end-to-end search time: 4385947 ns
Total end-to-end search time: 4989334 ns
Total end-to-end search time: 5677324 ns
Total end-to-end search time: 5850810 ns
Query: 8, nThreads: 4, warmup: 16
====================================================================================================
(ns)
Load index... Graph level 5..
Total end-to-end search time: 6800374 ns
Total end-to-end search time: 6694851 ns
Total end-to-end search time: 6025436 ns
Total end-to-end search time: 5736690 ns
Total end-to-end search time: 6120960 ns
Total end-to-end search time: 5815668 ns
Total end-to-end search time: 4913812 ns
Total end-to-end search time: 4895912 ns
Total end-to-end search time: 4315238 ns
Total end-to-end search time: 5609968 ns
Total end-to-end search time: 5193289 ns
Total end-to-end search time: 4435582 ns
Total end-to-end search time: 5135083 ns
Total end-to-end search time: 4355114 ns
Total end-to-end search time: 4974810 ns
Total end-to-end search time: 5680839 ns
Total end-to-end search time: 5830696 ns
Query: 8, nThreads: 4, warmup: 16
====================================================================================================
(ns)
Load index... Graph level 5..
Total end-to-end search time: 6723957 ns
Total end-to-end search time: 6659481 ns
Total end-to-end search time: 6002188 ns
Total end-to-end search time: 5698138 ns
Total end-to-end search time: 6089826 ns
Total end-to-end search time: 5783343 ns
Total end-to-end search time: 4888562 ns
Total end-to-end search time: 4878670 ns
Total end-to-end search time: 4322268 ns
Total end-to-end search time: 5565408 ns
Total end-to-end search time: 5178089 ns
Total end-to-end search time: 4431585 ns
Total end-to-end search time: 5129502 ns
Total end-to-end search time: 4322530 ns
Total end-to-end search time: 4940390 ns
Total end-to-end search time: 5661390 ns
Total end-to-end search time: 5788835 ns
Query: 8, nThreads: 4, warmup: 16
====================================================================================================
(ns)
Load index... Graph level 5..
Total end-to-end search time: 6793300 ns
Total end-to-end search time: 6676565 ns
Total end-to-end search time: 6001530 ns
Total end-to-end search time: 5721944 ns
Total end-to-end search time: 6098743 ns
Total end-to-end search time: 5767192 ns
Total end-to-end search time: 4894838 ns
Total end-to-end search time: 4879454 ns
Total end-to-end search time: 4327757 ns
Total end-to-end search time: 5583525 ns
Total end-to-end search time: 5206912 ns
Total end-to-end search time: 4635225 ns
Total end-to-end search time: 5150134 ns
Total end-to-end search time: 4361983 ns
Total end-to-end search time: 5008806 ns
Total end-to-end search time: 5699979 ns
Total end-to-end search time: 5827651 ns
Query: 8, nThreads: 4, warmup: 16
====================================================================================================
(ns)
Load index... Graph level 5..
Total end-to-end search time: 6955886 ns
Total end-to-end search time: 6767086 ns
Total end-to-end search time: 6063916 ns
Total end-to-end search time: 5769012 ns
Total end-to-end search time: 6150878 ns
Total end-to-end search time: 5828398 ns
Total end-to-end search time: 4933221 ns
Total end-to-end search time: 4931621 ns
Total end-to-end search time: 4365066 ns
Total end-to-end search time: 5650063 ns
Total end-to-end search time: 5191722 ns
Total end-to-end search time: 4444403 ns
Total end-to-end search time: 5153621 ns
Total end-to-end search time: 4366581 ns
Total end-to-end search time: 4984473 ns
Total end-to-end search time: 5699569 ns
Total end-to-end search time: 5797017 ns
Query: 8, nThreads: 4, warmup: 16
====================================================================================================
(ns)
Load index... Graph level 5..
Total end-to-end search time: 6802623 ns
Total end-to-end search time: 6657442 ns
Total end-to-end search time: 5972455 ns
Total end-to-end search time: 5682398 ns
Total end-to-end search time: 6164863 ns
Total end-to-end search time: 5795487 ns
Total end-to-end search time: 4887124 ns
Total end-to-end search time: 4868820 ns
Total end-to-end search time: 4323403 ns
Total end-to-end search time: 5585433 ns
Total end-to-end search time: 5178790 ns
Total end-to-end search time: 4429316 ns
Total end-to-end search time: 5126765 ns
Total end-to-end search time: 4322402 ns
Total end-to-end search time: 4963387 ns
Total end-to-end search time: 5658706 ns
Total end-to-end search time: 5747333 ns
Query: 8, nThreads: 4, warmup: 16
====================================================================================================
(ns)
Load index... Graph level 5..
Total end-to-end search time: 6847277 ns
Total end-to-end search time: 6714982 ns
Total end-to-end search time: 6004106 ns
Total end-to-end search time: 5731513 ns
Total end-to-end search time: 6164704 ns
Total end-to-end search time: 5863911 ns
Total end-to-end search time: 4943478 ns
Total end-to-end search time: 4938688 ns
Total end-to-end search time: 4350907 ns
Total end-to-end search time: 5608860 ns
Total end-to-end search time: 5210482 ns
Total end-to-end search time: 4495938 ns
Total end-to-end search time: 5175475 ns
Total end-to-end search time: 4377475 ns
Total end-to-end search time: 4978731 ns
Total end-to-end search time: 5707928 ns
Total end-to-end search time: 5824075 ns
Query: 8, nThreads: 4, warmup: 16
====================================================================================================
(ns)
Load index... Graph level 5..
Total end-to-end search time: 6818483 ns
Total end-to-end search time: 6629870 ns
Total end-to-end search time: 5985443 ns
Total end-to-end search time: 5702252 ns
Total end-to-end search time: 6095715 ns
Total end-to-end search time: 5781578 ns
Total end-to-end search time: 4871449 ns
Total end-to-end search time: 4865545 ns
Total end-to-end search time: 4320738 ns
Total end-to-end search time: 5583603 ns
Total end-to-end search time: 5195402 ns
Total end-to-end search time: 4441422 ns
Total end-to-end search time: 5126025 ns
Total end-to-end search time: 4342747 ns
Total end-to-end search time: 4984800 ns
Total end-to-end search time: 5695930 ns
Total end-to-end search time: 5808704 ns
Query: 8, nThreads: 4, warmup: 16
====================================================================================================
(ns)
Load index... Graph level 5..
Total end-to-end search time: 6719371 ns
Total end-to-end search time: 6676750 ns
Total end-to-end search time: 5969670 ns
Total end-to-end search time: 5695235 ns
Total end-to-end search time: 6090659 ns
Total end-to-end search time: 5794446 ns
Total end-to-end search time: 4879325 ns
Total end-to-end search time: 4887240 ns
Total end-to-end search time: 4323151 ns
Total end-to-end search time: 5596936 ns
Total end-to-end search time: 5226124 ns
Total end-to-end search time: 4469257 ns
Total end-to-end search time: 5191249 ns
Total end-to-end search time: 4341297 ns
Total end-to-end search time: 4968266 ns
Total end-to-end search time: 5708990 ns
Total end-to-end search time: 5783990 ns
Query: 8, nThreads: 4, warmup: 16
====================================================================================================
(ns)
Load index... Graph level 5..
Total end-to-end search time: 6746093 ns
Total end-to-end search time: 6691113 ns
Total end-to-end search time: 5988860 ns
Total end-to-end search time: 5701490 ns
Total end-to-end search time: 6101925 ns
Total end-to-end search time: 5789338 ns
Total end-to-end search time: 4883782 ns
Total end-to-end search time: 4892697 ns
Total end-to-end search time: 4324539 ns
Total end-to-end search time: 5604004 ns
Total end-to-end search time: 5241847 ns
Total end-to-end search time: 4475824 ns
Total end-to-end search time: 5170213 ns
Total end-to-end search time: 4340799 ns
Total end-to-end search time: 4960502 ns
Total end-to-end search time: 5666100 ns
Total end-to-end search time: 5811487 ns
Query: 8, nThreads: 4, warmup: 16
====================================================================================================
(ns)
Load index... Graph level 5..
Total end-to-end search time: 6843701 ns
Total end-to-end search time: 6704729 ns
Total end-to-end search time: 6033269 ns
Total end-to-end search time: 5754257 ns
Total end-to-end search time: 6147114 ns
Total end-to-end search time: 5819282 ns
Total end-to-end search time: 4907347 ns
Total end-to-end search time: 4911191 ns
Total end-to-end search time: 4312246 ns
Total end-to-end search time: 5593825 ns
Total end-to-end search time: 5198912 ns
Total end-to-end search time: 4430430 ns
Total end-to-end search time: 5124966 ns
Total end-to-end search time: 4331654 ns
Total end-to-end search time: 4997197 ns
Total end-to-end search time: 5678906 ns
Total end-to-end search time: 5753757 ns
Query: 8, nThreads: 4, warmup: 16
====================================================================================================
(ns)
Load index... Graph level 5..
Total end-to-end search time: 6819134 ns
Total end-to-end search time: 6708337 ns
Total end-to-end search time: 6025613 ns
Total end-to-end search time: 5757242 ns
Total end-to-end search time: 6163354 ns
Total end-to-end search time: 5797782 ns
Total end-to-end search time: 4927859 ns
Total end-to-end search time: 4892745 ns
Total end-to-end search time: 4319534 ns
Total end-to-end search time: 5603413 ns
Total end-to-end search time: 5205404 ns
Total end-to-end search time: 4431463 ns
Total end-to-end search time: 5145897 ns
Total end-to-end search time: 4341180 ns
Total end-to-end search time: 4952575 ns
Total end-to-end search time: 5671787 ns
Total end-to-end search time: 5810108 ns
Query: 8, nThreads: 4, warmup: 16
====================================================================================================
(ns)
Load index... Graph level 5..
Total end-to-end search time: 6719442 ns
Total end-to-end search time: 6625943 ns
Total end-to-end search time: 6000580 ns
Total end-to-end search time: 5689127 ns
Total end-to-end search time: 6074087 ns
Total end-to-end search time: 5817071 ns
Total end-to-end search time: 4881310 ns
Total end-to-end search time: 4881682 ns
Total end-to-end search time: 4326840 ns
Total end-to-end search time: 5558459 ns
Total end-to-end search time: 5199550 ns
Total end-to-end search time: 4440151 ns
Total end-to-end search time: 5148072 ns
Total end-to-end search time: 4357316 ns
Total end-to-end search time: 4986559 ns
Total end-to-end search time: 5670287 ns
Total end-to-end search time: 5775569 ns
Query: 8, nThreads: 4, warmup: 16
====================================================================================================
(ns)
Load index... Graph level 5..
Total end-to-end search time: 6751004 ns
Total end-to-end search time: 6724012 ns
Total end-to-end search time: 5976989 ns
Total end-to-end search time: 5733326 ns
Total end-to-end search time: 6146221 ns
Total end-to-end search time: 5811921 ns
Total end-to-end search time: 4891535 ns
Total end-to-end search time: 4881138 ns
Total end-to-end search time: 4315781 ns
Total end-to-end search time: 5587668 ns
Total end-to-end search time: 5195802 ns
Total end-to-end search time: 4440625 ns
Total end-to-end search time: 5122744 ns
Total end-to-end search time: 4368154 ns
Total end-to-end search time: 4967192 ns
Total end-to-end search time: 5643126 ns
Total end-to-end search time: 5765410 ns
Query: 8, nThreads: 4, warmup: 16
====================================================================================================
(ns)
Load index... Graph level 5..
Total end-to-end search time: 6734962 ns
Total end-to-end search time: 6681152 ns
Total end-to-end search time: 5985863 ns
Total end-to-end search time: 5714296 ns
Total end-to-end search time: 6125447 ns
Total end-to-end search time: 5832348 ns
Total end-to-end search time: 4915424 ns
Total end-to-end search time: 4901416 ns
Total end-to-end search time: 4336549 ns
Total end-to-end search time: 5596944 ns
Total end-to-end search time: 5232474 ns
Total end-to-end search time: 4474142 ns
Total end-to-end search time: 5195609 ns
Total end-to-end search time: 4369126 ns
Total end-to-end search time: 4985936 ns
Total end-to-end search time: 5714082 ns
Total end-to-end search time: 5830734 ns
Query: 8, nThreads: 4, warmup: 16
====================================================================================================
(ns)
Load index... Graph level 5..
Total end-to-end search time: 6675048 ns
Total end-to-end search time: 6679472 ns
Total end-to-end search time: 5997998 ns
Total end-to-end search time: 5673902 ns
Total end-to-end search time: 6094290 ns
Total end-to-end search time: 5768710 ns
Total end-to-end search time: 4851561 ns
Total end-to-end search time: 4883557 ns
Total end-to-end search time: 4327066 ns
Total end-to-end search time: 5615038 ns
Total end-to-end search time: 5195646 ns
Total end-to-end search time: 4471708 ns
Total end-to-end search time: 5164107 ns
Total end-to-end search time: 4356726 ns
Total end-to-end search time: 4969466 ns
Total end-to-end search time: 5645203 ns
Total end-to-end search time: 5781441 ns
Query: 8, nThreads: 4, warmup: 16
====================================================================================================
(ns)
Load index... Graph level 5..
Total end-to-end search time: 6752099 ns
Total end-to-end search time: 6674681 ns
Total end-to-end search time: 5986812 ns
Total end-to-end search time: 5685804 ns
Total end-to-end search time: 6105404 ns
Total end-to-end search time: 5834444 ns
Total end-to-end search time: 4944830 ns
Total end-to-end search time: 4908883 ns
Total end-to-end search time: 4325961 ns
Total end-to-end search time: 5580116 ns
Total end-to-end search time: 5212741 ns
Total end-to-end search time: 4452824 ns
Total end-to-end search time: 5130523 ns
Total end-to-end search time: 4344448 ns
Total end-to-end search time: 4972465 ns
Total end-to-end search time: 5660959 ns
Total end-to-end search time: 5774823 ns
Query: 8, nThreads: 4, warmup: 16
====================================================================================================
(ns)
Load index... Graph level 5..
Total end-to-end search time: 6738181 ns
Total end-to-end search time: 6712983 ns
Total end-to-end search time: 6022204 ns
Total end-to-end search time: 5737334 ns
Total end-to-end search time: 6206365 ns
Total end-to-end search time: 5819146 ns
Total end-to-end search time: 4932849 ns
Total end-to-end search time: 4922343 ns
Total end-to-end search time: 4340849 ns
Total end-to-end search time: 5600249 ns
Total end-to-end search time: 5257313 ns
Total end-to-end search time: 4468629 ns
Total end-to-end search time: 5215142 ns
Total end-to-end search time: 4391093 ns
Total end-to-end search time: 5025871 ns
Total end-to-end search time: 5743541 ns
Total end-to-end search time: 5821821 ns
Query: 8, nThreads: 4, warmup: 16
====================================================================================================
(ns)
Load index... Graph level 5..
Total end-to-end search time: 6761623 ns
Total end-to-end search time: 6718379 ns
Total end-to-end search time: 6014813 ns
Total end-to-end search time: 5718590 ns
Total end-to-end search time: 6135012 ns
Total end-to-end search time: 5813604 ns
Total end-to-end search time: 4920145 ns
Total end-to-end search time: 4886847 ns
Total end-to-end search time: 4335932 ns
Total end-to-end search time: 5578301 ns
Total end-to-end search time: 5211326 ns
Total end-to-end search time: 4456395 ns
Total end-to-end search time: 5179101 ns
Total end-to-end search time: 4374904 ns
Total end-to-end search time: 5038271 ns
Total end-to-end search time: 5683166 ns
Total end-to-end search time: 5784332 ns
Query: 8, nThreads: 4, warmup: 16
====================================================================================================
(ns)
Load index... Graph level 5..
Total end-to-end search time: 6690032 ns
Total end-to-end search time: 6686805 ns
Total end-to-end search time: 5982541 ns
Total end-to-end search time: 5706693 ns
Total end-to-end search time: 6137842 ns
Total end-to-end search time: 5803455 ns
Total end-to-end search time: 4912604 ns
Total end-to-end search time: 4908442 ns
Total end-to-end search time: 4329365 ns
Total end-to-end search time: 5625558 ns
Total end-to-end search time: 5197801 ns
Total end-to-end search time: 4430843 ns
Total end-to-end search time: 5105631 ns
Total end-to-end search time: 4341076 ns
Total end-to-end search time: 4970765 ns
Total end-to-end search time: 5664707 ns
Total end-to-end search time: 5751280 ns
