Query: 8, nThreads: 1, warmup: 16
====================================================================================================
(ns)
Load index... Graph level 5..
Total end-to-end search time: 6765019 ns
Total end-to-end search time: 6676738 ns
Total end-to-end search time: 5986927 ns
Total end-to-end search time: 5719065 ns
Total end-to-end search time: 6068925 ns
Total end-to-end search time: 5796042 ns
Total end-to-end search time: 4887445 ns
Total end-to-end search time: 4891759 ns
Total end-to-end search time: 4316901 ns
Total end-to-end search time: 5620137 ns
Total end-to-end search time: 5242443 ns
Total end-to-end search time: 4467725 ns
Total end-to-end search time: 5175396 ns
Total end-to-end search time: 4402689 ns
Total end-to-end search time: 4997202 ns
Total end-to-end search time: 5701919 ns
Total end-to-end search time: 5805296 ns
Query: 8, nThreads: 1, warmup: 16
====================================================================================================
(ns)
Load index... Graph level 5..
Total end-to-end search time: 6823744 ns
Total end-to-end search time: 6793502 ns
Total end-to-end search time: 6023810 ns
Total end-to-end search time: 5745326 ns
Total end-to-end search time: 6140549 ns
Total end-to-end search time: 5841363 ns
Total end-to-end search time: 4922287 ns
Total end-to-end search time: 4909364 ns
Total end-to-end search time: 4343185 ns
Total end-to-end search time: 5604955 ns
Total end-to-end search time: 5223351 ns
Total end-to-end search time: 4432996 ns
Total end-to-end search time: 5185981 ns
Total end-to-end search time: 4387026 ns
Total end-to-end search time: 4989917 ns
Total end-to-end search time: 5701068 ns
Total end-to-end search time: 5805057 ns
Query: 8, nThreads: 1, warmup: 16
====================================================================================================
(ns)
Load index... Graph level 5..
Total end-to-end search time: 6714706 ns
Total end-to-end search time: 6695753 ns
Total end-to-end search time: 6005272 ns
Total end-to-end search time: 5719317 ns
Total end-to-end search time: 6120142 ns
Total end-to-end search time: 5802383 ns
Total end-to-end search time: 4907572 ns
Total end-to-end search time: 4892948 ns
Total end-to-end search time: 4329668 ns
Total end-to-end search time: 5627770 ns
Total end-to-end search time: 5221073 ns
Total end-to-end search time: 4455187 ns
Total end-to-end search time: 5181453 ns
Total end-to-end search time: 4371580 ns
Total end-to-end search time: 4992257 ns
Total end-to-end search time: 5652827 ns
Total end-to-end search time: 5747437 ns
Query: 8, nThreads: 1, warmup: 16
====================================================================================================
(ns)
Load index... Graph level 5..
Total end-to-end search time: 6701552 ns
Total end-to-end search time: 6658955 ns
Total end-to-end search time: 5982245 ns
Total end-to-end search time: 5695100 ns
Total end-to-end search time: 6098596 ns
Total end-to-end search time: 5805480 ns
Total end-to-end search time: 4882018 ns
Total end-to-end search time: 4885507 ns
Total end-to-end search time: 4323920 ns
Total end-to-end search time: 5600376 ns
Total end-to-end search time: 5186515 ns
Total end-to-end search time: 4440512 ns
Total end-to-end search time: 5145697 ns
Total end-to-end search time: 4341455 ns
Total end-to-end search time: 4947603 ns
Total end-to-end search time: 5657152 ns
Total end-to-end search time: 5787493 ns
Query: 8, nThreads: 1, warmup: 16
====================================================================================================
(ns)
Load index... Graph level 5..
Total end-to-end search time: 6816188 ns
Total end-to-end search time: 6796698 ns
Total end-to-end search time: 6077830 ns
Total end-to-end search time: 5743513 ns
Total end-to-end search time: 6106453 ns
Total end-to-end search time: 5815304 ns
Total end-to-end search time: 4897202 ns
Total end-to-end search time: 4903891 ns
Total end-to-end search time: 4316571 ns
Total end-to-end search time: 5635527 ns
Total end-to-end search time: 5227544 ns
Total end-to-end search time: 4438372 ns
Total end-to-end search time: 5162875 ns
Total end-to-end search time: 4339327 ns
Total end-to-end search time: 4953708 ns
Total end-to-end search time: 5643645 ns
Total end-to-end search time: 5760961 ns
Query: 8, nThreads: 1, warmup: 16
====================================================================================================
(ns)
Load index... Graph level 5..
Total end-to-end search time: 6750457 ns
Total end-to-end search time: 6736229 ns
Total end-to-end search time: 6034926 ns
Total end-to-end search time: 5748009 ns
Total end-to-end search time: 6124274 ns
Total end-to-end search time: 5794205 ns
Total end-to-end search time: 4916213 ns
Total end-to-end search time: 4906268 ns
Total end-to-end search time: 4354451 ns
Total end-to-end search time: 5636202 ns
Total end-to-end search time: 5228935 ns
Total end-to-end search time: 4471246 ns
Total end-to-end search time: 5211581 ns
Total end-to-end search time: 4391699 ns
Total end-to-end search time: 5012276 ns
Total end-to-end search time: 5719790 ns
Total end-to-end search time: 5793446 ns
Query: 8, nThreads: 1, warmup: 16
====================================================================================================
(ns)
Load index... Graph level 5..
Total end-to-end search time: 6837020 ns
Total end-to-end search time: 6736735 ns
Total end-to-end search time: 6039167 ns
Total end-to-end search time: 5765849 ns
Total end-to-end search time: 6299474 ns
Total end-to-end search time: 5792530 ns
Total end-to-end search time: 4927360 ns
Total end-to-end search time: 4907606 ns
Total end-to-end search time: 4350116 ns
Total end-to-end search time: 5626310 ns
Total end-to-end search time: 5211548 ns
Total end-to-end search time: 4478007 ns
Total end-to-end search time: 5184463 ns
Total end-to-end search time: 4374092 ns
Total end-to-end search time: 4984758 ns
Total end-to-end search time: 5716391 ns
Total end-to-end search time: 5822184 ns
Query: 8, nThreads: 1, warmup: 16
====================================================================================================
(ns)
Load index... Graph level 5..
Total end-to-end search time: 6683732 ns
Total end-to-end search time: 6640879 ns
Total end-to-end search time: 5978468 ns
Total end-to-end search time: 5705572 ns
Total end-to-end search time: 6090126 ns
Total end-to-end search time: 5788316 ns
Total end-to-end search time: 4902695 ns
Total end-to-end search time: 4894126 ns
Total end-to-end search time: 4345890 ns
Total end-to-end search time: 5609352 ns
Total end-to-end search time: 5217599 ns
Total end-to-end search time: 4446722 ns
Total end-to-end search time: 5161411 ns
Total end-to-end search time: 4378420 ns
Total end-to-end search time: 4929838 ns
Total end-to-end search time: 5638752 ns
Total end-to-end search time: 5778636 ns
Query: 8, nThreads: 1, warmup: 16
====================================================================================================
(ns)
Load index... Graph level 5..
Total end-to-end search time: 6792692 ns
Total end-to-end search time: 6760542 ns
Total end-to-end search time: 6042100 ns
Total end-to-end search time: 5761630 ns
Total end-to-end search time: 6144589 ns
Total end-to-end search time: 5831876 ns
Total end-to-end search time: 4931406 ns
Total end-to-end search time: 4930894 ns
Total end-to-end search time: 4339349 ns
Total end-to-end search time: 5582731 ns
Total end-to-end search time: 5190902 ns
Total end-to-end search time: 4464288 ns
Total end-to-end search time: 5143388 ns
Total end-to-end search time: 4334082 ns
Total end-to-end search time: 4981672 ns
Total end-to-end search time: 5657996 ns
Total end-to-end search time: 5777831 ns
Query: 8, nThreads: 1, warmup: 16
====================================================================================================
(ns)
Load index... Graph level 5..
Total end-to-end search time: 6719490 ns
Total end-to-end search time: 6706639 ns
Total end-to-end search time: 6002005 ns
Total end-to-end search time: 5718538 ns
Total end-to-end search time: 6103155 ns
Total end-to-end search time: 5807449 ns
Total end-to-end search time: 4896111 ns
Total end-to-end search time: 4882818 ns
Total end-to-end search time: 4327048 ns
Total end-to-end search time: 5606645 ns
Total end-to-end search time: 5163332 ns
Total end-to-end search time: 4434140 ns
Total end-to-end search time: 5132371 ns
Total end-to-end search time: 4328918 ns
Total end-to-end search time: 4944350 ns
Total end-to-end search time: 5621156 ns
Total end-to-end search time: 5742951 ns
Query: 8, nThreads: 1, warmup: 16
====================================================================================================
(ns)
Load index... Graph level 5..
Total end-to-end search time: 6718211 ns
Total end-to-end search time: 6747328 ns
Total end-to-end search time: 6034254 ns
Total end-to-end search time: 5756680 ns
Total end-to-end search time: 6121099 ns
Total end-to-end search time: 5809355 ns
Total end-to-end search time: 4924971 ns
Total end-to-end search time: 4908232 ns
Total end-to-end search time: 4338117 ns
Total end-to-end search time: 5623045 ns
Total end-to-end search time: 5211219 ns
Total end-to-end search time: 4464318 ns
Total end-to-end search time: 5164920 ns
Total end-to-end search time: 4369572 ns
Total end-to-end search time: 4981200 ns
Total end-to-end search time: 5685130 ns
Total end-to-end search time: 5768120 ns
Query: 8, nThreads: 1, warmup: 16
====================================================================================================
(ns)
Load index... Graph level 5..
Total end-to-end search time: 6725374 ns
Total end-to-end search time: 6646378 ns
Total end-to-end search time: 5981540 ns
Total end-to-end search time: 5710087 ns
Total end-to-end search time: 6074645 ns
Total end-to-end search time: 5775448 ns
Total end-to-end search time: 4853571 ns
Total end-to-end search time: 4885161 ns
Total end-to-end search time: 4319227 ns
Total end-to-end search time: 5559111 ns
Total end-to-end search time: 5198376 ns
Total end-to-end search time: 4437723 ns
Total end-to-end search time: 5137578 ns
Total end-to-end search time: 4369482 ns
Total end-to-end search time: 4977079 ns
Total end-to-end search time: 5641643 ns
Total end-to-end search time: 5766283 ns
Query: 8, nThreads: 1, warmup: 16
====================================================================================================
(ns)
Load index... Graph level 5..
Total end-to-end search time: 6770848 ns
Total end-to-end search time: 6675525 ns
Total end-to-end search time: 5981027 ns
Total end-to-end search time: 5947484 ns
Total end-to-end search time: 6123890 ns
Total end-to-end search time: 5802716 ns
Total end-to-end search time: 4926964 ns
Total end-to-end search time: 4901573 ns
Total end-to-end search time: 4343033 ns
Total end-to-end search time: 5598987 ns
Total end-to-end search time: 5200012 ns
Total end-to-end search time: 4439324 ns
Total end-to-end search time: 5131850 ns
Total end-to-end search time: 4336531 ns
Total end-to-end search time: 4950622 ns
Total end-to-end search time: 5653981 ns
Total end-to-end search time: 5734657 ns
Query: 8, nThreads: 1, warmup: 16
====================================================================================================
(ns)
Load index... Graph level 5..
Total end-to-end search time: 6778723 ns
Total end-to-end search time: 6718516 ns
Total end-to-end search time: 5954807 ns
Total end-to-end search time: 5716921 ns
Total end-to-end search time: 6086053 ns
Total end-to-end search time: 5792400 ns
Total end-to-end search time: 4880717 ns
Total end-to-end search time: 4871261 ns
Total end-to-end search time: 4309227 ns
Total end-to-end search time: 5605249 ns
Total end-to-end search time: 5219192 ns
Total end-to-end search time: 4433206 ns
Total end-to-end search time: 5173033 ns
Total end-to-end search time: 4335406 ns
Total end-to-end search time: 4974537 ns
Total end-to-end search time: 5672148 ns
Total end-to-end search time: 5773666 ns
Query: 8, nThreads: 1, warmup: 16
====================================================================================================
(ns)
Load index... Graph level 5..
Total end-to-end search time: 6804142 ns
Total end-to-end search time: 6741716 ns
Total end-to-end search time: 6038772 ns
Total end-to-end search time: 5757795 ns
Total end-to-end search time: 6143063 ns
Total end-to-end search time: 5830607 ns
Total end-to-end search time: 4914626 ns
Total end-to-end search time: 4926675 ns
Total end-to-end search time: 4391333 ns
Total end-to-end search time: 5658456 ns
Total end-to-end search time: 5253112 ns
Total end-to-end search time: 4471852 ns
Total end-to-end search time: 5182250 ns
Total end-to-end search time: 4398363 ns
Total end-to-end search time: 5028093 ns
Total end-to-end search time: 5711674 ns
Total end-to-end search time: 5852672 ns
Query: 8, nThreads: 1, warmup: 16
====================================================================================================
(ns)
Load index... Graph level 5..
Total end-to-end search time: 6732809 ns
Total end-to-end search time: 6679780 ns
Total end-to-end search time: 6023097 ns
Total end-to-end search time: 5719624 ns
Total end-to-end search time: 6129455 ns
Total end-to-end search time: 5810215 ns
Total end-to-end search time: 4939284 ns
Total end-to-end search time: 4893643 ns
Total end-to-end search time: 4324457 ns
Total end-to-end search time: 5617896 ns
Total end-to-end search time: 5208234 ns
Total end-to-end search time: 4439714 ns
Total end-to-end search time: 5154107 ns
Total end-to-end search time: 4347427 ns
Total end-to-end search time: 4961685 ns
Total end-to-end search time: 5656120 ns
Total end-to-end search time: 5764784 ns
Query: 8, nThreads: 1, warmup: 16
====================================================================================================
(ns)
Load index... Graph level 5..
Total end-to-end search time: 6742933 ns
Total end-to-end search time: 6687028 ns
Total end-to-end search time: 6000700 ns
Total end-to-end search time: 5700227 ns
Total end-to-end search time: 6097878 ns
Total end-to-end search time: 5804798 ns
Total end-to-end search time: 4894666 ns
Total end-to-end search time: 4891576 ns
Total end-to-end search time: 4333285 ns
Total end-to-end search time: 5594229 ns
Total end-to-end search time: 5207886 ns
Total end-to-end search time: 4459437 ns
Total end-to-end search time: 5157648 ns
Total end-to-end search time: 4366459 ns
Total end-to-end search time: 4991757 ns
Total end-to-end search time: 5616720 ns
Total end-to-end search time: 5750312 ns
Query: 8, nThreads: 1, warmup: 16
====================================================================================================
(ns)
Load index... Graph level 5..
Total end-to-end search time: 6762122 ns
Total end-to-end search time: 6710080 ns
Total end-to-end search time: 5999573 ns
Total end-to-end search time: 5741747 ns
Total end-to-end search time: 6095359 ns
Total end-to-end search time: 5786468 ns
Total end-to-end search time: 4900228 ns
Total end-to-end search time: 4898976 ns
Total end-to-end search time: 4322995 ns
Total end-to-end search time: 5597483 ns
Total end-to-end search time: 5186905 ns
Total end-to-end search time: 4442756 ns
Total end-to-end search time: 5135453 ns
Total end-to-end search time: 4328411 ns
Total end-to-end search time: 4953436 ns
Total end-to-end search time: 5644456 ns
Total end-to-end search time: 5762143 ns
Query: 8, nThreads: 1, warmup: 16
====================================================================================================
(ns)
Load index... Graph level 5..
Total end-to-end search time: 6771555 ns
Total end-to-end search time: 6908467 ns
Total end-to-end search time: 6024175 ns
Total end-to-end search time: 5750893 ns
Total end-to-end search time: 6154930 ns
Total end-to-end search time: 5829238 ns
Total end-to-end search time: 4939674 ns
Total end-to-end search time: 4912119 ns
Total end-to-end search time: 4364225 ns
Total end-to-end search time: 5633179 ns
Total end-to-end search time: 5217698 ns
Total end-to-end search time: 4458717 ns
Total end-to-end search time: 5171123 ns
Total end-to-end search time: 4376320 ns
Total end-to-end search time: 5043666 ns
Total end-to-end search time: 5671889 ns
Total end-to-end search time: 5815895 ns
Query: 8, nThreads: 1, warmup: 16
====================================================================================================
(ns)
Load index... Graph level 5..
Total end-to-end search time: 6821914 ns
Total end-to-end search time: 6734657 ns
Total end-to-end search time: 6049608 ns
Total end-to-end search time: 5763738 ns
Total end-to-end search time: 6153410 ns
Total end-to-end search time: 5809548 ns
Total end-to-end search time: 4887974 ns
Total end-to-end search time: 4886497 ns
Total end-to-end search time: 4326055 ns
Total end-to-end search time: 5603777 ns
Total end-to-end search time: 5197076 ns
Total end-to-end search time: 4447396 ns
Total end-to-end search time: 5175642 ns
Total end-to-end search time: 4378397 ns
Total end-to-end search time: 4998543 ns
Total end-to-end search time: 5675249 ns
Total end-to-end search time: 5798899 ns
Query: 8, nThreads: 1, warmup: 16
====================================================================================================
(ns)
Load index... Graph level 5..
Total end-to-end search time: 6881651 ns
Total end-to-end search time: 6683882 ns
Total end-to-end search time: 6041488 ns
Total end-to-end search time: 5746583 ns
Total end-to-end search time: 6127772 ns
Total end-to-end search time: 5832204 ns
Total end-to-end search time: 4911168 ns
Total end-to-end search time: 4869243 ns
Total end-to-end search time: 4310219 ns
Total end-to-end search time: 5586975 ns
Total end-to-end search time: 5201489 ns
Total end-to-end search time: 4448786 ns
Total end-to-end search time: 5150576 ns
Total end-to-end search time: 4339487 ns
Total end-to-end search time: 4950455 ns
Total end-to-end search time: 5650980 ns
Total end-to-end search time: 5749061 ns
Query: 8, nThreads: 1, warmup: 16
====================================================================================================
(ns)
Load index... Graph level 5..
Total end-to-end search time: 6717631 ns
Total end-to-end search time: 6692012 ns
Total end-to-end search time: 5998046 ns
Total end-to-end search time: 5720736 ns
Total end-to-end search time: 6128503 ns
Total end-to-end search time: 5796563 ns
Total end-to-end search time: 4890776 ns
Total end-to-end search time: 4900831 ns
Total end-to-end search time: 4319018 ns
Total end-to-end search time: 5604903 ns
Total end-to-end search time: 5175955 ns
Total end-to-end search time: 4453962 ns
Total end-to-end search time: 5137109 ns
Total end-to-end search time: 4355574 ns
Total end-to-end search time: 4980376 ns
Total end-to-end search time: 5679422 ns
Total end-to-end search time: 5781887 ns
Query: 8, nThreads: 1, warmup: 16
====================================================================================================
(ns)
Load index... Graph level 5..
Total end-to-end search time: 6759671 ns
Total end-to-end search time: 6720976 ns
Total end-to-end search time: 6005289 ns
Total end-to-end search time: 5727120 ns
Total end-to-end search time: 6109585 ns
Total end-to-end search time: 5793703 ns
Total end-to-end search time: 4910558 ns
Total end-to-end search time: 4880902 ns
Total end-to-end search time: 4318782 ns
Total end-to-end search time: 5595998 ns
Total end-to-end search time: 5189800 ns
Total end-to-end search time: 4442361 ns
Total end-to-end search time: 5148558 ns
Total end-to-end search time: 4339625 ns
Total end-to-end search time: 4969718 ns
Total end-to-end search time: 5658647 ns
Total end-to-end search time: 5777648 ns
Query: 8, nThreads: 1, warmup: 16
====================================================================================================
(ns)
Load index... Graph level 5..
Total end-to-end search time: 6833027 ns
Total end-to-end search time: 6735170 ns
Total end-to-end search time: 6045896 ns
Total end-to-end search time: 5775431 ns
Total end-to-end search time: 6140506 ns
Total end-to-end search time: 5781899 ns
Total end-to-end search time: 4888218 ns
Total end-to-end search time: 4887812 ns
Total end-to-end search time: 4326442 ns
Total end-to-end search time: 5612889 ns
Total end-to-end search time: 5202349 ns
Total end-to-end search time: 4427522 ns
Total end-to-end search time: 5138311 ns
Total end-to-end search time: 4333971 ns
Total end-to-end search time: 4982946 ns
Total end-to-end search time: 5674465 ns
Total end-to-end search time: 5788508 ns
Query: 8, nThreads: 1, warmup: 16
====================================================================================================
(ns)
Load index... Graph level 5..
Total end-to-end search time: 6752406 ns
Total end-to-end search time: 6687796 ns
Total end-to-end search time: 6007052 ns
Total end-to-end search time: 5732448 ns
Total end-to-end search time: 6120768 ns
Total end-to-end search time: 5794656 ns
Total end-to-end search time: 4898953 ns
Total end-to-end search time: 4903758 ns
Total end-to-end search time: 4310765 ns
Total end-to-end search time: 5761772 ns
Total end-to-end search time: 5193210 ns
Total end-to-end search time: 4443826 ns
Total end-to-end search time: 5139672 ns
Total end-to-end search time: 4331751 ns
Total end-to-end search time: 4945614 ns
Total end-to-end search time: 5636320 ns
Total end-to-end search time: 5746020 ns
Query: 8, nThreads: 1, warmup: 16
====================================================================================================
(ns)
Load index... Graph level 5..
Total end-to-end search time: 6757672 ns
Total end-to-end search time: 6701043 ns
Total end-to-end search time: 6002589 ns
Total end-to-end search time: 5749575 ns
Total end-to-end search time: 6113573 ns
Total end-to-end search time: 5803167 ns
Total end-to-end search time: 4948871 ns
Total end-to-end search time: 4888149 ns
Total end-to-end search time: 4335632 ns
Total end-to-end search time: 5618490 ns
Total end-to-end search time: 5183782 ns
Total end-to-end search time: 4451326 ns
Total end-to-end search time: 5173711 ns
Total end-to-end search time: 4362146 ns
Total end-to-end search time: 4983898 ns
Total end-to-end search time: 5678633 ns
Total end-to-end search time: 5780792 ns
Query: 8, nThreads: 1, warmup: 16
====================================================================================================
(ns)
Load index... Graph level 5..
Total end-to-end search time: 6790449 ns
Total end-to-end search time: 6742420 ns
Total end-to-end search time: 6027662 ns
Total end-to-end search time: 5774929 ns
Total end-to-end search time: 6184838 ns
Total end-to-end search time: 5819179 ns
Total end-to-end search time: 4901832 ns
Total end-to-end search time: 4870319 ns
Total end-to-end search time: 4338418 ns
Total end-to-end search time: 5598041 ns
Total end-to-end search time: 5200672 ns
Total end-to-end search time: 4487284 ns
Total end-to-end search time: 5168728 ns
Total end-to-end search time: 4348257 ns
Total end-to-end search time: 4970673 ns
Total end-to-end search time: 5678242 ns
Total end-to-end search time: 5811681 ns
Query: 8, nThreads: 1, warmup: 16
====================================================================================================
(ns)
Load index... Graph level 5..
Total end-to-end search time: 6847352 ns
Total end-to-end search time: 6777452 ns
Total end-to-end search time: 6048176 ns
Total end-to-end search time: 5778154 ns
Total end-to-end search time: 6149797 ns
Total end-to-end search time: 5812143 ns
Total end-to-end search time: 4893978 ns
Total end-to-end search time: 4884825 ns
Total end-to-end search time: 4327116 ns
Total end-to-end search time: 5619422 ns
Total end-to-end search time: 5208830 ns
Total end-to-end search time: 4466158 ns
Total end-to-end search time: 5159616 ns
Total end-to-end search time: 4343759 ns
Total end-to-end search time: 4966365 ns
Total end-to-end search time: 5672837 ns
Total end-to-end search time: 5783254 ns
Query: 8, nThreads: 1, warmup: 16
====================================================================================================
(ns)
Load index... Graph level 5..
Total end-to-end search time: 6868947 ns
Total end-to-end search time: 6711499 ns
Total end-to-end search time: 6011488 ns
Total end-to-end search time: 5723104 ns
Total end-to-end search time: 6105080 ns
Total end-to-end search time: 5791267 ns
Total end-to-end search time: 4900634 ns
Total end-to-end search time: 4891166 ns
Total end-to-end search time: 4313379 ns
Total end-to-end search time: 5585636 ns
Total end-to-end search time: 5217162 ns
Total end-to-end search time: 4450256 ns
Total end-to-end search time: 5171021 ns
Total end-to-end search time: 4342896 ns
Total end-to-end search time: 4960306 ns
Total end-to-end search time: 5653839 ns
Total end-to-end search time: 5764123 ns
Query: 8, nThreads: 1, warmup: 16
====================================================================================================
(ns)
Load index... Graph level 5..
Total end-to-end search time: 6716479 ns
Total end-to-end search time: 6682426 ns
Total end-to-end search time: 6015005 ns
Total end-to-end search time: 5704969 ns
Total end-to-end search time: 6128013 ns
Total end-to-end search time: 5822731 ns
Total end-to-end search time: 4929609 ns
Total end-to-end search time: 4895985 ns
Total end-to-end search time: 4318464 ns
Total end-to-end search time: 5606054 ns
Total end-to-end search time: 5215800 ns
Total end-to-end search time: 4454390 ns
Total end-to-end search time: 5151351 ns
Total end-to-end search time: 4339188 ns
Total end-to-end search time: 4953754 ns
Total end-to-end search time: 5664698 ns
Total end-to-end search time: 5796512 ns
