Query: 10000, nThreads: 4, warmup: 1
====================================================================================================
(ns)
Load index... Graph level 5..
Total end-to-end search time: 1761968428 ns
Total end-to-end search time: 68 ns
Query: 10000, nThreads: 4, warmup: 1
====================================================================================================
(ns)
Load index... Graph level 5..
Total end-to-end search time: 1753182026 ns
Total end-to-end search time: 48 ns
Query: 10000, nThreads: 4, warmup: 1
====================================================================================================
(ns)
Load index... Graph level 5..
Total end-to-end search time: 1754574002 ns
Total end-to-end search time: 49 ns
Query: 10000, nThreads: 4, warmup: 1
====================================================================================================
(ns)
Load index... Graph level 5..
Total end-to-end search time: 1750854214 ns
Total end-to-end search time: 46 ns
Query: 10000, nThreads: 4, warmup: 1
====================================================================================================
(ns)
Load index... Graph level 5..
Total end-to-end search time: 1760714973 ns
Total end-to-end search time: 71 ns
Query: 10000, nThreads: 4, warmup: 1
====================================================================================================
(ns)
Load index... Graph level 5..
Total end-to-end search time: 1752908950 ns
Total end-to-end search time: 49 ns
Query: 10000, nThreads: 4, warmup: 1
====================================================================================================
(ns)
Load index... Graph level 5..
Total end-to-end search time: 1756681306 ns
Total end-to-end search time: 45 ns
Query: 10000, nThreads: 4, warmup: 1
====================================================================================================
(ns)
Load index... Graph level 5..
Total end-to-end search time: 1751338089 ns
Total end-to-end search time: 47 ns
Query: 10000, nThreads: 4, warmup: 1
====================================================================================================
(ns)
Load index... Graph level 5..
Total end-to-end search time: 1752310950 ns
Total end-to-end search time: 49 ns
Query: 10000, nThreads: 4, warmup: 1
====================================================================================================
(ns)
Load index... Graph level 5..
Total end-to-end search time: 1754781210 ns
Total end-to-end search time: 47 ns
Query: 10000, nThreads: 4, warmup: 1
====================================================================================================
(ns)
Load index... Graph level 5..
Total end-to-end search time: 1754232284 ns
Total end-to-end search time: 45 ns
Query: 10000, nThreads: 4, warmup: 1
====================================================================================================
(ns)
Load index... Graph level 5..
Total end-to-end search time: 1774782316 ns
Total end-to-end search time: 45 ns
Query: 10000, nThreads: 4, warmup: 1
====================================================================================================
(ns)
Load index... Graph level 5..
Total end-to-end search time: 1750916208 ns
Total end-to-end search time: 49 ns
Query: 10000, nThreads: 4, warmup: 1
====================================================================================================
(ns)
Load index... Graph level 5..
Total end-to-end search time: 1755542694 ns
Total end-to-end search time: 48 ns
Query: 10000, nThreads: 4, warmup: 1
====================================================================================================
(ns)
Load index... Graph level 5..
Total end-to-end search time: 1752808782 ns
Total end-to-end search time: 54 ns
Query: 10000, nThreads: 4, warmup: 1
====================================================================================================
(ns)
Load index... Graph level 5..
Total end-to-end search time: 1755715473 ns
Total end-to-end search time: 49 ns
Query: 10000, nThreads: 4, warmup: 1
====================================================================================================
(ns)
Load index... Graph level 5..
Total end-to-end search time: 1752893263 ns
Total end-to-end search time: 52 ns
Query: 10000, nThreads: 4, warmup: 1
====================================================================================================
(ns)
Load index... Graph level 5..
Total end-to-end search time: 1754610519 ns
Total end-to-end search time: 50 ns
Query: 10000, nThreads: 4, warmup: 1
====================================================================================================
(ns)
Load index... Graph level 5..
Total end-to-end search time: 1753278319 ns
Total end-to-end search time: 46 ns
Query: 10000, nThreads: 4, warmup: 1
====================================================================================================
(ns)
Load index... Graph level 5..
Total end-to-end search time: 1756414438 ns
Total end-to-end search time: 46 ns
Query: 10000, nThreads: 4, warmup: 1
====================================================================================================
(ns)
Load index... Graph level 5..
Total end-to-end search time: 1754860482 ns
Total end-to-end search time: 50 ns
Query: 10000, nThreads: 4, warmup: 1
====================================================================================================
(ns)
Load index... Graph level 5..
Total end-to-end search time: 1753240525 ns
Total end-to-end search time: 48 ns
Query: 10000, nThreads: 4, warmup: 1
====================================================================================================
(ns)
Load index... Graph level 5..
Total end-to-end search time: 1751258069 ns
Total end-to-end search time: 47 ns
Query: 10000, nThreads: 4, warmup: 1
====================================================================================================
(ns)
Load index... Graph level 5..
Total end-to-end search time: 1752500485 ns
Total end-to-end search time: 47 ns
Query: 10000, nThreads: 4, warmup: 1
====================================================================================================
(ns)
Load index... Graph level 5..
Total end-to-end search time: 1755969771 ns
Total end-to-end search time: 51 ns
Query: 10000, nThreads: 4, warmup: 1
====================================================================================================
(ns)
Load index... Graph level 5..
Total end-to-end search time: 1751789887 ns
Total end-to-end search time: 53 ns
Query: 10000, nThreads: 4, warmup: 1
====================================================================================================
(ns)
Load index... Graph level 5..
Total end-to-end search time: 1761501018 ns
Total end-to-end search time: 42 ns
Query: 10000, nThreads: 4, warmup: 1
====================================================================================================
(ns)
Load index... Graph level 5..
Total end-to-end search time: 1760495006 ns
Total end-to-end search time: 50 ns
Query: 10000, nThreads: 4, warmup: 1
====================================================================================================
(ns)
Load index... Graph level 5..
Total end-to-end search time: 1754687557 ns
Total end-to-end search time: 47 ns
Query: 10000, nThreads: 4, warmup: 1
====================================================================================================
(ns)
Load index... Graph level 5..
Total end-to-end search time: 1765635707 ns
Total end-to-end search time: 47 ns
