Query: 10000, nThreads: 8, warmup: 1
====================================================================================================
(ns)
Load index... Graph level 5..
Total end-to-end search time: 895230304 ns
Total end-to-end search time: 52 ns
Query: 10000, nThreads: 8, warmup: 1
====================================================================================================
(ns)
Load index... Graph level 5..
Total end-to-end search time: 895983839 ns
Total end-to-end search time: 47 ns
Query: 10000, nThreads: 8, warmup: 1
====================================================================================================
(ns)
Load index... Graph level 5..
Total end-to-end search time: 895661662 ns
Total end-to-end search time: 45 ns
Query: 10000, nThreads: 8, warmup: 1
====================================================================================================
(ns)
Load index... Graph level 5..
Total end-to-end search time: 896386274 ns
Total end-to-end search time: 53 ns
Query: 10000, nThreads: 8, warmup: 1
====================================================================================================
(ns)
Load index... Graph level 5..
Total end-to-end search time: 896364422 ns
Total end-to-end search time: 51 ns
Query: 10000, nThreads: 8, warmup: 1
====================================================================================================
(ns)
Load index... Graph level 5..
Total end-to-end search time: 895934380 ns
Total end-to-end search time: 49 ns
Query: 10000, nThreads: 8, warmup: 1
====================================================================================================
(ns)
Load index... Graph level 5..
Total end-to-end search time: 895211464 ns
Total end-to-end search time: 50 ns
Query: 10000, nThreads: 8, warmup: 1
====================================================================================================
(ns)
Load index... Graph level 5..
Total end-to-end search time: 920157247 ns
Total end-to-end search time: 44 ns
Query: 10000, nThreads: 8, warmup: 1
====================================================================================================
(ns)
Load index... Graph level 5..
Total end-to-end search time: 895151118 ns
Total end-to-end search time: 45 ns
Query: 10000, nThreads: 8, warmup: 1
====================================================================================================
(ns)
Load index... Graph level 5..
Total end-to-end search time: 896165736 ns
Total end-to-end search time: 45 ns
Query: 10000, nThreads: 8, warmup: 1
====================================================================================================
(ns)
Load index... Graph level 5..
Total end-to-end search time: 896940893 ns
Total end-to-end search time: 50 ns
Query: 10000, nThreads: 8, warmup: 1
====================================================================================================
(ns)
Load index... Graph level 5..
Total end-to-end search time: 895947258 ns
Total end-to-end search time: 45 ns
Query: 10000, nThreads: 8, warmup: 1
====================================================================================================
(ns)
Load index... Graph level 5..
Total end-to-end search time: 895493560 ns
Total end-to-end search time: 48 ns
Query: 10000, nThreads: 8, warmup: 1
====================================================================================================
(ns)
Load index... Graph level 5..
Total end-to-end search time: 895850046 ns
Total end-to-end search time: 49 ns
Query: 10000, nThreads: 8, warmup: 1
====================================================================================================
(ns)
Load index... Graph level 5..
Total end-to-end search time: 894278810 ns
Total end-to-end search time: 46 ns
Query: 10000, nThreads: 8, warmup: 1
====================================================================================================
(ns)
Load index... Graph level 5..
Total end-to-end search time: 895100267 ns
Total end-to-end search time: 52 ns
Query: 10000, nThreads: 8, warmup: 1
====================================================================================================
(ns)
Load index... Graph level 5..
Total end-to-end search time: 895300653 ns
Total end-to-end search time: 55 ns
Query: 10000, nThreads: 8, warmup: 1
====================================================================================================
(ns)
Load index... Graph level 5..
Total end-to-end search time: 896259889 ns
Total end-to-end search time: 48 ns
Query: 10000, nThreads: 8, warmup: 1
====================================================================================================
(ns)
Load index... Graph level 5..
Total end-to-end search time: 895801003 ns
Total end-to-end search time: 47 ns
Query: 10000, nThreads: 8, warmup: 1
====================================================================================================
(ns)
Load index... Graph level 5..
Total end-to-end search time: 895182920 ns
Total end-to-end search time: 48 ns
Query: 10000, nThreads: 8, warmup: 1
====================================================================================================
(ns)
Load index... Graph level 5..
Total end-to-end search time: 895536369 ns
Total end-to-end search time: 85 ns
Query: 10000, nThreads: 8, warmup: 1
====================================================================================================
(ns)
Load index... Graph level 5..
Total end-to-end search time: 894686359 ns
Total end-to-end search time: 48 ns
Query: 10000, nThreads: 8, warmup: 1
====================================================================================================
(ns)
Load index... Graph level 5..
Total end-to-end search time: 894906290 ns
Total end-to-end search time: 48 ns
Query: 10000, nThreads: 8, warmup: 1
====================================================================================================
(ns)
Load index... Graph level 5..
Total end-to-end search time: 895443222 ns
Total end-to-end search time: 52 ns
Query: 10000, nThreads: 8, warmup: 1
====================================================================================================
(ns)
Load index... Graph level 5..
Total end-to-end search time: 895977223 ns
Total end-to-end search time: 51 ns
Query: 10000, nThreads: 8, warmup: 1
====================================================================================================
(ns)
Load index... Graph level 5..
Total end-to-end search time: 895656844 ns
Total end-to-end search time: 43 ns
Query: 10000, nThreads: 8, warmup: 1
====================================================================================================
(ns)
Load index... Graph level 5..
Total end-to-end search time: 894707155 ns
Total end-to-end search time: 50 ns
Query: 10000, nThreads: 8, warmup: 1
====================================================================================================
(ns)
Load index... Graph level 5..
Total end-to-end search time: 894934591 ns
Total end-to-end search time: 48 ns
Query: 10000, nThreads: 8, warmup: 1
====================================================================================================
(ns)
Load index... Graph level 5..
Total end-to-end search time: 895176006 ns
Total end-to-end search time: 49 ns
Query: 10000, nThreads: 8, warmup: 1
====================================================================================================
(ns)
Load index... Graph level 5..
Total end-to-end search time: 895440498 ns
Total end-to-end search time: 45 ns
