Query: 128, nThreads: 16, warmup: 8
====================================================================================================
(ns)
Load index... Graph level 5..
Total end-to-end search time: 13189023 ns
Total end-to-end search time: 13138324 ns
Total end-to-end search time: 13817038 ns
Total end-to-end search time: 12883525 ns
Total end-to-end search time: 11602157 ns
Total end-to-end search time: 11317398 ns
Total end-to-end search time: 12667191 ns
Total end-to-end search time: 13151565 ns
Total end-to-end search time: 12706493 ns
Query: 128, nThreads: 16, warmup: 8
====================================================================================================
(ns)
Load index... Graph level 5..
Total end-to-end search time: 13540012 ns
Total end-to-end search time: 13340481 ns
Total end-to-end search time: 13749715 ns
Total end-to-end search time: 13018398 ns
Total end-to-end search time: 11652050 ns
Total end-to-end search time: 11325173 ns
Total end-to-end search time: 12553850 ns
Total end-to-end search time: 13294157 ns
Total end-to-end search time: 12568428 ns
Query: 128, nThreads: 16, warmup: 8
====================================================================================================
(ns)
Load index... Graph level 5..
Total end-to-end search time: 13316961 ns
Total end-to-end search time: 13091397 ns
Total end-to-end search time: 13767566 ns
Total end-to-end search time: 12785034 ns
Total end-to-end search time: 11528415 ns
Total end-to-end search time: 11363633 ns
Total end-to-end search time: 12387770 ns
Total end-to-end search time: 13319153 ns
Total end-to-end search time: 12661438 ns
Query: 128, nThreads: 16, warmup: 8
====================================================================================================
(ns)
Load index... Graph level 5..
Total end-to-end search time: 13338332 ns
Total end-to-end search time: 13057058 ns
Total end-to-end search time: 13762593 ns
Total end-to-end search time: 13045180 ns
Total end-to-end search time: 11673370 ns
Total end-to-end search time: 11071723 ns
Total end-to-end search time: 12302618 ns
Total end-to-end search time: 13096283 ns
Total end-to-end search time: 12645813 ns
Query: 128, nThreads: 16, warmup: 8
====================================================================================================
(ns)
Load index... Graph level 5..
Total end-to-end search time: 13182808 ns
Total end-to-end search time: 13022477 ns
Total end-to-end search time: 13616821 ns
Total end-to-end search time: 12835603 ns
Total end-to-end search time: 11733203 ns
Total end-to-end search time: 11168238 ns
Total end-to-end search time: 12575088 ns
Total end-to-end search time: 13238775 ns
Total end-to-end search time: 12719668 ns
Query: 128, nThreads: 16, warmup: 8
====================================================================================================
(ns)
Load index... Graph level 5..
Total end-to-end search time: 13370987 ns
Total end-to-end search time: 13397487 ns
Total end-to-end search time: 14112420 ns
Total end-to-end search time: 13425679 ns
Total end-to-end search time: 11810462 ns
Total end-to-end search time: 11248703 ns
Total end-to-end search time: 12734444 ns
Total end-to-end search time: 13322603 ns
Total end-to-end search time: 12583511 ns
Query: 128, nThreads: 16, warmup: 8
====================================================================================================
(ns)
Load index... Graph level 5..
Total end-to-end search time: 13082618 ns
Total end-to-end search time: 13143309 ns
Total end-to-end search time: 13982948 ns
Total end-to-end search time: 12798546 ns
Total end-to-end search time: 11762973 ns
Total end-to-end search time: 11258058 ns
Total end-to-end search time: 12539486 ns
Total end-to-end search time: 12959635 ns
Total end-to-end search time: 12584176 ns
Query: 128, nThreads: 16, warmup: 8
====================================================================================================
(ns)
Load index... Graph level 5..
Total end-to-end search time: 12856067 ns
Total end-to-end search time: 12905566 ns
Total end-to-end search time: 13851515 ns
Total end-to-end search time: 12714607 ns
Total end-to-end search time: 11792717 ns
Total end-to-end search time: 11695546 ns
Total end-to-end search time: 12471420 ns
Total end-to-end search time: 13209156 ns
Total end-to-end search time: 12693638 ns
Query: 128, nThreads: 16, warmup: 8
====================================================================================================
(ns)
Load index... Graph level 5..
Total end-to-end search time: 13347585 ns
Total end-to-end search time: 13241125 ns
Total end-to-end search time: 13914571 ns
Total end-to-end search time: 12929571 ns
Total end-to-end search time: 11602811 ns
Total end-to-end search time: 11215561 ns
Total end-to-end search time: 12407641 ns
Total end-to-end search time: 13087620 ns
Total end-to-end search time: 12610792 ns
Query: 128, nThreads: 16, warmup: 8
====================================================================================================
(ns)
Load index... Graph level 5..
Total end-to-end search time: 13115185 ns
Total end-to-end search time: 13247181 ns
Total end-to-end search time: 13785936 ns
Total end-to-end search time: 13041282 ns
Total end-to-end search time: 11816105 ns
Total end-to-end search time: 11448219 ns
Total end-to-end search time: 12280606 ns
Total end-to-end search time: 13468684 ns
Total end-to-end search time: 12727202 ns
Query: 128, nThreads: 16, warmup: 8
====================================================================================================
(ns)
Load index... Graph level 5..
Total end-to-end search time: 13533564 ns
Total end-to-end search time: 13383264 ns
Total end-to-end search time: 14033996 ns
Total end-to-end search time: 13347794 ns
Total end-to-end search time: 11791476 ns
Total end-to-end search time: 11207180 ns
Total end-to-end search time: 12526767 ns
Total end-to-end search time: 13212281 ns
Total end-to-end search time: 12663044 ns
Query: 128, nThreads: 16, warmup: 8
====================================================================================================
(ns)
Load index... Graph level 5..
Total end-to-end search time: 13225878 ns
Total end-to-end search time: 13356854 ns
Total end-to-end search time: 13846568 ns
Total end-to-end search time: 12808802 ns
Total end-to-end search time: 12011622 ns
Total end-to-end search time: 11194620 ns
Total end-to-end search time: 12566736 ns
Total end-to-end search time: 12926241 ns
Total end-to-end search time: 12712303 ns
Query: 128, nThreads: 16, warmup: 8
====================================================================================================
(ns)
Load index... Graph level 5..
Total end-to-end search time: 13444814 ns
Total end-to-end search time: 13111223 ns
Total end-to-end search time: 14101546 ns
Total end-to-end search time: 12961072 ns
Total end-to-end search time: 11664431 ns
Total end-to-end search time: 11103151 ns
Total end-to-end search time: 12400366 ns
Total end-to-end search time: 13229224 ns
Total end-to-end search time: 12554409 ns
Query: 128, nThreads: 16, warmup: 8
====================================================================================================
(ns)
Load index... Graph level 5..
Total end-to-end search time: 13094605 ns
Total end-to-end search time: 13178223 ns
Total end-to-end search time: 13857350 ns
Total end-to-end search time: 12939440 ns
Total end-to-end search time: 11739332 ns
Total end-to-end search time: 11431854 ns
Total end-to-end search time: 12451916 ns
Total end-to-end search time: 13147018 ns
Total end-to-end search time: 12765248 ns
Query: 128, nThreads: 16, warmup: 8
====================================================================================================
(ns)
Load index... Graph level 5..
Total end-to-end search time: 12912506 ns
Total end-to-end search time: 13385852 ns
Total end-to-end search time: 14267551 ns
Total end-to-end search time: 13046446 ns
Total end-to-end search time: 11545519 ns
Total end-to-end search time: 11307760 ns
Total end-to-end search time: 12295576 ns
Total end-to-end search time: 13123334 ns
Total end-to-end search time: 12575327 ns
Query: 128, nThreads: 16, warmup: 8
====================================================================================================
(ns)
Load index... Graph level 5..
Total end-to-end search time: 13078935 ns
Total end-to-end search time: 12970499 ns
Total end-to-end search time: 14090258 ns
Total end-to-end search time: 13320054 ns
Total end-to-end search time: 11819094 ns
Total end-to-end search time: 11346604 ns
Total end-to-end search time: 12722450 ns
Total end-to-end search time: 13328002 ns
Total end-to-end search time: 12620456 ns
Query: 128, nThreads: 16, warmup: 8
====================================================================================================
(ns)
Load index... Graph level 5..
Total end-to-end search time: 13345365 ns
Total end-to-end search time: 13047049 ns
Total end-to-end search time: 13943167 ns
Total end-to-end search time: 13020772 ns
Total end-to-end search time: 11856340 ns
Total end-to-end search time: 11563179 ns
Total end-to-end search time: 12251491 ns
Total end-to-end search time: 13166382 ns
Total end-to-end search time: 12567891 ns
Query: 128, nThreads: 16, warmup: 8
====================================================================================================
(ns)
Load index... Graph level 5..
Total end-to-end search time: 13365788 ns
Total end-to-end search time: 13092735 ns
Total end-to-end search time: 14163172 ns
Total end-to-end search time: 12772741 ns
Total end-to-end search time: 11738817 ns
Total end-to-end search time: 11141221 ns
Total end-to-end search time: 12666986 ns
Total end-to-end search time: 13347600 ns
Total end-to-end search time: 12433079 ns
Query: 128, nThreads: 16, warmup: 8
====================================================================================================
(ns)
Load index... Graph level 5..
Total end-to-end search time: 13603533 ns
Total end-to-end search time: 13345845 ns
Total end-to-end search time: 14106165 ns
Total end-to-end search time: 13288084 ns
Total end-to-end search time: 11848498 ns
Total end-to-end search time: 11232098 ns
Total end-to-end search time: 12416860 ns
Total end-to-end search time: 12944855 ns
Total end-to-end search time: 12687353 ns
Query: 128, nThreads: 16, warmup: 8
====================================================================================================
(ns)
Load index... Graph level 5..
Total end-to-end search time: 13132862 ns
Total end-to-end search time: 13367147 ns
Total end-to-end search time: 14225320 ns
Total end-to-end search time: 12854170 ns
Total end-to-end search time: 11824263 ns
Total end-to-end search time: 11239651 ns
Total end-to-end search time: 12391186 ns
Total end-to-end search time: 13213928 ns
Total end-to-end search time: 12789998 ns
Query: 128, nThreads: 16, warmup: 8
====================================================================================================
(ns)
Load index... Graph level 5..
Total end-to-end search time: 13160487 ns
Total end-to-end search time: 12993955 ns
Total end-to-end search time: 13838261 ns
Total end-to-end search time: 12859799 ns
Total end-to-end search time: 11613383 ns
Total end-to-end search time: 11232007 ns
Total end-to-end search time: 12487774 ns
Total end-to-end search time: 13056402 ns
Total end-to-end search time: 12641908 ns
Query: 128, nThreads: 16, warmup: 8
====================================================================================================
(ns)
Load index... Graph level 5..
Total end-to-end search time: 13569358 ns
Total end-to-end search time: 13103847 ns
Total end-to-end search time: 13902010 ns
Total end-to-end search time: 12917732 ns
Total end-to-end search time: 11615952 ns
Total end-to-end search time: 11348695 ns
Total end-to-end search time: 12259526 ns
Total end-to-end search time: 13246250 ns
Total end-to-end search time: 12775614 ns
Query: 128, nThreads: 16, warmup: 8
====================================================================================================
(ns)
Load index... Graph level 5..
Total end-to-end search time: 13050587 ns
Total end-to-end search time: 13222126 ns
Total end-to-end search time: 13959161 ns
Total end-to-end search time: 12758707 ns
Total end-to-end search time: 12038074 ns
Total end-to-end search time: 11442240 ns
Total end-to-end search time: 12479795 ns
Total end-to-end search time: 13252157 ns
Total end-to-end search time: 12760812 ns
Query: 128, nThreads: 16, warmup: 8
====================================================================================================
(ns)
Load index... Graph level 5..
Total end-to-end search time: 13543933 ns
Total end-to-end search time: 13205053 ns
Total end-to-end search time: 13861245 ns
Total end-to-end search time: 12989494 ns
Total end-to-end search time: 11696266 ns
Total end-to-end search time: 11376897 ns
Total end-to-end search time: 12428906 ns
Total end-to-end search time: 13301403 ns
Total end-to-end search time: 12712350 ns
Query: 128, nThreads: 16, warmup: 8
====================================================================================================
(ns)
Load index... Graph level 5..
Total end-to-end search time: 13810046 ns
Total end-to-end search time: 13354312 ns
Total end-to-end search time: 13847757 ns
Total end-to-end search time: 13114423 ns
Total end-to-end search time: 11689539 ns
Total end-to-end search time: 11211402 ns
Total end-to-end search time: 12258929 ns
Total end-to-end search time: 13296472 ns
Total end-to-end search time: 12764882 ns
Query: 128, nThreads: 16, warmup: 8
====================================================================================================
(ns)
Load index... Graph level 5..
Total end-to-end search time: 13585794 ns
Total end-to-end search time: 13024503 ns
Total end-to-end search time: 13834861 ns
Total end-to-end search time: 12865685 ns
Total end-to-end search time: 11633327 ns
Total end-to-end search time: 11672832 ns
Total end-to-end search time: 12382666 ns
Total end-to-end search time: 13197280 ns
Total end-to-end search time: 12697035 ns
Query: 128, nThreads: 16, warmup: 8
====================================================================================================
(ns)
Load index... Graph level 5..
Total end-to-end search time: 13320688 ns
Total end-to-end search time: 12840917 ns
Total end-to-end search time: 13937806 ns
Total end-to-end search time: 13063740 ns
Total end-to-end search time: 12038732 ns
Total end-to-end search time: 11350089 ns
Total end-to-end search time: 12548411 ns
Total end-to-end search time: 13283510 ns
Total end-to-end search time: 12518923 ns
Query: 128, nThreads: 16, warmup: 8
====================================================================================================
(ns)
Load index... Graph level 5..
Total end-to-end search time: 13258902 ns
Total end-to-end search time: 13165849 ns
Total end-to-end search time: 13820856 ns
Total end-to-end search time: 12945141 ns
Total end-to-end search time: 11646045 ns
Total end-to-end search time: 11304907 ns
Total end-to-end search time: 12214940 ns
Total end-to-end search time: 13082904 ns
Total end-to-end search time: 12679319 ns
Query: 128, nThreads: 16, warmup: 8
====================================================================================================
(ns)
Load index... Graph level 5..
Total end-to-end search time: 13051793 ns
Total end-to-end search time: 13009668 ns
Total end-to-end search time: 13761944 ns
Total end-to-end search time: 13270023 ns
Total end-to-end search time: 11740553 ns
Total end-to-end search time: 11368234 ns
Total end-to-end search time: 12355003 ns
Total end-to-end search time: 13190766 ns
Total end-to-end search time: 12792826 ns
Query: 128, nThreads: 16, warmup: 8
====================================================================================================
(ns)
Load index... Graph level 5..
Total end-to-end search time: 13194339 ns
Total end-to-end search time: 13194141 ns
Total end-to-end search time: 13977951 ns
Total end-to-end search time: 12886483 ns
Total end-to-end search time: 11743000 ns
Total end-to-end search time: 11490926 ns
Total end-to-end search time: 12517005 ns
Total end-to-end search time: 13319552 ns
Total end-to-end search time: 12554406 ns
