Query: 128, nThreads: 1, warmup: 8
====================================================================================================
(ns)
Load index... Graph level 5..
Total end-to-end search time: 87404928 ns
Total end-to-end search time: 96201396 ns
Total end-to-end search time: 100626099 ns
Total end-to-end search time: 93214461 ns
Total end-to-end search time: 85475589 ns
Total end-to-end search time: 81839368 ns
Total end-to-end search time: 90699987 ns
Total end-to-end search time: 95723636 ns
Total end-to-end search time: 92015074 ns
Query: 128, nThreads: 1, warmup: 8
====================================================================================================
(ns)
Load index... Graph level 5..
Total end-to-end search time: 85821491 ns
Total end-to-end search time: 96410032 ns
Total end-to-end search time: 102102817 ns
Total end-to-end search time: 94889621 ns
Total end-to-end search time: 86135799 ns
Total end-to-end search time: 82495948 ns
Total end-to-end search time: 90294766 ns
Total end-to-end search time: 95707547 ns
Total end-to-end search time: 92180225 ns
Query: 128, nThreads: 1, warmup: 8
====================================================================================================
(ns)
Load index... Graph level 5..
Total end-to-end search time: 85462080 ns
Total end-to-end search time: 94003161 ns
Total end-to-end search time: 99274066 ns
Total end-to-end search time: 92570459 ns
Total end-to-end search time: 85284252 ns
Total end-to-end search time: 82089158 ns
Total end-to-end search time: 90493817 ns
Total end-to-end search time: 95608112 ns
Total end-to-end search time: 92540685 ns
Query: 128, nThreads: 1, warmup: 8
====================================================================================================
(ns)
Load index... Graph level 5..
Total end-to-end search time: 85674160 ns
Total end-to-end search time: 94054259 ns
Total end-to-end search time: 99429568 ns
Total end-to-end search time: 92646299 ns
Total end-to-end search time: 84250857 ns
Total end-to-end search time: 80696885 ns
Total end-to-end search time: 89310154 ns
Total end-to-end search time: 94578645 ns
Total end-to-end search time: 91108781 ns
Query: 128, nThreads: 1, warmup: 8
====================================================================================================
(ns)
Load index... Graph level 5..
Total end-to-end search time: 87151623 ns
Total end-to-end search time: 96258819 ns
Total end-to-end search time: 101707045 ns
Total end-to-end search time: 95074394 ns
Total end-to-end search time: 85978351 ns
Total end-to-end search time: 82553114 ns
Total end-to-end search time: 91171716 ns
Total end-to-end search time: 96939594 ns
Total end-to-end search time: 93309196 ns
Query: 128, nThreads: 1, warmup: 8
====================================================================================================
(ns)
Load index... Graph level 5..
Total end-to-end search time: 85994648 ns
Total end-to-end search time: 94591998 ns
Total end-to-end search time: 99790786 ns
Total end-to-end search time: 93095700 ns
Total end-to-end search time: 84576274 ns
Total end-to-end search time: 81037318 ns
Total end-to-end search time: 89470090 ns
Total end-to-end search time: 95056609 ns
Total end-to-end search time: 91428129 ns
Query: 128, nThreads: 1, warmup: 8
====================================================================================================
(ns)
Load index... Graph level 5..
Total end-to-end search time: 85654170 ns
Total end-to-end search time: 94129239 ns
Total end-to-end search time: 99583686 ns
Total end-to-end search time: 92575199 ns
Total end-to-end search time: 84085469 ns
Total end-to-end search time: 80756500 ns
Total end-to-end search time: 89375917 ns
Total end-to-end search time: 94977516 ns
Total end-to-end search time: 91269624 ns
Query: 128, nThreads: 1, warmup: 8
====================================================================================================
(ns)
Load index... Graph level 5..
Total end-to-end search time: 86613553 ns
Total end-to-end search time: 95133997 ns
Total end-to-end search time: 100632444 ns
Total end-to-end search time: 93691391 ns
Total end-to-end search time: 85142010 ns
Total end-to-end search time: 81421210 ns
Total end-to-end search time: 90172962 ns
Total end-to-end search time: 96114189 ns
Total end-to-end search time: 92044001 ns
Query: 128, nThreads: 1, warmup: 8
====================================================================================================
(ns)
Load index... Graph level 5..
Total end-to-end search time: 85733340 ns
Total end-to-end search time: 94447999 ns
Total end-to-end search time: 99625289 ns
Total end-to-end search time: 93041874 ns
Total end-to-end search time: 84244618 ns
Total end-to-end search time: 81984568 ns
Total end-to-end search time: 90318408 ns
Total end-to-end search time: 95769807 ns
Total end-to-end search time: 92543596 ns
Query: 128, nThreads: 1, warmup: 8
====================================================================================================
(ns)
Load index... Graph level 5..
Total end-to-end search time: 85457435 ns
Total end-to-end search time: 94240882 ns
Total end-to-end search time: 99632834 ns
Total end-to-end search time: 92534584 ns
Total end-to-end search time: 84016690 ns
Total end-to-end search time: 80816429 ns
Total end-to-end search time: 89237949 ns
Total end-to-end search time: 94642061 ns
Total end-to-end search time: 91311073 ns
Query: 128, nThreads: 1, warmup: 8
====================================================================================================
(ns)
Load index... Graph level 5..
Total end-to-end search time: 85524600 ns
Total end-to-end search time: 94382895 ns
Total end-to-end search time: 99691749 ns
Total end-to-end search time: 93008694 ns
Total end-to-end search time: 84333271 ns
Total end-to-end search time: 81344136 ns
Total end-to-end search time: 89658887 ns
Total end-to-end search time: 94974544 ns
Total end-to-end search time: 91398902 ns
Query: 128, nThreads: 1, warmup: 8
====================================================================================================
(ns)
Load index... Graph level 5..
Total end-to-end search time: 86005198 ns
Total end-to-end search time: 94892450 ns
Total end-to-end search time: 99848917 ns
Total end-to-end search time: 92979881 ns
Total end-to-end search time: 84541221 ns
Total end-to-end search time: 81450841 ns
Total end-to-end search time: 89449443 ns
Total end-to-end search time: 95031119 ns
Total end-to-end search time: 91563102 ns
Query: 128, nThreads: 1, warmup: 8
====================================================================================================
(ns)
Load index... Graph level 5..
Total end-to-end search time: 85762891 ns
Total end-to-end search time: 94630808 ns
Total end-to-end search time: 99913643 ns
Total end-to-end search time: 93397659 ns
Total end-to-end search time: 84541738 ns
Total end-to-end search time: 81139242 ns
Total end-to-end search time: 90015145 ns
Total end-to-end search time: 95828541 ns
Total end-to-end search time: 92341610 ns
Query: 128, nThreads: 1, warmup: 8
====================================================================================================
(ns)
Load index... Graph level 5..
Total end-to-end search time: 85319292 ns
Total end-to-end search time: 94552421 ns
Total end-to-end search time: 102106827 ns
Total end-to-end search time: 95150548 ns
Total end-to-end search time: 86144911 ns
Total end-to-end search time: 83071626 ns
Total end-to-end search time: 91999376 ns
Total end-to-end search time: 95662323 ns
Total end-to-end search time: 92091821 ns
Query: 128, nThreads: 1, warmup: 8
====================================================================================================
(ns)
Load index... Graph level 5..
Total end-to-end search time: 86892616 ns
Total end-to-end search time: 94995614 ns
Total end-to-end search time: 100469158 ns
Total end-to-end search time: 93823627 ns
Total end-to-end search time: 84862595 ns
Total end-to-end search time: 81423199 ns
Total end-to-end search time: 89964429 ns
Total end-to-end search time: 95766763 ns
Total end-to-end search time: 92396113 ns
Query: 128, nThreads: 1, warmup: 8
====================================================================================================
(ns)
Load index... Graph level 5..
Total end-to-end search time: 86267846 ns
Total end-to-end search time: 94454311 ns
Total end-to-end search time: 99886186 ns
Total end-to-end search time: 93619763 ns
Total end-to-end search time: 84504056 ns
Total end-to-end search time: 80929874 ns
Total end-to-end search time: 89511558 ns
Total end-to-end search time: 95091963 ns
Total end-to-end search time: 91715729 ns
Query: 128, nThreads: 1, warmup: 8
====================================================================================================
(ns)
Load index... Graph level 5..
Total end-to-end search time: 85979895 ns
Total end-to-end search time: 94990662 ns
Total end-to-end search time: 100096213 ns
Total end-to-end search time: 93261018 ns
Total end-to-end search time: 84610246 ns
Total end-to-end search time: 81141688 ns
Total end-to-end search time: 89763316 ns
Total end-to-end search time: 95394337 ns
Total end-to-end search time: 91618631 ns
Query: 128, nThreads: 1, warmup: 8
====================================================================================================
(ns)
Load index... Graph level 5..
Total end-to-end search time: 86017255 ns
Total end-to-end search time: 94375894 ns
Total end-to-end search time: 99478126 ns
Total end-to-end search time: 92768318 ns
Total end-to-end search time: 84199140 ns
Total end-to-end search time: 80942635 ns
Total end-to-end search time: 89873320 ns
Total end-to-end search time: 95491884 ns
Total end-to-end search time: 91982908 ns
Query: 128, nThreads: 1, warmup: 8
====================================================================================================
(ns)
Load index... Graph level 5..
Total end-to-end search time: 86079923 ns
Total end-to-end search time: 94811591 ns
Total end-to-end search time: 100009270 ns
Total end-to-end search time: 93461354 ns
Total end-to-end search time: 86720343 ns
Total end-to-end search time: 82566114 ns
Total end-to-end search time: 91654253 ns
Total end-to-end search time: 97313680 ns
Total end-to-end search time: 93352190 ns
Query: 128, nThreads: 1, warmup: 8
====================================================================================================
(ns)
Load index... Graph level 5..
Total end-to-end search time: 86241920 ns
Total end-to-end search time: 94826132 ns
Total end-to-end search time: 100946036 ns
Total end-to-end search time: 93568516 ns
Total end-to-end search time: 84726017 ns
Total end-to-end search time: 81254742 ns
Total end-to-end search time: 89832642 ns
Total end-to-end search time: 95412599 ns
Total end-to-end search time: 92169306 ns
Query: 128, nThreads: 1, warmup: 8
====================================================================================================
(ns)
Load index... Graph level 5..
Total end-to-end search time: 85841902 ns
Total end-to-end search time: 94305865 ns
Total end-to-end search time: 99708535 ns
Total end-to-end search time: 92686944 ns
Total end-to-end search time: 84139313 ns
Total end-to-end search time: 81024603 ns
Total end-to-end search time: 90175642 ns
Total end-to-end search time: 95569295 ns
Total end-to-end search time: 91850577 ns
Query: 128, nThreads: 1, warmup: 8
====================================================================================================
(ns)
Load index... Graph level 5..
Total end-to-end search time: 85343244 ns
Total end-to-end search time: 94167474 ns
Total end-to-end search time: 99468273 ns
Total end-to-end search time: 93359572 ns
Total end-to-end search time: 84785337 ns
Total end-to-end search time: 81063742 ns
Total end-to-end search time: 89808257 ns
Total end-to-end search time: 95134217 ns
Total end-to-end search time: 91856605 ns
Query: 128, nThreads: 1, warmup: 8
====================================================================================================
(ns)
Load index... Graph level 5..
Total end-to-end search time: 85796701 ns
Total end-to-end search time: 96597523 ns
Total end-to-end search time: 101858567 ns
Total end-to-end search time: 94772351 ns
Total end-to-end search time: 85547346 ns
Total end-to-end search time: 81976570 ns
Total end-to-end search time: 90288565 ns
Total end-to-end search time: 95614954 ns
Total end-to-end search time: 91842995 ns
Query: 128, nThreads: 1, warmup: 8
====================================================================================================
(ns)
Load index... Graph level 5..
Total end-to-end search time: 86242279 ns
Total end-to-end search time: 94921308 ns
Total end-to-end search time: 100089480 ns
Total end-to-end search time: 93540326 ns
Total end-to-end search time: 85120109 ns
Total end-to-end search time: 81311195 ns
Total end-to-end search time: 91405118 ns
Total end-to-end search time: 97100977 ns
Total end-to-end search time: 93223755 ns
Query: 128, nThreads: 1, warmup: 8
====================================================================================================
(ns)
Load index... Graph level 5..
Total end-to-end search time: 86156654 ns
Total end-to-end search time: 95211473 ns
Total end-to-end search time: 100499302 ns
Total end-to-end search time: 93444884 ns
Total end-to-end search time: 84662490 ns
Total end-to-end search time: 81152556 ns
Total end-to-end search time: 89686627 ns
Total end-to-end search time: 97572919 ns
Total end-to-end search time: 93402056 ns
Query: 128, nThreads: 1, warmup: 8
====================================================================================================
(ns)
Load index... Graph level 5..
Total end-to-end search time: 86190202 ns
Total end-to-end search time: 94939774 ns
Total end-to-end search time: 100633512 ns
Total end-to-end search time: 93654065 ns
Total end-to-end search time: 85207013 ns
Total end-to-end search time: 81415393 ns
Total end-to-end search time: 90128049 ns
Total end-to-end search time: 95950262 ns
Total end-to-end search time: 92364404 ns
Query: 128, nThreads: 1, warmup: 8
====================================================================================================
(ns)
Load index... Graph level 5..
Total end-to-end search time: 85791012 ns
Total end-to-end search time: 95668188 ns
Total end-to-end search time: 102561441 ns
Total end-to-end search time: 95509668 ns
Total end-to-end search time: 86599562 ns
Total end-to-end search time: 82573029 ns
Total end-to-end search time: 91100044 ns
Total end-to-end search time: 96852809 ns
Total end-to-end search time: 93725032 ns
Query: 128, nThreads: 1, warmup: 8
====================================================================================================
(ns)
Load index... Graph level 5..
Total end-to-end search time: 86504808 ns
Total end-to-end search time: 94720606 ns
Total end-to-end search time: 100463446 ns
Total end-to-end search time: 93607901 ns
Total end-to-end search time: 84499847 ns
Total end-to-end search time: 81103416 ns
Total end-to-end search time: 90010980 ns
Total end-to-end search time: 95091152 ns
Total end-to-end search time: 92806459 ns
Query: 128, nThreads: 1, warmup: 8
====================================================================================================
(ns)
Load index... Graph level 5..
Total end-to-end search time: 86806318 ns
Total end-to-end search time: 95271799 ns
Total end-to-end search time: 100304920 ns
Total end-to-end search time: 93557286 ns
Total end-to-end search time: 85040536 ns
Total end-to-end search time: 81779205 ns
Total end-to-end search time: 90402853 ns
Total end-to-end search time: 95569931 ns
Total end-to-end search time: 91944453 ns
Query: 128, nThreads: 1, warmup: 8
====================================================================================================
(ns)
Load index... Graph level 5..
Total end-to-end search time: 85399123 ns
Total end-to-end search time: 94254526 ns
Total end-to-end search time: 100762887 ns
Total end-to-end search time: 95245206 ns
Total end-to-end search time: 86363610 ns
Total end-to-end search time: 82968858 ns
Total end-to-end search time: 91410728 ns
Total end-to-end search time: 96899489 ns
Total end-to-end search time: 93445127 ns
