Query: 256, nThreads: 32, warmup: 8
====================================================================================================
(ns)
Load index... Graph level 5..
Total end-to-end search time: 27320502 ns
Total end-to-end search time: 26767413 ns
Total end-to-end search time: 22891141 ns
Total end-to-end search time: 25305555 ns
Total end-to-end search time: 25171389 ns
Total end-to-end search time: 24685865 ns
Total end-to-end search time: 26743260 ns
Total end-to-end search time: 24499176 ns
Total end-to-end search time: 25609922 ns
Query: 256, nThreads: 32, warmup: 8
====================================================================================================
(ns)
Load index... Graph level 5..
Total end-to-end search time: 26958430 ns
Total end-to-end search time: 26581390 ns
Total end-to-end search time: 22793190 ns
Total end-to-end search time: 25445972 ns
Total end-to-end search time: 25346120 ns
Total end-to-end search time: 24362918 ns
Total end-to-end search time: 26749072 ns
Total end-to-end search time: 24429578 ns
Total end-to-end search time: 25787659 ns
Query: 256, nThreads: 32, warmup: 8
====================================================================================================
(ns)
Load index... Graph level 5..
Total end-to-end search time: 26580258 ns
Total end-to-end search time: 26863799 ns
Total end-to-end search time: 22573749 ns
Total end-to-end search time: 25502538 ns
Total end-to-end search time: 25113679 ns
Total end-to-end search time: 24497391 ns
Total end-to-end search time: 26766543 ns
Total end-to-end search time: 24573962 ns
Total end-to-end search time: 25318792 ns
Query: 256, nThreads: 32, warmup: 8
====================================================================================================
(ns)
Load index... Graph level 5..
Total end-to-end search time: 27440804 ns
Total end-to-end search time: 26426741 ns
Total end-to-end search time: 22770152 ns
Total end-to-end search time: 25620724 ns
Total end-to-end search time: 25268449 ns
Total end-to-end search time: 24368297 ns
Total end-to-end search time: 26533651 ns
Total end-to-end search time: 24647631 ns
Total end-to-end search time: 25638065 ns
Query: 256, nThreads: 32, warmup: 8
====================================================================================================
(ns)
Load index... Graph level 5..
Total end-to-end search time: 27244108 ns
Total end-to-end search time: 26498789 ns
Total end-to-end search time: 22756756 ns
Total end-to-end search time: 25382421 ns
Total end-to-end search time: 25142365 ns
Total end-to-end search time: 24379727 ns
Total end-to-end search time: 26780268 ns
Total end-to-end search time: 24408933 ns
Total end-to-end search time: 25747955 ns
Query: 256, nThreads: 32, warmup: 8
====================================================================================================
(ns)
Load index... Graph level 5..
Total end-to-end search time: 27950700 ns
Total end-to-end search time: 26727655 ns
Total end-to-end search time: 22736209 ns
Total end-to-end search time: 25350186 ns
Total end-to-end search time: 25179658 ns
Total end-to-end search time: 24385852 ns
Total end-to-end search time: 26597762 ns
Total end-to-end search time: 24448666 ns
Total end-to-end search time: 25361368 ns
Query: 256, nThreads: 32, warmup: 8
====================================================================================================
(ns)
Load index... Graph level 5..
Total end-to-end search time: 27394383 ns
Total end-to-end search time: 26591309 ns
Total end-to-end search time: 22825952 ns
Total end-to-end search time: 25370466 ns
Total end-to-end search time: 25104288 ns
Total end-to-end search time: 24376800 ns
Total end-to-end search time: 26684799 ns
Total end-to-end search time: 24564333 ns
Total end-to-end search time: 25502973 ns
Query: 256, nThreads: 32, warmup: 8
====================================================================================================
(ns)
Load index... Graph level 5..
Total end-to-end search time: 26672562 ns
Total end-to-end search time: 27343467 ns
Total end-to-end search time: 22730425 ns
Total end-to-end search time: 25205489 ns
Total end-to-end search time: 25092981 ns
Total end-to-end search time: 24391661 ns
Total end-to-end search time: 26833714 ns
Total end-to-end search time: 24471530 ns
Total end-to-end search time: 25331421 ns
Query: 256, nThreads: 32, warmup: 8
====================================================================================================
(ns)
Load index... Graph level 5..
Total end-to-end search time: 27103289 ns
Total end-to-end search time: 26908998 ns
Total end-to-end search time: 22834852 ns
Total end-to-end search time: 25412005 ns
Total end-to-end search time: 25086314 ns
Total end-to-end search time: 24297503 ns
Total end-to-end search time: 26822410 ns
Total end-to-end search time: 24378224 ns
Total end-to-end search time: 25340440 ns
Query: 256, nThreads: 32, warmup: 8
====================================================================================================
(ns)
Load index... Graph level 5..
Total end-to-end search time: 27208186 ns
Total end-to-end search time: 26898500 ns
Total end-to-end search time: 22873033 ns
Total end-to-end search time: 25168979 ns
Total end-to-end search time: 25114986 ns
Total end-to-end search time: 24424875 ns
Total end-to-end search time: 26577566 ns
Total end-to-end search time: 24584744 ns
Total end-to-end search time: 25490406 ns
Query: 256, nThreads: 32, warmup: 8
====================================================================================================
(ns)
Load index... Graph level 5..
Total end-to-end search time: 27170264 ns
Total end-to-end search time: 26738211 ns
Total end-to-end search time: 22751752 ns
Total end-to-end search time: 25662916 ns
Total end-to-end search time: 25071854 ns
Total end-to-end search time: 24582359 ns
Total end-to-end search time: 26667859 ns
Total end-to-end search time: 24345176 ns
Total end-to-end search time: 25371709 ns
Query: 256, nThreads: 32, warmup: 8
====================================================================================================
(ns)
Load index... Graph level 5..
Total end-to-end search time: 26888408 ns
Total end-to-end search time: 27322226 ns
Total end-to-end search time: 22775333 ns
Total end-to-end search time: 25351576 ns
Total end-to-end search time: 25166971 ns
Total end-to-end search time: 24532395 ns
Total end-to-end search time: 26675405 ns
Total end-to-end search time: 24387345 ns
Total end-to-end search time: 25476029 ns
Query: 256, nThreads: 32, warmup: 8
====================================================================================================
(ns)
Load index... Graph level 5..
Total end-to-end search time: 27121940 ns
Total end-to-end search time: 26620906 ns
Total end-to-end search time: 22820279 ns
Total end-to-end search time: 25089306 ns
Total end-to-end search time: 25382643 ns
Total end-to-end search time: 24384804 ns
Total end-to-end search time: 26776028 ns
Total end-to-end search time: 24359646 ns
Total end-to-end search time: 25405816 ns
Query: 256, nThreads: 32, warmup: 8
====================================================================================================
(ns)
Load index... Graph level 5..
Total end-to-end search time: 27110041 ns
Total end-to-end search time: 26486535 ns
Total end-to-end search time: 22650164 ns
Total end-to-end search time: 25481622 ns
Total end-to-end search time: 25253377 ns
Total end-to-end search time: 24688114 ns
Total end-to-end search time: 26786692 ns
Total end-to-end search time: 24515302 ns
Total end-to-end search time: 25310662 ns
Query: 256, nThreads: 32, warmup: 8
====================================================================================================
(ns)
Load index... Graph level 5..
Total end-to-end search time: 27002600 ns
Total end-to-end search time: 27047848 ns
Total end-to-end search time: 22788422 ns
Total end-to-end search time: 25344378 ns
Total end-to-end search time: 25339880 ns
Total end-to-end search time: 24529328 ns
Total end-to-end search time: 26863891 ns
Total end-to-end search time: 24364040 ns
Total end-to-end search time: 25954468 ns
Query: 256, nThreads: 32, warmup: 8
====================================================================================================
(ns)
Load index... Graph level 5..
Total end-to-end search time: 27400621 ns
Total end-to-end search time: 26663464 ns
Total end-to-end search time: 22778441 ns
Total end-to-end search time: 25310817 ns
Total end-to-end search time: 25572041 ns
Total end-to-end search time: 24500344 ns
Total end-to-end search time: 26677610 ns
Total end-to-end search time: 24896013 ns
Total end-to-end search time: 25529098 ns
Query: 256, nThreads: 32, warmup: 8
====================================================================================================
(ns)
Load index... Graph level 5..
Total end-to-end search time: 26883234 ns
Total end-to-end search time: 26462110 ns
Total end-to-end search time: 22667737 ns
Total end-to-end search time: 25349285 ns
Total end-to-end search time: 25404283 ns
Total end-to-end search time: 24253549 ns
Total end-to-end search time: 26639702 ns
Total end-to-end search time: 24583603 ns
Total end-to-end search time: 25331360 ns
Query: 256, nThreads: 32, warmup: 8
====================================================================================================
(ns)
Load index... Graph level 5..
Total end-to-end search time: 27138681 ns
Total end-to-end search time: 26531597 ns
Total end-to-end search time: 22821600 ns
Total end-to-end search time: 25647793 ns
Total end-to-end search time: 25333582 ns
Total end-to-end search time: 24366775 ns
Total end-to-end search time: 26899815 ns
Total end-to-end search time: 24574401 ns
Total end-to-end search time: 25324458 ns
Query: 256, nThreads: 32, warmup: 8
====================================================================================================
(ns)
Load index... Graph level 5..
Total end-to-end search time: 26767953 ns
Total end-to-end search time: 26894253 ns
Total end-to-end search time: 22913257 ns
Total end-to-end search time: 25347827 ns
Total end-to-end search time: 25110710 ns
Total end-to-end search time: 24330362 ns
Total end-to-end search time: 26674156 ns
Total end-to-end search time: 24526338 ns
Total end-to-end search time: 25378648 ns
Query: 256, nThreads: 32, warmup: 8
====================================================================================================
(ns)
Load index... Graph level 5..
Total end-to-end search time: 26448400 ns
Total end-to-end search time: 26703362 ns
Total end-to-end search time: 22758055 ns
Total end-to-end search time: 25308870 ns
Total end-to-end search time: 25167382 ns
Total end-to-end search time: 24475658 ns
Total end-to-end search time: 26847306 ns
Total end-to-end search time: 24654835 ns
Total end-to-end search time: 25530260 ns
Query: 256, nThreads: 32, warmup: 8
====================================================================================================
(ns)
Load index... Graph level 5..
Total end-to-end search time: 26737374 ns
Total end-to-end search time: 27204638 ns
Total end-to-end search time: 22881558 ns
Total end-to-end search time: 25200576 ns
Total end-to-end search time: 24969696 ns
Total end-to-end search time: 24535884 ns
Total end-to-end search time: 26989023 ns
Total end-to-end search time: 24448381 ns
Total end-to-end search time: 25359777 ns
Query: 256, nThreads: 32, warmup: 8
====================================================================================================
(ns)
Load index... Graph level 5..
Total end-to-end search time: 26818327 ns
Total end-to-end search time: 26937519 ns
Total end-to-end search time: 22661143 ns
Total end-to-end search time: 25556866 ns
Total end-to-end search time: 25104925 ns
Total end-to-end search time: 24311818 ns
Total end-to-end search time: 26771015 ns
Total end-to-end search time: 24389010 ns
Total end-to-end search time: 25416201 ns
Query: 256, nThreads: 32, warmup: 8
====================================================================================================
(ns)
Load index... Graph level 5..
Total end-to-end search time: 26304508 ns
Total end-to-end search time: 27223217 ns
Total end-to-end search time: 22985123 ns
Total end-to-end search time: 25291661 ns
Total end-to-end search time: 25215820 ns
Total end-to-end search time: 24320749 ns
Total end-to-end search time: 26814438 ns
Total end-to-end search time: 24448511 ns
Total end-to-end search time: 25566272 ns
Query: 256, nThreads: 32, warmup: 8
====================================================================================================
(ns)
Load index... Graph level 5..
Total end-to-end search time: 26600955 ns
Total end-to-end search time: 27203354 ns
Total end-to-end search time: 22585788 ns
Total end-to-end search time: 25271727 ns
Total end-to-end search time: 25227463 ns
Total end-to-end search time: 24392718 ns
Total end-to-end search time: 26709988 ns
Total end-to-end search time: 24564901 ns
Total end-to-end search time: 25689118 ns
Query: 256, nThreads: 32, warmup: 8
====================================================================================================
(ns)
Load index... Graph level 5..
Total end-to-end search time: 26850712 ns
Total end-to-end search time: 26868509 ns
Total end-to-end search time: 22604467 ns
Total end-to-end search time: 25274761 ns
Total end-to-end search time: 25331096 ns
Total end-to-end search time: 24564020 ns
Total end-to-end search time: 26817052 ns
Total end-to-end search time: 24553188 ns
Total end-to-end search time: 25477784 ns
Query: 256, nThreads: 32, warmup: 8
====================================================================================================
(ns)
Load index... Graph level 5..
Total end-to-end search time: 26602644 ns
Total end-to-end search time: 26727874 ns
Total end-to-end search time: 22692333 ns
Total end-to-end search time: 25263908 ns
Total end-to-end search time: 25248992 ns
Total end-to-end search time: 24410503 ns
Total end-to-end search time: 26828590 ns
Total end-to-end search time: 24422168 ns
Total end-to-end search time: 25252970 ns
Query: 256, nThreads: 32, warmup: 8
====================================================================================================
(ns)
Load index... Graph level 5..
Total end-to-end search time: 27162252 ns
Total end-to-end search time: 26562804 ns
Total end-to-end search time: 22770223 ns
Total end-to-end search time: 25331700 ns
Total end-to-end search time: 25068471 ns
Total end-to-end search time: 24422425 ns
Total end-to-end search time: 26654355 ns
Total end-to-end search time: 24798633 ns
Total end-to-end search time: 25346199 ns
Query: 256, nThreads: 32, warmup: 8
====================================================================================================
(ns)
Load index... Graph level 5..
Total end-to-end search time: 27500080 ns
Total end-to-end search time: 26858727 ns
Total end-to-end search time: 22783315 ns
Total end-to-end search time: 25480633 ns
Total end-to-end search time: 25091866 ns
Total end-to-end search time: 24475936 ns
Total end-to-end search time: 26639133 ns
Total end-to-end search time: 24798187 ns
Total end-to-end search time: 25275708 ns
Query: 256, nThreads: 32, warmup: 8
====================================================================================================
(ns)
Load index... Graph level 5..
Total end-to-end search time: 26577646 ns
Total end-to-end search time: 27415460 ns
Total end-to-end search time: 22651133 ns
Total end-to-end search time: 25190215 ns
Total end-to-end search time: 25168708 ns
Total end-to-end search time: 24334219 ns
Total end-to-end search time: 26633098 ns
Total end-to-end search time: 24580674 ns
Total end-to-end search time: 25573715 ns
Query: 256, nThreads: 32, warmup: 8
====================================================================================================
(ns)
Load index... Graph level 5..
Total end-to-end search time: 27230863 ns
Total end-to-end search time: 26714631 ns
Total end-to-end search time: 22544896 ns
Total end-to-end search time: 25298874 ns
Total end-to-end search time: 25194797 ns
Total end-to-end search time: 24349846 ns
Total end-to-end search time: 26690168 ns
Total end-to-end search time: 24382083 ns
Total end-to-end search time: 25422809 ns
