Query: 4096, nThreads: 64, warmup: 1
====================================================================================================
(ns)
Load index... Graph level 5..
Total end-to-end search time: 390836210 ns
Total end-to-end search time: 367303703 ns
Query: 4096, nThreads: 64, warmup: 1
====================================================================================================
(ns)
Load index... Graph level 5..
Total end-to-end search time: 391336959 ns
Total end-to-end search time: 367683194 ns
Query: 4096, nThreads: 64, warmup: 1
====================================================================================================
(ns)
Load index... Graph level 5..
Total end-to-end search time: 391946275 ns
Total end-to-end search time: 366998111 ns
Query: 4096, nThreads: 64, warmup: 1
====================================================================================================
(ns)
Load index... Graph level 5..
Total end-to-end search time: 390621734 ns
Total end-to-end search time: 367469091 ns
Query: 4096, nThreads: 64, warmup: 1
====================================================================================================
(ns)
Load index... Graph level 5..
Total end-to-end search time: 391741145 ns
Total end-to-end search time: 367619505 ns
Query: 4096, nThreads: 64, warmup: 1
====================================================================================================
(ns)
Load index... Graph level 5..
Total end-to-end search time: 390681580 ns
Total end-to-end search time: 366967579 ns
Query: 4096, nThreads: 64, warmup: 1
====================================================================================================
(ns)
Load index... Graph level 5..
Total end-to-end search time: 391500833 ns
Total end-to-end search time: 367359392 ns
Query: 4096, nThreads: 64, warmup: 1
====================================================================================================
(ns)
Load index... Graph level 5..
Total end-to-end search time: 390211294 ns
Total end-to-end search time: 367022722 ns
Query: 4096, nThreads: 64, warmup: 1
====================================================================================================
(ns)
Load index... Graph level 5..
Total end-to-end search time: 390724434 ns
Total end-to-end search time: 367367396 ns
Query: 4096, nThreads: 64, warmup: 1
====================================================================================================
(ns)
Load index... Graph level 5..
Total end-to-end search time: 392666046 ns
Total end-to-end search time: 367581727 ns
Query: 4096, nThreads: 64, warmup: 1
====================================================================================================
(ns)
Load index... Graph level 5..
Total end-to-end search time: 390973440 ns
Total end-to-end search time: 366744566 ns
Query: 4096, nThreads: 64, warmup: 1
====================================================================================================
(ns)
Load index... Graph level 5..
Total end-to-end search time: 390116366 ns
Total end-to-end search time: 367330721 ns
Query: 4096, nThreads: 64, warmup: 1
====================================================================================================
(ns)
Load index... Graph level 5..
Total end-to-end search time: 391173373 ns
Total end-to-end search time: 367362411 ns
Query: 4096, nThreads: 64, warmup: 1
====================================================================================================
(ns)
Load index... Graph level 5..
Total end-to-end search time: 391273718 ns
Total end-to-end search time: 367804180 ns
Query: 4096, nThreads: 64, warmup: 1
====================================================================================================
(ns)
Load index... Graph level 5..
Total end-to-end search time: 390926969 ns
Total end-to-end search time: 366735402 ns
Query: 4096, nThreads: 64, warmup: 1
====================================================================================================
(ns)
Load index... Graph level 5..
Total end-to-end search time: 391554269 ns
Total end-to-end search time: 367247431 ns
Query: 4096, nThreads: 64, warmup: 1
====================================================================================================
(ns)
Load index... Graph level 5..
Total end-to-end search time: 390411830 ns
Total end-to-end search time: 367379929 ns
Query: 4096, nThreads: 64, warmup: 1
====================================================================================================
(ns)
Load index... Graph level 5..
Total end-to-end search time: 390534033 ns
Total end-to-end search time: 367707446 ns
Query: 4096, nThreads: 64, warmup: 1
====================================================================================================
(ns)
Load index... Graph level 5..
Total end-to-end search time: 391659793 ns
Total end-to-end search time: 367303750 ns
Query: 4096, nThreads: 64, warmup: 1
====================================================================================================
(ns)
Load index... Graph level 5..
Total end-to-end search time: 390844634 ns
Total end-to-end search time: 367316552 ns
Query: 4096, nThreads: 64, warmup: 1
====================================================================================================
(ns)
Load index... Graph level 5..
Total end-to-end search time: 391887082 ns
Total end-to-end search time: 367035036 ns
Query: 4096, nThreads: 64, warmup: 1
====================================================================================================
(ns)
Load index... Graph level 5..
Total end-to-end search time: 390893758 ns
Total end-to-end search time: 366797640 ns
Query: 4096, nThreads: 64, warmup: 1
====================================================================================================
(ns)
Load index... Graph level 5..
Total end-to-end search time: 391107472 ns
Total end-to-end search time: 366967233 ns
Query: 4096, nThreads: 64, warmup: 1
====================================================================================================
(ns)
Load index... Graph level 5..
Total end-to-end search time: 389998159 ns
Total end-to-end search time: 367739401 ns
Query: 4096, nThreads: 64, warmup: 1
====================================================================================================
(ns)
Load index... Graph level 5..
Total end-to-end search time: 391522994 ns
Total end-to-end search time: 367623014 ns
Query: 4096, nThreads: 64, warmup: 1
====================================================================================================
(ns)
Load index... Graph level 5..
Total end-to-end search time: 391180821 ns
Total end-to-end search time: 367258775 ns
Query: 4096, nThreads: 64, warmup: 1
====================================================================================================
(ns)
Load index... Graph level 5..
Total end-to-end search time: 391046454 ns
Total end-to-end search time: 367367781 ns
Query: 4096, nThreads: 64, warmup: 1
====================================================================================================
(ns)
Load index... Graph level 5..
Total end-to-end search time: 389933550 ns
Total end-to-end search time: 366919055 ns
Query: 4096, nThreads: 64, warmup: 1
====================================================================================================
(ns)
Load index... Graph level 5..
Total end-to-end search time: 390812252 ns
Total end-to-end search time: 367061943 ns
Query: 4096, nThreads: 64, warmup: 1
====================================================================================================
(ns)
Load index... Graph level 5..
Total end-to-end search time: 391097224 ns
Total end-to-end search time: 367326166 ns
