Query: 4, nThreads: 16, warmup: 16
====================================================================================================
(ns)
Load index... Graph level 5..
Total end-to-end search time: 3530485 ns
Total end-to-end search time: 3297029 ns
Total end-to-end search time: 3423795 ns
Total end-to-end search time: 3351615 ns
Total end-to-end search time: 3396167 ns
Total end-to-end search time: 2713503 ns
Total end-to-end search time: 3067270 ns
Total end-to-end search time: 2740574 ns
Total end-to-end search time: 3101005 ns
Total end-to-end search time: 3087718 ns
Total end-to-end search time: 3020512 ns
Total end-to-end search time: 2863230 ns
Total end-to-end search time: 2686178 ns
Total end-to-end search time: 2263756 ns
Total end-to-end search time: 2699534 ns
Total end-to-end search time: 2274498 ns
Total end-to-end search time: 2130311 ns
Query: 4, nThreads: 16, warmup: 16
====================================================================================================
(ns)
Load index... Graph level 5..
Total end-to-end search time: 3428930 ns
Total end-to-end search time: 3224414 ns
Total end-to-end search time: 3349307 ns
Total end-to-end search time: 3266868 ns
Total end-to-end search time: 3285930 ns
Total end-to-end search time: 2641418 ns
Total end-to-end search time: 3000707 ns
Total end-to-end search time: 2654352 ns
Total end-to-end search time: 3022859 ns
Total end-to-end search time: 3021769 ns
Total end-to-end search time: 2921332 ns
Total end-to-end search time: 2815029 ns
Total end-to-end search time: 2635100 ns
Total end-to-end search time: 2224584 ns
Total end-to-end search time: 2648874 ns
Total end-to-end search time: 2210252 ns
Total end-to-end search time: 2088416 ns
Query: 4, nThreads: 16, warmup: 16
====================================================================================================
(ns)
Load index... Graph level 5..
Total end-to-end search time: 3444582 ns
Total end-to-end search time: 3243646 ns
Total end-to-end search time: 3359267 ns
Total end-to-end search time: 3272273 ns
Total end-to-end search time: 3290763 ns
Total end-to-end search time: 2659147 ns
Total end-to-end search time: 3004770 ns
Total end-to-end search time: 2657221 ns
Total end-to-end search time: 3024028 ns
Total end-to-end search time: 3028595 ns
Total end-to-end search time: 2945026 ns
Total end-to-end search time: 2806697 ns
Total end-to-end search time: 2638347 ns
Total end-to-end search time: 2217295 ns
Total end-to-end search time: 2631838 ns
Total end-to-end search time: 2222846 ns
Total end-to-end search time: 2094330 ns
Query: 4, nThreads: 16, warmup: 16
====================================================================================================
(ns)
Load index... Graph level 5..
Total end-to-end search time: 3480026 ns
Total end-to-end search time: 3285828 ns
Total end-to-end search time: 3376278 ns
Total end-to-end search time: 3297149 ns
Total end-to-end search time: 3336627 ns
Total end-to-end search time: 2666439 ns
Total end-to-end search time: 3037584 ns
Total end-to-end search time: 2689865 ns
Total end-to-end search time: 3056723 ns
Total end-to-end search time: 3034491 ns
Total end-to-end search time: 2941789 ns
Total end-to-end search time: 2817759 ns
Total end-to-end search time: 2650626 ns
Total end-to-end search time: 2230942 ns
Total end-to-end search time: 2642976 ns
Total end-to-end search time: 2226981 ns
Total end-to-end search time: 2109621 ns
Query: 4, nThreads: 16, warmup: 16
====================================================================================================
(ns)
Load index... Graph level 5..
Total end-to-end search time: 3454442 ns
Total end-to-end search time: 3251815 ns
Total end-to-end search time: 3347199 ns
Total end-to-end search time: 3275754 ns
Total end-to-end search time: 3304863 ns
Total end-to-end search time: 2627938 ns
Total end-to-end search time: 3013589 ns
Total end-to-end search time: 2679589 ns
Total end-to-end search time: 3031284 ns
Total end-to-end search time: 3021874 ns
Total end-to-end search time: 2949112 ns
Total end-to-end search time: 2803924 ns
Total end-to-end search time: 2622505 ns
Total end-to-end search time: 2217194 ns
Total end-to-end search time: 2625720 ns
Total end-to-end search time: 2212112 ns
Total end-to-end search time: 2088141 ns
Query: 4, nThreads: 16, warmup: 16
====================================================================================================
(ns)
Load index... Graph level 5..
Total end-to-end search time: 3468963 ns
Total end-to-end search time: 3248798 ns
Total end-to-end search time: 3368886 ns
Total end-to-end search time: 3291699 ns
Total end-to-end search time: 3316563 ns
Total end-to-end search time: 2661294 ns
Total end-to-end search time: 3010866 ns
Total end-to-end search time: 2661932 ns
Total end-to-end search time: 3034393 ns
Total end-to-end search time: 3038348 ns
Total end-to-end search time: 2939353 ns
Total end-to-end search time: 2811466 ns
Total end-to-end search time: 2644525 ns
Total end-to-end search time: 2223994 ns
Total end-to-end search time: 2637539 ns
Total end-to-end search time: 2217519 ns
Total end-to-end search time: 2107680 ns
Query: 4, nThreads: 16, warmup: 16
====================================================================================================
(ns)
Load index... Graph level 5..
Total end-to-end search time: 3484245 ns
Total end-to-end search time: 3261376 ns
Total end-to-end search time: 3364629 ns
Total end-to-end search time: 3289965 ns
Total end-to-end search time: 3320372 ns
Total end-to-end search time: 2658450 ns
Total end-to-end search time: 3013717 ns
Total end-to-end search time: 2667214 ns
Total end-to-end search time: 3040421 ns
Total end-to-end search time: 3033276 ns
Total end-to-end search time: 2950752 ns
Total end-to-end search time: 2832916 ns
Total end-to-end search time: 2646924 ns
Total end-to-end search time: 2228588 ns
Total end-to-end search time: 2633475 ns
Total end-to-end search time: 2212396 ns
Total end-to-end search time: 2105873 ns
Query: 4, nThreads: 16, warmup: 16
====================================================================================================
(ns)
Load index... Graph level 5..
Total end-to-end search time: 3537256 ns
Total end-to-end search time: 3301299 ns
Total end-to-end search time: 3424978 ns
Total end-to-end search time: 3348547 ns
Total end-to-end search time: 3377593 ns
Total end-to-end search time: 2731329 ns
Total end-to-end search time: 3080631 ns
Total end-to-end search time: 2725638 ns
Total end-to-end search time: 3106024 ns
Total end-to-end search time: 3109123 ns
Total end-to-end search time: 3023570 ns
Total end-to-end search time: 2897369 ns
Total end-to-end search time: 2713383 ns
Total end-to-end search time: 2271078 ns
Total end-to-end search time: 2703518 ns
Total end-to-end search time: 2270661 ns
Total end-to-end search time: 2155014 ns
Query: 4, nThreads: 16, warmup: 16
====================================================================================================
(ns)
Load index... Graph level 5..
Total end-to-end search time: 3447398 ns
Total end-to-end search time: 3249696 ns
Total end-to-end search time: 3374656 ns
Total end-to-end search time: 3290432 ns
Total end-to-end search time: 3302568 ns
Total end-to-end search time: 2657345 ns
Total end-to-end search time: 3016260 ns
Total end-to-end search time: 2659392 ns
Total end-to-end search time: 3062069 ns
Total end-to-end search time: 3061219 ns
Total end-to-end search time: 2967213 ns
Total end-to-end search time: 2832353 ns
Total end-to-end search time: 2653847 ns
Total end-to-end search time: 2232931 ns
Total end-to-end search time: 2649495 ns
Total end-to-end search time: 2228982 ns
Total end-to-end search time: 2113230 ns
Query: 4, nThreads: 16, warmup: 16
====================================================================================================
(ns)
Load index... Graph level 5..
Total end-to-end search time: 3439886 ns
Total end-to-end search time: 3241519 ns
Total end-to-end search time: 3360007 ns
Total end-to-end search time: 3297861 ns
Total end-to-end search time: 3304581 ns
Total end-to-end search time: 2656575 ns
Total end-to-end search time: 3034251 ns
Total end-to-end search time: 2684463 ns
Total end-to-end search time: 3055290 ns
Total end-to-end search time: 3037050 ns
Total end-to-end search time: 2970938 ns
Total end-to-end search time: 2833653 ns
Total end-to-end search time: 2658433 ns
Total end-to-end search time: 2244586 ns
Total end-to-end search time: 2643182 ns
Total end-to-end search time: 2220053 ns
Total end-to-end search time: 2101052 ns
Query: 4, nThreads: 16, warmup: 16
====================================================================================================
(ns)
Load index... Graph level 5..
Total end-to-end search time: 3437512 ns
Total end-to-end search time: 3228527 ns
Total end-to-end search time: 3363691 ns
Total end-to-end search time: 3282122 ns
Total end-to-end search time: 3300053 ns
Total end-to-end search time: 2666702 ns
Total end-to-end search time: 3044493 ns
Total end-to-end search time: 2680209 ns
Total end-to-end search time: 3047752 ns
Total end-to-end search time: 3047278 ns
Total end-to-end search time: 2958219 ns
Total end-to-end search time: 2835070 ns
Total end-to-end search time: 2646442 ns
Total end-to-end search time: 2241413 ns
Total end-to-end search time: 2653431 ns
Total end-to-end search time: 2227924 ns
Total end-to-end search time: 2104062 ns
Query: 4, nThreads: 16, warmup: 16
====================================================================================================
(ns)
Load index... Graph level 5..
Total end-to-end search time: 3416852 ns
Total end-to-end search time: 3242602 ns
Total end-to-end search time: 3344150 ns
Total end-to-end search time: 3254765 ns
Total end-to-end search time: 3282278 ns
Total end-to-end search time: 2635690 ns
Total end-to-end search time: 3012832 ns
Total end-to-end search time: 2651040 ns
Total end-to-end search time: 3021530 ns
Total end-to-end search time: 3021218 ns
Total end-to-end search time: 2923581 ns
Total end-to-end search time: 2783372 ns
Total end-to-end search time: 2632924 ns
Total end-to-end search time: 2197510 ns
Total end-to-end search time: 2630286 ns
Total end-to-end search time: 2194545 ns
Total end-to-end search time: 2083796 ns
Query: 4, nThreads: 16, warmup: 16
====================================================================================================
(ns)
Load index... Graph level 5..
Total end-to-end search time: 3474904 ns
Total end-to-end search time: 3240401 ns
Total end-to-end search time: 3355993 ns
Total end-to-end search time: 3277623 ns
Total end-to-end search time: 3286791 ns
Total end-to-end search time: 2623266 ns
Total end-to-end search time: 2982118 ns
Total end-to-end search time: 2654030 ns
Total end-to-end search time: 3009913 ns
Total end-to-end search time: 3013251 ns
Total end-to-end search time: 2925635 ns
Total end-to-end search time: 2800171 ns
Total end-to-end search time: 2642174 ns
Total end-to-end search time: 2206654 ns
Total end-to-end search time: 2623065 ns
Total end-to-end search time: 2211089 ns
Total end-to-end search time: 2090489 ns
Query: 4, nThreads: 16, warmup: 16
====================================================================================================
(ns)
Load index... Graph level 5..
Total end-to-end search time: 3477823 ns
Total end-to-end search time: 3285790 ns
Total end-to-end search time: 3416393 ns
Total end-to-end search time: 3326553 ns
Total end-to-end search time: 3365890 ns
Total end-to-end search time: 2689432 ns
Total end-to-end search time: 3064330 ns
Total end-to-end search time: 2691750 ns
Total end-to-end search time: 3079402 ns
Total end-to-end search time: 3081475 ns
Total end-to-end search time: 2987282 ns
Total end-to-end search time: 2846437 ns
Total end-to-end search time: 2675917 ns
Total end-to-end search time: 2244563 ns
Total end-to-end search time: 2675271 ns
Total end-to-end search time: 2250571 ns
Total end-to-end search time: 2129736 ns
Query: 4, nThreads: 16, warmup: 16
====================================================================================================
(ns)
Load index... Graph level 5..
Total end-to-end search time: 3465049 ns
Total end-to-end search time: 3230405 ns
Total end-to-end search time: 3341142 ns
Total end-to-end search time: 3293447 ns
Total end-to-end search time: 3334793 ns
Total end-to-end search time: 2658907 ns
Total end-to-end search time: 3026205 ns
Total end-to-end search time: 2683741 ns
Total end-to-end search time: 3052423 ns
Total end-to-end search time: 3042645 ns
Total end-to-end search time: 2952566 ns
Total end-to-end search time: 2824895 ns
Total end-to-end search time: 2649974 ns
Total end-to-end search time: 2239945 ns
Total end-to-end search time: 2653764 ns
Total end-to-end search time: 2236126 ns
Total end-to-end search time: 2094193 ns
Query: 4, nThreads: 16, warmup: 16
====================================================================================================
(ns)
Load index... Graph level 5..
Total end-to-end search time: 3526458 ns
Total end-to-end search time: 3242635 ns
Total end-to-end search time: 3360498 ns
Total end-to-end search time: 3270706 ns
Total end-to-end search time: 3293409 ns
Total end-to-end search time: 2637125 ns
Total end-to-end search time: 2996670 ns
Total end-to-end search time: 2646787 ns
Total end-to-end search time: 3016191 ns
Total end-to-end search time: 3041859 ns
Total end-to-end search time: 2935565 ns
Total end-to-end search time: 2786896 ns
Total end-to-end search time: 2642564 ns
Total end-to-end search time: 2207243 ns
Total end-to-end search time: 2617784 ns
Total end-to-end search time: 2198508 ns
Total end-to-end search time: 2080352 ns
Query: 4, nThreads: 16, warmup: 16
====================================================================================================
(ns)
Load index... Graph level 5..
Total end-to-end search time: 3468283 ns
Total end-to-end search time: 3242747 ns
Total end-to-end search time: 3370602 ns
Total end-to-end search time: 3301636 ns
Total end-to-end search time: 3296922 ns
Total end-to-end search time: 2669843 ns
Total end-to-end search time: 3028419 ns
Total end-to-end search time: 2684410 ns
Total end-to-end search time: 3051202 ns
Total end-to-end search time: 3039990 ns
Total end-to-end search time: 2944785 ns
Total end-to-end search time: 2822720 ns
Total end-to-end search time: 2658063 ns
Total end-to-end search time: 2219520 ns
Total end-to-end search time: 2639660 ns
Total end-to-end search time: 2262336 ns
Total end-to-end search time: 2095381 ns
Query: 4, nThreads: 16, warmup: 16
====================================================================================================
(ns)
Load index... Graph level 5..
Total end-to-end search time: 3481600 ns
Total end-to-end search time: 3263501 ns
Total end-to-end search time: 3387478 ns
Total end-to-end search time: 3313372 ns
Total end-to-end search time: 3356629 ns
Total end-to-end search time: 2680939 ns
Total end-to-end search time: 3049692 ns
Total end-to-end search time: 2679880 ns
Total end-to-end search time: 3055734 ns
Total end-to-end search time: 3044787 ns
Total end-to-end search time: 2963200 ns
Total end-to-end search time: 2826545 ns
Total end-to-end search time: 2643626 ns
Total end-to-end search time: 2232994 ns
Total end-to-end search time: 2661921 ns
Total end-to-end search time: 2235485 ns
Total end-to-end search time: 2117921 ns
Query: 4, nThreads: 16, warmup: 16
====================================================================================================
(ns)
Load index... Graph level 5..
Total end-to-end search time: 3416264 ns
Total end-to-end search time: 3207662 ns
Total end-to-end search time: 3323869 ns
Total end-to-end search time: 3259026 ns
Total end-to-end search time: 3285846 ns
Total end-to-end search time: 2617982 ns
Total end-to-end search time: 2983468 ns
Total end-to-end search time: 2831871 ns
Total end-to-end search time: 3012698 ns
Total end-to-end search time: 3001056 ns
Total end-to-end search time: 2912063 ns
Total end-to-end search time: 2791240 ns
Total end-to-end search time: 2641616 ns
Total end-to-end search time: 2205204 ns
Total end-to-end search time: 2629938 ns
Total end-to-end search time: 2213129 ns
Total end-to-end search time: 2098673 ns
Query: 4, nThreads: 16, warmup: 16
====================================================================================================
(ns)
Load index... Graph level 5..
Total end-to-end search time: 3367619 ns
Total end-to-end search time: 3203509 ns
Total end-to-end search time: 3307292 ns
Total end-to-end search time: 3247509 ns
Total end-to-end search time: 3274056 ns
Total end-to-end search time: 2613183 ns
Total end-to-end search time: 2994394 ns
Total end-to-end search time: 2648095 ns
Total end-to-end search time: 2998239 ns
Total end-to-end search time: 3003720 ns
Total end-to-end search time: 2917050 ns
Total end-to-end search time: 2780628 ns
Total end-to-end search time: 2626326 ns
Total end-to-end search time: 2205478 ns
Total end-to-end search time: 2628036 ns
Total end-to-end search time: 2211488 ns
Total end-to-end search time: 2081280 ns
Query: 4, nThreads: 16, warmup: 16
====================================================================================================
(ns)
Load index... Graph level 5..
Total end-to-end search time: 3457386 ns
Total end-to-end search time: 3252098 ns
Total end-to-end search time: 3446830 ns
Total end-to-end search time: 3417232 ns
Total end-to-end search time: 3422610 ns
Total end-to-end search time: 2723061 ns
Total end-to-end search time: 3083587 ns
Total end-to-end search time: 2729852 ns
Total end-to-end search time: 3109824 ns
Total end-to-end search time: 3103121 ns
Total end-to-end search time: 3043531 ns
Total end-to-end search time: 2881951 ns
Total end-to-end search time: 2717000 ns
Total end-to-end search time: 2265201 ns
Total end-to-end search time: 2709328 ns
Total end-to-end search time: 2279238 ns
Total end-to-end search time: 2158426 ns
Query: 4, nThreads: 16, warmup: 16
====================================================================================================
(ns)
Load index... Graph level 5..
Total end-to-end search time: 3590149 ns
Total end-to-end search time: 3238044 ns
Total end-to-end search time: 3388565 ns
Total end-to-end search time: 3301502 ns
Total end-to-end search time: 3311544 ns
Total end-to-end search time: 2632556 ns
Total end-to-end search time: 3016771 ns
Total end-to-end search time: 2663040 ns
Total end-to-end search time: 3018140 ns
Total end-to-end search time: 3033921 ns
Total end-to-end search time: 2939419 ns
Total end-to-end search time: 2811944 ns
Total end-to-end search time: 2644124 ns
Total end-to-end search time: 2221014 ns
Total end-to-end search time: 2651884 ns
Total end-to-end search time: 2222850 ns
Total end-to-end search time: 2113583 ns
Query: 4, nThreads: 16, warmup: 16
====================================================================================================
(ns)
Load index... Graph level 5..
Total end-to-end search time: 3455220 ns
Total end-to-end search time: 3229942 ns
Total end-to-end search time: 3342361 ns
Total end-to-end search time: 3290694 ns
Total end-to-end search time: 3297487 ns
Total end-to-end search time: 2653585 ns
Total end-to-end search time: 3029227 ns
Total end-to-end search time: 2669320 ns
Total end-to-end search time: 3024942 ns
Total end-to-end search time: 3033275 ns
Total end-to-end search time: 2930423 ns
Total end-to-end search time: 2790566 ns
Total end-to-end search time: 2625693 ns
Total end-to-end search time: 2213495 ns
Total end-to-end search time: 2629607 ns
Total end-to-end search time: 2207006 ns
Total end-to-end search time: 2093249 ns
Query: 4, nThreads: 16, warmup: 16
====================================================================================================
(ns)
Load index... Graph level 5..
Total end-to-end search time: 3490327 ns
Total end-to-end search time: 3276462 ns
Total end-to-end search time: 3394385 ns
Total end-to-end search time: 3312905 ns
Total end-to-end search time: 3313490 ns
Total end-to-end search time: 2676179 ns
Total end-to-end search time: 3018351 ns
Total end-to-end search time: 2682130 ns
Total end-to-end search time: 3041336 ns
Total end-to-end search time: 3043623 ns
Total end-to-end search time: 2967901 ns
Total end-to-end search time: 2847319 ns
Total end-to-end search time: 2668744 ns
Total end-to-end search time: 2242509 ns
Total end-to-end search time: 2634523 ns
Total end-to-end search time: 2224916 ns
Total end-to-end search time: 2108708 ns
Query: 4, nThreads: 16, warmup: 16
====================================================================================================
(ns)
Load index... Graph level 5..
Total end-to-end search time: 3502752 ns
Total end-to-end search time: 3250158 ns
Total end-to-end search time: 3385986 ns
Total end-to-end search time: 3303708 ns
Total end-to-end search time: 3317681 ns
Total end-to-end search time: 2665877 ns
Total end-to-end search time: 3026586 ns
Total end-to-end search time: 2673468 ns
Total end-to-end search time: 3039424 ns
Total end-to-end search time: 3047446 ns
Total end-to-end search time: 2977836 ns
Total end-to-end search time: 2843872 ns
Total end-to-end search time: 2659251 ns
Total end-to-end search time: 2252499 ns
Total end-to-end search time: 2643983 ns
Total end-to-end search time: 2230047 ns
Total end-to-end search time: 2123746 ns
Query: 4, nThreads: 16, warmup: 16
====================================================================================================
(ns)
Load index... Graph level 5..
Total end-to-end search time: 3510782 ns
Total end-to-end search time: 3248139 ns
Total end-to-end search time: 3388048 ns
Total end-to-end search time: 3306905 ns
Total end-to-end search time: 3355758 ns
Total end-to-end search time: 2667832 ns
Total end-to-end search time: 3028115 ns
Total end-to-end search time: 2660747 ns
Total end-to-end search time: 3028132 ns
Total end-to-end search time: 3035218 ns
Total end-to-end search time: 2941145 ns
Total end-to-end search time: 2817365 ns
Total end-to-end search time: 2638733 ns
Total end-to-end search time: 2222998 ns
Total end-to-end search time: 2632071 ns
Total end-to-end search time: 2211424 ns
Total end-to-end search time: 2093474 ns
Query: 4, nThreads: 16, warmup: 16
====================================================================================================
(ns)
Load index... Graph level 5..
Total end-to-end search time: 3429098 ns
Total end-to-end search time: 3202404 ns
Total end-to-end search time: 3332971 ns
Total end-to-end search time: 3261711 ns
Total end-to-end search time: 3270574 ns
Total end-to-end search time: 2620598 ns
Total end-to-end search time: 3001091 ns
Total end-to-end search time: 2650397 ns
Total end-to-end search time: 3009198 ns
Total end-to-end search time: 3002662 ns
Total end-to-end search time: 2927811 ns
Total end-to-end search time: 2795013 ns
Total end-to-end search time: 2646028 ns
Total end-to-end search time: 2223609 ns
Total end-to-end search time: 2638532 ns
Total end-to-end search time: 2221812 ns
Total end-to-end search time: 2087771 ns
Query: 4, nThreads: 16, warmup: 16
====================================================================================================
(ns)
Load index... Graph level 5..
Total end-to-end search time: 3450051 ns
Total end-to-end search time: 3204150 ns
Total end-to-end search time: 3342251 ns
Total end-to-end search time: 3275991 ns
Total end-to-end search time: 3304923 ns
Total end-to-end search time: 2672454 ns
Total end-to-end search time: 3006107 ns
Total end-to-end search time: 2651262 ns
Total end-to-end search time: 3028289 ns
Total end-to-end search time: 3010582 ns
Total end-to-end search time: 2926377 ns
Total end-to-end search time: 2795254 ns
Total end-to-end search time: 2623892 ns
Total end-to-end search time: 2220327 ns
Total end-to-end search time: 2629499 ns
Total end-to-end search time: 2219790 ns
Total end-to-end search time: 2093395 ns
Query: 4, nThreads: 16, warmup: 16
====================================================================================================
(ns)
Load index... Graph level 5..
Total end-to-end search time: 3507588 ns
Total end-to-end search time: 3265953 ns
Total end-to-end search time: 3376947 ns
Total end-to-end search time: 3279109 ns
Total end-to-end search time: 3322924 ns
Total end-to-end search time: 2662283 ns
Total end-to-end search time: 3036124 ns
Total end-to-end search time: 2680171 ns
Total end-to-end search time: 3047603 ns
Total end-to-end search time: 3031625 ns
Total end-to-end search time: 2953860 ns
Total end-to-end search time: 2810697 ns
Total end-to-end search time: 2627548 ns
Total end-to-end search time: 2223497 ns
Total end-to-end search time: 2649251 ns
Total end-to-end search time: 2224391 ns
Total end-to-end search time: 2088848 ns
Query: 4, nThreads: 16, warmup: 16
====================================================================================================
(ns)
Load index... Graph level 5..
Total end-to-end search time: 3445717 ns
Total end-to-end search time: 3236947 ns
Total end-to-end search time: 3359951 ns
Total end-to-end search time: 3277023 ns
Total end-to-end search time: 3300758 ns
Total end-to-end search time: 2663064 ns
Total end-to-end search time: 3009322 ns
Total end-to-end search time: 2669616 ns
Total end-to-end search time: 3022621 ns
Total end-to-end search time: 3027076 ns
Total end-to-end search time: 2934351 ns
Total end-to-end search time: 2804879 ns
Total end-to-end search time: 2621514 ns
Total end-to-end search time: 2211781 ns
Total end-to-end search time: 2621833 ns
Total end-to-end search time: 2235784 ns
Total end-to-end search time: 2093177 ns
