Query: 512, nThreads: 1, warmup: 4
====================================================================================================
(ns)
Load index... Graph level 5..
Total end-to-end search time: 370739815 ns
Total end-to-end search time: 347609899 ns
Total end-to-end search time: 361464515 ns
Total end-to-end search time: 375911934 ns
Total end-to-end search time: 375379713 ns
Query: 512, nThreads: 1, warmup: 4
====================================================================================================
(ns)
Load index... Graph level 5..
Total end-to-end search time: 372263823 ns
Total end-to-end search time: 348998632 ns
Total end-to-end search time: 359966430 ns
Total end-to-end search time: 373544619 ns
Total end-to-end search time: 372014764 ns
Query: 512, nThreads: 1, warmup: 4
====================================================================================================
(ns)
Load index... Graph level 5..
Total end-to-end search time: 371655572 ns
Total end-to-end search time: 350776180 ns
Total end-to-end search time: 363803397 ns
Total end-to-end search time: 375768951 ns
Total end-to-end search time: 375761611 ns
Query: 512, nThreads: 1, warmup: 4
====================================================================================================
(ns)
Load index... Graph level 5..
Total end-to-end search time: 372208603 ns
Total end-to-end search time: 349732785 ns
Total end-to-end search time: 363537663 ns
Total end-to-end search time: 375956764 ns
Total end-to-end search time: 375433802 ns
Query: 512, nThreads: 1, warmup: 4
====================================================================================================
(ns)
Load index... Graph level 5..
Total end-to-end search time: 379713976 ns
Total end-to-end search time: 353173269 ns
Total end-to-end search time: 363564245 ns
Total end-to-end search time: 375918425 ns
Total end-to-end search time: 374912042 ns
Query: 512, nThreads: 1, warmup: 4
====================================================================================================
(ns)
Load index... Graph level 5..
Total end-to-end search time: 375106411 ns
Total end-to-end search time: 353458099 ns
Total end-to-end search time: 364559100 ns
Total end-to-end search time: 376510608 ns
Total end-to-end search time: 375236975 ns
Query: 512, nThreads: 1, warmup: 4
====================================================================================================
(ns)
Load index... Graph level 5..
Total end-to-end search time: 376167581 ns
Total end-to-end search time: 353111469 ns
Total end-to-end search time: 363058137 ns
Total end-to-end search time: 375489149 ns
Total end-to-end search time: 374649283 ns
Query: 512, nThreads: 1, warmup: 4
====================================================================================================
(ns)
Load index... Graph level 5..
Total end-to-end search time: 372531996 ns
Total end-to-end search time: 348358547 ns
Total end-to-end search time: 364169882 ns
Total end-to-end search time: 376106665 ns
Total end-to-end search time: 374774632 ns
Query: 512, nThreads: 1, warmup: 4
====================================================================================================
(ns)
Load index... Graph level 5..
Total end-to-end search time: 374277749 ns
Total end-to-end search time: 351935995 ns
Total end-to-end search time: 368388371 ns
Total end-to-end search time: 380984393 ns
Total end-to-end search time: 380219647 ns
Query: 512, nThreads: 1, warmup: 4
====================================================================================================
(ns)
Load index... Graph level 5..
Total end-to-end search time: 375053177 ns
Total end-to-end search time: 350350179 ns
Total end-to-end search time: 361507429 ns
Total end-to-end search time: 374506251 ns
Total end-to-end search time: 374064281 ns
Query: 512, nThreads: 1, warmup: 4
====================================================================================================
(ns)
Load index... Graph level 5..
Total end-to-end search time: 373350187 ns
Total end-to-end search time: 358447415 ns
Total end-to-end search time: 368694260 ns
Total end-to-end search time: 381359979 ns
Total end-to-end search time: 379751995 ns
Query: 512, nThreads: 1, warmup: 4
====================================================================================================
(ns)
Load index... Graph level 5..
Total end-to-end search time: 375170042 ns
Total end-to-end search time: 352062252 ns
Total end-to-end search time: 362718314 ns
Total end-to-end search time: 376917946 ns
Total end-to-end search time: 374759685 ns
Query: 512, nThreads: 1, warmup: 4
====================================================================================================
(ns)
Load index... Graph level 5..
Total end-to-end search time: 376558731 ns
Total end-to-end search time: 356185834 ns
Total end-to-end search time: 363138992 ns
Total end-to-end search time: 375841106 ns
Total end-to-end search time: 375372454 ns
Query: 512, nThreads: 1, warmup: 4
====================================================================================================
(ns)
Load index... Graph level 5..
Total end-to-end search time: 374185669 ns
Total end-to-end search time: 350832520 ns
Total end-to-end search time: 362180248 ns
Total end-to-end search time: 377446131 ns
Total end-to-end search time: 377704819 ns
Query: 512, nThreads: 1, warmup: 4
====================================================================================================
(ns)
Load index... Graph level 5..
Total end-to-end search time: 374908915 ns
Total end-to-end search time: 351620462 ns
Total end-to-end search time: 361723814 ns
Total end-to-end search time: 374882456 ns
Total end-to-end search time: 374223237 ns
Query: 512, nThreads: 1, warmup: 4
====================================================================================================
(ns)
Load index... Graph level 5..
Total end-to-end search time: 372950919 ns
Total end-to-end search time: 349332652 ns
Total end-to-end search time: 362246935 ns
Total end-to-end search time: 375159001 ns
Total end-to-end search time: 374802375 ns
Query: 512, nThreads: 1, warmup: 4
====================================================================================================
(ns)
Load index... Graph level 5..
Total end-to-end search time: 372734897 ns
Total end-to-end search time: 354822501 ns
Total end-to-end search time: 366117674 ns
Total end-to-end search time: 376343279 ns
Total end-to-end search time: 375218855 ns
Query: 512, nThreads: 1, warmup: 4
====================================================================================================
(ns)
Load index... Graph level 5..
Total end-to-end search time: 371325526 ns
Total end-to-end search time: 350670127 ns
Total end-to-end search time: 364070403 ns
Total end-to-end search time: 376051290 ns
Total end-to-end search time: 376010936 ns
Query: 512, nThreads: 1, warmup: 4
====================================================================================================
(ns)
Load index... Graph level 5..
Total end-to-end search time: 374249242 ns
Total end-to-end search time: 349980149 ns
Total end-to-end search time: 361825772 ns
Total end-to-end search time: 376900132 ns
Total end-to-end search time: 380559780 ns
Query: 512, nThreads: 1, warmup: 4
====================================================================================================
(ns)
Load index... Graph level 5..
Total end-to-end search time: 373711402 ns
Total end-to-end search time: 350897465 ns
Total end-to-end search time: 360773229 ns
Total end-to-end search time: 373701261 ns
Total end-to-end search time: 372934034 ns
Query: 512, nThreads: 1, warmup: 4
====================================================================================================
(ns)
Load index... Graph level 5..
Total end-to-end search time: 372406638 ns
Total end-to-end search time: 349170054 ns
Total end-to-end search time: 363168725 ns
Total end-to-end search time: 380964745 ns
Total end-to-end search time: 380745729 ns
Query: 512, nThreads: 1, warmup: 4
====================================================================================================
(ns)
Load index... Graph level 5..
Total end-to-end search time: 374563404 ns
Total end-to-end search time: 350248660 ns
Total end-to-end search time: 361838634 ns
Total end-to-end search time: 375841193 ns
Total end-to-end search time: 374856492 ns
Query: 512, nThreads: 1, warmup: 4
====================================================================================================
(ns)
Load index... Graph level 5..
Total end-to-end search time: 373935451 ns
Total end-to-end search time: 358261532 ns
Total end-to-end search time: 369719119 ns
Total end-to-end search time: 380981420 ns
Total end-to-end search time: 379843931 ns
Query: 512, nThreads: 1, warmup: 4
====================================================================================================
(ns)
Load index... Graph level 5..
Total end-to-end search time: 374086262 ns
Total end-to-end search time: 352912466 ns
Total end-to-end search time: 362909411 ns
Total end-to-end search time: 374078259 ns
Total end-to-end search time: 371053305 ns
Query: 512, nThreads: 1, warmup: 4
====================================================================================================
(ns)
Load index... Graph level 5..
Total end-to-end search time: 375276862 ns
Total end-to-end search time: 350877581 ns
Total end-to-end search time: 362247003 ns
Total end-to-end search time: 376367071 ns
Total end-to-end search time: 373120187 ns
Query: 512, nThreads: 1, warmup: 4
====================================================================================================
(ns)
Load index... Graph level 5..
Total end-to-end search time: 376215757 ns
Total end-to-end search time: 352918613 ns
Total end-to-end search time: 363446328 ns
Total end-to-end search time: 375164179 ns
Total end-to-end search time: 375473368 ns
Query: 512, nThreads: 1, warmup: 4
====================================================================================================
(ns)
Load index... Graph level 5..
Total end-to-end search time: 371471191 ns
Total end-to-end search time: 350626054 ns
Total end-to-end search time: 363096047 ns
Total end-to-end search time: 375863276 ns
Total end-to-end search time: 375619011 ns
Query: 512, nThreads: 1, warmup: 4
====================================================================================================
(ns)
Load index... Graph level 5..
Total end-to-end search time: 372812836 ns
Total end-to-end search time: 352839692 ns
Total end-to-end search time: 363779562 ns
Total end-to-end search time: 375806000 ns
Total end-to-end search time: 375273539 ns
Query: 512, nThreads: 1, warmup: 4
====================================================================================================
(ns)
Load index... Graph level 5..
Total end-to-end search time: 372653334 ns
Total end-to-end search time: 349733361 ns
Total end-to-end search time: 361117560 ns
Total end-to-end search time: 373396340 ns
Total end-to-end search time: 372672351 ns
Query: 512, nThreads: 1, warmup: 4
====================================================================================================
(ns)
Load index... Graph level 5..
Total end-to-end search time: 374430592 ns
Total end-to-end search time: 351407879 ns
Total end-to-end search time: 361925100 ns
Total end-to-end search time: 374518115 ns
Total end-to-end search time: 373451599 ns
