Query: 512, nThreads: 2, warmup: 4
====================================================================================================
(ns)
Load index... Graph level 5..
Total end-to-end search time: 189043027 ns
Total end-to-end search time: 176992864 ns
Total end-to-end search time: 182332734 ns
Total end-to-end search time: 187840096 ns
Total end-to-end search time: 187721005 ns
Query: 512, nThreads: 2, warmup: 4
====================================================================================================
(ns)
Load index... Graph level 5..
Total end-to-end search time: 191867878 ns
Total end-to-end search time: 177013089 ns
Total end-to-end search time: 185259826 ns
Total end-to-end search time: 188189348 ns
Total end-to-end search time: 190857962 ns
Query: 512, nThreads: 2, warmup: 4
====================================================================================================
(ns)
Load index... Graph level 5..
Total end-to-end search time: 188991457 ns
Total end-to-end search time: 178827252 ns
Total end-to-end search time: 182043772 ns
Total end-to-end search time: 190983012 ns
Total end-to-end search time: 187859956 ns
Query: 512, nThreads: 2, warmup: 4
====================================================================================================
(ns)
Load index... Graph level 5..
Total end-to-end search time: 192029506 ns
Total end-to-end search time: 179136928 ns
Total end-to-end search time: 182475532 ns
Total end-to-end search time: 190899267 ns
Total end-to-end search time: 187908786 ns
Query: 512, nThreads: 2, warmup: 4
====================================================================================================
(ns)
Load index... Graph level 5..
Total end-to-end search time: 191853318 ns
Total end-to-end search time: 179445642 ns
Total end-to-end search time: 182050495 ns
Total end-to-end search time: 190901970 ns
Total end-to-end search time: 187802054 ns
Query: 512, nThreads: 2, warmup: 4
====================================================================================================
(ns)
Load index... Graph level 5..
Total end-to-end search time: 192357334 ns
Total end-to-end search time: 176866420 ns
Total end-to-end search time: 185227263 ns
Total end-to-end search time: 188663712 ns
Total end-to-end search time: 190486863 ns
Query: 512, nThreads: 2, warmup: 4
====================================================================================================
(ns)
Load index... Graph level 5..
Total end-to-end search time: 189205755 ns
Total end-to-end search time: 178943158 ns
Total end-to-end search time: 182207976 ns
Total end-to-end search time: 190384532 ns
Total end-to-end search time: 187586728 ns
Query: 512, nThreads: 2, warmup: 4
====================================================================================================
(ns)
Load index... Graph level 5..
Total end-to-end search time: 192181744 ns
Total end-to-end search time: 177431982 ns
Total end-to-end search time: 185048570 ns
Total end-to-end search time: 188593915 ns
Total end-to-end search time: 191067306 ns
Query: 512, nThreads: 2, warmup: 4
====================================================================================================
(ns)
Load index... Graph level 5..
Total end-to-end search time: 192093170 ns
Total end-to-end search time: 179314398 ns
Total end-to-end search time: 181968895 ns
Total end-to-end search time: 190549853 ns
Total end-to-end search time: 188265697 ns
Query: 512, nThreads: 2, warmup: 4
====================================================================================================
(ns)
Load index... Graph level 5..
Total end-to-end search time: 192033648 ns
Total end-to-end search time: 176289443 ns
Total end-to-end search time: 184197188 ns
Total end-to-end search time: 188068295 ns
Total end-to-end search time: 189986420 ns
Query: 512, nThreads: 2, warmup: 4
====================================================================================================
(ns)
Load index... Graph level 5..
Total end-to-end search time: 191933141 ns
Total end-to-end search time: 176870426 ns
Total end-to-end search time: 184886328 ns
Total end-to-end search time: 187848061 ns
Total end-to-end search time: 190730713 ns
Query: 512, nThreads: 2, warmup: 4
====================================================================================================
(ns)
Load index... Graph level 5..
Total end-to-end search time: 188572938 ns
Total end-to-end search time: 179122244 ns
Total end-to-end search time: 181801149 ns
Total end-to-end search time: 190615468 ns
Total end-to-end search time: 187297250 ns
Query: 512, nThreads: 2, warmup: 4
====================================================================================================
(ns)
Load index... Graph level 5..
Total end-to-end search time: 192461665 ns
Total end-to-end search time: 176746764 ns
Total end-to-end search time: 184933442 ns
Total end-to-end search time: 188374138 ns
Total end-to-end search time: 190731926 ns
Query: 512, nThreads: 2, warmup: 4
====================================================================================================
(ns)
Load index... Graph level 5..
Total end-to-end search time: 191400616 ns
Total end-to-end search time: 179056846 ns
Total end-to-end search time: 182062887 ns
Total end-to-end search time: 190535133 ns
Total end-to-end search time: 187318803 ns
Query: 512, nThreads: 2, warmup: 4
====================================================================================================
(ns)
Load index... Graph level 5..
Total end-to-end search time: 192266967 ns
Total end-to-end search time: 176739598 ns
Total end-to-end search time: 184729595 ns
Total end-to-end search time: 188336519 ns
Total end-to-end search time: 190866737 ns
Query: 512, nThreads: 2, warmup: 4
====================================================================================================
(ns)
Load index... Graph level 5..
Total end-to-end search time: 191955949 ns
Total end-to-end search time: 176420596 ns
Total end-to-end search time: 184213712 ns
Total end-to-end search time: 188011081 ns
Total end-to-end search time: 190312400 ns
Query: 512, nThreads: 2, warmup: 4
====================================================================================================
(ns)
Load index... Graph level 5..
Total end-to-end search time: 189421731 ns
Total end-to-end search time: 176587713 ns
Total end-to-end search time: 182015037 ns
Total end-to-end search time: 187962603 ns
Total end-to-end search time: 187303440 ns
Query: 512, nThreads: 2, warmup: 4
====================================================================================================
(ns)
Load index... Graph level 5..
Total end-to-end search time: 192469772 ns
Total end-to-end search time: 176887063 ns
Total end-to-end search time: 184843957 ns
Total end-to-end search time: 190610274 ns
Total end-to-end search time: 188199465 ns
Query: 512, nThreads: 2, warmup: 4
====================================================================================================
(ns)
Load index... Graph level 5..
Total end-to-end search time: 191344405 ns
Total end-to-end search time: 176829027 ns
Total end-to-end search time: 184245237 ns
Total end-to-end search time: 188427985 ns
Total end-to-end search time: 189970646 ns
Query: 512, nThreads: 2, warmup: 4
====================================================================================================
(ns)
Load index... Graph level 5..
Total end-to-end search time: 192845163 ns
Total end-to-end search time: 179086563 ns
Total end-to-end search time: 181975248 ns
Total end-to-end search time: 191026322 ns
Total end-to-end search time: 188155457 ns
Query: 512, nThreads: 2, warmup: 4
====================================================================================================
(ns)
Load index... Graph level 5..
Total end-to-end search time: 191628996 ns
Total end-to-end search time: 176402155 ns
Total end-to-end search time: 184173242 ns
Total end-to-end search time: 188253266 ns
Total end-to-end search time: 190511940 ns
Query: 512, nThreads: 2, warmup: 4
====================================================================================================
(ns)
Load index... Graph level 5..
Total end-to-end search time: 192364138 ns
Total end-to-end search time: 176788149 ns
Total end-to-end search time: 184618848 ns
Total end-to-end search time: 188266307 ns
Total end-to-end search time: 190516667 ns
Query: 512, nThreads: 2, warmup: 4
====================================================================================================
(ns)
Load index... Graph level 5..
Total end-to-end search time: 192505555 ns
Total end-to-end search time: 176680015 ns
Total end-to-end search time: 184551813 ns
Total end-to-end search time: 188737952 ns
Total end-to-end search time: 190348214 ns
Query: 512, nThreads: 2, warmup: 4
====================================================================================================
(ns)
Load index... Graph level 5..
Total end-to-end search time: 191909572 ns
Total end-to-end search time: 176453807 ns
Total end-to-end search time: 184332856 ns
Total end-to-end search time: 188156067 ns
Total end-to-end search time: 190227744 ns
Query: 512, nThreads: 2, warmup: 4
====================================================================================================
(ns)
Load index... Graph level 5..
Total end-to-end search time: 192348996 ns
Total end-to-end search time: 176758735 ns
Total end-to-end search time: 184694509 ns
Total end-to-end search time: 188058173 ns
Total end-to-end search time: 190079490 ns
Query: 512, nThreads: 2, warmup: 4
====================================================================================================
(ns)
Load index... Graph level 5..
Total end-to-end search time: 191824158 ns
Total end-to-end search time: 176321836 ns
Total end-to-end search time: 184113089 ns
Total end-to-end search time: 187820638 ns
Total end-to-end search time: 190262013 ns
Query: 512, nThreads: 2, warmup: 4
====================================================================================================
(ns)
Load index... Graph level 5..
Total end-to-end search time: 192285863 ns
Total end-to-end search time: 176689045 ns
Total end-to-end search time: 184837259 ns
Total end-to-end search time: 188200507 ns
Total end-to-end search time: 190453564 ns
Query: 512, nThreads: 2, warmup: 4
====================================================================================================
(ns)
Load index... Graph level 5..
Total end-to-end search time: 191804046 ns
Total end-to-end search time: 177208381 ns
Total end-to-end search time: 184785504 ns
Total end-to-end search time: 188265307 ns
Total end-to-end search time: 189880856 ns
Query: 512, nThreads: 2, warmup: 4
====================================================================================================
(ns)
Load index... Graph level 5..
Total end-to-end search time: 192143329 ns
Total end-to-end search time: 176561872 ns
Total end-to-end search time: 184474342 ns
Total end-to-end search time: 188243914 ns
Total end-to-end search time: 191153818 ns
Query: 512, nThreads: 2, warmup: 4
====================================================================================================
(ns)
Load index... Graph level 5..
Total end-to-end search time: 191905416 ns
Total end-to-end search time: 178984998 ns
Total end-to-end search time: 181609103 ns
Total end-to-end search time: 190319955 ns
Total end-to-end search time: 187671309 ns
