Query: 64, nThreads: 4, warmup: 16
====================================================================================================
(ns)
Load index... Graph level 5..
Total end-to-end search time: 12544870 ns
Total end-to-end search time: 10807219 ns
Total end-to-end search time: 12526755 ns
Total end-to-end search time: 12672672 ns
Total end-to-end search time: 13253179 ns
Total end-to-end search time: 13296599 ns
Total end-to-end search time: 13126444 ns
Total end-to-end search time: 11658861 ns
Total end-to-end search time: 11943431 ns
Total end-to-end search time: 10414388 ns
Total end-to-end search time: 9901323 ns
Total end-to-end search time: 11784754 ns
Total end-to-end search time: 10957317 ns
Total end-to-end search time: 12560503 ns
Total end-to-end search time: 12673696 ns
Total end-to-end search time: 12161701 ns
Total end-to-end search time: 12034312 ns
Query: 64, nThreads: 4, warmup: 16
====================================================================================================
(ns)
Load index... Graph level 5..
Total end-to-end search time: 12973942 ns
Total end-to-end search time: 10497957 ns
Total end-to-end search time: 12506537 ns
Total end-to-end search time: 12823485 ns
Total end-to-end search time: 13242711 ns
Total end-to-end search time: 13333305 ns
Total end-to-end search time: 13043297 ns
Total end-to-end search time: 11626943 ns
Total end-to-end search time: 11929822 ns
Total end-to-end search time: 10400279 ns
Total end-to-end search time: 9789010 ns
Total end-to-end search time: 11656936 ns
Total end-to-end search time: 10944941 ns
Total end-to-end search time: 12387374 ns
Total end-to-end search time: 12655521 ns
Total end-to-end search time: 12099581 ns
Total end-to-end search time: 11921679 ns
Query: 64, nThreads: 4, warmup: 16
====================================================================================================
(ns)
Load index... Graph level 5..
Total end-to-end search time: 12675580 ns
Total end-to-end search time: 10491249 ns
Total end-to-end search time: 12555626 ns
Total end-to-end search time: 12775338 ns
Total end-to-end search time: 13431565 ns
Total end-to-end search time: 13410914 ns
Total end-to-end search time: 13087267 ns
Total end-to-end search time: 11640168 ns
Total end-to-end search time: 12008223 ns
Total end-to-end search time: 10333211 ns
Total end-to-end search time: 9724835 ns
Total end-to-end search time: 11716102 ns
Total end-to-end search time: 10948987 ns
Total end-to-end search time: 12611799 ns
Total end-to-end search time: 12704883 ns
Total end-to-end search time: 12181288 ns
Total end-to-end search time: 11958412 ns
Query: 64, nThreads: 4, warmup: 16
====================================================================================================
(ns)
Load index... Graph level 5..
Total end-to-end search time: 12704925 ns
Total end-to-end search time: 10494719 ns
Total end-to-end search time: 12417272 ns
Total end-to-end search time: 12791785 ns
Total end-to-end search time: 13268822 ns
Total end-to-end search time: 13369098 ns
Total end-to-end search time: 13069001 ns
Total end-to-end search time: 11712250 ns
Total end-to-end search time: 12021693 ns
Total end-to-end search time: 10381096 ns
Total end-to-end search time: 9729085 ns
Total end-to-end search time: 11616870 ns
Total end-to-end search time: 10887066 ns
Total end-to-end search time: 12537324 ns
Total end-to-end search time: 12676472 ns
Total end-to-end search time: 11981251 ns
Total end-to-end search time: 12048255 ns
Query: 64, nThreads: 4, warmup: 16
====================================================================================================
(ns)
Load index... Graph level 5..
Total end-to-end search time: 12858846 ns
Total end-to-end search time: 10604601 ns
Total end-to-end search time: 12458108 ns
Total end-to-end search time: 12758666 ns
Total end-to-end search time: 13406615 ns
Total end-to-end search time: 13459966 ns
Total end-to-end search time: 13079398 ns
Total end-to-end search time: 11662151 ns
Total end-to-end search time: 11964769 ns
Total end-to-end search time: 10395905 ns
Total end-to-end search time: 9761239 ns
Total end-to-end search time: 11644210 ns
Total end-to-end search time: 11004261 ns
Total end-to-end search time: 12526942 ns
Total end-to-end search time: 12813964 ns
Total end-to-end search time: 12187410 ns
Total end-to-end search time: 12004367 ns
Query: 64, nThreads: 4, warmup: 16
====================================================================================================
(ns)
Load index... Graph level 5..
Total end-to-end search time: 12957323 ns
Total end-to-end search time: 10531890 ns
Total end-to-end search time: 12484564 ns
Total end-to-end search time: 12688777 ns
Total end-to-end search time: 13474805 ns
Total end-to-end search time: 13286737 ns
Total end-to-end search time: 12972291 ns
Total end-to-end search time: 11661509 ns
Total end-to-end search time: 11925222 ns
Total end-to-end search time: 10405888 ns
Total end-to-end search time: 9804858 ns
Total end-to-end search time: 11688592 ns
Total end-to-end search time: 10977211 ns
Total end-to-end search time: 12548231 ns
Total end-to-end search time: 12876147 ns
Total end-to-end search time: 12059525 ns
Total end-to-end search time: 11979843 ns
Query: 64, nThreads: 4, warmup: 16
====================================================================================================
(ns)
Load index... Graph level 5..
Total end-to-end search time: 12692894 ns
Total end-to-end search time: 10531848 ns
Total end-to-end search time: 12402597 ns
Total end-to-end search time: 12853803 ns
Total end-to-end search time: 13251732 ns
Total end-to-end search time: 13428486 ns
Total end-to-end search time: 13056715 ns
Total end-to-end search time: 11666305 ns
Total end-to-end search time: 11909744 ns
Total end-to-end search time: 10370075 ns
Total end-to-end search time: 9754042 ns
Total end-to-end search time: 11626498 ns
Total end-to-end search time: 10975530 ns
Total end-to-end search time: 12521409 ns
Total end-to-end search time: 12685161 ns
Total end-to-end search time: 12182110 ns
Total end-to-end search time: 12005653 ns
Query: 64, nThreads: 4, warmup: 16
====================================================================================================
(ns)
Load index... Graph level 5..
Total end-to-end search time: 12639092 ns
Total end-to-end search time: 10638302 ns
Total end-to-end search time: 12310139 ns
Total end-to-end search time: 12777617 ns
Total end-to-end search time: 13226606 ns
Total end-to-end search time: 13311346 ns
Total end-to-end search time: 13008545 ns
Total end-to-end search time: 11601977 ns
Total end-to-end search time: 11959926 ns
Total end-to-end search time: 10296150 ns
Total end-to-end search time: 9707297 ns
Total end-to-end search time: 11625032 ns
Total end-to-end search time: 10952039 ns
Total end-to-end search time: 12378240 ns
Total end-to-end search time: 12715954 ns
Total end-to-end search time: 12016244 ns
Total end-to-end search time: 11963664 ns
Query: 64, nThreads: 4, warmup: 16
====================================================================================================
(ns)
Load index... Graph level 5..
Total end-to-end search time: 12811642 ns
Total end-to-end search time: 10497821 ns
Total end-to-end search time: 12472173 ns
Total end-to-end search time: 12715669 ns
Total end-to-end search time: 13400096 ns
Total end-to-end search time: 13233616 ns
Total end-to-end search time: 12997624 ns
Total end-to-end search time: 11610318 ns
Total end-to-end search time: 11943220 ns
Total end-to-end search time: 10380334 ns
Total end-to-end search time: 9773161 ns
Total end-to-end search time: 11612592 ns
Total end-to-end search time: 10977854 ns
Total end-to-end search time: 12445149 ns
Total end-to-end search time: 12693460 ns
Total end-to-end search time: 12161968 ns
Total end-to-end search time: 11939210 ns
Query: 64, nThreads: 4, warmup: 16
====================================================================================================
(ns)
Load index... Graph level 5..
Total end-to-end search time: 12641630 ns
Total end-to-end search time: 10564044 ns
Total end-to-end search time: 12376784 ns
Total end-to-end search time: 12657634 ns
Total end-to-end search time: 13395622 ns
Total end-to-end search time: 13289075 ns
Total end-to-end search time: 13064596 ns
Total end-to-end search time: 11599104 ns
Total end-to-end search time: 11972389 ns
Total end-to-end search time: 10353505 ns
Total end-to-end search time: 9826626 ns
Total end-to-end search time: 11640609 ns
Total end-to-end search time: 10917911 ns
Total end-to-end search time: 12561938 ns
Total end-to-end search time: 12644699 ns
Total end-to-end search time: 12180199 ns
Total end-to-end search time: 12019102 ns
Query: 64, nThreads: 4, warmup: 16
====================================================================================================
(ns)
Load index... Graph level 5..
Total end-to-end search time: 12728884 ns
Total end-to-end search time: 10528867 ns
Total end-to-end search time: 12564396 ns
Total end-to-end search time: 12827224 ns
Total end-to-end search time: 13425839 ns
Total end-to-end search time: 13752937 ns
Total end-to-end search time: 12999330 ns
Total end-to-end search time: 11680171 ns
Total end-to-end search time: 11991628 ns
Total end-to-end search time: 10375174 ns
Total end-to-end search time: 9731164 ns
Total end-to-end search time: 11663899 ns
Total end-to-end search time: 10910157 ns
Total end-to-end search time: 12409655 ns
Total end-to-end search time: 12731232 ns
Total end-to-end search time: 12073567 ns
Total end-to-end search time: 12026482 ns
Query: 64, nThreads: 4, warmup: 16
====================================================================================================
(ns)
Load index... Graph level 5..
Total end-to-end search time: 12826254 ns
Total end-to-end search time: 10464109 ns
Total end-to-end search time: 12550589 ns
Total end-to-end search time: 12678331 ns
Total end-to-end search time: 13496150 ns
Total end-to-end search time: 13198159 ns
Total end-to-end search time: 13063406 ns
Total end-to-end search time: 11656698 ns
Total end-to-end search time: 11931797 ns
Total end-to-end search time: 10312772 ns
Total end-to-end search time: 9714026 ns
Total end-to-end search time: 11603539 ns
Total end-to-end search time: 10938077 ns
Total end-to-end search time: 12508365 ns
Total end-to-end search time: 12722792 ns
Total end-to-end search time: 11963166 ns
Total end-to-end search time: 12130079 ns
Query: 64, nThreads: 4, warmup: 16
====================================================================================================
(ns)
Load index... Graph level 5..
Total end-to-end search time: 12697186 ns
Total end-to-end search time: 10499102 ns
Total end-to-end search time: 12429129 ns
Total end-to-end search time: 12695737 ns
Total end-to-end search time: 13456402 ns
Total end-to-end search time: 13163426 ns
Total end-to-end search time: 13017089 ns
Total end-to-end search time: 11599652 ns
Total end-to-end search time: 11966348 ns
Total end-to-end search time: 10360612 ns
Total end-to-end search time: 9730333 ns
Total end-to-end search time: 11598826 ns
Total end-to-end search time: 10942287 ns
Total end-to-end search time: 12457714 ns
Total end-to-end search time: 12656684 ns
Total end-to-end search time: 12044805 ns
Total end-to-end search time: 11969965 ns
Query: 64, nThreads: 4, warmup: 16
====================================================================================================
(ns)
Load index... Graph level 5..
Total end-to-end search time: 12782014 ns
Total end-to-end search time: 10593439 ns
Total end-to-end search time: 12438361 ns
Total end-to-end search time: 12794308 ns
Total end-to-end search time: 13431704 ns
Total end-to-end search time: 13343057 ns
Total end-to-end search time: 13030309 ns
Total end-to-end search time: 11600154 ns
Total end-to-end search time: 11974117 ns
Total end-to-end search time: 10363431 ns
Total end-to-end search time: 9739964 ns
Total end-to-end search time: 11657885 ns
Total end-to-end search time: 10897601 ns
Total end-to-end search time: 12456241 ns
Total end-to-end search time: 12790007 ns
Total end-to-end search time: 12072771 ns
Total end-to-end search time: 11981160 ns
Query: 64, nThreads: 4, warmup: 16
====================================================================================================
(ns)
Load index... Graph level 5..
Total end-to-end search time: 13138950 ns
Total end-to-end search time: 10507131 ns
Total end-to-end search time: 12481803 ns
Total end-to-end search time: 12661162 ns
Total end-to-end search time: 13224537 ns
Total end-to-end search time: 13345605 ns
Total end-to-end search time: 13127097 ns
Total end-to-end search time: 11572686 ns
Total end-to-end search time: 11871959 ns
Total end-to-end search time: 10316991 ns
Total end-to-end search time: 9808917 ns
Total end-to-end search time: 11735459 ns
Total end-to-end search time: 10929060 ns
Total end-to-end search time: 12546843 ns
Total end-to-end search time: 12677811 ns
Total end-to-end search time: 11953878 ns
Total end-to-end search time: 12042261 ns
Query: 64, nThreads: 4, warmup: 16
====================================================================================================
(ns)
Load index... Graph level 5..
Total end-to-end search time: 12940800 ns
Total end-to-end search time: 10578659 ns
Total end-to-end search time: 12492245 ns
Total end-to-end search time: 12655189 ns
Total end-to-end search time: 13387562 ns
Total end-to-end search time: 13207220 ns
Total end-to-end search time: 13109046 ns
Total end-to-end search time: 11617341 ns
Total end-to-end search time: 11994988 ns
Total end-to-end search time: 10262965 ns
Total end-to-end search time: 9844529 ns
Total end-to-end search time: 11627324 ns
Total end-to-end search time: 10934768 ns
Total end-to-end search time: 12512724 ns
Total end-to-end search time: 12678456 ns
Total end-to-end search time: 12034023 ns
Total end-to-end search time: 11987787 ns
Query: 64, nThreads: 4, warmup: 16
====================================================================================================
(ns)
Load index... Graph level 5..
Total end-to-end search time: 12728048 ns
Total end-to-end search time: 10508587 ns
Total end-to-end search time: 12374043 ns
Total end-to-end search time: 12748488 ns
Total end-to-end search time: 13493376 ns
Total end-to-end search time: 13268026 ns
Total end-to-end search time: 13080547 ns
Total end-to-end search time: 11582072 ns
Total end-to-end search time: 11976565 ns
Total end-to-end search time: 10288278 ns
Total end-to-end search time: 9761779 ns
Total end-to-end search time: 11723181 ns
Total end-to-end search time: 10911382 ns
Total end-to-end search time: 12463024 ns
Total end-to-end search time: 12748944 ns
Total end-to-end search time: 12124604 ns
Total end-to-end search time: 11962960 ns
Query: 64, nThreads: 4, warmup: 16
====================================================================================================
(ns)
Load index... Graph level 5..
Total end-to-end search time: 12741357 ns
Total end-to-end search time: 10528066 ns
Total end-to-end search time: 12405167 ns
Total end-to-end search time: 12669136 ns
Total end-to-end search time: 13372370 ns
Total end-to-end search time: 13378586 ns
Total end-to-end search time: 13083901 ns
Total end-to-end search time: 11656624 ns
Total end-to-end search time: 12074749 ns
Total end-to-end search time: 10322904 ns
Total end-to-end search time: 9773142 ns
Total end-to-end search time: 11747516 ns
Total end-to-end search time: 10920822 ns
Total end-to-end search time: 12468944 ns
Total end-to-end search time: 12789368 ns
Total end-to-end search time: 11946867 ns
Total end-to-end search time: 11997864 ns
Query: 64, nThreads: 4, warmup: 16
====================================================================================================
(ns)
Load index... Graph level 5..
Total end-to-end search time: 12973408 ns
Total end-to-end search time: 10505207 ns
Total end-to-end search time: 12437320 ns
Total end-to-end search time: 12651265 ns
Total end-to-end search time: 13436397 ns
Total end-to-end search time: 13248430 ns
Total end-to-end search time: 12968787 ns
Total end-to-end search time: 11594807 ns
Total end-to-end search time: 11891987 ns
Total end-to-end search time: 10343639 ns
Total end-to-end search time: 9783591 ns
Total end-to-end search time: 11570554 ns
Total end-to-end search time: 10895886 ns
Total end-to-end search time: 12505949 ns
Total end-to-end search time: 12693154 ns
Total end-to-end search time: 12003774 ns
Total end-to-end search time: 12020341 ns
Query: 64, nThreads: 4, warmup: 16
====================================================================================================
(ns)
Load index... Graph level 5..
Total end-to-end search time: 12604099 ns
Total end-to-end search time: 10545284 ns
Total end-to-end search time: 12401590 ns
Total end-to-end search time: 12661583 ns
Total end-to-end search time: 13385268 ns
Total end-to-end search time: 13352515 ns
Total end-to-end search time: 12997566 ns
Total end-to-end search time: 11742770 ns
Total end-to-end search time: 11909235 ns
Total end-to-end search time: 10246453 ns
Total end-to-end search time: 9798305 ns
Total end-to-end search time: 11653582 ns
Total end-to-end search time: 10904477 ns
Total end-to-end search time: 12563525 ns
Total end-to-end search time: 12633999 ns
Total end-to-end search time: 11974951 ns
Total end-to-end search time: 12085776 ns
Query: 64, nThreads: 4, warmup: 16
====================================================================================================
(ns)
Load index... Graph level 5..
Total end-to-end search time: 12973387 ns
Total end-to-end search time: 10453049 ns
Total end-to-end search time: 12479250 ns
Total end-to-end search time: 12669257 ns
Total end-to-end search time: 13431093 ns
Total end-to-end search time: 13231861 ns
Total end-to-end search time: 13146114 ns
Total end-to-end search time: 11597863 ns
Total end-to-end search time: 11939152 ns
Total end-to-end search time: 10319078 ns
Total end-to-end search time: 9736913 ns
Total end-to-end search time: 11666772 ns
Total end-to-end search time: 10928170 ns
Total end-to-end search time: 12601966 ns
Total end-to-end search time: 12671795 ns
Total end-to-end search time: 12075714 ns
Total end-to-end search time: 12018393 ns
Query: 64, nThreads: 4, warmup: 16
====================================================================================================
(ns)
Load index... Graph level 5..
Total end-to-end search time: 12784866 ns
Total end-to-end search time: 10516231 ns
Total end-to-end search time: 12391506 ns
Total end-to-end search time: 12868862 ns
Total end-to-end search time: 13337070 ns
Total end-to-end search time: 13364670 ns
Total end-to-end search time: 13052723 ns
Total end-to-end search time: 11672626 ns
Total end-to-end search time: 11908770 ns
Total end-to-end search time: 10351230 ns
Total end-to-end search time: 9780586 ns
Total end-to-end search time: 11643822 ns
Total end-to-end search time: 10974630 ns
Total end-to-end search time: 12560188 ns
Total end-to-end search time: 12640770 ns
Total end-to-end search time: 12122207 ns
Total end-to-end search time: 12005943 ns
Query: 64, nThreads: 4, warmup: 16
====================================================================================================
(ns)
Load index... Graph level 5..
Total end-to-end search time: 12782067 ns
Total end-to-end search time: 10480456 ns
Total end-to-end search time: 12523151 ns
Total end-to-end search time: 12669865 ns
Total end-to-end search time: 13444706 ns
Total end-to-end search time: 13239573 ns
Total end-to-end search time: 13158793 ns
Total end-to-end search time: 11567631 ns
Total end-to-end search time: 11931373 ns
Total end-to-end search time: 10330493 ns
Total end-to-end search time: 9816888 ns
Total end-to-end search time: 11619377 ns
Total end-to-end search time: 10973742 ns
Total end-to-end search time: 12469216 ns
Total end-to-end search time: 12652946 ns
Total end-to-end search time: 12050526 ns
Total end-to-end search time: 12052672 ns
Query: 64, nThreads: 4, warmup: 16
====================================================================================================
(ns)
Load index... Graph level 5..
Total end-to-end search time: 12592662 ns
Total end-to-end search time: 10561132 ns
Total end-to-end search time: 12450419 ns
Total end-to-end search time: 12723824 ns
Total end-to-end search time: 13341467 ns
Total end-to-end search time: 13433006 ns
Total end-to-end search time: 13087955 ns
Total end-to-end search time: 11691413 ns
Total end-to-end search time: 11997969 ns
Total end-to-end search time: 10339039 ns
Total end-to-end search time: 9741900 ns
Total end-to-end search time: 11779687 ns
Total end-to-end search time: 10912251 ns
Total end-to-end search time: 12444529 ns
Total end-to-end search time: 12778844 ns
Total end-to-end search time: 12114733 ns
Total end-to-end search time: 11996798 ns
Query: 64, nThreads: 4, warmup: 16
====================================================================================================
(ns)
Load index... Graph level 5..
Total end-to-end search time: 12825159 ns
Total end-to-end search time: 10496842 ns
Total end-to-end search time: 12382028 ns
Total end-to-end search time: 12799459 ns
Total end-to-end search time: 13336779 ns
Total end-to-end search time: 13333949 ns
Total end-to-end search time: 13113461 ns
Total end-to-end search time: 11598678 ns
Total end-to-end search time: 11944477 ns
Total end-to-end search time: 10311019 ns
Total end-to-end search time: 9798339 ns
Total end-to-end search time: 11618884 ns
Total end-to-end search time: 10936301 ns
Total end-to-end search time: 12551373 ns
Total end-to-end search time: 12644488 ns
Total end-to-end search time: 12044124 ns
Total end-to-end search time: 12070279 ns
Query: 64, nThreads: 4, warmup: 16
====================================================================================================
(ns)
Load index... Graph level 5..
Total end-to-end search time: 12756824 ns
Total end-to-end search time: 10526948 ns
Total end-to-end search time: 12397394 ns
Total end-to-end search time: 12806629 ns
Total end-to-end search time: 13311679 ns
Total end-to-end search time: 13219032 ns
Total end-to-end search time: 13020439 ns
Total end-to-end search time: 11636473 ns
Total end-to-end search time: 11859272 ns
Total end-to-end search time: 10411379 ns
Total end-to-end search time: 9818355 ns
Total end-to-end search time: 11670077 ns
Total end-to-end search time: 10948465 ns
Total end-to-end search time: 12551899 ns
Total end-to-end search time: 12720183 ns
Total end-to-end search time: 12093820 ns
Total end-to-end search time: 11981126 ns
Query: 64, nThreads: 4, warmup: 16
====================================================================================================
(ns)
Load index... Graph level 5..
Total end-to-end search time: 12631099 ns
Total end-to-end search time: 10514393 ns
Total end-to-end search time: 12467188 ns
Total end-to-end search time: 12788215 ns
Total end-to-end search time: 13358357 ns
Total end-to-end search time: 13357685 ns
Total end-to-end search time: 13053361 ns
Total end-to-end search time: 11715049 ns
Total end-to-end search time: 11909917 ns
Total end-to-end search time: 10311261 ns
Total end-to-end search time: 9745475 ns
Total end-to-end search time: 11594564 ns
Total end-to-end search time: 10929640 ns
Total end-to-end search time: 12558293 ns
Total end-to-end search time: 12755640 ns
Total end-to-end search time: 11997214 ns
Total end-to-end search time: 12057414 ns
Query: 64, nThreads: 4, warmup: 16
====================================================================================================
(ns)
Load index... Graph level 5..
Total end-to-end search time: 12706086 ns
Total end-to-end search time: 10530244 ns
Total end-to-end search time: 12390400 ns
Total end-to-end search time: 12718285 ns
Total end-to-end search time: 13459472 ns
Total end-to-end search time: 13248523 ns
Total end-to-end search time: 13118030 ns
Total end-to-end search time: 11619584 ns
Total end-to-end search time: 12012030 ns
Total end-to-end search time: 10348851 ns
Total end-to-end search time: 9947531 ns
Total end-to-end search time: 11618649 ns
Total end-to-end search time: 10954361 ns
Total end-to-end search time: 12491849 ns
Total end-to-end search time: 12715038 ns
Total end-to-end search time: 12126006 ns
Total end-to-end search time: 12035769 ns
Query: 64, nThreads: 4, warmup: 16
====================================================================================================
(ns)
Load index... Graph level 5..
Total end-to-end search time: 12893551 ns
Total end-to-end search time: 10487948 ns
Total end-to-end search time: 12464381 ns
Total end-to-end search time: 12699552 ns
Total end-to-end search time: 13405382 ns
Total end-to-end search time: 13271407 ns
Total end-to-end search time: 12995867 ns
Total end-to-end search time: 11565889 ns
Total end-to-end search time: 12045091 ns
Total end-to-end search time: 10268540 ns
Total end-to-end search time: 9855953 ns
Total end-to-end search time: 11687784 ns
Total end-to-end search time: 10932764 ns
Total end-to-end search time: 12449878 ns
Total end-to-end search time: 12778095 ns
Total end-to-end search time: 12060506 ns
Total end-to-end search time: 11954707 ns
Query: 64, nThreads: 4, warmup: 16
====================================================================================================
(ns)
Load index... Graph level 5..
Total end-to-end search time: 12629789 ns
Total end-to-end search time: 10599158 ns
Total end-to-end search time: 12392440 ns
Total end-to-end search time: 12686276 ns
Total end-to-end search time: 13435387 ns
Total end-to-end search time: 13215233 ns
Total end-to-end search time: 13045186 ns
Total end-to-end search time: 11615741 ns
Total end-to-end search time: 11942456 ns
Total end-to-end search time: 10249571 ns
Total end-to-end search time: 9818030 ns
Total end-to-end search time: 11613915 ns
Total end-to-end search time: 10937963 ns
Total end-to-end search time: 12467929 ns
Total end-to-end search time: 12672004 ns
Total end-to-end search time: 11970623 ns
Total end-to-end search time: 11953805 ns
