Query: 8192, nThreads: 2, warmup: 1
====================================================================================================
(ns)
Load index... Graph level 5..
Total end-to-end search time: 2842195273 ns
Total end-to-end search time: 618735326 ns
Query: 8192, nThreads: 2, warmup: 1
====================================================================================================
(ns)
Load index... Graph level 5..
Total end-to-end search time: 2894573791 ns
Total end-to-end search time: 626624254 ns
Query: 8192, nThreads: 2, warmup: 1
====================================================================================================
(ns)
Load index... Graph level 5..
Total end-to-end search time: 2887010415 ns
Total end-to-end search time: 616430047 ns
Query: 8192, nThreads: 2, warmup: 1
====================================================================================================
(ns)
Load index... Graph level 5..
Total end-to-end search time: 2894423964 ns
Total end-to-end search time: 617685085 ns
Query: 8192, nThreads: 2, warmup: 1
====================================================================================================
(ns)
Load index... Graph level 5..
Total end-to-end search time: 2889739830 ns
Total end-to-end search time: 617488144 ns
Query: 8192, nThreads: 2, warmup: 1
====================================================================================================
(ns)
Load index... Graph level 5..
Total end-to-end search time: 2893900042 ns
Total end-to-end search time: 617675954 ns
Query: 8192, nThreads: 2, warmup: 1
====================================================================================================
(ns)
Load index... Graph level 5..
Total end-to-end search time: 2885661289 ns
Total end-to-end search time: 616050471 ns
Query: 8192, nThreads: 2, warmup: 1
====================================================================================================
(ns)
Load index... Graph level 5..
Total end-to-end search time: 2895248387 ns
Total end-to-end search time: 617136134 ns
Query: 8192, nThreads: 2, warmup: 1
====================================================================================================
(ns)
Load index... Graph level 5..
Total end-to-end search time: 2859503050 ns
Total end-to-end search time: 625306938 ns
Query: 8192, nThreads: 2, warmup: 1
====================================================================================================
(ns)
Load index... Graph level 5..
Total end-to-end search time: 2894673387 ns
Total end-to-end search time: 617180851 ns
Query: 8192, nThreads: 2, warmup: 1
====================================================================================================
(ns)
Load index... Graph level 5..
Total end-to-end search time: 2899261849 ns
Total end-to-end search time: 617721432 ns
Query: 8192, nThreads: 2, warmup: 1
====================================================================================================
(ns)
Load index... Graph level 5..
Total end-to-end search time: 2890682672 ns
Total end-to-end search time: 616844864 ns
Query: 8192, nThreads: 2, warmup: 1
====================================================================================================
(ns)
Load index... Graph level 5..
Total end-to-end search time: 2892788526 ns
Total end-to-end search time: 617562714 ns
Query: 8192, nThreads: 2, warmup: 1
====================================================================================================
(ns)
Load index... Graph level 5..
Total end-to-end search time: 2887332548 ns
Total end-to-end search time: 617034994 ns
Query: 8192, nThreads: 2, warmup: 1
====================================================================================================
(ns)
Load index... Graph level 5..
Total end-to-end search time: 2848014280 ns
Total end-to-end search time: 617095425 ns
Query: 8192, nThreads: 2, warmup: 1
====================================================================================================
(ns)
Load index... Graph level 5..
Total end-to-end search time: 2894658228 ns
Total end-to-end search time: 618310784 ns
Query: 8192, nThreads: 2, warmup: 1
====================================================================================================
(ns)
Load index... Graph level 5..
Total end-to-end search time: 2886990819 ns
Total end-to-end search time: 625432144 ns
Query: 8192, nThreads: 2, warmup: 1
====================================================================================================
(ns)
Load index... Graph level 5..
Total end-to-end search time: 2848566741 ns
Total end-to-end search time: 617670188 ns
Query: 8192, nThreads: 2, warmup: 1
====================================================================================================
(ns)
Load index... Graph level 5..
Total end-to-end search time: 2892914071 ns
Total end-to-end search time: 617615735 ns
Query: 8192, nThreads: 2, warmup: 1
====================================================================================================
(ns)
Load index... Graph level 5..
Total end-to-end search time: 2843251237 ns
Total end-to-end search time: 620108936 ns
Query: 8192, nThreads: 2, warmup: 1
====================================================================================================
(ns)
Load index... Graph level 5..
Total end-to-end search time: 2889367424 ns
Total end-to-end search time: 615943720 ns
Query: 8192, nThreads: 2, warmup: 1
====================================================================================================
(ns)
Load index... Graph level 5..
Total end-to-end search time: 2892498643 ns
Total end-to-end search time: 616432229 ns
Query: 8192, nThreads: 2, warmup: 1
====================================================================================================
(ns)
Load index... Graph level 5..
Total end-to-end search time: 2845422880 ns
Total end-to-end search time: 620243870 ns
Query: 8192, nThreads: 2, warmup: 1
====================================================================================================
(ns)
Load index... Graph level 5..
Total end-to-end search time: 2897758665 ns
Total end-to-end search time: 618297279 ns
Query: 8192, nThreads: 2, warmup: 1
====================================================================================================
(ns)
Load index... Graph level 5..
Total end-to-end search time: 2890528027 ns
Total end-to-end search time: 617893845 ns
Query: 8192, nThreads: 2, warmup: 1
====================================================================================================
(ns)
Load index... Graph level 5..
Total end-to-end search time: 2893764694 ns
Total end-to-end search time: 617646041 ns
Query: 8192, nThreads: 2, warmup: 1
====================================================================================================
(ns)
Load index... Graph level 5..
Total end-to-end search time: 2888970455 ns
Total end-to-end search time: 617013761 ns
Query: 8192, nThreads: 2, warmup: 1
====================================================================================================
(ns)
Load index... Graph level 5..
Total end-to-end search time: 2849908508 ns
Total end-to-end search time: 624208451 ns
Query: 8192, nThreads: 2, warmup: 1
====================================================================================================
(ns)
Load index... Graph level 5..
Total end-to-end search time: 2894934687 ns
Total end-to-end search time: 617549106 ns
Query: 8192, nThreads: 2, warmup: 1
====================================================================================================
(ns)
Load index... Graph level 5..
Total end-to-end search time: 2852695334 ns
Total end-to-end search time: 617973438 ns
