Query: 8192, nThreads: 4, warmup: 1
====================================================================================================
(ns)
Load index... Graph level 5..
Total end-to-end search time: 1446449071 ns
Total end-to-end search time: 313561047 ns
Query: 8192, nThreads: 4, warmup: 1
====================================================================================================
(ns)
Load index... Graph level 5..
Total end-to-end search time: 1450403665 ns
Total end-to-end search time: 312532177 ns
Query: 8192, nThreads: 4, warmup: 1
====================================================================================================
(ns)
Load index... Graph level 5..
Total end-to-end search time: 1448624139 ns
Total end-to-end search time: 314911357 ns
Query: 8192, nThreads: 4, warmup: 1
====================================================================================================
(ns)
Load index... Graph level 5..
Total end-to-end search time: 1450518630 ns
Total end-to-end search time: 312670529 ns
Query: 8192, nThreads: 4, warmup: 1
====================================================================================================
(ns)
Load index... Graph level 5..
Total end-to-end search time: 1439381943 ns
Total end-to-end search time: 313479090 ns
Query: 8192, nThreads: 4, warmup: 1
====================================================================================================
(ns)
Load index... Graph level 5..
Total end-to-end search time: 1451121264 ns
Total end-to-end search time: 312722316 ns
Query: 8192, nThreads: 4, warmup: 1
====================================================================================================
(ns)
Load index... Graph level 5..
Total end-to-end search time: 1449305866 ns
Total end-to-end search time: 314684543 ns
Query: 8192, nThreads: 4, warmup: 1
====================================================================================================
(ns)
Load index... Graph level 5..
Total end-to-end search time: 1450763823 ns
Total end-to-end search time: 312573126 ns
Query: 8192, nThreads: 4, warmup: 1
====================================================================================================
(ns)
Load index... Graph level 5..
Total end-to-end search time: 1448790091 ns
Total end-to-end search time: 314996527 ns
Query: 8192, nThreads: 4, warmup: 1
====================================================================================================
(ns)
Load index... Graph level 5..
Total end-to-end search time: 1449963257 ns
Total end-to-end search time: 312119252 ns
Query: 8192, nThreads: 4, warmup: 1
====================================================================================================
(ns)
Load index... Graph level 5..
Total end-to-end search time: 1449234304 ns
Total end-to-end search time: 315384872 ns
Query: 8192, nThreads: 4, warmup: 1
====================================================================================================
(ns)
Load index... Graph level 5..
Total end-to-end search time: 1448927312 ns
Total end-to-end search time: 314887403 ns
Query: 8192, nThreads: 4, warmup: 1
====================================================================================================
(ns)
Load index... Graph level 5..
Total end-to-end search time: 1450410232 ns
Total end-to-end search time: 315525999 ns
Query: 8192, nThreads: 4, warmup: 1
====================================================================================================
(ns)
Load index... Graph level 5..
Total end-to-end search time: 1450577128 ns
Total end-to-end search time: 312442206 ns
Query: 8192, nThreads: 4, warmup: 1
====================================================================================================
(ns)
Load index... Graph level 5..
Total end-to-end search time: 1449159284 ns
Total end-to-end search time: 315115724 ns
Query: 8192, nThreads: 4, warmup: 1
====================================================================================================
(ns)
Load index... Graph level 5..
Total end-to-end search time: 1450964950 ns
Total end-to-end search time: 312357872 ns
Query: 8192, nThreads: 4, warmup: 1
====================================================================================================
(ns)
Load index... Graph level 5..
Total end-to-end search time: 1452192485 ns
Total end-to-end search time: 313110761 ns
Query: 8192, nThreads: 4, warmup: 1
====================================================================================================
(ns)
Load index... Graph level 5..
Total end-to-end search time: 1448968408 ns
Total end-to-end search time: 315226790 ns
Query: 8192, nThreads: 4, warmup: 1
====================================================================================================
(ns)
Load index... Graph level 5..
Total end-to-end search time: 1451818526 ns
Total end-to-end search time: 312314296 ns
Query: 8192, nThreads: 4, warmup: 1
====================================================================================================
(ns)
Load index... Graph level 5..
Total end-to-end search time: 1449260057 ns
Total end-to-end search time: 315444425 ns
Query: 8192, nThreads: 4, warmup: 1
====================================================================================================
(ns)
Load index... Graph level 5..
Total end-to-end search time: 1451590445 ns
Total end-to-end search time: 312341137 ns
Query: 8192, nThreads: 4, warmup: 1
====================================================================================================
(ns)
Load index... Graph level 5..
Total end-to-end search time: 1449181921 ns
Total end-to-end search time: 313297752 ns
Query: 8192, nThreads: 4, warmup: 1
====================================================================================================
(ns)
Load index... Graph level 5..
Total end-to-end search time: 1450963381 ns
Total end-to-end search time: 311913525 ns
Query: 8192, nThreads: 4, warmup: 1
====================================================================================================
(ns)
Load index... Graph level 5..
Total end-to-end search time: 1449106621 ns
Total end-to-end search time: 315359142 ns
Query: 8192, nThreads: 4, warmup: 1
====================================================================================================
(ns)
Load index... Graph level 5..
Total end-to-end search time: 1451782373 ns
Total end-to-end search time: 312682360 ns
Query: 8192, nThreads: 4, warmup: 1
====================================================================================================
(ns)
Load index... Graph level 5..
Total end-to-end search time: 1438113177 ns
Total end-to-end search time: 313102567 ns
Query: 8192, nThreads: 4, warmup: 1
====================================================================================================
(ns)
Load index... Graph level 5..
Total end-to-end search time: 1451155904 ns
Total end-to-end search time: 312523590 ns
Query: 8192, nThreads: 4, warmup: 1
====================================================================================================
(ns)
Load index... Graph level 5..
Total end-to-end search time: 1449664314 ns
Total end-to-end search time: 315650168 ns
Query: 8192, nThreads: 4, warmup: 1
====================================================================================================
(ns)
Load index... Graph level 5..
Total end-to-end search time: 1438748772 ns
Total end-to-end search time: 314435972 ns
Query: 8192, nThreads: 4, warmup: 1
====================================================================================================
(ns)
Load index... Graph level 5..
Total end-to-end search time: 1449184592 ns
Total end-to-end search time: 315640198 ns
