Query: 8192, nThreads: 32, warmup: 1
====================================================================================================
(ns)
Load index... Graph level 5..
Total end-to-end search time: 754126637 ns
Total end-to-end search time: 163437559 ns
Query: 8192, nThreads: 32, warmup: 1
====================================================================================================
(ns)
Load index... Graph level 5..
Total end-to-end search time: 753808327 ns
Total end-to-end search time: 163461150 ns
Query: 8192, nThreads: 32, warmup: 1
====================================================================================================
(ns)
Load index... Graph level 5..
Total end-to-end search time: 753223998 ns
Total end-to-end search time: 163710244 ns
Query: 8192, nThreads: 32, warmup: 1
====================================================================================================
(ns)
Load index... Graph level 5..
Total end-to-end search time: 753250527 ns
Total end-to-end search time: 163743299 ns
Query: 8192, nThreads: 32, warmup: 1
====================================================================================================
(ns)
Load index... Graph level 5..
Total end-to-end search time: 754195282 ns
Total end-to-end search time: 163554588 ns
Query: 8192, nThreads: 32, warmup: 1
====================================================================================================
(ns)
Load index... Graph level 5..
Total end-to-end search time: 752964867 ns
Total end-to-end search time: 163483852 ns
Query: 8192, nThreads: 32, warmup: 1
====================================================================================================
(ns)
Load index... Graph level 5..
Total end-to-end search time: 754237213 ns
Total end-to-end search time: 163834040 ns
Query: 8192, nThreads: 32, warmup: 1
====================================================================================================
(ns)
Load index... Graph level 5..
Total end-to-end search time: 754294827 ns
Total end-to-end search time: 163681424 ns
Query: 8192, nThreads: 32, warmup: 1
====================================================================================================
(ns)
Load index... Graph level 5..
Total end-to-end search time: 752401325 ns
Total end-to-end search time: 163863775 ns
Query: 8192, nThreads: 32, warmup: 1
====================================================================================================
(ns)
Load index... Graph level 5..
Total end-to-end search time: 753313460 ns
Total end-to-end search time: 163611303 ns
Query: 8192, nThreads: 32, warmup: 1
====================================================================================================
(ns)
Load index... Graph level 5..
Total end-to-end search time: 753585722 ns
Total end-to-end search time: 163597487 ns
Query: 8192, nThreads: 32, warmup: 1
====================================================================================================
(ns)
Load index... Graph level 5..
Total end-to-end search time: 751911381 ns
Total end-to-end search time: 163336454 ns
Query: 8192, nThreads: 32, warmup: 1
====================================================================================================
(ns)
Load index... Graph level 5..
Total end-to-end search time: 753956597 ns
Total end-to-end search time: 163734664 ns
Query: 8192, nThreads: 32, warmup: 1
====================================================================================================
(ns)
Load index... Graph level 5..
Total end-to-end search time: 751294517 ns
Total end-to-end search time: 163387367 ns
Query: 8192, nThreads: 32, warmup: 1
====================================================================================================
(ns)
Load index... Graph level 5..
Total end-to-end search time: 753518832 ns
Total end-to-end search time: 163527456 ns
Query: 8192, nThreads: 32, warmup: 1
====================================================================================================
(ns)
Load index... Graph level 5..
Total end-to-end search time: 754045268 ns
Total end-to-end search time: 163390182 ns
Query: 8192, nThreads: 32, warmup: 1
====================================================================================================
(ns)
Load index... Graph level 5..
Total end-to-end search time: 753317924 ns
Total end-to-end search time: 163615924 ns
Query: 8192, nThreads: 32, warmup: 1
====================================================================================================
(ns)
Load index... Graph level 5..
Total end-to-end search time: 754139543 ns
Total end-to-end search time: 163837489 ns
Query: 8192, nThreads: 32, warmup: 1
====================================================================================================
(ns)
Load index... Graph level 5..
Total end-to-end search time: 754562603 ns
Total end-to-end search time: 163643964 ns
Query: 8192, nThreads: 32, warmup: 1
====================================================================================================
(ns)
Load index... Graph level 5..
Total end-to-end search time: 753137843 ns
Total end-to-end search time: 163583993 ns
Query: 8192, nThreads: 32, warmup: 1
====================================================================================================
(ns)
Load index... Graph level 5..
Total end-to-end search time: 753530344 ns
Total end-to-end search time: 163490251 ns
Query: 8192, nThreads: 32, warmup: 1
====================================================================================================
(ns)
Load index... Graph level 5..
Total end-to-end search time: 752576485 ns
Total end-to-end search time: 163413178 ns
Query: 8192, nThreads: 32, warmup: 1
====================================================================================================
(ns)
Load index... Graph level 5..
Total end-to-end search time: 752939519 ns
Total end-to-end search time: 163419384 ns
Query: 8192, nThreads: 32, warmup: 1
====================================================================================================
(ns)
Load index... Graph level 5..
Total end-to-end search time: 754445785 ns
Total end-to-end search time: 163827460 ns
Query: 8192, nThreads: 32, warmup: 1
====================================================================================================
(ns)
Load index... Graph level 5..
Total end-to-end search time: 752736741 ns
Total end-to-end search time: 163732973 ns
Query: 8192, nThreads: 32, warmup: 1
====================================================================================================
(ns)
Load index... Graph level 5..
Total end-to-end search time: 753975089 ns
Total end-to-end search time: 163489109 ns
Query: 8192, nThreads: 32, warmup: 1
====================================================================================================
(ns)
Load index... Graph level 5..
Total end-to-end search time: 753599456 ns
Total end-to-end search time: 163645318 ns
Query: 8192, nThreads: 32, warmup: 1
====================================================================================================
(ns)
Load index... Graph level 5..
Total end-to-end search time: 754071207 ns
Total end-to-end search time: 163491503 ns
Query: 8192, nThreads: 32, warmup: 1
====================================================================================================
(ns)
Load index... Graph level 5..
Total end-to-end search time: 753680032 ns
Total end-to-end search time: 163546298 ns
Query: 8192, nThreads: 32, warmup: 1
====================================================================================================
(ns)
Load index... Graph level 5..
Total end-to-end search time: 754266288 ns
Total end-to-end search time: 163509788 ns
