Query: 8, nThreads: 8, warmup: 16
====================================================================================================
(ns)
Load index... Graph level 5..
Total end-to-end search time: 6707953 ns
Total end-to-end search time: 6608734 ns
Total end-to-end search time: 5929814 ns
Total end-to-end search time: 5663591 ns
Total end-to-end search time: 6069670 ns
Total end-to-end search time: 5952705 ns
Total end-to-end search time: 4854312 ns
Total end-to-end search time: 4824170 ns
Total end-to-end search time: 4278414 ns
Total end-to-end search time: 5536301 ns
Total end-to-end search time: 5133113 ns
Total end-to-end search time: 4391983 ns
Total end-to-end search time: 5084491 ns
Total end-to-end search time: 4308955 ns
Total end-to-end search time: 4918024 ns
Total end-to-end search time: 5603705 ns
Total end-to-end search time: 5736969 ns
Query: 8, nThreads: 8, warmup: 16
====================================================================================================
(ns)
Load index... Graph level 5..
Total end-to-end search time: 6654170 ns
Total end-to-end search time: 6604528 ns
Total end-to-end search time: 5903891 ns
Total end-to-end search time: 5655799 ns
Total end-to-end search time: 6061183 ns
Total end-to-end search time: 5775177 ns
Total end-to-end search time: 4836388 ns
Total end-to-end search time: 4830832 ns
Total end-to-end search time: 4278561 ns
Total end-to-end search time: 5542976 ns
Total end-to-end search time: 5137271 ns
Total end-to-end search time: 4412620 ns
Total end-to-end search time: 5097019 ns
Total end-to-end search time: 4304260 ns
Total end-to-end search time: 4917438 ns
Total end-to-end search time: 5599475 ns
Total end-to-end search time: 5707569 ns
Query: 8, nThreads: 8, warmup: 16
====================================================================================================
(ns)
Load index... Graph level 5..
Total end-to-end search time: 6723618 ns
Total end-to-end search time: 6603424 ns
Total end-to-end search time: 5906650 ns
Total end-to-end search time: 5631217 ns
Total end-to-end search time: 6024772 ns
Total end-to-end search time: 5713775 ns
Total end-to-end search time: 4814493 ns
Total end-to-end search time: 4851553 ns
Total end-to-end search time: 4296700 ns
Total end-to-end search time: 5505571 ns
Total end-to-end search time: 5119432 ns
Total end-to-end search time: 4379049 ns
Total end-to-end search time: 5108159 ns
Total end-to-end search time: 4299156 ns
Total end-to-end search time: 4910060 ns
Total end-to-end search time: 5602760 ns
Total end-to-end search time: 5685426 ns
Query: 8, nThreads: 8, warmup: 16
====================================================================================================
(ns)
Load index... Graph level 5..
Total end-to-end search time: 6737387 ns
Total end-to-end search time: 6675096 ns
Total end-to-end search time: 5960265 ns
Total end-to-end search time: 5676219 ns
Total end-to-end search time: 6074484 ns
Total end-to-end search time: 5769271 ns
Total end-to-end search time: 4881214 ns
Total end-to-end search time: 4888316 ns
Total end-to-end search time: 4327038 ns
Total end-to-end search time: 5547668 ns
Total end-to-end search time: 5169474 ns
Total end-to-end search time: 4404124 ns
Total end-to-end search time: 5143692 ns
Total end-to-end search time: 4347858 ns
Total end-to-end search time: 4986532 ns
Total end-to-end search time: 5660432 ns
Total end-to-end search time: 5808590 ns
Query: 8, nThreads: 8, warmup: 16
====================================================================================================
(ns)
Load index... Graph level 5..
Total end-to-end search time: 6835039 ns
Total end-to-end search time: 6779345 ns
Total end-to-end search time: 6110153 ns
Total end-to-end search time: 5809566 ns
Total end-to-end search time: 6221152 ns
Total end-to-end search time: 5904750 ns
Total end-to-end search time: 4975363 ns
Total end-to-end search time: 4958534 ns
Total end-to-end search time: 4394519 ns
Total end-to-end search time: 5709688 ns
Total end-to-end search time: 5276940 ns
Total end-to-end search time: 4547253 ns
Total end-to-end search time: 5230572 ns
Total end-to-end search time: 4445695 ns
Total end-to-end search time: 5067648 ns
Total end-to-end search time: 5756997 ns
Total end-to-end search time: 5852942 ns
Query: 8, nThreads: 8, warmup: 16
====================================================================================================
(ns)
Load index... Graph level 5..
Total end-to-end search time: 6709218 ns
Total end-to-end search time: 6666937 ns
Total end-to-end search time: 5974866 ns
Total end-to-end search time: 5661584 ns
Total end-to-end search time: 6063862 ns
Total end-to-end search time: 5758914 ns
Total end-to-end search time: 4890236 ns
Total end-to-end search time: 4910690 ns
Total end-to-end search time: 4286730 ns
Total end-to-end search time: 5547189 ns
Total end-to-end search time: 5186371 ns
Total end-to-end search time: 4441673 ns
Total end-to-end search time: 5126383 ns
Total end-to-end search time: 4336468 ns
Total end-to-end search time: 4957269 ns
Total end-to-end search time: 5643212 ns
Total end-to-end search time: 5733795 ns
Query: 8, nThreads: 8, warmup: 16
====================================================================================================
(ns)
Load index... Graph level 5..
Total end-to-end search time: 6713008 ns
Total end-to-end search time: 6674949 ns
Total end-to-end search time: 6265513 ns
Total end-to-end search time: 5869159 ns
Total end-to-end search time: 6085477 ns
Total end-to-end search time: 5770652 ns
Total end-to-end search time: 4874483 ns
Total end-to-end search time: 4874086 ns
Total end-to-end search time: 4305892 ns
Total end-to-end search time: 5575660 ns
Total end-to-end search time: 5174425 ns
Total end-to-end search time: 4430599 ns
Total end-to-end search time: 5091236 ns
Total end-to-end search time: 4324521 ns
Total end-to-end search time: 4973915 ns
Total end-to-end search time: 5670433 ns
Total end-to-end search time: 5785481 ns
Query: 8, nThreads: 8, warmup: 16
====================================================================================================
(ns)
Load index... Graph level 5..
Total end-to-end search time: 6725784 ns
Total end-to-end search time: 6659920 ns
Total end-to-end search time: 5943303 ns
Total end-to-end search time: 5695696 ns
Total end-to-end search time: 6058822 ns
Total end-to-end search time: 5765420 ns
Total end-to-end search time: 4896423 ns
Total end-to-end search time: 4847368 ns
Total end-to-end search time: 4320530 ns
Total end-to-end search time: 5566291 ns
Total end-to-end search time: 5186782 ns
Total end-to-end search time: 4436891 ns
Total end-to-end search time: 5116372 ns
Total end-to-end search time: 4324307 ns
Total end-to-end search time: 4945940 ns
Total end-to-end search time: 5640036 ns
Total end-to-end search time: 5758692 ns
Query: 8, nThreads: 8, warmup: 16
====================================================================================================
(ns)
Load index... Graph level 5..
Total end-to-end search time: 6739881 ns
Total end-to-end search time: 6645503 ns
Total end-to-end search time: 5962500 ns
Total end-to-end search time: 5693149 ns
Total end-to-end search time: 6087576 ns
Total end-to-end search time: 5787102 ns
Total end-to-end search time: 4874016 ns
Total end-to-end search time: 4865677 ns
Total end-to-end search time: 4289939 ns
Total end-to-end search time: 5584528 ns
Total end-to-end search time: 5192871 ns
Total end-to-end search time: 4429057 ns
Total end-to-end search time: 5131598 ns
Total end-to-end search time: 4309112 ns
Total end-to-end search time: 4946308 ns
Total end-to-end search time: 5639160 ns
Total end-to-end search time: 5749060 ns
Query: 8, nThreads: 8, warmup: 16
====================================================================================================
(ns)
Load index... Graph level 5..
Total end-to-end search time: 6774855 ns
Total end-to-end search time: 6642250 ns
Total end-to-end search time: 5966966 ns
Total end-to-end search time: 5677568 ns
Total end-to-end search time: 6053588 ns
Total end-to-end search time: 5740640 ns
Total end-to-end search time: 4880801 ns
Total end-to-end search time: 4871899 ns
Total end-to-end search time: 4309719 ns
Total end-to-end search time: 5580858 ns
Total end-to-end search time: 5165383 ns
Total end-to-end search time: 4418059 ns
Total end-to-end search time: 5135750 ns
Total end-to-end search time: 4312667 ns
Total end-to-end search time: 4955122 ns
Total end-to-end search time: 5620683 ns
Total end-to-end search time: 5742317 ns
Query: 8, nThreads: 8, warmup: 16
====================================================================================================
(ns)
Load index... Graph level 5..
Total end-to-end search time: 6704381 ns
Total end-to-end search time: 6604445 ns
Total end-to-end search time: 5935675 ns
Total end-to-end search time: 5644357 ns
Total end-to-end search time: 6048208 ns
Total end-to-end search time: 5760941 ns
Total end-to-end search time: 4827893 ns
Total end-to-end search time: 4827384 ns
Total end-to-end search time: 4289651 ns
Total end-to-end search time: 5525261 ns
Total end-to-end search time: 5137894 ns
Total end-to-end search time: 4383657 ns
Total end-to-end search time: 5097801 ns
Total end-to-end search time: 4288279 ns
Total end-to-end search time: 4904507 ns
Total end-to-end search time: 5616991 ns
Total end-to-end search time: 5727225 ns
Query: 8, nThreads: 8, warmup: 16
====================================================================================================
(ns)
Load index... Graph level 5..
Total end-to-end search time: 6734242 ns
Total end-to-end search time: 6593067 ns
Total end-to-end search time: 5950750 ns
Total end-to-end search time: 5835085 ns
Total end-to-end search time: 6049204 ns
Total end-to-end search time: 5752663 ns
Total end-to-end search time: 4859434 ns
Total end-to-end search time: 4848363 ns
Total end-to-end search time: 4290706 ns
Total end-to-end search time: 5523909 ns
Total end-to-end search time: 5146061 ns
Total end-to-end search time: 4400298 ns
Total end-to-end search time: 5097445 ns
Total end-to-end search time: 4316994 ns
Total end-to-end search time: 4927879 ns
Total end-to-end search time: 5607791 ns
Total end-to-end search time: 5726184 ns
Query: 8, nThreads: 8, warmup: 16
====================================================================================================
(ns)
Load index... Graph level 5..
Total end-to-end search time: 6764608 ns
Total end-to-end search time: 6648796 ns
Total end-to-end search time: 5977184 ns
Total end-to-end search time: 5703705 ns
Total end-to-end search time: 6068506 ns
Total end-to-end search time: 5746934 ns
Total end-to-end search time: 4849407 ns
Total end-to-end search time: 4855740 ns
Total end-to-end search time: 4306897 ns
Total end-to-end search time: 5580144 ns
Total end-to-end search time: 5220894 ns
Total end-to-end search time: 4434632 ns
Total end-to-end search time: 5126326 ns
Total end-to-end search time: 4317977 ns
Total end-to-end search time: 4946063 ns
Total end-to-end search time: 5636491 ns
Total end-to-end search time: 5732497 ns
Query: 8, nThreads: 8, warmup: 16
====================================================================================================
(ns)
Load index... Graph level 5..
Total end-to-end search time: 6898033 ns
Total end-to-end search time: 6704573 ns
Total end-to-end search time: 6016399 ns
Total end-to-end search time: 5728941 ns
Total end-to-end search time: 6112886 ns
Total end-to-end search time: 5816457 ns
Total end-to-end search time: 4897055 ns
Total end-to-end search time: 4868954 ns
Total end-to-end search time: 4303615 ns
Total end-to-end search time: 5576839 ns
Total end-to-end search time: 5172494 ns
Total end-to-end search time: 4420042 ns
Total end-to-end search time: 5112250 ns
Total end-to-end search time: 4335118 ns
Total end-to-end search time: 4961772 ns
Total end-to-end search time: 5670047 ns
Total end-to-end search time: 5745575 ns
Query: 8, nThreads: 8, warmup: 16
====================================================================================================
(ns)
Load index... Graph level 5..
Total end-to-end search time: 6850521 ns
Total end-to-end search time: 6663654 ns
Total end-to-end search time: 5979258 ns
Total end-to-end search time: 5705002 ns
Total end-to-end search time: 6081409 ns
Total end-to-end search time: 5763579 ns
Total end-to-end search time: 4876179 ns
Total end-to-end search time: 4869000 ns
Total end-to-end search time: 4303843 ns
Total end-to-end search time: 5550911 ns
Total end-to-end search time: 5164105 ns
Total end-to-end search time: 4416863 ns
Total end-to-end search time: 5112905 ns
Total end-to-end search time: 4334090 ns
Total end-to-end search time: 4943363 ns
Total end-to-end search time: 5637021 ns
Total end-to-end search time: 5752835 ns
Query: 8, nThreads: 8, warmup: 16
====================================================================================================
(ns)
Load index... Graph level 5..
Total end-to-end search time: 6785060 ns
Total end-to-end search time: 6772394 ns
Total end-to-end search time: 6109723 ns
Total end-to-end search time: 5781878 ns
Total end-to-end search time: 6176135 ns
Total end-to-end search time: 5881445 ns
Total end-to-end search time: 4940518 ns
Total end-to-end search time: 4917976 ns
Total end-to-end search time: 4357240 ns
Total end-to-end search time: 5648308 ns
Total end-to-end search time: 5246805 ns
Total end-to-end search time: 4463315 ns
Total end-to-end search time: 5186015 ns
Total end-to-end search time: 4385981 ns
Total end-to-end search time: 5005283 ns
Total end-to-end search time: 5707910 ns
Total end-to-end search time: 5854330 ns
Query: 8, nThreads: 8, warmup: 16
====================================================================================================
(ns)
Load index... Graph level 5..
Total end-to-end search time: 6642569 ns
Total end-to-end search time: 6618453 ns
Total end-to-end search time: 5920487 ns
Total end-to-end search time: 5664002 ns
Total end-to-end search time: 5990993 ns
Total end-to-end search time: 5688472 ns
Total end-to-end search time: 4803344 ns
Total end-to-end search time: 4802146 ns
Total end-to-end search time: 4255672 ns
Total end-to-end search time: 5501276 ns
Total end-to-end search time: 5113517 ns
Total end-to-end search time: 4372052 ns
Total end-to-end search time: 5057033 ns
Total end-to-end search time: 4283393 ns
Total end-to-end search time: 4890390 ns
Total end-to-end search time: 5587354 ns
Total end-to-end search time: 5670682 ns
Query: 8, nThreads: 8, warmup: 16
====================================================================================================
(ns)
Load index... Graph level 5..
Total end-to-end search time: 6822831 ns
Total end-to-end search time: 6749777 ns
Total end-to-end search time: 6083029 ns
Total end-to-end search time: 5761182 ns
Total end-to-end search time: 6166785 ns
Total end-to-end search time: 5865311 ns
Total end-to-end search time: 4957116 ns
Total end-to-end search time: 4967101 ns
Total end-to-end search time: 4382510 ns
Total end-to-end search time: 5679080 ns
Total end-to-end search time: 5271243 ns
Total end-to-end search time: 4494938 ns
Total end-to-end search time: 5215353 ns
Total end-to-end search time: 4402227 ns
Total end-to-end search time: 5054909 ns
Total end-to-end search time: 5781571 ns
Total end-to-end search time: 5906953 ns
Query: 8, nThreads: 8, warmup: 16
====================================================================================================
(ns)
Load index... Graph level 5..
Total end-to-end search time: 6722665 ns
Total end-to-end search time: 6637747 ns
Total end-to-end search time: 5956278 ns
Total end-to-end search time: 5664449 ns
Total end-to-end search time: 6067683 ns
Total end-to-end search time: 5768865 ns
Total end-to-end search time: 4901121 ns
Total end-to-end search time: 4898133 ns
Total end-to-end search time: 4329107 ns
Total end-to-end search time: 5606438 ns
Total end-to-end search time: 5206456 ns
Total end-to-end search time: 4437742 ns
Total end-to-end search time: 5170411 ns
Total end-to-end search time: 4320252 ns
Total end-to-end search time: 4941769 ns
Total end-to-end search time: 5635415 ns
Total end-to-end search time: 5774931 ns
Query: 8, nThreads: 8, warmup: 16
====================================================================================================
(ns)
Load index... Graph level 5..
Total end-to-end search time: 6723407 ns
Total end-to-end search time: 6611021 ns
Total end-to-end search time: 5921571 ns
Total end-to-end search time: 5632170 ns
Total end-to-end search time: 6036469 ns
Total end-to-end search time: 5714494 ns
Total end-to-end search time: 4832357 ns
Total end-to-end search time: 4821398 ns
Total end-to-end search time: 4302915 ns
Total end-to-end search time: 5530276 ns
Total end-to-end search time: 5129746 ns
Total end-to-end search time: 4405291 ns
Total end-to-end search time: 5112687 ns
Total end-to-end search time: 4312451 ns
Total end-to-end search time: 4927076 ns
Total end-to-end search time: 5627013 ns
Total end-to-end search time: 5727876 ns
Query: 8, nThreads: 8, warmup: 16
====================================================================================================
(ns)
Load index... Graph level 5..
Total end-to-end search time: 6862710 ns
Total end-to-end search time: 6810497 ns
Total end-to-end search time: 6087314 ns
Total end-to-end search time: 5792913 ns
Total end-to-end search time: 6183197 ns
Total end-to-end search time: 5851758 ns
Total end-to-end search time: 4943465 ns
Total end-to-end search time: 4982363 ns
Total end-to-end search time: 4407476 ns
Total end-to-end search time: 5707939 ns
Total end-to-end search time: 5285332 ns
Total end-to-end search time: 4503333 ns
Total end-to-end search time: 5208356 ns
Total end-to-end search time: 4400097 ns
Total end-to-end search time: 5039243 ns
Total end-to-end search time: 5713510 ns
Total end-to-end search time: 5840200 ns
Query: 8, nThreads: 8, warmup: 16
====================================================================================================
(ns)
Load index... Graph level 5..
Total end-to-end search time: 6740604 ns
Total end-to-end search time: 6659049 ns
Total end-to-end search time: 5979230 ns
Total end-to-end search time: 5716055 ns
Total end-to-end search time: 6090977 ns
Total end-to-end search time: 5776384 ns
Total end-to-end search time: 4916566 ns
Total end-to-end search time: 4888098 ns
Total end-to-end search time: 4351485 ns
Total end-to-end search time: 5636151 ns
Total end-to-end search time: 5240743 ns
Total end-to-end search time: 4447252 ns
Total end-to-end search time: 5159739 ns
Total end-to-end search time: 4371048 ns
Total end-to-end search time: 4978105 ns
Total end-to-end search time: 5628021 ns
Total end-to-end search time: 5775132 ns
Query: 8, nThreads: 8, warmup: 16
====================================================================================================
(ns)
Load index... Graph level 5..
Total end-to-end search time: 6814608 ns
Total end-to-end search time: 6681371 ns
Total end-to-end search time: 5987871 ns
Total end-to-end search time: 5697910 ns
Total end-to-end search time: 6044751 ns
Total end-to-end search time: 5739869 ns
Total end-to-end search time: 4830788 ns
Total end-to-end search time: 4848107 ns
Total end-to-end search time: 4305726 ns
Total end-to-end search time: 5560478 ns
Total end-to-end search time: 5166514 ns
Total end-to-end search time: 4425725 ns
Total end-to-end search time: 5297135 ns
Total end-to-end search time: 4327457 ns
Total end-to-end search time: 4924688 ns
Total end-to-end search time: 5638013 ns
Total end-to-end search time: 5768303 ns
Query: 8, nThreads: 8, warmup: 16
====================================================================================================
(ns)
Load index... Graph level 5..
Total end-to-end search time: 6730388 ns
Total end-to-end search time: 6677005 ns
Total end-to-end search time: 5982152 ns
Total end-to-end search time: 5703292 ns
Total end-to-end search time: 6086550 ns
Total end-to-end search time: 5784618 ns
Total end-to-end search time: 4859395 ns
Total end-to-end search time: 4864640 ns
Total end-to-end search time: 4316612 ns
Total end-to-end search time: 5570789 ns
Total end-to-end search time: 5160981 ns
Total end-to-end search time: 4439941 ns
Total end-to-end search time: 5171334 ns
Total end-to-end search time: 4368763 ns
Total end-to-end search time: 4989866 ns
Total end-to-end search time: 5682091 ns
Total end-to-end search time: 5795852 ns
Query: 8, nThreads: 8, warmup: 16
====================================================================================================
(ns)
Load index... Graph level 5..
Total end-to-end search time: 6855342 ns
Total end-to-end search time: 6705559 ns
Total end-to-end search time: 6046979 ns
Total end-to-end search time: 5762017 ns
Total end-to-end search time: 6133850 ns
Total end-to-end search time: 5821337 ns
Total end-to-end search time: 4926617 ns
Total end-to-end search time: 4901753 ns
Total end-to-end search time: 4334125 ns
Total end-to-end search time: 5620465 ns
Total end-to-end search time: 5211953 ns
Total end-to-end search time: 4464919 ns
Total end-to-end search time: 5164239 ns
Total end-to-end search time: 4359282 ns
Total end-to-end search time: 4988692 ns
Total end-to-end search time: 5698141 ns
Total end-to-end search time: 5817567 ns
Query: 8, nThreads: 8, warmup: 16
====================================================================================================
(ns)
Load index... Graph level 5..
Total end-to-end search time: 6944272 ns
Total end-to-end search time: 6751253 ns
Total end-to-end search time: 6056960 ns
Total end-to-end search time: 5755941 ns
Total end-to-end search time: 6165368 ns
Total end-to-end search time: 5854036 ns
Total end-to-end search time: 4940411 ns
Total end-to-end search time: 4933849 ns
Total end-to-end search time: 4376356 ns
Total end-to-end search time: 5683018 ns
Total end-to-end search time: 5289754 ns
Total end-to-end search time: 4532922 ns
Total end-to-end search time: 5244657 ns
Total end-to-end search time: 4425446 ns
Total end-to-end search time: 5068190 ns
Total end-to-end search time: 5770708 ns
Total end-to-end search time: 5894020 ns
Query: 8, nThreads: 8, warmup: 16
====================================================================================================
(ns)
Load index... Graph level 5..
Total end-to-end search time: 6772318 ns
Total end-to-end search time: 6602566 ns
Total end-to-end search time: 5922877 ns
Total end-to-end search time: 5640218 ns
Total end-to-end search time: 6030189 ns
Total end-to-end search time: 5732006 ns
Total end-to-end search time: 4842100 ns
Total end-to-end search time: 4837785 ns
Total end-to-end search time: 4271693 ns
Total end-to-end search time: 5525908 ns
Total end-to-end search time: 5136763 ns
Total end-to-end search time: 4409844 ns
Total end-to-end search time: 5079991 ns
Total end-to-end search time: 4293211 ns
Total end-to-end search time: 4898939 ns
Total end-to-end search time: 5579508 ns
Total end-to-end search time: 5702748 ns
Query: 8, nThreads: 8, warmup: 16
====================================================================================================
(ns)
Load index... Graph level 5..
Total end-to-end search time: 6791616 ns
Total end-to-end search time: 6683548 ns
Total end-to-end search time: 5965817 ns
Total end-to-end search time: 5691033 ns
Total end-to-end search time: 6116775 ns
Total end-to-end search time: 5771266 ns
Total end-to-end search time: 4866397 ns
Total end-to-end search time: 4866565 ns
Total end-to-end search time: 4295079 ns
Total end-to-end search time: 5552505 ns
Total end-to-end search time: 5178007 ns
Total end-to-end search time: 4439049 ns
Total end-to-end search time: 5185316 ns
Total end-to-end search time: 4358325 ns
Total end-to-end search time: 4979030 ns
Total end-to-end search time: 5706084 ns
Total end-to-end search time: 5780595 ns
Query: 8, nThreads: 8, warmup: 16
====================================================================================================
(ns)
Load index... Graph level 5..
Total end-to-end search time: 6914975 ns
Total end-to-end search time: 6798363 ns
Total end-to-end search time: 6075167 ns
Total end-to-end search time: 5777303 ns
Total end-to-end search time: 6203215 ns
Total end-to-end search time: 5877366 ns
Total end-to-end search time: 4969022 ns
Total end-to-end search time: 4957464 ns
Total end-to-end search time: 4354945 ns
Total end-to-end search time: 5696199 ns
Total end-to-end search time: 5268603 ns
Total end-to-end search time: 4539158 ns
Total end-to-end search time: 5227065 ns
Total end-to-end search time: 4418864 ns
Total end-to-end search time: 5048031 ns
Total end-to-end search time: 5720988 ns
Total end-to-end search time: 5877694 ns
Query: 8, nThreads: 8, warmup: 16
====================================================================================================
(ns)
Load index... Graph level 5..
Total end-to-end search time: 6753157 ns
Total end-to-end search time: 6622168 ns
Total end-to-end search time: 5928255 ns
Total end-to-end search time: 5669540 ns
Total end-to-end search time: 6057608 ns
Total end-to-end search time: 5793859 ns
Total end-to-end search time: 4868878 ns
Total end-to-end search time: 4848157 ns
Total end-to-end search time: 4292974 ns
Total end-to-end search time: 5562717 ns
Total end-to-end search time: 5182511 ns
Total end-to-end search time: 4400656 ns
Total end-to-end search time: 5105292 ns
Total end-to-end search time: 4317976 ns
Total end-to-end search time: 4952749 ns
Total end-to-end search time: 5640080 ns
Total end-to-end search time: 5726450 ns
