Query: 128, nThreads: 16, warmup: 8
====================================================================================================
(ns)
Load index... Graph level 5..
Total end-to-end search time: 8441132 ns
Total end-to-end search time: 7404288 ns
Total end-to-end search time: 6986732 ns
Total end-to-end search time: 6630549 ns
Total end-to-end search time: 6043437 ns
Total end-to-end search time: 5872412 ns
Total end-to-end search time: 6327433 ns
Total end-to-end search time: 6845455 ns
Total end-to-end search time: 6578474 ns
Query: 128, nThreads: 16, warmup: 8
====================================================================================================
(ns)
Load index... Graph level 5..
Total end-to-end search time: 7120283 ns
Total end-to-end search time: 6776633 ns
Total end-to-end search time: 7062732 ns
Total end-to-end search time: 6635728 ns
Total end-to-end search time: 6030175 ns
Total end-to-end search time: 5834580 ns
Total end-to-end search time: 6341956 ns
Total end-to-end search time: 6844058 ns
Total end-to-end search time: 6601044 ns
Query: 128, nThreads: 16, warmup: 8
====================================================================================================
(ns)
Load index... Graph level 5..
Total end-to-end search time: 8781706 ns
Total end-to-end search time: 8528543 ns
Total end-to-end search time: 7060630 ns
Total end-to-end search time: 6633528 ns
Total end-to-end search time: 6034134 ns
Total end-to-end search time: 5854137 ns
Total end-to-end search time: 6360468 ns
Total end-to-end search time: 6838554 ns
Total end-to-end search time: 6581211 ns
Query: 128, nThreads: 16, warmup: 8
====================================================================================================
(ns)
Load index... Graph level 5..
Total end-to-end search time: 7127785 ns
Total end-to-end search time: 6801711 ns
Total end-to-end search time: 7082250 ns
Total end-to-end search time: 6634184 ns
Total end-to-end search time: 6012679 ns
Total end-to-end search time: 5872207 ns
Total end-to-end search time: 6328712 ns
Total end-to-end search time: 6831967 ns
Total end-to-end search time: 6564501 ns
Query: 128, nThreads: 16, warmup: 8
====================================================================================================
(ns)
Load index... Graph level 5..
Total end-to-end search time: 7527255 ns
Total end-to-end search time: 7349956 ns
Total end-to-end search time: 7058020 ns
Total end-to-end search time: 6658469 ns
Total end-to-end search time: 6078001 ns
Total end-to-end search time: 5903685 ns
Total end-to-end search time: 6345844 ns
Total end-to-end search time: 6817928 ns
Total end-to-end search time: 6573068 ns
Query: 128, nThreads: 16, warmup: 8
====================================================================================================
(ns)
Load index... Graph level 5..
Total end-to-end search time: 8645541 ns
Total end-to-end search time: 7150978 ns
Total end-to-end search time: 7011118 ns
Total end-to-end search time: 6647319 ns
Total end-to-end search time: 6038857 ns
Total end-to-end search time: 5882270 ns
Total end-to-end search time: 6332673 ns
Total end-to-end search time: 6851944 ns
Total end-to-end search time: 6666491 ns
Query: 128, nThreads: 16, warmup: 8
====================================================================================================
(ns)
Load index... Graph level 5..
Total end-to-end search time: 8311034 ns
Total end-to-end search time: 7455416 ns
Total end-to-end search time: 7059163 ns
Total end-to-end search time: 6645581 ns
Total end-to-end search time: 6022722 ns
Total end-to-end search time: 5891060 ns
Total end-to-end search time: 6357806 ns
Total end-to-end search time: 6798382 ns
Total end-to-end search time: 6615798 ns
Query: 128, nThreads: 16, warmup: 8
====================================================================================================
(ns)
Load index... Graph level 5..
Total end-to-end search time: 9048011 ns
Total end-to-end search time: 7280197 ns
Total end-to-end search time: 7042359 ns
Total end-to-end search time: 6617754 ns
Total end-to-end search time: 6031132 ns
Total end-to-end search time: 5898841 ns
Total end-to-end search time: 6336248 ns
Total end-to-end search time: 6818856 ns
Total end-to-end search time: 6603226 ns
Query: 128, nThreads: 16, warmup: 8
====================================================================================================
(ns)
Load index... Graph level 5..
Total end-to-end search time: 7120960 ns
Total end-to-end search time: 6757397 ns
Total end-to-end search time: 7109978 ns
Total end-to-end search time: 6650064 ns
Total end-to-end search time: 6009674 ns
Total end-to-end search time: 5874376 ns
Total end-to-end search time: 6346313 ns
Total end-to-end search time: 6806732 ns
Total end-to-end search time: 6518104 ns
Query: 128, nThreads: 16, warmup: 8
====================================================================================================
(ns)
Load index... Graph level 5..
Total end-to-end search time: 7497437 ns
Total end-to-end search time: 7895659 ns
Total end-to-end search time: 7064729 ns
Total end-to-end search time: 6630389 ns
Total end-to-end search time: 6046042 ns
Total end-to-end search time: 5844840 ns
Total end-to-end search time: 6328595 ns
Total end-to-end search time: 6837581 ns
Total end-to-end search time: 6547724 ns
Query: 128, nThreads: 16, warmup: 8
====================================================================================================
(ns)
Load index... Graph level 5..
Total end-to-end search time: 7098497 ns
Total end-to-end search time: 6749354 ns
Total end-to-end search time: 7068066 ns
Total end-to-end search time: 6574938 ns
Total end-to-end search time: 6033368 ns
Total end-to-end search time: 5908348 ns
Total end-to-end search time: 6305272 ns
Total end-to-end search time: 6819782 ns
Total end-to-end search time: 6523042 ns
Query: 128, nThreads: 16, warmup: 8
====================================================================================================
(ns)
Load index... Graph level 5..
Total end-to-end search time: 7377011 ns
Total end-to-end search time: 6752953 ns
Total end-to-end search time: 7091710 ns
Total end-to-end search time: 6603619 ns
Total end-to-end search time: 6030378 ns
Total end-to-end search time: 5880858 ns
Total end-to-end search time: 6431400 ns
Total end-to-end search time: 7105249 ns
Total end-to-end search time: 6651017 ns
Query: 128, nThreads: 16, warmup: 8
====================================================================================================
(ns)
Load index... Graph level 5..
Total end-to-end search time: 9145537 ns
Total end-to-end search time: 7467449 ns
Total end-to-end search time: 7123923 ns
Total end-to-end search time: 6652779 ns
Total end-to-end search time: 6057150 ns
Total end-to-end search time: 5876643 ns
Total end-to-end search time: 6294411 ns
Total end-to-end search time: 6863034 ns
Total end-to-end search time: 6579782 ns
Query: 128, nThreads: 16, warmup: 8
====================================================================================================
(ns)
Load index... Graph level 5..
Total end-to-end search time: 7963701 ns
Total end-to-end search time: 8322837 ns
Total end-to-end search time: 7052566 ns
Total end-to-end search time: 6685917 ns
Total end-to-end search time: 6051937 ns
Total end-to-end search time: 5863606 ns
Total end-to-end search time: 6357902 ns
Total end-to-end search time: 6840243 ns
Total end-to-end search time: 6657075 ns
Query: 128, nThreads: 16, warmup: 8
====================================================================================================
(ns)
Load index... Graph level 5..
Total end-to-end search time: 7373247 ns
Total end-to-end search time: 6822038 ns
Total end-to-end search time: 7125572 ns
Total end-to-end search time: 6588562 ns
Total end-to-end search time: 6043840 ns
Total end-to-end search time: 5831280 ns
Total end-to-end search time: 6311523 ns
Total end-to-end search time: 6881606 ns
Total end-to-end search time: 6609338 ns
Query: 128, nThreads: 16, warmup: 8
====================================================================================================
(ns)
Load index... Graph level 5..
Total end-to-end search time: 7250520 ns
Total end-to-end search time: 6845543 ns
Total end-to-end search time: 7287106 ns
Total end-to-end search time: 6686312 ns
Total end-to-end search time: 6099170 ns
Total end-to-end search time: 5860769 ns
Total end-to-end search time: 6382530 ns
Total end-to-end search time: 6814080 ns
Total end-to-end search time: 6611622 ns
Query: 128, nThreads: 16, warmup: 8
====================================================================================================
(ns)
Load index... Graph level 5..
Total end-to-end search time: 8117693 ns
Total end-to-end search time: 6774519 ns
Total end-to-end search time: 7098662 ns
Total end-to-end search time: 6556681 ns
Total end-to-end search time: 6045138 ns
Total end-to-end search time: 5848201 ns
Total end-to-end search time: 6307017 ns
Total end-to-end search time: 6839860 ns
Total end-to-end search time: 6542685 ns
Query: 128, nThreads: 16, warmup: 8
====================================================================================================
(ns)
Load index... Graph level 5..
Total end-to-end search time: 7117844 ns
Total end-to-end search time: 7133188 ns
Total end-to-end search time: 7032654 ns
Total end-to-end search time: 6581811 ns
Total end-to-end search time: 6051851 ns
Total end-to-end search time: 5883998 ns
Total end-to-end search time: 6314147 ns
Total end-to-end search time: 6858926 ns
Total end-to-end search time: 6553329 ns
Query: 128, nThreads: 16, warmup: 8
====================================================================================================
(ns)
Load index... Graph level 5..
Total end-to-end search time: 7336948 ns
Total end-to-end search time: 6842985 ns
Total end-to-end search time: 7054365 ns
Total end-to-end search time: 6640394 ns
Total end-to-end search time: 6037303 ns
Total end-to-end search time: 5867010 ns
Total end-to-end search time: 6321391 ns
Total end-to-end search time: 6791870 ns
Total end-to-end search time: 6921109 ns
Query: 128, nThreads: 16, warmup: 8
====================================================================================================
(ns)
Load index... Graph level 5..
Total end-to-end search time: 8028550 ns
Total end-to-end search time: 7167827 ns
Total end-to-end search time: 7083691 ns
Total end-to-end search time: 6600909 ns
Total end-to-end search time: 6035151 ns
Total end-to-end search time: 5869947 ns
Total end-to-end search time: 6318379 ns
Total end-to-end search time: 6779022 ns
Total end-to-end search time: 6570139 ns
Query: 128, nThreads: 16, warmup: 8
====================================================================================================
(ns)
Load index... Graph level 5..
Total end-to-end search time: 8107677 ns
Total end-to-end search time: 7097894 ns
Total end-to-end search time: 7060408 ns
Total end-to-end search time: 6617323 ns
Total end-to-end search time: 6034797 ns
Total end-to-end search time: 5837353 ns
Total end-to-end search time: 6330190 ns
Total end-to-end search time: 6853739 ns
Total end-to-end search time: 6562622 ns
Query: 128, nThreads: 16, warmup: 8
====================================================================================================
(ns)
Load index... Graph level 5..
Total end-to-end search time: 7132476 ns
Total end-to-end search time: 6770560 ns
Total end-to-end search time: 7060481 ns
Total end-to-end search time: 6642337 ns
Total end-to-end search time: 6046271 ns
Total end-to-end search time: 5840658 ns
Total end-to-end search time: 6350899 ns
Total end-to-end search time: 6830282 ns
Total end-to-end search time: 6568659 ns
Query: 128, nThreads: 16, warmup: 8
====================================================================================================
(ns)
Load index... Graph level 5..
Total end-to-end search time: 7718037 ns
Total end-to-end search time: 7221376 ns
Total end-to-end search time: 7097879 ns
Total end-to-end search time: 6599408 ns
Total end-to-end search time: 6039430 ns
Total end-to-end search time: 5858416 ns
Total end-to-end search time: 6382377 ns
Total end-to-end search time: 6830058 ns
Total end-to-end search time: 6602913 ns
Query: 128, nThreads: 16, warmup: 8
====================================================================================================
(ns)
Load index... Graph level 5..
Total end-to-end search time: 7028398 ns
Total end-to-end search time: 6713479 ns
Total end-to-end search time: 7034129 ns
Total end-to-end search time: 6602262 ns
Total end-to-end search time: 6005769 ns
Total end-to-end search time: 5831004 ns
Total end-to-end search time: 6301401 ns
Total end-to-end search time: 6829146 ns
Total end-to-end search time: 6529407 ns
Query: 128, nThreads: 16, warmup: 8
====================================================================================================
(ns)
Load index... Graph level 5..
Total end-to-end search time: 7182406 ns
Total end-to-end search time: 6712751 ns
Total end-to-end search time: 7041823 ns
Total end-to-end search time: 6586011 ns
Total end-to-end search time: 6031381 ns
Total end-to-end search time: 5872974 ns
Total end-to-end search time: 6310999 ns
Total end-to-end search time: 6789380 ns
Total end-to-end search time: 6569049 ns
Query: 128, nThreads: 16, warmup: 8
====================================================================================================
(ns)
Load index... Graph level 5..
Total end-to-end search time: 7277890 ns
Total end-to-end search time: 6848137 ns
Total end-to-end search time: 7024761 ns
Total end-to-end search time: 7330253 ns
Total end-to-end search time: 6045933 ns
Total end-to-end search time: 5864488 ns
Total end-to-end search time: 6355979 ns
Total end-to-end search time: 6814566 ns
Total end-to-end search time: 6592209 ns
Query: 128, nThreads: 16, warmup: 8
====================================================================================================
(ns)
Load index... Graph level 5..
Total end-to-end search time: 7683540 ns
Total end-to-end search time: 7775908 ns
Total end-to-end search time: 7106048 ns
Total end-to-end search time: 6663793 ns
Total end-to-end search time: 6062712 ns
Total end-to-end search time: 5823206 ns
Total end-to-end search time: 6318532 ns
Total end-to-end search time: 6856869 ns
Total end-to-end search time: 6579059 ns
Query: 128, nThreads: 16, warmup: 8
====================================================================================================
(ns)
Load index... Graph level 5..
Total end-to-end search time: 8129356 ns
Total end-to-end search time: 8039008 ns
Total end-to-end search time: 7054865 ns
Total end-to-end search time: 6645799 ns
Total end-to-end search time: 6064164 ns
Total end-to-end search time: 5861937 ns
Total end-to-end search time: 6369024 ns
Total end-to-end search time: 6812414 ns
Total end-to-end search time: 6592980 ns
Query: 128, nThreads: 16, warmup: 8
====================================================================================================
(ns)
Load index... Graph level 5..
Total end-to-end search time: 7119559 ns
Total end-to-end search time: 6705812 ns
Total end-to-end search time: 7090228 ns
Total end-to-end search time: 6619062 ns
Total end-to-end search time: 6054982 ns
Total end-to-end search time: 5879192 ns
Total end-to-end search time: 6311796 ns
Total end-to-end search time: 6776834 ns
Total end-to-end search time: 6569535 ns
Query: 128, nThreads: 16, warmup: 8
====================================================================================================
(ns)
Load index... Graph level 5..
Total end-to-end search time: 8445784 ns
Total end-to-end search time: 8529011 ns
Total end-to-end search time: 7157908 ns
Total end-to-end search time: 6647108 ns
Total end-to-end search time: 6064818 ns
Total end-to-end search time: 5842554 ns
Total end-to-end search time: 6357159 ns
Total end-to-end search time: 6829791 ns
Total end-to-end search time: 6598488 ns
