Query: 128, nThreads: 4, warmup: 8
====================================================================================================
(ns)
Load index... Graph level 5..
Total end-to-end search time: 23044620 ns
Total end-to-end search time: 24644107 ns
Total end-to-end search time: 25950226 ns
Total end-to-end search time: 24487645 ns
Total end-to-end search time: 21816923 ns
Total end-to-end search time: 21016260 ns
Total end-to-end search time: 22819979 ns
Total end-to-end search time: 24233377 ns
Total end-to-end search time: 23322073 ns
Query: 128, nThreads: 4, warmup: 8
====================================================================================================
(ns)
Load index... Graph level 5..
Total end-to-end search time: 23790860 ns
Total end-to-end search time: 24758375 ns
Total end-to-end search time: 26511442 ns
Total end-to-end search time: 24610527 ns
Total end-to-end search time: 21841520 ns
Total end-to-end search time: 21019950 ns
Total end-to-end search time: 23181797 ns
Total end-to-end search time: 24387691 ns
Total end-to-end search time: 23618471 ns
Query: 128, nThreads: 4, warmup: 8
====================================================================================================
(ns)
Load index... Graph level 5..
Total end-to-end search time: 22686802 ns
Total end-to-end search time: 24068903 ns
Total end-to-end search time: 25981528 ns
Total end-to-end search time: 24436519 ns
Total end-to-end search time: 21531547 ns
Total end-to-end search time: 20652932 ns
Total end-to-end search time: 23066481 ns
Total end-to-end search time: 24477225 ns
Total end-to-end search time: 23324900 ns
Query: 128, nThreads: 4, warmup: 8
====================================================================================================
(ns)
Load index... Graph level 5..
Total end-to-end search time: 22962258 ns
Total end-to-end search time: 24418441 ns
Total end-to-end search time: 26205124 ns
Total end-to-end search time: 24129433 ns
Total end-to-end search time: 21640899 ns
Total end-to-end search time: 21116691 ns
Total end-to-end search time: 22580319 ns
Total end-to-end search time: 24375406 ns
Total end-to-end search time: 23437447 ns
Query: 128, nThreads: 4, warmup: 8
====================================================================================================
(ns)
Load index... Graph level 5..
Total end-to-end search time: 22647131 ns
Total end-to-end search time: 24120448 ns
Total end-to-end search time: 26000128 ns
Total end-to-end search time: 24351982 ns
Total end-to-end search time: 21918622 ns
Total end-to-end search time: 21072535 ns
Total end-to-end search time: 23027094 ns
Total end-to-end search time: 24780616 ns
Total end-to-end search time: 23708085 ns
Query: 128, nThreads: 4, warmup: 8
====================================================================================================
(ns)
Load index... Graph level 5..
Total end-to-end search time: 22957912 ns
Total end-to-end search time: 25072830 ns
Total end-to-end search time: 26196932 ns
Total end-to-end search time: 24707957 ns
Total end-to-end search time: 21727700 ns
Total end-to-end search time: 20932737 ns
Total end-to-end search time: 22995248 ns
Total end-to-end search time: 24256909 ns
Total end-to-end search time: 23278681 ns
Query: 128, nThreads: 4, warmup: 8
====================================================================================================
(ns)
Load index... Graph level 5..
Total end-to-end search time: 22746107 ns
Total end-to-end search time: 24932884 ns
Total end-to-end search time: 25940048 ns
Total end-to-end search time: 24678036 ns
Total end-to-end search time: 21396410 ns
Total end-to-end search time: 20825478 ns
Total end-to-end search time: 22571867 ns
Total end-to-end search time: 24297878 ns
Total end-to-end search time: 23477727 ns
Query: 128, nThreads: 4, warmup: 8
====================================================================================================
(ns)
Load index... Graph level 5..
Total end-to-end search time: 22962739 ns
Total end-to-end search time: 24543259 ns
Total end-to-end search time: 26040385 ns
Total end-to-end search time: 24532832 ns
Total end-to-end search time: 21725830 ns
Total end-to-end search time: 20991419 ns
Total end-to-end search time: 23013857 ns
Total end-to-end search time: 24488346 ns
Total end-to-end search time: 23726862 ns
Query: 128, nThreads: 4, warmup: 8
====================================================================================================
(ns)
Load index... Graph level 5..
Total end-to-end search time: 23362520 ns
Total end-to-end search time: 24838355 ns
Total end-to-end search time: 26538778 ns
Total end-to-end search time: 24518232 ns
Total end-to-end search time: 21732233 ns
Total end-to-end search time: 20944267 ns
Total end-to-end search time: 22785713 ns
Total end-to-end search time: 24422203 ns
Total end-to-end search time: 23526289 ns
Query: 128, nThreads: 4, warmup: 8
====================================================================================================
(ns)
Load index... Graph level 5..
Total end-to-end search time: 23450662 ns
Total end-to-end search time: 24512523 ns
Total end-to-end search time: 26263300 ns
Total end-to-end search time: 24727436 ns
Total end-to-end search time: 21999960 ns
Total end-to-end search time: 20890488 ns
Total end-to-end search time: 22980054 ns
Total end-to-end search time: 24334561 ns
Total end-to-end search time: 23528825 ns
Query: 128, nThreads: 4, warmup: 8
====================================================================================================
(ns)
Load index... Graph level 5..
Total end-to-end search time: 23105769 ns
Total end-to-end search time: 24469407 ns
Total end-to-end search time: 26194163 ns
Total end-to-end search time: 24421612 ns
Total end-to-end search time: 21837058 ns
Total end-to-end search time: 20905490 ns
Total end-to-end search time: 23042498 ns
Total end-to-end search time: 24544137 ns
Total end-to-end search time: 23467423 ns
Query: 128, nThreads: 4, warmup: 8
====================================================================================================
(ns)
Load index... Graph level 5..
Total end-to-end search time: 22980431 ns
Total end-to-end search time: 24805140 ns
Total end-to-end search time: 26207614 ns
Total end-to-end search time: 24602747 ns
Total end-to-end search time: 21820953 ns
Total end-to-end search time: 21198501 ns
Total end-to-end search time: 23032847 ns
Total end-to-end search time: 24409717 ns
Total end-to-end search time: 23627843 ns
Query: 128, nThreads: 4, warmup: 8
====================================================================================================
(ns)
Load index... Graph level 5..
Total end-to-end search time: 23229325 ns
Total end-to-end search time: 24962590 ns
Total end-to-end search time: 26375440 ns
Total end-to-end search time: 24237318 ns
Total end-to-end search time: 21651717 ns
Total end-to-end search time: 21040673 ns
Total end-to-end search time: 22864936 ns
Total end-to-end search time: 24447650 ns
Total end-to-end search time: 23617673 ns
Query: 128, nThreads: 4, warmup: 8
====================================================================================================
(ns)
Load index... Graph level 5..
Total end-to-end search time: 22749336 ns
Total end-to-end search time: 24523518 ns
Total end-to-end search time: 26046037 ns
Total end-to-end search time: 24252309 ns
Total end-to-end search time: 21722781 ns
Total end-to-end search time: 20745712 ns
Total end-to-end search time: 23037331 ns
Total end-to-end search time: 24393574 ns
Total end-to-end search time: 23488614 ns
Query: 128, nThreads: 4, warmup: 8
====================================================================================================
(ns)
Load index... Graph level 5..
Total end-to-end search time: 23079877 ns
Total end-to-end search time: 24892360 ns
Total end-to-end search time: 26076470 ns
Total end-to-end search time: 24429318 ns
Total end-to-end search time: 21686640 ns
Total end-to-end search time: 21229694 ns
Total end-to-end search time: 22877775 ns
Total end-to-end search time: 24373636 ns
Total end-to-end search time: 23462715 ns
Query: 128, nThreads: 4, warmup: 8
====================================================================================================
(ns)
Load index... Graph level 5..
Total end-to-end search time: 23178256 ns
Total end-to-end search time: 24820610 ns
Total end-to-end search time: 26097936 ns
Total end-to-end search time: 24285944 ns
Total end-to-end search time: 21671234 ns
Total end-to-end search time: 20932250 ns
Total end-to-end search time: 23071973 ns
Total end-to-end search time: 24310894 ns
Total end-to-end search time: 23446348 ns
Query: 128, nThreads: 4, warmup: 8
====================================================================================================
(ns)
Load index... Graph level 5..
Total end-to-end search time: 23344104 ns
Total end-to-end search time: 24745347 ns
Total end-to-end search time: 25937558 ns
Total end-to-end search time: 24075179 ns
Total end-to-end search time: 21608647 ns
Total end-to-end search time: 20897528 ns
Total end-to-end search time: 22897084 ns
Total end-to-end search time: 24143431 ns
Total end-to-end search time: 23525984 ns
Query: 128, nThreads: 4, warmup: 8
====================================================================================================
(ns)
Load index... Graph level 5..
Total end-to-end search time: 23019620 ns
Total end-to-end search time: 24512980 ns
Total end-to-end search time: 26161765 ns
Total end-to-end search time: 24327527 ns
Total end-to-end search time: 21771704 ns
Total end-to-end search time: 20931387 ns
Total end-to-end search time: 22999502 ns
Total end-to-end search time: 24455662 ns
Total end-to-end search time: 23864691 ns
Query: 128, nThreads: 4, warmup: 8
====================================================================================================
(ns)
Load index... Graph level 5..
Total end-to-end search time: 23393275 ns
Total end-to-end search time: 24668494 ns
Total end-to-end search time: 26111544 ns
Total end-to-end search time: 24586832 ns
Total end-to-end search time: 21811167 ns
Total end-to-end search time: 20948501 ns
Total end-to-end search time: 22797087 ns
Total end-to-end search time: 24440881 ns
Total end-to-end search time: 23475035 ns
Query: 128, nThreads: 4, warmup: 8
====================================================================================================
(ns)
Load index... Graph level 5..
Total end-to-end search time: 23347157 ns
Total end-to-end search time: 24722316 ns
Total end-to-end search time: 26174241 ns
Total end-to-end search time: 24655809 ns
Total end-to-end search time: 21858698 ns
Total end-to-end search time: 21095637 ns
Total end-to-end search time: 22902713 ns
Total end-to-end search time: 24490378 ns
Total end-to-end search time: 23376999 ns
Query: 128, nThreads: 4, warmup: 8
====================================================================================================
(ns)
Load index... Graph level 5..
Total end-to-end search time: 22966523 ns
Total end-to-end search time: 24330380 ns
Total end-to-end search time: 26073471 ns
Total end-to-end search time: 24089741 ns
Total end-to-end search time: 21691552 ns
Total end-to-end search time: 20882180 ns
Total end-to-end search time: 22770402 ns
Total end-to-end search time: 24267075 ns
Total end-to-end search time: 23508947 ns
Query: 128, nThreads: 4, warmup: 8
====================================================================================================
(ns)
Load index... Graph level 5..
Total end-to-end search time: 23012269 ns
Total end-to-end search time: 24262003 ns
Total end-to-end search time: 25883114 ns
Total end-to-end search time: 24173808 ns
Total end-to-end search time: 21719638 ns
Total end-to-end search time: 21077563 ns
Total end-to-end search time: 23192363 ns
Total end-to-end search time: 24326101 ns
Total end-to-end search time: 23658267 ns
Query: 128, nThreads: 4, warmup: 8
====================================================================================================
(ns)
Load index... Graph level 5..
Total end-to-end search time: 23152865 ns
Total end-to-end search time: 24569200 ns
Total end-to-end search time: 26349434 ns
Total end-to-end search time: 24504218 ns
Total end-to-end search time: 21544449 ns
Total end-to-end search time: 20845378 ns
Total end-to-end search time: 23010526 ns
Total end-to-end search time: 24113425 ns
Total end-to-end search time: 23337365 ns
Query: 128, nThreads: 4, warmup: 8
====================================================================================================
(ns)
Load index... Graph level 5..
Total end-to-end search time: 23249517 ns
Total end-to-end search time: 24239426 ns
Total end-to-end search time: 25857395 ns
Total end-to-end search time: 24048854 ns
Total end-to-end search time: 21438764 ns
Total end-to-end search time: 20842866 ns
Total end-to-end search time: 22771174 ns
Total end-to-end search time: 24226436 ns
Total end-to-end search time: 23413600 ns
Query: 128, nThreads: 4, warmup: 8
====================================================================================================
(ns)
Load index... Graph level 5..
Total end-to-end search time: 22835992 ns
Total end-to-end search time: 24512003 ns
Total end-to-end search time: 26117244 ns
Total end-to-end search time: 24591435 ns
Total end-to-end search time: 21541092 ns
Total end-to-end search time: 20890092 ns
Total end-to-end search time: 22991111 ns
Total end-to-end search time: 24334119 ns
Total end-to-end search time: 23356516 ns
Query: 128, nThreads: 4, warmup: 8
====================================================================================================
(ns)
Load index... Graph level 5..
Total end-to-end search time: 22821364 ns
Total end-to-end search time: 24587485 ns
Total end-to-end search time: 26349414 ns
Total end-to-end search time: 24118429 ns
Total end-to-end search time: 21462204 ns
Total end-to-end search time: 21488336 ns
Total end-to-end search time: 22632657 ns
Total end-to-end search time: 24158354 ns
Total end-to-end search time: 23554829 ns
Query: 128, nThreads: 4, warmup: 8
====================================================================================================
(ns)
Load index... Graph level 5..
Total end-to-end search time: 22896948 ns
Total end-to-end search time: 24467633 ns
Total end-to-end search time: 26168449 ns
Total end-to-end search time: 24289139 ns
Total end-to-end search time: 21703591 ns
Total end-to-end search time: 21086531 ns
Total end-to-end search time: 22896011 ns
Total end-to-end search time: 24539089 ns
Total end-to-end search time: 23630785 ns
Query: 128, nThreads: 4, warmup: 8
====================================================================================================
(ns)
Load index... Graph level 5..
Total end-to-end search time: 22752300 ns
Total end-to-end search time: 24394352 ns
Total end-to-end search time: 25818333 ns
Total end-to-end search time: 24166332 ns
Total end-to-end search time: 21594654 ns
Total end-to-end search time: 20663411 ns
Total end-to-end search time: 22708999 ns
Total end-to-end search time: 24267269 ns
Total end-to-end search time: 23426382 ns
Query: 128, nThreads: 4, warmup: 8
====================================================================================================
(ns)
Load index... Graph level 5..
Total end-to-end search time: 22841668 ns
Total end-to-end search time: 24834915 ns
Total end-to-end search time: 25793754 ns
Total end-to-end search time: 24516758 ns
Total end-to-end search time: 21461552 ns
Total end-to-end search time: 21309105 ns
Total end-to-end search time: 22735736 ns
Total end-to-end search time: 24096572 ns
Total end-to-end search time: 23930164 ns
Query: 128, nThreads: 4, warmup: 8
====================================================================================================
(ns)
Load index... Graph level 5..
Total end-to-end search time: 23009937 ns
Total end-to-end search time: 24702806 ns
Total end-to-end search time: 25842615 ns
Total end-to-end search time: 24585238 ns
Total end-to-end search time: 21590010 ns
Total end-to-end search time: 21275915 ns
Total end-to-end search time: 22892871 ns
Total end-to-end search time: 24030702 ns
Total end-to-end search time: 23161102 ns
