Query: 16, nThreads: 1, warmup: 16
====================================================================================================
(ns)
Load index... Graph level 5..
Total end-to-end search time: 13410543 ns
Total end-to-end search time: 11678776 ns
Total end-to-end search time: 11748938 ns
Total end-to-end search time: 9675016 ns
Total end-to-end search time: 9831861 ns
Total end-to-end search time: 9533251 ns
Total end-to-end search time: 9461497 ns
Total end-to-end search time: 10540961 ns
Total end-to-end search time: 11596729 ns
Total end-to-end search time: 11449466 ns
Total end-to-end search time: 12069406 ns
Total end-to-end search time: 11201891 ns
Total end-to-end search time: 11644890 ns
Total end-to-end search time: 11807873 ns
Total end-to-end search time: 11627453 ns
Total end-to-end search time: 12900531 ns
Total end-to-end search time: 11691227 ns
Query: 16, nThreads: 1, warmup: 16
====================================================================================================
(ns)
Load index... Graph level 5..
Total end-to-end search time: 13373628 ns
Total end-to-end search time: 11584928 ns
Total end-to-end search time: 11827752 ns
Total end-to-end search time: 9678688 ns
Total end-to-end search time: 9821661 ns
Total end-to-end search time: 9568641 ns
Total end-to-end search time: 9410529 ns
Total end-to-end search time: 10596991 ns
Total end-to-end search time: 11556119 ns
Total end-to-end search time: 11395935 ns
Total end-to-end search time: 12008897 ns
Total end-to-end search time: 11132134 ns
Total end-to-end search time: 11658355 ns
Total end-to-end search time: 11928112 ns
Total end-to-end search time: 11714399 ns
Total end-to-end search time: 12955750 ns
Total end-to-end search time: 11706992 ns
Query: 16, nThreads: 1, warmup: 16
====================================================================================================
(ns)
Load index... Graph level 5..
Total end-to-end search time: 13497463 ns
Total end-to-end search time: 11976719 ns
Total end-to-end search time: 11956403 ns
Total end-to-end search time: 9841438 ns
Total end-to-end search time: 9941762 ns
Total end-to-end search time: 9671695 ns
Total end-to-end search time: 9549922 ns
Total end-to-end search time: 10633268 ns
Total end-to-end search time: 11697616 ns
Total end-to-end search time: 11551486 ns
Total end-to-end search time: 12174048 ns
Total end-to-end search time: 11243072 ns
Total end-to-end search time: 11766263 ns
Total end-to-end search time: 12005637 ns
Total end-to-end search time: 11771993 ns
Total end-to-end search time: 13058112 ns
Total end-to-end search time: 11844041 ns
Query: 16, nThreads: 1, warmup: 16
====================================================================================================
(ns)
Load index... Graph level 5..
Total end-to-end search time: 13314536 ns
Total end-to-end search time: 11619383 ns
Total end-to-end search time: 11777053 ns
Total end-to-end search time: 9695878 ns
Total end-to-end search time: 9810767 ns
Total end-to-end search time: 9557123 ns
Total end-to-end search time: 9401391 ns
Total end-to-end search time: 10531927 ns
Total end-to-end search time: 11630715 ns
Total end-to-end search time: 11601815 ns
Total end-to-end search time: 12301455 ns
Total end-to-end search time: 11398186 ns
Total end-to-end search time: 11737927 ns
Total end-to-end search time: 12033471 ns
Total end-to-end search time: 11878885 ns
Total end-to-end search time: 13205877 ns
Total end-to-end search time: 11987633 ns
Query: 16, nThreads: 1, warmup: 16
====================================================================================================
(ns)
Load index... Graph level 5..
Total end-to-end search time: 13309651 ns
Total end-to-end search time: 11743461 ns
Total end-to-end search time: 11917288 ns
Total end-to-end search time: 9774735 ns
Total end-to-end search time: 9886513 ns
Total end-to-end search time: 9605343 ns
Total end-to-end search time: 9473026 ns
Total end-to-end search time: 10681727 ns
Total end-to-end search time: 11670803 ns
Total end-to-end search time: 11516365 ns
Total end-to-end search time: 12164416 ns
Total end-to-end search time: 11231966 ns
Total end-to-end search time: 11703940 ns
Total end-to-end search time: 12015698 ns
Total end-to-end search time: 11835352 ns
Total end-to-end search time: 13112775 ns
Total end-to-end search time: 11852851 ns
Query: 16, nThreads: 1, warmup: 16
====================================================================================================
(ns)
Load index... Graph level 5..
Total end-to-end search time: 13543949 ns
Total end-to-end search time: 11763153 ns
Total end-to-end search time: 11943035 ns
Total end-to-end search time: 9852190 ns
Total end-to-end search time: 9964194 ns
Total end-to-end search time: 9699208 ns
Total end-to-end search time: 9479214 ns
Total end-to-end search time: 10630518 ns
Total end-to-end search time: 11644967 ns
Total end-to-end search time: 11458665 ns
Total end-to-end search time: 12136190 ns
Total end-to-end search time: 11248954 ns
Total end-to-end search time: 11722450 ns
Total end-to-end search time: 12061814 ns
Total end-to-end search time: 11840951 ns
Total end-to-end search time: 13143564 ns
Total end-to-end search time: 11838318 ns
Query: 16, nThreads: 1, warmup: 16
====================================================================================================
(ns)
Load index... Graph level 5..
Total end-to-end search time: 13554224 ns
Total end-to-end search time: 11765863 ns
Total end-to-end search time: 11863938 ns
Total end-to-end search time: 9748581 ns
Total end-to-end search time: 9861278 ns
Total end-to-end search time: 9605810 ns
Total end-to-end search time: 9484509 ns
Total end-to-end search time: 10640952 ns
Total end-to-end search time: 11642743 ns
Total end-to-end search time: 11497139 ns
Total end-to-end search time: 12142930 ns
Total end-to-end search time: 11245550 ns
Total end-to-end search time: 11746765 ns
Total end-to-end search time: 11987860 ns
Total end-to-end search time: 11744305 ns
Total end-to-end search time: 12986538 ns
Total end-to-end search time: 11768828 ns
Query: 16, nThreads: 1, warmup: 16
====================================================================================================
(ns)
Load index... Graph level 5..
Total end-to-end search time: 13304983 ns
Total end-to-end search time: 11604358 ns
Total end-to-end search time: 11768251 ns
Total end-to-end search time: 9728298 ns
Total end-to-end search time: 9884523 ns
Total end-to-end search time: 9561102 ns
Total end-to-end search time: 9449057 ns
Total end-to-end search time: 10563042 ns
Total end-to-end search time: 11609209 ns
Total end-to-end search time: 11387830 ns
Total end-to-end search time: 12062814 ns
Total end-to-end search time: 11138015 ns
Total end-to-end search time: 11539244 ns
Total end-to-end search time: 11787520 ns
Total end-to-end search time: 11705895 ns
Total end-to-end search time: 12941974 ns
Total end-to-end search time: 11706577 ns
Query: 16, nThreads: 1, warmup: 16
====================================================================================================
(ns)
Load index... Graph level 5..
Total end-to-end search time: 13199487 ns
Total end-to-end search time: 11528370 ns
Total end-to-end search time: 11683244 ns
Total end-to-end search time: 9621277 ns
Total end-to-end search time: 9767481 ns
Total end-to-end search time: 9485318 ns
Total end-to-end search time: 9341404 ns
Total end-to-end search time: 10456562 ns
Total end-to-end search time: 11440703 ns
Total end-to-end search time: 11284513 ns
Total end-to-end search time: 11937975 ns
Total end-to-end search time: 11075949 ns
Total end-to-end search time: 11538743 ns
Total end-to-end search time: 11822270 ns
Total end-to-end search time: 11874770 ns
Total end-to-end search time: 13155657 ns
Total end-to-end search time: 11872275 ns
Query: 16, nThreads: 1, warmup: 16
====================================================================================================
(ns)
Load index... Graph level 5..
Total end-to-end search time: 13315714 ns
Total end-to-end search time: 11551610 ns
Total end-to-end search time: 11699159 ns
Total end-to-end search time: 9589167 ns
Total end-to-end search time: 9934276 ns
Total end-to-end search time: 9510889 ns
Total end-to-end search time: 9312857 ns
Total end-to-end search time: 10464696 ns
Total end-to-end search time: 11525822 ns
Total end-to-end search time: 11353634 ns
Total end-to-end search time: 11934834 ns
Total end-to-end search time: 11038129 ns
Total end-to-end search time: 11543066 ns
Total end-to-end search time: 11738241 ns
Total end-to-end search time: 11579096 ns
Total end-to-end search time: 12885631 ns
Total end-to-end search time: 11662916 ns
Query: 16, nThreads: 1, warmup: 16
====================================================================================================
(ns)
Load index... Graph level 5..
Total end-to-end search time: 13315074 ns
Total end-to-end search time: 11567571 ns
Total end-to-end search time: 11713927 ns
Total end-to-end search time: 9634330 ns
Total end-to-end search time: 9748455 ns
Total end-to-end search time: 9476806 ns
Total end-to-end search time: 9341640 ns
Total end-to-end search time: 10440362 ns
Total end-to-end search time: 11434171 ns
Total end-to-end search time: 11275152 ns
Total end-to-end search time: 11911597 ns
Total end-to-end search time: 11023875 ns
Total end-to-end search time: 11520943 ns
Total end-to-end search time: 11736563 ns
Total end-to-end search time: 11597144 ns
Total end-to-end search time: 12822657 ns
Total end-to-end search time: 11617076 ns
Query: 16, nThreads: 1, warmup: 16
====================================================================================================
(ns)
Load index... Graph level 5..
Total end-to-end search time: 13295574 ns
Total end-to-end search time: 11561209 ns
Total end-to-end search time: 11701855 ns
Total end-to-end search time: 9607644 ns
Total end-to-end search time: 9722814 ns
Total end-to-end search time: 9438517 ns
Total end-to-end search time: 9282450 ns
Total end-to-end search time: 10397162 ns
Total end-to-end search time: 11409631 ns
Total end-to-end search time: 11241457 ns
Total end-to-end search time: 11836745 ns
Total end-to-end search time: 11008481 ns
Total end-to-end search time: 11459196 ns
Total end-to-end search time: 11698234 ns
Total end-to-end search time: 11536701 ns
Total end-to-end search time: 12788443 ns
Total end-to-end search time: 11557898 ns
Query: 16, nThreads: 1, warmup: 16
====================================================================================================
(ns)
Load index... Graph level 5..
Total end-to-end search time: 13150549 ns
Total end-to-end search time: 11507196 ns
Total end-to-end search time: 11655052 ns
Total end-to-end search time: 9630440 ns
Total end-to-end search time: 9762971 ns
Total end-to-end search time: 9466469 ns
Total end-to-end search time: 9331307 ns
Total end-to-end search time: 10389457 ns
Total end-to-end search time: 11393537 ns
Total end-to-end search time: 11245709 ns
Total end-to-end search time: 11891228 ns
Total end-to-end search time: 11062034 ns
Total end-to-end search time: 11547544 ns
Total end-to-end search time: 11798508 ns
Total end-to-end search time: 11647953 ns
Total end-to-end search time: 12876501 ns
Total end-to-end search time: 11632322 ns
Query: 16, nThreads: 1, warmup: 16
====================================================================================================
(ns)
Load index... Graph level 5..
Total end-to-end search time: 13153915 ns
Total end-to-end search time: 11552903 ns
Total end-to-end search time: 11663802 ns
Total end-to-end search time: 9606702 ns
Total end-to-end search time: 9698543 ns
Total end-to-end search time: 9478137 ns
Total end-to-end search time: 9368123 ns
Total end-to-end search time: 10410429 ns
Total end-to-end search time: 11456938 ns
Total end-to-end search time: 11333082 ns
Total end-to-end search time: 11866341 ns
Total end-to-end search time: 10939050 ns
Total end-to-end search time: 11429429 ns
Total end-to-end search time: 11709772 ns
Total end-to-end search time: 11510992 ns
Total end-to-end search time: 12773565 ns
Total end-to-end search time: 11577479 ns
Query: 16, nThreads: 1, warmup: 16
====================================================================================================
(ns)
Load index... Graph level 5..
Total end-to-end search time: 13413775 ns
Total end-to-end search time: 11660813 ns
Total end-to-end search time: 11781319 ns
Total end-to-end search time: 9656226 ns
Total end-to-end search time: 9781803 ns
Total end-to-end search time: 9510377 ns
Total end-to-end search time: 9327700 ns
Total end-to-end search time: 10487604 ns
Total end-to-end search time: 11464911 ns
Total end-to-end search time: 11330128 ns
Total end-to-end search time: 12002727 ns
Total end-to-end search time: 11060094 ns
Total end-to-end search time: 11579351 ns
Total end-to-end search time: 11770956 ns
Total end-to-end search time: 11600365 ns
Total end-to-end search time: 12874600 ns
Total end-to-end search time: 11668201 ns
Query: 16, nThreads: 1, warmup: 16
====================================================================================================
(ns)
Load index... Graph level 5..
Total end-to-end search time: 13502419 ns
Total end-to-end search time: 11739351 ns
Total end-to-end search time: 11776107 ns
Total end-to-end search time: 9631498 ns
Total end-to-end search time: 9868983 ns
Total end-to-end search time: 9547201 ns
Total end-to-end search time: 9350006 ns
Total end-to-end search time: 10435440 ns
Total end-to-end search time: 11439897 ns
Total end-to-end search time: 11320750 ns
Total end-to-end search time: 11957387 ns
Total end-to-end search time: 11032473 ns
Total end-to-end search time: 11554576 ns
Total end-to-end search time: 11832723 ns
Total end-to-end search time: 11690097 ns
Total end-to-end search time: 12897915 ns
Total end-to-end search time: 11687079 ns
Query: 16, nThreads: 1, warmup: 16
====================================================================================================
(ns)
Load index... Graph level 5..
Total end-to-end search time: 13331707 ns
Total end-to-end search time: 11670800 ns
Total end-to-end search time: 11836599 ns
Total end-to-end search time: 9667973 ns
Total end-to-end search time: 9812386 ns
Total end-to-end search time: 9555247 ns
Total end-to-end search time: 9354773 ns
Total end-to-end search time: 10550112 ns
Total end-to-end search time: 11547757 ns
Total end-to-end search time: 11339496 ns
Total end-to-end search time: 12018902 ns
Total end-to-end search time: 11153053 ns
Total end-to-end search time: 11610925 ns
Total end-to-end search time: 11793556 ns
Total end-to-end search time: 11651346 ns
Total end-to-end search time: 12903752 ns
Total end-to-end search time: 11708211 ns
Query: 16, nThreads: 1, warmup: 16
====================================================================================================
(ns)
Load index... Graph level 5..
Total end-to-end search time: 13399802 ns
Total end-to-end search time: 11625387 ns
Total end-to-end search time: 11965698 ns
Total end-to-end search time: 9712452 ns
Total end-to-end search time: 9857322 ns
Total end-to-end search time: 9559676 ns
Total end-to-end search time: 9356746 ns
Total end-to-end search time: 10517266 ns
Total end-to-end search time: 11508627 ns
Total end-to-end search time: 11340116 ns
Total end-to-end search time: 12033863 ns
Total end-to-end search time: 11113719 ns
Total end-to-end search time: 11587628 ns
Total end-to-end search time: 11858876 ns
Total end-to-end search time: 11659574 ns
Total end-to-end search time: 12965082 ns
Total end-to-end search time: 11699387 ns
Query: 16, nThreads: 1, warmup: 16
====================================================================================================
(ns)
Load index... Graph level 5..
Total end-to-end search time: 13283477 ns
Total end-to-end search time: 11529322 ns
Total end-to-end search time: 11692554 ns
Total end-to-end search time: 9660394 ns
Total end-to-end search time: 9771608 ns
Total end-to-end search time: 9496376 ns
Total end-to-end search time: 9349767 ns
Total end-to-end search time: 10472237 ns
Total end-to-end search time: 11470448 ns
Total end-to-end search time: 11273594 ns
Total end-to-end search time: 11967316 ns
Total end-to-end search time: 11031407 ns
Total end-to-end search time: 11510726 ns
Total end-to-end search time: 11776834 ns
Total end-to-end search time: 11603615 ns
Total end-to-end search time: 12863095 ns
Total end-to-end search time: 11613460 ns
Query: 16, nThreads: 1, warmup: 16
====================================================================================================
(ns)
Load index... Graph level 5..
Total end-to-end search time: 13157229 ns
Total end-to-end search time: 11540893 ns
Total end-to-end search time: 11733754 ns
Total end-to-end search time: 9636362 ns
Total end-to-end search time: 9796381 ns
Total end-to-end search time: 9554156 ns
Total end-to-end search time: 9342806 ns
Total end-to-end search time: 10471508 ns
Total end-to-end search time: 11509323 ns
Total end-to-end search time: 11372898 ns
Total end-to-end search time: 11988625 ns
Total end-to-end search time: 11074573 ns
Total end-to-end search time: 11525195 ns
Total end-to-end search time: 11789649 ns
Total end-to-end search time: 11649759 ns
Total end-to-end search time: 12936581 ns
Total end-to-end search time: 11667321 ns
Query: 16, nThreads: 1, warmup: 16
====================================================================================================
(ns)
Load index... Graph level 5..
Total end-to-end search time: 13536530 ns
Total end-to-end search time: 11609788 ns
Total end-to-end search time: 11691463 ns
Total end-to-end search time: 9680461 ns
Total end-to-end search time: 9903367 ns
Total end-to-end search time: 9621360 ns
Total end-to-end search time: 9519678 ns
Total end-to-end search time: 10540879 ns
Total end-to-end search time: 11528603 ns
Total end-to-end search time: 11312695 ns
Total end-to-end search time: 11958118 ns
Total end-to-end search time: 11039051 ns
Total end-to-end search time: 11622639 ns
Total end-to-end search time: 11695927 ns
Total end-to-end search time: 11560272 ns
Total end-to-end search time: 12838590 ns
Total end-to-end search time: 11516384 ns
Query: 16, nThreads: 1, warmup: 16
====================================================================================================
(ns)
Load index... Graph level 5..
Total end-to-end search time: 13138091 ns
Total end-to-end search time: 11419643 ns
Total end-to-end search time: 11628936 ns
Total end-to-end search time: 9557527 ns
Total end-to-end search time: 9686638 ns
Total end-to-end search time: 9433229 ns
Total end-to-end search time: 9300767 ns
Total end-to-end search time: 10382609 ns
Total end-to-end search time: 11366011 ns
Total end-to-end search time: 11197346 ns
Total end-to-end search time: 11851487 ns
Total end-to-end search time: 10961189 ns
Total end-to-end search time: 11467601 ns
Total end-to-end search time: 11674510 ns
Total end-to-end search time: 11528075 ns
Total end-to-end search time: 12754142 ns
Total end-to-end search time: 11535852 ns
Query: 16, nThreads: 1, warmup: 16
====================================================================================================
(ns)
Load index... Graph level 5..
Total end-to-end search time: 13143405 ns
Total end-to-end search time: 11545825 ns
Total end-to-end search time: 11689923 ns
Total end-to-end search time: 9555947 ns
Total end-to-end search time: 9661423 ns
Total end-to-end search time: 9380463 ns
Total end-to-end search time: 9262766 ns
Total end-to-end search time: 10369893 ns
Total end-to-end search time: 11335045 ns
Total end-to-end search time: 11210091 ns
Total end-to-end search time: 11859295 ns
Total end-to-end search time: 10944796 ns
Total end-to-end search time: 11419916 ns
Total end-to-end search time: 11636295 ns
Total end-to-end search time: 11487585 ns
Total end-to-end search time: 12785768 ns
Total end-to-end search time: 11582065 ns
Query: 16, nThreads: 1, warmup: 16
====================================================================================================
(ns)
Load index... Graph level 5..
Total end-to-end search time: 13411635 ns
Total end-to-end search time: 11636149 ns
Total end-to-end search time: 11855215 ns
Total end-to-end search time: 9744473 ns
Total end-to-end search time: 9905828 ns
Total end-to-end search time: 9600872 ns
Total end-to-end search time: 9442887 ns
Total end-to-end search time: 10609208 ns
Total end-to-end search time: 11590884 ns
Total end-to-end search time: 11471052 ns
Total end-to-end search time: 12072176 ns
Total end-to-end search time: 11190093 ns
Total end-to-end search time: 11731594 ns
Total end-to-end search time: 11916448 ns
Total end-to-end search time: 11818109 ns
Total end-to-end search time: 13122425 ns
Total end-to-end search time: 11854959 ns
Query: 16, nThreads: 1, warmup: 16
====================================================================================================
(ns)
Load index... Graph level 5..
Total end-to-end search time: 13316442 ns
Total end-to-end search time: 11517502 ns
Total end-to-end search time: 11616126 ns
Total end-to-end search time: 9574916 ns
Total end-to-end search time: 9685632 ns
Total end-to-end search time: 9418130 ns
Total end-to-end search time: 9265665 ns
Total end-to-end search time: 10383272 ns
Total end-to-end search time: 11385562 ns
Total end-to-end search time: 11299731 ns
Total end-to-end search time: 12078841 ns
Total end-to-end search time: 10987435 ns
Total end-to-end search time: 11486988 ns
Total end-to-end search time: 11722376 ns
Total end-to-end search time: 11482362 ns
Total end-to-end search time: 12740749 ns
Total end-to-end search time: 11513460 ns
Query: 16, nThreads: 1, warmup: 16
====================================================================================================
(ns)
Load index... Graph level 5..
Total end-to-end search time: 13187195 ns
Total end-to-end search time: 11486256 ns
Total end-to-end search time: 11589954 ns
Total end-to-end search time: 9565343 ns
Total end-to-end search time: 9700338 ns
Total end-to-end search time: 9418808 ns
Total end-to-end search time: 9246258 ns
Total end-to-end search time: 10362538 ns
Total end-to-end search time: 11374132 ns
Total end-to-end search time: 11173933 ns
Total end-to-end search time: 11886585 ns
Total end-to-end search time: 11241611 ns
Total end-to-end search time: 11752427 ns
Total end-to-end search time: 11956628 ns
Total end-to-end search time: 11708419 ns
Total end-to-end search time: 12911597 ns
Total end-to-end search time: 11759599 ns
Query: 16, nThreads: 1, warmup: 16
====================================================================================================
(ns)
Load index... Graph level 5..
Total end-to-end search time: 13543481 ns
Total end-to-end search time: 11775909 ns
Total end-to-end search time: 11930950 ns
Total end-to-end search time: 9780464 ns
Total end-to-end search time: 9905112 ns
Total end-to-end search time: 9656538 ns
Total end-to-end search time: 9520233 ns
Total end-to-end search time: 10693452 ns
Total end-to-end search time: 11715626 ns
Total end-to-end search time: 11552387 ns
Total end-to-end search time: 12139353 ns
Total end-to-end search time: 11210288 ns
Total end-to-end search time: 11733477 ns
Total end-to-end search time: 11979944 ns
Total end-to-end search time: 11783485 ns
Total end-to-end search time: 13041652 ns
Total end-to-end search time: 11822531 ns
Query: 16, nThreads: 1, warmup: 16
====================================================================================================
(ns)
Load index... Graph level 5..
Total end-to-end search time: 13601622 ns
Total end-to-end search time: 11761705 ns
Total end-to-end search time: 11919658 ns
Total end-to-end search time: 9818981 ns
Total end-to-end search time: 9911280 ns
Total end-to-end search time: 9618514 ns
Total end-to-end search time: 9475177 ns
Total end-to-end search time: 10597925 ns
Total end-to-end search time: 11655180 ns
Total end-to-end search time: 11477581 ns
Total end-to-end search time: 12197943 ns
Total end-to-end search time: 11256289 ns
Total end-to-end search time: 11763893 ns
Total end-to-end search time: 12006543 ns
Total end-to-end search time: 11830952 ns
Total end-to-end search time: 13040977 ns
Total end-to-end search time: 11821886 ns
Query: 16, nThreads: 1, warmup: 16
====================================================================================================
(ns)
Load index... Graph level 5..
Total end-to-end search time: 13464781 ns
Total end-to-end search time: 11745657 ns
Total end-to-end search time: 11995940 ns
Total end-to-end search time: 9852694 ns
Total end-to-end search time: 9980432 ns
Total end-to-end search time: 9637927 ns
Total end-to-end search time: 9499337 ns
Total end-to-end search time: 10627156 ns
Total end-to-end search time: 11611506 ns
Total end-to-end search time: 11462412 ns
Total end-to-end search time: 12076005 ns
Total end-to-end search time: 11163308 ns
Total end-to-end search time: 11673897 ns
Total end-to-end search time: 11944070 ns
Total end-to-end search time: 11965178 ns
Total end-to-end search time: 12983987 ns
Total end-to-end search time: 11792817 ns
Query: 16, nThreads: 1, warmup: 16
====================================================================================================
(ns)
Load index... Graph level 5..
Total end-to-end search time: 13425532 ns
Total end-to-end search time: 11653118 ns
Total end-to-end search time: 11887090 ns
Total end-to-end search time: 9792387 ns
Total end-to-end search time: 9875885 ns
Total end-to-end search time: 9626257 ns
Total end-to-end search time: 9503518 ns
Total end-to-end search time: 10616986 ns
Total end-to-end search time: 11637221 ns
Total end-to-end search time: 11474824 ns
Total end-to-end search time: 12089957 ns
Total end-to-end search time: 11131877 ns
Total end-to-end search time: 11651550 ns
Total end-to-end search time: 11902964 ns
Total end-to-end search time: 11703681 ns
Total end-to-end search time: 12977653 ns
Total end-to-end search time: 11753784 ns
