Query: 256, nThreads: 64, warmup: 8
====================================================================================================
(ns)
Load index... Graph level 5..
Total end-to-end search time: 181896353 ns
Total end-to-end search time: 194230646 ns
Total end-to-end search time: 166327552 ns
Total end-to-end search time: 184929250 ns
Total end-to-end search time: 183989400 ns
Total end-to-end search time: 178557247 ns
Total end-to-end search time: 195572159 ns
Total end-to-end search time: 179670679 ns
Total end-to-end search time: 185373800 ns
Query: 256, nThreads: 64, warmup: 8
====================================================================================================
(ns)
Load index... Graph level 5..
Total end-to-end search time: 182611588 ns
Total end-to-end search time: 195350551 ns
Total end-to-end search time: 167104382 ns
Total end-to-end search time: 186891370 ns
Total end-to-end search time: 185098131 ns
Total end-to-end search time: 179400022 ns
Total end-to-end search time: 196684397 ns
Total end-to-end search time: 180300177 ns
Total end-to-end search time: 186126828 ns
Query: 256, nThreads: 64, warmup: 8
====================================================================================================
(ns)
Load index... Graph level 5..
Total end-to-end search time: 179657833 ns
Total end-to-end search time: 191607449 ns
Total end-to-end search time: 164787806 ns
Total end-to-end search time: 183609967 ns
Total end-to-end search time: 182182376 ns
Total end-to-end search time: 176515822 ns
Total end-to-end search time: 193712733 ns
Total end-to-end search time: 178314664 ns
Total end-to-end search time: 183494140 ns
Query: 256, nThreads: 64, warmup: 8
====================================================================================================
(ns)
Load index... Graph level 5..
Total end-to-end search time: 179596677 ns
Total end-to-end search time: 192251685 ns
Total end-to-end search time: 164589233 ns
Total end-to-end search time: 183572913 ns
Total end-to-end search time: 182118755 ns
Total end-to-end search time: 176697622 ns
Total end-to-end search time: 193626936 ns
Total end-to-end search time: 177459100 ns
Total end-to-end search time: 183595792 ns
Query: 256, nThreads: 64, warmup: 8
====================================================================================================
(ns)
Load index... Graph level 5..
Total end-to-end search time: 178694948 ns
Total end-to-end search time: 190906699 ns
Total end-to-end search time: 163737231 ns
Total end-to-end search time: 183358270 ns
Total end-to-end search time: 182054152 ns
Total end-to-end search time: 176708426 ns
Total end-to-end search time: 192889149 ns
Total end-to-end search time: 178076531 ns
Total end-to-end search time: 185877813 ns
Query: 256, nThreads: 64, warmup: 8
====================================================================================================
(ns)
Load index... Graph level 5..
Total end-to-end search time: 178816137 ns
Total end-to-end search time: 191214213 ns
Total end-to-end search time: 163772782 ns
Total end-to-end search time: 182898590 ns
Total end-to-end search time: 181212066 ns
Total end-to-end search time: 175841645 ns
Total end-to-end search time: 193023701 ns
Total end-to-end search time: 175996686 ns
Total end-to-end search time: 182875346 ns
Query: 256, nThreads: 64, warmup: 8
====================================================================================================
(ns)
Load index... Graph level 5..
Total end-to-end search time: 179259794 ns
Total end-to-end search time: 190731389 ns
Total end-to-end search time: 163871623 ns
Total end-to-end search time: 182345583 ns
Total end-to-end search time: 181236148 ns
Total end-to-end search time: 176243593 ns
Total end-to-end search time: 193706007 ns
Total end-to-end search time: 177442841 ns
Total end-to-end search time: 183074645 ns
Query: 256, nThreads: 64, warmup: 8
====================================================================================================
(ns)
Load index... Graph level 5..
Total end-to-end search time: 179368422 ns
Total end-to-end search time: 193456528 ns
Total end-to-end search time: 165778802 ns
Total end-to-end search time: 184916790 ns
Total end-to-end search time: 183765620 ns
Total end-to-end search time: 177885594 ns
Total end-to-end search time: 195110842 ns
Total end-to-end search time: 178970348 ns
Total end-to-end search time: 185126474 ns
Query: 256, nThreads: 64, warmup: 8
====================================================================================================
(ns)
Load index... Graph level 5..
Total end-to-end search time: 178203960 ns
Total end-to-end search time: 190074969 ns
Total end-to-end search time: 163441795 ns
Total end-to-end search time: 181994081 ns
Total end-to-end search time: 181181291 ns
Total end-to-end search time: 175587597 ns
Total end-to-end search time: 192038279 ns
Total end-to-end search time: 176898833 ns
Total end-to-end search time: 182302279 ns
Query: 256, nThreads: 64, warmup: 8
====================================================================================================
(ns)
Load index... Graph level 5..
Total end-to-end search time: 177703093 ns
Total end-to-end search time: 190994484 ns
Total end-to-end search time: 163014449 ns
Total end-to-end search time: 182497524 ns
Total end-to-end search time: 180160206 ns
Total end-to-end search time: 175172233 ns
Total end-to-end search time: 191469138 ns
Total end-to-end search time: 175885028 ns
Total end-to-end search time: 182390546 ns
Query: 256, nThreads: 64, warmup: 8
====================================================================================================
(ns)
Load index... Graph level 5..
Total end-to-end search time: 178354405 ns
Total end-to-end search time: 190720479 ns
Total end-to-end search time: 163567924 ns
Total end-to-end search time: 182632728 ns
Total end-to-end search time: 181374652 ns
Total end-to-end search time: 176077146 ns
Total end-to-end search time: 193070326 ns
Total end-to-end search time: 176054172 ns
Total end-to-end search time: 183166579 ns
Query: 256, nThreads: 64, warmup: 8
====================================================================================================
(ns)
Load index... Graph level 5..
Total end-to-end search time: 178493558 ns
Total end-to-end search time: 190855206 ns
Total end-to-end search time: 163711452 ns
Total end-to-end search time: 182391623 ns
Total end-to-end search time: 181649478 ns
Total end-to-end search time: 176074631 ns
Total end-to-end search time: 192569630 ns
Total end-to-end search time: 176540504 ns
Total end-to-end search time: 182230093 ns
Query: 256, nThreads: 64, warmup: 8
====================================================================================================
(ns)
Load index... Graph level 5..
Total end-to-end search time: 179389979 ns
Total end-to-end search time: 191742510 ns
Total end-to-end search time: 164860439 ns
Total end-to-end search time: 183469476 ns
Total end-to-end search time: 181959427 ns
Total end-to-end search time: 176342180 ns
Total end-to-end search time: 194557398 ns
Total end-to-end search time: 176817952 ns
Total end-to-end search time: 183354562 ns
Query: 256, nThreads: 64, warmup: 8
====================================================================================================
(ns)
Load index... Graph level 5..
Total end-to-end search time: 180344486 ns
Total end-to-end search time: 192335814 ns
Total end-to-end search time: 164996041 ns
Total end-to-end search time: 183560348 ns
Total end-to-end search time: 182189019 ns
Total end-to-end search time: 176692411 ns
Total end-to-end search time: 193953849 ns
Total end-to-end search time: 177341132 ns
Total end-to-end search time: 184326396 ns
Query: 256, nThreads: 64, warmup: 8
====================================================================================================
(ns)
Load index... Graph level 5..
Total end-to-end search time: 179753078 ns
Total end-to-end search time: 192068366 ns
Total end-to-end search time: 164989365 ns
Total end-to-end search time: 183750167 ns
Total end-to-end search time: 182551112 ns
Total end-to-end search time: 176874330 ns
Total end-to-end search time: 193886086 ns
Total end-to-end search time: 177810586 ns
Total end-to-end search time: 184417715 ns
Query: 256, nThreads: 64, warmup: 8
====================================================================================================
(ns)
Load index... Graph level 5..
Total end-to-end search time: 178574440 ns
Total end-to-end search time: 191003247 ns
Total end-to-end search time: 163719239 ns
Total end-to-end search time: 182364716 ns
Total end-to-end search time: 181471805 ns
Total end-to-end search time: 175240392 ns
Total end-to-end search time: 192019164 ns
Total end-to-end search time: 176112363 ns
Total end-to-end search time: 183095636 ns
Query: 256, nThreads: 64, warmup: 8
====================================================================================================
(ns)
Load index... Graph level 5..
Total end-to-end search time: 178574473 ns
Total end-to-end search time: 191560223 ns
Total end-to-end search time: 163651271 ns
Total end-to-end search time: 182587710 ns
Total end-to-end search time: 181179396 ns
Total end-to-end search time: 175882503 ns
Total end-to-end search time: 192823883 ns
Total end-to-end search time: 176349684 ns
Total end-to-end search time: 182663010 ns
Query: 256, nThreads: 64, warmup: 8
====================================================================================================
(ns)
Load index... Graph level 5..
Total end-to-end search time: 177768889 ns
Total end-to-end search time: 189501886 ns
Total end-to-end search time: 163033174 ns
Total end-to-end search time: 181799445 ns
Total end-to-end search time: 180224988 ns
Total end-to-end search time: 175169086 ns
Total end-to-end search time: 192483528 ns
Total end-to-end search time: 176455440 ns
Total end-to-end search time: 182535133 ns
Query: 256, nThreads: 64, warmup: 8
====================================================================================================
(ns)
Load index... Graph level 5..
Total end-to-end search time: 177256341 ns
Total end-to-end search time: 189679081 ns
Total end-to-end search time: 163057824 ns
Total end-to-end search time: 181474449 ns
Total end-to-end search time: 180212272 ns
Total end-to-end search time: 174455260 ns
Total end-to-end search time: 191216252 ns
Total end-to-end search time: 175294687 ns
Total end-to-end search time: 181551950 ns
Query: 256, nThreads: 64, warmup: 8
====================================================================================================
(ns)
Load index... Graph level 5..
Total end-to-end search time: 181037649 ns
Total end-to-end search time: 193113959 ns
Total end-to-end search time: 165729099 ns
Total end-to-end search time: 185345896 ns
Total end-to-end search time: 183466374 ns
Total end-to-end search time: 177765756 ns
Total end-to-end search time: 196327534 ns
Total end-to-end search time: 179686757 ns
Total end-to-end search time: 186865867 ns
Query: 256, nThreads: 64, warmup: 8
====================================================================================================
(ns)
Load index... Graph level 5..
Total end-to-end search time: 176808210 ns
Total end-to-end search time: 189164288 ns
Total end-to-end search time: 162075147 ns
Total end-to-end search time: 180949119 ns
Total end-to-end search time: 179370971 ns
Total end-to-end search time: 174271536 ns
Total end-to-end search time: 190992276 ns
Total end-to-end search time: 174666138 ns
Total end-to-end search time: 180880991 ns
Query: 256, nThreads: 64, warmup: 8
====================================================================================================
(ns)
Load index... Graph level 5..
Total end-to-end search time: 176626819 ns
Total end-to-end search time: 189206311 ns
Total end-to-end search time: 162827173 ns
Total end-to-end search time: 181820877 ns
Total end-to-end search time: 179659041 ns
Total end-to-end search time: 174434909 ns
Total end-to-end search time: 190918087 ns
Total end-to-end search time: 174801883 ns
Total end-to-end search time: 180889086 ns
Query: 256, nThreads: 64, warmup: 8
====================================================================================================
(ns)
Load index... Graph level 5..
Total end-to-end search time: 176887611 ns
Total end-to-end search time: 189107415 ns
Total end-to-end search time: 162181288 ns
Total end-to-end search time: 180843656 ns
Total end-to-end search time: 179099570 ns
Total end-to-end search time: 174125281 ns
Total end-to-end search time: 191097653 ns
Total end-to-end search time: 174881781 ns
Total end-to-end search time: 181302365 ns
Query: 256, nThreads: 64, warmup: 8
====================================================================================================
(ns)
Load index... Graph level 5..
Total end-to-end search time: 181884403 ns
Total end-to-end search time: 194481072 ns
Total end-to-end search time: 167129907 ns
Total end-to-end search time: 185880871 ns
Total end-to-end search time: 184666722 ns
Total end-to-end search time: 179031195 ns
Total end-to-end search time: 195866515 ns
Total end-to-end search time: 180091625 ns
Total end-to-end search time: 186724881 ns
Query: 256, nThreads: 64, warmup: 8
====================================================================================================
(ns)
Load index... Graph level 5..
Total end-to-end search time: 181314463 ns
Total end-to-end search time: 193703867 ns
Total end-to-end search time: 166208553 ns
Total end-to-end search time: 185139141 ns
Total end-to-end search time: 184301880 ns
Total end-to-end search time: 178493358 ns
Total end-to-end search time: 195683061 ns
Total end-to-end search time: 178767225 ns
Total end-to-end search time: 185460846 ns
Query: 256, nThreads: 64, warmup: 8
====================================================================================================
(ns)
Load index... Graph level 5..
Total end-to-end search time: 179668440 ns
Total end-to-end search time: 192688250 ns
Total end-to-end search time: 165970950 ns
Total end-to-end search time: 184203113 ns
Total end-to-end search time: 183321602 ns
Total end-to-end search time: 177431234 ns
Total end-to-end search time: 194989805 ns
Total end-to-end search time: 177916687 ns
Total end-to-end search time: 184642910 ns
Query: 256, nThreads: 64, warmup: 8
====================================================================================================
(ns)
Load index... Graph level 5..
Total end-to-end search time: 180360012 ns
Total end-to-end search time: 193166089 ns
Total end-to-end search time: 166111039 ns
Total end-to-end search time: 184815194 ns
Total end-to-end search time: 183782777 ns
Total end-to-end search time: 178311305 ns
Total end-to-end search time: 195529770 ns
Total end-to-end search time: 178683002 ns
Total end-to-end search time: 185240437 ns
Query: 256, nThreads: 64, warmup: 8
====================================================================================================
(ns)
Load index... Graph level 5..
Total end-to-end search time: 177918906 ns
Total end-to-end search time: 190314467 ns
Total end-to-end search time: 163359745 ns
Total end-to-end search time: 181575180 ns
Total end-to-end search time: 180408217 ns
Total end-to-end search time: 174924240 ns
Total end-to-end search time: 191436209 ns
Total end-to-end search time: 175890350 ns
Total end-to-end search time: 182892422 ns
Query: 256, nThreads: 64, warmup: 8
====================================================================================================
(ns)
Load index... Graph level 5..
Total end-to-end search time: 179514402 ns
Total end-to-end search time: 192232455 ns
Total end-to-end search time: 164815729 ns
Total end-to-end search time: 183413353 ns
Total end-to-end search time: 182004328 ns
Total end-to-end search time: 176625953 ns
Total end-to-end search time: 194159666 ns
Total end-to-end search time: 177987808 ns
Total end-to-end search time: 183992343 ns
Query: 256, nThreads: 64, warmup: 8
====================================================================================================
(ns)
Load index... Graph level 5..
Total end-to-end search time: 179690842 ns
Total end-to-end search time: 192708405 ns
Total end-to-end search time: 164593067 ns
Total end-to-end search time: 183481074 ns
Total end-to-end search time: 184590911 ns
Total end-to-end search time: 178949689 ns
Total end-to-end search time: 196810810 ns
Total end-to-end search time: 179927482 ns
Total end-to-end search time: 186402490 ns
