Query: 512, nThreads: 64, warmup: 4
====================================================================================================
(ns)
Load index... Graph level 5..
Total end-to-end search time: 17238328 ns
Total end-to-end search time: 13660618 ns
Total end-to-end search time: 13930051 ns
Total end-to-end search time: 14463079 ns
Total end-to-end search time: 14037526 ns
Query: 512, nThreads: 64, warmup: 4
====================================================================================================
(ns)
Load index... Graph level 5..
Total end-to-end search time: 19558398 ns
Total end-to-end search time: 13537052 ns
Total end-to-end search time: 13795359 ns
Total end-to-end search time: 13995414 ns
Total end-to-end search time: 14241929 ns
Query: 512, nThreads: 64, warmup: 4
====================================================================================================
(ns)
Load index... Graph level 5..
Total end-to-end search time: 16404708 ns
Total end-to-end search time: 13384316 ns
Total end-to-end search time: 13459670 ns
Total end-to-end search time: 14002881 ns
Total end-to-end search time: 14200366 ns
Query: 512, nThreads: 64, warmup: 4
====================================================================================================
(ns)
Load index... Graph level 5..
Total end-to-end search time: 16948744 ns
Total end-to-end search time: 13960999 ns
Total end-to-end search time: 14688422 ns
Total end-to-end search time: 14058957 ns
Total end-to-end search time: 13914289 ns
Query: 512, nThreads: 64, warmup: 4
====================================================================================================
(ns)
Load index... Graph level 5..
Total end-to-end search time: 16156563 ns
Total end-to-end search time: 13256006 ns
Total end-to-end search time: 13872023 ns
Total end-to-end search time: 14383986 ns
Total end-to-end search time: 14206512 ns
Query: 512, nThreads: 64, warmup: 4
====================================================================================================
(ns)
Load index... Graph level 5..
Total end-to-end search time: 17266086 ns
Total end-to-end search time: 13314514 ns
Total end-to-end search time: 13834813 ns
Total end-to-end search time: 13982086 ns
Total end-to-end search time: 14092234 ns
Query: 512, nThreads: 64, warmup: 4
====================================================================================================
(ns)
Load index... Graph level 5..
Total end-to-end search time: 16953717 ns
Total end-to-end search time: 13477399 ns
Total end-to-end search time: 13581373 ns
Total end-to-end search time: 14256329 ns
Total end-to-end search time: 13873736 ns
Query: 512, nThreads: 64, warmup: 4
====================================================================================================
(ns)
Load index... Graph level 5..
Total end-to-end search time: 16235325 ns
Total end-to-end search time: 13421260 ns
Total end-to-end search time: 13734816 ns
Total end-to-end search time: 14300848 ns
Total end-to-end search time: 13991784 ns
Query: 512, nThreads: 64, warmup: 4
====================================================================================================
(ns)
Load index... Graph level 5..
Total end-to-end search time: 16214353 ns
Total end-to-end search time: 13610866 ns
Total end-to-end search time: 13752085 ns
Total end-to-end search time: 14285327 ns
Total end-to-end search time: 14007952 ns
Query: 512, nThreads: 64, warmup: 4
====================================================================================================
(ns)
Load index... Graph level 5..
Total end-to-end search time: 16511058 ns
Total end-to-end search time: 13480724 ns
Total end-to-end search time: 13722197 ns
Total end-to-end search time: 14224168 ns
Total end-to-end search time: 14162642 ns
Query: 512, nThreads: 64, warmup: 4
====================================================================================================
(ns)
Load index... Graph level 5..
Total end-to-end search time: 16147805 ns
Total end-to-end search time: 13318115 ns
Total end-to-end search time: 13844648 ns
Total end-to-end search time: 14078047 ns
Total end-to-end search time: 14181361 ns
Query: 512, nThreads: 64, warmup: 4
====================================================================================================
(ns)
Load index... Graph level 5..
Total end-to-end search time: 17297385 ns
Total end-to-end search time: 13321430 ns
Total end-to-end search time: 13541521 ns
Total end-to-end search time: 14264855 ns
Total end-to-end search time: 14087912 ns
Query: 512, nThreads: 64, warmup: 4
====================================================================================================
(ns)
Load index... Graph level 5..
Total end-to-end search time: 17605051 ns
Total end-to-end search time: 13173062 ns
Total end-to-end search time: 13523354 ns
Total end-to-end search time: 14243961 ns
Total end-to-end search time: 14175553 ns
Query: 512, nThreads: 64, warmup: 4
====================================================================================================
(ns)
Load index... Graph level 5..
Total end-to-end search time: 16550052 ns
Total end-to-end search time: 13529320 ns
Total end-to-end search time: 13618063 ns
Total end-to-end search time: 14032348 ns
Total end-to-end search time: 14178202 ns
Query: 512, nThreads: 64, warmup: 4
====================================================================================================
(ns)
Load index... Graph level 5..
Total end-to-end search time: 17985407 ns
Total end-to-end search time: 13315887 ns
Total end-to-end search time: 13649548 ns
Total end-to-end search time: 14019961 ns
Total end-to-end search time: 13949885 ns
Query: 512, nThreads: 64, warmup: 4
====================================================================================================
(ns)
Load index... Graph level 5..
Total end-to-end search time: 16435705 ns
Total end-to-end search time: 13650333 ns
Total end-to-end search time: 13840650 ns
Total end-to-end search time: 14123989 ns
Total end-to-end search time: 14197699 ns
Query: 512, nThreads: 64, warmup: 4
====================================================================================================
(ns)
Load index... Graph level 5..
Total end-to-end search time: 17697271 ns
Total end-to-end search time: 13456550 ns
Total end-to-end search time: 13688423 ns
Total end-to-end search time: 14100623 ns
Total end-to-end search time: 14149910 ns
Query: 512, nThreads: 64, warmup: 4
====================================================================================================
(ns)
Load index... Graph level 5..
Total end-to-end search time: 17669298 ns
Total end-to-end search time: 13579590 ns
Total end-to-end search time: 13789601 ns
Total end-to-end search time: 14328284 ns
Total end-to-end search time: 14180421 ns
Query: 512, nThreads: 64, warmup: 4
====================================================================================================
(ns)
Load index... Graph level 5..
Total end-to-end search time: 16828399 ns
Total end-to-end search time: 13533902 ns
Total end-to-end search time: 13935869 ns
Total end-to-end search time: 14119734 ns
Total end-to-end search time: 14133981 ns
Query: 512, nThreads: 64, warmup: 4
====================================================================================================
(ns)
Load index... Graph level 5..
Total end-to-end search time: 16370782 ns
Total end-to-end search time: 13442748 ns
Total end-to-end search time: 13987237 ns
Total end-to-end search time: 14209715 ns
Total end-to-end search time: 14222010 ns
Query: 512, nThreads: 64, warmup: 4
====================================================================================================
(ns)
Load index... Graph level 5..
Total end-to-end search time: 17193750 ns
Total end-to-end search time: 13448451 ns
Total end-to-end search time: 13697912 ns
Total end-to-end search time: 14346853 ns
Total end-to-end search time: 14120753 ns
Query: 512, nThreads: 64, warmup: 4
====================================================================================================
(ns)
Load index... Graph level 5..
Total end-to-end search time: 16354382 ns
Total end-to-end search time: 13434143 ns
Total end-to-end search time: 13826804 ns
Total end-to-end search time: 14172548 ns
Total end-to-end search time: 14063233 ns
Query: 512, nThreads: 64, warmup: 4
====================================================================================================
(ns)
Load index... Graph level 5..
Total end-to-end search time: 16696621 ns
Total end-to-end search time: 14090150 ns
Total end-to-end search time: 13633188 ns
Total end-to-end search time: 14163648 ns
Total end-to-end search time: 14177253 ns
Query: 512, nThreads: 64, warmup: 4
====================================================================================================
(ns)
Load index... Graph level 5..
Total end-to-end search time: 17366882 ns
Total end-to-end search time: 13391927 ns
Total end-to-end search time: 13691810 ns
Total end-to-end search time: 14313868 ns
Total end-to-end search time: 13868730 ns
Query: 512, nThreads: 64, warmup: 4
====================================================================================================
(ns)
Load index... Graph level 5..
Total end-to-end search time: 16438873 ns
Total end-to-end search time: 13526631 ns
Total end-to-end search time: 13752814 ns
Total end-to-end search time: 14311528 ns
Total end-to-end search time: 14005169 ns
Query: 512, nThreads: 64, warmup: 4
====================================================================================================
(ns)
Load index... Graph level 5..
Total end-to-end search time: 18048659 ns
Total end-to-end search time: 13353803 ns
Total end-to-end search time: 13737937 ns
Total end-to-end search time: 14160435 ns
Total end-to-end search time: 14372251 ns
Query: 512, nThreads: 64, warmup: 4
====================================================================================================
(ns)
Load index... Graph level 5..
Total end-to-end search time: 16123660 ns
Total end-to-end search time: 12967029 ns
Total end-to-end search time: 13475505 ns
Total end-to-end search time: 14226888 ns
Total end-to-end search time: 13957678 ns
Query: 512, nThreads: 64, warmup: 4
====================================================================================================
(ns)
Load index... Graph level 5..
Total end-to-end search time: 16435124 ns
Total end-to-end search time: 13558291 ns
Total end-to-end search time: 13848614 ns
Total end-to-end search time: 14201098 ns
Total end-to-end search time: 14054482 ns
Query: 512, nThreads: 64, warmup: 4
====================================================================================================
(ns)
Load index... Graph level 5..
Total end-to-end search time: 18531250 ns
Total end-to-end search time: 13485595 ns
Total end-to-end search time: 13946982 ns
Total end-to-end search time: 14071605 ns
Total end-to-end search time: 13857754 ns
Query: 512, nThreads: 64, warmup: 4
====================================================================================================
(ns)
Load index... Graph level 5..
Total end-to-end search time: 20166680 ns
Total end-to-end search time: 13261060 ns
Total end-to-end search time: 13624661 ns
Total end-to-end search time: 14152143 ns
Total end-to-end search time: 14156555 ns
