Query: 64, nThreads: 4, warmup: 16
====================================================================================================
(ns)
Load index... Graph level 5..
Total end-to-end search time: 12579573 ns
Total end-to-end search time: 10350451 ns
Total end-to-end search time: 12330288 ns
Total end-to-end search time: 12569035 ns
Total end-to-end search time: 13723580 ns
Total end-to-end search time: 13308658 ns
Total end-to-end search time: 13186708 ns
Total end-to-end search time: 11473829 ns
Total end-to-end search time: 11847243 ns
Total end-to-end search time: 11337058 ns
Total end-to-end search time: 9985762 ns
Total end-to-end search time: 11713470 ns
Total end-to-end search time: 10684218 ns
Total end-to-end search time: 12241826 ns
Total end-to-end search time: 12505326 ns
Total end-to-end search time: 11884771 ns
Total end-to-end search time: 11911363 ns
Query: 64, nThreads: 4, warmup: 16
====================================================================================================
(ns)
Load index... Graph level 5..
Total end-to-end search time: 12850707 ns
Total end-to-end search time: 10936508 ns
Total end-to-end search time: 12791438 ns
Total end-to-end search time: 13070346 ns
Total end-to-end search time: 13372173 ns
Total end-to-end search time: 13499199 ns
Total end-to-end search time: 13096838 ns
Total end-to-end search time: 11649416 ns
Total end-to-end search time: 11837089 ns
Total end-to-end search time: 10208087 ns
Total end-to-end search time: 9677014 ns
Total end-to-end search time: 11435837 ns
Total end-to-end search time: 10772512 ns
Total end-to-end search time: 12189259 ns
Total end-to-end search time: 12569798 ns
Total end-to-end search time: 11830039 ns
Total end-to-end search time: 11924720 ns
Query: 64, nThreads: 4, warmup: 16
====================================================================================================
(ns)
Load index... Graph level 5..
Total end-to-end search time: 12905213 ns
Total end-to-end search time: 10895866 ns
Total end-to-end search time: 12516760 ns
Total end-to-end search time: 12709569 ns
Total end-to-end search time: 13153621 ns
Total end-to-end search time: 13077943 ns
Total end-to-end search time: 12941797 ns
Total end-to-end search time: 11379492 ns
Total end-to-end search time: 11795237 ns
Total end-to-end search time: 10142856 ns
Total end-to-end search time: 9569671 ns
Total end-to-end search time: 11505012 ns
Total end-to-end search time: 10742742 ns
Total end-to-end search time: 12254591 ns
Total end-to-end search time: 12585257 ns
Total end-to-end search time: 11888181 ns
Total end-to-end search time: 11808245 ns
Query: 64, nThreads: 4, warmup: 16
====================================================================================================
(ns)
Load index... Graph level 5..
Total end-to-end search time: 12841422 ns
Total end-to-end search time: 10909912 ns
Total end-to-end search time: 12398708 ns
Total end-to-end search time: 12828666 ns
Total end-to-end search time: 13246649 ns
Total end-to-end search time: 13077091 ns
Total end-to-end search time: 12958331 ns
Total end-to-end search time: 11559290 ns
Total end-to-end search time: 11758911 ns
Total end-to-end search time: 10165274 ns
Total end-to-end search time: 9645930 ns
Total end-to-end search time: 11414985 ns
Total end-to-end search time: 10708896 ns
Total end-to-end search time: 12297779 ns
Total end-to-end search time: 12480659 ns
Total end-to-end search time: 11762563 ns
Total end-to-end search time: 11875769 ns
Query: 64, nThreads: 4, warmup: 16
====================================================================================================
(ns)
Load index... Graph level 5..
Total end-to-end search time: 13081729 ns
Total end-to-end search time: 10863648 ns
Total end-to-end search time: 12734316 ns
Total end-to-end search time: 12941135 ns
Total end-to-end search time: 13579712 ns
Total end-to-end search time: 13320378 ns
Total end-to-end search time: 13176352 ns
Total end-to-end search time: 11663285 ns
Total end-to-end search time: 11804570 ns
Total end-to-end search time: 10171199 ns
Total end-to-end search time: 9659393 ns
Total end-to-end search time: 11476080 ns
Total end-to-end search time: 10749071 ns
Total end-to-end search time: 12301360 ns
Total end-to-end search time: 12352047 ns
Total end-to-end search time: 11904685 ns
Total end-to-end search time: 11793806 ns
Query: 64, nThreads: 4, warmup: 16
====================================================================================================
(ns)
Load index... Graph level 5..
Total end-to-end search time: 13056915 ns
Total end-to-end search time: 10945457 ns
Total end-to-end search time: 12682357 ns
Total end-to-end search time: 12954060 ns
Total end-to-end search time: 13507915 ns
Total end-to-end search time: 13244786 ns
Total end-to-end search time: 13193850 ns
Total end-to-end search time: 11568701 ns
Total end-to-end search time: 11839138 ns
Total end-to-end search time: 10181016 ns
Total end-to-end search time: 9596908 ns
Total end-to-end search time: 11534552 ns
Total end-to-end search time: 10822437 ns
Total end-to-end search time: 12171789 ns
Total end-to-end search time: 12570863 ns
Total end-to-end search time: 11916682 ns
Total end-to-end search time: 11795579 ns
Query: 64, nThreads: 4, warmup: 16
====================================================================================================
(ns)
Load index... Graph level 5..
Total end-to-end search time: 12581603 ns
Total end-to-end search time: 10467669 ns
Total end-to-end search time: 12337574 ns
Total end-to-end search time: 12717553 ns
Total end-to-end search time: 13117942 ns
Total end-to-end search time: 13077983 ns
Total end-to-end search time: 12919548 ns
Total end-to-end search time: 11477550 ns
Total end-to-end search time: 11919325 ns
Total end-to-end search time: 10140885 ns
Total end-to-end search time: 9626007 ns
Total end-to-end search time: 11522930 ns
Total end-to-end search time: 10653182 ns
Total end-to-end search time: 12294477 ns
Total end-to-end search time: 12538652 ns
Total end-to-end search time: 11918530 ns
Total end-to-end search time: 11832331 ns
Query: 64, nThreads: 4, warmup: 16
====================================================================================================
(ns)
Load index... Graph level 5..
Total end-to-end search time: 12652471 ns
Total end-to-end search time: 10451380 ns
Total end-to-end search time: 12347027 ns
Total end-to-end search time: 12675959 ns
Total end-to-end search time: 13152698 ns
Total end-to-end search time: 13163400 ns
Total end-to-end search time: 13202098 ns
Total end-to-end search time: 11628882 ns
Total end-to-end search time: 11814568 ns
Total end-to-end search time: 10374966 ns
Total end-to-end search time: 9932565 ns
Total end-to-end search time: 11619547 ns
Total end-to-end search time: 11184065 ns
Total end-to-end search time: 12389921 ns
Total end-to-end search time: 12554426 ns
Total end-to-end search time: 11898878 ns
Total end-to-end search time: 11706744 ns
Query: 64, nThreads: 4, warmup: 16
====================================================================================================
(ns)
Load index... Graph level 5..
Total end-to-end search time: 12789815 ns
Total end-to-end search time: 10783260 ns
Total end-to-end search time: 12466050 ns
Total end-to-end search time: 12769472 ns
Total end-to-end search time: 13486294 ns
Total end-to-end search time: 13391048 ns
Total end-to-end search time: 13350316 ns
Total end-to-end search time: 11752719 ns
Total end-to-end search time: 11743055 ns
Total end-to-end search time: 10083835 ns
Total end-to-end search time: 9810739 ns
Total end-to-end search time: 11488252 ns
Total end-to-end search time: 10733216 ns
Total end-to-end search time: 12168713 ns
Total end-to-end search time: 12388892 ns
Total end-to-end search time: 12003500 ns
Total end-to-end search time: 11887090 ns
Query: 64, nThreads: 4, warmup: 16
====================================================================================================
(ns)
Load index... Graph level 5..
Total end-to-end search time: 12663439 ns
Total end-to-end search time: 10582755 ns
Total end-to-end search time: 12403609 ns
Total end-to-end search time: 12815116 ns
Total end-to-end search time: 13327692 ns
Total end-to-end search time: 13102125 ns
Total end-to-end search time: 12914542 ns
Total end-to-end search time: 11472297 ns
Total end-to-end search time: 11800621 ns
Total end-to-end search time: 10214536 ns
Total end-to-end search time: 9603870 ns
Total end-to-end search time: 11481887 ns
Total end-to-end search time: 10778645 ns
Total end-to-end search time: 12236059 ns
Total end-to-end search time: 12573540 ns
Total end-to-end search time: 11925587 ns
Total end-to-end search time: 11725455 ns
Query: 64, nThreads: 4, warmup: 16
====================================================================================================
(ns)
Load index... Graph level 5..
Total end-to-end search time: 12994675 ns
Total end-to-end search time: 10761819 ns
Total end-to-end search time: 12268927 ns
Total end-to-end search time: 12759914 ns
Total end-to-end search time: 13354020 ns
Total end-to-end search time: 13129591 ns
Total end-to-end search time: 12953783 ns
Total end-to-end search time: 11540557 ns
Total end-to-end search time: 11754380 ns
Total end-to-end search time: 10140668 ns
Total end-to-end search time: 9559324 ns
Total end-to-end search time: 11578398 ns
Total end-to-end search time: 10834742 ns
Total end-to-end search time: 12323187 ns
Total end-to-end search time: 12766587 ns
Total end-to-end search time: 11888462 ns
Total end-to-end search time: 11775543 ns
Query: 64, nThreads: 4, warmup: 16
====================================================================================================
(ns)
Load index... Graph level 5..
Total end-to-end search time: 12858215 ns
Total end-to-end search time: 10691769 ns
Total end-to-end search time: 12699317 ns
Total end-to-end search time: 12938464 ns
Total end-to-end search time: 13511088 ns
Total end-to-end search time: 13398305 ns
Total end-to-end search time: 12987586 ns
Total end-to-end search time: 11632241 ns
Total end-to-end search time: 11807800 ns
Total end-to-end search time: 10246822 ns
Total end-to-end search time: 9684107 ns
Total end-to-end search time: 11473010 ns
Total end-to-end search time: 10766648 ns
Total end-to-end search time: 12162523 ns
Total end-to-end search time: 12523271 ns
Total end-to-end search time: 11794796 ns
Total end-to-end search time: 11752267 ns
Query: 64, nThreads: 4, warmup: 16
====================================================================================================
(ns)
Load index... Graph level 5..
Total end-to-end search time: 13041942 ns
Total end-to-end search time: 10793018 ns
Total end-to-end search time: 12640609 ns
Total end-to-end search time: 12836684 ns
Total end-to-end search time: 13322976 ns
Total end-to-end search time: 13202293 ns
Total end-to-end search time: 13386932 ns
Total end-to-end search time: 11531058 ns
Total end-to-end search time: 11813283 ns
Total end-to-end search time: 10183791 ns
Total end-to-end search time: 9642964 ns
Total end-to-end search time: 11458280 ns
Total end-to-end search time: 10722704 ns
Total end-to-end search time: 12363727 ns
Total end-to-end search time: 12563296 ns
Total end-to-end search time: 11789398 ns
Total end-to-end search time: 11673837 ns
Query: 64, nThreads: 4, warmup: 16
====================================================================================================
(ns)
Load index... Graph level 5..
Total end-to-end search time: 12684902 ns
Total end-to-end search time: 10453502 ns
Total end-to-end search time: 12501589 ns
Total end-to-end search time: 12617810 ns
Total end-to-end search time: 13142496 ns
Total end-to-end search time: 13147111 ns
Total end-to-end search time: 12749089 ns
Total end-to-end search time: 11559906 ns
Total end-to-end search time: 11730804 ns
Total end-to-end search time: 10197254 ns
Total end-to-end search time: 9652483 ns
Total end-to-end search time: 11358207 ns
Total end-to-end search time: 10742034 ns
Total end-to-end search time: 12254498 ns
Total end-to-end search time: 12607259 ns
Total end-to-end search time: 11968087 ns
Total end-to-end search time: 11916952 ns
Query: 64, nThreads: 4, warmup: 16
====================================================================================================
(ns)
Load index... Graph level 5..
Total end-to-end search time: 12525220 ns
Total end-to-end search time: 10508821 ns
Total end-to-end search time: 12431321 ns
Total end-to-end search time: 12838515 ns
Total end-to-end search time: 13192132 ns
Total end-to-end search time: 13188093 ns
Total end-to-end search time: 13185791 ns
Total end-to-end search time: 11674481 ns
Total end-to-end search time: 12026639 ns
Total end-to-end search time: 10310987 ns
Total end-to-end search time: 9641621 ns
Total end-to-end search time: 11818572 ns
Total end-to-end search time: 10731941 ns
Total end-to-end search time: 12241709 ns
Total end-to-end search time: 12753786 ns
Total end-to-end search time: 11831028 ns
Total end-to-end search time: 11707818 ns
Query: 64, nThreads: 4, warmup: 16
====================================================================================================
(ns)
Load index... Graph level 5..
Total end-to-end search time: 12966720 ns
Total end-to-end search time: 10722471 ns
Total end-to-end search time: 12729095 ns
Total end-to-end search time: 12711215 ns
Total end-to-end search time: 13465452 ns
Total end-to-end search time: 13521804 ns
Total end-to-end search time: 13116610 ns
Total end-to-end search time: 11488979 ns
Total end-to-end search time: 11812326 ns
Total end-to-end search time: 10233233 ns
Total end-to-end search time: 9576298 ns
Total end-to-end search time: 11470691 ns
Total end-to-end search time: 10741635 ns
Total end-to-end search time: 12189136 ns
Total end-to-end search time: 12518154 ns
Total end-to-end search time: 11814315 ns
Total end-to-end search time: 11855501 ns
Query: 64, nThreads: 4, warmup: 16
====================================================================================================
(ns)
Load index... Graph level 5..
Total end-to-end search time: 12627079 ns
Total end-to-end search time: 10397068 ns
Total end-to-end search time: 12261910 ns
Total end-to-end search time: 12630924 ns
Total end-to-end search time: 13153795 ns
Total end-to-end search time: 12943364 ns
Total end-to-end search time: 12912789 ns
Total end-to-end search time: 11385347 ns
Total end-to-end search time: 11757913 ns
Total end-to-end search time: 10099555 ns
Total end-to-end search time: 9683803 ns
Total end-to-end search time: 11417396 ns
Total end-to-end search time: 10732058 ns
Total end-to-end search time: 12147767 ns
Total end-to-end search time: 12652890 ns
Total end-to-end search time: 11803927 ns
Total end-to-end search time: 11752031 ns
Query: 64, nThreads: 4, warmup: 16
====================================================================================================
(ns)
Load index... Graph level 5..
Total end-to-end search time: 12828056 ns
Total end-to-end search time: 10651317 ns
Total end-to-end search time: 12485188 ns
Total end-to-end search time: 12647511 ns
Total end-to-end search time: 13381787 ns
Total end-to-end search time: 13273329 ns
Total end-to-end search time: 12976514 ns
Total end-to-end search time: 11585473 ns
Total end-to-end search time: 11823783 ns
Total end-to-end search time: 10204006 ns
Total end-to-end search time: 9791622 ns
Total end-to-end search time: 11448895 ns
Total end-to-end search time: 10715791 ns
Total end-to-end search time: 12277093 ns
Total end-to-end search time: 12501190 ns
Total end-to-end search time: 11729779 ns
Total end-to-end search time: 11803490 ns
Query: 64, nThreads: 4, warmup: 16
====================================================================================================
(ns)
Load index... Graph level 5..
Total end-to-end search time: 12862232 ns
Total end-to-end search time: 10831931 ns
Total end-to-end search time: 12440234 ns
Total end-to-end search time: 12743680 ns
Total end-to-end search time: 13515408 ns
Total end-to-end search time: 13497739 ns
Total end-to-end search time: 13001298 ns
Total end-to-end search time: 11516737 ns
Total end-to-end search time: 11717938 ns
Total end-to-end search time: 10207792 ns
Total end-to-end search time: 9791292 ns
Total end-to-end search time: 11564150 ns
Total end-to-end search time: 10735241 ns
Total end-to-end search time: 12212865 ns
Total end-to-end search time: 12584699 ns
Total end-to-end search time: 11894925 ns
Total end-to-end search time: 11860654 ns
Query: 64, nThreads: 4, warmup: 16
====================================================================================================
(ns)
Load index... Graph level 5..
Total end-to-end search time: 12822514 ns
Total end-to-end search time: 10780864 ns
Total end-to-end search time: 12501621 ns
Total end-to-end search time: 12667777 ns
Total end-to-end search time: 13562043 ns
Total end-to-end search time: 13304794 ns
Total end-to-end search time: 13139707 ns
Total end-to-end search time: 11682692 ns
Total end-to-end search time: 11801173 ns
Total end-to-end search time: 10180537 ns
Total end-to-end search time: 9722236 ns
Total end-to-end search time: 11507095 ns
Total end-to-end search time: 10776324 ns
Total end-to-end search time: 12128375 ns
Total end-to-end search time: 12529537 ns
Total end-to-end search time: 11863789 ns
Total end-to-end search time: 11893245 ns
Query: 64, nThreads: 4, warmup: 16
====================================================================================================
(ns)
Load index... Graph level 5..
Total end-to-end search time: 12606913 ns
Total end-to-end search time: 10414948 ns
Total end-to-end search time: 12274435 ns
Total end-to-end search time: 12576130 ns
Total end-to-end search time: 13095117 ns
Total end-to-end search time: 13058046 ns
Total end-to-end search time: 12821095 ns
Total end-to-end search time: 11409410 ns
Total end-to-end search time: 11819372 ns
Total end-to-end search time: 10099114 ns
Total end-to-end search time: 9706910 ns
Total end-to-end search time: 11601786 ns
Total end-to-end search time: 10723835 ns
Total end-to-end search time: 12233686 ns
Total end-to-end search time: 12555412 ns
Total end-to-end search time: 11825480 ns
Total end-to-end search time: 11919016 ns
Query: 64, nThreads: 4, warmup: 16
====================================================================================================
(ns)
Load index... Graph level 5..
Total end-to-end search time: 13062935 ns
Total end-to-end search time: 10554386 ns
Total end-to-end search time: 12370598 ns
Total end-to-end search time: 12683172 ns
Total end-to-end search time: 13444541 ns
Total end-to-end search time: 13576418 ns
Total end-to-end search time: 13152194 ns
Total end-to-end search time: 12003048 ns
Total end-to-end search time: 11774360 ns
Total end-to-end search time: 10203708 ns
Total end-to-end search time: 9568380 ns
Total end-to-end search time: 11478226 ns
Total end-to-end search time: 10682242 ns
Total end-to-end search time: 12210381 ns
Total end-to-end search time: 12496234 ns
Total end-to-end search time: 11754021 ns
Total end-to-end search time: 11759650 ns
Query: 64, nThreads: 4, warmup: 16
====================================================================================================
(ns)
Load index... Graph level 5..
Total end-to-end search time: 12820109 ns
Total end-to-end search time: 10693219 ns
Total end-to-end search time: 12552264 ns
Total end-to-end search time: 12841749 ns
Total end-to-end search time: 13621132 ns
Total end-to-end search time: 13425501 ns
Total end-to-end search time: 13311103 ns
Total end-to-end search time: 11608616 ns
Total end-to-end search time: 11761237 ns
Total end-to-end search time: 10303031 ns
Total end-to-end search time: 9608374 ns
Total end-to-end search time: 11382374 ns
Total end-to-end search time: 10731629 ns
Total end-to-end search time: 12285518 ns
Total end-to-end search time: 12455851 ns
Total end-to-end search time: 11838218 ns
Total end-to-end search time: 11838987 ns
Query: 64, nThreads: 4, warmup: 16
====================================================================================================
(ns)
Load index... Graph level 5..
Total end-to-end search time: 12508437 ns
Total end-to-end search time: 10384811 ns
Total end-to-end search time: 12282973 ns
Total end-to-end search time: 12499011 ns
Total end-to-end search time: 13072946 ns
Total end-to-end search time: 13232339 ns
Total end-to-end search time: 12849239 ns
Total end-to-end search time: 11411370 ns
Total end-to-end search time: 11859647 ns
Total end-to-end search time: 10174705 ns
Total end-to-end search time: 9660044 ns
Total end-to-end search time: 11546865 ns
Total end-to-end search time: 10719896 ns
Total end-to-end search time: 12243598 ns
Total end-to-end search time: 12752253 ns
Total end-to-end search time: 11866506 ns
Total end-to-end search time: 11788772 ns
Query: 64, nThreads: 4, warmup: 16
====================================================================================================
(ns)
Load index... Graph level 5..
Total end-to-end search time: 13128249 ns
Total end-to-end search time: 10636714 ns
Total end-to-end search time: 12607695 ns
Total end-to-end search time: 12924274 ns
Total end-to-end search time: 13673155 ns
Total end-to-end search time: 13461864 ns
Total end-to-end search time: 13137672 ns
Total end-to-end search time: 11596630 ns
Total end-to-end search time: 11750481 ns
Total end-to-end search time: 10264316 ns
Total end-to-end search time: 9573039 ns
Total end-to-end search time: 11414584 ns
Total end-to-end search time: 10662802 ns
Total end-to-end search time: 12257027 ns
Total end-to-end search time: 12448018 ns
Total end-to-end search time: 11799710 ns
Total end-to-end search time: 11905810 ns
Query: 64, nThreads: 4, warmup: 16
====================================================================================================
(ns)
Load index... Graph level 5..
Total end-to-end search time: 12871266 ns
Total end-to-end search time: 10644989 ns
Total end-to-end search time: 12558569 ns
Total end-to-end search time: 13073993 ns
Total end-to-end search time: 13452570 ns
Total end-to-end search time: 13550526 ns
Total end-to-end search time: 13307340 ns
Total end-to-end search time: 11522919 ns
Total end-to-end search time: 11690022 ns
Total end-to-end search time: 10217855 ns
Total end-to-end search time: 9538293 ns
Total end-to-end search time: 11514232 ns
Total end-to-end search time: 10711282 ns
Total end-to-end search time: 12324330 ns
Total end-to-end search time: 12482044 ns
Total end-to-end search time: 11816105 ns
Total end-to-end search time: 11741156 ns
Query: 64, nThreads: 4, warmup: 16
====================================================================================================
(ns)
Load index... Graph level 5..
Total end-to-end search time: 12784743 ns
Total end-to-end search time: 10780818 ns
Total end-to-end search time: 12393515 ns
Total end-to-end search time: 12874110 ns
Total end-to-end search time: 13515814 ns
Total end-to-end search time: 13463095 ns
Total end-to-end search time: 13093391 ns
Total end-to-end search time: 11425444 ns
Total end-to-end search time: 11686782 ns
Total end-to-end search time: 10141060 ns
Total end-to-end search time: 9623983 ns
Total end-to-end search time: 11413613 ns
Total end-to-end search time: 10678063 ns
Total end-to-end search time: 12166395 ns
Total end-to-end search time: 12552083 ns
Total end-to-end search time: 11846672 ns
Total end-to-end search time: 11698418 ns
Query: 64, nThreads: 4, warmup: 16
====================================================================================================
(ns)
Load index... Graph level 5..
Total end-to-end search time: 12561698 ns
Total end-to-end search time: 10457737 ns
Total end-to-end search time: 12218432 ns
Total end-to-end search time: 12632936 ns
Total end-to-end search time: 13359183 ns
Total end-to-end search time: 13168586 ns
Total end-to-end search time: 12776662 ns
Total end-to-end search time: 11627966 ns
Total end-to-end search time: 11671045 ns
Total end-to-end search time: 10102591 ns
Total end-to-end search time: 9676520 ns
Total end-to-end search time: 11442896 ns
Total end-to-end search time: 10882176 ns
Total end-to-end search time: 12373996 ns
Total end-to-end search time: 12520866 ns
Total end-to-end search time: 11709580 ns
Total end-to-end search time: 11775775 ns
Query: 64, nThreads: 4, warmup: 16
====================================================================================================
(ns)
Load index... Graph level 5..
Total end-to-end search time: 12523166 ns
Total end-to-end search time: 10444375 ns
Total end-to-end search time: 12656509 ns
Total end-to-end search time: 12636707 ns
Total end-to-end search time: 13269690 ns
Total end-to-end search time: 13369838 ns
Total end-to-end search time: 13409270 ns
Total end-to-end search time: 11684925 ns
Total end-to-end search time: 11949238 ns
Total end-to-end search time: 10113197 ns
Total end-to-end search time: 9673177 ns
Total end-to-end search time: 11956101 ns
Total end-to-end search time: 10929390 ns
Total end-to-end search time: 12238333 ns
Total end-to-end search time: 12449131 ns
Total end-to-end search time: 11887022 ns
Total end-to-end search time: 11869856 ns
Query: 64, nThreads: 4, warmup: 16
====================================================================================================
(ns)
Load index... Graph level 5..
Total end-to-end search time: 12685501 ns
Total end-to-end search time: 10504972 ns
Total end-to-end search time: 12365143 ns
Total end-to-end search time: 12881255 ns
Total end-to-end search time: 13533376 ns
Total end-to-end search time: 13216945 ns
Total end-to-end search time: 12944851 ns
Total end-to-end search time: 11649256 ns
Total end-to-end search time: 11833190 ns
Total end-to-end search time: 10101462 ns
Total end-to-end search time: 9594219 ns
Total end-to-end search time: 11485631 ns
Total end-to-end search time: 10718588 ns
Total end-to-end search time: 12161653 ns
Total end-to-end search time: 12564212 ns
Total end-to-end search time: 11937505 ns
Total end-to-end search time: 11741956 ns
