Query: 8192, nThreads: 8, warmup: 1
====================================================================================================
(ns)
Load index... Graph level 5..
Total end-to-end search time: 725458364 ns
Total end-to-end search time: 158661788 ns
Query: 8192, nThreads: 8, warmup: 1
====================================================================================================
(ns)
Load index... Graph level 5..
Total end-to-end search time: 726950067 ns
Total end-to-end search time: 158836122 ns
Query: 8192, nThreads: 8, warmup: 1
====================================================================================================
(ns)
Load index... Graph level 5..
Total end-to-end search time: 728881351 ns
Total end-to-end search time: 158016201 ns
Query: 8192, nThreads: 8, warmup: 1
====================================================================================================
(ns)
Load index... Graph level 5..
Total end-to-end search time: 729273764 ns
Total end-to-end search time: 159059448 ns
Query: 8192, nThreads: 8, warmup: 1
====================================================================================================
(ns)
Load index... Graph level 5..
Total end-to-end search time: 731733691 ns
Total end-to-end search time: 158590746 ns
Query: 8192, nThreads: 8, warmup: 1
====================================================================================================
(ns)
Load index... Graph level 5..
Total end-to-end search time: 732763839 ns
Total end-to-end search time: 158802268 ns
Query: 8192, nThreads: 8, warmup: 1
====================================================================================================
(ns)
Load index... Graph level 5..
Total end-to-end search time: 733290325 ns
Total end-to-end search time: 159006402 ns
Query: 8192, nThreads: 8, warmup: 1
====================================================================================================
(ns)
Load index... Graph level 5..
Total end-to-end search time: 733908318 ns
Total end-to-end search time: 159116534 ns
Query: 8192, nThreads: 8, warmup: 1
====================================================================================================
(ns)
Load index... Graph level 5..
Total end-to-end search time: 733420817 ns
Total end-to-end search time: 159214609 ns
Query: 8192, nThreads: 8, warmup: 1
====================================================================================================
(ns)
Load index... Graph level 5..
Total end-to-end search time: 733433534 ns
Total end-to-end search time: 158126518 ns
Query: 8192, nThreads: 8, warmup: 1
====================================================================================================
(ns)
Load index... Graph level 5..
Total end-to-end search time: 726245715 ns
Total end-to-end search time: 158225635 ns
Query: 8192, nThreads: 8, warmup: 1
====================================================================================================
(ns)
Load index... Graph level 5..
Total end-to-end search time: 735138222 ns
Total end-to-end search time: 158617692 ns
Query: 8192, nThreads: 8, warmup: 1
====================================================================================================
(ns)
Load index... Graph level 5..
Total end-to-end search time: 734974238 ns
Total end-to-end search time: 157722254 ns
Query: 8192, nThreads: 8, warmup: 1
====================================================================================================
(ns)
Load index... Graph level 5..
Total end-to-end search time: 735253470 ns
Total end-to-end search time: 158989982 ns
Query: 8192, nThreads: 8, warmup: 1
====================================================================================================
(ns)
Load index... Graph level 5..
Total end-to-end search time: 734513441 ns
Total end-to-end search time: 159163592 ns
Query: 8192, nThreads: 8, warmup: 1
====================================================================================================
(ns)
Load index... Graph level 5..
Total end-to-end search time: 734169239 ns
Total end-to-end search time: 158867965 ns
Query: 8192, nThreads: 8, warmup: 1
====================================================================================================
(ns)
Load index... Graph level 5..
Total end-to-end search time: 732493106 ns
Total end-to-end search time: 157940452 ns
Query: 8192, nThreads: 8, warmup: 1
====================================================================================================
(ns)
Load index... Graph level 5..
Total end-to-end search time: 731751835 ns
Total end-to-end search time: 158730367 ns
Query: 8192, nThreads: 8, warmup: 1
====================================================================================================
(ns)
Load index... Graph level 5..
Total end-to-end search time: 729478617 ns
Total end-to-end search time: 157867166 ns
Query: 8192, nThreads: 8, warmup: 1
====================================================================================================
(ns)
Load index... Graph level 5..
Total end-to-end search time: 728512689 ns
Total end-to-end search time: 157950049 ns
Query: 8192, nThreads: 8, warmup: 1
====================================================================================================
(ns)
Load index... Graph level 5..
Total end-to-end search time: 726405615 ns
Total end-to-end search time: 157472375 ns
Query: 8192, nThreads: 8, warmup: 1
====================================================================================================
(ns)
Load index... Graph level 5..
Total end-to-end search time: 727532367 ns
Total end-to-end search time: 157678559 ns
Query: 8192, nThreads: 8, warmup: 1
====================================================================================================
(ns)
Load index... Graph level 5..
Total end-to-end search time: 727478455 ns
Total end-to-end search time: 157731643 ns
Query: 8192, nThreads: 8, warmup: 1
====================================================================================================
(ns)
Load index... Graph level 5..
Total end-to-end search time: 729076697 ns
Total end-to-end search time: 156803722 ns
Query: 8192, nThreads: 8, warmup: 1
====================================================================================================
(ns)
Load index... Graph level 5..
Total end-to-end search time: 727971958 ns
Total end-to-end search time: 156952806 ns
Query: 8192, nThreads: 8, warmup: 1
====================================================================================================
(ns)
Load index... Graph level 5..
Total end-to-end search time: 728605355 ns
Total end-to-end search time: 157321428 ns
Query: 8192, nThreads: 8, warmup: 1
====================================================================================================
(ns)
Load index... Graph level 5..
Total end-to-end search time: 732821704 ns
Total end-to-end search time: 157609084 ns
Query: 8192, nThreads: 8, warmup: 1
====================================================================================================
(ns)
Load index... Graph level 5..
Total end-to-end search time: 728419414 ns
Total end-to-end search time: 157290783 ns
Query: 8192, nThreads: 8, warmup: 1
====================================================================================================
(ns)
Load index... Graph level 5..
Total end-to-end search time: 726667718 ns
Total end-to-end search time: 158033064 ns
Query: 8192, nThreads: 8, warmup: 1
====================================================================================================
(ns)
Load index... Graph level 5..
Total end-to-end search time: 726641732 ns
Total end-to-end search time: 157435044 ns
