Query: 8192, nThreads: 4, warmup: 1
====================================================================================================
(ns)
Load index... Graph level 5..
Total end-to-end search time: 1438815458 ns
Total end-to-end search time: 308050615 ns
Query: 8192, nThreads: 4, warmup: 1
====================================================================================================
(ns)
Load index... Graph level 5..
Total end-to-end search time: 1427325647 ns
Total end-to-end search time: 311312423 ns
Query: 8192, nThreads: 4, warmup: 1
====================================================================================================
(ns)
Load index... Graph level 5..
Total end-to-end search time: 1433055380 ns
Total end-to-end search time: 312498820 ns
Query: 8192, nThreads: 4, warmup: 1
====================================================================================================
(ns)
Load index... Graph level 5..
Total end-to-end search time: 1442960582 ns
Total end-to-end search time: 314449509 ns
Query: 8192, nThreads: 4, warmup: 1
====================================================================================================
(ns)
Load index... Graph level 5..
Total end-to-end search time: 1450439331 ns
Total end-to-end search time: 311944940 ns
Query: 8192, nThreads: 4, warmup: 1
====================================================================================================
(ns)
Load index... Graph level 5..
Total end-to-end search time: 1444287437 ns
Total end-to-end search time: 311918572 ns
Query: 8192, nThreads: 4, warmup: 1
====================================================================================================
(ns)
Load index... Graph level 5..
Total end-to-end search time: 1441833166 ns
Total end-to-end search time: 312696839 ns
Query: 8192, nThreads: 4, warmup: 1
====================================================================================================
(ns)
Load index... Graph level 5..
Total end-to-end search time: 1440313178 ns
Total end-to-end search time: 313094234 ns
Query: 8192, nThreads: 4, warmup: 1
====================================================================================================
(ns)
Load index... Graph level 5..
Total end-to-end search time: 1441922046 ns
Total end-to-end search time: 311941333 ns
Query: 8192, nThreads: 4, warmup: 1
====================================================================================================
(ns)
Load index... Graph level 5..
Total end-to-end search time: 1443043259 ns
Total end-to-end search time: 313366697 ns
Query: 8192, nThreads: 4, warmup: 1
====================================================================================================
(ns)
Load index... Graph level 5..
Total end-to-end search time: 1444715856 ns
Total end-to-end search time: 313944203 ns
Query: 8192, nThreads: 4, warmup: 1
====================================================================================================
(ns)
Load index... Graph level 5..
Total end-to-end search time: 1447212273 ns
Total end-to-end search time: 314587353 ns
Query: 8192, nThreads: 4, warmup: 1
====================================================================================================
(ns)
Load index... Graph level 5..
Total end-to-end search time: 1453242943 ns
Total end-to-end search time: 310793812 ns
Query: 8192, nThreads: 4, warmup: 1
====================================================================================================
(ns)
Load index... Graph level 5..
Total end-to-end search time: 1450189315 ns
Total end-to-end search time: 310119755 ns
Query: 8192, nThreads: 4, warmup: 1
====================================================================================================
(ns)
Load index... Graph level 5..
Total end-to-end search time: 1450419620 ns
Total end-to-end search time: 309673022 ns
Query: 8192, nThreads: 4, warmup: 1
====================================================================================================
(ns)
Load index... Graph level 5..
Total end-to-end search time: 1443250865 ns
Total end-to-end search time: 308995781 ns
Query: 8192, nThreads: 4, warmup: 1
====================================================================================================
(ns)
Load index... Graph level 5..
Total end-to-end search time: 1436179954 ns
Total end-to-end search time: 309039267 ns
Query: 8192, nThreads: 4, warmup: 1
====================================================================================================
(ns)
Load index... Graph level 5..
Total end-to-end search time: 1434871349 ns
Total end-to-end search time: 309829837 ns
Query: 8192, nThreads: 4, warmup: 1
====================================================================================================
(ns)
Load index... Graph level 5..
Total end-to-end search time: 1428168412 ns
Total end-to-end search time: 309019420 ns
Query: 8192, nThreads: 4, warmup: 1
====================================================================================================
(ns)
Load index... Graph level 5..
Total end-to-end search time: 1426153915 ns
Total end-to-end search time: 310559091 ns
Query: 8192, nThreads: 4, warmup: 1
====================================================================================================
(ns)
Load index... Graph level 5..
Total end-to-end search time: 1430412017 ns
Total end-to-end search time: 310410120 ns
Query: 8192, nThreads: 4, warmup: 1
====================================================================================================
(ns)
Load index... Graph level 5..
Total end-to-end search time: 1426789708 ns
Total end-to-end search time: 310837179 ns
Query: 8192, nThreads: 4, warmup: 1
====================================================================================================
(ns)
Load index... Graph level 5..
Total end-to-end search time: 1430925963 ns
Total end-to-end search time: 311730407 ns
Query: 8192, nThreads: 4, warmup: 1
====================================================================================================
(ns)
Load index... Graph level 5..
Total end-to-end search time: 1431957488 ns
Total end-to-end search time: 310692036 ns
Query: 8192, nThreads: 4, warmup: 1
====================================================================================================
(ns)
Load index... Graph level 5..
Total end-to-end search time: 1436888897 ns
Total end-to-end search time: 309086470 ns
Query: 8192, nThreads: 4, warmup: 1
====================================================================================================
(ns)
Load index... Graph level 5..
Total end-to-end search time: 1437435070 ns
Total end-to-end search time: 308665477 ns
Query: 8192, nThreads: 4, warmup: 1
====================================================================================================
(ns)
Load index... Graph level 5..
Total end-to-end search time: 1433225122 ns
Total end-to-end search time: 309911600 ns
Query: 8192, nThreads: 4, warmup: 1
====================================================================================================
(ns)
Load index... Graph level 5..
Total end-to-end search time: 1432028315 ns
Total end-to-end search time: 308148764 ns
Query: 8192, nThreads: 4, warmup: 1
====================================================================================================
(ns)
Load index... Graph level 5..
Total end-to-end search time: 1427804065 ns
Total end-to-end search time: 307215756 ns
Query: 8192, nThreads: 4, warmup: 1
====================================================================================================
(ns)
Load index... Graph level 5..
Total end-to-end search time: 1423142869 ns
Total end-to-end search time: 309114418 ns
