Query: 8192, nThreads: 2, warmup: 1
====================================================================================================
(ns)
Load index... Graph level 5..
Total end-to-end search time: 2826682825 ns
Total end-to-end search time: 615827084 ns
Query: 8192, nThreads: 2, warmup: 1
====================================================================================================
(ns)
Load index... Graph level 5..
Total end-to-end search time: 2865426933 ns
Total end-to-end search time: 617706434 ns
Query: 8192, nThreads: 2, warmup: 1
====================================================================================================
(ns)
Load index... Graph level 5..
Total end-to-end search time: 2863050909 ns
Total end-to-end search time: 618837360 ns
Query: 8192, nThreads: 2, warmup: 1
====================================================================================================
(ns)
Load index... Graph level 5..
Total end-to-end search time: 2853271302 ns
Total end-to-end search time: 618189083 ns
Query: 8192, nThreads: 2, warmup: 1
====================================================================================================
(ns)
Load index... Graph level 5..
Total end-to-end search time: 2852020554 ns
Total end-to-end search time: 618862172 ns
Query: 8192, nThreads: 2, warmup: 1
====================================================================================================
(ns)
Load index... Graph level 5..
Total end-to-end search time: 2846609351 ns
Total end-to-end search time: 618122082 ns
Query: 8192, nThreads: 2, warmup: 1
====================================================================================================
(ns)
Load index... Graph level 5..
Total end-to-end search time: 2859956998 ns
Total end-to-end search time: 617959754 ns
Query: 8192, nThreads: 2, warmup: 1
====================================================================================================
(ns)
Load index... Graph level 5..
Total end-to-end search time: 2860305283 ns
Total end-to-end search time: 617837082 ns
Query: 8192, nThreads: 2, warmup: 1
====================================================================================================
(ns)
Load index... Graph level 5..
Total end-to-end search time: 2863488095 ns
Total end-to-end search time: 624873880 ns
Query: 8192, nThreads: 2, warmup: 1
====================================================================================================
(ns)
Load index... Graph level 5..
Total end-to-end search time: 2866356012 ns
Total end-to-end search time: 624823296 ns
Query: 8192, nThreads: 2, warmup: 1
====================================================================================================
(ns)
Load index... Graph level 5..
Total end-to-end search time: 2881600504 ns
Total end-to-end search time: 617876473 ns
Query: 8192, nThreads: 2, warmup: 1
====================================================================================================
(ns)
Load index... Graph level 5..
Total end-to-end search time: 2866657759 ns
Total end-to-end search time: 621700281 ns
Query: 8192, nThreads: 2, warmup: 1
====================================================================================================
(ns)
Load index... Graph level 5..
Total end-to-end search time: 2861424553 ns
Total end-to-end search time: 620426965 ns
Query: 8192, nThreads: 2, warmup: 1
====================================================================================================
(ns)
Load index... Graph level 5..
Total end-to-end search time: 2836631440 ns
Total end-to-end search time: 611259416 ns
Query: 8192, nThreads: 2, warmup: 1
====================================================================================================
(ns)
Load index... Graph level 5..
Total end-to-end search time: 2834093161 ns
Total end-to-end search time: 611413859 ns
Query: 8192, nThreads: 2, warmup: 1
====================================================================================================
(ns)
Load index... Graph level 5..
Total end-to-end search time: 2821974922 ns
Total end-to-end search time: 611020887 ns
Query: 8192, nThreads: 2, warmup: 1
====================================================================================================
(ns)
Load index... Graph level 5..
Total end-to-end search time: 2823529940 ns
Total end-to-end search time: 612194622 ns
Query: 8192, nThreads: 2, warmup: 1
====================================================================================================
(ns)
Load index... Graph level 5..
Total end-to-end search time: 2820128267 ns
Total end-to-end search time: 612543726 ns
Query: 8192, nThreads: 2, warmup: 1
====================================================================================================
(ns)
Load index... Graph level 5..
Total end-to-end search time: 2825750681 ns
Total end-to-end search time: 614621047 ns
Query: 8192, nThreads: 2, warmup: 1
====================================================================================================
(ns)
Load index... Graph level 5..
Total end-to-end search time: 2828606703 ns
Total end-to-end search time: 615851947 ns
Query: 8192, nThreads: 2, warmup: 1
====================================================================================================
(ns)
Load index... Graph level 5..
Total end-to-end search time: 2835938579 ns
Total end-to-end search time: 618728998 ns
Query: 8192, nThreads: 2, warmup: 1
====================================================================================================
(ns)
Load index... Graph level 5..
Total end-to-end search time: 2836371020 ns
Total end-to-end search time: 618738123 ns
Query: 8192, nThreads: 2, warmup: 1
====================================================================================================
(ns)
Load index... Graph level 5..
Total end-to-end search time: 2842012569 ns
Total end-to-end search time: 615912125 ns
Query: 8192, nThreads: 2, warmup: 1
====================================================================================================
(ns)
Load index... Graph level 5..
Total end-to-end search time: 2857004937 ns
Total end-to-end search time: 614708073 ns
Query: 8192, nThreads: 2, warmup: 1
====================================================================================================
(ns)
Load index... Graph level 5..
Total end-to-end search time: 2844616643 ns
Total end-to-end search time: 611432557 ns
Query: 8192, nThreads: 2, warmup: 1
====================================================================================================
(ns)
Load index... Graph level 5..
Total end-to-end search time: 2836395492 ns
Total end-to-end search time: 610361725 ns
Query: 8192, nThreads: 2, warmup: 1
====================================================================================================
(ns)
Load index... Graph level 5..
Total end-to-end search time: 2816824869 ns
Total end-to-end search time: 608216703 ns
Query: 8192, nThreads: 2, warmup: 1
====================================================================================================
(ns)
Load index... Graph level 5..
Total end-to-end search time: 2835461243 ns
Total end-to-end search time: 608461408 ns
Query: 8192, nThreads: 2, warmup: 1
====================================================================================================
(ns)
Load index... Graph level 5..
Total end-to-end search time: 2807370746 ns
Total end-to-end search time: 606802635 ns
Query: 8192, nThreads: 2, warmup: 1
====================================================================================================
(ns)
Load index... Graph level 5..
Total end-to-end search time: 2808400172 ns
Total end-to-end search time: 608939407 ns
