Query: 1024, nThreads: 1, warmup: 2
====================================================================================================
(ns)
Load index... Graph level 5..
Total end-to-end search time: 723358361 ns
Total end-to-end search time: 735573714 ns
Total end-to-end search time: 739689974 ns
Query: 1024, nThreads: 1, warmup: 2
====================================================================================================
(ns)
Load index... Graph level 5..
Total end-to-end search time: 721410481 ns
Total end-to-end search time: 732317866 ns
Total end-to-end search time: 734934893 ns
Query: 1024, nThreads: 1, warmup: 2
====================================================================================================
(ns)
Load index... Graph level 5..
Total end-to-end search time: 724274897 ns
Total end-to-end search time: 734525590 ns
Total end-to-end search time: 739022721 ns
Query: 1024, nThreads: 1, warmup: 2
====================================================================================================
(ns)
Load index... Graph level 5..
Total end-to-end search time: 728165983 ns
Total end-to-end search time: 737988907 ns
Total end-to-end search time: 745805456 ns
Query: 1024, nThreads: 1, warmup: 2
====================================================================================================
(ns)
Load index... Graph level 5..
Total end-to-end search time: 728085629 ns
Total end-to-end search time: 738146486 ns
Total end-to-end search time: 741664861 ns
Query: 1024, nThreads: 1, warmup: 2
====================================================================================================
(ns)
Load index... Graph level 5..
Total end-to-end search time: 727533620 ns
Total end-to-end search time: 741108018 ns
Total end-to-end search time: 745618680 ns
Query: 1024, nThreads: 1, warmup: 2
====================================================================================================
(ns)
Load index... Graph level 5..
Total end-to-end search time: 725030163 ns
Total end-to-end search time: 735512953 ns
Total end-to-end search time: 741242645 ns
Query: 1024, nThreads: 1, warmup: 2
====================================================================================================
(ns)
Load index... Graph level 5..
Total end-to-end search time: 720902938 ns
Total end-to-end search time: 731392483 ns
Total end-to-end search time: 734798782 ns
Query: 1024, nThreads: 1, warmup: 2
====================================================================================================
(ns)
Load index... Graph level 5..
Total end-to-end search time: 724154816 ns
Total end-to-end search time: 735133725 ns
Total end-to-end search time: 738476210 ns
Query: 1024, nThreads: 1, warmup: 2
====================================================================================================
(ns)
Load index... Graph level 5..
Total end-to-end search time: 722425266 ns
Total end-to-end search time: 731695445 ns
Total end-to-end search time: 737320785 ns
Query: 1024, nThreads: 1, warmup: 2
====================================================================================================
(ns)
Load index... Graph level 5..
Total end-to-end search time: 721699934 ns
Total end-to-end search time: 735929902 ns
Total end-to-end search time: 744802883 ns
Query: 1024, nThreads: 1, warmup: 2
====================================================================================================
(ns)
Load index... Graph level 5..
Total end-to-end search time: 729639014 ns
Total end-to-end search time: 740901823 ns
Total end-to-end search time: 744613138 ns
Query: 1024, nThreads: 1, warmup: 2
====================================================================================================
(ns)
Load index... Graph level 5..
Total end-to-end search time: 727590149 ns
Total end-to-end search time: 735826301 ns
Total end-to-end search time: 738393583 ns
Query: 1024, nThreads: 1, warmup: 2
====================================================================================================
(ns)
Load index... Graph level 5..
Total end-to-end search time: 722719822 ns
Total end-to-end search time: 733506125 ns
Total end-to-end search time: 736843716 ns
Query: 1024, nThreads: 1, warmup: 2
====================================================================================================
(ns)
Load index... Graph level 5..
Total end-to-end search time: 723539465 ns
Total end-to-end search time: 734774351 ns
Total end-to-end search time: 737845776 ns
Query: 1024, nThreads: 1, warmup: 2
====================================================================================================
(ns)
Load index... Graph level 5..
Total end-to-end search time: 724915056 ns
Total end-to-end search time: 739749079 ns
Total end-to-end search time: 745397815 ns
Query: 1024, nThreads: 1, warmup: 2
====================================================================================================
(ns)
Load index... Graph level 5..
Total end-to-end search time: 722669699 ns
Total end-to-end search time: 733728303 ns
Total end-to-end search time: 735421540 ns
Query: 1024, nThreads: 1, warmup: 2
====================================================================================================
(ns)
Load index... Graph level 5..
Total end-to-end search time: 721940135 ns
Total end-to-end search time: 737144470 ns
Total end-to-end search time: 740853228 ns
Query: 1024, nThreads: 1, warmup: 2
====================================================================================================
(ns)
Load index... Graph level 5..
Total end-to-end search time: 723017120 ns
Total end-to-end search time: 733138733 ns
Total end-to-end search time: 736297035 ns
Query: 1024, nThreads: 1, warmup: 2
====================================================================================================
(ns)
Load index... Graph level 5..
Total end-to-end search time: 733275301 ns
Total end-to-end search time: 743209188 ns
Total end-to-end search time: 747991931 ns
Query: 1024, nThreads: 1, warmup: 2
====================================================================================================
(ns)
Load index... Graph level 5..
Total end-to-end search time: 729942009 ns
Total end-to-end search time: 739560569 ns
Total end-to-end search time: 739960302 ns
Query: 1024, nThreads: 1, warmup: 2
====================================================================================================
(ns)
Load index... Graph level 5..
Total end-to-end search time: 729243350 ns
Total end-to-end search time: 741000480 ns
Total end-to-end search time: 742538388 ns
Query: 1024, nThreads: 1, warmup: 2
====================================================================================================
(ns)
Load index... Graph level 5..
Total end-to-end search time: 726511309 ns
Total end-to-end search time: 733566312 ns
Total end-to-end search time: 737623150 ns
Query: 1024, nThreads: 1, warmup: 2
====================================================================================================
(ns)
Load index... Graph level 5..
Total end-to-end search time: 731594736 ns
Total end-to-end search time: 741804661 ns
Total end-to-end search time: 744374349 ns
Query: 1024, nThreads: 1, warmup: 2
====================================================================================================
(ns)
Load index... Graph level 5..
Total end-to-end search time: 723319365 ns
Total end-to-end search time: 732828644 ns
Total end-to-end search time: 736900036 ns
Query: 1024, nThreads: 1, warmup: 2
====================================================================================================
(ns)
Load index... Graph level 5..
Total end-to-end search time: 723153031 ns
Total end-to-end search time: 733871209 ns
Total end-to-end search time: 738465155 ns
Query: 1024, nThreads: 1, warmup: 2
====================================================================================================
(ns)
Load index... Graph level 5..
Total end-to-end search time: 726737170 ns
Total end-to-end search time: 737225575 ns
Total end-to-end search time: 747838277 ns
Query: 1024, nThreads: 1, warmup: 2
====================================================================================================
(ns)
Load index... Graph level 5..
Total end-to-end search time: 721832967 ns
Total end-to-end search time: 730731848 ns
Total end-to-end search time: 735863067 ns
Query: 1024, nThreads: 1, warmup: 2
====================================================================================================
(ns)
Load index... Graph level 5..
Total end-to-end search time: 731603424 ns
Total end-to-end search time: 741547013 ns
Total end-to-end search time: 745381835 ns
Query: 1024, nThreads: 1, warmup: 2
====================================================================================================
(ns)
Load index... Graph level 5..
Total end-to-end search time: 725023221 ns
Total end-to-end search time: 734345405 ns
Total end-to-end search time: 738887085 ns
