Query: 1024, nThreads: 16, warmup: 2
====================================================================================================
(ns)
Load index... Graph level 5..
Total end-to-end search time: 97211097 ns
Total end-to-end search time: 97874770 ns
Total end-to-end search time: 98071729 ns
Query: 1024, nThreads: 16, warmup: 2
====================================================================================================
(ns)
Load index... Graph level 5..
Total end-to-end search time: 97538474 ns
Total end-to-end search time: 97494317 ns
Total end-to-end search time: 97212665 ns
Query: 1024, nThreads: 16, warmup: 2
====================================================================================================
(ns)
Load index... Graph level 5..
Total end-to-end search time: 97293240 ns
Total end-to-end search time: 97577273 ns
Total end-to-end search time: 97928362 ns
Query: 1024, nThreads: 16, warmup: 2
====================================================================================================
(ns)
Load index... Graph level 5..
Total end-to-end search time: 97203286 ns
Total end-to-end search time: 97082176 ns
Total end-to-end search time: 97994280 ns
Query: 1024, nThreads: 16, warmup: 2
====================================================================================================
(ns)
Load index... Graph level 5..
Total end-to-end search time: 97587319 ns
Total end-to-end search time: 97624674 ns
Total end-to-end search time: 98144905 ns
Query: 1024, nThreads: 16, warmup: 2
====================================================================================================
(ns)
Load index... Graph level 5..
Total end-to-end search time: 97234111 ns
Total end-to-end search time: 97580135 ns
Total end-to-end search time: 97994241 ns
Query: 1024, nThreads: 16, warmup: 2
====================================================================================================
(ns)
Load index... Graph level 5..
Total end-to-end search time: 97234945 ns
Total end-to-end search time: 97476626 ns
Total end-to-end search time: 98192405 ns
Query: 1024, nThreads: 16, warmup: 2
====================================================================================================
(ns)
Load index... Graph level 5..
Total end-to-end search time: 97517302 ns
Total end-to-end search time: 98003866 ns
Total end-to-end search time: 98052555 ns
Query: 1024, nThreads: 16, warmup: 2
====================================================================================================
(ns)
Load index... Graph level 5..
Total end-to-end search time: 97359087 ns
Total end-to-end search time: 97505820 ns
Total end-to-end search time: 98187786 ns
Query: 1024, nThreads: 16, warmup: 2
====================================================================================================
(ns)
Load index... Graph level 5..
Total end-to-end search time: 97637342 ns
Total end-to-end search time: 97487688 ns
Total end-to-end search time: 98011496 ns
Query: 1024, nThreads: 16, warmup: 2
====================================================================================================
(ns)
Load index... Graph level 5..
Total end-to-end search time: 97477812 ns
Total end-to-end search time: 97496470 ns
Total end-to-end search time: 98075660 ns
Query: 1024, nThreads: 16, warmup: 2
====================================================================================================
(ns)
Load index... Graph level 5..
Total end-to-end search time: 97652565 ns
Total end-to-end search time: 97509084 ns
Total end-to-end search time: 97961791 ns
Query: 1024, nThreads: 16, warmup: 2
====================================================================================================
(ns)
Load index... Graph level 5..
Total end-to-end search time: 97389105 ns
Total end-to-end search time: 97092191 ns
Total end-to-end search time: 97956512 ns
Query: 1024, nThreads: 16, warmup: 2
====================================================================================================
(ns)
Load index... Graph level 5..
Total end-to-end search time: 97458272 ns
Total end-to-end search time: 97785512 ns
Total end-to-end search time: 98295438 ns
Query: 1024, nThreads: 16, warmup: 2
====================================================================================================
(ns)
Load index... Graph level 5..
Total end-to-end search time: 97659539 ns
Total end-to-end search time: 97191790 ns
Total end-to-end search time: 97440963 ns
Query: 1024, nThreads: 16, warmup: 2
====================================================================================================
(ns)
Load index... Graph level 5..
Total end-to-end search time: 97536209 ns
Total end-to-end search time: 97066949 ns
Total end-to-end search time: 97350242 ns
Query: 1024, nThreads: 16, warmup: 2
====================================================================================================
(ns)
Load index... Graph level 5..
Total end-to-end search time: 97745918 ns
Total end-to-end search time: 97614748 ns
Total end-to-end search time: 98343280 ns
Query: 1024, nThreads: 16, warmup: 2
====================================================================================================
(ns)
Load index... Graph level 5..
Total end-to-end search time: 97240050 ns
Total end-to-end search time: 96970961 ns
Total end-to-end search time: 97912818 ns
Query: 1024, nThreads: 16, warmup: 2
====================================================================================================
(ns)
Load index... Graph level 5..
Total end-to-end search time: 97478049 ns
Total end-to-end search time: 97680951 ns
Total end-to-end search time: 98066192 ns
Query: 1024, nThreads: 16, warmup: 2
====================================================================================================
(ns)
Load index... Graph level 5..
Total end-to-end search time: 97429338 ns
Total end-to-end search time: 97713980 ns
Total end-to-end search time: 97560390 ns
Query: 1024, nThreads: 16, warmup: 2
====================================================================================================
(ns)
Load index... Graph level 5..
Total end-to-end search time: 97306741 ns
Total end-to-end search time: 97647694 ns
Total end-to-end search time: 98162724 ns
Query: 1024, nThreads: 16, warmup: 2
====================================================================================================
(ns)
Load index... Graph level 5..
Total end-to-end search time: 97233844 ns
Total end-to-end search time: 97678280 ns
Total end-to-end search time: 98087080 ns
Query: 1024, nThreads: 16, warmup: 2
====================================================================================================
(ns)
Load index... Graph level 5..
Total end-to-end search time: 98235153 ns
Total end-to-end search time: 97282917 ns
Total end-to-end search time: 97911433 ns
Query: 1024, nThreads: 16, warmup: 2
====================================================================================================
(ns)
Load index... Graph level 5..
Total end-to-end search time: 97564826 ns
Total end-to-end search time: 97450247 ns
Total end-to-end search time: 98013346 ns
Query: 1024, nThreads: 16, warmup: 2
====================================================================================================
(ns)
Load index... Graph level 5..
Total end-to-end search time: 97665323 ns
Total end-to-end search time: 97583115 ns
Total end-to-end search time: 97984486 ns
Query: 1024, nThreads: 16, warmup: 2
====================================================================================================
(ns)
Load index... Graph level 5..
Total end-to-end search time: 97247317 ns
Total end-to-end search time: 98043481 ns
Total end-to-end search time: 98262545 ns
Query: 1024, nThreads: 16, warmup: 2
====================================================================================================
(ns)
Load index... Graph level 5..
Total end-to-end search time: 97446160 ns
Total end-to-end search time: 97522421 ns
Total end-to-end search time: 97275909 ns
Query: 1024, nThreads: 16, warmup: 2
====================================================================================================
(ns)
Load index... Graph level 5..
Total end-to-end search time: 98453746 ns
Total end-to-end search time: 97483372 ns
Total end-to-end search time: 98026128 ns
Query: 1024, nThreads: 16, warmup: 2
====================================================================================================
(ns)
Load index... Graph level 5..
Total end-to-end search time: 97507953 ns
Total end-to-end search time: 97574061 ns
Total end-to-end search time: 97817246 ns
Query: 1024, nThreads: 16, warmup: 2
====================================================================================================
(ns)
Load index... Graph level 5..
Total end-to-end search time: 97527392 ns
Total end-to-end search time: 97505613 ns
Total end-to-end search time: 98166843 ns
