Query: 16, nThreads: 16, warmup: 16
====================================================================================================
(ns)
Load index... Graph level 5..
Total end-to-end search time: 13425371 ns
Total end-to-end search time: 11703123 ns
Total end-to-end search time: 11855978 ns
Total end-to-end search time: 9774512 ns
Total end-to-end search time: 9882477 ns
Total end-to-end search time: 9655771 ns
Total end-to-end search time: 9484996 ns
Total end-to-end search time: 10586842 ns
Total end-to-end search time: 11575237 ns
Total end-to-end search time: 11407291 ns
Total end-to-end search time: 12072797 ns
Total end-to-end search time: 11194125 ns
Total end-to-end search time: 11739873 ns
Total end-to-end search time: 11992137 ns
Total end-to-end search time: 11814930 ns
Total end-to-end search time: 13059825 ns
Total end-to-end search time: 11853897 ns
Query: 16, nThreads: 16, warmup: 16
====================================================================================================
(ns)
Load index... Graph level 5..
Total end-to-end search time: 13351550 ns
Total end-to-end search time: 11661954 ns
Total end-to-end search time: 11818033 ns
Total end-to-end search time: 9714713 ns
Total end-to-end search time: 9860363 ns
Total end-to-end search time: 9602721 ns
Total end-to-end search time: 9401239 ns
Total end-to-end search time: 10609801 ns
Total end-to-end search time: 11581155 ns
Total end-to-end search time: 11364937 ns
Total end-to-end search time: 12070655 ns
Total end-to-end search time: 11139054 ns
Total end-to-end search time: 11647029 ns
Total end-to-end search time: 11926150 ns
Total end-to-end search time: 11677584 ns
Total end-to-end search time: 12988125 ns
Total end-to-end search time: 11754923 ns
Query: 16, nThreads: 16, warmup: 16
====================================================================================================
(ns)
Load index... Graph level 5..
Total end-to-end search time: 13309644 ns
Total end-to-end search time: 11664994 ns
Total end-to-end search time: 11868273 ns
Total end-to-end search time: 9748105 ns
Total end-to-end search time: 9887380 ns
Total end-to-end search time: 9635296 ns
Total end-to-end search time: 9459784 ns
Total end-to-end search time: 10621682 ns
Total end-to-end search time: 11648571 ns
Total end-to-end search time: 11494194 ns
Total end-to-end search time: 12136473 ns
Total end-to-end search time: 11317413 ns
Total end-to-end search time: 11799035 ns
Total end-to-end search time: 12024429 ns
Total end-to-end search time: 11841224 ns
Total end-to-end search time: 13112605 ns
Total end-to-end search time: 11834207 ns
Query: 16, nThreads: 16, warmup: 16
====================================================================================================
(ns)
Load index... Graph level 5..
Total end-to-end search time: 13400692 ns
Total end-to-end search time: 11689845 ns
Total end-to-end search time: 11859499 ns
Total end-to-end search time: 9738226 ns
Total end-to-end search time: 9836272 ns
Total end-to-end search time: 9554787 ns
Total end-to-end search time: 9396183 ns
Total end-to-end search time: 10518969 ns
Total end-to-end search time: 11622488 ns
Total end-to-end search time: 11474069 ns
Total end-to-end search time: 12105954 ns
Total end-to-end search time: 11141328 ns
Total end-to-end search time: 11614561 ns
Total end-to-end search time: 11884380 ns
Total end-to-end search time: 11653766 ns
Total end-to-end search time: 13022861 ns
Total end-to-end search time: 11802702 ns
Query: 16, nThreads: 16, warmup: 16
====================================================================================================
(ns)
Load index... Graph level 5..
Total end-to-end search time: 13277600 ns
Total end-to-end search time: 11684467 ns
Total end-to-end search time: 11856561 ns
Total end-to-end search time: 9762847 ns
Total end-to-end search time: 9829145 ns
Total end-to-end search time: 9537054 ns
Total end-to-end search time: 9365309 ns
Total end-to-end search time: 10498577 ns
Total end-to-end search time: 11559089 ns
Total end-to-end search time: 11393499 ns
Total end-to-end search time: 12024489 ns
Total end-to-end search time: 11141371 ns
Total end-to-end search time: 11689056 ns
Total end-to-end search time: 11899683 ns
Total end-to-end search time: 11737446 ns
Total end-to-end search time: 12961506 ns
Total end-to-end search time: 11706669 ns
Query: 16, nThreads: 16, warmup: 16
====================================================================================================
(ns)
Load index... Graph level 5..
Total end-to-end search time: 13292749 ns
Total end-to-end search time: 11617880 ns
Total end-to-end search time: 11799897 ns
Total end-to-end search time: 9670732 ns
Total end-to-end search time: 9822324 ns
Total end-to-end search time: 9578235 ns
Total end-to-end search time: 9445591 ns
Total end-to-end search time: 10599980 ns
Total end-to-end search time: 11608621 ns
Total end-to-end search time: 11426145 ns
Total end-to-end search time: 12096529 ns
Total end-to-end search time: 11188891 ns
Total end-to-end search time: 11662731 ns
Total end-to-end search time: 11877642 ns
Total end-to-end search time: 11723059 ns
Total end-to-end search time: 13042954 ns
Total end-to-end search time: 11770821 ns
Query: 16, nThreads: 16, warmup: 16
====================================================================================================
(ns)
Load index... Graph level 5..
Total end-to-end search time: 13389739 ns
Total end-to-end search time: 11712345 ns
Total end-to-end search time: 11902837 ns
Total end-to-end search time: 9791703 ns
Total end-to-end search time: 9904575 ns
Total end-to-end search time: 9598052 ns
Total end-to-end search time: 9483054 ns
Total end-to-end search time: 10569645 ns
Total end-to-end search time: 11635961 ns
Total end-to-end search time: 11469511 ns
Total end-to-end search time: 12087023 ns
Total end-to-end search time: 11168714 ns
Total end-to-end search time: 11696876 ns
Total end-to-end search time: 11910973 ns
Total end-to-end search time: 11782339 ns
Total end-to-end search time: 13049488 ns
Total end-to-end search time: 11819079 ns
Query: 16, nThreads: 16, warmup: 16
====================================================================================================
(ns)
Load index... Graph level 5..
Total end-to-end search time: 13337488 ns
Total end-to-end search time: 11675685 ns
Total end-to-end search time: 11875712 ns
Total end-to-end search time: 9748651 ns
Total end-to-end search time: 9932023 ns
Total end-to-end search time: 9659943 ns
Total end-to-end search time: 9529752 ns
Total end-to-end search time: 10684926 ns
Total end-to-end search time: 11699792 ns
Total end-to-end search time: 11553796 ns
Total end-to-end search time: 12142665 ns
Total end-to-end search time: 11198333 ns
Total end-to-end search time: 11725132 ns
Total end-to-end search time: 11996472 ns
Total end-to-end search time: 11912309 ns
Total end-to-end search time: 13081256 ns
Total end-to-end search time: 11800299 ns
Query: 16, nThreads: 16, warmup: 16
====================================================================================================
(ns)
Load index... Graph level 5..
Total end-to-end search time: 13384782 ns
Total end-to-end search time: 11578006 ns
Total end-to-end search time: 11823549 ns
Total end-to-end search time: 9670351 ns
Total end-to-end search time: 9799760 ns
Total end-to-end search time: 9540190 ns
Total end-to-end search time: 9392505 ns
Total end-to-end search time: 10533983 ns
Total end-to-end search time: 11563861 ns
Total end-to-end search time: 11432295 ns
Total end-to-end search time: 12038643 ns
Total end-to-end search time: 11127681 ns
Total end-to-end search time: 11647032 ns
Total end-to-end search time: 11842231 ns
Total end-to-end search time: 11768467 ns
Total end-to-end search time: 13065771 ns
Total end-to-end search time: 11812467 ns
Query: 16, nThreads: 16, warmup: 16
====================================================================================================
(ns)
Load index... Graph level 5..
Total end-to-end search time: 13306119 ns
Total end-to-end search time: 11567825 ns
Total end-to-end search time: 11860355 ns
Total end-to-end search time: 9721100 ns
Total end-to-end search time: 9854045 ns
Total end-to-end search time: 9626084 ns
Total end-to-end search time: 9437222 ns
Total end-to-end search time: 10586405 ns
Total end-to-end search time: 11663003 ns
Total end-to-end search time: 11533335 ns
Total end-to-end search time: 12077830 ns
Total end-to-end search time: 11185495 ns
Total end-to-end search time: 11644042 ns
Total end-to-end search time: 11893473 ns
Total end-to-end search time: 11772500 ns
Total end-to-end search time: 13016804 ns
Total end-to-end search time: 11796062 ns
Query: 16, nThreads: 16, warmup: 16
====================================================================================================
(ns)
Load index... Graph level 5..
Total end-to-end search time: 13214950 ns
Total end-to-end search time: 11554230 ns
Total end-to-end search time: 11705812 ns
Total end-to-end search time: 9643430 ns
Total end-to-end search time: 9804948 ns
Total end-to-end search time: 9514461 ns
Total end-to-end search time: 9366610 ns
Total end-to-end search time: 10456931 ns
Total end-to-end search time: 11506222 ns
Total end-to-end search time: 11363746 ns
Total end-to-end search time: 11993196 ns
Total end-to-end search time: 11085676 ns
Total end-to-end search time: 11627668 ns
Total end-to-end search time: 12431599 ns
Total end-to-end search time: 11846985 ns
Total end-to-end search time: 13171991 ns
Total end-to-end search time: 11956764 ns
Query: 16, nThreads: 16, warmup: 16
====================================================================================================
(ns)
Load index... Graph level 5..
Total end-to-end search time: 13510614 ns
Total end-to-end search time: 11608023 ns
Total end-to-end search time: 11773811 ns
Total end-to-end search time: 9679266 ns
Total end-to-end search time: 9794151 ns
Total end-to-end search time: 9538742 ns
Total end-to-end search time: 9369063 ns
Total end-to-end search time: 10505217 ns
Total end-to-end search time: 11563093 ns
Total end-to-end search time: 11439654 ns
Total end-to-end search time: 12016061 ns
Total end-to-end search time: 11081729 ns
Total end-to-end search time: 11591277 ns
Total end-to-end search time: 11839215 ns
Total end-to-end search time: 11761892 ns
Total end-to-end search time: 13013478 ns
Total end-to-end search time: 11734343 ns
Query: 16, nThreads: 16, warmup: 16
====================================================================================================
(ns)
Load index... Graph level 5..
Total end-to-end search time: 13316135 ns
Total end-to-end search time: 11584858 ns
Total end-to-end search time: 11789513 ns
Total end-to-end search time: 9713492 ns
Total end-to-end search time: 9855403 ns
Total end-to-end search time: 9542713 ns
Total end-to-end search time: 9448350 ns
Total end-to-end search time: 10570777 ns
Total end-to-end search time: 11575382 ns
Total end-to-end search time: 11373093 ns
Total end-to-end search time: 12052647 ns
Total end-to-end search time: 11180207 ns
Total end-to-end search time: 11685441 ns
Total end-to-end search time: 11930358 ns
Total end-to-end search time: 11671997 ns
Total end-to-end search time: 12947235 ns
Total end-to-end search time: 11724640 ns
Query: 16, nThreads: 16, warmup: 16
====================================================================================================
(ns)
Load index... Graph level 5..
Total end-to-end search time: 13458022 ns
Total end-to-end search time: 11692380 ns
Total end-to-end search time: 11836605 ns
Total end-to-end search time: 10169916 ns
Total end-to-end search time: 10045862 ns
Total end-to-end search time: 9743190 ns
Total end-to-end search time: 9505748 ns
Total end-to-end search time: 10660721 ns
Total end-to-end search time: 11665802 ns
Total end-to-end search time: 11563396 ns
Total end-to-end search time: 12197152 ns
Total end-to-end search time: 11253633 ns
Total end-to-end search time: 11767108 ns
Total end-to-end search time: 11971850 ns
Total end-to-end search time: 11863992 ns
Total end-to-end search time: 13151247 ns
Total end-to-end search time: 11915598 ns
Query: 16, nThreads: 16, warmup: 16
====================================================================================================
(ns)
Load index... Graph level 5..
Total end-to-end search time: 13510093 ns
Total end-to-end search time: 11769943 ns
Total end-to-end search time: 11903900 ns
Total end-to-end search time: 9958609 ns
Total end-to-end search time: 9917189 ns
Total end-to-end search time: 9675711 ns
Total end-to-end search time: 9552925 ns
Total end-to-end search time: 10692617 ns
Total end-to-end search time: 11715115 ns
Total end-to-end search time: 11557581 ns
Total end-to-end search time: 12119935 ns
Total end-to-end search time: 11198404 ns
Total end-to-end search time: 11705684 ns
Total end-to-end search time: 11944712 ns
Total end-to-end search time: 11784674 ns
Total end-to-end search time: 13055572 ns
Total end-to-end search time: 11803676 ns
Query: 16, nThreads: 16, warmup: 16
====================================================================================================
(ns)
Load index... Graph level 5..
Total end-to-end search time: 13528264 ns
Total end-to-end search time: 11715138 ns
Total end-to-end search time: 11914333 ns
Total end-to-end search time: 9735871 ns
Total end-to-end search time: 9886114 ns
Total end-to-end search time: 9620558 ns
Total end-to-end search time: 9476002 ns
Total end-to-end search time: 10610617 ns
Total end-to-end search time: 11644597 ns
Total end-to-end search time: 11452597 ns
Total end-to-end search time: 12127245 ns
Total end-to-end search time: 11206455 ns
Total end-to-end search time: 11726634 ns
Total end-to-end search time: 11936021 ns
Total end-to-end search time: 11781497 ns
Total end-to-end search time: 13070368 ns
Total end-to-end search time: 11802310 ns
Query: 16, nThreads: 16, warmup: 16
====================================================================================================
(ns)
Load index... Graph level 5..
Total end-to-end search time: 13528566 ns
Total end-to-end search time: 11783399 ns
Total end-to-end search time: 11898875 ns
Total end-to-end search time: 9798538 ns
Total end-to-end search time: 9933357 ns
Total end-to-end search time: 9673145 ns
Total end-to-end search time: 9558140 ns
Total end-to-end search time: 10629127 ns
Total end-to-end search time: 11635846 ns
Total end-to-end search time: 11492465 ns
Total end-to-end search time: 12123775 ns
Total end-to-end search time: 11225834 ns
Total end-to-end search time: 11713495 ns
Total end-to-end search time: 11967675 ns
Total end-to-end search time: 11768434 ns
Total end-to-end search time: 13090281 ns
Total end-to-end search time: 11819632 ns
Query: 16, nThreads: 16, warmup: 16
====================================================================================================
(ns)
Load index... Graph level 5..
Total end-to-end search time: 13312390 ns
Total end-to-end search time: 11615510 ns
Total end-to-end search time: 11823171 ns
Total end-to-end search time: 9679306 ns
Total end-to-end search time: 9881008 ns
Total end-to-end search time: 9579065 ns
Total end-to-end search time: 9468600 ns
Total end-to-end search time: 10604189 ns
Total end-to-end search time: 11600562 ns
Total end-to-end search time: 11450889 ns
Total end-to-end search time: 12083752 ns
Total end-to-end search time: 11194352 ns
Total end-to-end search time: 11757749 ns
Total end-to-end search time: 11985405 ns
Total end-to-end search time: 11797708 ns
Total end-to-end search time: 13018829 ns
Total end-to-end search time: 11766760 ns
Query: 16, nThreads: 16, warmup: 16
====================================================================================================
(ns)
Load index... Graph level 5..
Total end-to-end search time: 13501025 ns
Total end-to-end search time: 11773488 ns
Total end-to-end search time: 11965417 ns
Total end-to-end search time: 9898671 ns
Total end-to-end search time: 10017410 ns
Total end-to-end search time: 9713910 ns
Total end-to-end search time: 9594312 ns
Total end-to-end search time: 10717036 ns
Total end-to-end search time: 11737553 ns
Total end-to-end search time: 11599251 ns
Total end-to-end search time: 12249394 ns
Total end-to-end search time: 11333314 ns
Total end-to-end search time: 11815206 ns
Total end-to-end search time: 11998972 ns
Total end-to-end search time: 11802157 ns
Total end-to-end search time: 13068193 ns
Total end-to-end search time: 11881790 ns
Query: 16, nThreads: 16, warmup: 16
====================================================================================================
(ns)
Load index... Graph level 5..
Total end-to-end search time: 13398061 ns
Total end-to-end search time: 11672202 ns
Total end-to-end search time: 11916930 ns
Total end-to-end search time: 9750133 ns
Total end-to-end search time: 9871604 ns
Total end-to-end search time: 9593749 ns
Total end-to-end search time: 9461968 ns
Total end-to-end search time: 10572597 ns
Total end-to-end search time: 11549660 ns
Total end-to-end search time: 11383736 ns
Total end-to-end search time: 12004848 ns
Total end-to-end search time: 11101946 ns
Total end-to-end search time: 11587243 ns
Total end-to-end search time: 11823981 ns
Total end-to-end search time: 11859092 ns
Total end-to-end search time: 13132907 ns
Total end-to-end search time: 11909680 ns
Query: 16, nThreads: 16, warmup: 16
====================================================================================================
(ns)
Load index... Graph level 5..
Total end-to-end search time: 13397207 ns
Total end-to-end search time: 11678963 ns
Total end-to-end search time: 11849980 ns
Total end-to-end search time: 9736706 ns
Total end-to-end search time: 9846712 ns
Total end-to-end search time: 9598159 ns
Total end-to-end search time: 9462949 ns
Total end-to-end search time: 10504287 ns
Total end-to-end search time: 11625811 ns
Total end-to-end search time: 11361935 ns
Total end-to-end search time: 12100911 ns
Total end-to-end search time: 11184613 ns
Total end-to-end search time: 11693301 ns
Total end-to-end search time: 11936896 ns
Total end-to-end search time: 11783491 ns
Total end-to-end search time: 13083391 ns
Total end-to-end search time: 11798098 ns
Query: 16, nThreads: 16, warmup: 16
====================================================================================================
(ns)
Load index... Graph level 5..
Total end-to-end search time: 13377967 ns
Total end-to-end search time: 11767060 ns
Total end-to-end search time: 11833531 ns
Total end-to-end search time: 9778362 ns
Total end-to-end search time: 9863235 ns
Total end-to-end search time: 9637968 ns
Total end-to-end search time: 9410451 ns
Total end-to-end search time: 10547387 ns
Total end-to-end search time: 11644821 ns
Total end-to-end search time: 11502549 ns
Total end-to-end search time: 12115996 ns
Total end-to-end search time: 11224224 ns
Total end-to-end search time: 11669574 ns
Total end-to-end search time: 11970389 ns
Total end-to-end search time: 11795706 ns
Total end-to-end search time: 13531443 ns
Total end-to-end search time: 11812618 ns
Query: 16, nThreads: 16, warmup: 16
====================================================================================================
(ns)
Load index... Graph level 5..
Total end-to-end search time: 13257672 ns
Total end-to-end search time: 11603634 ns
Total end-to-end search time: 11795741 ns
Total end-to-end search time: 9653700 ns
Total end-to-end search time: 9776736 ns
Total end-to-end search time: 9540800 ns
Total end-to-end search time: 9394136 ns
Total end-to-end search time: 10523452 ns
Total end-to-end search time: 11510772 ns
Total end-to-end search time: 11351604 ns
Total end-to-end search time: 11971934 ns
Total end-to-end search time: 11106631 ns
Total end-to-end search time: 11578493 ns
Total end-to-end search time: 11818395 ns
Total end-to-end search time: 11704144 ns
Total end-to-end search time: 13025529 ns
Total end-to-end search time: 11721937 ns
Query: 16, nThreads: 16, warmup: 16
====================================================================================================
(ns)
Load index... Graph level 5..
Total end-to-end search time: 13412184 ns
Total end-to-end search time: 11729158 ns
Total end-to-end search time: 11942536 ns
Total end-to-end search time: 9805733 ns
Total end-to-end search time: 9918474 ns
Total end-to-end search time: 9596749 ns
Total end-to-end search time: 9459031 ns
Total end-to-end search time: 10605757 ns
Total end-to-end search time: 11654596 ns
Total end-to-end search time: 11491849 ns
Total end-to-end search time: 12156372 ns
Total end-to-end search time: 11263864 ns
Total end-to-end search time: 11709909 ns
Total end-to-end search time: 12045479 ns
Total end-to-end search time: 11869740 ns
Total end-to-end search time: 13151642 ns
Total end-to-end search time: 11846611 ns
Query: 16, nThreads: 16, warmup: 16
====================================================================================================
(ns)
Load index... Graph level 5..
Total end-to-end search time: 13468919 ns
Total end-to-end search time: 11768837 ns
Total end-to-end search time: 11937957 ns
Total end-to-end search time: 9802913 ns
Total end-to-end search time: 9892653 ns
Total end-to-end search time: 9625142 ns
Total end-to-end search time: 9499236 ns
Total end-to-end search time: 10660466 ns
Total end-to-end search time: 11754285 ns
Total end-to-end search time: 11558973 ns
Total end-to-end search time: 12158019 ns
Total end-to-end search time: 11193368 ns
Total end-to-end search time: 11697749 ns
Total end-to-end search time: 11935409 ns
Total end-to-end search time: 11767265 ns
Total end-to-end search time: 13052087 ns
Total end-to-end search time: 11806113 ns
Query: 16, nThreads: 16, warmup: 16
====================================================================================================
(ns)
Load index... Graph level 5..
Total end-to-end search time: 13491709 ns
Total end-to-end search time: 11725616 ns
Total end-to-end search time: 11899530 ns
Total end-to-end search time: 9753130 ns
Total end-to-end search time: 9907380 ns
Total end-to-end search time: 9657476 ns
Total end-to-end search time: 9517084 ns
Total end-to-end search time: 10602416 ns
Total end-to-end search time: 11759566 ns
Total end-to-end search time: 11443197 ns
Total end-to-end search time: 12098619 ns
Total end-to-end search time: 11201593 ns
Total end-to-end search time: 11690580 ns
Total end-to-end search time: 11896608 ns
Total end-to-end search time: 11744505 ns
Total end-to-end search time: 12996499 ns
Total end-to-end search time: 11756151 ns
Query: 16, nThreads: 16, warmup: 16
====================================================================================================
(ns)
Load index... Graph level 5..
Total end-to-end search time: 13396277 ns
Total end-to-end search time: 11620242 ns
Total end-to-end search time: 11799527 ns
Total end-to-end search time: 9742609 ns
Total end-to-end search time: 9804365 ns
Total end-to-end search time: 9527046 ns
Total end-to-end search time: 9421570 ns
Total end-to-end search time: 10541728 ns
Total end-to-end search time: 11547061 ns
Total end-to-end search time: 11399839 ns
Total end-to-end search time: 12031848 ns
Total end-to-end search time: 11185291 ns
Total end-to-end search time: 11646598 ns
Total end-to-end search time: 11871527 ns
Total end-to-end search time: 11702923 ns
Total end-to-end search time: 12953961 ns
Total end-to-end search time: 11721925 ns
Query: 16, nThreads: 16, warmup: 16
====================================================================================================
(ns)
Load index... Graph level 5..
Total end-to-end search time: 13284362 ns
Total end-to-end search time: 11609845 ns
Total end-to-end search time: 11814610 ns
Total end-to-end search time: 9709053 ns
Total end-to-end search time: 9831167 ns
Total end-to-end search time: 9564800 ns
Total end-to-end search time: 9381049 ns
Total end-to-end search time: 10518282 ns
Total end-to-end search time: 11536888 ns
Total end-to-end search time: 11384994 ns
Total end-to-end search time: 11995498 ns
Total end-to-end search time: 11107834 ns
Total end-to-end search time: 11608193 ns
Total end-to-end search time: 11844656 ns
Total end-to-end search time: 11689396 ns
Total end-to-end search time: 12940718 ns
Total end-to-end search time: 11719445 ns
Query: 16, nThreads: 16, warmup: 16
====================================================================================================
(ns)
Load index... Graph level 5..
Total end-to-end search time: 13319307 ns
Total end-to-end search time: 11539052 ns
Total end-to-end search time: 11734212 ns
Total end-to-end search time: 9660807 ns
Total end-to-end search time: 9773915 ns
Total end-to-end search time: 9512116 ns
Total end-to-end search time: 9362265 ns
Total end-to-end search time: 10502553 ns
Total end-to-end search time: 11558013 ns
Total end-to-end search time: 11345626 ns
Total end-to-end search time: 12014767 ns
Total end-to-end search time: 11103621 ns
Total end-to-end search time: 11590445 ns
Total end-to-end search time: 11833046 ns
Total end-to-end search time: 11663566 ns
Total end-to-end search time: 12924943 ns
Total end-to-end search time: 11664710 ns
Query: 16, nThreads: 16, warmup: 16
====================================================================================================
(ns)
Load index... Graph level 5..
Total end-to-end search time: 13564786 ns
Total end-to-end search time: 11817339 ns
Total end-to-end search time: 12462563 ns
Total end-to-end search time: 9792175 ns
Total end-to-end search time: 9896926 ns
Total end-to-end search time: 9582620 ns
Total end-to-end search time: 9437989 ns
Total end-to-end search time: 10555930 ns
Total end-to-end search time: 11599499 ns
Total end-to-end search time: 11467255 ns
Total end-to-end search time: 12132497 ns
Total end-to-end search time: 11184682 ns
Total end-to-end search time: 11708608 ns
Total end-to-end search time: 11928683 ns
Total end-to-end search time: 11732061 ns
Total end-to-end search time: 13043961 ns
Total end-to-end search time: 11800889 ns
