Query: 1, nThreads: 4, warmup: 16
====================================================================================================
(ns)
Load index... Graph level 5..
Total end-to-end search time: 1320809 ns
Total end-to-end search time: 868716 ns
Total end-to-end search time: 754962 ns
Total end-to-end search time: 507977 ns
Total end-to-end search time: 801136 ns
Total end-to-end search time: 969234 ns
Total end-to-end search time: 943381 ns
Total end-to-end search time: 550298 ns
Total end-to-end search time: 893966 ns
Total end-to-end search time: 757084 ns
Total end-to-end search time: 953265 ns
Total end-to-end search time: 769346 ns
Total end-to-end search time: 819022 ns
Total end-to-end search time: 827832 ns
Total end-to-end search time: 911737 ns
Total end-to-end search time: 734443 ns
Total end-to-end search time: 827446 ns
Query: 1, nThreads: 4, warmup: 16
====================================================================================================
(ns)
Load index... Graph level 5..
Total end-to-end search time: 1313935 ns
Total end-to-end search time: 859500 ns
Total end-to-end search time: 748020 ns
Total end-to-end search time: 511311 ns
Total end-to-end search time: 802753 ns
Total end-to-end search time: 965978 ns
Total end-to-end search time: 938850 ns
Total end-to-end search time: 547737 ns
Total end-to-end search time: 897596 ns
Total end-to-end search time: 758719 ns
Total end-to-end search time: 957728 ns
Total end-to-end search time: 777824 ns
Total end-to-end search time: 820682 ns
Total end-to-end search time: 841181 ns
Total end-to-end search time: 912909 ns
Total end-to-end search time: 736418 ns
Total end-to-end search time: 840066 ns
Query: 1, nThreads: 4, warmup: 16
====================================================================================================
(ns)
Load index... Graph level 5..
Total end-to-end search time: 1329145 ns
Total end-to-end search time: 853577 ns
Total end-to-end search time: 740770 ns
Total end-to-end search time: 507549 ns
Total end-to-end search time: 797217 ns
Total end-to-end search time: 956881 ns
Total end-to-end search time: 937012 ns
Total end-to-end search time: 546980 ns
Total end-to-end search time: 889610 ns
Total end-to-end search time: 749737 ns
Total end-to-end search time: 946876 ns
Total end-to-end search time: 770435 ns
Total end-to-end search time: 817148 ns
Total end-to-end search time: 829181 ns
Total end-to-end search time: 902294 ns
Total end-to-end search time: 728007 ns
Total end-to-end search time: 826125 ns
Query: 1, nThreads: 4, warmup: 16
====================================================================================================
(ns)
Load index... Graph level 5..
Total end-to-end search time: 1355963 ns
Total end-to-end search time: 860676 ns
Total end-to-end search time: 747595 ns
Total end-to-end search time: 497746 ns
Total end-to-end search time: 797618 ns
Total end-to-end search time: 961813 ns
Total end-to-end search time: 941912 ns
Total end-to-end search time: 551722 ns
Total end-to-end search time: 894603 ns
Total end-to-end search time: 761827 ns
Total end-to-end search time: 950299 ns
Total end-to-end search time: 773113 ns
Total end-to-end search time: 818727 ns
Total end-to-end search time: 824475 ns
Total end-to-end search time: 911101 ns
Total end-to-end search time: 733735 ns
Total end-to-end search time: 840155 ns
Query: 1, nThreads: 4, warmup: 16
====================================================================================================
(ns)
Load index... Graph level 5..
Total end-to-end search time: 1326425 ns
Total end-to-end search time: 852360 ns
Total end-to-end search time: 747198 ns
Total end-to-end search time: 506220 ns
Total end-to-end search time: 802236 ns
Total end-to-end search time: 960550 ns
Total end-to-end search time: 932613 ns
Total end-to-end search time: 543798 ns
Total end-to-end search time: 886808 ns
Total end-to-end search time: 749119 ns
Total end-to-end search time: 938256 ns
Total end-to-end search time: 760462 ns
Total end-to-end search time: 812563 ns
Total end-to-end search time: 820475 ns
Total end-to-end search time: 897598 ns
Total end-to-end search time: 726671 ns
Total end-to-end search time: 820084 ns
Query: 1, nThreads: 4, warmup: 16
====================================================================================================
(ns)
Load index... Graph level 5..
Total end-to-end search time: 1335655 ns
Total end-to-end search time: 856297 ns
Total end-to-end search time: 745335 ns
Total end-to-end search time: 510498 ns
Total end-to-end search time: 800430 ns
Total end-to-end search time: 962337 ns
Total end-to-end search time: 953462 ns
Total end-to-end search time: 551615 ns
Total end-to-end search time: 901754 ns
Total end-to-end search time: 763176 ns
Total end-to-end search time: 958495 ns
Total end-to-end search time: 772759 ns
Total end-to-end search time: 830540 ns
Total end-to-end search time: 839517 ns
Total end-to-end search time: 919277 ns
Total end-to-end search time: 742152 ns
Total end-to-end search time: 835972 ns
Query: 1, nThreads: 4, warmup: 16
====================================================================================================
(ns)
Load index... Graph level 5..
Total end-to-end search time: 1339700 ns
Total end-to-end search time: 861743 ns
Total end-to-end search time: 755479 ns
Total end-to-end search time: 509354 ns
Total end-to-end search time: 791663 ns
Total end-to-end search time: 959294 ns
Total end-to-end search time: 940854 ns
Total end-to-end search time: 546772 ns
Total end-to-end search time: 889749 ns
Total end-to-end search time: 757960 ns
Total end-to-end search time: 953815 ns
Total end-to-end search time: 762335 ns
Total end-to-end search time: 815833 ns
Total end-to-end search time: 832578 ns
Total end-to-end search time: 900109 ns
Total end-to-end search time: 732770 ns
Total end-to-end search time: 831391 ns
Query: 1, nThreads: 4, warmup: 16
====================================================================================================
(ns)
Load index... Graph level 5..
Total end-to-end search time: 1343692 ns
Total end-to-end search time: 854431 ns
Total end-to-end search time: 754421 ns
Total end-to-end search time: 505414 ns
Total end-to-end search time: 801602 ns
Total end-to-end search time: 965972 ns
Total end-to-end search time: 942128 ns
Total end-to-end search time: 549919 ns
Total end-to-end search time: 890275 ns
Total end-to-end search time: 763998 ns
Total end-to-end search time: 949977 ns
Total end-to-end search time: 759411 ns
Total end-to-end search time: 816830 ns
Total end-to-end search time: 827858 ns
Total end-to-end search time: 904246 ns
Total end-to-end search time: 724740 ns
Total end-to-end search time: 825451 ns
Query: 1, nThreads: 4, warmup: 16
====================================================================================================
(ns)
Load index... Graph level 5..
Total end-to-end search time: 1338074 ns
Total end-to-end search time: 864045 ns
Total end-to-end search time: 761641 ns
Total end-to-end search time: 499518 ns
Total end-to-end search time: 796593 ns
Total end-to-end search time: 962277 ns
Total end-to-end search time: 945675 ns
Total end-to-end search time: 551732 ns
Total end-to-end search time: 899491 ns
Total end-to-end search time: 760673 ns
Total end-to-end search time: 945100 ns
Total end-to-end search time: 769398 ns
Total end-to-end search time: 822460 ns
Total end-to-end search time: 833928 ns
Total end-to-end search time: 910885 ns
Total end-to-end search time: 727895 ns
Total end-to-end search time: 828754 ns
Query: 1, nThreads: 4, warmup: 16
====================================================================================================
(ns)
Load index... Graph level 5..
Total end-to-end search time: 1347959 ns
Total end-to-end search time: 858518 ns
Total end-to-end search time: 753405 ns
Total end-to-end search time: 510264 ns
Total end-to-end search time: 795870 ns
Total end-to-end search time: 968855 ns
Total end-to-end search time: 955524 ns
Total end-to-end search time: 547954 ns
Total end-to-end search time: 902767 ns
Total end-to-end search time: 764256 ns
Total end-to-end search time: 955682 ns
Total end-to-end search time: 774632 ns
Total end-to-end search time: 817549 ns
Total end-to-end search time: 829660 ns
Total end-to-end search time: 914123 ns
Total end-to-end search time: 732570 ns
Total end-to-end search time: 833966 ns
Query: 1, nThreads: 4, warmup: 16
====================================================================================================
(ns)
Load index... Graph level 5..
Total end-to-end search time: 1344252 ns
Total end-to-end search time: 851332 ns
Total end-to-end search time: 748188 ns
Total end-to-end search time: 502323 ns
Total end-to-end search time: 803305 ns
Total end-to-end search time: 959092 ns
Total end-to-end search time: 927995 ns
Total end-to-end search time: 548031 ns
Total end-to-end search time: 889027 ns
Total end-to-end search time: 751600 ns
Total end-to-end search time: 955668 ns
Total end-to-end search time: 773190 ns
Total end-to-end search time: 822557 ns
Total end-to-end search time: 837190 ns
Total end-to-end search time: 920201 ns
Total end-to-end search time: 733995 ns
Total end-to-end search time: 823878 ns
Query: 1, nThreads: 4, warmup: 16
====================================================================================================
(ns)
Load index... Graph level 5..
Total end-to-end search time: 1319571 ns
Total end-to-end search time: 843651 ns
Total end-to-end search time: 737888 ns
Total end-to-end search time: 505147 ns
Total end-to-end search time: 789769 ns
Total end-to-end search time: 946650 ns
Total end-to-end search time: 921952 ns
Total end-to-end search time: 539921 ns
Total end-to-end search time: 875270 ns
Total end-to-end search time: 739607 ns
Total end-to-end search time: 935104 ns
Total end-to-end search time: 759833 ns
Total end-to-end search time: 800943 ns
Total end-to-end search time: 822750 ns
Total end-to-end search time: 902521 ns
Total end-to-end search time: 725116 ns
Total end-to-end search time: 817241 ns
Query: 1, nThreads: 4, warmup: 16
====================================================================================================
(ns)
Load index... Graph level 5..
Total end-to-end search time: 1333283 ns
Total end-to-end search time: 858137 ns
Total end-to-end search time: 754879 ns
Total end-to-end search time: 502269 ns
Total end-to-end search time: 807809 ns
Total end-to-end search time: 970663 ns
Total end-to-end search time: 940584 ns
Total end-to-end search time: 551934 ns
Total end-to-end search time: 897366 ns
Total end-to-end search time: 760354 ns
Total end-to-end search time: 947783 ns
Total end-to-end search time: 771165 ns
Total end-to-end search time: 820894 ns
Total end-to-end search time: 837667 ns
Total end-to-end search time: 908893 ns
Total end-to-end search time: 727880 ns
Total end-to-end search time: 834257 ns
Query: 1, nThreads: 4, warmup: 16
====================================================================================================
(ns)
Load index... Graph level 5..
Total end-to-end search time: 1333907 ns
Total end-to-end search time: 866359 ns
Total end-to-end search time: 763704 ns
Total end-to-end search time: 517701 ns
Total end-to-end search time: 817357 ns
Total end-to-end search time: 979433 ns
Total end-to-end search time: 957284 ns
Total end-to-end search time: 560042 ns
Total end-to-end search time: 911725 ns
Total end-to-end search time: 775794 ns
Total end-to-end search time: 962993 ns
Total end-to-end search time: 774820 ns
Total end-to-end search time: 829778 ns
Total end-to-end search time: 847557 ns
Total end-to-end search time: 930310 ns
Total end-to-end search time: 746819 ns
Total end-to-end search time: 841706 ns
Query: 1, nThreads: 4, warmup: 16
====================================================================================================
(ns)
Load index... Graph level 5..
Total end-to-end search time: 1338496 ns
Total end-to-end search time: 875607 ns
Total end-to-end search time: 757112 ns
Total end-to-end search time: 515928 ns
Total end-to-end search time: 811448 ns
Total end-to-end search time: 973347 ns
Total end-to-end search time: 953282 ns
Total end-to-end search time: 555446 ns
Total end-to-end search time: 900214 ns
Total end-to-end search time: 768206 ns
Total end-to-end search time: 959393 ns
Total end-to-end search time: 770593 ns
Total end-to-end search time: 823066 ns
Total end-to-end search time: 844440 ns
Total end-to-end search time: 919427 ns
Total end-to-end search time: 741936 ns
Total end-to-end search time: 842329 ns
Query: 1, nThreads: 4, warmup: 16
====================================================================================================
(ns)
Load index... Graph level 5..
Total end-to-end search time: 1395639 ns
Total end-to-end search time: 867035 ns
Total end-to-end search time: 757232 ns
Total end-to-end search time: 512713 ns
Total end-to-end search time: 824184 ns
Total end-to-end search time: 979279 ns
Total end-to-end search time: 953637 ns
Total end-to-end search time: 562195 ns
Total end-to-end search time: 911899 ns
Total end-to-end search time: 773774 ns
Total end-to-end search time: 962258 ns
Total end-to-end search time: 783362 ns
Total end-to-end search time: 835165 ns
Total end-to-end search time: 847748 ns
Total end-to-end search time: 933699 ns
Total end-to-end search time: 740275 ns
Total end-to-end search time: 847933 ns
Query: 1, nThreads: 4, warmup: 16
====================================================================================================
(ns)
Load index... Graph level 5..
Total end-to-end search time: 1339294 ns
Total end-to-end search time: 853597 ns
Total end-to-end search time: 761443 ns
Total end-to-end search time: 509895 ns
Total end-to-end search time: 800606 ns
Total end-to-end search time: 971838 ns
Total end-to-end search time: 939973 ns
Total end-to-end search time: 554971 ns
Total end-to-end search time: 893024 ns
Total end-to-end search time: 754671 ns
Total end-to-end search time: 944672 ns
Total end-to-end search time: 772981 ns
Total end-to-end search time: 814426 ns
Total end-to-end search time: 828885 ns
Total end-to-end search time: 903233 ns
Total end-to-end search time: 722879 ns
Total end-to-end search time: 831233 ns
Query: 1, nThreads: 4, warmup: 16
====================================================================================================
(ns)
Load index... Graph level 5..
Total end-to-end search time: 1351325 ns
Total end-to-end search time: 850438 ns
Total end-to-end search time: 758346 ns
Total end-to-end search time: 504573 ns
Total end-to-end search time: 799143 ns
Total end-to-end search time: 969080 ns
Total end-to-end search time: 941167 ns
Total end-to-end search time: 553183 ns
Total end-to-end search time: 888283 ns
Total end-to-end search time: 757696 ns
Total end-to-end search time: 944530 ns
Total end-to-end search time: 758873 ns
Total end-to-end search time: 813173 ns
Total end-to-end search time: 829662 ns
Total end-to-end search time: 920640 ns
Total end-to-end search time: 735226 ns
Total end-to-end search time: 838799 ns
Query: 1, nThreads: 4, warmup: 16
====================================================================================================
(ns)
Load index... Graph level 5..
Total end-to-end search time: 1340405 ns
Total end-to-end search time: 870453 ns
Total end-to-end search time: 758850 ns
Total end-to-end search time: 511695 ns
Total end-to-end search time: 811263 ns
Total end-to-end search time: 980819 ns
Total end-to-end search time: 948409 ns
Total end-to-end search time: 553453 ns
Total end-to-end search time: 901931 ns
Total end-to-end search time: 761844 ns
Total end-to-end search time: 955583 ns
Total end-to-end search time: 772209 ns
Total end-to-end search time: 816387 ns
Total end-to-end search time: 831604 ns
Total end-to-end search time: 907480 ns
Total end-to-end search time: 729395 ns
Total end-to-end search time: 829020 ns
Query: 1, nThreads: 4, warmup: 16
====================================================================================================
(ns)
Load index... Graph level 5..
Total end-to-end search time: 1312756 ns
Total end-to-end search time: 843323 ns
Total end-to-end search time: 736726 ns
Total end-to-end search time: 504663 ns
Total end-to-end search time: 781325 ns
Total end-to-end search time: 948319 ns
Total end-to-end search time: 935600 ns
Total end-to-end search time: 540184 ns
Total end-to-end search time: 882328 ns
Total end-to-end search time: 736396 ns
Total end-to-end search time: 937736 ns
Total end-to-end search time: 759435 ns
Total end-to-end search time: 809465 ns
Total end-to-end search time: 816075 ns
Total end-to-end search time: 897259 ns
Total end-to-end search time: 723204 ns
Total end-to-end search time: 826389 ns
Query: 1, nThreads: 4, warmup: 16
====================================================================================================
(ns)
Load index... Graph level 5..
Total end-to-end search time: 1325112 ns
Total end-to-end search time: 861242 ns
Total end-to-end search time: 746324 ns
Total end-to-end search time: 512072 ns
Total end-to-end search time: 799093 ns
Total end-to-end search time: 971318 ns
Total end-to-end search time: 943000 ns
Total end-to-end search time: 545012 ns
Total end-to-end search time: 900921 ns
Total end-to-end search time: 752093 ns
Total end-to-end search time: 953054 ns
Total end-to-end search time: 767025 ns
Total end-to-end search time: 812001 ns
Total end-to-end search time: 825958 ns
Total end-to-end search time: 907757 ns
Total end-to-end search time: 725540 ns
Total end-to-end search time: 829010 ns
Query: 1, nThreads: 4, warmup: 16
====================================================================================================
(ns)
Load index... Graph level 5..
Total end-to-end search time: 1405158 ns
Total end-to-end search time: 863772 ns
Total end-to-end search time: 756545 ns
Total end-to-end search time: 509353 ns
Total end-to-end search time: 802420 ns
Total end-to-end search time: 968043 ns
Total end-to-end search time: 943688 ns
Total end-to-end search time: 552883 ns
Total end-to-end search time: 896397 ns
Total end-to-end search time: 752373 ns
Total end-to-end search time: 957996 ns
Total end-to-end search time: 768305 ns
Total end-to-end search time: 818964 ns
Total end-to-end search time: 834578 ns
Total end-to-end search time: 910306 ns
Total end-to-end search time: 730543 ns
Total end-to-end search time: 828263 ns
Query: 1, nThreads: 4, warmup: 16
====================================================================================================
(ns)
Load index... Graph level 5..
Total end-to-end search time: 1350184 ns
Total end-to-end search time: 860691 ns
Total end-to-end search time: 749433 ns
Total end-to-end search time: 507999 ns
Total end-to-end search time: 806574 ns
Total end-to-end search time: 966232 ns
Total end-to-end search time: 948513 ns
Total end-to-end search time: 553102 ns
Total end-to-end search time: 904513 ns
Total end-to-end search time: 771946 ns
Total end-to-end search time: 954272 ns
Total end-to-end search time: 764722 ns
Total end-to-end search time: 819000 ns
Total end-to-end search time: 838301 ns
Total end-to-end search time: 910350 ns
Total end-to-end search time: 737367 ns
Total end-to-end search time: 838657 ns
Query: 1, nThreads: 4, warmup: 16
====================================================================================================
(ns)
Load index... Graph level 5..
Total end-to-end search time: 1340930 ns
Total end-to-end search time: 873687 ns
Total end-to-end search time: 767692 ns
Total end-to-end search time: 512890 ns
Total end-to-end search time: 814580 ns
Total end-to-end search time: 981133 ns
Total end-to-end search time: 950002 ns
Total end-to-end search time: 559001 ns
Total end-to-end search time: 901460 ns
Total end-to-end search time: 774550 ns
Total end-to-end search time: 966557 ns
Total end-to-end search time: 776382 ns
Total end-to-end search time: 836520 ns
Total end-to-end search time: 841577 ns
Total end-to-end search time: 923513 ns
Total end-to-end search time: 732929 ns
Total end-to-end search time: 837515 ns
Query: 1, nThreads: 4, warmup: 16
====================================================================================================
(ns)
Load index... Graph level 5..
Total end-to-end search time: 1376204 ns
Total end-to-end search time: 864510 ns
Total end-to-end search time: 755738 ns
Total end-to-end search time: 516366 ns
Total end-to-end search time: 805336 ns
Total end-to-end search time: 975837 ns
Total end-to-end search time: 949485 ns
Total end-to-end search time: 557267 ns
Total end-to-end search time: 898971 ns
Total end-to-end search time: 762278 ns
Total end-to-end search time: 955850 ns
Total end-to-end search time: 767050 ns
Total end-to-end search time: 826673 ns
Total end-to-end search time: 837404 ns
Total end-to-end search time: 911956 ns
Total end-to-end search time: 729963 ns
Total end-to-end search time: 826320 ns
Query: 1, nThreads: 4, warmup: 16
====================================================================================================
(ns)
Load index... Graph level 5..
Total end-to-end search time: 1354019 ns
Total end-to-end search time: 866220 ns
Total end-to-end search time: 760316 ns
Total end-to-end search time: 509424 ns
Total end-to-end search time: 809874 ns
Total end-to-end search time: 974036 ns
Total end-to-end search time: 947170 ns
Total end-to-end search time: 557722 ns
Total end-to-end search time: 898989 ns
Total end-to-end search time: 771028 ns
Total end-to-end search time: 957198 ns
Total end-to-end search time: 778403 ns
Total end-to-end search time: 826238 ns
Total end-to-end search time: 838962 ns
Total end-to-end search time: 924298 ns
Total end-to-end search time: 742498 ns
Total end-to-end search time: 834137 ns
Query: 1, nThreads: 4, warmup: 16
====================================================================================================
(ns)
Load index... Graph level 5..
Total end-to-end search time: 1325587 ns
Total end-to-end search time: 847309 ns
Total end-to-end search time: 738311 ns
Total end-to-end search time: 513123 ns
Total end-to-end search time: 793405 ns
Total end-to-end search time: 960299 ns
Total end-to-end search time: 926237 ns
Total end-to-end search time: 549822 ns
Total end-to-end search time: 888986 ns
Total end-to-end search time: 747987 ns
Total end-to-end search time: 941392 ns
Total end-to-end search time: 764268 ns
Total end-to-end search time: 806859 ns
Total end-to-end search time: 825541 ns
Total end-to-end search time: 906712 ns
Total end-to-end search time: 723559 ns
Total end-to-end search time: 821801 ns
Query: 1, nThreads: 4, warmup: 16
====================================================================================================
(ns)
Load index... Graph level 5..
Total end-to-end search time: 1364843 ns
Total end-to-end search time: 869436 ns
Total end-to-end search time: 751989 ns
Total end-to-end search time: 518159 ns
Total end-to-end search time: 816553 ns
Total end-to-end search time: 972202 ns
Total end-to-end search time: 966053 ns
Total end-to-end search time: 548500 ns
Total end-to-end search time: 911959 ns
Total end-to-end search time: 768168 ns
Total end-to-end search time: 958138 ns
Total end-to-end search time: 777089 ns
Total end-to-end search time: 828974 ns
Total end-to-end search time: 841602 ns
Total end-to-end search time: 923611 ns
Total end-to-end search time: 743515 ns
Total end-to-end search time: 840374 ns
Query: 1, nThreads: 4, warmup: 16
====================================================================================================
(ns)
Load index... Graph level 5..
Total end-to-end search time: 1308973 ns
Total end-to-end search time: 851903 ns
Total end-to-end search time: 748839 ns
Total end-to-end search time: 503907 ns
Total end-to-end search time: 791536 ns
Total end-to-end search time: 962511 ns
Total end-to-end search time: 929062 ns
Total end-to-end search time: 545302 ns
Total end-to-end search time: 888706 ns
Total end-to-end search time: 755832 ns
Total end-to-end search time: 946655 ns
Total end-to-end search time: 778241 ns
Total end-to-end search time: 813729 ns
Total end-to-end search time: 826585 ns
Total end-to-end search time: 907338 ns
Total end-to-end search time: 725179 ns
Total end-to-end search time: 832916 ns
Query: 1, nThreads: 4, warmup: 16
====================================================================================================
(ns)
Load index... Graph level 5..
Total end-to-end search time: 1328118 ns
Total end-to-end search time: 859209 ns
Total end-to-end search time: 745282 ns
Total end-to-end search time: 507671 ns
Total end-to-end search time: 796445 ns
Total end-to-end search time: 964892 ns
Total end-to-end search time: 939977 ns
Total end-to-end search time: 550604 ns
Total end-to-end search time: 900009 ns
Total end-to-end search time: 754549 ns
Total end-to-end search time: 942258 ns
Total end-to-end search time: 764132 ns
Total end-to-end search time: 813613 ns
Total end-to-end search time: 834320 ns
Total end-to-end search time: 913158 ns
Total end-to-end search time: 729529 ns
Total end-to-end search time: 835787 ns
