Query: 2048, nThreads: 32, warmup: 1
====================================================================================================
(ns)
Load index... Graph level 5..
Total end-to-end search time: 196802649 ns
Total end-to-end search time: 192141558 ns
Query: 2048, nThreads: 32, warmup: 1
====================================================================================================
(ns)
Load index... Graph level 5..
Total end-to-end search time: 197496012 ns
Total end-to-end search time: 192275341 ns
Query: 2048, nThreads: 32, warmup: 1
====================================================================================================
(ns)
Load index... Graph level 5..
Total end-to-end search time: 197242779 ns
Total end-to-end search time: 192386058 ns
Query: 2048, nThreads: 32, warmup: 1
====================================================================================================
(ns)
Load index... Graph level 5..
Total end-to-end search time: 196876018 ns
Total end-to-end search time: 191998249 ns
Query: 2048, nThreads: 32, warmup: 1
====================================================================================================
(ns)
Load index... Graph level 5..
Total end-to-end search time: 196873365 ns
Total end-to-end search time: 192466280 ns
Query: 2048, nThreads: 32, warmup: 1
====================================================================================================
(ns)
Load index... Graph level 5..
Total end-to-end search time: 197327744 ns
Total end-to-end search time: 192053302 ns
Query: 2048, nThreads: 32, warmup: 1
====================================================================================================
(ns)
Load index... Graph level 5..
Total end-to-end search time: 197473837 ns
Total end-to-end search time: 192477822 ns
Query: 2048, nThreads: 32, warmup: 1
====================================================================================================
(ns)
Load index... Graph level 5..
Total end-to-end search time: 197667766 ns
Total end-to-end search time: 192264203 ns
Query: 2048, nThreads: 32, warmup: 1
====================================================================================================
(ns)
Load index... Graph level 5..
Total end-to-end search time: 197687755 ns
Total end-to-end search time: 191994101 ns
Query: 2048, nThreads: 32, warmup: 1
====================================================================================================
(ns)
Load index... Graph level 5..
Total end-to-end search time: 196904848 ns
Total end-to-end search time: 191930674 ns
Query: 2048, nThreads: 32, warmup: 1
====================================================================================================
(ns)
Load index... Graph level 5..
Total end-to-end search time: 196873101 ns
Total end-to-end search time: 192086464 ns
Query: 2048, nThreads: 32, warmup: 1
====================================================================================================
(ns)
Load index... Graph level 5..
Total end-to-end search time: 196799357 ns
Total end-to-end search time: 192217537 ns
Query: 2048, nThreads: 32, warmup: 1
====================================================================================================
(ns)
Load index... Graph level 5..
Total end-to-end search time: 196651606 ns
Total end-to-end search time: 191875666 ns
Query: 2048, nThreads: 32, warmup: 1
====================================================================================================
(ns)
Load index... Graph level 5..
Total end-to-end search time: 196977699 ns
Total end-to-end search time: 191862085 ns
Query: 2048, nThreads: 32, warmup: 1
====================================================================================================
(ns)
Load index... Graph level 5..
Total end-to-end search time: 196498225 ns
Total end-to-end search time: 191673180 ns
Query: 2048, nThreads: 32, warmup: 1
====================================================================================================
(ns)
Load index... Graph level 5..
Total end-to-end search time: 196498464 ns
Total end-to-end search time: 191916349 ns
Query: 2048, nThreads: 32, warmup: 1
====================================================================================================
(ns)
Load index... Graph level 5..
Total end-to-end search time: 196561391 ns
Total end-to-end search time: 191807537 ns
Query: 2048, nThreads: 32, warmup: 1
====================================================================================================
(ns)
Load index... Graph level 5..
Total end-to-end search time: 196047568 ns
Total end-to-end search time: 192266828 ns
Query: 2048, nThreads: 32, warmup: 1
====================================================================================================
(ns)
Load index... Graph level 5..
Total end-to-end search time: 197204015 ns
Total end-to-end search time: 192259658 ns
Query: 2048, nThreads: 32, warmup: 1
====================================================================================================
(ns)
Load index... Graph level 5..
Total end-to-end search time: 196620221 ns
Total end-to-end search time: 192163336 ns
Query: 2048, nThreads: 32, warmup: 1
====================================================================================================
(ns)
Load index... Graph level 5..
Total end-to-end search time: 197214296 ns
Total end-to-end search time: 191819931 ns
Query: 2048, nThreads: 32, warmup: 1
====================================================================================================
(ns)
Load index... Graph level 5..
Total end-to-end search time: 197149995 ns
Total end-to-end search time: 191786780 ns
Query: 2048, nThreads: 32, warmup: 1
====================================================================================================
(ns)
Load index... Graph level 5..
Total end-to-end search time: 196633875 ns
Total end-to-end search time: 191711131 ns
Query: 2048, nThreads: 32, warmup: 1
====================================================================================================
(ns)
Load index... Graph level 5..
Total end-to-end search time: 197494797 ns
Total end-to-end search time: 192505277 ns
Query: 2048, nThreads: 32, warmup: 1
====================================================================================================
(ns)
Load index... Graph level 5..
Total end-to-end search time: 196202516 ns
Total end-to-end search time: 192151482 ns
Query: 2048, nThreads: 32, warmup: 1
====================================================================================================
(ns)
Load index... Graph level 5..
Total end-to-end search time: 196843096 ns
Total end-to-end search time: 192237425 ns
Query: 2048, nThreads: 32, warmup: 1
====================================================================================================
(ns)
Load index... Graph level 5..
Total end-to-end search time: 196669947 ns
Total end-to-end search time: 192286648 ns
Query: 2048, nThreads: 32, warmup: 1
====================================================================================================
(ns)
Load index... Graph level 5..
Total end-to-end search time: 197345086 ns
Total end-to-end search time: 191877260 ns
Query: 2048, nThreads: 32, warmup: 1
====================================================================================================
(ns)
Load index... Graph level 5..
Total end-to-end search time: 196376206 ns
Total end-to-end search time: 192145616 ns
Query: 2048, nThreads: 32, warmup: 1
====================================================================================================
(ns)
Load index... Graph level 5..
Total end-to-end search time: 196173593 ns
Total end-to-end search time: 191938132 ns
