Query: 2048, nThreads: 8, warmup: 1
====================================================================================================
(ns)
Load index... Graph level 5..
Total end-to-end search time: 191296002 ns
Total end-to-end search time: 187493290 ns
Query: 2048, nThreads: 8, warmup: 1
====================================================================================================
(ns)
Load index... Graph level 5..
Total end-to-end search time: 191152216 ns
Total end-to-end search time: 187506950 ns
Query: 2048, nThreads: 8, warmup: 1
====================================================================================================
(ns)
Load index... Graph level 5..
Total end-to-end search time: 191275756 ns
Total end-to-end search time: 187306436 ns
Query: 2048, nThreads: 8, warmup: 1
====================================================================================================
(ns)
Load index... Graph level 5..
Total end-to-end search time: 191519768 ns
Total end-to-end search time: 187400588 ns
Query: 2048, nThreads: 8, warmup: 1
====================================================================================================
(ns)
Load index... Graph level 5..
Total end-to-end search time: 191803593 ns
Total end-to-end search time: 187432847 ns
Query: 2048, nThreads: 8, warmup: 1
====================================================================================================
(ns)
Load index... Graph level 5..
Total end-to-end search time: 190886684 ns
Total end-to-end search time: 187502766 ns
Query: 2048, nThreads: 8, warmup: 1
====================================================================================================
(ns)
Load index... Graph level 5..
Total end-to-end search time: 191105085 ns
Total end-to-end search time: 187214233 ns
Query: 2048, nThreads: 8, warmup: 1
====================================================================================================
(ns)
Load index... Graph level 5..
Total end-to-end search time: 191238174 ns
Total end-to-end search time: 187654550 ns
Query: 2048, nThreads: 8, warmup: 1
====================================================================================================
(ns)
Load index... Graph level 5..
Total end-to-end search time: 191552710 ns
Total end-to-end search time: 187358934 ns
Query: 2048, nThreads: 8, warmup: 1
====================================================================================================
(ns)
Load index... Graph level 5..
Total end-to-end search time: 191525460 ns
Total end-to-end search time: 187406205 ns
Query: 2048, nThreads: 8, warmup: 1
====================================================================================================
(ns)
Load index... Graph level 5..
Total end-to-end search time: 210739271 ns
Total end-to-end search time: 187620855 ns
Query: 2048, nThreads: 8, warmup: 1
====================================================================================================
(ns)
Load index... Graph level 5..
Total end-to-end search time: 191362037 ns
Total end-to-end search time: 187385662 ns
Query: 2048, nThreads: 8, warmup: 1
====================================================================================================
(ns)
Load index... Graph level 5..
Total end-to-end search time: 191200744 ns
Total end-to-end search time: 187463407 ns
Query: 2048, nThreads: 8, warmup: 1
====================================================================================================
(ns)
Load index... Graph level 5..
Total end-to-end search time: 191352384 ns
Total end-to-end search time: 187335724 ns
Query: 2048, nThreads: 8, warmup: 1
====================================================================================================
(ns)
Load index... Graph level 5..
Total end-to-end search time: 191433033 ns
Total end-to-end search time: 187519310 ns
Query: 2048, nThreads: 8, warmup: 1
====================================================================================================
(ns)
Load index... Graph level 5..
Total end-to-end search time: 191350580 ns
Total end-to-end search time: 187396919 ns
Query: 2048, nThreads: 8, warmup: 1
====================================================================================================
(ns)
Load index... Graph level 5..
Total end-to-end search time: 190913102 ns
Total end-to-end search time: 187546873 ns
Query: 2048, nThreads: 8, warmup: 1
====================================================================================================
(ns)
Load index... Graph level 5..
Total end-to-end search time: 191327517 ns
Total end-to-end search time: 187477048 ns
Query: 2048, nThreads: 8, warmup: 1
====================================================================================================
(ns)
Load index... Graph level 5..
Total end-to-end search time: 217988850 ns
Total end-to-end search time: 187376965 ns
Query: 2048, nThreads: 8, warmup: 1
====================================================================================================
(ns)
Load index... Graph level 5..
Total end-to-end search time: 192026542 ns
Total end-to-end search time: 187600929 ns
Query: 2048, nThreads: 8, warmup: 1
====================================================================================================
(ns)
Load index... Graph level 5..
Total end-to-end search time: 191037009 ns
Total end-to-end search time: 187470732 ns
Query: 2048, nThreads: 8, warmup: 1
====================================================================================================
(ns)
Load index... Graph level 5..
Total end-to-end search time: 191304458 ns
Total end-to-end search time: 187430310 ns
Query: 2048, nThreads: 8, warmup: 1
====================================================================================================
(ns)
Load index... Graph level 5..
Total end-to-end search time: 191272729 ns
Total end-to-end search time: 187631415 ns
Query: 2048, nThreads: 8, warmup: 1
====================================================================================================
(ns)
Load index... Graph level 5..
Total end-to-end search time: 190988741 ns
Total end-to-end search time: 187576617 ns
Query: 2048, nThreads: 8, warmup: 1
====================================================================================================
(ns)
Load index... Graph level 5..
Total end-to-end search time: 191223745 ns
Total end-to-end search time: 187540185 ns
Query: 2048, nThreads: 8, warmup: 1
====================================================================================================
(ns)
Load index... Graph level 5..
Total end-to-end search time: 191021443 ns
Total end-to-end search time: 187363414 ns
Query: 2048, nThreads: 8, warmup: 1
====================================================================================================
(ns)
Load index... Graph level 5..
Total end-to-end search time: 191425149 ns
Total end-to-end search time: 187448890 ns
Query: 2048, nThreads: 8, warmup: 1
====================================================================================================
(ns)
Load index... Graph level 5..
Total end-to-end search time: 191028579 ns
Total end-to-end search time: 187598617 ns
Query: 2048, nThreads: 8, warmup: 1
====================================================================================================
(ns)
Load index... Graph level 5..
Total end-to-end search time: 191430285 ns
Total end-to-end search time: 187454804 ns
Query: 2048, nThreads: 8, warmup: 1
====================================================================================================
(ns)
Load index... Graph level 5..
Total end-to-end search time: 191399224 ns
Total end-to-end search time: 187553387 ns
