Query: 2048, nThreads: 4, warmup: 1
====================================================================================================
(ns)
Load index... Graph level 5..
Total end-to-end search time: 374117009 ns
Total end-to-end search time: 369326229 ns
Query: 2048, nThreads: 4, warmup: 1
====================================================================================================
(ns)
Load index... Graph level 5..
Total end-to-end search time: 373999341 ns
Total end-to-end search time: 367724044 ns
Query: 2048, nThreads: 4, warmup: 1
====================================================================================================
(ns)
Load index... Graph level 5..
Total end-to-end search time: 373870706 ns
Total end-to-end search time: 368209194 ns
Query: 2048, nThreads: 4, warmup: 1
====================================================================================================
(ns)
Load index... Graph level 5..
Total end-to-end search time: 373498939 ns
Total end-to-end search time: 368572977 ns
Query: 2048, nThreads: 4, warmup: 1
====================================================================================================
(ns)
Load index... Graph level 5..
Total end-to-end search time: 375972534 ns
Total end-to-end search time: 367182583 ns
Query: 2048, nThreads: 4, warmup: 1
====================================================================================================
(ns)
Load index... Graph level 5..
Total end-to-end search time: 374737202 ns
Total end-to-end search time: 367185552 ns
Query: 2048, nThreads: 4, warmup: 1
====================================================================================================
(ns)
Load index... Graph level 5..
Total end-to-end search time: 373513265 ns
Total end-to-end search time: 367185148 ns
Query: 2048, nThreads: 4, warmup: 1
====================================================================================================
(ns)
Load index... Graph level 5..
Total end-to-end search time: 375336859 ns
Total end-to-end search time: 368091089 ns
Query: 2048, nThreads: 4, warmup: 1
====================================================================================================
(ns)
Load index... Graph level 5..
Total end-to-end search time: 376077142 ns
Total end-to-end search time: 366988144 ns
Query: 2048, nThreads: 4, warmup: 1
====================================================================================================
(ns)
Load index... Graph level 5..
Total end-to-end search time: 373976439 ns
Total end-to-end search time: 368111373 ns
Query: 2048, nThreads: 4, warmup: 1
====================================================================================================
(ns)
Load index... Graph level 5..
Total end-to-end search time: 374370836 ns
Total end-to-end search time: 368182123 ns
Query: 2048, nThreads: 4, warmup: 1
====================================================================================================
(ns)
Load index... Graph level 5..
Total end-to-end search time: 373590485 ns
Total end-to-end search time: 368730629 ns
Query: 2048, nThreads: 4, warmup: 1
====================================================================================================
(ns)
Load index... Graph level 5..
Total end-to-end search time: 374270238 ns
Total end-to-end search time: 367479782 ns
Query: 2048, nThreads: 4, warmup: 1
====================================================================================================
(ns)
Load index... Graph level 5..
Total end-to-end search time: 373703836 ns
Total end-to-end search time: 368216987 ns
Query: 2048, nThreads: 4, warmup: 1
====================================================================================================
(ns)
Load index... Graph level 5..
Total end-to-end search time: 375920080 ns
Total end-to-end search time: 368011052 ns
Query: 2048, nThreads: 4, warmup: 1
====================================================================================================
(ns)
Load index... Graph level 5..
Total end-to-end search time: 375388438 ns
Total end-to-end search time: 367863404 ns
Query: 2048, nThreads: 4, warmup: 1
====================================================================================================
(ns)
Load index... Graph level 5..
Total end-to-end search time: 375394936 ns
Total end-to-end search time: 367073738 ns
Query: 2048, nThreads: 4, warmup: 1
====================================================================================================
(ns)
Load index... Graph level 5..
Total end-to-end search time: 376433842 ns
Total end-to-end search time: 370042007 ns
Query: 2048, nThreads: 4, warmup: 1
====================================================================================================
(ns)
Load index... Graph level 5..
Total end-to-end search time: 374923638 ns
Total end-to-end search time: 367592269 ns
Query: 2048, nThreads: 4, warmup: 1
====================================================================================================
(ns)
Load index... Graph level 5..
Total end-to-end search time: 373339141 ns
Total end-to-end search time: 367286326 ns
Query: 2048, nThreads: 4, warmup: 1
====================================================================================================
(ns)
Load index... Graph level 5..
Total end-to-end search time: 373482642 ns
Total end-to-end search time: 369205998 ns
Query: 2048, nThreads: 4, warmup: 1
====================================================================================================
(ns)
Load index... Graph level 5..
Total end-to-end search time: 373480963 ns
Total end-to-end search time: 368991176 ns
Query: 2048, nThreads: 4, warmup: 1
====================================================================================================
(ns)
Load index... Graph level 5..
Total end-to-end search time: 374062743 ns
Total end-to-end search time: 368388926 ns
Query: 2048, nThreads: 4, warmup: 1
====================================================================================================
(ns)
Load index... Graph level 5..
Total end-to-end search time: 375344745 ns
Total end-to-end search time: 367582544 ns
Query: 2048, nThreads: 4, warmup: 1
====================================================================================================
(ns)
Load index... Graph level 5..
Total end-to-end search time: 375510380 ns
Total end-to-end search time: 367059733 ns
Query: 2048, nThreads: 4, warmup: 1
====================================================================================================
(ns)
Load index... Graph level 5..
Total end-to-end search time: 375519709 ns
Total end-to-end search time: 367942978 ns
Query: 2048, nThreads: 4, warmup: 1
====================================================================================================
(ns)
Load index... Graph level 5..
Total end-to-end search time: 375294070 ns
Total end-to-end search time: 366993551 ns
Query: 2048, nThreads: 4, warmup: 1
====================================================================================================
(ns)
Load index... Graph level 5..
Total end-to-end search time: 374565297 ns
Total end-to-end search time: 367946889 ns
Query: 2048, nThreads: 4, warmup: 1
====================================================================================================
(ns)
Load index... Graph level 5..
Total end-to-end search time: 373473492 ns
Total end-to-end search time: 367370433 ns
Query: 2048, nThreads: 4, warmup: 1
====================================================================================================
(ns)
Load index... Graph level 5..
Total end-to-end search time: 373815175 ns
Total end-to-end search time: 368114954 ns
