Query: 256, nThreads: 64, warmup: 8
====================================================================================================
(ns)
Load index... Graph level 5..
Total end-to-end search time: 179256413 ns
Total end-to-end search time: 192591591 ns
Total end-to-end search time: 164798929 ns
Total end-to-end search time: 183494394 ns
Total end-to-end search time: 182071925 ns
Total end-to-end search time: 177114626 ns
Total end-to-end search time: 194081228 ns
Total end-to-end search time: 177489045 ns
Total end-to-end search time: 184071983 ns
Query: 256, nThreads: 64, warmup: 8
====================================================================================================
(ns)
Load index... Graph level 5..
Total end-to-end search time: 179781792 ns
Total end-to-end search time: 192557874 ns
Total end-to-end search time: 165075797 ns
Total end-to-end search time: 184877768 ns
Total end-to-end search time: 183184305 ns
Total end-to-end search time: 177798209 ns
Total end-to-end search time: 195394913 ns
Total end-to-end search time: 178523821 ns
Total end-to-end search time: 185185353 ns
Query: 256, nThreads: 64, warmup: 8
====================================================================================================
(ns)
Load index... Graph level 5..
Total end-to-end search time: 181222271 ns
Total end-to-end search time: 194020056 ns
Total end-to-end search time: 166215760 ns
Total end-to-end search time: 185039647 ns
Total end-to-end search time: 184102269 ns
Total end-to-end search time: 178908428 ns
Total end-to-end search time: 195894743 ns
Total end-to-end search time: 179269889 ns
Total end-to-end search time: 185262684 ns
Query: 256, nThreads: 64, warmup: 8
====================================================================================================
(ns)
Load index... Graph level 5..
Total end-to-end search time: 182060535 ns
Total end-to-end search time: 194529931 ns
Total end-to-end search time: 166743198 ns
Total end-to-end search time: 186237093 ns
Total end-to-end search time: 184954141 ns
Total end-to-end search time: 180146991 ns
Total end-to-end search time: 197284583 ns
Total end-to-end search time: 180130683 ns
Total end-to-end search time: 186579285 ns
Query: 256, nThreads: 64, warmup: 8
====================================================================================================
(ns)
Load index... Graph level 5..
Total end-to-end search time: 180397701 ns
Total end-to-end search time: 193127229 ns
Total end-to-end search time: 165667695 ns
Total end-to-end search time: 183965961 ns
Total end-to-end search time: 183028475 ns
Total end-to-end search time: 177176472 ns
Total end-to-end search time: 194654933 ns
Total end-to-end search time: 178033471 ns
Total end-to-end search time: 184595003 ns
Query: 256, nThreads: 64, warmup: 8
====================================================================================================
(ns)
Load index... Graph level 5..
Total end-to-end search time: 180580496 ns
Total end-to-end search time: 193993372 ns
Total end-to-end search time: 166346392 ns
Total end-to-end search time: 185002447 ns
Total end-to-end search time: 183872564 ns
Total end-to-end search time: 177791437 ns
Total end-to-end search time: 195228300 ns
Total end-to-end search time: 178685646 ns
Total end-to-end search time: 185080352 ns
Query: 256, nThreads: 64, warmup: 8
====================================================================================================
(ns)
Load index... Graph level 5..
Total end-to-end search time: 180161730 ns
Total end-to-end search time: 192824433 ns
Total end-to-end search time: 165170361 ns
Total end-to-end search time: 183931547 ns
Total end-to-end search time: 182769636 ns
Total end-to-end search time: 177130540 ns
Total end-to-end search time: 194630085 ns
Total end-to-end search time: 178181551 ns
Total end-to-end search time: 184940354 ns
Query: 256, nThreads: 64, warmup: 8
====================================================================================================
(ns)
Load index... Graph level 5..
Total end-to-end search time: 180433920 ns
Total end-to-end search time: 193311016 ns
Total end-to-end search time: 165681180 ns
Total end-to-end search time: 184690928 ns
Total end-to-end search time: 184960622 ns
Total end-to-end search time: 179264636 ns
Total end-to-end search time: 197028550 ns
Total end-to-end search time: 180938662 ns
Total end-to-end search time: 186687452 ns
Query: 256, nThreads: 64, warmup: 8
====================================================================================================
(ns)
Load index... Graph level 5..
Total end-to-end search time: 180139915 ns
Total end-to-end search time: 192378095 ns
Total end-to-end search time: 165039870 ns
Total end-to-end search time: 184351933 ns
Total end-to-end search time: 182427447 ns
Total end-to-end search time: 176773972 ns
Total end-to-end search time: 194344399 ns
Total end-to-end search time: 178093724 ns
Total end-to-end search time: 184480003 ns
Query: 256, nThreads: 64, warmup: 8
====================================================================================================
(ns)
Load index... Graph level 5..
Total end-to-end search time: 180676333 ns
Total end-to-end search time: 193517669 ns
Total end-to-end search time: 165920534 ns
Total end-to-end search time: 185197728 ns
Total end-to-end search time: 183001824 ns
Total end-to-end search time: 177929860 ns
Total end-to-end search time: 194952630 ns
Total end-to-end search time: 178828598 ns
Total end-to-end search time: 184616995 ns
Query: 256, nThreads: 64, warmup: 8
====================================================================================================
(ns)
Load index... Graph level 5..
Total end-to-end search time: 180986120 ns
Total end-to-end search time: 194592892 ns
Total end-to-end search time: 166090911 ns
Total end-to-end search time: 185113669 ns
Total end-to-end search time: 184181855 ns
Total end-to-end search time: 178040404 ns
Total end-to-end search time: 195398103 ns
Total end-to-end search time: 179617462 ns
Total end-to-end search time: 185757067 ns
Query: 256, nThreads: 64, warmup: 8
====================================================================================================
(ns)
Load index... Graph level 5..
Total end-to-end search time: 182110623 ns
Total end-to-end search time: 194254641 ns
Total end-to-end search time: 166199293 ns
Total end-to-end search time: 186005877 ns
Total end-to-end search time: 184945302 ns
Total end-to-end search time: 178574927 ns
Total end-to-end search time: 195067262 ns
Total end-to-end search time: 178871185 ns
Total end-to-end search time: 185393884 ns
Query: 256, nThreads: 64, warmup: 8
====================================================================================================
(ns)
Load index... Graph level 5..
Total end-to-end search time: 180396009 ns
Total end-to-end search time: 192965053 ns
Total end-to-end search time: 165506773 ns
Total end-to-end search time: 184600204 ns
Total end-to-end search time: 183621509 ns
Total end-to-end search time: 177300826 ns
Total end-to-end search time: 194433601 ns
Total end-to-end search time: 178898102 ns
Total end-to-end search time: 185723677 ns
Query: 256, nThreads: 64, warmup: 8
====================================================================================================
(ns)
Load index... Graph level 5..
Total end-to-end search time: 180544300 ns
Total end-to-end search time: 192798711 ns
Total end-to-end search time: 165074571 ns
Total end-to-end search time: 184271312 ns
Total end-to-end search time: 183091546 ns
Total end-to-end search time: 177224074 ns
Total end-to-end search time: 194774477 ns
Total end-to-end search time: 177975991 ns
Total end-to-end search time: 184468419 ns
Query: 256, nThreads: 64, warmup: 8
====================================================================================================
(ns)
Load index... Graph level 5..
Total end-to-end search time: 180796195 ns
Total end-to-end search time: 193056814 ns
Total end-to-end search time: 165765308 ns
Total end-to-end search time: 184831339 ns
Total end-to-end search time: 183403766 ns
Total end-to-end search time: 178216995 ns
Total end-to-end search time: 194883635 ns
Total end-to-end search time: 178521421 ns
Total end-to-end search time: 185111114 ns
Query: 256, nThreads: 64, warmup: 8
====================================================================================================
(ns)
Load index... Graph level 5..
Total end-to-end search time: 181551367 ns
Total end-to-end search time: 193311892 ns
Total end-to-end search time: 165928680 ns
Total end-to-end search time: 184707988 ns
Total end-to-end search time: 183787692 ns
Total end-to-end search time: 178033936 ns
Total end-to-end search time: 194684548 ns
Total end-to-end search time: 178335323 ns
Total end-to-end search time: 184640317 ns
Query: 256, nThreads: 64, warmup: 8
====================================================================================================
(ns)
Load index... Graph level 5..
Total end-to-end search time: 180083673 ns
Total end-to-end search time: 192266320 ns
Total end-to-end search time: 165219886 ns
Total end-to-end search time: 184227037 ns
Total end-to-end search time: 182602261 ns
Total end-to-end search time: 178242324 ns
Total end-to-end search time: 194826023 ns
Total end-to-end search time: 178141782 ns
Total end-to-end search time: 184364224 ns
Query: 256, nThreads: 64, warmup: 8
====================================================================================================
(ns)
Load index... Graph level 5..
Total end-to-end search time: 180166767 ns
Total end-to-end search time: 192635625 ns
Total end-to-end search time: 164899717 ns
Total end-to-end search time: 183873250 ns
Total end-to-end search time: 182632879 ns
Total end-to-end search time: 179281458 ns
Total end-to-end search time: 196716465 ns
Total end-to-end search time: 180727865 ns
Total end-to-end search time: 186655618 ns
Query: 256, nThreads: 64, warmup: 8
====================================================================================================
(ns)
Load index... Graph level 5..
Total end-to-end search time: 179904366 ns
Total end-to-end search time: 193622431 ns
Total end-to-end search time: 165832919 ns
Total end-to-end search time: 185016816 ns
Total end-to-end search time: 183177753 ns
Total end-to-end search time: 177388934 ns
Total end-to-end search time: 194652249 ns
Total end-to-end search time: 178093039 ns
Total end-to-end search time: 185099022 ns
Query: 256, nThreads: 64, warmup: 8
====================================================================================================
(ns)
Load index... Graph level 5..
Total end-to-end search time: 179575549 ns
Total end-to-end search time: 192572104 ns
Total end-to-end search time: 167834367 ns
Total end-to-end search time: 186139138 ns
Total end-to-end search time: 184935596 ns
Total end-to-end search time: 179163281 ns
Total end-to-end search time: 196599806 ns
Total end-to-end search time: 180011186 ns
Total end-to-end search time: 186248492 ns
Query: 256, nThreads: 64, warmup: 8
====================================================================================================
(ns)
Load index... Graph level 5..
Total end-to-end search time: 181817041 ns
Total end-to-end search time: 195060167 ns
Total end-to-end search time: 166862569 ns
Total end-to-end search time: 185884558 ns
Total end-to-end search time: 184893516 ns
Total end-to-end search time: 179295059 ns
Total end-to-end search time: 196837549 ns
Total end-to-end search time: 179611714 ns
Total end-to-end search time: 185972865 ns
Query: 256, nThreads: 64, warmup: 8
====================================================================================================
(ns)
Load index... Graph level 5..
Total end-to-end search time: 182334812 ns
Total end-to-end search time: 195385615 ns
Total end-to-end search time: 167652497 ns
Total end-to-end search time: 185762259 ns
Total end-to-end search time: 184226549 ns
Total end-to-end search time: 178594869 ns
Total end-to-end search time: 195761745 ns
Total end-to-end search time: 179488260 ns
Total end-to-end search time: 186225103 ns
Query: 256, nThreads: 64, warmup: 8
====================================================================================================
(ns)
Load index... Graph level 5..
Total end-to-end search time: 180891993 ns
Total end-to-end search time: 194156988 ns
Total end-to-end search time: 165954395 ns
Total end-to-end search time: 184876582 ns
Total end-to-end search time: 183694541 ns
Total end-to-end search time: 178233091 ns
Total end-to-end search time: 195284152 ns
Total end-to-end search time: 178949489 ns
Total end-to-end search time: 184889832 ns
Query: 256, nThreads: 64, warmup: 8
====================================================================================================
(ns)
Load index... Graph level 5..
Total end-to-end search time: 181043520 ns
Total end-to-end search time: 193254608 ns
Total end-to-end search time: 166201820 ns
Total end-to-end search time: 184312129 ns
Total end-to-end search time: 182937100 ns
Total end-to-end search time: 178027439 ns
Total end-to-end search time: 194863323 ns
Total end-to-end search time: 178278523 ns
Total end-to-end search time: 185733691 ns
Query: 256, nThreads: 64, warmup: 8
====================================================================================================
(ns)
Load index... Graph level 5..
Total end-to-end search time: 179939441 ns
Total end-to-end search time: 191968097 ns
Total end-to-end search time: 165195023 ns
Total end-to-end search time: 183820791 ns
Total end-to-end search time: 182099716 ns
Total end-to-end search time: 177069954 ns
Total end-to-end search time: 195907255 ns
Total end-to-end search time: 178729056 ns
Total end-to-end search time: 185960189 ns
Query: 256, nThreads: 64, warmup: 8
====================================================================================================
(ns)
Load index... Graph level 5..
Total end-to-end search time: 182180610 ns
Total end-to-end search time: 195449442 ns
Total end-to-end search time: 167494089 ns
Total end-to-end search time: 186771083 ns
Total end-to-end search time: 184373822 ns
Total end-to-end search time: 177769597 ns
Total end-to-end search time: 194798846 ns
Total end-to-end search time: 178056758 ns
Total end-to-end search time: 184623683 ns
Query: 256, nThreads: 64, warmup: 8
====================================================================================================
(ns)
Load index... Graph level 5..
Total end-to-end search time: 180146560 ns
Total end-to-end search time: 192484522 ns
Total end-to-end search time: 165568923 ns
Total end-to-end search time: 184204640 ns
Total end-to-end search time: 182961931 ns
Total end-to-end search time: 179600670 ns
Total end-to-end search time: 197119950 ns
Total end-to-end search time: 180425709 ns
Total end-to-end search time: 186157399 ns
Query: 256, nThreads: 64, warmup: 8
====================================================================================================
(ns)
Load index... Graph level 5..
Total end-to-end search time: 179536036 ns
Total end-to-end search time: 192409670 ns
Total end-to-end search time: 164603355 ns
Total end-to-end search time: 184240907 ns
Total end-to-end search time: 183161977 ns
Total end-to-end search time: 177746141 ns
Total end-to-end search time: 195538408 ns
Total end-to-end search time: 178490257 ns
Total end-to-end search time: 184791888 ns
Query: 256, nThreads: 64, warmup: 8
====================================================================================================
(ns)
Load index... Graph level 5..
Total end-to-end search time: 181983870 ns
Total end-to-end search time: 194721320 ns
Total end-to-end search time: 166655029 ns
Total end-to-end search time: 185889910 ns
Total end-to-end search time: 184525107 ns
Total end-to-end search time: 179023701 ns
Total end-to-end search time: 196430855 ns
Total end-to-end search time: 179851526 ns
Total end-to-end search time: 185959044 ns
Query: 256, nThreads: 64, warmup: 8
====================================================================================================
(ns)
Load index... Graph level 5..
Total end-to-end search time: 182577696 ns
Total end-to-end search time: 195233436 ns
Total end-to-end search time: 167009991 ns
Total end-to-end search time: 186679240 ns
Total end-to-end search time: 184956181 ns
Total end-to-end search time: 179003709 ns
Total end-to-end search time: 196376258 ns
Total end-to-end search time: 180094637 ns
Total end-to-end search time: 186846911 ns
