Query: 256, nThreads: 8, warmup: 8
====================================================================================================
(ns)
Load index... Graph level 5..
Total end-to-end search time: 24846607 ns
Total end-to-end search time: 25725349 ns
Total end-to-end search time: 21974522 ns
Total end-to-end search time: 24623943 ns
Total end-to-end search time: 24468238 ns
Total end-to-end search time: 23654037 ns
Total end-to-end search time: 25972015 ns
Total end-to-end search time: 23819509 ns
Total end-to-end search time: 24526164 ns
Query: 256, nThreads: 8, warmup: 8
====================================================================================================
(ns)
Load index... Graph level 5..
Total end-to-end search time: 25204168 ns
Total end-to-end search time: 25750673 ns
Total end-to-end search time: 22032531 ns
Total end-to-end search time: 24680629 ns
Total end-to-end search time: 24535852 ns
Total end-to-end search time: 23667523 ns
Total end-to-end search time: 26016848 ns
Total end-to-end search time: 23888839 ns
Total end-to-end search time: 24564242 ns
Query: 256, nThreads: 8, warmup: 8
====================================================================================================
(ns)
Load index... Graph level 5..
Total end-to-end search time: 24588958 ns
Total end-to-end search time: 25723143 ns
Total end-to-end search time: 21984764 ns
Total end-to-end search time: 24674092 ns
Total end-to-end search time: 24479360 ns
Total end-to-end search time: 23694588 ns
Total end-to-end search time: 25952441 ns
Total end-to-end search time: 23803368 ns
Total end-to-end search time: 24533291 ns
Query: 256, nThreads: 8, warmup: 8
====================================================================================================
(ns)
Load index... Graph level 5..
Total end-to-end search time: 24851786 ns
Total end-to-end search time: 25789413 ns
Total end-to-end search time: 22058074 ns
Total end-to-end search time: 24717927 ns
Total end-to-end search time: 24556822 ns
Total end-to-end search time: 23680574 ns
Total end-to-end search time: 25963947 ns
Total end-to-end search time: 23806625 ns
Total end-to-end search time: 24499875 ns
Query: 256, nThreads: 8, warmup: 8
====================================================================================================
(ns)
Load index... Graph level 5..
Total end-to-end search time: 25263785 ns
Total end-to-end search time: 25731066 ns
Total end-to-end search time: 22009809 ns
Total end-to-end search time: 24691766 ns
Total end-to-end search time: 24502564 ns
Total end-to-end search time: 23686715 ns
Total end-to-end search time: 25969839 ns
Total end-to-end search time: 23821510 ns
Total end-to-end search time: 24529573 ns
Query: 256, nThreads: 8, warmup: 8
====================================================================================================
(ns)
Load index... Graph level 5..
Total end-to-end search time: 24566199 ns
Total end-to-end search time: 25706345 ns
Total end-to-end search time: 21988878 ns
Total end-to-end search time: 24618006 ns
Total end-to-end search time: 24488236 ns
Total end-to-end search time: 23692385 ns
Total end-to-end search time: 26004256 ns
Total end-to-end search time: 23850065 ns
Total end-to-end search time: 24528647 ns
Query: 256, nThreads: 8, warmup: 8
====================================================================================================
(ns)
Load index... Graph level 5..
Total end-to-end search time: 24553476 ns
Total end-to-end search time: 25746606 ns
Total end-to-end search time: 22037218 ns
Total end-to-end search time: 24617346 ns
Total end-to-end search time: 24412775 ns
Total end-to-end search time: 23665555 ns
Total end-to-end search time: 26271845 ns
Total end-to-end search time: 23791882 ns
Total end-to-end search time: 24520718 ns
Query: 256, nThreads: 8, warmup: 8
====================================================================================================
(ns)
Load index... Graph level 5..
Total end-to-end search time: 25023898 ns
Total end-to-end search time: 25784822 ns
Total end-to-end search time: 22001707 ns
Total end-to-end search time: 24619157 ns
Total end-to-end search time: 24504311 ns
Total end-to-end search time: 23673788 ns
Total end-to-end search time: 25935128 ns
Total end-to-end search time: 23804584 ns
Total end-to-end search time: 24558748 ns
Query: 256, nThreads: 8, warmup: 8
====================================================================================================
(ns)
Load index... Graph level 5..
Total end-to-end search time: 24962032 ns
Total end-to-end search time: 25763419 ns
Total end-to-end search time: 22019545 ns
Total end-to-end search time: 24645366 ns
Total end-to-end search time: 24465494 ns
Total end-to-end search time: 23674119 ns
Total end-to-end search time: 25966942 ns
Total end-to-end search time: 23839318 ns
Total end-to-end search time: 24543612 ns
Query: 256, nThreads: 8, warmup: 8
====================================================================================================
(ns)
Load index... Graph level 5..
Total end-to-end search time: 24638746 ns
Total end-to-end search time: 25697799 ns
Total end-to-end search time: 22020975 ns
Total end-to-end search time: 24641128 ns
Total end-to-end search time: 24531997 ns
Total end-to-end search time: 23660967 ns
Total end-to-end search time: 25957134 ns
Total end-to-end search time: 23817741 ns
Total end-to-end search time: 24545820 ns
Query: 256, nThreads: 8, warmup: 8
====================================================================================================
(ns)
Load index... Graph level 5..
Total end-to-end search time: 24699737 ns
Total end-to-end search time: 25786966 ns
Total end-to-end search time: 22008985 ns
Total end-to-end search time: 24659181 ns
Total end-to-end search time: 24487797 ns
Total end-to-end search time: 23709157 ns
Total end-to-end search time: 25959813 ns
Total end-to-end search time: 23853844 ns
Total end-to-end search time: 24547794 ns
Query: 256, nThreads: 8, warmup: 8
====================================================================================================
(ns)
Load index... Graph level 5..
Total end-to-end search time: 24721050 ns
Total end-to-end search time: 25703612 ns
Total end-to-end search time: 21974186 ns
Total end-to-end search time: 24615280 ns
Total end-to-end search time: 24476402 ns
Total end-to-end search time: 23662411 ns
Total end-to-end search time: 25980779 ns
Total end-to-end search time: 23860028 ns
Total end-to-end search time: 24499000 ns
Query: 256, nThreads: 8, warmup: 8
====================================================================================================
(ns)
Load index... Graph level 5..
Total end-to-end search time: 24655697 ns
Total end-to-end search time: 25727694 ns
Total end-to-end search time: 22028576 ns
Total end-to-end search time: 24680615 ns
Total end-to-end search time: 24525364 ns
Total end-to-end search time: 23646291 ns
Total end-to-end search time: 25922190 ns
Total end-to-end search time: 23824119 ns
Total end-to-end search time: 24517494 ns
Query: 256, nThreads: 8, warmup: 8
====================================================================================================
(ns)
Load index... Graph level 5..
Total end-to-end search time: 24658010 ns
Total end-to-end search time: 25760281 ns
Total end-to-end search time: 21970359 ns
Total end-to-end search time: 24650976 ns
Total end-to-end search time: 24555333 ns
Total end-to-end search time: 23690358 ns
Total end-to-end search time: 25935769 ns
Total end-to-end search time: 23844677 ns
Total end-to-end search time: 24452691 ns
Query: 256, nThreads: 8, warmup: 8
====================================================================================================
(ns)
Load index... Graph level 5..
Total end-to-end search time: 24705555 ns
Total end-to-end search time: 25745578 ns
Total end-to-end search time: 22034888 ns
Total end-to-end search time: 24641156 ns
Total end-to-end search time: 24423088 ns
Total end-to-end search time: 23644417 ns
Total end-to-end search time: 25991618 ns
Total end-to-end search time: 23830025 ns
Total end-to-end search time: 24484953 ns
Query: 256, nThreads: 8, warmup: 8
====================================================================================================
(ns)
Load index... Graph level 5..
Total end-to-end search time: 24532837 ns
Total end-to-end search time: 25748294 ns
Total end-to-end search time: 22017205 ns
Total end-to-end search time: 24692937 ns
Total end-to-end search time: 24509770 ns
Total end-to-end search time: 23678707 ns
Total end-to-end search time: 26031126 ns
Total end-to-end search time: 23840118 ns
Total end-to-end search time: 24516167 ns
Query: 256, nThreads: 8, warmup: 8
====================================================================================================
(ns)
Load index... Graph level 5..
Total end-to-end search time: 24608406 ns
Total end-to-end search time: 25783052 ns
Total end-to-end search time: 22052100 ns
Total end-to-end search time: 24632110 ns
Total end-to-end search time: 24453762 ns
Total end-to-end search time: 23769183 ns
Total end-to-end search time: 25954773 ns
Total end-to-end search time: 23822779 ns
Total end-to-end search time: 24475819 ns
Query: 256, nThreads: 8, warmup: 8
====================================================================================================
(ns)
Load index... Graph level 5..
Total end-to-end search time: 24954954 ns
Total end-to-end search time: 25704666 ns
Total end-to-end search time: 22013202 ns
Total end-to-end search time: 24664794 ns
Total end-to-end search time: 24541466 ns
Total end-to-end search time: 23654005 ns
Total end-to-end search time: 25982540 ns
Total end-to-end search time: 23850312 ns
Total end-to-end search time: 24515027 ns
Query: 256, nThreads: 8, warmup: 8
====================================================================================================
(ns)
Load index... Graph level 5..
Total end-to-end search time: 24960160 ns
Total end-to-end search time: 25715727 ns
Total end-to-end search time: 21997262 ns
Total end-to-end search time: 24659221 ns
Total end-to-end search time: 24454880 ns
Total end-to-end search time: 23706373 ns
Total end-to-end search time: 25950035 ns
Total end-to-end search time: 23791970 ns
Total end-to-end search time: 24544150 ns
Query: 256, nThreads: 8, warmup: 8
====================================================================================================
(ns)
Load index... Graph level 5..
Total end-to-end search time: 24606997 ns
Total end-to-end search time: 25771900 ns
Total end-to-end search time: 22038858 ns
Total end-to-end search time: 24625568 ns
Total end-to-end search time: 24444427 ns
Total end-to-end search time: 23654779 ns
Total end-to-end search time: 25975124 ns
Total end-to-end search time: 23951925 ns
Total end-to-end search time: 24545733 ns
Query: 256, nThreads: 8, warmup: 8
====================================================================================================
(ns)
Load index... Graph level 5..
Total end-to-end search time: 24679404 ns
Total end-to-end search time: 25744894 ns
Total end-to-end search time: 22027469 ns
Total end-to-end search time: 24684835 ns
Total end-to-end search time: 24499594 ns
Total end-to-end search time: 23698932 ns
Total end-to-end search time: 26040703 ns
Total end-to-end search time: 23899323 ns
Total end-to-end search time: 24522997 ns
Query: 256, nThreads: 8, warmup: 8
====================================================================================================
(ns)
Load index... Graph level 5..
Total end-to-end search time: 24730217 ns
Total end-to-end search time: 25770275 ns
Total end-to-end search time: 22021506 ns
Total end-to-end search time: 24681640 ns
Total end-to-end search time: 24477920 ns
Total end-to-end search time: 23705926 ns
Total end-to-end search time: 25915114 ns
Total end-to-end search time: 23825747 ns
Total end-to-end search time: 24533792 ns
Query: 256, nThreads: 8, warmup: 8
====================================================================================================
(ns)
Load index... Graph level 5..
Total end-to-end search time: 24500032 ns
Total end-to-end search time: 25727415 ns
Total end-to-end search time: 22008036 ns
Total end-to-end search time: 24635187 ns
Total end-to-end search time: 24464955 ns
Total end-to-end search time: 23653402 ns
Total end-to-end search time: 25980201 ns
Total end-to-end search time: 23814269 ns
Total end-to-end search time: 24522969 ns
Query: 256, nThreads: 8, warmup: 8
====================================================================================================
(ns)
Load index... Graph level 5..
Total end-to-end search time: 24626989 ns
Total end-to-end search time: 25849783 ns
Total end-to-end search time: 22031922 ns
Total end-to-end search time: 24661676 ns
Total end-to-end search time: 24546172 ns
Total end-to-end search time: 23672741 ns
Total end-to-end search time: 26016296 ns
Total end-to-end search time: 23855821 ns
Total end-to-end search time: 24423761 ns
Query: 256, nThreads: 8, warmup: 8
====================================================================================================
(ns)
Load index... Graph level 5..
Total end-to-end search time: 25108641 ns
Total end-to-end search time: 25795780 ns
Total end-to-end search time: 21998329 ns
Total end-to-end search time: 24658225 ns
Total end-to-end search time: 24521528 ns
Total end-to-end search time: 23711944 ns
Total end-to-end search time: 25944549 ns
Total end-to-end search time: 23878362 ns
Total end-to-end search time: 24507428 ns
Query: 256, nThreads: 8, warmup: 8
====================================================================================================
(ns)
Load index... Graph level 5..
Total end-to-end search time: 24480790 ns
Total end-to-end search time: 25676346 ns
Total end-to-end search time: 22035158 ns
Total end-to-end search time: 24655405 ns
Total end-to-end search time: 24505366 ns
Total end-to-end search time: 23716065 ns
Total end-to-end search time: 25967716 ns
Total end-to-end search time: 23851732 ns
Total end-to-end search time: 24549137 ns
Query: 256, nThreads: 8, warmup: 8
====================================================================================================
(ns)
Load index... Graph level 5..
Total end-to-end search time: 24616422 ns
Total end-to-end search time: 25716313 ns
Total end-to-end search time: 21960944 ns
Total end-to-end search time: 24613561 ns
Total end-to-end search time: 24443856 ns
Total end-to-end search time: 23648806 ns
Total end-to-end search time: 25964446 ns
Total end-to-end search time: 23848650 ns
Total end-to-end search time: 24537490 ns
Query: 256, nThreads: 8, warmup: 8
====================================================================================================
(ns)
Load index... Graph level 5..
Total end-to-end search time: 24919059 ns
Total end-to-end search time: 25728596 ns
Total end-to-end search time: 21972638 ns
Total end-to-end search time: 24630381 ns
Total end-to-end search time: 24496829 ns
Total end-to-end search time: 23694103 ns
Total end-to-end search time: 25950391 ns
Total end-to-end search time: 23784251 ns
Total end-to-end search time: 24494746 ns
Query: 256, nThreads: 8, warmup: 8
====================================================================================================
(ns)
Load index... Graph level 5..
Total end-to-end search time: 24914197 ns
Total end-to-end search time: 25703928 ns
Total end-to-end search time: 21976456 ns
Total end-to-end search time: 24616667 ns
Total end-to-end search time: 24474748 ns
Total end-to-end search time: 23633320 ns
Total end-to-end search time: 25947880 ns
Total end-to-end search time: 23800325 ns
Total end-to-end search time: 24452462 ns
Query: 256, nThreads: 8, warmup: 8
====================================================================================================
(ns)
Load index... Graph level 5..
Total end-to-end search time: 24609417 ns
Total end-to-end search time: 25807964 ns
Total end-to-end search time: 22015314 ns
Total end-to-end search time: 24682799 ns
Total end-to-end search time: 24513358 ns
Total end-to-end search time: 23651798 ns
Total end-to-end search time: 25983317 ns
Total end-to-end search time: 23818657 ns
Total end-to-end search time: 24544806 ns
