Query: 32, nThreads: 16, warmup: 16
====================================================================================================
(ns)
Load index... Graph level 5..
Total end-to-end search time: 24982004 ns
Total end-to-end search time: 21620739 ns
Total end-to-end search time: 19477891 ns
Total end-to-end search time: 20063677 ns
Total end-to-end search time: 22953590 ns
Total end-to-end search time: 23111756 ns
Total end-to-end search time: 23454277 ns
Total end-to-end search time: 24624298 ns
Total end-to-end search time: 24242567 ns
Total end-to-end search time: 25769579 ns
Total end-to-end search time: 24852179 ns
Total end-to-end search time: 24770742 ns
Total end-to-end search time: 25001949 ns
Total end-to-end search time: 24975370 ns
Total end-to-end search time: 22203330 ns
Total end-to-end search time: 20708801 ns
Total end-to-end search time: 20785192 ns
Query: 32, nThreads: 16, warmup: 16
====================================================================================================
(ns)
Load index... Graph level 5..
Total end-to-end search time: 25223439 ns
Total end-to-end search time: 21711549 ns
Total end-to-end search time: 19589216 ns
Total end-to-end search time: 20104918 ns
Total end-to-end search time: 23212321 ns
Total end-to-end search time: 23416408 ns
Total end-to-end search time: 23793185 ns
Total end-to-end search time: 24910793 ns
Total end-to-end search time: 24501655 ns
Total end-to-end search time: 26043571 ns
Total end-to-end search time: 25120328 ns
Total end-to-end search time: 25092611 ns
Total end-to-end search time: 25412244 ns
Total end-to-end search time: 25210321 ns
Total end-to-end search time: 22572102 ns
Total end-to-end search time: 20963707 ns
Total end-to-end search time: 21090583 ns
Query: 32, nThreads: 16, warmup: 16
====================================================================================================
(ns)
Load index... Graph level 5..
Total end-to-end search time: 25132472 ns
Total end-to-end search time: 21674379 ns
Total end-to-end search time: 19545212 ns
Total end-to-end search time: 20074950 ns
Total end-to-end search time: 23081900 ns
Total end-to-end search time: 23259641 ns
Total end-to-end search time: 23594137 ns
Total end-to-end search time: 24798806 ns
Total end-to-end search time: 24359673 ns
Total end-to-end search time: 25919046 ns
Total end-to-end search time: 25149270 ns
Total end-to-end search time: 25113018 ns
Total end-to-end search time: 25186603 ns
Total end-to-end search time: 24926169 ns
Total end-to-end search time: 22330819 ns
Total end-to-end search time: 20859169 ns
Total end-to-end search time: 21062857 ns
Query: 32, nThreads: 16, warmup: 16
====================================================================================================
(ns)
Load index... Graph level 5..
Total end-to-end search time: 25168595 ns
Total end-to-end search time: 21577786 ns
Total end-to-end search time: 19449089 ns
Total end-to-end search time: 20077132 ns
Total end-to-end search time: 22969727 ns
Total end-to-end search time: 23161673 ns
Total end-to-end search time: 23514096 ns
Total end-to-end search time: 24669059 ns
Total end-to-end search time: 24330416 ns
Total end-to-end search time: 25847674 ns
Total end-to-end search time: 24879564 ns
Total end-to-end search time: 24869563 ns
Total end-to-end search time: 25061711 ns
Total end-to-end search time: 24810653 ns
Total end-to-end search time: 22271995 ns
Total end-to-end search time: 20758998 ns
Total end-to-end search time: 20808160 ns
Query: 32, nThreads: 16, warmup: 16
====================================================================================================
(ns)
Load index... Graph level 5..
Total end-to-end search time: 24910519 ns
Total end-to-end search time: 21584175 ns
Total end-to-end search time: 19473286 ns
Total end-to-end search time: 20012162 ns
Total end-to-end search time: 23124795 ns
Total end-to-end search time: 23281161 ns
Total end-to-end search time: 23640448 ns
Total end-to-end search time: 24743123 ns
Total end-to-end search time: 24359387 ns
Total end-to-end search time: 25903931 ns
Total end-to-end search time: 25041895 ns
Total end-to-end search time: 24970969 ns
Total end-to-end search time: 25255488 ns
Total end-to-end search time: 25124164 ns
Total end-to-end search time: 22433796 ns
Total end-to-end search time: 20862999 ns
Total end-to-end search time: 20943953 ns
Query: 32, nThreads: 16, warmup: 16
====================================================================================================
(ns)
Load index... Graph level 5..
Total end-to-end search time: 25119523 ns
Total end-to-end search time: 22105646 ns
Total end-to-end search time: 19717292 ns
Total end-to-end search time: 20154599 ns
Total end-to-end search time: 23204376 ns
Total end-to-end search time: 23396702 ns
Total end-to-end search time: 23726863 ns
Total end-to-end search time: 24968719 ns
Total end-to-end search time: 24466689 ns
Total end-to-end search time: 26056170 ns
Total end-to-end search time: 25233112 ns
Total end-to-end search time: 25086482 ns
Total end-to-end search time: 25445803 ns
Total end-to-end search time: 25202547 ns
Total end-to-end search time: 22504182 ns
Total end-to-end search time: 21073431 ns
Total end-to-end search time: 21015969 ns
Query: 32, nThreads: 16, warmup: 16
====================================================================================================
(ns)
Load index... Graph level 5..
Total end-to-end search time: 24966075 ns
Total end-to-end search time: 21449207 ns
Total end-to-end search time: 19353889 ns
Total end-to-end search time: 19924029 ns
Total end-to-end search time: 22888053 ns
Total end-to-end search time: 23114069 ns
Total end-to-end search time: 23532696 ns
Total end-to-end search time: 24749105 ns
Total end-to-end search time: 24224296 ns
Total end-to-end search time: 25855152 ns
Total end-to-end search time: 24940429 ns
Total end-to-end search time: 24959024 ns
Total end-to-end search time: 25143165 ns
Total end-to-end search time: 24960360 ns
Total end-to-end search time: 22269886 ns
Total end-to-end search time: 20729744 ns
Total end-to-end search time: 20808625 ns
Query: 32, nThreads: 16, warmup: 16
====================================================================================================
(ns)
Load index... Graph level 5..
Total end-to-end search time: 24661351 ns
Total end-to-end search time: 21380133 ns
Total end-to-end search time: 19432916 ns
Total end-to-end search time: 19970476 ns
Total end-to-end search time: 23242058 ns
Total end-to-end search time: 23136952 ns
Total end-to-end search time: 23415110 ns
Total end-to-end search time: 24586465 ns
Total end-to-end search time: 24170798 ns
Total end-to-end search time: 25699078 ns
Total end-to-end search time: 24817091 ns
Total end-to-end search time: 24753431 ns
Total end-to-end search time: 25117841 ns
Total end-to-end search time: 24956243 ns
Total end-to-end search time: 22260642 ns
Total end-to-end search time: 20841752 ns
Total end-to-end search time: 20872781 ns
Query: 32, nThreads: 16, warmup: 16
====================================================================================================
(ns)
Load index... Graph level 5..
Total end-to-end search time: 24986534 ns
Total end-to-end search time: 21503045 ns
Total end-to-end search time: 19411982 ns
Total end-to-end search time: 19993170 ns
Total end-to-end search time: 23075317 ns
Total end-to-end search time: 23254605 ns
Total end-to-end search time: 23503119 ns
Total end-to-end search time: 24608828 ns
Total end-to-end search time: 24347297 ns
Total end-to-end search time: 25670745 ns
Total end-to-end search time: 24854028 ns
Total end-to-end search time: 24761421 ns
Total end-to-end search time: 25052256 ns
Total end-to-end search time: 24850207 ns
Total end-to-end search time: 22167578 ns
Total end-to-end search time: 20751915 ns
Total end-to-end search time: 20738001 ns
Query: 32, nThreads: 16, warmup: 16
====================================================================================================
(ns)
Load index... Graph level 5..
Total end-to-end search time: 25272919 ns
Total end-to-end search time: 21755602 ns
Total end-to-end search time: 19598255 ns
Total end-to-end search time: 20189972 ns
Total end-to-end search time: 23211657 ns
Total end-to-end search time: 23438972 ns
Total end-to-end search time: 23710923 ns
Total end-to-end search time: 25067282 ns
Total end-to-end search time: 24489932 ns
Total end-to-end search time: 25986910 ns
Total end-to-end search time: 25074502 ns
Total end-to-end search time: 24988492 ns
Total end-to-end search time: 25272499 ns
Total end-to-end search time: 25097871 ns
Total end-to-end search time: 22527439 ns
Total end-to-end search time: 21111847 ns
Total end-to-end search time: 21025991 ns
Query: 32, nThreads: 16, warmup: 16
====================================================================================================
(ns)
Load index... Graph level 5..
Total end-to-end search time: 25239172 ns
Total end-to-end search time: 21674802 ns
Total end-to-end search time: 19553864 ns
Total end-to-end search time: 20077977 ns
Total end-to-end search time: 23166725 ns
Total end-to-end search time: 23370002 ns
Total end-to-end search time: 23686212 ns
Total end-to-end search time: 24797386 ns
Total end-to-end search time: 24431997 ns
Total end-to-end search time: 26093534 ns
Total end-to-end search time: 25148159 ns
Total end-to-end search time: 25043125 ns
Total end-to-end search time: 25276084 ns
Total end-to-end search time: 25098822 ns
Total end-to-end search time: 22624894 ns
Total end-to-end search time: 21066649 ns
Total end-to-end search time: 20891976 ns
Query: 32, nThreads: 16, warmup: 16
====================================================================================================
(ns)
Load index... Graph level 5..
Total end-to-end search time: 25164567 ns
Total end-to-end search time: 21635297 ns
Total end-to-end search time: 19492795 ns
Total end-to-end search time: 20057012 ns
Total end-to-end search time: 23049355 ns
Total end-to-end search time: 23298791 ns
Total end-to-end search time: 23631614 ns
Total end-to-end search time: 24889196 ns
Total end-to-end search time: 24391594 ns
Total end-to-end search time: 26038118 ns
Total end-to-end search time: 25222208 ns
Total end-to-end search time: 24919963 ns
Total end-to-end search time: 25154107 ns
Total end-to-end search time: 24927076 ns
Total end-to-end search time: 22362245 ns
Total end-to-end search time: 20819335 ns
Total end-to-end search time: 20887325 ns
Query: 32, nThreads: 16, warmup: 16
====================================================================================================
(ns)
Load index... Graph level 5..
Total end-to-end search time: 25143492 ns
Total end-to-end search time: 21568288 ns
Total end-to-end search time: 19424366 ns
Total end-to-end search time: 19974025 ns
Total end-to-end search time: 23044447 ns
Total end-to-end search time: 23206984 ns
Total end-to-end search time: 23486458 ns
Total end-to-end search time: 24722275 ns
Total end-to-end search time: 24183491 ns
Total end-to-end search time: 25838591 ns
Total end-to-end search time: 24909557 ns
Total end-to-end search time: 24833188 ns
Total end-to-end search time: 25029337 ns
Total end-to-end search time: 24905148 ns
Total end-to-end search time: 22319131 ns
Total end-to-end search time: 20722620 ns
Total end-to-end search time: 20925613 ns
Query: 32, nThreads: 16, warmup: 16
====================================================================================================
(ns)
Load index... Graph level 5..
Total end-to-end search time: 24984389 ns
Total end-to-end search time: 21583347 ns
Total end-to-end search time: 19500081 ns
Total end-to-end search time: 20012496 ns
Total end-to-end search time: 23131604 ns
Total end-to-end search time: 23339539 ns
Total end-to-end search time: 23525710 ns
Total end-to-end search time: 24712101 ns
Total end-to-end search time: 24233824 ns
Total end-to-end search time: 25874104 ns
Total end-to-end search time: 25213824 ns
Total end-to-end search time: 24930042 ns
Total end-to-end search time: 25060453 ns
Total end-to-end search time: 24796982 ns
Total end-to-end search time: 22257693 ns
Total end-to-end search time: 20763614 ns
Total end-to-end search time: 20787032 ns
Query: 32, nThreads: 16, warmup: 16
====================================================================================================
(ns)
Load index... Graph level 5..
Total end-to-end search time: 25033376 ns
Total end-to-end search time: 21500176 ns
Total end-to-end search time: 19319084 ns
Total end-to-end search time: 20041650 ns
Total end-to-end search time: 23074360 ns
Total end-to-end search time: 23323200 ns
Total end-to-end search time: 23741543 ns
Total end-to-end search time: 24821274 ns
Total end-to-end search time: 24391300 ns
Total end-to-end search time: 25917128 ns
Total end-to-end search time: 25065469 ns
Total end-to-end search time: 24913215 ns
Total end-to-end search time: 25214542 ns
Total end-to-end search time: 25062426 ns
Total end-to-end search time: 22407870 ns
Total end-to-end search time: 20821770 ns
Total end-to-end search time: 21010189 ns
Query: 32, nThreads: 16, warmup: 16
====================================================================================================
(ns)
Load index... Graph level 5..
Total end-to-end search time: 24917527 ns
Total end-to-end search time: 21415987 ns
Total end-to-end search time: 19356059 ns
Total end-to-end search time: 20061207 ns
Total end-to-end search time: 22982791 ns
Total end-to-end search time: 23229250 ns
Total end-to-end search time: 23624384 ns
Total end-to-end search time: 24761652 ns
Total end-to-end search time: 24285001 ns
Total end-to-end search time: 25853627 ns
Total end-to-end search time: 24947791 ns
Total end-to-end search time: 24961888 ns
Total end-to-end search time: 25076005 ns
Total end-to-end search time: 24903214 ns
Total end-to-end search time: 22239128 ns
Total end-to-end search time: 20695261 ns
Total end-to-end search time: 20806690 ns
Query: 32, nThreads: 16, warmup: 16
====================================================================================================
(ns)
Load index... Graph level 5..
Total end-to-end search time: 25060800 ns
Total end-to-end search time: 21546498 ns
Total end-to-end search time: 19371168 ns
Total end-to-end search time: 19962971 ns
Total end-to-end search time: 22991671 ns
Total end-to-end search time: 23179787 ns
Total end-to-end search time: 23485074 ns
Total end-to-end search time: 24656034 ns
Total end-to-end search time: 24182033 ns
Total end-to-end search time: 25738374 ns
Total end-to-end search time: 24907176 ns
Total end-to-end search time: 24810518 ns
Total end-to-end search time: 25021230 ns
Total end-to-end search time: 24829803 ns
Total end-to-end search time: 22249850 ns
Total end-to-end search time: 20701127 ns
Total end-to-end search time: 20762998 ns
Query: 32, nThreads: 16, warmup: 16
====================================================================================================
(ns)
Load index... Graph level 5..
Total end-to-end search time: 24942976 ns
Total end-to-end search time: 21475872 ns
Total end-to-end search time: 19417652 ns
Total end-to-end search time: 19971116 ns
Total end-to-end search time: 23009428 ns
Total end-to-end search time: 23209638 ns
Total end-to-end search time: 23547179 ns
Total end-to-end search time: 24720169 ns
Total end-to-end search time: 24280333 ns
Total end-to-end search time: 25668322 ns
Total end-to-end search time: 24846179 ns
Total end-to-end search time: 24870206 ns
Total end-to-end search time: 24969347 ns
Total end-to-end search time: 24824670 ns
Total end-to-end search time: 22271562 ns
Total end-to-end search time: 20751934 ns
Total end-to-end search time: 20806918 ns
Query: 32, nThreads: 16, warmup: 16
====================================================================================================
(ns)
Load index... Graph level 5..
Total end-to-end search time: 25012690 ns
Total end-to-end search time: 21513219 ns
Total end-to-end search time: 19458961 ns
Total end-to-end search time: 19979057 ns
Total end-to-end search time: 23054651 ns
Total end-to-end search time: 23322568 ns
Total end-to-end search time: 23655897 ns
Total end-to-end search time: 24693419 ns
Total end-to-end search time: 24298448 ns
Total end-to-end search time: 25855179 ns
Total end-to-end search time: 24966716 ns
Total end-to-end search time: 24952826 ns
Total end-to-end search time: 25037061 ns
Total end-to-end search time: 24873885 ns
Total end-to-end search time: 22297574 ns
Total end-to-end search time: 20765926 ns
Total end-to-end search time: 20870639 ns
Query: 32, nThreads: 16, warmup: 16
====================================================================================================
(ns)
Load index... Graph level 5..
Total end-to-end search time: 25288425 ns
Total end-to-end search time: 21649511 ns
Total end-to-end search time: 19580636 ns
Total end-to-end search time: 20187990 ns
Total end-to-end search time: 23230922 ns
Total end-to-end search time: 23368232 ns
Total end-to-end search time: 23678186 ns
Total end-to-end search time: 24899030 ns
Total end-to-end search time: 24405918 ns
Total end-to-end search time: 26017816 ns
Total end-to-end search time: 25230190 ns
Total end-to-end search time: 25136781 ns
Total end-to-end search time: 25352542 ns
Total end-to-end search time: 25166595 ns
Total end-to-end search time: 22510476 ns
Total end-to-end search time: 20928302 ns
Total end-to-end search time: 20936140 ns
Query: 32, nThreads: 16, warmup: 16
====================================================================================================
(ns)
Load index... Graph level 5..
Total end-to-end search time: 25054394 ns
Total end-to-end search time: 21508391 ns
Total end-to-end search time: 19391687 ns
Total end-to-end search time: 20018357 ns
Total end-to-end search time: 22994737 ns
Total end-to-end search time: 23131029 ns
Total end-to-end search time: 23685701 ns
Total end-to-end search time: 24744083 ns
Total end-to-end search time: 24292593 ns
Total end-to-end search time: 25930618 ns
Total end-to-end search time: 24860162 ns
Total end-to-end search time: 24788059 ns
Total end-to-end search time: 25030525 ns
Total end-to-end search time: 24881856 ns
Total end-to-end search time: 22298126 ns
Total end-to-end search time: 20796487 ns
Total end-to-end search time: 20818422 ns
Query: 32, nThreads: 16, warmup: 16
====================================================================================================
(ns)
Load index... Graph level 5..
Total end-to-end search time: 25151363 ns
Total end-to-end search time: 21623924 ns
Total end-to-end search time: 19525440 ns
Total end-to-end search time: 20030455 ns
Total end-to-end search time: 23149342 ns
Total end-to-end search time: 23409375 ns
Total end-to-end search time: 23690894 ns
Total end-to-end search time: 24919859 ns
Total end-to-end search time: 24446070 ns
Total end-to-end search time: 26056680 ns
Total end-to-end search time: 25172963 ns
Total end-to-end search time: 25011817 ns
Total end-to-end search time: 25212764 ns
Total end-to-end search time: 24902172 ns
Total end-to-end search time: 22408331 ns
Total end-to-end search time: 20847744 ns
Total end-to-end search time: 20999866 ns
Query: 32, nThreads: 16, warmup: 16
====================================================================================================
(ns)
Load index... Graph level 5..
Total end-to-end search time: 25013092 ns
Total end-to-end search time: 21624518 ns
Total end-to-end search time: 19508096 ns
Total end-to-end search time: 20001180 ns
Total end-to-end search time: 23096185 ns
Total end-to-end search time: 23233905 ns
Total end-to-end search time: 23529326 ns
Total end-to-end search time: 24683446 ns
Total end-to-end search time: 24270963 ns
Total end-to-end search time: 25761751 ns
Total end-to-end search time: 24899036 ns
Total end-to-end search time: 24817639 ns
Total end-to-end search time: 25036680 ns
Total end-to-end search time: 24808769 ns
Total end-to-end search time: 22305612 ns
Total end-to-end search time: 20708264 ns
Total end-to-end search time: 20806521 ns
Query: 32, nThreads: 16, warmup: 16
====================================================================================================
(ns)
Load index... Graph level 5..
Total end-to-end search time: 24991911 ns
Total end-to-end search time: 21620501 ns
Total end-to-end search time: 19531657 ns
Total end-to-end search time: 20141432 ns
Total end-to-end search time: 23175418 ns
Total end-to-end search time: 23386799 ns
Total end-to-end search time: 23583290 ns
Total end-to-end search time: 24743301 ns
Total end-to-end search time: 24297149 ns
Total end-to-end search time: 26002147 ns
Total end-to-end search time: 25312496 ns
Total end-to-end search time: 25196573 ns
Total end-to-end search time: 25368844 ns
Total end-to-end search time: 25233736 ns
Total end-to-end search time: 22503808 ns
Total end-to-end search time: 21097943 ns
Total end-to-end search time: 20918391 ns
Query: 32, nThreads: 16, warmup: 16
====================================================================================================
(ns)
Load index... Graph level 5..
Total end-to-end search time: 25106761 ns
Total end-to-end search time: 21454678 ns
Total end-to-end search time: 19350805 ns
Total end-to-end search time: 20404511 ns
Total end-to-end search time: 23305674 ns
Total end-to-end search time: 23518716 ns
Total end-to-end search time: 23934781 ns
Total end-to-end search time: 25074308 ns
Total end-to-end search time: 24581259 ns
Total end-to-end search time: 26071210 ns
Total end-to-end search time: 25224146 ns
Total end-to-end search time: 25132721 ns
Total end-to-end search time: 25423135 ns
Total end-to-end search time: 25186622 ns
Total end-to-end search time: 22580572 ns
Total end-to-end search time: 21022810 ns
Total end-to-end search time: 21015079 ns
Query: 32, nThreads: 16, warmup: 16
====================================================================================================
(ns)
Load index... Graph level 5..
Total end-to-end search time: 24943191 ns
Total end-to-end search time: 21428333 ns
Total end-to-end search time: 19339247 ns
Total end-to-end search time: 19906744 ns
Total end-to-end search time: 22997155 ns
Total end-to-end search time: 23267941 ns
Total end-to-end search time: 23636911 ns
Total end-to-end search time: 24648646 ns
Total end-to-end search time: 24159546 ns
Total end-to-end search time: 25672246 ns
Total end-to-end search time: 24853691 ns
Total end-to-end search time: 24737113 ns
Total end-to-end search time: 24975479 ns
Total end-to-end search time: 24821192 ns
Total end-to-end search time: 22284306 ns
Total end-to-end search time: 20844136 ns
Total end-to-end search time: 20888254 ns
Query: 32, nThreads: 16, warmup: 16
====================================================================================================
(ns)
Load index... Graph level 5..
Total end-to-end search time: 25306887 ns
Total end-to-end search time: 21683471 ns
Total end-to-end search time: 19686652 ns
Total end-to-end search time: 20291941 ns
Total end-to-end search time: 23283064 ns
Total end-to-end search time: 23654594 ns
Total end-to-end search time: 23854603 ns
Total end-to-end search time: 24963869 ns
Total end-to-end search time: 24495632 ns
Total end-to-end search time: 26045541 ns
Total end-to-end search time: 25190345 ns
Total end-to-end search time: 25208149 ns
Total end-to-end search time: 25415704 ns
Total end-to-end search time: 25154082 ns
Total end-to-end search time: 22614225 ns
Total end-to-end search time: 21006677 ns
Total end-to-end search time: 21023508 ns
Query: 32, nThreads: 16, warmup: 16
====================================================================================================
(ns)
Load index... Graph level 5..
Total end-to-end search time: 25163410 ns
Total end-to-end search time: 21665269 ns
Total end-to-end search time: 19613249 ns
Total end-to-end search time: 20246614 ns
Total end-to-end search time: 23200902 ns
Total end-to-end search time: 23473290 ns
Total end-to-end search time: 23630427 ns
Total end-to-end search time: 24886904 ns
Total end-to-end search time: 24435359 ns
Total end-to-end search time: 25983552 ns
Total end-to-end search time: 25045108 ns
Total end-to-end search time: 25036755 ns
Total end-to-end search time: 25221374 ns
Total end-to-end search time: 25056510 ns
Total end-to-end search time: 22409709 ns
Total end-to-end search time: 20916289 ns
Total end-to-end search time: 20988060 ns
Query: 32, nThreads: 16, warmup: 16
====================================================================================================
(ns)
Load index... Graph level 5..
Total end-to-end search time: 25268691 ns
Total end-to-end search time: 21868111 ns
Total end-to-end search time: 19580460 ns
Total end-to-end search time: 20226509 ns
Total end-to-end search time: 23194932 ns
Total end-to-end search time: 23364662 ns
Total end-to-end search time: 23682777 ns
Total end-to-end search time: 25119400 ns
Total end-to-end search time: 24522847 ns
Total end-to-end search time: 26053018 ns
Total end-to-end search time: 25128036 ns
Total end-to-end search time: 25054253 ns
Total end-to-end search time: 25309778 ns
Total end-to-end search time: 25082990 ns
Total end-to-end search time: 22601484 ns
Total end-to-end search time: 21108628 ns
Total end-to-end search time: 21017622 ns
Query: 32, nThreads: 16, warmup: 16
====================================================================================================
(ns)
Load index... Graph level 5..
Total end-to-end search time: 25295762 ns
Total end-to-end search time: 21717473 ns
Total end-to-end search time: 19637958 ns
Total end-to-end search time: 20197858 ns
Total end-to-end search time: 23173706 ns
Total end-to-end search time: 23467564 ns
Total end-to-end search time: 23714855 ns
Total end-to-end search time: 24927716 ns
Total end-to-end search time: 24500429 ns
Total end-to-end search time: 26036895 ns
Total end-to-end search time: 25234057 ns
Total end-to-end search time: 25181906 ns
Total end-to-end search time: 25437310 ns
Total end-to-end search time: 25170637 ns
Total end-to-end search time: 22504168 ns
Total end-to-end search time: 20961005 ns
Total end-to-end search time: 20997710 ns
