Query: 4096, nThreads: 8, warmup: 1
====================================================================================================
(ns)
Load index... Graph level 5..
Total end-to-end search time: 378236247 ns
Total end-to-end search time: 358690542 ns
Query: 4096, nThreads: 8, warmup: 1
====================================================================================================
(ns)
Load index... Graph level 5..
Total end-to-end search time: 378745128 ns
Total end-to-end search time: 358370523 ns
Query: 4096, nThreads: 8, warmup: 1
====================================================================================================
(ns)
Load index... Graph level 5..
Total end-to-end search time: 378294835 ns
Total end-to-end search time: 358532175 ns
Query: 4096, nThreads: 8, warmup: 1
====================================================================================================
(ns)
Load index... Graph level 5..
Total end-to-end search time: 378006744 ns
Total end-to-end search time: 358347003 ns
Query: 4096, nThreads: 8, warmup: 1
====================================================================================================
(ns)
Load index... Graph level 5..
Total end-to-end search time: 378241551 ns
Total end-to-end search time: 358315631 ns
Query: 4096, nThreads: 8, warmup: 1
====================================================================================================
(ns)
Load index... Graph level 5..
Total end-to-end search time: 378138290 ns
Total end-to-end search time: 358441275 ns
Query: 4096, nThreads: 8, warmup: 1
====================================================================================================
(ns)
Load index... Graph level 5..
Total end-to-end search time: 377892133 ns
Total end-to-end search time: 358265275 ns
Query: 4096, nThreads: 8, warmup: 1
====================================================================================================
(ns)
Load index... Graph level 5..
Total end-to-end search time: 377809338 ns
Total end-to-end search time: 358232515 ns
Query: 4096, nThreads: 8, warmup: 1
====================================================================================================
(ns)
Load index... Graph level 5..
Total end-to-end search time: 377818187 ns
Total end-to-end search time: 358415539 ns
Query: 4096, nThreads: 8, warmup: 1
====================================================================================================
(ns)
Load index... Graph level 5..
Total end-to-end search time: 377927932 ns
Total end-to-end search time: 358387697 ns
Query: 4096, nThreads: 8, warmup: 1
====================================================================================================
(ns)
Load index... Graph level 5..
Total end-to-end search time: 401516900 ns
Total end-to-end search time: 358124239 ns
Query: 4096, nThreads: 8, warmup: 1
====================================================================================================
(ns)
Load index... Graph level 5..
Total end-to-end search time: 378240495 ns
Total end-to-end search time: 358716280 ns
Query: 4096, nThreads: 8, warmup: 1
====================================================================================================
(ns)
Load index... Graph level 5..
Total end-to-end search time: 378085268 ns
Total end-to-end search time: 358267129 ns
Query: 4096, nThreads: 8, warmup: 1
====================================================================================================
(ns)
Load index... Graph level 5..
Total end-to-end search time: 378129394 ns
Total end-to-end search time: 358326379 ns
Query: 4096, nThreads: 8, warmup: 1
====================================================================================================
(ns)
Load index... Graph level 5..
Total end-to-end search time: 401898928 ns
Total end-to-end search time: 358513509 ns
Query: 4096, nThreads: 8, warmup: 1
====================================================================================================
(ns)
Load index... Graph level 5..
Total end-to-end search time: 377978841 ns
Total end-to-end search time: 358545948 ns
Query: 4096, nThreads: 8, warmup: 1
====================================================================================================
(ns)
Load index... Graph level 5..
Total end-to-end search time: 390078453 ns
Total end-to-end search time: 358628095 ns
Query: 4096, nThreads: 8, warmup: 1
====================================================================================================
(ns)
Load index... Graph level 5..
Total end-to-end search time: 378225946 ns
Total end-to-end search time: 358310016 ns
Query: 4096, nThreads: 8, warmup: 1
====================================================================================================
(ns)
Load index... Graph level 5..
Total end-to-end search time: 377770031 ns
Total end-to-end search time: 358307664 ns
Query: 4096, nThreads: 8, warmup: 1
====================================================================================================
(ns)
Load index... Graph level 5..
Total end-to-end search time: 378144547 ns
Total end-to-end search time: 358120276 ns
Query: 4096, nThreads: 8, warmup: 1
====================================================================================================
(ns)
Load index... Graph level 5..
Total end-to-end search time: 378850159 ns
Total end-to-end search time: 358476182 ns
Query: 4096, nThreads: 8, warmup: 1
====================================================================================================
(ns)
Load index... Graph level 5..
Total end-to-end search time: 377965536 ns
Total end-to-end search time: 358346262 ns
Query: 4096, nThreads: 8, warmup: 1
====================================================================================================
(ns)
Load index... Graph level 5..
Total end-to-end search time: 377718044 ns
Total end-to-end search time: 358101534 ns
Query: 4096, nThreads: 8, warmup: 1
====================================================================================================
(ns)
Load index... Graph level 5..
Total end-to-end search time: 378226609 ns
Total end-to-end search time: 358157277 ns
Query: 4096, nThreads: 8, warmup: 1
====================================================================================================
(ns)
Load index... Graph level 5..
Total end-to-end search time: 378234101 ns
Total end-to-end search time: 358701922 ns
Query: 4096, nThreads: 8, warmup: 1
====================================================================================================
(ns)
Load index... Graph level 5..
Total end-to-end search time: 378211069 ns
Total end-to-end search time: 358531630 ns
Query: 4096, nThreads: 8, warmup: 1
====================================================================================================
(ns)
Load index... Graph level 5..
Total end-to-end search time: 378091706 ns
Total end-to-end search time: 358611312 ns
Query: 4096, nThreads: 8, warmup: 1
====================================================================================================
(ns)
Load index... Graph level 5..
Total end-to-end search time: 378297117 ns
Total end-to-end search time: 358577320 ns
Query: 4096, nThreads: 8, warmup: 1
====================================================================================================
(ns)
Load index... Graph level 5..
Total end-to-end search time: 378547185 ns
Total end-to-end search time: 358445549 ns
Query: 4096, nThreads: 8, warmup: 1
====================================================================================================
(ns)
Load index... Graph level 5..
Total end-to-end search time: 378218426 ns
Total end-to-end search time: 358402821 ns
