Query: 4096, nThreads: 2, warmup: 1
====================================================================================================
(ns)
Load index... Graph level 5..
Total end-to-end search time: 1482688752 ns
Total end-to-end search time: 1398521119 ns
Query: 4096, nThreads: 2, warmup: 1
====================================================================================================
(ns)
Load index... Graph level 5..
Total end-to-end search time: 1471011187 ns
Total end-to-end search time: 1397272941 ns
Query: 4096, nThreads: 2, warmup: 1
====================================================================================================
(ns)
Load index... Graph level 5..
Total end-to-end search time: 1479655628 ns
Total end-to-end search time: 1395806302 ns
Query: 4096, nThreads: 2, warmup: 1
====================================================================================================
(ns)
Load index... Graph level 5..
Total end-to-end search time: 1472186945 ns
Total end-to-end search time: 1391277879 ns
Query: 4096, nThreads: 2, warmup: 1
====================================================================================================
(ns)
Load index... Graph level 5..
Total end-to-end search time: 1461805053 ns
Total end-to-end search time: 1396382648 ns
Query: 4096, nThreads: 2, warmup: 1
====================================================================================================
(ns)
Load index... Graph level 5..
Total end-to-end search time: 1470463263 ns
Total end-to-end search time: 1397238649 ns
Query: 4096, nThreads: 2, warmup: 1
====================================================================================================
(ns)
Load index... Graph level 5..
Total end-to-end search time: 1465195247 ns
Total end-to-end search time: 1389532351 ns
Query: 4096, nThreads: 2, warmup: 1
====================================================================================================
(ns)
Load index... Graph level 5..
Total end-to-end search time: 1464194126 ns
Total end-to-end search time: 1393006273 ns
Query: 4096, nThreads: 2, warmup: 1
====================================================================================================
(ns)
Load index... Graph level 5..
Total end-to-end search time: 1465895716 ns
Total end-to-end search time: 1390088281 ns
Query: 4096, nThreads: 2, warmup: 1
====================================================================================================
(ns)
Load index... Graph level 5..
Total end-to-end search time: 1462040462 ns
Total end-to-end search time: 1396413405 ns
Query: 4096, nThreads: 2, warmup: 1
====================================================================================================
(ns)
Load index... Graph level 5..
Total end-to-end search time: 1467154860 ns
Total end-to-end search time: 1405220200 ns
Query: 4096, nThreads: 2, warmup: 1
====================================================================================================
(ns)
Load index... Graph level 5..
Total end-to-end search time: 1472378009 ns
Total end-to-end search time: 1397840841 ns
Query: 4096, nThreads: 2, warmup: 1
====================================================================================================
(ns)
Load index... Graph level 5..
Total end-to-end search time: 1481154842 ns
Total end-to-end search time: 1396643013 ns
Query: 4096, nThreads: 2, warmup: 1
====================================================================================================
(ns)
Load index... Graph level 5..
Total end-to-end search time: 1473662129 ns
Total end-to-end search time: 1390720194 ns
Query: 4096, nThreads: 2, warmup: 1
====================================================================================================
(ns)
Load index... Graph level 5..
Total end-to-end search time: 1471429994 ns
Total end-to-end search time: 1390874008 ns
Query: 4096, nThreads: 2, warmup: 1
====================================================================================================
(ns)
Load index... Graph level 5..
Total end-to-end search time: 1465559824 ns
Total end-to-end search time: 1391077898 ns
Query: 4096, nThreads: 2, warmup: 1
====================================================================================================
(ns)
Load index... Graph level 5..
Total end-to-end search time: 1464533734 ns
Total end-to-end search time: 1389433834 ns
Query: 4096, nThreads: 2, warmup: 1
====================================================================================================
(ns)
Load index... Graph level 5..
Total end-to-end search time: 1464222079 ns
Total end-to-end search time: 1393229718 ns
Query: 4096, nThreads: 2, warmup: 1
====================================================================================================
(ns)
Load index... Graph level 5..
Total end-to-end search time: 1462197076 ns
Total end-to-end search time: 1397493471 ns
Query: 4096, nThreads: 2, warmup: 1
====================================================================================================
(ns)
Load index... Graph level 5..
Total end-to-end search time: 1464789077 ns
Total end-to-end search time: 1404169193 ns
Query: 4096, nThreads: 2, warmup: 1
====================================================================================================
(ns)
Load index... Graph level 5..
Total end-to-end search time: 1472249841 ns
Total end-to-end search time: 1397665218 ns
Query: 4096, nThreads: 2, warmup: 1
====================================================================================================
(ns)
Load index... Graph level 5..
Total end-to-end search time: 1464684025 ns
Total end-to-end search time: 1392854299 ns
Query: 4096, nThreads: 2, warmup: 1
====================================================================================================
(ns)
Load index... Graph level 5..
Total end-to-end search time: 1480794979 ns
Total end-to-end search time: 1398393275 ns
Query: 4096, nThreads: 2, warmup: 1
====================================================================================================
(ns)
Load index... Graph level 5..
Total end-to-end search time: 1473208401 ns
Total end-to-end search time: 1390409418 ns
Query: 4096, nThreads: 2, warmup: 1
====================================================================================================
(ns)
Load index... Graph level 5..
Total end-to-end search time: 1470595093 ns
Total end-to-end search time: 1391890739 ns
Query: 4096, nThreads: 2, warmup: 1
====================================================================================================
(ns)
Load index... Graph level 5..
Total end-to-end search time: 1466041226 ns
Total end-to-end search time: 1388956241 ns
Query: 4096, nThreads: 2, warmup: 1
====================================================================================================
(ns)
Load index... Graph level 5..
Total end-to-end search time: 1464973251 ns
Total end-to-end search time: 1388903557 ns
Query: 4096, nThreads: 2, warmup: 1
====================================================================================================
(ns)
Load index... Graph level 5..
Total end-to-end search time: 1462876188 ns
Total end-to-end search time: 1397302167 ns
Query: 4096, nThreads: 2, warmup: 1
====================================================================================================
(ns)
Load index... Graph level 5..
Total end-to-end search time: 1466259788 ns
Total end-to-end search time: 1406794965 ns
Query: 4096, nThreads: 2, warmup: 1
====================================================================================================
(ns)
Load index... Graph level 5..
Total end-to-end search time: 1472021026 ns
Total end-to-end search time: 1398324436 ns
