Query: 512, nThreads: 16, warmup: 4
====================================================================================================
(ns)
Load index... Graph level 5..
Total end-to-end search time: 51179836 ns
Total end-to-end search time: 47390505 ns
Total end-to-end search time: 48453521 ns
Total end-to-end search time: 50082506 ns
Total end-to-end search time: 49743297 ns
Query: 512, nThreads: 16, warmup: 4
====================================================================================================
(ns)
Load index... Graph level 5..
Total end-to-end search time: 51485338 ns
Total end-to-end search time: 46785141 ns
Total end-to-end search time: 48210584 ns
Total end-to-end search time: 49739813 ns
Total end-to-end search time: 49574024 ns
Query: 512, nThreads: 16, warmup: 4
====================================================================================================
(ns)
Load index... Graph level 5..
Total end-to-end search time: 51047093 ns
Total end-to-end search time: 47011891 ns
Total end-to-end search time: 48159620 ns
Total end-to-end search time: 49752296 ns
Total end-to-end search time: 49595922 ns
Query: 512, nThreads: 16, warmup: 4
====================================================================================================
(ns)
Load index... Graph level 5..
Total end-to-end search time: 50817911 ns
Total end-to-end search time: 46906976 ns
Total end-to-end search time: 48247228 ns
Total end-to-end search time: 49926146 ns
Total end-to-end search time: 49730510 ns
Query: 512, nThreads: 16, warmup: 4
====================================================================================================
(ns)
Load index... Graph level 5..
Total end-to-end search time: 51549217 ns
Total end-to-end search time: 46861498 ns
Total end-to-end search time: 48312433 ns
Total end-to-end search time: 50132663 ns
Total end-to-end search time: 49538772 ns
Query: 512, nThreads: 16, warmup: 4
====================================================================================================
(ns)
Load index... Graph level 5..
Total end-to-end search time: 50985165 ns
Total end-to-end search time: 47063238 ns
Total end-to-end search time: 48103346 ns
Total end-to-end search time: 49957113 ns
Total end-to-end search time: 49897454 ns
Query: 512, nThreads: 16, warmup: 4
====================================================================================================
(ns)
Load index... Graph level 5..
Total end-to-end search time: 50820796 ns
Total end-to-end search time: 47082043 ns
Total end-to-end search time: 48535802 ns
Total end-to-end search time: 49965028 ns
Total end-to-end search time: 49525874 ns
Query: 512, nThreads: 16, warmup: 4
====================================================================================================
(ns)
Load index... Graph level 5..
Total end-to-end search time: 51521356 ns
Total end-to-end search time: 46937147 ns
Total end-to-end search time: 48200424 ns
Total end-to-end search time: 49842209 ns
Total end-to-end search time: 49742014 ns
Query: 512, nThreads: 16, warmup: 4
====================================================================================================
(ns)
Load index... Graph level 5..
Total end-to-end search time: 51397710 ns
Total end-to-end search time: 46828448 ns
Total end-to-end search time: 48236181 ns
Total end-to-end search time: 49814551 ns
Total end-to-end search time: 49594761 ns
Query: 512, nThreads: 16, warmup: 4
====================================================================================================
(ns)
Load index... Graph level 5..
Total end-to-end search time: 51322912 ns
Total end-to-end search time: 46907112 ns
Total end-to-end search time: 48682247 ns
Total end-to-end search time: 50252943 ns
Total end-to-end search time: 49776851 ns
Query: 512, nThreads: 16, warmup: 4
====================================================================================================
(ns)
Load index... Graph level 5..
Total end-to-end search time: 51458872 ns
Total end-to-end search time: 46875486 ns
Total end-to-end search time: 48054757 ns
Total end-to-end search time: 49954232 ns
Total end-to-end search time: 49776895 ns
Query: 512, nThreads: 16, warmup: 4
====================================================================================================
(ns)
Load index... Graph level 5..
Total end-to-end search time: 51303019 ns
Total end-to-end search time: 46674926 ns
Total end-to-end search time: 48351038 ns
Total end-to-end search time: 49793200 ns
Total end-to-end search time: 49758550 ns
Query: 512, nThreads: 16, warmup: 4
====================================================================================================
(ns)
Load index... Graph level 5..
Total end-to-end search time: 51346283 ns
Total end-to-end search time: 46919108 ns
Total end-to-end search time: 48424528 ns
Total end-to-end search time: 49997080 ns
Total end-to-end search time: 49804175 ns
Query: 512, nThreads: 16, warmup: 4
====================================================================================================
(ns)
Load index... Graph level 5..
Total end-to-end search time: 51435197 ns
Total end-to-end search time: 46965039 ns
Total end-to-end search time: 48011675 ns
Total end-to-end search time: 49830646 ns
Total end-to-end search time: 49761521 ns
Query: 512, nThreads: 16, warmup: 4
====================================================================================================
(ns)
Load index... Graph level 5..
Total end-to-end search time: 51734695 ns
Total end-to-end search time: 47075031 ns
Total end-to-end search time: 48134602 ns
Total end-to-end search time: 49959912 ns
Total end-to-end search time: 49526559 ns
Query: 512, nThreads: 16, warmup: 4
====================================================================================================
(ns)
Load index... Graph level 5..
Total end-to-end search time: 51072140 ns
Total end-to-end search time: 46599703 ns
Total end-to-end search time: 48230109 ns
Total end-to-end search time: 49911549 ns
Total end-to-end search time: 49988875 ns
Query: 512, nThreads: 16, warmup: 4
====================================================================================================
(ns)
Load index... Graph level 5..
Total end-to-end search time: 50908621 ns
Total end-to-end search time: 46884834 ns
Total end-to-end search time: 48155430 ns
Total end-to-end search time: 49966665 ns
Total end-to-end search time: 49684979 ns
Query: 512, nThreads: 16, warmup: 4
====================================================================================================
(ns)
Load index... Graph level 5..
Total end-to-end search time: 51415588 ns
Total end-to-end search time: 46588555 ns
Total end-to-end search time: 48482126 ns
Total end-to-end search time: 49804064 ns
Total end-to-end search time: 49513968 ns
Query: 512, nThreads: 16, warmup: 4
====================================================================================================
(ns)
Load index... Graph level 5..
Total end-to-end search time: 51067512 ns
Total end-to-end search time: 47051594 ns
Total end-to-end search time: 48313822 ns
Total end-to-end search time: 49746773 ns
Total end-to-end search time: 49792834 ns
Query: 512, nThreads: 16, warmup: 4
====================================================================================================
(ns)
Load index... Graph level 5..
Total end-to-end search time: 51211062 ns
Total end-to-end search time: 46862297 ns
Total end-to-end search time: 48261260 ns
Total end-to-end search time: 49851072 ns
Total end-to-end search time: 49879949 ns
Query: 512, nThreads: 16, warmup: 4
====================================================================================================
(ns)
Load index... Graph level 5..
Total end-to-end search time: 51480052 ns
Total end-to-end search time: 46674126 ns
Total end-to-end search time: 48462562 ns
Total end-to-end search time: 50059426 ns
Total end-to-end search time: 49494214 ns
Query: 512, nThreads: 16, warmup: 4
====================================================================================================
(ns)
Load index... Graph level 5..
Total end-to-end search time: 51012652 ns
Total end-to-end search time: 46943086 ns
Total end-to-end search time: 48305723 ns
Total end-to-end search time: 49600239 ns
Total end-to-end search time: 49903001 ns
Query: 512, nThreads: 16, warmup: 4
====================================================================================================
(ns)
Load index... Graph level 5..
Total end-to-end search time: 50856000 ns
Total end-to-end search time: 46786748 ns
Total end-to-end search time: 48269201 ns
Total end-to-end search time: 50058603 ns
Total end-to-end search time: 49895767 ns
Query: 512, nThreads: 16, warmup: 4
====================================================================================================
(ns)
Load index... Graph level 5..
Total end-to-end search time: 51311662 ns
Total end-to-end search time: 46938221 ns
Total end-to-end search time: 48338176 ns
Total end-to-end search time: 50295718 ns
Total end-to-end search time: 49666901 ns
Query: 512, nThreads: 16, warmup: 4
====================================================================================================
(ns)
Load index... Graph level 5..
Total end-to-end search time: 51290573 ns
Total end-to-end search time: 46639180 ns
Total end-to-end search time: 48018840 ns
Total end-to-end search time: 50023031 ns
Total end-to-end search time: 49834718 ns
Query: 512, nThreads: 16, warmup: 4
====================================================================================================
(ns)
Load index... Graph level 5..
Total end-to-end search time: 51037954 ns
Total end-to-end search time: 46775234 ns
Total end-to-end search time: 48365623 ns
Total end-to-end search time: 50092204 ns
Total end-to-end search time: 49529155 ns
Query: 512, nThreads: 16, warmup: 4
====================================================================================================
(ns)
Load index... Graph level 5..
Total end-to-end search time: 51551677 ns
Total end-to-end search time: 46983614 ns
Total end-to-end search time: 48249724 ns
Total end-to-end search time: 50039276 ns
Total end-to-end search time: 49706037 ns
Query: 512, nThreads: 16, warmup: 4
====================================================================================================
(ns)
Load index... Graph level 5..
Total end-to-end search time: 51703270 ns
Total end-to-end search time: 46958204 ns
Total end-to-end search time: 48089382 ns
Total end-to-end search time: 49743954 ns
Total end-to-end search time: 49482863 ns
Query: 512, nThreads: 16, warmup: 4
====================================================================================================
(ns)
Load index... Graph level 5..
Total end-to-end search time: 51247259 ns
Total end-to-end search time: 47013245 ns
Total end-to-end search time: 48105613 ns
Total end-to-end search time: 49858989 ns
Total end-to-end search time: 49478495 ns
Query: 512, nThreads: 16, warmup: 4
====================================================================================================
(ns)
Load index... Graph level 5..
Total end-to-end search time: 51187319 ns
Total end-to-end search time: 46675444 ns
Total end-to-end search time: 48200534 ns
Total end-to-end search time: 49536585 ns
Total end-to-end search time: 49565088 ns
