Query: 512, nThreads: 1, warmup: 4
====================================================================================================
(ns)
Load index... Graph level 5..
Total end-to-end search time: 374178622 ns
Total end-to-end search time: 350992973 ns
Total end-to-end search time: 361741493 ns
Total end-to-end search time: 373722369 ns
Total end-to-end search time: 373515163 ns
Query: 512, nThreads: 1, warmup: 4
====================================================================================================
(ns)
Load index... Graph level 5..
Total end-to-end search time: 375043344 ns
Total end-to-end search time: 351378909 ns
Total end-to-end search time: 362108862 ns
Total end-to-end search time: 374127923 ns
Total end-to-end search time: 375223658 ns
Query: 512, nThreads: 1, warmup: 4
====================================================================================================
(ns)
Load index... Graph level 5..
Total end-to-end search time: 373010722 ns
Total end-to-end search time: 349094960 ns
Total end-to-end search time: 359820815 ns
Total end-to-end search time: 372140185 ns
Total end-to-end search time: 371549156 ns
Query: 512, nThreads: 1, warmup: 4
====================================================================================================
(ns)
Load index... Graph level 5..
Total end-to-end search time: 375831222 ns
Total end-to-end search time: 351701281 ns
Total end-to-end search time: 362501327 ns
Total end-to-end search time: 374943024 ns
Total end-to-end search time: 372958820 ns
Query: 512, nThreads: 1, warmup: 4
====================================================================================================
(ns)
Load index... Graph level 5..
Total end-to-end search time: 373175650 ns
Total end-to-end search time: 349735740 ns
Total end-to-end search time: 362062192 ns
Total end-to-end search time: 375838754 ns
Total end-to-end search time: 376231920 ns
Query: 512, nThreads: 1, warmup: 4
====================================================================================================
(ns)
Load index... Graph level 5..
Total end-to-end search time: 372886197 ns
Total end-to-end search time: 349580002 ns
Total end-to-end search time: 361699591 ns
Total end-to-end search time: 376721640 ns
Total end-to-end search time: 375327985 ns
Query: 512, nThreads: 1, warmup: 4
====================================================================================================
(ns)
Load index... Graph level 5..
Total end-to-end search time: 377296784 ns
Total end-to-end search time: 353708269 ns
Total end-to-end search time: 364090491 ns
Total end-to-end search time: 377070688 ns
Total end-to-end search time: 376728643 ns
Query: 512, nThreads: 1, warmup: 4
====================================================================================================
(ns)
Load index... Graph level 5..
Total end-to-end search time: 375723163 ns
Total end-to-end search time: 351662644 ns
Total end-to-end search time: 362946916 ns
Total end-to-end search time: 374727855 ns
Total end-to-end search time: 375209095 ns
Query: 512, nThreads: 1, warmup: 4
====================================================================================================
(ns)
Load index... Graph level 5..
Total end-to-end search time: 377140880 ns
Total end-to-end search time: 353746562 ns
Total end-to-end search time: 364303563 ns
Total end-to-end search time: 376784647 ns
Total end-to-end search time: 376609197 ns
Query: 512, nThreads: 1, warmup: 4
====================================================================================================
(ns)
Load index... Graph level 5..
Total end-to-end search time: 373060390 ns
Total end-to-end search time: 349798640 ns
Total end-to-end search time: 362041123 ns
Total end-to-end search time: 374063888 ns
Total end-to-end search time: 373630948 ns
Query: 512, nThreads: 1, warmup: 4
====================================================================================================
(ns)
Load index... Graph level 5..
Total end-to-end search time: 374849638 ns
Total end-to-end search time: 350927451 ns
Total end-to-end search time: 361480184 ns
Total end-to-end search time: 373678631 ns
Total end-to-end search time: 372684199 ns
Query: 512, nThreads: 1, warmup: 4
====================================================================================================
(ns)
Load index... Graph level 5..
Total end-to-end search time: 372838885 ns
Total end-to-end search time: 349028829 ns
Total end-to-end search time: 360661408 ns
Total end-to-end search time: 374048775 ns
Total end-to-end search time: 372287524 ns
Query: 512, nThreads: 1, warmup: 4
====================================================================================================
(ns)
Load index... Graph level 5..
Total end-to-end search time: 374438564 ns
Total end-to-end search time: 353128303 ns
Total end-to-end search time: 364650862 ns
Total end-to-end search time: 377145796 ns
Total end-to-end search time: 376580400 ns
Query: 512, nThreads: 1, warmup: 4
====================================================================================================
(ns)
Load index... Graph level 5..
Total end-to-end search time: 374004653 ns
Total end-to-end search time: 350338518 ns
Total end-to-end search time: 360756282 ns
Total end-to-end search time: 374119115 ns
Total end-to-end search time: 373013028 ns
Query: 512, nThreads: 1, warmup: 4
====================================================================================================
(ns)
Load index... Graph level 5..
Total end-to-end search time: 372287752 ns
Total end-to-end search time: 350949408 ns
Total end-to-end search time: 364721099 ns
Total end-to-end search time: 377013080 ns
Total end-to-end search time: 375701514 ns
Query: 512, nThreads: 1, warmup: 4
====================================================================================================
(ns)
Load index... Graph level 5..
Total end-to-end search time: 375546563 ns
Total end-to-end search time: 352180600 ns
Total end-to-end search time: 363512298 ns
Total end-to-end search time: 375254613 ns
Total end-to-end search time: 374847834 ns
Query: 512, nThreads: 1, warmup: 4
====================================================================================================
(ns)
Load index... Graph level 5..
Total end-to-end search time: 375320259 ns
Total end-to-end search time: 351209430 ns
Total end-to-end search time: 362487083 ns
Total end-to-end search time: 375624457 ns
Total end-to-end search time: 376276628 ns
Query: 512, nThreads: 1, warmup: 4
====================================================================================================
(ns)
Load index... Graph level 5..
Total end-to-end search time: 372612545 ns
Total end-to-end search time: 350008986 ns
Total end-to-end search time: 360620344 ns
Total end-to-end search time: 373795747 ns
Total end-to-end search time: 372459934 ns
Query: 512, nThreads: 1, warmup: 4
====================================================================================================
(ns)
Load index... Graph level 5..
Total end-to-end search time: 375948583 ns
Total end-to-end search time: 352650315 ns
Total end-to-end search time: 362732424 ns
Total end-to-end search time: 374239362 ns
Total end-to-end search time: 373407055 ns
Query: 512, nThreads: 1, warmup: 4
====================================================================================================
(ns)
Load index... Graph level 5..
Total end-to-end search time: 373473769 ns
Total end-to-end search time: 349749230 ns
Total end-to-end search time: 360614427 ns
Total end-to-end search time: 373559478 ns
Total end-to-end search time: 372620987 ns
Query: 512, nThreads: 1, warmup: 4
====================================================================================================
(ns)
Load index... Graph level 5..
Total end-to-end search time: 373869085 ns
Total end-to-end search time: 350957217 ns
Total end-to-end search time: 360612688 ns
Total end-to-end search time: 372585068 ns
Total end-to-end search time: 371388018 ns
Query: 512, nThreads: 1, warmup: 4
====================================================================================================
(ns)
Load index... Graph level 5..
Total end-to-end search time: 377146506 ns
Total end-to-end search time: 353255738 ns
Total end-to-end search time: 362153658 ns
Total end-to-end search time: 375575568 ns
Total end-to-end search time: 373800724 ns
Query: 512, nThreads: 1, warmup: 4
====================================================================================================
(ns)
Load index... Graph level 5..
Total end-to-end search time: 373925681 ns
Total end-to-end search time: 349847507 ns
Total end-to-end search time: 363043387 ns
Total end-to-end search time: 374648120 ns
Total end-to-end search time: 376067296 ns
Query: 512, nThreads: 1, warmup: 4
====================================================================================================
(ns)
Load index... Graph level 5..
Total end-to-end search time: 375065621 ns
Total end-to-end search time: 352416707 ns
Total end-to-end search time: 364076058 ns
Total end-to-end search time: 377142038 ns
Total end-to-end search time: 375482163 ns
Query: 512, nThreads: 1, warmup: 4
====================================================================================================
(ns)
Load index... Graph level 5..
Total end-to-end search time: 373740735 ns
Total end-to-end search time: 350981267 ns
Total end-to-end search time: 361775914 ns
Total end-to-end search time: 376443970 ns
Total end-to-end search time: 376134910 ns
Query: 512, nThreads: 1, warmup: 4
====================================================================================================
(ns)
Load index... Graph level 5..
Total end-to-end search time: 377826504 ns
Total end-to-end search time: 353287887 ns
Total end-to-end search time: 365097010 ns
Total end-to-end search time: 377031004 ns
Total end-to-end search time: 376145018 ns
Query: 512, nThreads: 1, warmup: 4
====================================================================================================
(ns)
Load index... Graph level 5..
Total end-to-end search time: 373782684 ns
Total end-to-end search time: 350740707 ns
Total end-to-end search time: 361317788 ns
Total end-to-end search time: 377392848 ns
Total end-to-end search time: 376698782 ns
Query: 512, nThreads: 1, warmup: 4
====================================================================================================
(ns)
Load index... Graph level 5..
Total end-to-end search time: 377205012 ns
Total end-to-end search time: 354296483 ns
Total end-to-end search time: 365068773 ns
Total end-to-end search time: 376951398 ns
Total end-to-end search time: 377130750 ns
Query: 512, nThreads: 1, warmup: 4
====================================================================================================
(ns)
Load index... Graph level 5..
Total end-to-end search time: 372372750 ns
Total end-to-end search time: 349437399 ns
Total end-to-end search time: 362300971 ns
Total end-to-end search time: 377817014 ns
Total end-to-end search time: 376865623 ns
Query: 512, nThreads: 1, warmup: 4
====================================================================================================
(ns)
Load index... Graph level 5..
Total end-to-end search time: 372342490 ns
Total end-to-end search time: 352407531 ns
Total end-to-end search time: 364267060 ns
Total end-to-end search time: 376454374 ns
Total end-to-end search time: 375797664 ns
