Query: 512, nThreads: 8, warmup: 4
====================================================================================================
(ns)
Load index... Graph level 5..
Total end-to-end search time: 50132806 ns
Total end-to-end search time: 46205047 ns
Total end-to-end search time: 47547511 ns
Total end-to-end search time: 49194967 ns
Total end-to-end search time: 48977205 ns
Query: 512, nThreads: 8, warmup: 4
====================================================================================================
(ns)
Load index... Graph level 5..
Total end-to-end search time: 49911476 ns
Total end-to-end search time: 46245408 ns
Total end-to-end search time: 47573865 ns
Total end-to-end search time: 49253806 ns
Total end-to-end search time: 49014094 ns
Query: 512, nThreads: 8, warmup: 4
====================================================================================================
(ns)
Load index... Graph level 5..
Total end-to-end search time: 50572975 ns
Total end-to-end search time: 46281079 ns
Total end-to-end search time: 47504700 ns
Total end-to-end search time: 49214512 ns
Total end-to-end search time: 49037325 ns
Query: 512, nThreads: 8, warmup: 4
====================================================================================================
(ns)
Load index... Graph level 5..
Total end-to-end search time: 50329072 ns
Total end-to-end search time: 46210197 ns
Total end-to-end search time: 47550911 ns
Total end-to-end search time: 49151008 ns
Total end-to-end search time: 48987810 ns
Query: 512, nThreads: 8, warmup: 4
====================================================================================================
(ns)
Load index... Graph level 5..
Total end-to-end search time: 49807324 ns
Total end-to-end search time: 46211657 ns
Total end-to-end search time: 47522107 ns
Total end-to-end search time: 49175502 ns
Total end-to-end search time: 48872018 ns
Query: 512, nThreads: 8, warmup: 4
====================================================================================================
(ns)
Load index... Graph level 5..
Total end-to-end search time: 50199721 ns
Total end-to-end search time: 46240304 ns
Total end-to-end search time: 47593754 ns
Total end-to-end search time: 49236092 ns
Total end-to-end search time: 48988737 ns
Query: 512, nThreads: 8, warmup: 4
====================================================================================================
(ns)
Load index... Graph level 5..
Total end-to-end search time: 50337926 ns
Total end-to-end search time: 46249786 ns
Total end-to-end search time: 47540333 ns
Total end-to-end search time: 49118348 ns
Total end-to-end search time: 48888480 ns
Query: 512, nThreads: 8, warmup: 4
====================================================================================================
(ns)
Load index... Graph level 5..
Total end-to-end search time: 49906673 ns
Total end-to-end search time: 46208804 ns
Total end-to-end search time: 47514446 ns
Total end-to-end search time: 49264221 ns
Total end-to-end search time: 49044275 ns
Query: 512, nThreads: 8, warmup: 4
====================================================================================================
(ns)
Load index... Graph level 5..
Total end-to-end search time: 49823152 ns
Total end-to-end search time: 46288954 ns
Total end-to-end search time: 47602072 ns
Total end-to-end search time: 49239479 ns
Total end-to-end search time: 49000301 ns
Query: 512, nThreads: 8, warmup: 4
====================================================================================================
(ns)
Load index... Graph level 5..
Total end-to-end search time: 49999081 ns
Total end-to-end search time: 46259381 ns
Total end-to-end search time: 47620588 ns
Total end-to-end search time: 49174368 ns
Total end-to-end search time: 49001729 ns
Query: 512, nThreads: 8, warmup: 4
====================================================================================================
(ns)
Load index... Graph level 5..
Total end-to-end search time: 49802978 ns
Total end-to-end search time: 46185899 ns
Total end-to-end search time: 47504611 ns
Total end-to-end search time: 49158701 ns
Total end-to-end search time: 48941778 ns
Query: 512, nThreads: 8, warmup: 4
====================================================================================================
(ns)
Load index... Graph level 5..
Total end-to-end search time: 49776686 ns
Total end-to-end search time: 46232598 ns
Total end-to-end search time: 47517505 ns
Total end-to-end search time: 49200639 ns
Total end-to-end search time: 48961560 ns
Query: 512, nThreads: 8, warmup: 4
====================================================================================================
(ns)
Load index... Graph level 5..
Total end-to-end search time: 49975241 ns
Total end-to-end search time: 46236485 ns
Total end-to-end search time: 47604981 ns
Total end-to-end search time: 49171653 ns
Total end-to-end search time: 48962916 ns
Query: 512, nThreads: 8, warmup: 4
====================================================================================================
(ns)
Load index... Graph level 5..
Total end-to-end search time: 49816691 ns
Total end-to-end search time: 46241190 ns
Total end-to-end search time: 47540123 ns
Total end-to-end search time: 49172605 ns
Total end-to-end search time: 49000390 ns
Query: 512, nThreads: 8, warmup: 4
====================================================================================================
(ns)
Load index... Graph level 5..
Total end-to-end search time: 49874688 ns
Total end-to-end search time: 46163153 ns
Total end-to-end search time: 47551346 ns
Total end-to-end search time: 49163383 ns
Total end-to-end search time: 48974117 ns
Query: 512, nThreads: 8, warmup: 4
====================================================================================================
(ns)
Load index... Graph level 5..
Total end-to-end search time: 49964465 ns
Total end-to-end search time: 46228666 ns
Total end-to-end search time: 47620124 ns
Total end-to-end search time: 49209350 ns
Total end-to-end search time: 49026521 ns
Query: 512, nThreads: 8, warmup: 4
====================================================================================================
(ns)
Load index... Graph level 5..
Total end-to-end search time: 49836012 ns
Total end-to-end search time: 46139737 ns
Total end-to-end search time: 47478182 ns
Total end-to-end search time: 49163418 ns
Total end-to-end search time: 48915901 ns
Query: 512, nThreads: 8, warmup: 4
====================================================================================================
(ns)
Load index... Graph level 5..
Total end-to-end search time: 49771980 ns
Total end-to-end search time: 46212438 ns
Total end-to-end search time: 47775364 ns
Total end-to-end search time: 49228763 ns
Total end-to-end search time: 49041210 ns
Query: 512, nThreads: 8, warmup: 4
====================================================================================================
(ns)
Load index... Graph level 5..
Total end-to-end search time: 50222525 ns
Total end-to-end search time: 46145481 ns
Total end-to-end search time: 47568858 ns
Total end-to-end search time: 49112239 ns
Total end-to-end search time: 48909945 ns
Query: 512, nThreads: 8, warmup: 4
====================================================================================================
(ns)
Load index... Graph level 5..
Total end-to-end search time: 49918954 ns
Total end-to-end search time: 46165439 ns
Total end-to-end search time: 47542646 ns
Total end-to-end search time: 49207418 ns
Total end-to-end search time: 48928786 ns
Query: 512, nThreads: 8, warmup: 4
====================================================================================================
(ns)
Load index... Graph level 5..
Total end-to-end search time: 49779496 ns
Total end-to-end search time: 46232083 ns
Total end-to-end search time: 47699154 ns
Total end-to-end search time: 49260195 ns
Total end-to-end search time: 48944731 ns
Query: 512, nThreads: 8, warmup: 4
====================================================================================================
(ns)
Load index... Graph level 5..
Total end-to-end search time: 49971364 ns
Total end-to-end search time: 46213250 ns
Total end-to-end search time: 47619679 ns
Total end-to-end search time: 49184453 ns
Total end-to-end search time: 48963611 ns
Query: 512, nThreads: 8, warmup: 4
====================================================================================================
(ns)
Load index... Graph level 5..
Total end-to-end search time: 49952830 ns
Total end-to-end search time: 46239119 ns
Total end-to-end search time: 47585251 ns
Total end-to-end search time: 49129313 ns
Total end-to-end search time: 48919877 ns
Query: 512, nThreads: 8, warmup: 4
====================================================================================================
(ns)
Load index... Graph level 5..
Total end-to-end search time: 49811051 ns
Total end-to-end search time: 46202500 ns
Total end-to-end search time: 47656581 ns
Total end-to-end search time: 49228480 ns
Total end-to-end search time: 49082233 ns
Query: 512, nThreads: 8, warmup: 4
====================================================================================================
(ns)
Load index... Graph level 5..
Total end-to-end search time: 49967658 ns
Total end-to-end search time: 46246271 ns
Total end-to-end search time: 47607264 ns
Total end-to-end search time: 49207744 ns
Total end-to-end search time: 49088002 ns
Query: 512, nThreads: 8, warmup: 4
====================================================================================================
(ns)
Load index... Graph level 5..
Total end-to-end search time: 49972141 ns
Total end-to-end search time: 46223465 ns
Total end-to-end search time: 47493760 ns
Total end-to-end search time: 49165597 ns
Total end-to-end search time: 48941461 ns
Query: 512, nThreads: 8, warmup: 4
====================================================================================================
(ns)
Load index... Graph level 5..
Total end-to-end search time: 49764222 ns
Total end-to-end search time: 46117887 ns
Total end-to-end search time: 47475400 ns
Total end-to-end search time: 49228211 ns
Total end-to-end search time: 48914605 ns
Query: 512, nThreads: 8, warmup: 4
====================================================================================================
(ns)
Load index... Graph level 5..
Total end-to-end search time: 49970535 ns
Total end-to-end search time: 46184302 ns
Total end-to-end search time: 47594970 ns
Total end-to-end search time: 49141400 ns
Total end-to-end search time: 48932245 ns
Query: 512, nThreads: 8, warmup: 4
====================================================================================================
(ns)
Load index... Graph level 5..
Total end-to-end search time: 49880920 ns
Total end-to-end search time: 46203437 ns
Total end-to-end search time: 47528810 ns
Total end-to-end search time: 49197135 ns
Total end-to-end search time: 48948324 ns
Query: 512, nThreads: 8, warmup: 4
====================================================================================================
(ns)
Load index... Graph level 5..
Total end-to-end search time: 49914925 ns
Total end-to-end search time: 46223653 ns
Total end-to-end search time: 47583771 ns
Total end-to-end search time: 49186137 ns
Total end-to-end search time: 48939646 ns
