Query: 64, nThreads: 1, warmup: 16
====================================================================================================
(ns)
Load index... Graph level 5..
Total end-to-end search time: 46417073 ns
Total end-to-end search time: 39279010 ns
Total end-to-end search time: 46099430 ns
Total end-to-end search time: 48134810 ns
Total end-to-end search time: 50128152 ns
Total end-to-end search time: 49819006 ns
Total end-to-end search time: 49761219 ns
Total end-to-end search time: 42927995 ns
Total end-to-end search time: 44782381 ns
Total end-to-end search time: 39397980 ns
Total end-to-end search time: 36779797 ns
Total end-to-end search time: 43891033 ns
Total end-to-end search time: 41226677 ns
Total end-to-end search time: 48023684 ns
Total end-to-end search time: 48775253 ns
Total end-to-end search time: 45797752 ns
Total end-to-end search time: 45544323 ns
Query: 64, nThreads: 1, warmup: 16
====================================================================================================
(ns)
Load index... Graph level 5..
Total end-to-end search time: 46485228 ns
Total end-to-end search time: 39425638 ns
Total end-to-end search time: 46085597 ns
Total end-to-end search time: 48163994 ns
Total end-to-end search time: 50040729 ns
Total end-to-end search time: 49696988 ns
Total end-to-end search time: 49854401 ns
Total end-to-end search time: 43142968 ns
Total end-to-end search time: 44893889 ns
Total end-to-end search time: 39405502 ns
Total end-to-end search time: 36792928 ns
Total end-to-end search time: 43969080 ns
Total end-to-end search time: 41374361 ns
Total end-to-end search time: 48085709 ns
Total end-to-end search time: 49141119 ns
Total end-to-end search time: 46088256 ns
Total end-to-end search time: 45672195 ns
Query: 64, nThreads: 1, warmup: 16
====================================================================================================
(ns)
Load index... Graph level 5..
Total end-to-end search time: 46566673 ns
Total end-to-end search time: 39461668 ns
Total end-to-end search time: 46335692 ns
Total end-to-end search time: 48357464 ns
Total end-to-end search time: 50006421 ns
Total end-to-end search time: 49785180 ns
Total end-to-end search time: 50066330 ns
Total end-to-end search time: 43098908 ns
Total end-to-end search time: 45009572 ns
Total end-to-end search time: 39535677 ns
Total end-to-end search time: 36876330 ns
Total end-to-end search time: 44415359 ns
Total end-to-end search time: 41436735 ns
Total end-to-end search time: 48084446 ns
Total end-to-end search time: 48960562 ns
Total end-to-end search time: 46014244 ns
Total end-to-end search time: 45647603 ns
Query: 64, nThreads: 1, warmup: 16
====================================================================================================
(ns)
Load index... Graph level 5..
Total end-to-end search time: 46497511 ns
Total end-to-end search time: 39347622 ns
Total end-to-end search time: 46053943 ns
Total end-to-end search time: 48083462 ns
Total end-to-end search time: 49939268 ns
Total end-to-end search time: 49565286 ns
Total end-to-end search time: 49773893 ns
Total end-to-end search time: 42989729 ns
Total end-to-end search time: 44974048 ns
Total end-to-end search time: 39394759 ns
Total end-to-end search time: 36756337 ns
Total end-to-end search time: 44185322 ns
Total end-to-end search time: 41419953 ns
Total end-to-end search time: 48199377 ns
Total end-to-end search time: 48816575 ns
Total end-to-end search time: 46054468 ns
Total end-to-end search time: 45830222 ns
Query: 64, nThreads: 1, warmup: 16
====================================================================================================
(ns)
Load index... Graph level 5..
Total end-to-end search time: 46314310 ns
Total end-to-end search time: 39440387 ns
Total end-to-end search time: 46217663 ns
Total end-to-end search time: 48087194 ns
Total end-to-end search time: 49898569 ns
Total end-to-end search time: 49786578 ns
Total end-to-end search time: 49881809 ns
Total end-to-end search time: 42988389 ns
Total end-to-end search time: 44914644 ns
Total end-to-end search time: 39489449 ns
Total end-to-end search time: 36791080 ns
Total end-to-end search time: 43936728 ns
Total end-to-end search time: 41244775 ns
Total end-to-end search time: 48100311 ns
Total end-to-end search time: 48877961 ns
Total end-to-end search time: 45791328 ns
Total end-to-end search time: 45690173 ns
Query: 64, nThreads: 1, warmup: 16
====================================================================================================
(ns)
Load index... Graph level 5..
Total end-to-end search time: 46572396 ns
Total end-to-end search time: 39628371 ns
Total end-to-end search time: 46242336 ns
Total end-to-end search time: 48267095 ns
Total end-to-end search time: 50040676 ns
Total end-to-end search time: 49736862 ns
Total end-to-end search time: 50064309 ns
Total end-to-end search time: 43316751 ns
Total end-to-end search time: 44985833 ns
Total end-to-end search time: 39458420 ns
Total end-to-end search time: 36894682 ns
Total end-to-end search time: 44274682 ns
Total end-to-end search time: 41474307 ns
Total end-to-end search time: 48443590 ns
Total end-to-end search time: 49313413 ns
Total end-to-end search time: 46254435 ns
Total end-to-end search time: 45737236 ns
Query: 64, nThreads: 1, warmup: 16
====================================================================================================
(ns)
Load index... Graph level 5..
Total end-to-end search time: 46590900 ns
Total end-to-end search time: 39604618 ns
Total end-to-end search time: 46568669 ns
Total end-to-end search time: 48535111 ns
Total end-to-end search time: 50668875 ns
Total end-to-end search time: 50065264 ns
Total end-to-end search time: 50357084 ns
Total end-to-end search time: 43272585 ns
Total end-to-end search time: 45201558 ns
Total end-to-end search time: 39682288 ns
Total end-to-end search time: 37137499 ns
Total end-to-end search time: 44434047 ns
Total end-to-end search time: 41486987 ns
Total end-to-end search time: 48351148 ns
Total end-to-end search time: 49422781 ns
Total end-to-end search time: 46184432 ns
Total end-to-end search time: 46252114 ns
Query: 64, nThreads: 1, warmup: 16
====================================================================================================
(ns)
Load index... Graph level 5..
Total end-to-end search time: 46788455 ns
Total end-to-end search time: 39533804 ns
Total end-to-end search time: 46420465 ns
Total end-to-end search time: 48515050 ns
Total end-to-end search time: 50319659 ns
Total end-to-end search time: 50057107 ns
Total end-to-end search time: 50351890 ns
Total end-to-end search time: 43516666 ns
Total end-to-end search time: 45290537 ns
Total end-to-end search time: 39911841 ns
Total end-to-end search time: 37047377 ns
Total end-to-end search time: 44422817 ns
Total end-to-end search time: 41702123 ns
Total end-to-end search time: 48526136 ns
Total end-to-end search time: 49168385 ns
Total end-to-end search time: 46201166 ns
Total end-to-end search time: 46012664 ns
Query: 64, nThreads: 1, warmup: 16
====================================================================================================
(ns)
Load index... Graph level 5..
Total end-to-end search time: 46315218 ns
Total end-to-end search time: 39237043 ns
Total end-to-end search time: 46187610 ns
Total end-to-end search time: 48281267 ns
Total end-to-end search time: 50005661 ns
Total end-to-end search time: 49811560 ns
Total end-to-end search time: 49994996 ns
Total end-to-end search time: 43176173 ns
Total end-to-end search time: 45152854 ns
Total end-to-end search time: 39476080 ns
Total end-to-end search time: 37184824 ns
Total end-to-end search time: 44243730 ns
Total end-to-end search time: 41322683 ns
Total end-to-end search time: 48236015 ns
Total end-to-end search time: 49017098 ns
Total end-to-end search time: 45971086 ns
Total end-to-end search time: 45774906 ns
Query: 64, nThreads: 1, warmup: 16
====================================================================================================
(ns)
Load index... Graph level 5..
Total end-to-end search time: 46324164 ns
Total end-to-end search time: 39437550 ns
Total end-to-end search time: 46122858 ns
Total end-to-end search time: 48188829 ns
Total end-to-end search time: 49966543 ns
Total end-to-end search time: 49743404 ns
Total end-to-end search time: 49999113 ns
Total end-to-end search time: 43182132 ns
Total end-to-end search time: 45197277 ns
Total end-to-end search time: 39605794 ns
Total end-to-end search time: 37018630 ns
Total end-to-end search time: 44330939 ns
Total end-to-end search time: 41514893 ns
Total end-to-end search time: 48123967 ns
Total end-to-end search time: 49216566 ns
Total end-to-end search time: 46450164 ns
Total end-to-end search time: 45863374 ns
Query: 64, nThreads: 1, warmup: 16
====================================================================================================
(ns)
Load index... Graph level 5..
Total end-to-end search time: 46760126 ns
Total end-to-end search time: 39689421 ns
Total end-to-end search time: 46269510 ns
Total end-to-end search time: 48349536 ns
Total end-to-end search time: 50215927 ns
Total end-to-end search time: 49790505 ns
Total end-to-end search time: 50153131 ns
Total end-to-end search time: 43276284 ns
Total end-to-end search time: 45235145 ns
Total end-to-end search time: 39868465 ns
Total end-to-end search time: 37193393 ns
Total end-to-end search time: 44382697 ns
Total end-to-end search time: 41458387 ns
Total end-to-end search time: 48481052 ns
Total end-to-end search time: 49404996 ns
Total end-to-end search time: 46176671 ns
Total end-to-end search time: 46132984 ns
Query: 64, nThreads: 1, warmup: 16
====================================================================================================
(ns)
Load index... Graph level 5..
Total end-to-end search time: 46304008 ns
Total end-to-end search time: 39172738 ns
Total end-to-end search time: 45965275 ns
Total end-to-end search time: 48090066 ns
Total end-to-end search time: 49917129 ns
Total end-to-end search time: 49731442 ns
Total end-to-end search time: 49839473 ns
Total end-to-end search time: 42995961 ns
Total end-to-end search time: 44808832 ns
Total end-to-end search time: 39537344 ns
Total end-to-end search time: 36816624 ns
Total end-to-end search time: 44121320 ns
Total end-to-end search time: 41378563 ns
Total end-to-end search time: 48226712 ns
Total end-to-end search time: 49169249 ns
Total end-to-end search time: 45881269 ns
Total end-to-end search time: 45621957 ns
Query: 64, nThreads: 1, warmup: 16
====================================================================================================
(ns)
Load index... Graph level 5..
Total end-to-end search time: 46252981 ns
Total end-to-end search time: 39310366 ns
Total end-to-end search time: 46174164 ns
Total end-to-end search time: 48294101 ns
Total end-to-end search time: 49952090 ns
Total end-to-end search time: 49696703 ns
Total end-to-end search time: 49857245 ns
Total end-to-end search time: 42913658 ns
Total end-to-end search time: 45506156 ns
Total end-to-end search time: 40186840 ns
Total end-to-end search time: 37474758 ns
Total end-to-end search time: 44752830 ns
Total end-to-end search time: 41849319 ns
Total end-to-end search time: 48624174 ns
Total end-to-end search time: 49493505 ns
Total end-to-end search time: 46487711 ns
Total end-to-end search time: 46464286 ns
Query: 64, nThreads: 1, warmup: 16
====================================================================================================
(ns)
Load index... Graph level 5..
Total end-to-end search time: 46500650 ns
Total end-to-end search time: 39498200 ns
Total end-to-end search time: 46153261 ns
Total end-to-end search time: 48373179 ns
Total end-to-end search time: 50104006 ns
Total end-to-end search time: 49988759 ns
Total end-to-end search time: 50002915 ns
Total end-to-end search time: 43070224 ns
Total end-to-end search time: 44989050 ns
Total end-to-end search time: 39509510 ns
Total end-to-end search time: 36811749 ns
Total end-to-end search time: 44069866 ns
Total end-to-end search time: 41323463 ns
Total end-to-end search time: 48155757 ns
Total end-to-end search time: 48972953 ns
Total end-to-end search time: 45845653 ns
Total end-to-end search time: 45726070 ns
Query: 64, nThreads: 1, warmup: 16
====================================================================================================
(ns)
Load index... Graph level 5..
Total end-to-end search time: 46449213 ns
Total end-to-end search time: 39367664 ns
Total end-to-end search time: 46214881 ns
Total end-to-end search time: 48141554 ns
Total end-to-end search time: 49961995 ns
Total end-to-end search time: 49595731 ns
Total end-to-end search time: 50027324 ns
Total end-to-end search time: 43020265 ns
Total end-to-end search time: 44880444 ns
Total end-to-end search time: 39742181 ns
Total end-to-end search time: 36730572 ns
Total end-to-end search time: 44191967 ns
Total end-to-end search time: 41464073 ns
Total end-to-end search time: 48224197 ns
Total end-to-end search time: 49042236 ns
Total end-to-end search time: 45848970 ns
Total end-to-end search time: 45631862 ns
Query: 64, nThreads: 1, warmup: 16
====================================================================================================
(ns)
Load index... Graph level 5..
Total end-to-end search time: 46866097 ns
Total end-to-end search time: 39582318 ns
Total end-to-end search time: 46619700 ns
Total end-to-end search time: 48701370 ns
Total end-to-end search time: 50274739 ns
Total end-to-end search time: 49979641 ns
Total end-to-end search time: 50085309 ns
Total end-to-end search time: 43170978 ns
Total end-to-end search time: 45158893 ns
Total end-to-end search time: 39624162 ns
Total end-to-end search time: 37061681 ns
Total end-to-end search time: 44407951 ns
Total end-to-end search time: 41642498 ns
Total end-to-end search time: 48795236 ns
Total end-to-end search time: 49307176 ns
Total end-to-end search time: 46024577 ns
Total end-to-end search time: 46033816 ns
Query: 64, nThreads: 1, warmup: 16
====================================================================================================
(ns)
Load index... Graph level 5..
Total end-to-end search time: 47328124 ns
Total end-to-end search time: 39837726 ns
Total end-to-end search time: 46657404 ns
Total end-to-end search time: 48709025 ns
Total end-to-end search time: 50603478 ns
Total end-to-end search time: 50268681 ns
Total end-to-end search time: 50483067 ns
Total end-to-end search time: 43452731 ns
Total end-to-end search time: 45648745 ns
Total end-to-end search time: 40037831 ns
Total end-to-end search time: 37397281 ns
Total end-to-end search time: 44685602 ns
Total end-to-end search time: 41977981 ns
Total end-to-end search time: 48740180 ns
Total end-to-end search time: 49584681 ns
Total end-to-end search time: 46489758 ns
Total end-to-end search time: 46508103 ns
Query: 64, nThreads: 1, warmup: 16
====================================================================================================
(ns)
Load index... Graph level 5..
Total end-to-end search time: 46504360 ns
Total end-to-end search time: 39380690 ns
Total end-to-end search time: 46333970 ns
Total end-to-end search time: 48440976 ns
Total end-to-end search time: 49912743 ns
Total end-to-end search time: 49794820 ns
Total end-to-end search time: 49817657 ns
Total end-to-end search time: 43087022 ns
Total end-to-end search time: 44921934 ns
Total end-to-end search time: 39376812 ns
Total end-to-end search time: 36816531 ns
Total end-to-end search time: 44002535 ns
Total end-to-end search time: 41256680 ns
Total end-to-end search time: 48111841 ns
Total end-to-end search time: 49024374 ns
Total end-to-end search time: 45987434 ns
Total end-to-end search time: 46015043 ns
Query: 64, nThreads: 1, warmup: 16
====================================================================================================
(ns)
Load index... Graph level 5..
Total end-to-end search time: 46485605 ns
Total end-to-end search time: 39687693 ns
Total end-to-end search time: 46342746 ns
Total end-to-end search time: 48386774 ns
Total end-to-end search time: 49996872 ns
Total end-to-end search time: 49987834 ns
Total end-to-end search time: 50096735 ns
Total end-to-end search time: 43213026 ns
Total end-to-end search time: 45093104 ns
Total end-to-end search time: 39674741 ns
Total end-to-end search time: 36827679 ns
Total end-to-end search time: 43959917 ns
Total end-to-end search time: 41406265 ns
Total end-to-end search time: 48381139 ns
Total end-to-end search time: 49086834 ns
Total end-to-end search time: 46136159 ns
Total end-to-end search time: 45877216 ns
Query: 64, nThreads: 1, warmup: 16
====================================================================================================
(ns)
Load index... Graph level 5..
Total end-to-end search time: 46379903 ns
Total end-to-end search time: 39278539 ns
Total end-to-end search time: 47048329 ns
Total end-to-end search time: 48877879 ns
Total end-to-end search time: 51102338 ns
Total end-to-end search time: 50363821 ns
Total end-to-end search time: 50788104 ns
Total end-to-end search time: 43609106 ns
Total end-to-end search time: 45393546 ns
Total end-to-end search time: 39793589 ns
Total end-to-end search time: 37284351 ns
Total end-to-end search time: 44607356 ns
Total end-to-end search time: 41874244 ns
Total end-to-end search time: 48673026 ns
Total end-to-end search time: 49737996 ns
Total end-to-end search time: 46566300 ns
Total end-to-end search time: 46345183 ns
Query: 64, nThreads: 1, warmup: 16
====================================================================================================
(ns)
Load index... Graph level 5..
Total end-to-end search time: 46226602 ns
Total end-to-end search time: 39326063 ns
Total end-to-end search time: 45937705 ns
Total end-to-end search time: 48162771 ns
Total end-to-end search time: 49888502 ns
Total end-to-end search time: 49693564 ns
Total end-to-end search time: 50033045 ns
Total end-to-end search time: 43006112 ns
Total end-to-end search time: 44875001 ns
Total end-to-end search time: 39344270 ns
Total end-to-end search time: 36760211 ns
Total end-to-end search time: 44007907 ns
Total end-to-end search time: 41313484 ns
Total end-to-end search time: 48127252 ns
Total end-to-end search time: 48848798 ns
Total end-to-end search time: 45829999 ns
Total end-to-end search time: 45677128 ns
Query: 64, nThreads: 1, warmup: 16
====================================================================================================
(ns)
Load index... Graph level 5..
Total end-to-end search time: 46683347 ns
Total end-to-end search time: 39607473 ns
Total end-to-end search time: 46341335 ns
Total end-to-end search time: 48361406 ns
Total end-to-end search time: 50030813 ns
Total end-to-end search time: 49757093 ns
Total end-to-end search time: 49860049 ns
Total end-to-end search time: 42934146 ns
Total end-to-end search time: 45036819 ns
Total end-to-end search time: 39371721 ns
Total end-to-end search time: 37149768 ns
Total end-to-end search time: 44093294 ns
Total end-to-end search time: 41263821 ns
Total end-to-end search time: 47979307 ns
Total end-to-end search time: 48909715 ns
Total end-to-end search time: 45982519 ns
Total end-to-end search time: 46666790 ns
Query: 64, nThreads: 1, warmup: 16
====================================================================================================
(ns)
Load index... Graph level 5..
Total end-to-end search time: 46298710 ns
Total end-to-end search time: 39427803 ns
Total end-to-end search time: 46089151 ns
Total end-to-end search time: 48135990 ns
Total end-to-end search time: 49878977 ns
Total end-to-end search time: 49623688 ns
Total end-to-end search time: 49859254 ns
Total end-to-end search time: 42999427 ns
Total end-to-end search time: 44968285 ns
Total end-to-end search time: 39466353 ns
Total end-to-end search time: 36657590 ns
Total end-to-end search time: 43930988 ns
Total end-to-end search time: 41487652 ns
Total end-to-end search time: 48373011 ns
Total end-to-end search time: 48783656 ns
Total end-to-end search time: 45742811 ns
Total end-to-end search time: 45538800 ns
Query: 64, nThreads: 1, warmup: 16
====================================================================================================
(ns)
Load index... Graph level 5..
Total end-to-end search time: 47067155 ns
Total end-to-end search time: 39798291 ns
Total end-to-end search time: 46224815 ns
Total end-to-end search time: 48253218 ns
Total end-to-end search time: 50155193 ns
Total end-to-end search time: 49805449 ns
Total end-to-end search time: 50209906 ns
Total end-to-end search time: 42971414 ns
Total end-to-end search time: 45054472 ns
Total end-to-end search time: 39537493 ns
Total end-to-end search time: 36930740 ns
Total end-to-end search time: 44151267 ns
Total end-to-end search time: 41259139 ns
Total end-to-end search time: 48460518 ns
Total end-to-end search time: 49202854 ns
Total end-to-end search time: 46263203 ns
Total end-to-end search time: 46008026 ns
Query: 64, nThreads: 1, warmup: 16
====================================================================================================
(ns)
Load index... Graph level 5..
Total end-to-end search time: 47143389 ns
Total end-to-end search time: 39880820 ns
Total end-to-end search time: 46629342 ns
Total end-to-end search time: 48871091 ns
Total end-to-end search time: 50628253 ns
Total end-to-end search time: 50576500 ns
Total end-to-end search time: 50419292 ns
Total end-to-end search time: 43511371 ns
Total end-to-end search time: 45591567 ns
Total end-to-end search time: 39961060 ns
Total end-to-end search time: 37376404 ns
Total end-to-end search time: 44550599 ns
Total end-to-end search time: 41873565 ns
Total end-to-end search time: 48682036 ns
Total end-to-end search time: 49347633 ns
Total end-to-end search time: 46381309 ns
Total end-to-end search time: 46132587 ns
Query: 64, nThreads: 1, warmup: 16
====================================================================================================
(ns)
Load index... Graph level 5..
Total end-to-end search time: 46333742 ns
Total end-to-end search time: 39538312 ns
Total end-to-end search time: 46359488 ns
Total end-to-end search time: 48241463 ns
Total end-to-end search time: 49951023 ns
Total end-to-end search time: 49784398 ns
Total end-to-end search time: 50043743 ns
Total end-to-end search time: 43284217 ns
Total end-to-end search time: 45189129 ns
Total end-to-end search time: 39447155 ns
Total end-to-end search time: 36961008 ns
Total end-to-end search time: 44341008 ns
Total end-to-end search time: 41642631 ns
Total end-to-end search time: 48463663 ns
Total end-to-end search time: 48886723 ns
Total end-to-end search time: 46114351 ns
Total end-to-end search time: 45706014 ns
Query: 64, nThreads: 1, warmup: 16
====================================================================================================
(ns)
Load index... Graph level 5..
Total end-to-end search time: 46485145 ns
Total end-to-end search time: 39319074 ns
Total end-to-end search time: 46047098 ns
Total end-to-end search time: 48033307 ns
Total end-to-end search time: 50149039 ns
Total end-to-end search time: 49787906 ns
Total end-to-end search time: 49861322 ns
Total end-to-end search time: 43073531 ns
Total end-to-end search time: 45128014 ns
Total end-to-end search time: 39951356 ns
Total end-to-end search time: 37232679 ns
Total end-to-end search time: 44413689 ns
Total end-to-end search time: 41726401 ns
Total end-to-end search time: 48241673 ns
Total end-to-end search time: 49164564 ns
Total end-to-end search time: 46129987 ns
Total end-to-end search time: 46088307 ns
Query: 64, nThreads: 1, warmup: 16
====================================================================================================
(ns)
Load index... Graph level 5..
Total end-to-end search time: 46309136 ns
Total end-to-end search time: 39156599 ns
Total end-to-end search time: 45985891 ns
Total end-to-end search time: 47921612 ns
Total end-to-end search time: 49964715 ns
Total end-to-end search time: 49672963 ns
Total end-to-end search time: 49976204 ns
Total end-to-end search time: 43005609 ns
Total end-to-end search time: 44979671 ns
Total end-to-end search time: 39532908 ns
Total end-to-end search time: 36874192 ns
Total end-to-end search time: 43897162 ns
Total end-to-end search time: 41378828 ns
Total end-to-end search time: 47973746 ns
Total end-to-end search time: 48693931 ns
Total end-to-end search time: 45915890 ns
Total end-to-end search time: 45456829 ns
Query: 64, nThreads: 1, warmup: 16
====================================================================================================
(ns)
Load index... Graph level 5..
Total end-to-end search time: 46579122 ns
Total end-to-end search time: 39383759 ns
Total end-to-end search time: 46044867 ns
Total end-to-end search time: 48067456 ns
Total end-to-end search time: 50062039 ns
Total end-to-end search time: 49917550 ns
Total end-to-end search time: 50065911 ns
Total end-to-end search time: 42873883 ns
Total end-to-end search time: 44800092 ns
Total end-to-end search time: 39368239 ns
Total end-to-end search time: 36893340 ns
Total end-to-end search time: 44219313 ns
Total end-to-end search time: 41328247 ns
Total end-to-end search time: 48086620 ns
Total end-to-end search time: 48945530 ns
Total end-to-end search time: 45854948 ns
Total end-to-end search time: 45633252 ns
Query: 64, nThreads: 1, warmup: 16
====================================================================================================
(ns)
Load index... Graph level 5..
Total end-to-end search time: 46695328 ns
Total end-to-end search time: 39739873 ns
Total end-to-end search time: 46468215 ns
Total end-to-end search time: 48478272 ns
Total end-to-end search time: 50543452 ns
Total end-to-end search time: 50210625 ns
Total end-to-end search time: 50240147 ns
Total end-to-end search time: 43192311 ns
Total end-to-end search time: 45329660 ns
Total end-to-end search time: 40163637 ns
Total end-to-end search time: 37389351 ns
Total end-to-end search time: 44705958 ns
Total end-to-end search time: 41535278 ns
Total end-to-end search time: 48526679 ns
Total end-to-end search time: 49263095 ns
Total end-to-end search time: 45987931 ns
Total end-to-end search time: 46108520 ns
