Query: 64, nThreads: 16, warmup: 16
====================================================================================================
(ns)
Load index... Graph level 5..
Total end-to-end search time: 46483922 ns
Total end-to-end search time: 39358061 ns
Total end-to-end search time: 46087788 ns
Total end-to-end search time: 47985220 ns
Total end-to-end search time: 49852383 ns
Total end-to-end search time: 49871380 ns
Total end-to-end search time: 49922639 ns
Total end-to-end search time: 42793332 ns
Total end-to-end search time: 44708705 ns
Total end-to-end search time: 39372598 ns
Total end-to-end search time: 36926158 ns
Total end-to-end search time: 44012260 ns
Total end-to-end search time: 41228685 ns
Total end-to-end search time: 48212161 ns
Total end-to-end search time: 49162650 ns
Total end-to-end search time: 45914865 ns
Total end-to-end search time: 45841713 ns
Query: 64, nThreads: 16, warmup: 16
====================================================================================================
(ns)
Load index... Graph level 5..
Total end-to-end search time: 46337368 ns
Total end-to-end search time: 39397131 ns
Total end-to-end search time: 46089012 ns
Total end-to-end search time: 48108350 ns
Total end-to-end search time: 50216609 ns
Total end-to-end search time: 49806873 ns
Total end-to-end search time: 49789102 ns
Total end-to-end search time: 42977561 ns
Total end-to-end search time: 44822391 ns
Total end-to-end search time: 39396561 ns
Total end-to-end search time: 36766220 ns
Total end-to-end search time: 44004723 ns
Total end-to-end search time: 41284482 ns
Total end-to-end search time: 48069701 ns
Total end-to-end search time: 48758252 ns
Total end-to-end search time: 45708060 ns
Total end-to-end search time: 45719756 ns
Query: 64, nThreads: 16, warmup: 16
====================================================================================================
(ns)
Load index... Graph level 5..
Total end-to-end search time: 46469895 ns
Total end-to-end search time: 39320546 ns
Total end-to-end search time: 46210428 ns
Total end-to-end search time: 48132186 ns
Total end-to-end search time: 49958662 ns
Total end-to-end search time: 49673277 ns
Total end-to-end search time: 49974634 ns
Total end-to-end search time: 43390932 ns
Total end-to-end search time: 45103954 ns
Total end-to-end search time: 39423268 ns
Total end-to-end search time: 36801064 ns
Total end-to-end search time: 43917347 ns
Total end-to-end search time: 41289495 ns
Total end-to-end search time: 48154123 ns
Total end-to-end search time: 48967767 ns
Total end-to-end search time: 45863538 ns
Total end-to-end search time: 45756477 ns
Query: 64, nThreads: 16, warmup: 16
====================================================================================================
(ns)
Load index... Graph level 5..
Total end-to-end search time: 46711448 ns
Total end-to-end search time: 39552785 ns
Total end-to-end search time: 46382730 ns
Total end-to-end search time: 48508932 ns
Total end-to-end search time: 50346611 ns
Total end-to-end search time: 49938684 ns
Total end-to-end search time: 50373738 ns
Total end-to-end search time: 43407972 ns
Total end-to-end search time: 45320404 ns
Total end-to-end search time: 39809736 ns
Total end-to-end search time: 37095372 ns
Total end-to-end search time: 44207816 ns
Total end-to-end search time: 41639856 ns
Total end-to-end search time: 48592383 ns
Total end-to-end search time: 49134382 ns
Total end-to-end search time: 46172625 ns
Total end-to-end search time: 45848037 ns
Query: 64, nThreads: 16, warmup: 16
====================================================================================================
(ns)
Load index... Graph level 5..
Total end-to-end search time: 46683491 ns
Total end-to-end search time: 39662838 ns
Total end-to-end search time: 46469868 ns
Total end-to-end search time: 48790293 ns
Total end-to-end search time: 50720756 ns
Total end-to-end search time: 50265597 ns
Total end-to-end search time: 50561054 ns
Total end-to-end search time: 43502301 ns
Total end-to-end search time: 45201813 ns
Total end-to-end search time: 39748743 ns
Total end-to-end search time: 37166339 ns
Total end-to-end search time: 44287355 ns
Total end-to-end search time: 41552438 ns
Total end-to-end search time: 48386537 ns
Total end-to-end search time: 49306708 ns
Total end-to-end search time: 46465973 ns
Total end-to-end search time: 46005212 ns
Query: 64, nThreads: 16, warmup: 16
====================================================================================================
(ns)
Load index... Graph level 5..
Total end-to-end search time: 46239902 ns
Total end-to-end search time: 39248675 ns
Total end-to-end search time: 46193685 ns
Total end-to-end search time: 48313386 ns
Total end-to-end search time: 50158096 ns
Total end-to-end search time: 49894907 ns
Total end-to-end search time: 50058442 ns
Total end-to-end search time: 43081220 ns
Total end-to-end search time: 45126773 ns
Total end-to-end search time: 39390999 ns
Total end-to-end search time: 36822597 ns
Total end-to-end search time: 44149478 ns
Total end-to-end search time: 41367228 ns
Total end-to-end search time: 48108412 ns
Total end-to-end search time: 48989447 ns
Total end-to-end search time: 45844621 ns
Total end-to-end search time: 45861137 ns
Query: 64, nThreads: 16, warmup: 16
====================================================================================================
(ns)
Load index... Graph level 5..
Total end-to-end search time: 46434243 ns
Total end-to-end search time: 39657874 ns
Total end-to-end search time: 46579690 ns
Total end-to-end search time: 48435992 ns
Total end-to-end search time: 50209252 ns
Total end-to-end search time: 49985721 ns
Total end-to-end search time: 50144392 ns
Total end-to-end search time: 43147035 ns
Total end-to-end search time: 45076040 ns
Total end-to-end search time: 39640393 ns
Total end-to-end search time: 37128800 ns
Total end-to-end search time: 44229087 ns
Total end-to-end search time: 41545107 ns
Total end-to-end search time: 48472455 ns
Total end-to-end search time: 49275358 ns
Total end-to-end search time: 46291947 ns
Total end-to-end search time: 46029837 ns
Query: 64, nThreads: 16, warmup: 16
====================================================================================================
(ns)
Load index... Graph level 5..
Total end-to-end search time: 46257449 ns
Total end-to-end search time: 39364832 ns
Total end-to-end search time: 46323977 ns
Total end-to-end search time: 48341254 ns
Total end-to-end search time: 50174014 ns
Total end-to-end search time: 49497377 ns
Total end-to-end search time: 49609635 ns
Total end-to-end search time: 42863020 ns
Total end-to-end search time: 44681588 ns
Total end-to-end search time: 39283121 ns
Total end-to-end search time: 36653801 ns
Total end-to-end search time: 44191251 ns
Total end-to-end search time: 41316915 ns
Total end-to-end search time: 48167607 ns
Total end-to-end search time: 48964831 ns
Total end-to-end search time: 46029170 ns
Total end-to-end search time: 45681958 ns
Query: 64, nThreads: 16, warmup: 16
====================================================================================================
(ns)
Load index... Graph level 5..
Total end-to-end search time: 46453092 ns
Total end-to-end search time: 39378051 ns
Total end-to-end search time: 46065971 ns
Total end-to-end search time: 48083178 ns
Total end-to-end search time: 49797286 ns
Total end-to-end search time: 49513757 ns
Total end-to-end search time: 49689022 ns
Total end-to-end search time: 43209886 ns
Total end-to-end search time: 45064722 ns
Total end-to-end search time: 39437049 ns
Total end-to-end search time: 36834778 ns
Total end-to-end search time: 44036012 ns
Total end-to-end search time: 41229447 ns
Total end-to-end search time: 47936477 ns
Total end-to-end search time: 48765264 ns
Total end-to-end search time: 45825571 ns
Total end-to-end search time: 45668648 ns
Query: 64, nThreads: 16, warmup: 16
====================================================================================================
(ns)
Load index... Graph level 5..
Total end-to-end search time: 46363561 ns
Total end-to-end search time: 39535910 ns
Total end-to-end search time: 46035146 ns
Total end-to-end search time: 48136643 ns
Total end-to-end search time: 49903946 ns
Total end-to-end search time: 49670490 ns
Total end-to-end search time: 49789933 ns
Total end-to-end search time: 42968790 ns
Total end-to-end search time: 45024066 ns
Total end-to-end search time: 39452489 ns
Total end-to-end search time: 36823191 ns
Total end-to-end search time: 43994828 ns
Total end-to-end search time: 41230499 ns
Total end-to-end search time: 48284337 ns
Total end-to-end search time: 48864911 ns
Total end-to-end search time: 46042977 ns
Total end-to-end search time: 45663973 ns
Query: 64, nThreads: 16, warmup: 16
====================================================================================================
(ns)
Load index... Graph level 5..
Total end-to-end search time: 47010504 ns
Total end-to-end search time: 39812565 ns
Total end-to-end search time: 46689837 ns
Total end-to-end search time: 48988751 ns
Total end-to-end search time: 50498596 ns
Total end-to-end search time: 50217143 ns
Total end-to-end search time: 50383876 ns
Total end-to-end search time: 43526033 ns
Total end-to-end search time: 45383894 ns
Total end-to-end search time: 39774457 ns
Total end-to-end search time: 37189608 ns
Total end-to-end search time: 44501192 ns
Total end-to-end search time: 41693448 ns
Total end-to-end search time: 48577075 ns
Total end-to-end search time: 49410130 ns
Total end-to-end search time: 46405992 ns
Total end-to-end search time: 46271767 ns
Query: 64, nThreads: 16, warmup: 16
====================================================================================================
(ns)
Load index... Graph level 5..
Total end-to-end search time: 46937434 ns
Total end-to-end search time: 39682381 ns
Total end-to-end search time: 46629821 ns
Total end-to-end search time: 48618236 ns
Total end-to-end search time: 50491879 ns
Total end-to-end search time: 50146894 ns
Total end-to-end search time: 50462700 ns
Total end-to-end search time: 43641609 ns
Total end-to-end search time: 45358727 ns
Total end-to-end search time: 39838336 ns
Total end-to-end search time: 37367974 ns
Total end-to-end search time: 44746384 ns
Total end-to-end search time: 41632949 ns
Total end-to-end search time: 48697279 ns
Total end-to-end search time: 49629409 ns
Total end-to-end search time: 46389079 ns
Total end-to-end search time: 46135903 ns
Query: 64, nThreads: 16, warmup: 16
====================================================================================================
(ns)
Load index... Graph level 5..
Total end-to-end search time: 46673984 ns
Total end-to-end search time: 39608027 ns
Total end-to-end search time: 46793600 ns
Total end-to-end search time: 48604190 ns
Total end-to-end search time: 50477871 ns
Total end-to-end search time: 50249111 ns
Total end-to-end search time: 50181203 ns
Total end-to-end search time: 43261932 ns
Total end-to-end search time: 45349512 ns
Total end-to-end search time: 39744239 ns
Total end-to-end search time: 37210644 ns
Total end-to-end search time: 44540070 ns
Total end-to-end search time: 41662837 ns
Total end-to-end search time: 48659461 ns
Total end-to-end search time: 49083736 ns
Total end-to-end search time: 46295786 ns
Total end-to-end search time: 46151973 ns
Query: 64, nThreads: 16, warmup: 16
====================================================================================================
(ns)
Load index... Graph level 5..
Total end-to-end search time: 46503893 ns
Total end-to-end search time: 39580476 ns
Total end-to-end search time: 46398903 ns
Total end-to-end search time: 48497134 ns
Total end-to-end search time: 50117790 ns
Total end-to-end search time: 50549053 ns
Total end-to-end search time: 50222301 ns
Total end-to-end search time: 43199397 ns
Total end-to-end search time: 45095205 ns
Total end-to-end search time: 39617773 ns
Total end-to-end search time: 36887689 ns
Total end-to-end search time: 44207307 ns
Total end-to-end search time: 41471584 ns
Total end-to-end search time: 48265665 ns
Total end-to-end search time: 49206520 ns
Total end-to-end search time: 46206700 ns
Total end-to-end search time: 45982499 ns
Query: 64, nThreads: 16, warmup: 16
====================================================================================================
(ns)
Load index... Graph level 5..
Total end-to-end search time: 46594854 ns
Total end-to-end search time: 39550831 ns
Total end-to-end search time: 46359682 ns
Total end-to-end search time: 48386448 ns
Total end-to-end search time: 50213779 ns
Total end-to-end search time: 49810684 ns
Total end-to-end search time: 50040179 ns
Total end-to-end search time: 43261972 ns
Total end-to-end search time: 45430410 ns
Total end-to-end search time: 39511139 ns
Total end-to-end search time: 37008579 ns
Total end-to-end search time: 44204574 ns
Total end-to-end search time: 41364128 ns
Total end-to-end search time: 48305879 ns
Total end-to-end search time: 49298446 ns
Total end-to-end search time: 46150676 ns
Total end-to-end search time: 45882133 ns
Query: 64, nThreads: 16, warmup: 16
====================================================================================================
(ns)
Load index... Graph level 5..
Total end-to-end search time: 46290925 ns
Total end-to-end search time: 39441388 ns
Total end-to-end search time: 46145630 ns
Total end-to-end search time: 48429248 ns
Total end-to-end search time: 50229330 ns
Total end-to-end search time: 49724872 ns
Total end-to-end search time: 49713406 ns
Total end-to-end search time: 42953948 ns
Total end-to-end search time: 44741117 ns
Total end-to-end search time: 39412449 ns
Total end-to-end search time: 36773507 ns
Total end-to-end search time: 44193722 ns
Total end-to-end search time: 41781237 ns
Total end-to-end search time: 49079002 ns
Total end-to-end search time: 49696897 ns
Total end-to-end search time: 46525895 ns
Total end-to-end search time: 46156119 ns
Query: 64, nThreads: 16, warmup: 16
====================================================================================================
(ns)
Load index... Graph level 5..
Total end-to-end search time: 46547300 ns
Total end-to-end search time: 39358058 ns
Total end-to-end search time: 46064883 ns
Total end-to-end search time: 48318431 ns
Total end-to-end search time: 49873766 ns
Total end-to-end search time: 49925818 ns
Total end-to-end search time: 49874648 ns
Total end-to-end search time: 42983485 ns
Total end-to-end search time: 44748598 ns
Total end-to-end search time: 39461970 ns
Total end-to-end search time: 36927837 ns
Total end-to-end search time: 44192206 ns
Total end-to-end search time: 41186514 ns
Total end-to-end search time: 47953219 ns
Total end-to-end search time: 48749422 ns
Total end-to-end search time: 45734722 ns
Total end-to-end search time: 45693883 ns
Query: 64, nThreads: 16, warmup: 16
====================================================================================================
(ns)
Load index... Graph level 5..
Total end-to-end search time: 46272532 ns
Total end-to-end search time: 39287428 ns
Total end-to-end search time: 46362469 ns
Total end-to-end search time: 48452909 ns
Total end-to-end search time: 50338759 ns
Total end-to-end search time: 49749043 ns
Total end-to-end search time: 49940635 ns
Total end-to-end search time: 43046188 ns
Total end-to-end search time: 44884980 ns
Total end-to-end search time: 39448752 ns
Total end-to-end search time: 36898235 ns
Total end-to-end search time: 44214290 ns
Total end-to-end search time: 41416386 ns
Total end-to-end search time: 48348289 ns
Total end-to-end search time: 49151169 ns
Total end-to-end search time: 45955338 ns
Total end-to-end search time: 45878515 ns
Query: 64, nThreads: 16, warmup: 16
====================================================================================================
(ns)
Load index... Graph level 5..
Total end-to-end search time: 46344407 ns
Total end-to-end search time: 39476829 ns
Total end-to-end search time: 46538763 ns
Total end-to-end search time: 48419882 ns
Total end-to-end search time: 50270085 ns
Total end-to-end search time: 49896988 ns
Total end-to-end search time: 49786556 ns
Total end-to-end search time: 42925586 ns
Total end-to-end search time: 44777008 ns
Total end-to-end search time: 39361414 ns
Total end-to-end search time: 36710127 ns
Total end-to-end search time: 44095651 ns
Total end-to-end search time: 41294830 ns
Total end-to-end search time: 48016754 ns
Total end-to-end search time: 48798126 ns
Total end-to-end search time: 45621177 ns
Total end-to-end search time: 45564389 ns
Query: 64, nThreads: 16, warmup: 16
====================================================================================================
(ns)
Load index... Graph level 5..
Total end-to-end search time: 46759355 ns
Total end-to-end search time: 39669240 ns
Total end-to-end search time: 46564255 ns
Total end-to-end search time: 48684694 ns
Total end-to-end search time: 50621099 ns
Total end-to-end search time: 50071504 ns
Total end-to-end search time: 50397814 ns
Total end-to-end search time: 43340358 ns
Total end-to-end search time: 45240780 ns
Total end-to-end search time: 39720762 ns
Total end-to-end search time: 37098821 ns
Total end-to-end search time: 44267859 ns
Total end-to-end search time: 41545934 ns
Total end-to-end search time: 48379014 ns
Total end-to-end search time: 49502575 ns
Total end-to-end search time: 46386611 ns
Total end-to-end search time: 46331241 ns
Query: 64, nThreads: 16, warmup: 16
====================================================================================================
(ns)
Load index... Graph level 5..
Total end-to-end search time: 46830378 ns
Total end-to-end search time: 39629238 ns
Total end-to-end search time: 46477892 ns
Total end-to-end search time: 48732595 ns
Total end-to-end search time: 50367166 ns
Total end-to-end search time: 50279177 ns
Total end-to-end search time: 50666725 ns
Total end-to-end search time: 43359106 ns
Total end-to-end search time: 45300952 ns
Total end-to-end search time: 39987428 ns
Total end-to-end search time: 37389626 ns
Total end-to-end search time: 44562649 ns
Total end-to-end search time: 41848528 ns
Total end-to-end search time: 48727456 ns
Total end-to-end search time: 49600360 ns
Total end-to-end search time: 46443594 ns
Total end-to-end search time: 46225144 ns
Query: 64, nThreads: 16, warmup: 16
====================================================================================================
(ns)
Load index... Graph level 5..
Total end-to-end search time: 46731264 ns
Total end-to-end search time: 39590443 ns
Total end-to-end search time: 46506459 ns
Total end-to-end search time: 48290548 ns
Total end-to-end search time: 50079931 ns
Total end-to-end search time: 49792919 ns
Total end-to-end search time: 50222027 ns
Total end-to-end search time: 43229235 ns
Total end-to-end search time: 45176856 ns
Total end-to-end search time: 39727229 ns
Total end-to-end search time: 37096493 ns
Total end-to-end search time: 44160243 ns
Total end-to-end search time: 41288382 ns
Total end-to-end search time: 48247245 ns
Total end-to-end search time: 49317065 ns
Total end-to-end search time: 46198281 ns
Total end-to-end search time: 45726304 ns
Query: 64, nThreads: 16, warmup: 16
====================================================================================================
(ns)
Load index... Graph level 5..
Total end-to-end search time: 46708709 ns
Total end-to-end search time: 39622834 ns
Total end-to-end search time: 46582466 ns
Total end-to-end search time: 48799657 ns
Total end-to-end search time: 50562864 ns
Total end-to-end search time: 50314248 ns
Total end-to-end search time: 50716170 ns
Total end-to-end search time: 43599960 ns
Total end-to-end search time: 45407277 ns
Total end-to-end search time: 39811668 ns
Total end-to-end search time: 37197314 ns
Total end-to-end search time: 44611901 ns
Total end-to-end search time: 41840725 ns
Total end-to-end search time: 48569707 ns
Total end-to-end search time: 49566899 ns
Total end-to-end search time: 46730458 ns
Total end-to-end search time: 46214138 ns
Query: 64, nThreads: 16, warmup: 16
====================================================================================================
(ns)
Load index... Graph level 5..
Total end-to-end search time: 46298606 ns
Total end-to-end search time: 39217676 ns
Total end-to-end search time: 46011516 ns
Total end-to-end search time: 47983641 ns
Total end-to-end search time: 49786492 ns
Total end-to-end search time: 49673255 ns
Total end-to-end search time: 49614887 ns
Total end-to-end search time: 42791371 ns
Total end-to-end search time: 44628747 ns
Total end-to-end search time: 39252841 ns
Total end-to-end search time: 36622810 ns
Total end-to-end search time: 43851786 ns
Total end-to-end search time: 41075497 ns
Total end-to-end search time: 47890186 ns
Total end-to-end search time: 48798530 ns
Total end-to-end search time: 45762317 ns
Total end-to-end search time: 45558241 ns
Query: 64, nThreads: 16, warmup: 16
====================================================================================================
(ns)
Load index... Graph level 5..
Total end-to-end search time: 46530050 ns
Total end-to-end search time: 39332250 ns
Total end-to-end search time: 46231567 ns
Total end-to-end search time: 48429623 ns
Total end-to-end search time: 50246685 ns
Total end-to-end search time: 49747041 ns
Total end-to-end search time: 49958417 ns
Total end-to-end search time: 43227733 ns
Total end-to-end search time: 45156203 ns
Total end-to-end search time: 39484427 ns
Total end-to-end search time: 36840589 ns
Total end-to-end search time: 44073451 ns
Total end-to-end search time: 41307140 ns
Total end-to-end search time: 48076013 ns
Total end-to-end search time: 48959054 ns
Total end-to-end search time: 45938615 ns
Total end-to-end search time: 45660727 ns
Query: 64, nThreads: 16, warmup: 16
====================================================================================================
(ns)
Load index... Graph level 5..
Total end-to-end search time: 46319655 ns
Total end-to-end search time: 39381070 ns
Total end-to-end search time: 46275296 ns
Total end-to-end search time: 48323031 ns
Total end-to-end search time: 50054522 ns
Total end-to-end search time: 49845052 ns
Total end-to-end search time: 49940311 ns
Total end-to-end search time: 43282170 ns
Total end-to-end search time: 45057314 ns
Total end-to-end search time: 39480218 ns
Total end-to-end search time: 36873354 ns
Total end-to-end search time: 44112021 ns
Total end-to-end search time: 41309170 ns
Total end-to-end search time: 48182299 ns
Total end-to-end search time: 48904056 ns
Total end-to-end search time: 45925194 ns
Total end-to-end search time: 45701792 ns
Query: 64, nThreads: 16, warmup: 16
====================================================================================================
(ns)
Load index... Graph level 5..
Total end-to-end search time: 46180898 ns
Total end-to-end search time: 39516499 ns
Total end-to-end search time: 46132864 ns
Total end-to-end search time: 48248604 ns
Total end-to-end search time: 49987269 ns
Total end-to-end search time: 49733459 ns
Total end-to-end search time: 49927256 ns
Total end-to-end search time: 42942235 ns
Total end-to-end search time: 44785201 ns
Total end-to-end search time: 39567652 ns
Total end-to-end search time: 36761823 ns
Total end-to-end search time: 44115031 ns
Total end-to-end search time: 41200516 ns
Total end-to-end search time: 47969480 ns
Total end-to-end search time: 48855320 ns
Total end-to-end search time: 46052126 ns
Total end-to-end search time: 45538684 ns
Query: 64, nThreads: 16, warmup: 16
====================================================================================================
(ns)
Load index... Graph level 5..
Total end-to-end search time: 46523263 ns
Total end-to-end search time: 39526876 ns
Total end-to-end search time: 46283471 ns
Total end-to-end search time: 48461211 ns
Total end-to-end search time: 50146009 ns
Total end-to-end search time: 49625342 ns
Total end-to-end search time: 49846257 ns
Total end-to-end search time: 43192882 ns
Total end-to-end search time: 45062204 ns
Total end-to-end search time: 39396764 ns
Total end-to-end search time: 36852824 ns
Total end-to-end search time: 43939880 ns
Total end-to-end search time: 41213836 ns
Total end-to-end search time: 48051369 ns
Total end-to-end search time: 49063844 ns
Total end-to-end search time: 45820908 ns
Total end-to-end search time: 45556163 ns
Query: 64, nThreads: 16, warmup: 16
====================================================================================================
(ns)
Load index... Graph level 5..
Total end-to-end search time: 47017570 ns
Total end-to-end search time: 39986818 ns
Total end-to-end search time: 46792264 ns
Total end-to-end search time: 48652856 ns
Total end-to-end search time: 50689800 ns
Total end-to-end search time: 50446032 ns
Total end-to-end search time: 50760589 ns
Total end-to-end search time: 43531347 ns
Total end-to-end search time: 45417411 ns
Total end-to-end search time: 39819484 ns
Total end-to-end search time: 37253596 ns
Total end-to-end search time: 44575455 ns
Total end-to-end search time: 41696549 ns
Total end-to-end search time: 48601143 ns
Total end-to-end search time: 49650119 ns
Total end-to-end search time: 46613084 ns
Total end-to-end search time: 46389029 ns
Query: 64, nThreads: 16, warmup: 16
====================================================================================================
(ns)
Load index... Graph level 5..
Total end-to-end search time: 46991718 ns
Total end-to-end search time: 39653847 ns
Total end-to-end search time: 46574221 ns
Total end-to-end search time: 48889372 ns
Total end-to-end search time: 50642792 ns
Total end-to-end search time: 50191355 ns
Total end-to-end search time: 50660160 ns
Total end-to-end search time: 43178252 ns
Total end-to-end search time: 45193711 ns
Total end-to-end search time: 39729193 ns
Total end-to-end search time: 37117025 ns
Total end-to-end search time: 44300776 ns
Total end-to-end search time: 41307031 ns
Total end-to-end search time: 48166112 ns
Total end-to-end search time: 48972208 ns
Total end-to-end search time: 45923466 ns
Total end-to-end search time: 45772551 ns
