Query: 64, nThreads: 64, warmup: 16
====================================================================================================
(ns)
Load index... Graph level 5..
Total end-to-end search time: 46272623 ns
Total end-to-end search time: 39386182 ns
Total end-to-end search time: 46358957 ns
Total end-to-end search time: 48086141 ns
Total end-to-end search time: 50153165 ns
Total end-to-end search time: 49780799 ns
Total end-to-end search time: 50055838 ns
Total end-to-end search time: 43115013 ns
Total end-to-end search time: 44826471 ns
Total end-to-end search time: 39238076 ns
Total end-to-end search time: 36816826 ns
Total end-to-end search time: 43945574 ns
Total end-to-end search time: 41189187 ns
Total end-to-end search time: 48183081 ns
Total end-to-end search time: 48890469 ns
Total end-to-end search time: 46003328 ns
Total end-to-end search time: 46000344 ns
Query: 64, nThreads: 64, warmup: 16
====================================================================================================
(ns)
Load index... Graph level 5..
Total end-to-end search time: 46317504 ns
Total end-to-end search time: 39370357 ns
Total end-to-end search time: 46215848 ns
Total end-to-end search time: 48462193 ns
Total end-to-end search time: 49968351 ns
Total end-to-end search time: 49704479 ns
Total end-to-end search time: 49880653 ns
Total end-to-end search time: 43060330 ns
Total end-to-end search time: 44869305 ns
Total end-to-end search time: 39395754 ns
Total end-to-end search time: 36809671 ns
Total end-to-end search time: 43994251 ns
Total end-to-end search time: 41159545 ns
Total end-to-end search time: 47995879 ns
Total end-to-end search time: 48792469 ns
Total end-to-end search time: 45774483 ns
Total end-to-end search time: 45542813 ns
Query: 64, nThreads: 64, warmup: 16
====================================================================================================
(ns)
Load index... Graph level 5..
Total end-to-end search time: 46987406 ns
Total end-to-end search time: 39998273 ns
Total end-to-end search time: 46674298 ns
Total end-to-end search time: 48723971 ns
Total end-to-end search time: 50656588 ns
Total end-to-end search time: 50284895 ns
Total end-to-end search time: 50543092 ns
Total end-to-end search time: 43433541 ns
Total end-to-end search time: 45339822 ns
Total end-to-end search time: 39843549 ns
Total end-to-end search time: 37170349 ns
Total end-to-end search time: 44672264 ns
Total end-to-end search time: 41956382 ns
Total end-to-end search time: 48623255 ns
Total end-to-end search time: 49492672 ns
Total end-to-end search time: 46399069 ns
Total end-to-end search time: 46343885 ns
Query: 64, nThreads: 64, warmup: 16
====================================================================================================
(ns)
Load index... Graph level 5..
Total end-to-end search time: 46542005 ns
Total end-to-end search time: 39321562 ns
Total end-to-end search time: 46145618 ns
Total end-to-end search time: 48368581 ns
Total end-to-end search time: 50167457 ns
Total end-to-end search time: 50063185 ns
Total end-to-end search time: 49933380 ns
Total end-to-end search time: 43045840 ns
Total end-to-end search time: 44857236 ns
Total end-to-end search time: 39471065 ns
Total end-to-end search time: 36805695 ns
Total end-to-end search time: 44200950 ns
Total end-to-end search time: 41243654 ns
Total end-to-end search time: 48126086 ns
Total end-to-end search time: 49212762 ns
Total end-to-end search time: 46004395 ns
Total end-to-end search time: 45973201 ns
Query: 64, nThreads: 64, warmup: 16
====================================================================================================
(ns)
Load index... Graph level 5..
Total end-to-end search time: 46798657 ns
Total end-to-end search time: 39596375 ns
Total end-to-end search time: 46316232 ns
Total end-to-end search time: 48431896 ns
Total end-to-end search time: 50222439 ns
Total end-to-end search time: 49980829 ns
Total end-to-end search time: 50355546 ns
Total end-to-end search time: 43216578 ns
Total end-to-end search time: 45200757 ns
Total end-to-end search time: 39818733 ns
Total end-to-end search time: 37181597 ns
Total end-to-end search time: 44439519 ns
Total end-to-end search time: 41432865 ns
Total end-to-end search time: 48405666 ns
Total end-to-end search time: 49165793 ns
Total end-to-end search time: 46062644 ns
Total end-to-end search time: 45864236 ns
Query: 64, nThreads: 64, warmup: 16
====================================================================================================
(ns)
Load index... Graph level 5..
Total end-to-end search time: 46724520 ns
Total end-to-end search time: 39628702 ns
Total end-to-end search time: 46392890 ns
Total end-to-end search time: 48648909 ns
Total end-to-end search time: 50330957 ns
Total end-to-end search time: 50009386 ns
Total end-to-end search time: 50322590 ns
Total end-to-end search time: 43525240 ns
Total end-to-end search time: 45249313 ns
Total end-to-end search time: 39726108 ns
Total end-to-end search time: 37260944 ns
Total end-to-end search time: 44410578 ns
Total end-to-end search time: 41452462 ns
Total end-to-end search time: 48643092 ns
Total end-to-end search time: 49370044 ns
Total end-to-end search time: 46139096 ns
Total end-to-end search time: 45890748 ns
Query: 64, nThreads: 64, warmup: 16
====================================================================================================
(ns)
Load index... Graph level 5..
Total end-to-end search time: 46696579 ns
Total end-to-end search time: 39572859 ns
Total end-to-end search time: 46412831 ns
Total end-to-end search time: 48419992 ns
Total end-to-end search time: 50623276 ns
Total end-to-end search time: 49859062 ns
Total end-to-end search time: 50094924 ns
Total end-to-end search time: 43143748 ns
Total end-to-end search time: 45051519 ns
Total end-to-end search time: 39621348 ns
Total end-to-end search time: 36926142 ns
Total end-to-end search time: 44182440 ns
Total end-to-end search time: 41323589 ns
Total end-to-end search time: 48291431 ns
Total end-to-end search time: 49167121 ns
Total end-to-end search time: 46061228 ns
Total end-to-end search time: 45803851 ns
Query: 64, nThreads: 64, warmup: 16
====================================================================================================
(ns)
Load index... Graph level 5..
Total end-to-end search time: 46456026 ns
Total end-to-end search time: 39460485 ns
Total end-to-end search time: 46134653 ns
Total end-to-end search time: 48190561 ns
Total end-to-end search time: 50017284 ns
Total end-to-end search time: 49755660 ns
Total end-to-end search time: 49836134 ns
Total end-to-end search time: 43157054 ns
Total end-to-end search time: 44953002 ns
Total end-to-end search time: 39416489 ns
Total end-to-end search time: 36821303 ns
Total end-to-end search time: 43953609 ns
Total end-to-end search time: 41324532 ns
Total end-to-end search time: 48221947 ns
Total end-to-end search time: 48921043 ns
Total end-to-end search time: 45935256 ns
Total end-to-end search time: 45693489 ns
Query: 64, nThreads: 64, warmup: 16
====================================================================================================
(ns)
Load index... Graph level 5..
Total end-to-end search time: 46274897 ns
Total end-to-end search time: 39161301 ns
Total end-to-end search time: 45959035 ns
Total end-to-end search time: 47981021 ns
Total end-to-end search time: 49889506 ns
Total end-to-end search time: 49518945 ns
Total end-to-end search time: 49733570 ns
Total end-to-end search time: 42843938 ns
Total end-to-end search time: 44683445 ns
Total end-to-end search time: 39232340 ns
Total end-to-end search time: 36684465 ns
Total end-to-end search time: 44183597 ns
Total end-to-end search time: 41235335 ns
Total end-to-end search time: 47924308 ns
Total end-to-end search time: 48789830 ns
Total end-to-end search time: 45703401 ns
Total end-to-end search time: 45504216 ns
Query: 64, nThreads: 64, warmup: 16
====================================================================================================
(ns)
Load index... Graph level 5..
Total end-to-end search time: 46284446 ns
Total end-to-end search time: 39479339 ns
Total end-to-end search time: 46250976 ns
Total end-to-end search time: 48236939 ns
Total end-to-end search time: 50093560 ns
Total end-to-end search time: 49942183 ns
Total end-to-end search time: 50014980 ns
Total end-to-end search time: 43160589 ns
Total end-to-end search time: 45209319 ns
Total end-to-end search time: 39507407 ns
Total end-to-end search time: 36805808 ns
Total end-to-end search time: 44085494 ns
Total end-to-end search time: 41289322 ns
Total end-to-end search time: 48510271 ns
Total end-to-end search time: 49692123 ns
Total end-to-end search time: 46039626 ns
Total end-to-end search time: 46563174 ns
Query: 64, nThreads: 64, warmup: 16
====================================================================================================
(ns)
Load index... Graph level 5..
Total end-to-end search time: 46741419 ns
Total end-to-end search time: 39386882 ns
Total end-to-end search time: 46104933 ns
Total end-to-end search time: 48095160 ns
Total end-to-end search time: 49977789 ns
Total end-to-end search time: 49675306 ns
Total end-to-end search time: 49933765 ns
Total end-to-end search time: 43150899 ns
Total end-to-end search time: 44982414 ns
Total end-to-end search time: 39363130 ns
Total end-to-end search time: 36705296 ns
Total end-to-end search time: 43991224 ns
Total end-to-end search time: 41236927 ns
Total end-to-end search time: 48016129 ns
Total end-to-end search time: 49017125 ns
Total end-to-end search time: 46096770 ns
Total end-to-end search time: 45662650 ns
Query: 64, nThreads: 64, warmup: 16
====================================================================================================
(ns)
Load index... Graph level 5..
Total end-to-end search time: 46521371 ns
Total end-to-end search time: 39457818 ns
Total end-to-end search time: 46064844 ns
Total end-to-end search time: 48288354 ns
Total end-to-end search time: 50262831 ns
Total end-to-end search time: 49701561 ns
Total end-to-end search time: 49729886 ns
Total end-to-end search time: 43007424 ns
Total end-to-end search time: 45001234 ns
Total end-to-end search time: 39601532 ns
Total end-to-end search time: 37137675 ns
Total end-to-end search time: 44164442 ns
Total end-to-end search time: 41334718 ns
Total end-to-end search time: 48197396 ns
Total end-to-end search time: 49057134 ns
Total end-to-end search time: 46065072 ns
Total end-to-end search time: 45742729 ns
Query: 64, nThreads: 64, warmup: 16
====================================================================================================
(ns)
Load index... Graph level 5..
Total end-to-end search time: 46893170 ns
Total end-to-end search time: 39642473 ns
Total end-to-end search time: 46503414 ns
Total end-to-end search time: 48549406 ns
Total end-to-end search time: 50736470 ns
Total end-to-end search time: 50291037 ns
Total end-to-end search time: 50203930 ns
Total end-to-end search time: 43271461 ns
Total end-to-end search time: 45195391 ns
Total end-to-end search time: 39647207 ns
Total end-to-end search time: 37205995 ns
Total end-to-end search time: 44338626 ns
Total end-to-end search time: 41691075 ns
Total end-to-end search time: 48557876 ns
Total end-to-end search time: 49524885 ns
Total end-to-end search time: 46459122 ns
Total end-to-end search time: 46052176 ns
Query: 64, nThreads: 64, warmup: 16
====================================================================================================
(ns)
Load index... Graph level 5..
Total end-to-end search time: 46941541 ns
Total end-to-end search time: 39809842 ns
Total end-to-end search time: 46472326 ns
Total end-to-end search time: 48651054 ns
Total end-to-end search time: 50470472 ns
Total end-to-end search time: 50085686 ns
Total end-to-end search time: 50253374 ns
Total end-to-end search time: 43548133 ns
Total end-to-end search time: 45212747 ns
Total end-to-end search time: 39785123 ns
Total end-to-end search time: 37253421 ns
Total end-to-end search time: 44307762 ns
Total end-to-end search time: 41527888 ns
Total end-to-end search time: 48369627 ns
Total end-to-end search time: 49384124 ns
Total end-to-end search time: 46275340 ns
Total end-to-end search time: 46085614 ns
Query: 64, nThreads: 64, warmup: 16
====================================================================================================
(ns)
Load index... Graph level 5..
Total end-to-end search time: 46808363 ns
Total end-to-end search time: 39864236 ns
Total end-to-end search time: 46604063 ns
Total end-to-end search time: 48623394 ns
Total end-to-end search time: 50315506 ns
Total end-to-end search time: 49892787 ns
Total end-to-end search time: 50088816 ns
Total end-to-end search time: 43137856 ns
Total end-to-end search time: 45059977 ns
Total end-to-end search time: 39551537 ns
Total end-to-end search time: 36993895 ns
Total end-to-end search time: 44302045 ns
Total end-to-end search time: 41599093 ns
Total end-to-end search time: 48502821 ns
Total end-to-end search time: 49137418 ns
Total end-to-end search time: 46226748 ns
Total end-to-end search time: 45764605 ns
Query: 64, nThreads: 64, warmup: 16
====================================================================================================
(ns)
Load index... Graph level 5..
Total end-to-end search time: 46870016 ns
Total end-to-end search time: 39617675 ns
Total end-to-end search time: 46355963 ns
Total end-to-end search time: 48316582 ns
Total end-to-end search time: 50323853 ns
Total end-to-end search time: 49961607 ns
Total end-to-end search time: 50190537 ns
Total end-to-end search time: 43334952 ns
Total end-to-end search time: 45301956 ns
Total end-to-end search time: 39650536 ns
Total end-to-end search time: 37133177 ns
Total end-to-end search time: 44529663 ns
Total end-to-end search time: 41735451 ns
Total end-to-end search time: 48568359 ns
Total end-to-end search time: 49442857 ns
Total end-to-end search time: 46222573 ns
Total end-to-end search time: 45826829 ns
Query: 64, nThreads: 64, warmup: 16
====================================================================================================
(ns)
Load index... Graph level 5..
Total end-to-end search time: 46340055 ns
Total end-to-end search time: 39489593 ns
Total end-to-end search time: 46320425 ns
Total end-to-end search time: 48073132 ns
Total end-to-end search time: 49825157 ns
Total end-to-end search time: 49696573 ns
Total end-to-end search time: 49974389 ns
Total end-to-end search time: 42983211 ns
Total end-to-end search time: 44906261 ns
Total end-to-end search time: 39400616 ns
Total end-to-end search time: 36722516 ns
Total end-to-end search time: 43889208 ns
Total end-to-end search time: 41259374 ns
Total end-to-end search time: 48120057 ns
Total end-to-end search time: 48785167 ns
Total end-to-end search time: 46014881 ns
Total end-to-end search time: 45807444 ns
Query: 64, nThreads: 64, warmup: 16
====================================================================================================
(ns)
Load index... Graph level 5..
Total end-to-end search time: 46503656 ns
Total end-to-end search time: 39395735 ns
Total end-to-end search time: 46295057 ns
Total end-to-end search time: 48465804 ns
Total end-to-end search time: 50048096 ns
Total end-to-end search time: 49737959 ns
Total end-to-end search time: 49927978 ns
Total end-to-end search time: 43073711 ns
Total end-to-end search time: 45006214 ns
Total end-to-end search time: 39515270 ns
Total end-to-end search time: 36890043 ns
Total end-to-end search time: 44027960 ns
Total end-to-end search time: 41293091 ns
Total end-to-end search time: 48133795 ns
Total end-to-end search time: 48986923 ns
Total end-to-end search time: 45882813 ns
Total end-to-end search time: 45688135 ns
Query: 64, nThreads: 64, warmup: 16
====================================================================================================
(ns)
Load index... Graph level 5..
Total end-to-end search time: 46486608 ns
Total end-to-end search time: 39283015 ns
Total end-to-end search time: 45998379 ns
Total end-to-end search time: 48199651 ns
Total end-to-end search time: 50255629 ns
Total end-to-end search time: 49635590 ns
Total end-to-end search time: 49818616 ns
Total end-to-end search time: 42908236 ns
Total end-to-end search time: 44850953 ns
Total end-to-end search time: 39550921 ns
Total end-to-end search time: 36926609 ns
Total end-to-end search time: 44245831 ns
Total end-to-end search time: 41233372 ns
Total end-to-end search time: 48133750 ns
Total end-to-end search time: 48774934 ns
Total end-to-end search time: 45999009 ns
Total end-to-end search time: 45757961 ns
Query: 64, nThreads: 64, warmup: 16
====================================================================================================
(ns)
Load index... Graph level 5..
Total end-to-end search time: 46277630 ns
Total end-to-end search time: 39307204 ns
Total end-to-end search time: 46036531 ns
Total end-to-end search time: 48097245 ns
Total end-to-end search time: 50154147 ns
Total end-to-end search time: 49638605 ns
Total end-to-end search time: 49776964 ns
Total end-to-end search time: 43061747 ns
Total end-to-end search time: 44866362 ns
Total end-to-end search time: 39574500 ns
Total end-to-end search time: 36849479 ns
Total end-to-end search time: 44118993 ns
Total end-to-end search time: 41339396 ns
Total end-to-end search time: 47917935 ns
Total end-to-end search time: 49115541 ns
Total end-to-end search time: 45926536 ns
Total end-to-end search time: 45776286 ns
Query: 64, nThreads: 64, warmup: 16
====================================================================================================
(ns)
Load index... Graph level 5..
Total end-to-end search time: 47248102 ns
Total end-to-end search time: 39842154 ns
Total end-to-end search time: 46855293 ns
Total end-to-end search time: 48882467 ns
Total end-to-end search time: 50447618 ns
Total end-to-end search time: 50167014 ns
Total end-to-end search time: 50393827 ns
Total end-to-end search time: 43300890 ns
Total end-to-end search time: 45289354 ns
Total end-to-end search time: 39774155 ns
Total end-to-end search time: 37217116 ns
Total end-to-end search time: 44448996 ns
Total end-to-end search time: 41786124 ns
Total end-to-end search time: 48470067 ns
Total end-to-end search time: 49361656 ns
Total end-to-end search time: 46176165 ns
Total end-to-end search time: 46247600 ns
Query: 64, nThreads: 64, warmup: 16
====================================================================================================
(ns)
Load index... Graph level 5..
Total end-to-end search time: 46394039 ns
Total end-to-end search time: 39533568 ns
Total end-to-end search time: 46403176 ns
Total end-to-end search time: 48142735 ns
Total end-to-end search time: 50035877 ns
Total end-to-end search time: 49728673 ns
Total end-to-end search time: 49879473 ns
Total end-to-end search time: 42998120 ns
Total end-to-end search time: 45088974 ns
Total end-to-end search time: 39537705 ns
Total end-to-end search time: 37021929 ns
Total end-to-end search time: 44087020 ns
Total end-to-end search time: 41427886 ns
Total end-to-end search time: 48194579 ns
Total end-to-end search time: 49123732 ns
Total end-to-end search time: 46216642 ns
Total end-to-end search time: 46099928 ns
Query: 64, nThreads: 64, warmup: 16
====================================================================================================
(ns)
Load index... Graph level 5..
Total end-to-end search time: 46770293 ns
Total end-to-end search time: 39737343 ns
Total end-to-end search time: 46296035 ns
Total end-to-end search time: 48440178 ns
Total end-to-end search time: 50323385 ns
Total end-to-end search time: 50004474 ns
Total end-to-end search time: 50249050 ns
Total end-to-end search time: 43886292 ns
Total end-to-end search time: 45718630 ns
Total end-to-end search time: 39972303 ns
Total end-to-end search time: 37367856 ns
Total end-to-end search time: 44449031 ns
Total end-to-end search time: 41730707 ns
Total end-to-end search time: 48781399 ns
Total end-to-end search time: 49644237 ns
Total end-to-end search time: 46696140 ns
Total end-to-end search time: 46265646 ns
Query: 64, nThreads: 64, warmup: 16
====================================================================================================
(ns)
Load index... Graph level 5..
Total end-to-end search time: 46599540 ns
Total end-to-end search time: 39599332 ns
Total end-to-end search time: 46086917 ns
Total end-to-end search time: 48065870 ns
Total end-to-end search time: 50045747 ns
Total end-to-end search time: 49613675 ns
Total end-to-end search time: 49730668 ns
Total end-to-end search time: 42865542 ns
Total end-to-end search time: 44808325 ns
Total end-to-end search time: 39567732 ns
Total end-to-end search time: 36823545 ns
Total end-to-end search time: 44140753 ns
Total end-to-end search time: 41227440 ns
Total end-to-end search time: 48210332 ns
Total end-to-end search time: 49033587 ns
Total end-to-end search time: 46212407 ns
Total end-to-end search time: 45779923 ns
Query: 64, nThreads: 64, warmup: 16
====================================================================================================
(ns)
Load index... Graph level 5..
Total end-to-end search time: 46799190 ns
Total end-to-end search time: 39536730 ns
Total end-to-end search time: 46351153 ns
Total end-to-end search time: 48190115 ns
Total end-to-end search time: 50274205 ns
Total end-to-end search time: 49955144 ns
Total end-to-end search time: 50186230 ns
Total end-to-end search time: 43192157 ns
Total end-to-end search time: 44952633 ns
Total end-to-end search time: 39437521 ns
Total end-to-end search time: 36886513 ns
Total end-to-end search time: 44071037 ns
Total end-to-end search time: 41290725 ns
Total end-to-end search time: 48368189 ns
Total end-to-end search time: 49087085 ns
Total end-to-end search time: 45904722 ns
Total end-to-end search time: 45834631 ns
Query: 64, nThreads: 64, warmup: 16
====================================================================================================
(ns)
Load index... Graph level 5..
Total end-to-end search time: 47194036 ns
Total end-to-end search time: 40159062 ns
Total end-to-end search time: 47081383 ns
Total end-to-end search time: 48979600 ns
Total end-to-end search time: 50902241 ns
Total end-to-end search time: 50628953 ns
Total end-to-end search time: 50994041 ns
Total end-to-end search time: 43724680 ns
Total end-to-end search time: 45715777 ns
Total end-to-end search time: 40230396 ns
Total end-to-end search time: 37441404 ns
Total end-to-end search time: 44795457 ns
Total end-to-end search time: 41977930 ns
Total end-to-end search time: 48977216 ns
Total end-to-end search time: 49878035 ns
Total end-to-end search time: 46899614 ns
Total end-to-end search time: 46735166 ns
Query: 64, nThreads: 64, warmup: 16
====================================================================================================
(ns)
Load index... Graph level 5..
Total end-to-end search time: 46412891 ns
Total end-to-end search time: 39409030 ns
Total end-to-end search time: 46056010 ns
Total end-to-end search time: 48190602 ns
Total end-to-end search time: 49860361 ns
Total end-to-end search time: 49645301 ns
Total end-to-end search time: 50043023 ns
Total end-to-end search time: 43039090 ns
Total end-to-end search time: 44774464 ns
Total end-to-end search time: 39289422 ns
Total end-to-end search time: 36728593 ns
Total end-to-end search time: 43900834 ns
Total end-to-end search time: 41126039 ns
Total end-to-end search time: 48229275 ns
Total end-to-end search time: 48821335 ns
Total end-to-end search time: 45842004 ns
Total end-to-end search time: 45834509 ns
Query: 64, nThreads: 64, warmup: 16
====================================================================================================
(ns)
Load index... Graph level 5..
Total end-to-end search time: 46859212 ns
Total end-to-end search time: 39447428 ns
Total end-to-end search time: 46138663 ns
Total end-to-end search time: 48445256 ns
Total end-to-end search time: 50439523 ns
Total end-to-end search time: 49880591 ns
Total end-to-end search time: 49883744 ns
Total end-to-end search time: 43008339 ns
Total end-to-end search time: 44897291 ns
Total end-to-end search time: 39418229 ns
Total end-to-end search time: 36869395 ns
Total end-to-end search time: 44103212 ns
Total end-to-end search time: 41258008 ns
Total end-to-end search time: 48099427 ns
Total end-to-end search time: 49007550 ns
Total end-to-end search time: 46178796 ns
Total end-to-end search time: 45890075 ns
Query: 64, nThreads: 64, warmup: 16
====================================================================================================
(ns)
Load index... Graph level 5..
Total end-to-end search time: 46729117 ns
Total end-to-end search time: 39370237 ns
Total end-to-end search time: 46494817 ns
Total end-to-end search time: 48557007 ns
Total end-to-end search time: 50728206 ns
Total end-to-end search time: 50486367 ns
Total end-to-end search time: 50521082 ns
Total end-to-end search time: 43446176 ns
Total end-to-end search time: 45356227 ns
Total end-to-end search time: 39832246 ns
Total end-to-end search time: 37516697 ns
Total end-to-end search time: 44576685 ns
Total end-to-end search time: 41759049 ns
Total end-to-end search time: 48694657 ns
Total end-to-end search time: 49514361 ns
Total end-to-end search time: 46427984 ns
Total end-to-end search time: 46202541 ns
Query: 64, nThreads: 64, warmup: 16
====================================================================================================
(ns)
Load index... Graph level 5..
Total end-to-end search time: 46601082 ns
Total end-to-end search time: 39592062 ns
Total end-to-end search time: 46275900 ns
Total end-to-end search time: 48302803 ns
Total end-to-end search time: 49943095 ns
Total end-to-end search time: 49575618 ns
Total end-to-end search time: 49660977 ns
Total end-to-end search time: 42856567 ns
Total end-to-end search time: 45666875 ns
Total end-to-end search time: 39615997 ns
Total end-to-end search time: 37219474 ns
Total end-to-end search time: 44497525 ns
Total end-to-end search time: 41643855 ns
Total end-to-end search time: 48375686 ns
Total end-to-end search time: 49305482 ns
Total end-to-end search time: 46208969 ns
Total end-to-end search time: 45940866 ns
