Query: 8192, nThreads: 16, warmup: 1
====================================================================================================
(ns)
Load index... Graph level 5..
Total end-to-end search time: 747217499 ns
Total end-to-end search time: 162030460 ns
Query: 8192, nThreads: 16, warmup: 1
====================================================================================================
(ns)
Load index... Graph level 5..
Total end-to-end search time: 747862957 ns
Total end-to-end search time: 162641315 ns
Query: 8192, nThreads: 16, warmup: 1
====================================================================================================
(ns)
Load index... Graph level 5..
Total end-to-end search time: 745326404 ns
Total end-to-end search time: 162211178 ns
Query: 8192, nThreads: 16, warmup: 1
====================================================================================================
(ns)
Load index... Graph level 5..
Total end-to-end search time: 746655418 ns
Total end-to-end search time: 162163271 ns
Query: 8192, nThreads: 16, warmup: 1
====================================================================================================
(ns)
Load index... Graph level 5..
Total end-to-end search time: 747816361 ns
Total end-to-end search time: 161853545 ns
Query: 8192, nThreads: 16, warmup: 1
====================================================================================================
(ns)
Load index... Graph level 5..
Total end-to-end search time: 746128860 ns
Total end-to-end search time: 162387820 ns
Query: 8192, nThreads: 16, warmup: 1
====================================================================================================
(ns)
Load index... Graph level 5..
Total end-to-end search time: 747802295 ns
Total end-to-end search time: 161857688 ns
Query: 8192, nThreads: 16, warmup: 1
====================================================================================================
(ns)
Load index... Graph level 5..
Total end-to-end search time: 748785788 ns
Total end-to-end search time: 162277660 ns
Query: 8192, nThreads: 16, warmup: 1
====================================================================================================
(ns)
Load index... Graph level 5..
Total end-to-end search time: 747193072 ns
Total end-to-end search time: 162298240 ns
Query: 8192, nThreads: 16, warmup: 1
====================================================================================================
(ns)
Load index... Graph level 5..
Total end-to-end search time: 746365661 ns
Total end-to-end search time: 161958523 ns
Query: 8192, nThreads: 16, warmup: 1
====================================================================================================
(ns)
Load index... Graph level 5..
Total end-to-end search time: 747617914 ns
Total end-to-end search time: 162267490 ns
Query: 8192, nThreads: 16, warmup: 1
====================================================================================================
(ns)
Load index... Graph level 5..
Total end-to-end search time: 748621912 ns
Total end-to-end search time: 162474592 ns
Query: 8192, nThreads: 16, warmup: 1
====================================================================================================
(ns)
Load index... Graph level 5..
Total end-to-end search time: 747295697 ns
Total end-to-end search time: 162292090 ns
Query: 8192, nThreads: 16, warmup: 1
====================================================================================================
(ns)
Load index... Graph level 5..
Total end-to-end search time: 748243048 ns
Total end-to-end search time: 162520808 ns
Query: 8192, nThreads: 16, warmup: 1
====================================================================================================
(ns)
Load index... Graph level 5..
Total end-to-end search time: 746482151 ns
Total end-to-end search time: 162481017 ns
Query: 8192, nThreads: 16, warmup: 1
====================================================================================================
(ns)
Load index... Graph level 5..
Total end-to-end search time: 748169890 ns
Total end-to-end search time: 161997691 ns
Query: 8192, nThreads: 16, warmup: 1
====================================================================================================
(ns)
Load index... Graph level 5..
Total end-to-end search time: 748175097 ns
Total end-to-end search time: 162245854 ns
Query: 8192, nThreads: 16, warmup: 1
====================================================================================================
(ns)
Load index... Graph level 5..
Total end-to-end search time: 745577093 ns
Total end-to-end search time: 162269911 ns
Query: 8192, nThreads: 16, warmup: 1
====================================================================================================
(ns)
Load index... Graph level 5..
Total end-to-end search time: 748008621 ns
Total end-to-end search time: 162412173 ns
Query: 8192, nThreads: 16, warmup: 1
====================================================================================================
(ns)
Load index... Graph level 5..
Total end-to-end search time: 745940907 ns
Total end-to-end search time: 162199607 ns
Query: 8192, nThreads: 16, warmup: 1
====================================================================================================
(ns)
Load index... Graph level 5..
Total end-to-end search time: 746388376 ns
Total end-to-end search time: 162776244 ns
Query: 8192, nThreads: 16, warmup: 1
====================================================================================================
(ns)
Load index... Graph level 5..
Total end-to-end search time: 748093618 ns
Total end-to-end search time: 162127685 ns
Query: 8192, nThreads: 16, warmup: 1
====================================================================================================
(ns)
Load index... Graph level 5..
Total end-to-end search time: 747016395 ns
Total end-to-end search time: 162375530 ns
Query: 8192, nThreads: 16, warmup: 1
====================================================================================================
(ns)
Load index... Graph level 5..
Total end-to-end search time: 746632911 ns
Total end-to-end search time: 162604355 ns
Query: 8192, nThreads: 16, warmup: 1
====================================================================================================
(ns)
Load index... Graph level 5..
Total end-to-end search time: 746496242 ns
Total end-to-end search time: 162605941 ns
Query: 8192, nThreads: 16, warmup: 1
====================================================================================================
(ns)
Load index... Graph level 5..
Total end-to-end search time: 748133079 ns
Total end-to-end search time: 162439259 ns
Query: 8192, nThreads: 16, warmup: 1
====================================================================================================
(ns)
Load index... Graph level 5..
Total end-to-end search time: 747295829 ns
Total end-to-end search time: 162017115 ns
Query: 8192, nThreads: 16, warmup: 1
====================================================================================================
(ns)
Load index... Graph level 5..
Total end-to-end search time: 747605694 ns
Total end-to-end search time: 162445957 ns
Query: 8192, nThreads: 16, warmup: 1
====================================================================================================
(ns)
Load index... Graph level 5..
Total end-to-end search time: 747141137 ns
Total end-to-end search time: 162407158 ns
Query: 8192, nThreads: 16, warmup: 1
====================================================================================================
(ns)
Load index... Graph level 5..
Total end-to-end search time: 747896064 ns
Total end-to-end search time: 160829001 ns
