Query: 1024, nThreads: 32, warmup: 2
====================================================================================================
(ns)
Load index... Graph level 5..
Total end-to-end search time: 194424888 ns
Total end-to-end search time: 195321367 ns
Total end-to-end search time: 195481151 ns
Query: 1024, nThreads: 32, warmup: 2
====================================================================================================
(ns)
Load index... Graph level 5..
Total end-to-end search time: 196401603 ns
Total end-to-end search time: 194943362 ns
Total end-to-end search time: 195835041 ns
Query: 1024, nThreads: 32, warmup: 2
====================================================================================================
(ns)
Load index... Graph level 5..
Total end-to-end search time: 195949611 ns
Total end-to-end search time: 195060470 ns
Total end-to-end search time: 195854202 ns
Query: 1024, nThreads: 32, warmup: 2
====================================================================================================
(ns)
Load index... Graph level 5..
Total end-to-end search time: 195472152 ns
Total end-to-end search time: 194738834 ns
Total end-to-end search time: 195822293 ns
Query: 1024, nThreads: 32, warmup: 2
====================================================================================================
(ns)
Load index... Graph level 5..
Total end-to-end search time: 195771400 ns
Total end-to-end search time: 194419100 ns
Total end-to-end search time: 196174692 ns
Query: 1024, nThreads: 32, warmup: 2
====================================================================================================
(ns)
Load index... Graph level 5..
Total end-to-end search time: 195877841 ns
Total end-to-end search time: 195120685 ns
Total end-to-end search time: 195799984 ns
Query: 1024, nThreads: 32, warmup: 2
====================================================================================================
(ns)
Load index... Graph level 5..
Total end-to-end search time: 196426006 ns
Total end-to-end search time: 194122751 ns
Total end-to-end search time: 192954170 ns
Query: 1024, nThreads: 32, warmup: 2
====================================================================================================
(ns)
Load index... Graph level 5..
Total end-to-end search time: 196399628 ns
Total end-to-end search time: 195121950 ns
Total end-to-end search time: 196060280 ns
Query: 1024, nThreads: 32, warmup: 2
====================================================================================================
(ns)
Load index... Graph level 5..
Total end-to-end search time: 196115477 ns
Total end-to-end search time: 194927910 ns
Total end-to-end search time: 195999678 ns
Query: 1024, nThreads: 32, warmup: 2
====================================================================================================
(ns)
Load index... Graph level 5..
Total end-to-end search time: 195929780 ns
Total end-to-end search time: 195157283 ns
Total end-to-end search time: 196031808 ns
Query: 1024, nThreads: 32, warmup: 2
====================================================================================================
(ns)
Load index... Graph level 5..
Total end-to-end search time: 196571214 ns
Total end-to-end search time: 195010627 ns
Total end-to-end search time: 194851005 ns
Query: 1024, nThreads: 32, warmup: 2
====================================================================================================
(ns)
Load index... Graph level 5..
Total end-to-end search time: 195509950 ns
Total end-to-end search time: 195043365 ns
Total end-to-end search time: 195865386 ns
Query: 1024, nThreads: 32, warmup: 2
====================================================================================================
(ns)
Load index... Graph level 5..
Total end-to-end search time: 196195560 ns
Total end-to-end search time: 194605835 ns
Total end-to-end search time: 195962713 ns
Query: 1024, nThreads: 32, warmup: 2
====================================================================================================
(ns)
Load index... Graph level 5..
Total end-to-end search time: 195984744 ns
Total end-to-end search time: 195329055 ns
Total end-to-end search time: 196527172 ns
Query: 1024, nThreads: 32, warmup: 2
====================================================================================================
(ns)
Load index... Graph level 5..
Total end-to-end search time: 195405274 ns
Total end-to-end search time: 195068945 ns
Total end-to-end search time: 196067369 ns
Query: 1024, nThreads: 32, warmup: 2
====================================================================================================
(ns)
Load index... Graph level 5..
Total end-to-end search time: 196082324 ns
Total end-to-end search time: 194643916 ns
Total end-to-end search time: 195995306 ns
Query: 1024, nThreads: 32, warmup: 2
====================================================================================================
(ns)
Load index... Graph level 5..
Total end-to-end search time: 196022453 ns
Total end-to-end search time: 194773393 ns
Total end-to-end search time: 196020086 ns
Query: 1024, nThreads: 32, warmup: 2
====================================================================================================
(ns)
Load index... Graph level 5..
Total end-to-end search time: 196195425 ns
Total end-to-end search time: 194842567 ns
Total end-to-end search time: 195850492 ns
Query: 1024, nThreads: 32, warmup: 2
====================================================================================================
(ns)
Load index... Graph level 5..
Total end-to-end search time: 196522603 ns
Total end-to-end search time: 195152475 ns
Total end-to-end search time: 196318897 ns
Query: 1024, nThreads: 32, warmup: 2
====================================================================================================
(ns)
Load index... Graph level 5..
Total end-to-end search time: 197004785 ns
Total end-to-end search time: 194950963 ns
Total end-to-end search time: 196023396 ns
Query: 1024, nThreads: 32, warmup: 2
====================================================================================================
(ns)
Load index... Graph level 5..
Total end-to-end search time: 195927779 ns
Total end-to-end search time: 195313926 ns
Total end-to-end search time: 196203102 ns
Query: 1024, nThreads: 32, warmup: 2
====================================================================================================
(ns)
Load index... Graph level 5..
Total end-to-end search time: 196653466 ns
Total end-to-end search time: 195368111 ns
Total end-to-end search time: 196460905 ns
Query: 1024, nThreads: 32, warmup: 2
====================================================================================================
(ns)
Load index... Graph level 5..
Total end-to-end search time: 197199917 ns
Total end-to-end search time: 194819732 ns
Total end-to-end search time: 195917176 ns
Query: 1024, nThreads: 32, warmup: 2
====================================================================================================
(ns)
Load index... Graph level 5..
Total end-to-end search time: 196141592 ns
Total end-to-end search time: 195069558 ns
Total end-to-end search time: 195673339 ns
Query: 1024, nThreads: 32, warmup: 2
====================================================================================================
(ns)
Load index... Graph level 5..
Total end-to-end search time: 196764868 ns
Total end-to-end search time: 194908877 ns
Total end-to-end search time: 196169208 ns
Query: 1024, nThreads: 32, warmup: 2
====================================================================================================
(ns)
Load index... Graph level 5..
Total end-to-end search time: 195701407 ns
Total end-to-end search time: 194995738 ns
Total end-to-end search time: 196322274 ns
Query: 1024, nThreads: 32, warmup: 2
====================================================================================================
(ns)
Load index... Graph level 5..
Total end-to-end search time: 197384789 ns
Total end-to-end search time: 195137044 ns
Total end-to-end search time: 195982141 ns
Query: 1024, nThreads: 32, warmup: 2
====================================================================================================
(ns)
Load index... Graph level 5..
Total end-to-end search time: 196809106 ns
Total end-to-end search time: 194817627 ns
Total end-to-end search time: 196312738 ns
Query: 1024, nThreads: 32, warmup: 2
====================================================================================================
(ns)
Load index... Graph level 5..
Total end-to-end search time: 196489197 ns
Total end-to-end search time: 195192082 ns
Total end-to-end search time: 196403897 ns
Query: 1024, nThreads: 32, warmup: 2
====================================================================================================
(ns)
Load index... Graph level 5..
Total end-to-end search time: 196608025 ns
Total end-to-end search time: 195310821 ns
Total end-to-end search time: 195782754 ns
