Query: 1024, nThreads: 64, warmup: 2
====================================================================================================
(ns)
Load index... Graph level 5..
Total end-to-end search time: 200436291 ns
Total end-to-end search time: 196881392 ns
Total end-to-end search time: 197357278 ns
Query: 1024, nThreads: 64, warmup: 2
====================================================================================================
(ns)
Load index... Graph level 5..
Total end-to-end search time: 200462346 ns
Total end-to-end search time: 196336840 ns
Total end-to-end search time: 196471922 ns
Query: 1024, nThreads: 64, warmup: 2
====================================================================================================
(ns)
Load index... Graph level 5..
Total end-to-end search time: 198388529 ns
Total end-to-end search time: 198147401 ns
Total end-to-end search time: 196940045 ns
Query: 1024, nThreads: 64, warmup: 2
====================================================================================================
(ns)
Load index... Graph level 5..
Total end-to-end search time: 201225558 ns
Total end-to-end search time: 196338487 ns
Total end-to-end search time: 196963729 ns
Query: 1024, nThreads: 64, warmup: 2
====================================================================================================
(ns)
Load index... Graph level 5..
Total end-to-end search time: 198554305 ns
Total end-to-end search time: 197424999 ns
Total end-to-end search time: 196486232 ns
Query: 1024, nThreads: 64, warmup: 2
====================================================================================================
(ns)
Load index... Graph level 5..
Total end-to-end search time: 197290881 ns
Total end-to-end search time: 199258336 ns
Total end-to-end search time: 197335875 ns
Query: 1024, nThreads: 64, warmup: 2
====================================================================================================
(ns)
Load index... Graph level 5..
Total end-to-end search time: 201256358 ns
Total end-to-end search time: 196823706 ns
Total end-to-end search time: 197156612 ns
Query: 1024, nThreads: 64, warmup: 2
====================================================================================================
(ns)
Load index... Graph level 5..
Total end-to-end search time: 197535228 ns
Total end-to-end search time: 199562538 ns
Total end-to-end search time: 197279847 ns
Query: 1024, nThreads: 64, warmup: 2
====================================================================================================
(ns)
Load index... Graph level 5..
Total end-to-end search time: 201124403 ns
Total end-to-end search time: 196247057 ns
Total end-to-end search time: 197384252 ns
Query: 1024, nThreads: 64, warmup: 2
====================================================================================================
(ns)
Load index... Graph level 5..
Total end-to-end search time: 200503218 ns
Total end-to-end search time: 195558556 ns
Total end-to-end search time: 197033465 ns
Query: 1024, nThreads: 64, warmup: 2
====================================================================================================
(ns)
Load index... Graph level 5..
Total end-to-end search time: 201653319 ns
Total end-to-end search time: 195767265 ns
Total end-to-end search time: 196469760 ns
Query: 1024, nThreads: 64, warmup: 2
====================================================================================================
(ns)
Load index... Graph level 5..
Total end-to-end search time: 197353181 ns
Total end-to-end search time: 197537018 ns
Total end-to-end search time: 196262347 ns
Query: 1024, nThreads: 64, warmup: 2
====================================================================================================
(ns)
Load index... Graph level 5..
Total end-to-end search time: 200488181 ns
Total end-to-end search time: 196179146 ns
Total end-to-end search time: 197095365 ns
Query: 1024, nThreads: 64, warmup: 2
====================================================================================================
(ns)
Load index... Graph level 5..
Total end-to-end search time: 197472639 ns
Total end-to-end search time: 198658473 ns
Total end-to-end search time: 196861528 ns
Query: 1024, nThreads: 64, warmup: 2
====================================================================================================
(ns)
Load index... Graph level 5..
Total end-to-end search time: 198104461 ns
Total end-to-end search time: 198175182 ns
Total end-to-end search time: 196753658 ns
Query: 1024, nThreads: 64, warmup: 2
====================================================================================================
(ns)
Load index... Graph level 5..
Total end-to-end search time: 196713552 ns
Total end-to-end search time: 199251427 ns
Total end-to-end search time: 197478920 ns
Query: 1024, nThreads: 64, warmup: 2
====================================================================================================
(ns)
Load index... Graph level 5..
Total end-to-end search time: 201315839 ns
Total end-to-end search time: 196090175 ns
Total end-to-end search time: 197182359 ns
Query: 1024, nThreads: 64, warmup: 2
====================================================================================================
(ns)
Load index... Graph level 5..
Total end-to-end search time: 201225213 ns
Total end-to-end search time: 196782542 ns
Total end-to-end search time: 197353790 ns
Query: 1024, nThreads: 64, warmup: 2
====================================================================================================
(ns)
Load index... Graph level 5..
Total end-to-end search time: 201077715 ns
Total end-to-end search time: 195354414 ns
Total end-to-end search time: 197231289 ns
Query: 1024, nThreads: 64, warmup: 2
====================================================================================================
(ns)
Load index... Graph level 5..
Total end-to-end search time: 200503326 ns
Total end-to-end search time: 196558091 ns
Total end-to-end search time: 197669630 ns
Query: 1024, nThreads: 64, warmup: 2
====================================================================================================
(ns)
Load index... Graph level 5..
Total end-to-end search time: 196300609 ns
Total end-to-end search time: 198989066 ns
Total end-to-end search time: 196697930 ns
Query: 1024, nThreads: 64, warmup: 2
====================================================================================================
(ns)
Load index... Graph level 5..
Total end-to-end search time: 200182350 ns
Total end-to-end search time: 195987612 ns
Total end-to-end search time: 197167148 ns
Query: 1024, nThreads: 64, warmup: 2
====================================================================================================
(ns)
Load index... Graph level 5..
Total end-to-end search time: 200691625 ns
Total end-to-end search time: 197179948 ns
Total end-to-end search time: 197451150 ns
Query: 1024, nThreads: 64, warmup: 2
====================================================================================================
(ns)
Load index... Graph level 5..
Total end-to-end search time: 200496978 ns
Total end-to-end search time: 196215373 ns
Total end-to-end search time: 197059033 ns
Query: 1024, nThreads: 64, warmup: 2
====================================================================================================
(ns)
Load index... Graph level 5..
Total end-to-end search time: 199788866 ns
Total end-to-end search time: 196292505 ns
Total end-to-end search time: 197384674 ns
Query: 1024, nThreads: 64, warmup: 2
====================================================================================================
(ns)
Load index... Graph level 5..
Total end-to-end search time: 200596268 ns
Total end-to-end search time: 196619159 ns
Total end-to-end search time: 196940120 ns
Query: 1024, nThreads: 64, warmup: 2
====================================================================================================
(ns)
Load index... Graph level 5..
Total end-to-end search time: 198170664 ns
Total end-to-end search time: 197834707 ns
Total end-to-end search time: 197097737 ns
Query: 1024, nThreads: 64, warmup: 2
====================================================================================================
(ns)
Load index... Graph level 5..
Total end-to-end search time: 198605066 ns
Total end-to-end search time: 198164625 ns
Total end-to-end search time: 196857000 ns
Query: 1024, nThreads: 64, warmup: 2
====================================================================================================
(ns)
Load index... Graph level 5..
Total end-to-end search time: 200531766 ns
Total end-to-end search time: 195681956 ns
Total end-to-end search time: 199329458 ns
Query: 1024, nThreads: 64, warmup: 2
====================================================================================================
(ns)
Load index... Graph level 5..
Total end-to-end search time: 199665474 ns
Total end-to-end search time: 197420023 ns
Total end-to-end search time: 197212409 ns
