Query: 128, nThreads: 32, warmup: 8
====================================================================================================
(ns)
Load index... Graph level 5..
Total end-to-end search time: 86111036 ns
Total end-to-end search time: 94961647 ns
Total end-to-end search time: 100732301 ns
Total end-to-end search time: 93669011 ns
Total end-to-end search time: 84947436 ns
Total end-to-end search time: 81449947 ns
Total end-to-end search time: 89956385 ns
Total end-to-end search time: 95168252 ns
Total end-to-end search time: 91736716 ns
Query: 128, nThreads: 32, warmup: 8
====================================================================================================
(ns)
Load index... Graph level 5..
Total end-to-end search time: 86197131 ns
Total end-to-end search time: 94635170 ns
Total end-to-end search time: 100175044 ns
Total end-to-end search time: 92970007 ns
Total end-to-end search time: 84741959 ns
Total end-to-end search time: 81183946 ns
Total end-to-end search time: 89775020 ns
Total end-to-end search time: 95225540 ns
Total end-to-end search time: 91997410 ns
Query: 128, nThreads: 32, warmup: 8
====================================================================================================
(ns)
Load index... Graph level 5..
Total end-to-end search time: 86400895 ns
Total end-to-end search time: 95219649 ns
Total end-to-end search time: 100372426 ns
Total end-to-end search time: 93888315 ns
Total end-to-end search time: 85199409 ns
Total end-to-end search time: 81838813 ns
Total end-to-end search time: 90268356 ns
Total end-to-end search time: 95646373 ns
Total end-to-end search time: 92056193 ns
Query: 128, nThreads: 32, warmup: 8
====================================================================================================
(ns)
Load index... Graph level 5..
Total end-to-end search time: 86857767 ns
Total end-to-end search time: 95391855 ns
Total end-to-end search time: 100801315 ns
Total end-to-end search time: 93786350 ns
Total end-to-end search time: 85371077 ns
Total end-to-end search time: 81773312 ns
Total end-to-end search time: 90601216 ns
Total end-to-end search time: 95970708 ns
Total end-to-end search time: 92559645 ns
Query: 128, nThreads: 32, warmup: 8
====================================================================================================
(ns)
Load index... Graph level 5..
Total end-to-end search time: 85782442 ns
Total end-to-end search time: 94602062 ns
Total end-to-end search time: 100112111 ns
Total end-to-end search time: 93284391 ns
Total end-to-end search time: 84361707 ns
Total end-to-end search time: 81230615 ns
Total end-to-end search time: 89512228 ns
Total end-to-end search time: 95307943 ns
Total end-to-end search time: 91648719 ns
Query: 128, nThreads: 32, warmup: 8
====================================================================================================
(ns)
Load index... Graph level 5..
Total end-to-end search time: 85942497 ns
Total end-to-end search time: 94259090 ns
Total end-to-end search time: 100047916 ns
Total end-to-end search time: 92768416 ns
Total end-to-end search time: 84159806 ns
Total end-to-end search time: 80928745 ns
Total end-to-end search time: 89610960 ns
Total end-to-end search time: 94826725 ns
Total end-to-end search time: 91527051 ns
Query: 128, nThreads: 32, warmup: 8
====================================================================================================
(ns)
Load index... Graph level 5..
Total end-to-end search time: 86720767 ns
Total end-to-end search time: 95135240 ns
Total end-to-end search time: 100580491 ns
Total end-to-end search time: 93725930 ns
Total end-to-end search time: 85174773 ns
Total end-to-end search time: 81200990 ns
Total end-to-end search time: 89822261 ns
Total end-to-end search time: 95235497 ns
Total end-to-end search time: 91976193 ns
Query: 128, nThreads: 32, warmup: 8
====================================================================================================
(ns)
Load index... Graph level 5..
Total end-to-end search time: 86652057 ns
Total end-to-end search time: 95312397 ns
Total end-to-end search time: 100271840 ns
Total end-to-end search time: 93443218 ns
Total end-to-end search time: 85105725 ns
Total end-to-end search time: 81824974 ns
Total end-to-end search time: 90231369 ns
Total end-to-end search time: 95348674 ns
Total end-to-end search time: 91934211 ns
Query: 128, nThreads: 32, warmup: 8
====================================================================================================
(ns)
Load index... Graph level 5..
Total end-to-end search time: 85968243 ns
Total end-to-end search time: 94666375 ns
Total end-to-end search time: 100206876 ns
Total end-to-end search time: 93187674 ns
Total end-to-end search time: 84888148 ns
Total end-to-end search time: 81502694 ns
Total end-to-end search time: 89886166 ns
Total end-to-end search time: 95378229 ns
Total end-to-end search time: 91878934 ns
Query: 128, nThreads: 32, warmup: 8
====================================================================================================
(ns)
Load index... Graph level 5..
Total end-to-end search time: 86180697 ns
Total end-to-end search time: 94663920 ns
Total end-to-end search time: 100268248 ns
Total end-to-end search time: 93027636 ns
Total end-to-end search time: 84435830 ns
Total end-to-end search time: 81109838 ns
Total end-to-end search time: 89734116 ns
Total end-to-end search time: 94891018 ns
Total end-to-end search time: 91647748 ns
Query: 128, nThreads: 32, warmup: 8
====================================================================================================
(ns)
Load index... Graph level 5..
Total end-to-end search time: 86058355 ns
Total end-to-end search time: 94777298 ns
Total end-to-end search time: 100198357 ns
Total end-to-end search time: 93241216 ns
Total end-to-end search time: 85050489 ns
Total end-to-end search time: 81373955 ns
Total end-to-end search time: 89759367 ns
Total end-to-end search time: 95480200 ns
Total end-to-end search time: 91655645 ns
Query: 128, nThreads: 32, warmup: 8
====================================================================================================
(ns)
Load index... Graph level 5..
Total end-to-end search time: 86708022 ns
Total end-to-end search time: 95265991 ns
Total end-to-end search time: 100638326 ns
Total end-to-end search time: 93782418 ns
Total end-to-end search time: 84771234 ns
Total end-to-end search time: 81285000 ns
Total end-to-end search time: 89967674 ns
Total end-to-end search time: 95603020 ns
Total end-to-end search time: 91853024 ns
Query: 128, nThreads: 32, warmup: 8
====================================================================================================
(ns)
Load index... Graph level 5..
Total end-to-end search time: 86299644 ns
Total end-to-end search time: 94432368 ns
Total end-to-end search time: 100092926 ns
Total end-to-end search time: 93204642 ns
Total end-to-end search time: 84550136 ns
Total end-to-end search time: 81298061 ns
Total end-to-end search time: 89775578 ns
Total end-to-end search time: 95171022 ns
Total end-to-end search time: 91844369 ns
Query: 128, nThreads: 32, warmup: 8
====================================================================================================
(ns)
Load index... Graph level 5..
Total end-to-end search time: 86116848 ns
Total end-to-end search time: 94472320 ns
Total end-to-end search time: 99718856 ns
Total end-to-end search time: 92999049 ns
Total end-to-end search time: 84555889 ns
Total end-to-end search time: 81267903 ns
Total end-to-end search time: 89331203 ns
Total end-to-end search time: 95030010 ns
Total end-to-end search time: 91620739 ns
Query: 128, nThreads: 32, warmup: 8
====================================================================================================
(ns)
Load index... Graph level 5..
Total end-to-end search time: 86284233 ns
Total end-to-end search time: 95212039 ns
Total end-to-end search time: 100686184 ns
Total end-to-end search time: 93491113 ns
Total end-to-end search time: 84808629 ns
Total end-to-end search time: 81146179 ns
Total end-to-end search time: 89739536 ns
Total end-to-end search time: 95037411 ns
Total end-to-end search time: 92162857 ns
Query: 128, nThreads: 32, warmup: 8
====================================================================================================
(ns)
Load index... Graph level 5..
Total end-to-end search time: 86661785 ns
Total end-to-end search time: 94722634 ns
Total end-to-end search time: 100104556 ns
Total end-to-end search time: 93731921 ns
Total end-to-end search time: 85365180 ns
Total end-to-end search time: 81458040 ns
Total end-to-end search time: 90012810 ns
Total end-to-end search time: 95131604 ns
Total end-to-end search time: 91730359 ns
Query: 128, nThreads: 32, warmup: 8
====================================================================================================
(ns)
Load index... Graph level 5..
Total end-to-end search time: 86250814 ns
Total end-to-end search time: 94845911 ns
Total end-to-end search time: 100000403 ns
Total end-to-end search time: 93495879 ns
Total end-to-end search time: 84707605 ns
Total end-to-end search time: 81537139 ns
Total end-to-end search time: 89901677 ns
Total end-to-end search time: 95290595 ns
Total end-to-end search time: 91887345 ns
Query: 128, nThreads: 32, warmup: 8
====================================================================================================
(ns)
Load index... Graph level 5..
Total end-to-end search time: 85857138 ns
Total end-to-end search time: 94662640 ns
Total end-to-end search time: 99934501 ns
Total end-to-end search time: 93056450 ns
Total end-to-end search time: 84674092 ns
Total end-to-end search time: 81260714 ns
Total end-to-end search time: 89909035 ns
Total end-to-end search time: 94945253 ns
Total end-to-end search time: 91800251 ns
Query: 128, nThreads: 32, warmup: 8
====================================================================================================
(ns)
Load index... Graph level 5..
Total end-to-end search time: 86405532 ns
Total end-to-end search time: 95004473 ns
Total end-to-end search time: 100783756 ns
Total end-to-end search time: 94144385 ns
Total end-to-end search time: 85005319 ns
Total end-to-end search time: 81358843 ns
Total end-to-end search time: 90187688 ns
Total end-to-end search time: 95353200 ns
Total end-to-end search time: 92028940 ns
Query: 128, nThreads: 32, warmup: 8
====================================================================================================
(ns)
Load index... Graph level 5..
Total end-to-end search time: 86729765 ns
Total end-to-end search time: 95597655 ns
Total end-to-end search time: 100993700 ns
Total end-to-end search time: 93945099 ns
Total end-to-end search time: 85270923 ns
Total end-to-end search time: 81600597 ns
Total end-to-end search time: 90332313 ns
Total end-to-end search time: 96002844 ns
Total end-to-end search time: 92377901 ns
Query: 128, nThreads: 32, warmup: 8
====================================================================================================
(ns)
Load index... Graph level 5..
Total end-to-end search time: 86052811 ns
Total end-to-end search time: 94821869 ns
Total end-to-end search time: 99987113 ns
Total end-to-end search time: 93346934 ns
Total end-to-end search time: 84485320 ns
Total end-to-end search time: 81030240 ns
Total end-to-end search time: 89410477 ns
Total end-to-end search time: 94747948 ns
Total end-to-end search time: 91342092 ns
Query: 128, nThreads: 32, warmup: 8
====================================================================================================
(ns)
Load index... Graph level 5..
Total end-to-end search time: 86036473 ns
Total end-to-end search time: 94643373 ns
Total end-to-end search time: 99591666 ns
Total end-to-end search time: 92871576 ns
Total end-to-end search time: 84717627 ns
Total end-to-end search time: 80757463 ns
Total end-to-end search time: 89227371 ns
Total end-to-end search time: 95617939 ns
Total end-to-end search time: 92613923 ns
Query: 128, nThreads: 32, warmup: 8
====================================================================================================
(ns)
Load index... Graph level 5..
Total end-to-end search time: 86590250 ns
Total end-to-end search time: 95235362 ns
Total end-to-end search time: 101203814 ns
Total end-to-end search time: 93835071 ns
Total end-to-end search time: 85397518 ns
Total end-to-end search time: 81447421 ns
Total end-to-end search time: 90078987 ns
Total end-to-end search time: 95574171 ns
Total end-to-end search time: 92096478 ns
Query: 128, nThreads: 32, warmup: 8
====================================================================================================
(ns)
Load index... Graph level 5..
Total end-to-end search time: 86756516 ns
Total end-to-end search time: 95360232 ns
Total end-to-end search time: 100844903 ns
Total end-to-end search time: 93782744 ns
Total end-to-end search time: 85419832 ns
Total end-to-end search time: 82043485 ns
Total end-to-end search time: 90299395 ns
Total end-to-end search time: 95664907 ns
Total end-to-end search time: 92072667 ns
Query: 128, nThreads: 32, warmup: 8
====================================================================================================
(ns)
Load index... Graph level 5..
Total end-to-end search time: 86784764 ns
Total end-to-end search time: 95199227 ns
Total end-to-end search time: 100252518 ns
Total end-to-end search time: 93282492 ns
Total end-to-end search time: 84684992 ns
Total end-to-end search time: 81480672 ns
Total end-to-end search time: 90007880 ns
Total end-to-end search time: 95338356 ns
Total end-to-end search time: 91718126 ns
Query: 128, nThreads: 32, warmup: 8
====================================================================================================
(ns)
Load index... Graph level 5..
Total end-to-end search time: 85831834 ns
Total end-to-end search time: 94562353 ns
Total end-to-end search time: 100034011 ns
Total end-to-end search time: 92919584 ns
Total end-to-end search time: 84393312 ns
Total end-to-end search time: 81324451 ns
Total end-to-end search time: 89777021 ns
Total end-to-end search time: 95330314 ns
Total end-to-end search time: 91834662 ns
Query: 128, nThreads: 32, warmup: 8
====================================================================================================
(ns)
Load index... Graph level 5..
Total end-to-end search time: 86513439 ns
Total end-to-end search time: 95123362 ns
Total end-to-end search time: 100735608 ns
Total end-to-end search time: 93452986 ns
Total end-to-end search time: 85146334 ns
Total end-to-end search time: 81457921 ns
Total end-to-end search time: 89821771 ns
Total end-to-end search time: 95832053 ns
Total end-to-end search time: 92262993 ns
Query: 128, nThreads: 32, warmup: 8
====================================================================================================
(ns)
Load index... Graph level 5..
Total end-to-end search time: 87180723 ns
Total end-to-end search time: 95410810 ns
Total end-to-end search time: 100974593 ns
Total end-to-end search time: 93899626 ns
Total end-to-end search time: 85350433 ns
Total end-to-end search time: 81678425 ns
Total end-to-end search time: 90431388 ns
Total end-to-end search time: 96006737 ns
Total end-to-end search time: 92295163 ns
Query: 128, nThreads: 32, warmup: 8
====================================================================================================
(ns)
Load index... Graph level 5..
Total end-to-end search time: 87142855 ns
Total end-to-end search time: 95709976 ns
Total end-to-end search time: 100870713 ns
Total end-to-end search time: 94016450 ns
Total end-to-end search time: 85340920 ns
Total end-to-end search time: 81749025 ns
Total end-to-end search time: 90845497 ns
Total end-to-end search time: 96025631 ns
Total end-to-end search time: 92752491 ns
Query: 128, nThreads: 32, warmup: 8
====================================================================================================
(ns)
Load index... Graph level 5..
Total end-to-end search time: 86899172 ns
Total end-to-end search time: 95814320 ns
Total end-to-end search time: 100899978 ns
Total end-to-end search time: 94458594 ns
Total end-to-end search time: 85258083 ns
Total end-to-end search time: 81897754 ns
Total end-to-end search time: 90666825 ns
Total end-to-end search time: 96244509 ns
Total end-to-end search time: 92819469 ns
