Query: 128, nThreads: 8, warmup: 8
====================================================================================================
(ns)
Load index... Graph level 5..
Total end-to-end search time: 24163006 ns
Total end-to-end search time: 25165975 ns
Total end-to-end search time: 26488795 ns
Total end-to-end search time: 24636019 ns
Total end-to-end search time: 22574784 ns
Total end-to-end search time: 21508162 ns
Total end-to-end search time: 23738585 ns
Total end-to-end search time: 25174688 ns
Total end-to-end search time: 24056399 ns
Query: 128, nThreads: 8, warmup: 8
====================================================================================================
(ns)
Load index... Graph level 5..
Total end-to-end search time: 23879513 ns
Total end-to-end search time: 24968658 ns
Total end-to-end search time: 26677064 ns
Total end-to-end search time: 24645514 ns
Total end-to-end search time: 22438951 ns
Total end-to-end search time: 21320951 ns
Total end-to-end search time: 23812490 ns
Total end-to-end search time: 25037526 ns
Total end-to-end search time: 24083214 ns
Query: 128, nThreads: 8, warmup: 8
====================================================================================================
(ns)
Load index... Graph level 5..
Total end-to-end search time: 23664226 ns
Total end-to-end search time: 25362718 ns
Total end-to-end search time: 26796546 ns
Total end-to-end search time: 25057345 ns
Total end-to-end search time: 22377558 ns
Total end-to-end search time: 21679706 ns
Total end-to-end search time: 23779861 ns
Total end-to-end search time: 25180248 ns
Total end-to-end search time: 24482617 ns
Query: 128, nThreads: 8, warmup: 8
====================================================================================================
(ns)
Load index... Graph level 5..
Total end-to-end search time: 23965198 ns
Total end-to-end search time: 24998415 ns
Total end-to-end search time: 26527928 ns
Total end-to-end search time: 25060041 ns
Total end-to-end search time: 22414274 ns
Total end-to-end search time: 21412427 ns
Total end-to-end search time: 24064147 ns
Total end-to-end search time: 25080654 ns
Total end-to-end search time: 24039825 ns
Query: 128, nThreads: 8, warmup: 8
====================================================================================================
(ns)
Load index... Graph level 5..
Total end-to-end search time: 24038883 ns
Total end-to-end search time: 24967380 ns
Total end-to-end search time: 26382702 ns
Total end-to-end search time: 24644698 ns
Total end-to-end search time: 22407965 ns
Total end-to-end search time: 21416330 ns
Total end-to-end search time: 23737431 ns
Total end-to-end search time: 25065624 ns
Total end-to-end search time: 24212544 ns
Query: 128, nThreads: 8, warmup: 8
====================================================================================================
(ns)
Load index... Graph level 5..
Total end-to-end search time: 23732790 ns
Total end-to-end search time: 25266780 ns
Total end-to-end search time: 26445732 ns
Total end-to-end search time: 24629275 ns
Total end-to-end search time: 22391909 ns
Total end-to-end search time: 21430658 ns
Total end-to-end search time: 23996289 ns
Total end-to-end search time: 25761463 ns
Total end-to-end search time: 24382228 ns
Query: 128, nThreads: 8, warmup: 8
====================================================================================================
(ns)
Load index... Graph level 5..
Total end-to-end search time: 23702482 ns
Total end-to-end search time: 25022514 ns
Total end-to-end search time: 26553040 ns
Total end-to-end search time: 24737358 ns
Total end-to-end search time: 22620228 ns
Total end-to-end search time: 21643202 ns
Total end-to-end search time: 23720639 ns
Total end-to-end search time: 25560655 ns
Total end-to-end search time: 24241237 ns
Query: 128, nThreads: 8, warmup: 8
====================================================================================================
(ns)
Load index... Graph level 5..
Total end-to-end search time: 23924311 ns
Total end-to-end search time: 25115481 ns
Total end-to-end search time: 26728567 ns
Total end-to-end search time: 24763527 ns
Total end-to-end search time: 22476477 ns
Total end-to-end search time: 21569714 ns
Total end-to-end search time: 23807238 ns
Total end-to-end search time: 25244150 ns
Total end-to-end search time: 24983693 ns
Query: 128, nThreads: 8, warmup: 8
====================================================================================================
(ns)
Load index... Graph level 5..
Total end-to-end search time: 24099431 ns
Total end-to-end search time: 24897535 ns
Total end-to-end search time: 26586776 ns
Total end-to-end search time: 24954758 ns
Total end-to-end search time: 22573241 ns
Total end-to-end search time: 21415055 ns
Total end-to-end search time: 23819418 ns
Total end-to-end search time: 25232980 ns
Total end-to-end search time: 24140583 ns
Query: 128, nThreads: 8, warmup: 8
====================================================================================================
(ns)
Load index... Graph level 5..
Total end-to-end search time: 24177945 ns
Total end-to-end search time: 25319690 ns
Total end-to-end search time: 26516621 ns
Total end-to-end search time: 24914727 ns
Total end-to-end search time: 22820054 ns
Total end-to-end search time: 21783510 ns
Total end-to-end search time: 23556640 ns
Total end-to-end search time: 25106747 ns
Total end-to-end search time: 24379011 ns
Query: 128, nThreads: 8, warmup: 8
====================================================================================================
(ns)
Load index... Graph level 5..
Total end-to-end search time: 23990249 ns
Total end-to-end search time: 25436272 ns
Total end-to-end search time: 26500720 ns
Total end-to-end search time: 24536457 ns
Total end-to-end search time: 22313122 ns
Total end-to-end search time: 21418096 ns
Total end-to-end search time: 24017672 ns
Total end-to-end search time: 25042988 ns
Total end-to-end search time: 24163267 ns
Query: 128, nThreads: 8, warmup: 8
====================================================================================================
(ns)
Load index... Graph level 5..
Total end-to-end search time: 23990306 ns
Total end-to-end search time: 25704925 ns
Total end-to-end search time: 26372350 ns
Total end-to-end search time: 24692618 ns
Total end-to-end search time: 22266944 ns
Total end-to-end search time: 22059978 ns
Total end-to-end search time: 23905100 ns
Total end-to-end search time: 25098710 ns
Total end-to-end search time: 24343875 ns
Query: 128, nThreads: 8, warmup: 8
====================================================================================================
(ns)
Load index... Graph level 5..
Total end-to-end search time: 23973744 ns
Total end-to-end search time: 25307469 ns
Total end-to-end search time: 26462559 ns
Total end-to-end search time: 24544085 ns
Total end-to-end search time: 22400932 ns
Total end-to-end search time: 21450674 ns
Total end-to-end search time: 23701803 ns
Total end-to-end search time: 25124419 ns
Total end-to-end search time: 24380999 ns
Query: 128, nThreads: 8, warmup: 8
====================================================================================================
(ns)
Load index... Graph level 5..
Total end-to-end search time: 23990718 ns
Total end-to-end search time: 25116819 ns
Total end-to-end search time: 26607182 ns
Total end-to-end search time: 25019114 ns
Total end-to-end search time: 22659418 ns
Total end-to-end search time: 21797381 ns
Total end-to-end search time: 23630492 ns
Total end-to-end search time: 25285564 ns
Total end-to-end search time: 24359506 ns
Query: 128, nThreads: 8, warmup: 8
====================================================================================================
(ns)
Load index... Graph level 5..
Total end-to-end search time: 24173304 ns
Total end-to-end search time: 24981301 ns
Total end-to-end search time: 26702731 ns
Total end-to-end search time: 24870345 ns
Total end-to-end search time: 22637312 ns
Total end-to-end search time: 21428757 ns
Total end-to-end search time: 23830732 ns
Total end-to-end search time: 25818464 ns
Total end-to-end search time: 24898460 ns
Query: 128, nThreads: 8, warmup: 8
====================================================================================================
(ns)
Load index... Graph level 5..
Total end-to-end search time: 24193336 ns
Total end-to-end search time: 25145137 ns
Total end-to-end search time: 26472362 ns
Total end-to-end search time: 24736263 ns
Total end-to-end search time: 22247062 ns
Total end-to-end search time: 21692727 ns
Total end-to-end search time: 23819163 ns
Total end-to-end search time: 25196572 ns
Total end-to-end search time: 24408159 ns
Query: 128, nThreads: 8, warmup: 8
====================================================================================================
(ns)
Load index... Graph level 5..
Total end-to-end search time: 24061706 ns
Total end-to-end search time: 24987828 ns
Total end-to-end search time: 26772374 ns
Total end-to-end search time: 24775716 ns
Total end-to-end search time: 22523267 ns
Total end-to-end search time: 21412637 ns
Total end-to-end search time: 23671710 ns
Total end-to-end search time: 24987820 ns
Total end-to-end search time: 24312338 ns
Query: 128, nThreads: 8, warmup: 8
====================================================================================================
(ns)
Load index... Graph level 5..
Total end-to-end search time: 24235847 ns
Total end-to-end search time: 25128154 ns
Total end-to-end search time: 26478601 ns
Total end-to-end search time: 24797972 ns
Total end-to-end search time: 22364412 ns
Total end-to-end search time: 21577155 ns
Total end-to-end search time: 23733651 ns
Total end-to-end search time: 25816062 ns
Total end-to-end search time: 24628345 ns
Query: 128, nThreads: 8, warmup: 8
====================================================================================================
(ns)
Load index... Graph level 5..
Total end-to-end search time: 24059209 ns
Total end-to-end search time: 25184168 ns
Total end-to-end search time: 26705017 ns
Total end-to-end search time: 24558606 ns
Total end-to-end search time: 22860380 ns
Total end-to-end search time: 21557940 ns
Total end-to-end search time: 23815814 ns
Total end-to-end search time: 24992794 ns
Total end-to-end search time: 25179893 ns
Query: 128, nThreads: 8, warmup: 8
====================================================================================================
(ns)
Load index... Graph level 5..
Total end-to-end search time: 23968298 ns
Total end-to-end search time: 25257224 ns
Total end-to-end search time: 26344044 ns
Total end-to-end search time: 24685170 ns
Total end-to-end search time: 22485595 ns
Total end-to-end search time: 21414273 ns
Total end-to-end search time: 23858523 ns
Total end-to-end search time: 25035178 ns
Total end-to-end search time: 24329989 ns
Query: 128, nThreads: 8, warmup: 8
====================================================================================================
(ns)
Load index... Graph level 5..
Total end-to-end search time: 23964272 ns
Total end-to-end search time: 25042921 ns
Total end-to-end search time: 26449338 ns
Total end-to-end search time: 24907589 ns
Total end-to-end search time: 22245553 ns
Total end-to-end search time: 21500366 ns
Total end-to-end search time: 23850152 ns
Total end-to-end search time: 25229636 ns
Total end-to-end search time: 24144228 ns
Query: 128, nThreads: 8, warmup: 8
====================================================================================================
(ns)
Load index... Graph level 5..
Total end-to-end search time: 23971538 ns
Total end-to-end search time: 25324346 ns
Total end-to-end search time: 26457752 ns
Total end-to-end search time: 24943491 ns
Total end-to-end search time: 22335421 ns
Total end-to-end search time: 21608013 ns
Total end-to-end search time: 23624307 ns
Total end-to-end search time: 25267654 ns
Total end-to-end search time: 24243024 ns
Query: 128, nThreads: 8, warmup: 8
====================================================================================================
(ns)
Load index... Graph level 5..
Total end-to-end search time: 23925793 ns
Total end-to-end search time: 25428504 ns
Total end-to-end search time: 26608259 ns
Total end-to-end search time: 24857685 ns
Total end-to-end search time: 22702707 ns
Total end-to-end search time: 21629768 ns
Total end-to-end search time: 23734465 ns
Total end-to-end search time: 25325733 ns
Total end-to-end search time: 24132544 ns
Query: 128, nThreads: 8, warmup: 8
====================================================================================================
(ns)
Load index... Graph level 5..
Total end-to-end search time: 24102230 ns
Total end-to-end search time: 25172568 ns
Total end-to-end search time: 26468014 ns
Total end-to-end search time: 24815454 ns
Total end-to-end search time: 22443176 ns
Total end-to-end search time: 21597322 ns
Total end-to-end search time: 23873023 ns
Total end-to-end search time: 25153844 ns
Total end-to-end search time: 24243542 ns
Query: 128, nThreads: 8, warmup: 8
====================================================================================================
(ns)
Load index... Graph level 5..
Total end-to-end search time: 23918531 ns
Total end-to-end search time: 25252115 ns
Total end-to-end search time: 26621310 ns
Total end-to-end search time: 24637095 ns
Total end-to-end search time: 22472326 ns
Total end-to-end search time: 21492986 ns
Total end-to-end search time: 23946894 ns
Total end-to-end search time: 25198668 ns
Total end-to-end search time: 24271448 ns
Query: 128, nThreads: 8, warmup: 8
====================================================================================================
(ns)
Load index... Graph level 5..
Total end-to-end search time: 23847481 ns
Total end-to-end search time: 25201502 ns
Total end-to-end search time: 26559062 ns
Total end-to-end search time: 24551872 ns
Total end-to-end search time: 22357264 ns
Total end-to-end search time: 21854150 ns
Total end-to-end search time: 23921195 ns
Total end-to-end search time: 25341629 ns
Total end-to-end search time: 24303663 ns
Query: 128, nThreads: 8, warmup: 8
====================================================================================================
(ns)
Load index... Graph level 5..
Total end-to-end search time: 23640108 ns
Total end-to-end search time: 25429051 ns
Total end-to-end search time: 26609569 ns
Total end-to-end search time: 24786831 ns
Total end-to-end search time: 22505143 ns
Total end-to-end search time: 21653843 ns
Total end-to-end search time: 23833739 ns
Total end-to-end search time: 25191886 ns
Total end-to-end search time: 24076523 ns
Query: 128, nThreads: 8, warmup: 8
====================================================================================================
(ns)
Load index... Graph level 5..
Total end-to-end search time: 23643625 ns
Total end-to-end search time: 25250946 ns
Total end-to-end search time: 26678647 ns
Total end-to-end search time: 24838840 ns
Total end-to-end search time: 22547733 ns
Total end-to-end search time: 21835901 ns
Total end-to-end search time: 23905809 ns
Total end-to-end search time: 25170333 ns
Total end-to-end search time: 24364766 ns
Query: 128, nThreads: 8, warmup: 8
====================================================================================================
(ns)
Load index... Graph level 5..
Total end-to-end search time: 24260012 ns
Total end-to-end search time: 25151368 ns
Total end-to-end search time: 26599961 ns
Total end-to-end search time: 24772103 ns
Total end-to-end search time: 22255520 ns
Total end-to-end search time: 21627286 ns
Total end-to-end search time: 23969372 ns
Total end-to-end search time: 25905385 ns
Total end-to-end search time: 23984836 ns
Query: 128, nThreads: 8, warmup: 8
====================================================================================================
(ns)
Load index... Graph level 5..
Total end-to-end search time: 23953573 ns
Total end-to-end search time: 25066909 ns
Total end-to-end search time: 26672030 ns
Total end-to-end search time: 24639447 ns
Total end-to-end search time: 22385424 ns
Total end-to-end search time: 21546970 ns
Total end-to-end search time: 23587482 ns
Total end-to-end search time: 25473217 ns
Total end-to-end search time: 24093494 ns
