Query: 128, nThreads: 4, warmup: 8
====================================================================================================
(ns)
Load index... Graph level 5..
Total end-to-end search time: 23113347 ns
Total end-to-end search time: 24651219 ns
Total end-to-end search time: 26405660 ns
Total end-to-end search time: 24590392 ns
Total end-to-end search time: 21993782 ns
Total end-to-end search time: 21268349 ns
Total end-to-end search time: 23298744 ns
Total end-to-end search time: 24721351 ns
Total end-to-end search time: 23861574 ns
Query: 128, nThreads: 4, warmup: 8
====================================================================================================
(ns)
Load index... Graph level 5..
Total end-to-end search time: 23123613 ns
Total end-to-end search time: 24695200 ns
Total end-to-end search time: 26396675 ns
Total end-to-end search time: 24655535 ns
Total end-to-end search time: 21965111 ns
Total end-to-end search time: 21258364 ns
Total end-to-end search time: 23185125 ns
Total end-to-end search time: 24777301 ns
Total end-to-end search time: 23918984 ns
Query: 128, nThreads: 4, warmup: 8
====================================================================================================
(ns)
Load index... Graph level 5..
Total end-to-end search time: 23125417 ns
Total end-to-end search time: 24728438 ns
Total end-to-end search time: 26253013 ns
Total end-to-end search time: 24550267 ns
Total end-to-end search time: 21967462 ns
Total end-to-end search time: 21180687 ns
Total end-to-end search time: 23149122 ns
Total end-to-end search time: 24784877 ns
Total end-to-end search time: 23907652 ns
Query: 128, nThreads: 4, warmup: 8
====================================================================================================
(ns)
Load index... Graph level 5..
Total end-to-end search time: 23218784 ns
Total end-to-end search time: 24737811 ns
Total end-to-end search time: 26376887 ns
Total end-to-end search time: 24661767 ns
Total end-to-end search time: 21968700 ns
Total end-to-end search time: 21186846 ns
Total end-to-end search time: 23223961 ns
Total end-to-end search time: 24777162 ns
Total end-to-end search time: 23910401 ns
Query: 128, nThreads: 4, warmup: 8
====================================================================================================
(ns)
Load index... Graph level 5..
Total end-to-end search time: 23114008 ns
Total end-to-end search time: 24660078 ns
Total end-to-end search time: 26420724 ns
Total end-to-end search time: 24601116 ns
Total end-to-end search time: 21983101 ns
Total end-to-end search time: 21235940 ns
Total end-to-end search time: 23259959 ns
Total end-to-end search time: 24927838 ns
Total end-to-end search time: 23903832 ns
Query: 128, nThreads: 4, warmup: 8
====================================================================================================
(ns)
Load index... Graph level 5..
Total end-to-end search time: 23491452 ns
Total end-to-end search time: 24658231 ns
Total end-to-end search time: 26407782 ns
Total end-to-end search time: 24634080 ns
Total end-to-end search time: 22004414 ns
Total end-to-end search time: 21295476 ns
Total end-to-end search time: 23239699 ns
Total end-to-end search time: 24765997 ns
Total end-to-end search time: 23954355 ns
Query: 128, nThreads: 4, warmup: 8
====================================================================================================
(ns)
Load index... Graph level 5..
Total end-to-end search time: 23111132 ns
Total end-to-end search time: 24746488 ns
Total end-to-end search time: 26360895 ns
Total end-to-end search time: 24564544 ns
Total end-to-end search time: 21986314 ns
Total end-to-end search time: 21254595 ns
Total end-to-end search time: 23189008 ns
Total end-to-end search time: 24846704 ns
Total end-to-end search time: 23971071 ns
Query: 128, nThreads: 4, warmup: 8
====================================================================================================
(ns)
Load index... Graph level 5..
Total end-to-end search time: 23213558 ns
Total end-to-end search time: 24691358 ns
Total end-to-end search time: 26352991 ns
Total end-to-end search time: 24518758 ns
Total end-to-end search time: 21964162 ns
Total end-to-end search time: 21272838 ns
Total end-to-end search time: 23241285 ns
Total end-to-end search time: 24877451 ns
Total end-to-end search time: 23952731 ns
Query: 128, nThreads: 4, warmup: 8
====================================================================================================
(ns)
Load index... Graph level 5..
Total end-to-end search time: 23181270 ns
Total end-to-end search time: 24718071 ns
Total end-to-end search time: 26296816 ns
Total end-to-end search time: 24552598 ns
Total end-to-end search time: 21960952 ns
Total end-to-end search time: 21271699 ns
Total end-to-end search time: 23261890 ns
Total end-to-end search time: 24819192 ns
Total end-to-end search time: 23964070 ns
Query: 128, nThreads: 4, warmup: 8
====================================================================================================
(ns)
Load index... Graph level 5..
Total end-to-end search time: 23306834 ns
Total end-to-end search time: 24713666 ns
Total end-to-end search time: 26284668 ns
Total end-to-end search time: 24566439 ns
Total end-to-end search time: 21941470 ns
Total end-to-end search time: 21280831 ns
Total end-to-end search time: 23177678 ns
Total end-to-end search time: 24742260 ns
Total end-to-end search time: 23947792 ns
Query: 128, nThreads: 4, warmup: 8
====================================================================================================
(ns)
Load index... Graph level 5..
Total end-to-end search time: 23059210 ns
Total end-to-end search time: 24695250 ns
Total end-to-end search time: 26313700 ns
Total end-to-end search time: 24594118 ns
Total end-to-end search time: 21943075 ns
Total end-to-end search time: 21247518 ns
Total end-to-end search time: 23231359 ns
Total end-to-end search time: 24815681 ns
Total end-to-end search time: 23964938 ns
Query: 128, nThreads: 4, warmup: 8
====================================================================================================
(ns)
Load index... Graph level 5..
Total end-to-end search time: 23218828 ns
Total end-to-end search time: 24782422 ns
Total end-to-end search time: 26378021 ns
Total end-to-end search time: 24621300 ns
Total end-to-end search time: 22011456 ns
Total end-to-end search time: 21291306 ns
Total end-to-end search time: 23248591 ns
Total end-to-end search time: 24875095 ns
Total end-to-end search time: 23919679 ns
Query: 128, nThreads: 4, warmup: 8
====================================================================================================
(ns)
Load index... Graph level 5..
Total end-to-end search time: 23143109 ns
Total end-to-end search time: 24744435 ns
Total end-to-end search time: 26299608 ns
Total end-to-end search time: 24582971 ns
Total end-to-end search time: 21957397 ns
Total end-to-end search time: 21246767 ns
Total end-to-end search time: 23246606 ns
Total end-to-end search time: 24783466 ns
Total end-to-end search time: 23982061 ns
Query: 128, nThreads: 4, warmup: 8
====================================================================================================
(ns)
Load index... Graph level 5..
Total end-to-end search time: 23124831 ns
Total end-to-end search time: 24787809 ns
Total end-to-end search time: 26316051 ns
Total end-to-end search time: 24605634 ns
Total end-to-end search time: 22047709 ns
Total end-to-end search time: 21255510 ns
Total end-to-end search time: 23237995 ns
Total end-to-end search time: 24755036 ns
Total end-to-end search time: 23969259 ns
Query: 128, nThreads: 4, warmup: 8
====================================================================================================
(ns)
Load index... Graph level 5..
Total end-to-end search time: 22953771 ns
Total end-to-end search time: 24661933 ns
Total end-to-end search time: 26290266 ns
Total end-to-end search time: 24585201 ns
Total end-to-end search time: 22004677 ns
Total end-to-end search time: 21215474 ns
Total end-to-end search time: 23179266 ns
Total end-to-end search time: 24699120 ns
Total end-to-end search time: 23902076 ns
Query: 128, nThreads: 4, warmup: 8
====================================================================================================
(ns)
Load index... Graph level 5..
Total end-to-end search time: 23140534 ns
Total end-to-end search time: 24672195 ns
Total end-to-end search time: 26303356 ns
Total end-to-end search time: 24592690 ns
Total end-to-end search time: 21995364 ns
Total end-to-end search time: 21252141 ns
Total end-to-end search time: 23183548 ns
Total end-to-end search time: 24736651 ns
Total end-to-end search time: 23950253 ns
Query: 128, nThreads: 4, warmup: 8
====================================================================================================
(ns)
Load index... Graph level 5..
Total end-to-end search time: 23230274 ns
Total end-to-end search time: 24739993 ns
Total end-to-end search time: 26374825 ns
Total end-to-end search time: 24549821 ns
Total end-to-end search time: 21924263 ns
Total end-to-end search time: 21240406 ns
Total end-to-end search time: 23242886 ns
Total end-to-end search time: 24776636 ns
Total end-to-end search time: 23935564 ns
Query: 128, nThreads: 4, warmup: 8
====================================================================================================
(ns)
Load index... Graph level 5..
Total end-to-end search time: 23010218 ns
Total end-to-end search time: 24778873 ns
Total end-to-end search time: 26338739 ns
Total end-to-end search time: 24642217 ns
Total end-to-end search time: 22014952 ns
Total end-to-end search time: 21257125 ns
Total end-to-end search time: 23232668 ns
Total end-to-end search time: 24817180 ns
Total end-to-end search time: 23874337 ns
Query: 128, nThreads: 4, warmup: 8
====================================================================================================
(ns)
Load index... Graph level 5..
Total end-to-end search time: 22978073 ns
Total end-to-end search time: 24676909 ns
Total end-to-end search time: 26304936 ns
Total end-to-end search time: 24635417 ns
Total end-to-end search time: 22032562 ns
Total end-to-end search time: 21225310 ns
Total end-to-end search time: 23267181 ns
Total end-to-end search time: 24832028 ns
Total end-to-end search time: 23932787 ns
Query: 128, nThreads: 4, warmup: 8
====================================================================================================
(ns)
Load index... Graph level 5..
Total end-to-end search time: 23064889 ns
Total end-to-end search time: 24747967 ns
Total end-to-end search time: 26434216 ns
Total end-to-end search time: 24598122 ns
Total end-to-end search time: 22037425 ns
Total end-to-end search time: 21234546 ns
Total end-to-end search time: 23202331 ns
Total end-to-end search time: 24813683 ns
Total end-to-end search time: 23940951 ns
Query: 128, nThreads: 4, warmup: 8
====================================================================================================
(ns)
Load index... Graph level 5..
Total end-to-end search time: 23286780 ns
Total end-to-end search time: 24693992 ns
Total end-to-end search time: 26427000 ns
Total end-to-end search time: 24631630 ns
Total end-to-end search time: 22019647 ns
Total end-to-end search time: 21360137 ns
Total end-to-end search time: 23286722 ns
Total end-to-end search time: 24843927 ns
Total end-to-end search time: 23908958 ns
Query: 128, nThreads: 4, warmup: 8
====================================================================================================
(ns)
Load index... Graph level 5..
Total end-to-end search time: 23095968 ns
Total end-to-end search time: 24718176 ns
Total end-to-end search time: 26294002 ns
Total end-to-end search time: 24577741 ns
Total end-to-end search time: 21972397 ns
Total end-to-end search time: 21287334 ns
Total end-to-end search time: 23258288 ns
Total end-to-end search time: 24793005 ns
Total end-to-end search time: 23874130 ns
Query: 128, nThreads: 4, warmup: 8
====================================================================================================
(ns)
Load index... Graph level 5..
Total end-to-end search time: 23037658 ns
Total end-to-end search time: 24689552 ns
Total end-to-end search time: 26307800 ns
Total end-to-end search time: 24587982 ns
Total end-to-end search time: 22015899 ns
Total end-to-end search time: 21259076 ns
Total end-to-end search time: 23259034 ns
Total end-to-end search time: 24809104 ns
Total end-to-end search time: 23935000 ns
Query: 128, nThreads: 4, warmup: 8
====================================================================================================
(ns)
Load index... Graph level 5..
Total end-to-end search time: 23050477 ns
Total end-to-end search time: 24711380 ns
Total end-to-end search time: 26330723 ns
Total end-to-end search time: 24572272 ns
Total end-to-end search time: 21988608 ns
Total end-to-end search time: 21262175 ns
Total end-to-end search time: 23306002 ns
Total end-to-end search time: 24815323 ns
Total end-to-end search time: 23973276 ns
Query: 128, nThreads: 4, warmup: 8
====================================================================================================
(ns)
Load index... Graph level 5..
Total end-to-end search time: 23015317 ns
Total end-to-end search time: 24715625 ns
Total end-to-end search time: 26444457 ns
Total end-to-end search time: 24597350 ns
Total end-to-end search time: 21971145 ns
Total end-to-end search time: 21207036 ns
Total end-to-end search time: 23264846 ns
Total end-to-end search time: 24790318 ns
Total end-to-end search time: 23892533 ns
Query: 128, nThreads: 4, warmup: 8
====================================================================================================
(ns)
Load index... Graph level 5..
Total end-to-end search time: 23087178 ns
Total end-to-end search time: 24710206 ns
Total end-to-end search time: 26322257 ns
Total end-to-end search time: 24524543 ns
Total end-to-end search time: 21985483 ns
Total end-to-end search time: 21192128 ns
Total end-to-end search time: 23232280 ns
Total end-to-end search time: 24842536 ns
Total end-to-end search time: 23956986 ns
Query: 128, nThreads: 4, warmup: 8
====================================================================================================
(ns)
Load index... Graph level 5..
Total end-to-end search time: 22997062 ns
Total end-to-end search time: 24648664 ns
Total end-to-end search time: 26377818 ns
Total end-to-end search time: 24560918 ns
Total end-to-end search time: 22003770 ns
Total end-to-end search time: 21177500 ns
Total end-to-end search time: 23185148 ns
Total end-to-end search time: 24848253 ns
Total end-to-end search time: 23991344 ns
Query: 128, nThreads: 4, warmup: 8
====================================================================================================
(ns)
Load index... Graph level 5..
Total end-to-end search time: 23168331 ns
Total end-to-end search time: 24690722 ns
Total end-to-end search time: 26297494 ns
Total end-to-end search time: 24609353 ns
Total end-to-end search time: 21997866 ns
Total end-to-end search time: 21258123 ns
Total end-to-end search time: 23214987 ns
Total end-to-end search time: 24792255 ns
Total end-to-end search time: 23937201 ns
Query: 128, nThreads: 4, warmup: 8
====================================================================================================
(ns)
Load index... Graph level 5..
Total end-to-end search time: 23061270 ns
Total end-to-end search time: 24736724 ns
Total end-to-end search time: 26373702 ns
Total end-to-end search time: 24576061 ns
Total end-to-end search time: 21974610 ns
Total end-to-end search time: 21211029 ns
Total end-to-end search time: 23149885 ns
Total end-to-end search time: 24732761 ns
Total end-to-end search time: 23916005 ns
Query: 128, nThreads: 4, warmup: 8
====================================================================================================
(ns)
Load index... Graph level 5..
Total end-to-end search time: 23063459 ns
Total end-to-end search time: 24686899 ns
Total end-to-end search time: 26529310 ns
Total end-to-end search time: 24629489 ns
Total end-to-end search time: 21968620 ns
Total end-to-end search time: 21214143 ns
Total end-to-end search time: 23184521 ns
Total end-to-end search time: 24830494 ns
Total end-to-end search time: 23927690 ns
