Query: 16, nThreads: 8, warmup: 16
====================================================================================================
(ns)
Load index... Graph level 5..
Total end-to-end search time: 13383905 ns
Total end-to-end search time: 11671496 ns
Total end-to-end search time: 11908532 ns
Total end-to-end search time: 9804493 ns
Total end-to-end search time: 9915911 ns
Total end-to-end search time: 9634852 ns
Total end-to-end search time: 9520240 ns
Total end-to-end search time: 10621650 ns
Total end-to-end search time: 11660967 ns
Total end-to-end search time: 11497626 ns
Total end-to-end search time: 12163610 ns
Total end-to-end search time: 11176781 ns
Total end-to-end search time: 11726806 ns
Total end-to-end search time: 12082880 ns
Total end-to-end search time: 11905464 ns
Total end-to-end search time: 13177799 ns
Total end-to-end search time: 11911416 ns
Query: 16, nThreads: 8, warmup: 16
====================================================================================================
(ns)
Load index... Graph level 5..
Total end-to-end search time: 13545002 ns
Total end-to-end search time: 11707450 ns
Total end-to-end search time: 11907938 ns
Total end-to-end search time: 9752479 ns
Total end-to-end search time: 9889952 ns
Total end-to-end search time: 9632575 ns
Total end-to-end search time: 9487613 ns
Total end-to-end search time: 10590037 ns
Total end-to-end search time: 11644939 ns
Total end-to-end search time: 11481854 ns
Total end-to-end search time: 12094816 ns
Total end-to-end search time: 11212577 ns
Total end-to-end search time: 11768219 ns
Total end-to-end search time: 12046146 ns
Total end-to-end search time: 11872571 ns
Total end-to-end search time: 13160129 ns
Total end-to-end search time: 11816738 ns
Query: 16, nThreads: 8, warmup: 16
====================================================================================================
(ns)
Load index... Graph level 5..
Total end-to-end search time: 13328430 ns
Total end-to-end search time: 11671212 ns
Total end-to-end search time: 11851995 ns
Total end-to-end search time: 9717224 ns
Total end-to-end search time: 9865209 ns
Total end-to-end search time: 9579190 ns
Total end-to-end search time: 9389591 ns
Total end-to-end search time: 10615632 ns
Total end-to-end search time: 11637874 ns
Total end-to-end search time: 11472360 ns
Total end-to-end search time: 12040166 ns
Total end-to-end search time: 11138002 ns
Total end-to-end search time: 11618982 ns
Total end-to-end search time: 11878040 ns
Total end-to-end search time: 11706106 ns
Total end-to-end search time: 12987923 ns
Total end-to-end search time: 11718315 ns
Query: 16, nThreads: 8, warmup: 16
====================================================================================================
(ns)
Load index... Graph level 5..
Total end-to-end search time: 13424874 ns
Total end-to-end search time: 11694026 ns
Total end-to-end search time: 11860056 ns
Total end-to-end search time: 9742248 ns
Total end-to-end search time: 9845612 ns
Total end-to-end search time: 9573920 ns
Total end-to-end search time: 9414623 ns
Total end-to-end search time: 10576792 ns
Total end-to-end search time: 11598269 ns
Total end-to-end search time: 11411304 ns
Total end-to-end search time: 12080187 ns
Total end-to-end search time: 11166891 ns
Total end-to-end search time: 11693611 ns
Total end-to-end search time: 11990849 ns
Total end-to-end search time: 11714933 ns
Total end-to-end search time: 12993791 ns
Total end-to-end search time: 11753225 ns
Query: 16, nThreads: 8, warmup: 16
====================================================================================================
(ns)
Load index... Graph level 5..
Total end-to-end search time: 13434286 ns
Total end-to-end search time: 11704792 ns
Total end-to-end search time: 11848633 ns
Total end-to-end search time: 9697240 ns
Total end-to-end search time: 9873491 ns
Total end-to-end search time: 9653314 ns
Total end-to-end search time: 9572475 ns
Total end-to-end search time: 10671732 ns
Total end-to-end search time: 11660371 ns
Total end-to-end search time: 11463956 ns
Total end-to-end search time: 12140360 ns
Total end-to-end search time: 11159729 ns
Total end-to-end search time: 11684728 ns
Total end-to-end search time: 11911343 ns
Total end-to-end search time: 11820363 ns
Total end-to-end search time: 13125552 ns
Total end-to-end search time: 11832875 ns
Query: 16, nThreads: 8, warmup: 16
====================================================================================================
(ns)
Load index... Graph level 5..
Total end-to-end search time: 13381751 ns
Total end-to-end search time: 11745591 ns
Total end-to-end search time: 11888241 ns
Total end-to-end search time: 9759742 ns
Total end-to-end search time: 9945047 ns
Total end-to-end search time: 9642340 ns
Total end-to-end search time: 9526120 ns
Total end-to-end search time: 10663924 ns
Total end-to-end search time: 11650289 ns
Total end-to-end search time: 11465948 ns
Total end-to-end search time: 12133815 ns
Total end-to-end search time: 11188994 ns
Total end-to-end search time: 11689540 ns
Total end-to-end search time: 11961098 ns
Total end-to-end search time: 11773340 ns
Total end-to-end search time: 13099618 ns
Total end-to-end search time: 11910238 ns
Query: 16, nThreads: 8, warmup: 16
====================================================================================================
(ns)
Load index... Graph level 5..
Total end-to-end search time: 13483632 ns
Total end-to-end search time: 11666160 ns
Total end-to-end search time: 11886119 ns
Total end-to-end search time: 9762897 ns
Total end-to-end search time: 9913636 ns
Total end-to-end search time: 9617967 ns
Total end-to-end search time: 9461002 ns
Total end-to-end search time: 10582249 ns
Total end-to-end search time: 11621053 ns
Total end-to-end search time: 11484666 ns
Total end-to-end search time: 12103486 ns
Total end-to-end search time: 11186673 ns
Total end-to-end search time: 11777434 ns
Total end-to-end search time: 12015348 ns
Total end-to-end search time: 11786891 ns
Total end-to-end search time: 13009341 ns
Total end-to-end search time: 11775486 ns
Query: 16, nThreads: 8, warmup: 16
====================================================================================================
(ns)
Load index... Graph level 5..
Total end-to-end search time: 13328936 ns
Total end-to-end search time: 11574116 ns
Total end-to-end search time: 11739543 ns
Total end-to-end search time: 9670985 ns
Total end-to-end search time: 9799151 ns
Total end-to-end search time: 9527110 ns
Total end-to-end search time: 9383573 ns
Total end-to-end search time: 10516816 ns
Total end-to-end search time: 11622802 ns
Total end-to-end search time: 11463464 ns
Total end-to-end search time: 12257730 ns
Total end-to-end search time: 11208379 ns
Total end-to-end search time: 11699139 ns
Total end-to-end search time: 11856620 ns
Total end-to-end search time: 11696961 ns
Total end-to-end search time: 12951364 ns
Total end-to-end search time: 11768158 ns
Query: 16, nThreads: 8, warmup: 16
====================================================================================================
(ns)
Load index... Graph level 5..
Total end-to-end search time: 13314576 ns
Total end-to-end search time: 11657588 ns
Total end-to-end search time: 11874604 ns
Total end-to-end search time: 9799976 ns
Total end-to-end search time: 9901282 ns
Total end-to-end search time: 9601355 ns
Total end-to-end search time: 9503472 ns
Total end-to-end search time: 10648169 ns
Total end-to-end search time: 11647659 ns
Total end-to-end search time: 11503127 ns
Total end-to-end search time: 12079259 ns
Total end-to-end search time: 11182357 ns
Total end-to-end search time: 11683774 ns
Total end-to-end search time: 11919328 ns
Total end-to-end search time: 11854714 ns
Total end-to-end search time: 12987776 ns
Total end-to-end search time: 11764722 ns
Query: 16, nThreads: 8, warmup: 16
====================================================================================================
(ns)
Load index... Graph level 5..
Total end-to-end search time: 13373353 ns
Total end-to-end search time: 11644141 ns
Total end-to-end search time: 11927028 ns
Total end-to-end search time: 9774447 ns
Total end-to-end search time: 9870959 ns
Total end-to-end search time: 9615448 ns
Total end-to-end search time: 9462393 ns
Total end-to-end search time: 10651631 ns
Total end-to-end search time: 11742108 ns
Total end-to-end search time: 11557518 ns
Total end-to-end search time: 12176002 ns
Total end-to-end search time: 11286023 ns
Total end-to-end search time: 11820069 ns
Total end-to-end search time: 12012129 ns
Total end-to-end search time: 11845504 ns
Total end-to-end search time: 13060906 ns
Total end-to-end search time: 11877346 ns
Query: 16, nThreads: 8, warmup: 16
====================================================================================================
(ns)
Load index... Graph level 5..
Total end-to-end search time: 13579318 ns
Total end-to-end search time: 11782594 ns
Total end-to-end search time: 11980870 ns
Total end-to-end search time: 9825642 ns
Total end-to-end search time: 9962082 ns
Total end-to-end search time: 9691462 ns
Total end-to-end search time: 9510937 ns
Total end-to-end search time: 10651501 ns
Total end-to-end search time: 11670859 ns
Total end-to-end search time: 11565749 ns
Total end-to-end search time: 12162551 ns
Total end-to-end search time: 11255550 ns
Total end-to-end search time: 11714907 ns
Total end-to-end search time: 11981522 ns
Total end-to-end search time: 11813469 ns
Total end-to-end search time: 13081005 ns
Total end-to-end search time: 11831196 ns
Query: 16, nThreads: 8, warmup: 16
====================================================================================================
(ns)
Load index... Graph level 5..
Total end-to-end search time: 13277107 ns
Total end-to-end search time: 11663780 ns
Total end-to-end search time: 12112632 ns
Total end-to-end search time: 9772491 ns
Total end-to-end search time: 9850395 ns
Total end-to-end search time: 9578630 ns
Total end-to-end search time: 9419903 ns
Total end-to-end search time: 10552201 ns
Total end-to-end search time: 11581311 ns
Total end-to-end search time: 11418097 ns
Total end-to-end search time: 12060683 ns
Total end-to-end search time: 11178481 ns
Total end-to-end search time: 11710488 ns
Total end-to-end search time: 11998413 ns
Total end-to-end search time: 11810542 ns
Total end-to-end search time: 13077081 ns
Total end-to-end search time: 11830800 ns
Query: 16, nThreads: 8, warmup: 16
====================================================================================================
(ns)
Load index... Graph level 5..
Total end-to-end search time: 13406497 ns
Total end-to-end search time: 11652993 ns
Total end-to-end search time: 11853164 ns
Total end-to-end search time: 9691538 ns
Total end-to-end search time: 9871195 ns
Total end-to-end search time: 9628270 ns
Total end-to-end search time: 9511528 ns
Total end-to-end search time: 10646088 ns
Total end-to-end search time: 11606846 ns
Total end-to-end search time: 11424682 ns
Total end-to-end search time: 12139314 ns
Total end-to-end search time: 11205372 ns
Total end-to-end search time: 11697328 ns
Total end-to-end search time: 11928395 ns
Total end-to-end search time: 11783131 ns
Total end-to-end search time: 13041364 ns
Total end-to-end search time: 11796261 ns
Query: 16, nThreads: 8, warmup: 16
====================================================================================================
(ns)
Load index... Graph level 5..
Total end-to-end search time: 13500945 ns
Total end-to-end search time: 11714425 ns
Total end-to-end search time: 11898524 ns
Total end-to-end search time: 9789729 ns
Total end-to-end search time: 9907791 ns
Total end-to-end search time: 9727499 ns
Total end-to-end search time: 9566370 ns
Total end-to-end search time: 10654461 ns
Total end-to-end search time: 11630176 ns
Total end-to-end search time: 11476046 ns
Total end-to-end search time: 12186164 ns
Total end-to-end search time: 11327859 ns
Total end-to-end search time: 11810295 ns
Total end-to-end search time: 12058681 ns
Total end-to-end search time: 11856636 ns
Total end-to-end search time: 13123899 ns
Total end-to-end search time: 11905490 ns
Query: 16, nThreads: 8, warmup: 16
====================================================================================================
(ns)
Load index... Graph level 5..
Total end-to-end search time: 13351618 ns
Total end-to-end search time: 11652676 ns
Total end-to-end search time: 11864600 ns
Total end-to-end search time: 9769112 ns
Total end-to-end search time: 9911000 ns
Total end-to-end search time: 9614154 ns
Total end-to-end search time: 9482864 ns
Total end-to-end search time: 10574558 ns
Total end-to-end search time: 11701951 ns
Total end-to-end search time: 11467525 ns
Total end-to-end search time: 12175147 ns
Total end-to-end search time: 11267302 ns
Total end-to-end search time: 11791161 ns
Total end-to-end search time: 12005004 ns
Total end-to-end search time: 11739474 ns
Total end-to-end search time: 13046377 ns
Total end-to-end search time: 11821984 ns
Query: 16, nThreads: 8, warmup: 16
====================================================================================================
(ns)
Load index... Graph level 5..
Total end-to-end search time: 13305717 ns
Total end-to-end search time: 11652181 ns
Total end-to-end search time: 11822559 ns
Total end-to-end search time: 9718449 ns
Total end-to-end search time: 9905940 ns
Total end-to-end search time: 9555719 ns
Total end-to-end search time: 9393735 ns
Total end-to-end search time: 10561812 ns
Total end-to-end search time: 11620949 ns
Total end-to-end search time: 11498639 ns
Total end-to-end search time: 12122707 ns
Total end-to-end search time: 11627845 ns
Total end-to-end search time: 11784007 ns
Total end-to-end search time: 12016735 ns
Total end-to-end search time: 11801965 ns
Total end-to-end search time: 13083371 ns
Total end-to-end search time: 11907575 ns
Query: 16, nThreads: 8, warmup: 16
====================================================================================================
(ns)
Load index... Graph level 5..
Total end-to-end search time: 13557149 ns
Total end-to-end search time: 11746865 ns
Total end-to-end search time: 11914215 ns
Total end-to-end search time: 9784703 ns
Total end-to-end search time: 9906353 ns
Total end-to-end search time: 9599769 ns
Total end-to-end search time: 9472830 ns
Total end-to-end search time: 10637155 ns
Total end-to-end search time: 11704423 ns
Total end-to-end search time: 11563827 ns
Total end-to-end search time: 12147285 ns
Total end-to-end search time: 11277135 ns
Total end-to-end search time: 11765192 ns
Total end-to-end search time: 11973342 ns
Total end-to-end search time: 11769197 ns
Total end-to-end search time: 13029868 ns
Total end-to-end search time: 11749688 ns
Query: 16, nThreads: 8, warmup: 16
====================================================================================================
(ns)
Load index... Graph level 5..
Total end-to-end search time: 13438077 ns
Total end-to-end search time: 11712670 ns
Total end-to-end search time: 11891294 ns
Total end-to-end search time: 9750525 ns
Total end-to-end search time: 9906260 ns
Total end-to-end search time: 9617602 ns
Total end-to-end search time: 9477294 ns
Total end-to-end search time: 10634042 ns
Total end-to-end search time: 11660804 ns
Total end-to-end search time: 11488401 ns
Total end-to-end search time: 12055552 ns
Total end-to-end search time: 11184757 ns
Total end-to-end search time: 11652920 ns
Total end-to-end search time: 11895207 ns
Total end-to-end search time: 11722643 ns
Total end-to-end search time: 13026900 ns
Total end-to-end search time: 11835424 ns
Query: 16, nThreads: 8, warmup: 16
====================================================================================================
(ns)
Load index... Graph level 5..
Total end-to-end search time: 13409388 ns
Total end-to-end search time: 11694137 ns
Total end-to-end search time: 11894515 ns
Total end-to-end search time: 9816966 ns
Total end-to-end search time: 10009493 ns
Total end-to-end search time: 9730356 ns
Total end-to-end search time: 9552895 ns
Total end-to-end search time: 10671887 ns
Total end-to-end search time: 11702419 ns
Total end-to-end search time: 11491137 ns
Total end-to-end search time: 12183585 ns
Total end-to-end search time: 11448345 ns
Total end-to-end search time: 11711583 ns
Total end-to-end search time: 11973851 ns
Total end-to-end search time: 11815857 ns
Total end-to-end search time: 13067816 ns
Total end-to-end search time: 11821338 ns
Query: 16, nThreads: 8, warmup: 16
====================================================================================================
(ns)
Load index... Graph level 5..
Total end-to-end search time: 13527641 ns
Total end-to-end search time: 11781817 ns
Total end-to-end search time: 11891129 ns
Total end-to-end search time: 9767872 ns
Total end-to-end search time: 9925340 ns
Total end-to-end search time: 9661869 ns
Total end-to-end search time: 9565158 ns
Total end-to-end search time: 10668275 ns
Total end-to-end search time: 11632570 ns
Total end-to-end search time: 11520486 ns
Total end-to-end search time: 12104696 ns
Total end-to-end search time: 11223459 ns
Total end-to-end search time: 11742402 ns
Total end-to-end search time: 11945235 ns
Total end-to-end search time: 11778858 ns
Total end-to-end search time: 13062782 ns
Total end-to-end search time: 11810698 ns
Query: 16, nThreads: 8, warmup: 16
====================================================================================================
(ns)
Load index... Graph level 5..
Total end-to-end search time: 13335492 ns
Total end-to-end search time: 11619691 ns
Total end-to-end search time: 11810918 ns
Total end-to-end search time: 9703848 ns
Total end-to-end search time: 9801622 ns
Total end-to-end search time: 9524208 ns
Total end-to-end search time: 9421041 ns
Total end-to-end search time: 10519108 ns
Total end-to-end search time: 11549601 ns
Total end-to-end search time: 11364792 ns
Total end-to-end search time: 12021551 ns
Total end-to-end search time: 11121021 ns
Total end-to-end search time: 11627471 ns
Total end-to-end search time: 11855282 ns
Total end-to-end search time: 11702879 ns
Total end-to-end search time: 12930149 ns
Total end-to-end search time: 11718491 ns
Query: 16, nThreads: 8, warmup: 16
====================================================================================================
(ns)
Load index... Graph level 5..
Total end-to-end search time: 13371130 ns
Total end-to-end search time: 11699343 ns
Total end-to-end search time: 11862425 ns
Total end-to-end search time: 9745729 ns
Total end-to-end search time: 9882272 ns
Total end-to-end search time: 9630686 ns
Total end-to-end search time: 9488250 ns
Total end-to-end search time: 10611260 ns
Total end-to-end search time: 11663406 ns
Total end-to-end search time: 11473645 ns
Total end-to-end search time: 12087996 ns
Total end-to-end search time: 11166817 ns
Total end-to-end search time: 11651046 ns
Total end-to-end search time: 11858500 ns
Total end-to-end search time: 11745607 ns
Total end-to-end search time: 13010281 ns
Total end-to-end search time: 11773105 ns
Query: 16, nThreads: 8, warmup: 16
====================================================================================================
(ns)
Load index... Graph level 5..
Total end-to-end search time: 13339744 ns
Total end-to-end search time: 11698240 ns
Total end-to-end search time: 11859056 ns
Total end-to-end search time: 9957895 ns
Total end-to-end search time: 9902193 ns
Total end-to-end search time: 9646567 ns
Total end-to-end search time: 9459725 ns
Total end-to-end search time: 10683247 ns
Total end-to-end search time: 11721324 ns
Total end-to-end search time: 11501239 ns
Total end-to-end search time: 12143314 ns
Total end-to-end search time: 11196551 ns
Total end-to-end search time: 11717956 ns
Total end-to-end search time: 11927820 ns
Total end-to-end search time: 11791827 ns
Total end-to-end search time: 13034779 ns
Total end-to-end search time: 11795183 ns
Query: 16, nThreads: 8, warmup: 16
====================================================================================================
(ns)
Load index... Graph level 5..
Total end-to-end search time: 13542957 ns
Total end-to-end search time: 11750895 ns
Total end-to-end search time: 11952217 ns
Total end-to-end search time: 9826659 ns
Total end-to-end search time: 9976100 ns
Total end-to-end search time: 9668820 ns
Total end-to-end search time: 9476336 ns
Total end-to-end search time: 10688795 ns
Total end-to-end search time: 11728946 ns
Total end-to-end search time: 11623682 ns
Total end-to-end search time: 12190878 ns
Total end-to-end search time: 11213859 ns
Total end-to-end search time: 11744034 ns
Total end-to-end search time: 12016939 ns
Total end-to-end search time: 11856481 ns
Total end-to-end search time: 13115752 ns
Total end-to-end search time: 11883628 ns
Query: 16, nThreads: 8, warmup: 16
====================================================================================================
(ns)
Load index... Graph level 5..
Total end-to-end search time: 13413985 ns
Total end-to-end search time: 11662078 ns
Total end-to-end search time: 11808603 ns
Total end-to-end search time: 9686823 ns
Total end-to-end search time: 9832630 ns
Total end-to-end search time: 9582073 ns
Total end-to-end search time: 9400066 ns
Total end-to-end search time: 10537223 ns
Total end-to-end search time: 11574874 ns
Total end-to-end search time: 11412174 ns
Total end-to-end search time: 12082487 ns
Total end-to-end search time: 11205872 ns
Total end-to-end search time: 11664982 ns
Total end-to-end search time: 11857346 ns
Total end-to-end search time: 11695862 ns
Total end-to-end search time: 12982772 ns
Total end-to-end search time: 11794961 ns
Query: 16, nThreads: 8, warmup: 16
====================================================================================================
(ns)
Load index... Graph level 5..
Total end-to-end search time: 13290188 ns
Total end-to-end search time: 11653912 ns
Total end-to-end search time: 11783192 ns
Total end-to-end search time: 9654519 ns
Total end-to-end search time: 9830072 ns
Total end-to-end search time: 9593960 ns
Total end-to-end search time: 9464692 ns
Total end-to-end search time: 10583634 ns
Total end-to-end search time: 11668622 ns
Total end-to-end search time: 11485685 ns
Total end-to-end search time: 12110744 ns
Total end-to-end search time: 11232451 ns
Total end-to-end search time: 11699355 ns
Total end-to-end search time: 11965366 ns
Total end-to-end search time: 11766008 ns
Total end-to-end search time: 13035371 ns
Total end-to-end search time: 11734103 ns
Query: 16, nThreads: 8, warmup: 16
====================================================================================================
(ns)
Load index... Graph level 5..
Total end-to-end search time: 13408652 ns
Total end-to-end search time: 11767129 ns
Total end-to-end search time: 11934422 ns
Total end-to-end search time: 9828300 ns
Total end-to-end search time: 9922137 ns
Total end-to-end search time: 9647159 ns
Total end-to-end search time: 9470574 ns
Total end-to-end search time: 10657328 ns
Total end-to-end search time: 11727544 ns
Total end-to-end search time: 11570814 ns
Total end-to-end search time: 12091857 ns
Total end-to-end search time: 11249645 ns
Total end-to-end search time: 11692579 ns
Total end-to-end search time: 11975044 ns
Total end-to-end search time: 11786466 ns
Total end-to-end search time: 13026495 ns
Total end-to-end search time: 11812435 ns
Query: 16, nThreads: 8, warmup: 16
====================================================================================================
(ns)
Load index... Graph level 5..
Total end-to-end search time: 13443528 ns
Total end-to-end search time: 11778493 ns
Total end-to-end search time: 11981813 ns
Total end-to-end search time: 9821584 ns
Total end-to-end search time: 9939010 ns
Total end-to-end search time: 9620214 ns
Total end-to-end search time: 9479478 ns
Total end-to-end search time: 10620767 ns
Total end-to-end search time: 11610867 ns
Total end-to-end search time: 11452482 ns
Total end-to-end search time: 12088874 ns
Total end-to-end search time: 11192744 ns
Total end-to-end search time: 11718483 ns
Total end-to-end search time: 11991208 ns
Total end-to-end search time: 11750605 ns
Total end-to-end search time: 13021858 ns
Total end-to-end search time: 11790122 ns
Query: 16, nThreads: 8, warmup: 16
====================================================================================================
(ns)
Load index... Graph level 5..
Total end-to-end search time: 13519159 ns
Total end-to-end search time: 11725374 ns
Total end-to-end search time: 11924586 ns
Total end-to-end search time: 9768864 ns
Total end-to-end search time: 9928926 ns
Total end-to-end search time: 9671652 ns
Total end-to-end search time: 9497937 ns
Total end-to-end search time: 10693028 ns
Total end-to-end search time: 11716776 ns
Total end-to-end search time: 11558483 ns
Total end-to-end search time: 12143005 ns
Total end-to-end search time: 11257821 ns
Total end-to-end search time: 11783427 ns
Total end-to-end search time: 11960417 ns
Total end-to-end search time: 11751935 ns
Total end-to-end search time: 13058708 ns
Total end-to-end search time: 11799264 ns
Query: 16, nThreads: 8, warmup: 16
====================================================================================================
(ns)
Load index... Graph level 5..
Total end-to-end search time: 13267655 ns
Total end-to-end search time: 11591783 ns
Total end-to-end search time: 11815598 ns
Total end-to-end search time: 9710559 ns
Total end-to-end search time: 9843944 ns
Total end-to-end search time: 9595187 ns
Total end-to-end search time: 9510401 ns
Total end-to-end search time: 10525492 ns
Total end-to-end search time: 11563598 ns
Total end-to-end search time: 11445098 ns
Total end-to-end search time: 12194345 ns
Total end-to-end search time: 11110411 ns
Total end-to-end search time: 11616838 ns
Total end-to-end search time: 11874435 ns
Total end-to-end search time: 11730203 ns
Total end-to-end search time: 12978168 ns
Total end-to-end search time: 11725063 ns
