Query: 16, nThreads: 16, warmup: 16
====================================================================================================
(ns)
Load index... Graph level 5..
Total end-to-end search time: 13520987 ns
Total end-to-end search time: 11822979 ns
Total end-to-end search time: 11925938 ns
Total end-to-end search time: 9797076 ns
Total end-to-end search time: 9906788 ns
Total end-to-end search time: 9633399 ns
Total end-to-end search time: 9466207 ns
Total end-to-end search time: 10610277 ns
Total end-to-end search time: 11673265 ns
Total end-to-end search time: 11522246 ns
Total end-to-end search time: 12157575 ns
Total end-to-end search time: 11261148 ns
Total end-to-end search time: 11794133 ns
Total end-to-end search time: 12032637 ns
Total end-to-end search time: 11759112 ns
Total end-to-end search time: 13056800 ns
Total end-to-end search time: 11861626 ns
Query: 16, nThreads: 16, warmup: 16
====================================================================================================
(ns)
Load index... Graph level 5..
Total end-to-end search time: 13326189 ns
Total end-to-end search time: 11617506 ns
Total end-to-end search time: 11794361 ns
Total end-to-end search time: 9686523 ns
Total end-to-end search time: 9820868 ns
Total end-to-end search time: 9547620 ns
Total end-to-end search time: 9429167 ns
Total end-to-end search time: 10559796 ns
Total end-to-end search time: 11577697 ns
Total end-to-end search time: 11421196 ns
Total end-to-end search time: 12057893 ns
Total end-to-end search time: 11162900 ns
Total end-to-end search time: 11645852 ns
Total end-to-end search time: 11847845 ns
Total end-to-end search time: 11719981 ns
Total end-to-end search time: 13022187 ns
Total end-to-end search time: 11796191 ns
Query: 16, nThreads: 16, warmup: 16
====================================================================================================
(ns)
Load index... Graph level 5..
Total end-to-end search time: 13343356 ns
Total end-to-end search time: 11679691 ns
Total end-to-end search time: 11816730 ns
Total end-to-end search time: 9746943 ns
Total end-to-end search time: 9893285 ns
Total end-to-end search time: 9641091 ns
Total end-to-end search time: 9515602 ns
Total end-to-end search time: 10655450 ns
Total end-to-end search time: 11691263 ns
Total end-to-end search time: 11515185 ns
Total end-to-end search time: 12130499 ns
Total end-to-end search time: 11224412 ns
Total end-to-end search time: 11697556 ns
Total end-to-end search time: 11946288 ns
Total end-to-end search time: 11840468 ns
Total end-to-end search time: 13116027 ns
Total end-to-end search time: 11814339 ns
Query: 16, nThreads: 16, warmup: 16
====================================================================================================
(ns)
Load index... Graph level 5..
Total end-to-end search time: 13347414 ns
Total end-to-end search time: 11693200 ns
Total end-to-end search time: 11874719 ns
Total end-to-end search time: 9739643 ns
Total end-to-end search time: 9889367 ns
Total end-to-end search time: 9630513 ns
Total end-to-end search time: 9466653 ns
Total end-to-end search time: 10611151 ns
Total end-to-end search time: 11825160 ns
Total end-to-end search time: 11475782 ns
Total end-to-end search time: 12115844 ns
Total end-to-end search time: 11211136 ns
Total end-to-end search time: 11709388 ns
Total end-to-end search time: 11928137 ns
Total end-to-end search time: 11775634 ns
Total end-to-end search time: 13090516 ns
Total end-to-end search time: 11878167 ns
Query: 16, nThreads: 16, warmup: 16
====================================================================================================
(ns)
Load index... Graph level 5..
Total end-to-end search time: 13404624 ns
Total end-to-end search time: 11663766 ns
Total end-to-end search time: 11802754 ns
Total end-to-end search time: 9704451 ns
Total end-to-end search time: 9827348 ns
Total end-to-end search time: 9569010 ns
Total end-to-end search time: 9407972 ns
Total end-to-end search time: 10535230 ns
Total end-to-end search time: 11561701 ns
Total end-to-end search time: 11390960 ns
Total end-to-end search time: 12021226 ns
Total end-to-end search time: 11092738 ns
Total end-to-end search time: 11644128 ns
Total end-to-end search time: 11881127 ns
Total end-to-end search time: 11679745 ns
Total end-to-end search time: 12959890 ns
Total end-to-end search time: 11691667 ns
Query: 16, nThreads: 16, warmup: 16
====================================================================================================
(ns)
Load index... Graph level 5..
Total end-to-end search time: 13311520 ns
Total end-to-end search time: 11658021 ns
Total end-to-end search time: 11858340 ns
Total end-to-end search time: 9777493 ns
Total end-to-end search time: 9827564 ns
Total end-to-end search time: 9606575 ns
Total end-to-end search time: 9423738 ns
Total end-to-end search time: 10550891 ns
Total end-to-end search time: 11617056 ns
Total end-to-end search time: 11493640 ns
Total end-to-end search time: 12143052 ns
Total end-to-end search time: 11288232 ns
Total end-to-end search time: 11750174 ns
Total end-to-end search time: 11998916 ns
Total end-to-end search time: 11803287 ns
Total end-to-end search time: 13039459 ns
Total end-to-end search time: 11774632 ns
Query: 16, nThreads: 16, warmup: 16
====================================================================================================
(ns)
Load index... Graph level 5..
Total end-to-end search time: 13404986 ns
Total end-to-end search time: 11692712 ns
Total end-to-end search time: 11832873 ns
Total end-to-end search time: 9728013 ns
Total end-to-end search time: 9873442 ns
Total end-to-end search time: 9622259 ns
Total end-to-end search time: 9475962 ns
Total end-to-end search time: 10632058 ns
Total end-to-end search time: 11704602 ns
Total end-to-end search time: 11512376 ns
Total end-to-end search time: 12075344 ns
Total end-to-end search time: 11166135 ns
Total end-to-end search time: 11686627 ns
Total end-to-end search time: 11915806 ns
Total end-to-end search time: 11771881 ns
Total end-to-end search time: 13029139 ns
Total end-to-end search time: 11777709 ns
Query: 16, nThreads: 16, warmup: 16
====================================================================================================
(ns)
Load index... Graph level 5..
Total end-to-end search time: 13586187 ns
Total end-to-end search time: 11660475 ns
Total end-to-end search time: 11853704 ns
Total end-to-end search time: 9821105 ns
Total end-to-end search time: 9933029 ns
Total end-to-end search time: 9645227 ns
Total end-to-end search time: 9464711 ns
Total end-to-end search time: 10592596 ns
Total end-to-end search time: 11673433 ns
Total end-to-end search time: 11569787 ns
Total end-to-end search time: 12148347 ns
Total end-to-end search time: 11187510 ns
Total end-to-end search time: 11719552 ns
Total end-to-end search time: 11931025 ns
Total end-to-end search time: 11801131 ns
Total end-to-end search time: 13155669 ns
Total end-to-end search time: 11905762 ns
Query: 16, nThreads: 16, warmup: 16
====================================================================================================
(ns)
Load index... Graph level 5..
Total end-to-end search time: 13529868 ns
Total end-to-end search time: 11733497 ns
Total end-to-end search time: 11931553 ns
Total end-to-end search time: 9788502 ns
Total end-to-end search time: 9946046 ns
Total end-to-end search time: 9691660 ns
Total end-to-end search time: 9574634 ns
Total end-to-end search time: 10660919 ns
Total end-to-end search time: 11698668 ns
Total end-to-end search time: 11530146 ns
Total end-to-end search time: 12164229 ns
Total end-to-end search time: 11264816 ns
Total end-to-end search time: 11766878 ns
Total end-to-end search time: 12044630 ns
Total end-to-end search time: 11890701 ns
Total end-to-end search time: 13189955 ns
Total end-to-end search time: 11914887 ns
Query: 16, nThreads: 16, warmup: 16
====================================================================================================
(ns)
Load index... Graph level 5..
Total end-to-end search time: 13436085 ns
Total end-to-end search time: 11745752 ns
Total end-to-end search time: 11897057 ns
Total end-to-end search time: 9818187 ns
Total end-to-end search time: 9985922 ns
Total end-to-end search time: 9664410 ns
Total end-to-end search time: 9501736 ns
Total end-to-end search time: 10645618 ns
Total end-to-end search time: 11700202 ns
Total end-to-end search time: 11530111 ns
Total end-to-end search time: 12183515 ns
Total end-to-end search time: 11276240 ns
Total end-to-end search time: 11740386 ns
Total end-to-end search time: 11921436 ns
Total end-to-end search time: 11780212 ns
Total end-to-end search time: 13049439 ns
Total end-to-end search time: 11770205 ns
Query: 16, nThreads: 16, warmup: 16
====================================================================================================
(ns)
Load index... Graph level 5..
Total end-to-end search time: 13485196 ns
Total end-to-end search time: 11782616 ns
Total end-to-end search time: 11938606 ns
Total end-to-end search time: 9833948 ns
Total end-to-end search time: 9903327 ns
Total end-to-end search time: 9645718 ns
Total end-to-end search time: 9473870 ns
Total end-to-end search time: 10681989 ns
Total end-to-end search time: 11716584 ns
Total end-to-end search time: 11528081 ns
Total end-to-end search time: 12130911 ns
Total end-to-end search time: 11284938 ns
Total end-to-end search time: 11710136 ns
Total end-to-end search time: 12121349 ns
Total end-to-end search time: 11795989 ns
Total end-to-end search time: 13066023 ns
Total end-to-end search time: 11788449 ns
Query: 16, nThreads: 16, warmup: 16
====================================================================================================
(ns)
Load index... Graph level 5..
Total end-to-end search time: 13528584 ns
Total end-to-end search time: 11705264 ns
Total end-to-end search time: 11892348 ns
Total end-to-end search time: 9824116 ns
Total end-to-end search time: 9971775 ns
Total end-to-end search time: 9676711 ns
Total end-to-end search time: 9570541 ns
Total end-to-end search time: 10670398 ns
Total end-to-end search time: 11708600 ns
Total end-to-end search time: 11475076 ns
Total end-to-end search time: 12107374 ns
Total end-to-end search time: 11248245 ns
Total end-to-end search time: 11805895 ns
Total end-to-end search time: 12033066 ns
Total end-to-end search time: 11847824 ns
Total end-to-end search time: 13113520 ns
Total end-to-end search time: 11967797 ns
Query: 16, nThreads: 16, warmup: 16
====================================================================================================
(ns)
Load index... Graph level 5..
Total end-to-end search time: 13314282 ns
Total end-to-end search time: 11622697 ns
Total end-to-end search time: 11755614 ns
Total end-to-end search time: 9670531 ns
Total end-to-end search time: 9845723 ns
Total end-to-end search time: 9572206 ns
Total end-to-end search time: 9425906 ns
Total end-to-end search time: 10543608 ns
Total end-to-end search time: 11566283 ns
Total end-to-end search time: 11453491 ns
Total end-to-end search time: 12086994 ns
Total end-to-end search time: 11207343 ns
Total end-to-end search time: 11691507 ns
Total end-to-end search time: 11931971 ns
Total end-to-end search time: 11774978 ns
Total end-to-end search time: 13026797 ns
Total end-to-end search time: 11718076 ns
Query: 16, nThreads: 16, warmup: 16
====================================================================================================
(ns)
Load index... Graph level 5..
Total end-to-end search time: 13372992 ns
Total end-to-end search time: 11745796 ns
Total end-to-end search time: 11873438 ns
Total end-to-end search time: 9757735 ns
Total end-to-end search time: 9919549 ns
Total end-to-end search time: 9612420 ns
Total end-to-end search time: 9407408 ns
Total end-to-end search time: 10566000 ns
Total end-to-end search time: 11615555 ns
Total end-to-end search time: 11491295 ns
Total end-to-end search time: 12091940 ns
Total end-to-end search time: 11153672 ns
Total end-to-end search time: 11705558 ns
Total end-to-end search time: 11941922 ns
Total end-to-end search time: 11793871 ns
Total end-to-end search time: 13069258 ns
Total end-to-end search time: 11848956 ns
Query: 16, nThreads: 16, warmup: 16
====================================================================================================
(ns)
Load index... Graph level 5..
Total end-to-end search time: 13429291 ns
Total end-to-end search time: 11705436 ns
Total end-to-end search time: 11882435 ns
Total end-to-end search time: 9778944 ns
Total end-to-end search time: 9902842 ns
Total end-to-end search time: 9873847 ns
Total end-to-end search time: 9518150 ns
Total end-to-end search time: 10675995 ns
Total end-to-end search time: 11748365 ns
Total end-to-end search time: 11582717 ns
Total end-to-end search time: 12165599 ns
Total end-to-end search time: 11275584 ns
Total end-to-end search time: 11742408 ns
Total end-to-end search time: 12025597 ns
Total end-to-end search time: 11880568 ns
Total end-to-end search time: 13129131 ns
Total end-to-end search time: 11795226 ns
Query: 16, nThreads: 16, warmup: 16
====================================================================================================
(ns)
Load index... Graph level 5..
Total end-to-end search time: 13642572 ns
Total end-to-end search time: 11733698 ns
Total end-to-end search time: 11965055 ns
Total end-to-end search time: 9835386 ns
Total end-to-end search time: 9972813 ns
Total end-to-end search time: 9688986 ns
Total end-to-end search time: 9575889 ns
Total end-to-end search time: 10692250 ns
Total end-to-end search time: 11706190 ns
Total end-to-end search time: 11565823 ns
Total end-to-end search time: 12150702 ns
Total end-to-end search time: 11206442 ns
Total end-to-end search time: 11693272 ns
Total end-to-end search time: 11934060 ns
Total end-to-end search time: 11761197 ns
Total end-to-end search time: 13058438 ns
Total end-to-end search time: 11805345 ns
Query: 16, nThreads: 16, warmup: 16
====================================================================================================
(ns)
Load index... Graph level 5..
Total end-to-end search time: 13428777 ns
Total end-to-end search time: 11613789 ns
Total end-to-end search time: 11824810 ns
Total end-to-end search time: 9693184 ns
Total end-to-end search time: 9848803 ns
Total end-to-end search time: 9548234 ns
Total end-to-end search time: 9382113 ns
Total end-to-end search time: 10535357 ns
Total end-to-end search time: 11550665 ns
Total end-to-end search time: 11400591 ns
Total end-to-end search time: 12046815 ns
Total end-to-end search time: 11126612 ns
Total end-to-end search time: 11695441 ns
Total end-to-end search time: 11862483 ns
Total end-to-end search time: 11696386 ns
Total end-to-end search time: 12958612 ns
Total end-to-end search time: 11712484 ns
Query: 16, nThreads: 16, warmup: 16
====================================================================================================
(ns)
Load index... Graph level 5..
Total end-to-end search time: 13413648 ns
Total end-to-end search time: 11683866 ns
Total end-to-end search time: 11911925 ns
Total end-to-end search time: 9780804 ns
Total end-to-end search time: 9931649 ns
Total end-to-end search time: 9669685 ns
Total end-to-end search time: 9523480 ns
Total end-to-end search time: 10633189 ns
Total end-to-end search time: 11589087 ns
Total end-to-end search time: 11539730 ns
Total end-to-end search time: 12189892 ns
Total end-to-end search time: 11286097 ns
Total end-to-end search time: 11699139 ns
Total end-to-end search time: 11943152 ns
Total end-to-end search time: 11793387 ns
Total end-to-end search time: 13043994 ns
Total end-to-end search time: 11843331 ns
Query: 16, nThreads: 16, warmup: 16
====================================================================================================
(ns)
Load index... Graph level 5..
Total end-to-end search time: 13440886 ns
Total end-to-end search time: 11714160 ns
Total end-to-end search time: 11846190 ns
Total end-to-end search time: 9773205 ns
Total end-to-end search time: 9950822 ns
Total end-to-end search time: 9610487 ns
Total end-to-end search time: 9451699 ns
Total end-to-end search time: 10578139 ns
Total end-to-end search time: 11634112 ns
Total end-to-end search time: 11470987 ns
Total end-to-end search time: 12065438 ns
Total end-to-end search time: 11162859 ns
Total end-to-end search time: 11671406 ns
Total end-to-end search time: 12037254 ns
Total end-to-end search time: 11850686 ns
Total end-to-end search time: 13073269 ns
Total end-to-end search time: 11832147 ns
Query: 16, nThreads: 16, warmup: 16
====================================================================================================
(ns)
Load index... Graph level 5..
Total end-to-end search time: 13493914 ns
Total end-to-end search time: 11704057 ns
Total end-to-end search time: 11874733 ns
Total end-to-end search time: 9776867 ns
Total end-to-end search time: 9920045 ns
Total end-to-end search time: 9632565 ns
Total end-to-end search time: 9511901 ns
Total end-to-end search time: 10577659 ns
Total end-to-end search time: 11627817 ns
Total end-to-end search time: 11456589 ns
Total end-to-end search time: 12071632 ns
Total end-to-end search time: 11191256 ns
Total end-to-end search time: 11740651 ns
Total end-to-end search time: 11943335 ns
Total end-to-end search time: 11802585 ns
Total end-to-end search time: 13076189 ns
Total end-to-end search time: 11815562 ns
Query: 16, nThreads: 16, warmup: 16
====================================================================================================
(ns)
Load index... Graph level 5..
Total end-to-end search time: 13510046 ns
Total end-to-end search time: 11713379 ns
Total end-to-end search time: 11848412 ns
Total end-to-end search time: 9783397 ns
Total end-to-end search time: 9875252 ns
Total end-to-end search time: 9605768 ns
Total end-to-end search time: 9456807 ns
Total end-to-end search time: 10576107 ns
Total end-to-end search time: 11595320 ns
Total end-to-end search time: 11433745 ns
Total end-to-end search time: 12086733 ns
Total end-to-end search time: 11150942 ns
Total end-to-end search time: 11661842 ns
Total end-to-end search time: 11860597 ns
Total end-to-end search time: 11709742 ns
Total end-to-end search time: 12978916 ns
Total end-to-end search time: 11767792 ns
Query: 16, nThreads: 16, warmup: 16
====================================================================================================
(ns)
Load index... Graph level 5..
Total end-to-end search time: 13371508 ns
Total end-to-end search time: 11699025 ns
Total end-to-end search time: 11853734 ns
Total end-to-end search time: 9732603 ns
Total end-to-end search time: 9876208 ns
Total end-to-end search time: 9602484 ns
Total end-to-end search time: 9457893 ns
Total end-to-end search time: 10586610 ns
Total end-to-end search time: 11612381 ns
Total end-to-end search time: 11456183 ns
Total end-to-end search time: 12067728 ns
Total end-to-end search time: 11153710 ns
Total end-to-end search time: 11706303 ns
Total end-to-end search time: 11910884 ns
Total end-to-end search time: 11759805 ns
Total end-to-end search time: 13003070 ns
Total end-to-end search time: 11786743 ns
Query: 16, nThreads: 16, warmup: 16
====================================================================================================
(ns)
Load index... Graph level 5..
Total end-to-end search time: 13326462 ns
Total end-to-end search time: 11655654 ns
Total end-to-end search time: 11839172 ns
Total end-to-end search time: 9753541 ns
Total end-to-end search time: 9877052 ns
Total end-to-end search time: 9615621 ns
Total end-to-end search time: 9458452 ns
Total end-to-end search time: 10618137 ns
Total end-to-end search time: 11627218 ns
Total end-to-end search time: 11461978 ns
Total end-to-end search time: 12150894 ns
Total end-to-end search time: 11230628 ns
Total end-to-end search time: 11728949 ns
Total end-to-end search time: 11967567 ns
Total end-to-end search time: 11821254 ns
Total end-to-end search time: 13107969 ns
Total end-to-end search time: 11885650 ns
Query: 16, nThreads: 16, warmup: 16
====================================================================================================
(ns)
Load index... Graph level 5..
Total end-to-end search time: 13376674 ns
Total end-to-end search time: 11647085 ns
Total end-to-end search time: 11946412 ns
Total end-to-end search time: 9775904 ns
Total end-to-end search time: 9969131 ns
Total end-to-end search time: 9664324 ns
Total end-to-end search time: 9531560 ns
Total end-to-end search time: 10676433 ns
Total end-to-end search time: 11618922 ns
Total end-to-end search time: 11470360 ns
Total end-to-end search time: 12092216 ns
Total end-to-end search time: 11211160 ns
Total end-to-end search time: 11728217 ns
Total end-to-end search time: 11999204 ns
Total end-to-end search time: 11872697 ns
Total end-to-end search time: 13107612 ns
Total end-to-end search time: 11874932 ns
Query: 16, nThreads: 16, warmup: 16
====================================================================================================
(ns)
Load index... Graph level 5..
Total end-to-end search time: 13611268 ns
Total end-to-end search time: 11781390 ns
Total end-to-end search time: 12020574 ns
Total end-to-end search time: 9857609 ns
Total end-to-end search time: 9992211 ns
Total end-to-end search time: 9703743 ns
Total end-to-end search time: 9571720 ns
Total end-to-end search time: 10613707 ns
Total end-to-end search time: 11663755 ns
Total end-to-end search time: 11514424 ns
Total end-to-end search time: 12153238 ns
Total end-to-end search time: 11286087 ns
Total end-to-end search time: 11844148 ns
Total end-to-end search time: 12077961 ns
Total end-to-end search time: 11837827 ns
Total end-to-end search time: 13105185 ns
Total end-to-end search time: 11849057 ns
Query: 16, nThreads: 16, warmup: 16
====================================================================================================
(ns)
Load index... Graph level 5..
Total end-to-end search time: 13462990 ns
Total end-to-end search time: 11630377 ns
Total end-to-end search time: 11857833 ns
Total end-to-end search time: 9749560 ns
Total end-to-end search time: 9889563 ns
Total end-to-end search time: 9610139 ns
Total end-to-end search time: 9466672 ns
Total end-to-end search time: 10581284 ns
Total end-to-end search time: 11637933 ns
Total end-to-end search time: 11527042 ns
Total end-to-end search time: 12174205 ns
Total end-to-end search time: 11403660 ns
Total end-to-end search time: 11679473 ns
Total end-to-end search time: 11917567 ns
Total end-to-end search time: 11737963 ns
Total end-to-end search time: 13013306 ns
Total end-to-end search time: 11828155 ns
Query: 16, nThreads: 16, warmup: 16
====================================================================================================
(ns)
Load index... Graph level 5..
Total end-to-end search time: 13482000 ns
Total end-to-end search time: 11749440 ns
Total end-to-end search time: 11922920 ns
Total end-to-end search time: 9814954 ns
Total end-to-end search time: 9937433 ns
Total end-to-end search time: 9682548 ns
Total end-to-end search time: 9453292 ns
Total end-to-end search time: 10618096 ns
Total end-to-end search time: 11631509 ns
Total end-to-end search time: 11452117 ns
Total end-to-end search time: 12068226 ns
Total end-to-end search time: 11178573 ns
Total end-to-end search time: 11709199 ns
Total end-to-end search time: 11911991 ns
Total end-to-end search time: 11741261 ns
Total end-to-end search time: 13039621 ns
Total end-to-end search time: 11886060 ns
Query: 16, nThreads: 16, warmup: 16
====================================================================================================
(ns)
Load index... Graph level 5..
Total end-to-end search time: 13455969 ns
Total end-to-end search time: 11808941 ns
Total end-to-end search time: 11942896 ns
Total end-to-end search time: 9805135 ns
Total end-to-end search time: 9954846 ns
Total end-to-end search time: 9674635 ns
Total end-to-end search time: 9483620 ns
Total end-to-end search time: 10630978 ns
Total end-to-end search time: 11666809 ns
Total end-to-end search time: 11503513 ns
Total end-to-end search time: 12163369 ns
Total end-to-end search time: 11231728 ns
Total end-to-end search time: 11738109 ns
Total end-to-end search time: 11974332 ns
Total end-to-end search time: 11778576 ns
Total end-to-end search time: 13093365 ns
Total end-to-end search time: 11802879 ns
Query: 16, nThreads: 16, warmup: 16
====================================================================================================
(ns)
Load index... Graph level 5..
Total end-to-end search time: 13408785 ns
Total end-to-end search time: 11597143 ns
Total end-to-end search time: 11804893 ns
Total end-to-end search time: 9705347 ns
Total end-to-end search time: 9869061 ns
Total end-to-end search time: 9560350 ns
Total end-to-end search time: 9413812 ns
Total end-to-end search time: 10602074 ns
Total end-to-end search time: 11636704 ns
Total end-to-end search time: 11477470 ns
Total end-to-end search time: 12142304 ns
Total end-to-end search time: 11168827 ns
Total end-to-end search time: 11624646 ns
Total end-to-end search time: 11894498 ns
Total end-to-end search time: 11695787 ns
Total end-to-end search time: 12991186 ns
Total end-to-end search time: 11748522 ns
Query: 16, nThreads: 16, warmup: 16
====================================================================================================
(ns)
Load index... Graph level 5..
Total end-to-end search time: 13329186 ns
Total end-to-end search time: 11708396 ns
Total end-to-end search time: 11891645 ns
Total end-to-end search time: 9923857 ns
Total end-to-end search time: 9870881 ns
Total end-to-end search time: 9564617 ns
Total end-to-end search time: 9466748 ns
Total end-to-end search time: 10574095 ns
Total end-to-end search time: 11633296 ns
Total end-to-end search time: 11508585 ns
Total end-to-end search time: 12109956 ns
Total end-to-end search time: 11169682 ns
Total end-to-end search time: 11662327 ns
Total end-to-end search time: 11948435 ns
Total end-to-end search time: 11732758 ns
Total end-to-end search time: 13036006 ns
Total end-to-end search time: 11761695 ns
