Query: 16, nThreads: 4, warmup: 16
====================================================================================================
(ns)
Load index... Graph level 5..
Total end-to-end search time: 13423191 ns
Total end-to-end search time: 11559269 ns
Total end-to-end search time: 11795652 ns
Total end-to-end search time: 9764144 ns
Total end-to-end search time: 9868659 ns
Total end-to-end search time: 9557322 ns
Total end-to-end search time: 9425209 ns
Total end-to-end search time: 10577519 ns
Total end-to-end search time: 11589141 ns
Total end-to-end search time: 11433195 ns
Total end-to-end search time: 12072636 ns
Total end-to-end search time: 11122831 ns
Total end-to-end search time: 11663538 ns
Total end-to-end search time: 11861265 ns
Total end-to-end search time: 11710950 ns
Total end-to-end search time: 12969444 ns
Total end-to-end search time: 11939934 ns
Query: 16, nThreads: 4, warmup: 16
====================================================================================================
(ns)
Load index... Graph level 5..
Total end-to-end search time: 13327967 ns
Total end-to-end search time: 11632152 ns
Total end-to-end search time: 11781440 ns
Total end-to-end search time: 9664795 ns
Total end-to-end search time: 9837702 ns
Total end-to-end search time: 9588675 ns
Total end-to-end search time: 9400499 ns
Total end-to-end search time: 10579617 ns
Total end-to-end search time: 11558501 ns
Total end-to-end search time: 11395969 ns
Total end-to-end search time: 12003233 ns
Total end-to-end search time: 11093382 ns
Total end-to-end search time: 11632125 ns
Total end-to-end search time: 11870457 ns
Total end-to-end search time: 11661138 ns
Total end-to-end search time: 12926912 ns
Total end-to-end search time: 11713143 ns
Query: 16, nThreads: 4, warmup: 16
====================================================================================================
(ns)
Load index... Graph level 5..
Total end-to-end search time: 13442546 ns
Total end-to-end search time: 11648014 ns
Total end-to-end search time: 11824135 ns
Total end-to-end search time: 9732660 ns
Total end-to-end search time: 9848322 ns
Total end-to-end search time: 9581320 ns
Total end-to-end search time: 9420955 ns
Total end-to-end search time: 10582111 ns
Total end-to-end search time: 11560906 ns
Total end-to-end search time: 11439266 ns
Total end-to-end search time: 12063580 ns
Total end-to-end search time: 11229020 ns
Total end-to-end search time: 11719873 ns
Total end-to-end search time: 11971730 ns
Total end-to-end search time: 11787253 ns
Total end-to-end search time: 13081362 ns
Total end-to-end search time: 11809527 ns
Query: 16, nThreads: 4, warmup: 16
====================================================================================================
(ns)
Load index... Graph level 5..
Total end-to-end search time: 13546639 ns
Total end-to-end search time: 11765639 ns
Total end-to-end search time: 11938476 ns
Total end-to-end search time: 9839144 ns
Total end-to-end search time: 9924121 ns
Total end-to-end search time: 9629402 ns
Total end-to-end search time: 9461710 ns
Total end-to-end search time: 10618900 ns
Total end-to-end search time: 11598687 ns
Total end-to-end search time: 11444478 ns
Total end-to-end search time: 12111675 ns
Total end-to-end search time: 11240097 ns
Total end-to-end search time: 11789857 ns
Total end-to-end search time: 12004150 ns
Total end-to-end search time: 11849482 ns
Total end-to-end search time: 13109248 ns
Total end-to-end search time: 11860054 ns
Query: 16, nThreads: 4, warmup: 16
====================================================================================================
(ns)
Load index... Graph level 5..
Total end-to-end search time: 13358591 ns
Total end-to-end search time: 11650977 ns
Total end-to-end search time: 11899656 ns
Total end-to-end search time: 9794924 ns
Total end-to-end search time: 9913114 ns
Total end-to-end search time: 9659818 ns
Total end-to-end search time: 9455122 ns
Total end-to-end search time: 10601869 ns
Total end-to-end search time: 11633083 ns
Total end-to-end search time: 11473817 ns
Total end-to-end search time: 12112249 ns
Total end-to-end search time: 11245917 ns
Total end-to-end search time: 11759322 ns
Total end-to-end search time: 11982387 ns
Total end-to-end search time: 12043261 ns
Total end-to-end search time: 13065653 ns
Total end-to-end search time: 11832098 ns
Query: 16, nThreads: 4, warmup: 16
====================================================================================================
(ns)
Load index... Graph level 5..
Total end-to-end search time: 13455274 ns
Total end-to-end search time: 11608072 ns
Total end-to-end search time: 11782422 ns
Total end-to-end search time: 9681040 ns
Total end-to-end search time: 9813284 ns
Total end-to-end search time: 9535697 ns
Total end-to-end search time: 9440611 ns
Total end-to-end search time: 10604205 ns
Total end-to-end search time: 11587291 ns
Total end-to-end search time: 11382054 ns
Total end-to-end search time: 12086272 ns
Total end-to-end search time: 11133751 ns
Total end-to-end search time: 11625259 ns
Total end-to-end search time: 11835075 ns
Total end-to-end search time: 11717214 ns
Total end-to-end search time: 12954503 ns
Total end-to-end search time: 11704363 ns
Query: 16, nThreads: 4, warmup: 16
====================================================================================================
(ns)
Load index... Graph level 5..
Total end-to-end search time: 13379310 ns
Total end-to-end search time: 11655467 ns
Total end-to-end search time: 11820091 ns
Total end-to-end search time: 9746660 ns
Total end-to-end search time: 9880374 ns
Total end-to-end search time: 9616939 ns
Total end-to-end search time: 9512253 ns
Total end-to-end search time: 10555873 ns
Total end-to-end search time: 11555134 ns
Total end-to-end search time: 11423056 ns
Total end-to-end search time: 12028221 ns
Total end-to-end search time: 11156798 ns
Total end-to-end search time: 11665952 ns
Total end-to-end search time: 11861113 ns
Total end-to-end search time: 11690793 ns
Total end-to-end search time: 12959104 ns
Total end-to-end search time: 11725219 ns
Query: 16, nThreads: 4, warmup: 16
====================================================================================================
(ns)
Load index... Graph level 5..
Total end-to-end search time: 13543228 ns
Total end-to-end search time: 11728481 ns
Total end-to-end search time: 11941766 ns
Total end-to-end search time: 9802954 ns
Total end-to-end search time: 9939233 ns
Total end-to-end search time: 9651060 ns
Total end-to-end search time: 9512884 ns
Total end-to-end search time: 10732602 ns
Total end-to-end search time: 11743537 ns
Total end-to-end search time: 11547333 ns
Total end-to-end search time: 12158066 ns
Total end-to-end search time: 11246958 ns
Total end-to-end search time: 11720578 ns
Total end-to-end search time: 11949295 ns
Total end-to-end search time: 11805529 ns
Total end-to-end search time: 13119851 ns
Total end-to-end search time: 11902708 ns
Query: 16, nThreads: 4, warmup: 16
====================================================================================================
(ns)
Load index... Graph level 5..
Total end-to-end search time: 13420003 ns
Total end-to-end search time: 11654554 ns
Total end-to-end search time: 11864907 ns
Total end-to-end search time: 9745667 ns
Total end-to-end search time: 10104115 ns
Total end-to-end search time: 9654492 ns
Total end-to-end search time: 9472530 ns
Total end-to-end search time: 10632660 ns
Total end-to-end search time: 11660376 ns
Total end-to-end search time: 11486267 ns
Total end-to-end search time: 12121723 ns
Total end-to-end search time: 11234532 ns
Total end-to-end search time: 11710005 ns
Total end-to-end search time: 11979213 ns
Total end-to-end search time: 11777244 ns
Total end-to-end search time: 13079787 ns
Total end-to-end search time: 11786803 ns
Query: 16, nThreads: 4, warmup: 16
====================================================================================================
(ns)
Load index... Graph level 5..
Total end-to-end search time: 13486955 ns
Total end-to-end search time: 11782742 ns
Total end-to-end search time: 11859711 ns
Total end-to-end search time: 9768082 ns
Total end-to-end search time: 9900396 ns
Total end-to-end search time: 9626058 ns
Total end-to-end search time: 9461438 ns
Total end-to-end search time: 10610782 ns
Total end-to-end search time: 11635891 ns
Total end-to-end search time: 11464550 ns
Total end-to-end search time: 12113412 ns
Total end-to-end search time: 11223357 ns
Total end-to-end search time: 11654128 ns
Total end-to-end search time: 11933807 ns
Total end-to-end search time: 11751917 ns
Total end-to-end search time: 13049944 ns
Total end-to-end search time: 11808231 ns
Query: 16, nThreads: 4, warmup: 16
====================================================================================================
(ns)
Load index... Graph level 5..
Total end-to-end search time: 13324423 ns
Total end-to-end search time: 11649376 ns
Total end-to-end search time: 11815456 ns
Total end-to-end search time: 9681612 ns
Total end-to-end search time: 9890341 ns
Total end-to-end search time: 9610591 ns
Total end-to-end search time: 9438802 ns
Total end-to-end search time: 10551901 ns
Total end-to-end search time: 11548301 ns
Total end-to-end search time: 11423909 ns
Total end-to-end search time: 12031022 ns
Total end-to-end search time: 11119829 ns
Total end-to-end search time: 11601025 ns
Total end-to-end search time: 11842256 ns
Total end-to-end search time: 11834730 ns
Total end-to-end search time: 13086741 ns
Total end-to-end search time: 11784436 ns
Query: 16, nThreads: 4, warmup: 16
====================================================================================================
(ns)
Load index... Graph level 5..
Total end-to-end search time: 13329169 ns
Total end-to-end search time: 11576374 ns
Total end-to-end search time: 11797195 ns
Total end-to-end search time: 9738319 ns
Total end-to-end search time: 9871413 ns
Total end-to-end search time: 9585583 ns
Total end-to-end search time: 9502278 ns
Total end-to-end search time: 10565095 ns
Total end-to-end search time: 11661532 ns
Total end-to-end search time: 11427535 ns
Total end-to-end search time: 12039515 ns
Total end-to-end search time: 11212493 ns
Total end-to-end search time: 11682464 ns
Total end-to-end search time: 11951492 ns
Total end-to-end search time: 11775381 ns
Total end-to-end search time: 13063236 ns
Total end-to-end search time: 11816874 ns
Query: 16, nThreads: 4, warmup: 16
====================================================================================================
(ns)
Load index... Graph level 5..
Total end-to-end search time: 13592337 ns
Total end-to-end search time: 11708593 ns
Total end-to-end search time: 11930622 ns
Total end-to-end search time: 9719906 ns
Total end-to-end search time: 9921528 ns
Total end-to-end search time: 9658354 ns
Total end-to-end search time: 9462863 ns
Total end-to-end search time: 10643181 ns
Total end-to-end search time: 11648365 ns
Total end-to-end search time: 11451643 ns
Total end-to-end search time: 12089359 ns
Total end-to-end search time: 11193695 ns
Total end-to-end search time: 11692689 ns
Total end-to-end search time: 11966610 ns
Total end-to-end search time: 11767813 ns
Total end-to-end search time: 13014402 ns
Total end-to-end search time: 11806698 ns
Query: 16, nThreads: 4, warmup: 16
====================================================================================================
(ns)
Load index... Graph level 5..
Total end-to-end search time: 13508065 ns
Total end-to-end search time: 11774619 ns
Total end-to-end search time: 11968509 ns
Total end-to-end search time: 9776636 ns
Total end-to-end search time: 9959425 ns
Total end-to-end search time: 9623297 ns
Total end-to-end search time: 9476886 ns
Total end-to-end search time: 10642257 ns
Total end-to-end search time: 11634036 ns
Total end-to-end search time: 11492103 ns
Total end-to-end search time: 12078622 ns
Total end-to-end search time: 11243544 ns
Total end-to-end search time: 11699680 ns
Total end-to-end search time: 11996440 ns
Total end-to-end search time: 11844721 ns
Total end-to-end search time: 13093991 ns
Total end-to-end search time: 11812511 ns
Query: 16, nThreads: 4, warmup: 16
====================================================================================================
(ns)
Load index... Graph level 5..
Total end-to-end search time: 13363344 ns
Total end-to-end search time: 11647757 ns
Total end-to-end search time: 11808194 ns
Total end-to-end search time: 9694437 ns
Total end-to-end search time: 9827501 ns
Total end-to-end search time: 9581232 ns
Total end-to-end search time: 9466299 ns
Total end-to-end search time: 10601913 ns
Total end-to-end search time: 11614830 ns
Total end-to-end search time: 11449027 ns
Total end-to-end search time: 12087296 ns
Total end-to-end search time: 11173688 ns
Total end-to-end search time: 11713010 ns
Total end-to-end search time: 11902311 ns
Total end-to-end search time: 11796227 ns
Total end-to-end search time: 13054236 ns
Total end-to-end search time: 11799927 ns
Query: 16, nThreads: 4, warmup: 16
====================================================================================================
(ns)
Load index... Graph level 5..
Total end-to-end search time: 13380488 ns
Total end-to-end search time: 11652030 ns
Total end-to-end search time: 11821189 ns
Total end-to-end search time: 9729383 ns
Total end-to-end search time: 9829857 ns
Total end-to-end search time: 9579641 ns
Total end-to-end search time: 9433347 ns
Total end-to-end search time: 10550031 ns
Total end-to-end search time: 11596358 ns
Total end-to-end search time: 11406506 ns
Total end-to-end search time: 12065950 ns
Total end-to-end search time: 11188306 ns
Total end-to-end search time: 11687341 ns
Total end-to-end search time: 12124804 ns
Total end-to-end search time: 11729570 ns
Total end-to-end search time: 12983474 ns
Total end-to-end search time: 11739421 ns
Query: 16, nThreads: 4, warmup: 16
====================================================================================================
(ns)
Load index... Graph level 5..
Total end-to-end search time: 13455819 ns
Total end-to-end search time: 11767985 ns
Total end-to-end search time: 11925688 ns
Total end-to-end search time: 9810860 ns
Total end-to-end search time: 9904821 ns
Total end-to-end search time: 9599820 ns
Total end-to-end search time: 9488183 ns
Total end-to-end search time: 10629997 ns
Total end-to-end search time: 11689000 ns
Total end-to-end search time: 11606027 ns
Total end-to-end search time: 12121281 ns
Total end-to-end search time: 11196975 ns
Total end-to-end search time: 11682924 ns
Total end-to-end search time: 11934031 ns
Total end-to-end search time: 11783990 ns
Total end-to-end search time: 13087554 ns
Total end-to-end search time: 11830769 ns
Query: 16, nThreads: 4, warmup: 16
====================================================================================================
(ns)
Load index... Graph level 5..
Total end-to-end search time: 13610639 ns
Total end-to-end search time: 11802382 ns
Total end-to-end search time: 11920517 ns
Total end-to-end search time: 9822807 ns
Total end-to-end search time: 9957298 ns
Total end-to-end search time: 9668335 ns
Total end-to-end search time: 9490416 ns
Total end-to-end search time: 10651815 ns
Total end-to-end search time: 11656786 ns
Total end-to-end search time: 11507001 ns
Total end-to-end search time: 12142228 ns
Total end-to-end search time: 11257839 ns
Total end-to-end search time: 11785242 ns
Total end-to-end search time: 12062218 ns
Total end-to-end search time: 11818146 ns
Total end-to-end search time: 13080958 ns
Total end-to-end search time: 11831746 ns
Query: 16, nThreads: 4, warmup: 16
====================================================================================================
(ns)
Load index... Graph level 5..
Total end-to-end search time: 13429757 ns
Total end-to-end search time: 11720507 ns
Total end-to-end search time: 11860831 ns
Total end-to-end search time: 9779332 ns
Total end-to-end search time: 9949326 ns
Total end-to-end search time: 9660220 ns
Total end-to-end search time: 9516068 ns
Total end-to-end search time: 10652416 ns
Total end-to-end search time: 11672443 ns
Total end-to-end search time: 11513223 ns
Total end-to-end search time: 12183958 ns
Total end-to-end search time: 11251849 ns
Total end-to-end search time: 11728935 ns
Total end-to-end search time: 12014374 ns
Total end-to-end search time: 11859711 ns
Total end-to-end search time: 13061954 ns
Total end-to-end search time: 11850465 ns
Query: 16, nThreads: 4, warmup: 16
====================================================================================================
(ns)
Load index... Graph level 5..
Total end-to-end search time: 13524198 ns
Total end-to-end search time: 11597891 ns
Total end-to-end search time: 11770510 ns
Total end-to-end search time: 9684226 ns
Total end-to-end search time: 10054320 ns
Total end-to-end search time: 9552236 ns
Total end-to-end search time: 9407583 ns
Total end-to-end search time: 10558598 ns
Total end-to-end search time: 11556515 ns
Total end-to-end search time: 11431465 ns
Total end-to-end search time: 12040652 ns
Total end-to-end search time: 11105648 ns
Total end-to-end search time: 11643242 ns
Total end-to-end search time: 11873248 ns
Total end-to-end search time: 11798530 ns
Total end-to-end search time: 13036097 ns
Total end-to-end search time: 11735023 ns
Query: 16, nThreads: 4, warmup: 16
====================================================================================================
(ns)
Load index... Graph level 5..
Total end-to-end search time: 13384759 ns
Total end-to-end search time: 11679168 ns
Total end-to-end search time: 11839995 ns
Total end-to-end search time: 9681647 ns
Total end-to-end search time: 9828582 ns
Total end-to-end search time: 9585720 ns
Total end-to-end search time: 9406755 ns
Total end-to-end search time: 10538499 ns
Total end-to-end search time: 11570525 ns
Total end-to-end search time: 11404038 ns
Total end-to-end search time: 12060809 ns
Total end-to-end search time: 11133960 ns
Total end-to-end search time: 11625545 ns
Total end-to-end search time: 11956211 ns
Total end-to-end search time: 11802878 ns
Total end-to-end search time: 13050932 ns
Total end-to-end search time: 11835169 ns
Query: 16, nThreads: 4, warmup: 16
====================================================================================================
(ns)
Load index... Graph level 5..
Total end-to-end search time: 13391678 ns
Total end-to-end search time: 11653864 ns
Total end-to-end search time: 11872421 ns
Total end-to-end search time: 9771329 ns
Total end-to-end search time: 9894316 ns
Total end-to-end search time: 9679667 ns
Total end-to-end search time: 9510312 ns
Total end-to-end search time: 10629301 ns
Total end-to-end search time: 11632648 ns
Total end-to-end search time: 11463408 ns
Total end-to-end search time: 12123707 ns
Total end-to-end search time: 11184760 ns
Total end-to-end search time: 11704897 ns
Total end-to-end search time: 11977684 ns
Total end-to-end search time: 11801329 ns
Total end-to-end search time: 13062442 ns
Total end-to-end search time: 11805334 ns
Query: 16, nThreads: 4, warmup: 16
====================================================================================================
(ns)
Load index... Graph level 5..
Total end-to-end search time: 13568934 ns
Total end-to-end search time: 11792190 ns
Total end-to-end search time: 11968732 ns
Total end-to-end search time: 9834511 ns
Total end-to-end search time: 9925544 ns
Total end-to-end search time: 9663938 ns
Total end-to-end search time: 9527636 ns
Total end-to-end search time: 10689352 ns
Total end-to-end search time: 11707385 ns
Total end-to-end search time: 11515973 ns
Total end-to-end search time: 12187522 ns
Total end-to-end search time: 11281402 ns
Total end-to-end search time: 11739784 ns
Total end-to-end search time: 12059991 ns
Total end-to-end search time: 11890058 ns
Total end-to-end search time: 13198178 ns
Total end-to-end search time: 11919756 ns
Query: 16, nThreads: 4, warmup: 16
====================================================================================================
(ns)
Load index... Graph level 5..
Total end-to-end search time: 13337324 ns
Total end-to-end search time: 11655645 ns
Total end-to-end search time: 11833271 ns
Total end-to-end search time: 9738232 ns
Total end-to-end search time: 9880883 ns
Total end-to-end search time: 9605027 ns
Total end-to-end search time: 9564489 ns
Total end-to-end search time: 10659995 ns
Total end-to-end search time: 11692298 ns
Total end-to-end search time: 11497126 ns
Total end-to-end search time: 12088406 ns
Total end-to-end search time: 11176978 ns
Total end-to-end search time: 11713808 ns
Total end-to-end search time: 11922516 ns
Total end-to-end search time: 11743224 ns
Total end-to-end search time: 13047063 ns
Total end-to-end search time: 11804647 ns
Query: 16, nThreads: 4, warmup: 16
====================================================================================================
(ns)
Load index... Graph level 5..
Total end-to-end search time: 13358766 ns
Total end-to-end search time: 11509321 ns
Total end-to-end search time: 11764966 ns
Total end-to-end search time: 9692334 ns
Total end-to-end search time: 9842646 ns
Total end-to-end search time: 9534467 ns
Total end-to-end search time: 9361177 ns
Total end-to-end search time: 10611135 ns
Total end-to-end search time: 11644219 ns
Total end-to-end search time: 11502394 ns
Total end-to-end search time: 12038444 ns
Total end-to-end search time: 11158055 ns
Total end-to-end search time: 11621320 ns
Total end-to-end search time: 11872489 ns
Total end-to-end search time: 11693364 ns
Total end-to-end search time: 12957530 ns
Total end-to-end search time: 11703224 ns
Query: 16, nThreads: 4, warmup: 16
====================================================================================================
(ns)
Load index... Graph level 5..
Total end-to-end search time: 13508992 ns
Total end-to-end search time: 11741210 ns
Total end-to-end search time: 11952919 ns
Total end-to-end search time: 9787014 ns
Total end-to-end search time: 9910733 ns
Total end-to-end search time: 9677100 ns
Total end-to-end search time: 9526727 ns
Total end-to-end search time: 10634193 ns
Total end-to-end search time: 11644234 ns
Total end-to-end search time: 11506267 ns
Total end-to-end search time: 12204837 ns
Total end-to-end search time: 11339943 ns
Total end-to-end search time: 11816714 ns
Total end-to-end search time: 12042543 ns
Total end-to-end search time: 11842327 ns
Total end-to-end search time: 13160851 ns
Total end-to-end search time: 11859700 ns
Query: 16, nThreads: 4, warmup: 16
====================================================================================================
(ns)
Load index... Graph level 5..
Total end-to-end search time: 13641801 ns
Total end-to-end search time: 11842222 ns
Total end-to-end search time: 11990446 ns
Total end-to-end search time: 9809751 ns
Total end-to-end search time: 9929802 ns
Total end-to-end search time: 9683544 ns
Total end-to-end search time: 9520248 ns
Total end-to-end search time: 11172537 ns
Total end-to-end search time: 11661826 ns
Total end-to-end search time: 11541350 ns
Total end-to-end search time: 12160604 ns
Total end-to-end search time: 11208536 ns
Total end-to-end search time: 11722822 ns
Total end-to-end search time: 11929282 ns
Total end-to-end search time: 11746196 ns
Total end-to-end search time: 13015439 ns
Total end-to-end search time: 11782431 ns
Query: 16, nThreads: 4, warmup: 16
====================================================================================================
(ns)
Load index... Graph level 5..
Total end-to-end search time: 13349152 ns
Total end-to-end search time: 11592247 ns
Total end-to-end search time: 11837496 ns
Total end-to-end search time: 9729030 ns
Total end-to-end search time: 9966950 ns
Total end-to-end search time: 9618571 ns
Total end-to-end search time: 9488260 ns
Total end-to-end search time: 10574190 ns
Total end-to-end search time: 11635004 ns
Total end-to-end search time: 11397016 ns
Total end-to-end search time: 12087275 ns
Total end-to-end search time: 11189399 ns
Total end-to-end search time: 11709845 ns
Total end-to-end search time: 11954257 ns
Total end-to-end search time: 11765582 ns
Total end-to-end search time: 13063776 ns
Total end-to-end search time: 11721232 ns
Query: 16, nThreads: 4, warmup: 16
====================================================================================================
(ns)
Load index... Graph level 5..
Total end-to-end search time: 13382662 ns
Total end-to-end search time: 11671826 ns
Total end-to-end search time: 11847584 ns
Total end-to-end search time: 9757298 ns
Total end-to-end search time: 9917117 ns
Total end-to-end search time: 9625507 ns
Total end-to-end search time: 9421588 ns
Total end-to-end search time: 10506784 ns
Total end-to-end search time: 11584817 ns
Total end-to-end search time: 11443487 ns
Total end-to-end search time: 12076494 ns
Total end-to-end search time: 11172757 ns
Total end-to-end search time: 11678667 ns
Total end-to-end search time: 11869377 ns
Total end-to-end search time: 11733537 ns
Total end-to-end search time: 13028370 ns
Total end-to-end search time: 11717270 ns
Query: 16, nThreads: 4, warmup: 16
====================================================================================================
(ns)
Load index... Graph level 5..
Total end-to-end search time: 13394381 ns
Total end-to-end search time: 11711729 ns
Total end-to-end search time: 11917220 ns
Total end-to-end search time: 9758040 ns
Total end-to-end search time: 9912120 ns
Total end-to-end search time: 9620638 ns
Total end-to-end search time: 9520118 ns
Total end-to-end search time: 10636255 ns
Total end-to-end search time: 11674896 ns
Total end-to-end search time: 11531463 ns
Total end-to-end search time: 12215428 ns
Total end-to-end search time: 11293438 ns
Total end-to-end search time: 11788367 ns
Total end-to-end search time: 12002183 ns
Total end-to-end search time: 11777355 ns
Total end-to-end search time: 13069360 ns
Total end-to-end search time: 11825324 ns
