Query: 2048, nThreads: 1, warmup: 1
====================================================================================================
(ns)
Load index... Graph level 5..
Total end-to-end search time: 1462812507 ns
Total end-to-end search time: 1447907149 ns
Query: 2048, nThreads: 1, warmup: 1
====================================================================================================
(ns)
Load index... Graph level 5..
Total end-to-end search time: 1473598813 ns
Total end-to-end search time: 1452018991 ns
Query: 2048, nThreads: 1, warmup: 1
====================================================================================================
(ns)
Load index... Graph level 5..
Total end-to-end search time: 1468977503 ns
Total end-to-end search time: 1452624242 ns
Query: 2048, nThreads: 1, warmup: 1
====================================================================================================
(ns)
Load index... Graph level 5..
Total end-to-end search time: 1466993658 ns
Total end-to-end search time: 1444973764 ns
Query: 2048, nThreads: 1, warmup: 1
====================================================================================================
(ns)
Load index... Graph level 5..
Total end-to-end search time: 1455953202 ns
Total end-to-end search time: 1444553331 ns
Query: 2048, nThreads: 1, warmup: 1
====================================================================================================
(ns)
Load index... Graph level 5..
Total end-to-end search time: 1466442255 ns
Total end-to-end search time: 1450622123 ns
Query: 2048, nThreads: 1, warmup: 1
====================================================================================================
(ns)
Load index... Graph level 5..
Total end-to-end search time: 1467047993 ns
Total end-to-end search time: 1447067939 ns
Query: 2048, nThreads: 1, warmup: 1
====================================================================================================
(ns)
Load index... Graph level 5..
Total end-to-end search time: 1477377295 ns
Total end-to-end search time: 1454194274 ns
Query: 2048, nThreads: 1, warmup: 1
====================================================================================================
(ns)
Load index... Graph level 5..
Total end-to-end search time: 1462046455 ns
Total end-to-end search time: 1444443515 ns
Query: 2048, nThreads: 1, warmup: 1
====================================================================================================
(ns)
Load index... Graph level 5..
Total end-to-end search time: 1463697115 ns
Total end-to-end search time: 1444655596 ns
Query: 2048, nThreads: 1, warmup: 1
====================================================================================================
(ns)
Load index... Graph level 5..
Total end-to-end search time: 1469361773 ns
Total end-to-end search time: 1450472448 ns
Query: 2048, nThreads: 1, warmup: 1
====================================================================================================
(ns)
Load index... Graph level 5..
Total end-to-end search time: 1458579142 ns
Total end-to-end search time: 1435016094 ns
Query: 2048, nThreads: 1, warmup: 1
====================================================================================================
(ns)
Load index... Graph level 5..
Total end-to-end search time: 1464535498 ns
Total end-to-end search time: 1445949732 ns
Query: 2048, nThreads: 1, warmup: 1
====================================================================================================
(ns)
Load index... Graph level 5..
Total end-to-end search time: 1465519361 ns
Total end-to-end search time: 1440633150 ns
Query: 2048, nThreads: 1, warmup: 1
====================================================================================================
(ns)
Load index... Graph level 5..
Total end-to-end search time: 1466175086 ns
Total end-to-end search time: 1444028395 ns
Query: 2048, nThreads: 1, warmup: 1
====================================================================================================
(ns)
Load index... Graph level 5..
Total end-to-end search time: 1460250106 ns
Total end-to-end search time: 1443021647 ns
Query: 2048, nThreads: 1, warmup: 1
====================================================================================================
(ns)
Load index... Graph level 5..
Total end-to-end search time: 1459569904 ns
Total end-to-end search time: 1440619382 ns
Query: 2048, nThreads: 1, warmup: 1
====================================================================================================
(ns)
Load index... Graph level 5..
Total end-to-end search time: 1473591798 ns
Total end-to-end search time: 1452721758 ns
Query: 2048, nThreads: 1, warmup: 1
====================================================================================================
(ns)
Load index... Graph level 5..
Total end-to-end search time: 1463823163 ns
Total end-to-end search time: 1445410525 ns
Query: 2048, nThreads: 1, warmup: 1
====================================================================================================
(ns)
Load index... Graph level 5..
Total end-to-end search time: 1465095721 ns
Total end-to-end search time: 1446619747 ns
Query: 2048, nThreads: 1, warmup: 1
====================================================================================================
(ns)
Load index... Graph level 5..
Total end-to-end search time: 1455407559 ns
Total end-to-end search time: 1453939907 ns
Query: 2048, nThreads: 1, warmup: 1
====================================================================================================
(ns)
Load index... Graph level 5..
Total end-to-end search time: 1456465435 ns
Total end-to-end search time: 1436482462 ns
Query: 2048, nThreads: 1, warmup: 1
====================================================================================================
(ns)
Load index... Graph level 5..
Total end-to-end search time: 1470292820 ns
Total end-to-end search time: 1444580570 ns
Query: 2048, nThreads: 1, warmup: 1
====================================================================================================
(ns)
Load index... Graph level 5..
Total end-to-end search time: 1465577651 ns
Total end-to-end search time: 1441967173 ns
Query: 2048, nThreads: 1, warmup: 1
====================================================================================================
(ns)
Load index... Graph level 5..
Total end-to-end search time: 1460706148 ns
Total end-to-end search time: 1446211031 ns
Query: 2048, nThreads: 1, warmup: 1
====================================================================================================
(ns)
Load index... Graph level 5..
Total end-to-end search time: 1458480778 ns
Total end-to-end search time: 1440473510 ns
Query: 2048, nThreads: 1, warmup: 1
====================================================================================================
(ns)
Load index... Graph level 5..
Total end-to-end search time: 1467467306 ns
Total end-to-end search time: 1452810179 ns
Query: 2048, nThreads: 1, warmup: 1
====================================================================================================
(ns)
Load index... Graph level 5..
Total end-to-end search time: 1473832810 ns
Total end-to-end search time: 1453602448 ns
Query: 2048, nThreads: 1, warmup: 1
====================================================================================================
(ns)
Load index... Graph level 5..
Total end-to-end search time: 1461509610 ns
Total end-to-end search time: 1443623875 ns
Query: 2048, nThreads: 1, warmup: 1
====================================================================================================
(ns)
Load index... Graph level 5..
Total end-to-end search time: 1461532792 ns
Total end-to-end search time: 1445052549 ns
