Query: 2048, nThreads: 16, warmup: 1
====================================================================================================
(ns)
Load index... Graph level 5..
Total end-to-end search time: 386788958 ns
Total end-to-end search time: 378432651 ns
Query: 2048, nThreads: 16, warmup: 1
====================================================================================================
(ns)
Load index... Graph level 5..
Total end-to-end search time: 386874949 ns
Total end-to-end search time: 379674634 ns
Query: 2048, nThreads: 16, warmup: 1
====================================================================================================
(ns)
Load index... Graph level 5..
Total end-to-end search time: 386633021 ns
Total end-to-end search time: 376848327 ns
Query: 2048, nThreads: 16, warmup: 1
====================================================================================================
(ns)
Load index... Graph level 5..
Total end-to-end search time: 385704268 ns
Total end-to-end search time: 374736400 ns
Query: 2048, nThreads: 16, warmup: 1
====================================================================================================
(ns)
Load index... Graph level 5..
Total end-to-end search time: 387443261 ns
Total end-to-end search time: 379370644 ns
Query: 2048, nThreads: 16, warmup: 1
====================================================================================================
(ns)
Load index... Graph level 5..
Total end-to-end search time: 387516316 ns
Total end-to-end search time: 379948750 ns
Query: 2048, nThreads: 16, warmup: 1
====================================================================================================
(ns)
Load index... Graph level 5..
Total end-to-end search time: 387190499 ns
Total end-to-end search time: 379300991 ns
Query: 2048, nThreads: 16, warmup: 1
====================================================================================================
(ns)
Load index... Graph level 5..
Total end-to-end search time: 386607781 ns
Total end-to-end search time: 377221665 ns
Query: 2048, nThreads: 16, warmup: 1
====================================================================================================
(ns)
Load index... Graph level 5..
Total end-to-end search time: 386913904 ns
Total end-to-end search time: 379357715 ns
Query: 2048, nThreads: 16, warmup: 1
====================================================================================================
(ns)
Load index... Graph level 5..
Total end-to-end search time: 386636740 ns
Total end-to-end search time: 379765172 ns
Query: 2048, nThreads: 16, warmup: 1
====================================================================================================
(ns)
Load index... Graph level 5..
Total end-to-end search time: 386454320 ns
Total end-to-end search time: 379487513 ns
Query: 2048, nThreads: 16, warmup: 1
====================================================================================================
(ns)
Load index... Graph level 5..
Total end-to-end search time: 386554450 ns
Total end-to-end search time: 379576879 ns
Query: 2048, nThreads: 16, warmup: 1
====================================================================================================
(ns)
Load index... Graph level 5..
Total end-to-end search time: 386381383 ns
Total end-to-end search time: 379282542 ns
Query: 2048, nThreads: 16, warmup: 1
====================================================================================================
(ns)
Load index... Graph level 5..
Total end-to-end search time: 385875964 ns
Total end-to-end search time: 379588049 ns
Query: 2048, nThreads: 16, warmup: 1
====================================================================================================
(ns)
Load index... Graph level 5..
Total end-to-end search time: 386795944 ns
Total end-to-end search time: 379805370 ns
Query: 2048, nThreads: 16, warmup: 1
====================================================================================================
(ns)
Load index... Graph level 5..
Total end-to-end search time: 386953151 ns
Total end-to-end search time: 379222473 ns
Query: 2048, nThreads: 16, warmup: 1
====================================================================================================
(ns)
Load index... Graph level 5..
Total end-to-end search time: 386934686 ns
Total end-to-end search time: 379564899 ns
Query: 2048, nThreads: 16, warmup: 1
====================================================================================================
(ns)
Load index... Graph level 5..
Total end-to-end search time: 387226378 ns
Total end-to-end search time: 379905796 ns
Query: 2048, nThreads: 16, warmup: 1
====================================================================================================
(ns)
Load index... Graph level 5..
Total end-to-end search time: 386896253 ns
Total end-to-end search time: 379137684 ns
Query: 2048, nThreads: 16, warmup: 1
====================================================================================================
(ns)
Load index... Graph level 5..
Total end-to-end search time: 386727764 ns
Total end-to-end search time: 379323537 ns
Query: 2048, nThreads: 16, warmup: 1
====================================================================================================
(ns)
Load index... Graph level 5..
Total end-to-end search time: 386800437 ns
Total end-to-end search time: 379860489 ns
Query: 2048, nThreads: 16, warmup: 1
====================================================================================================
(ns)
Load index... Graph level 5..
Total end-to-end search time: 386498325 ns
Total end-to-end search time: 378458985 ns
Query: 2048, nThreads: 16, warmup: 1
====================================================================================================
(ns)
Load index... Graph level 5..
Total end-to-end search time: 386550633 ns
Total end-to-end search time: 379699442 ns
Query: 2048, nThreads: 16, warmup: 1
====================================================================================================
(ns)
Load index... Graph level 5..
Total end-to-end search time: 385824554 ns
Total end-to-end search time: 379305972 ns
Query: 2048, nThreads: 16, warmup: 1
====================================================================================================
(ns)
Load index... Graph level 5..
Total end-to-end search time: 386762805 ns
Total end-to-end search time: 379919275 ns
Query: 2048, nThreads: 16, warmup: 1
====================================================================================================
(ns)
Load index... Graph level 5..
Total end-to-end search time: 386631922 ns
Total end-to-end search time: 378946182 ns
Query: 2048, nThreads: 16, warmup: 1
====================================================================================================
(ns)
Load index... Graph level 5..
Total end-to-end search time: 385363241 ns
Total end-to-end search time: 378959969 ns
Query: 2048, nThreads: 16, warmup: 1
====================================================================================================
(ns)
Load index... Graph level 5..
Total end-to-end search time: 387054386 ns
Total end-to-end search time: 379505032 ns
Query: 2048, nThreads: 16, warmup: 1
====================================================================================================
(ns)
Load index... Graph level 5..
Total end-to-end search time: 386428142 ns
Total end-to-end search time: 379604066 ns
Query: 2048, nThreads: 16, warmup: 1
====================================================================================================
(ns)
Load index... Graph level 5..
Total end-to-end search time: 386687347 ns
Total end-to-end search time: 379451779 ns
