Query: 256, nThreads: 4, warmup: 8
====================================================================================================
(ns)
Load index... Graph level 5..
Total end-to-end search time: 47504355 ns
Total end-to-end search time: 50314701 ns
Total end-to-end search time: 42934874 ns
Total end-to-end search time: 47825357 ns
Total end-to-end search time: 47557181 ns
Total end-to-end search time: 45949269 ns
Total end-to-end search time: 50545309 ns
Total end-to-end search time: 46215247 ns
Total end-to-end search time: 47942102 ns
Query: 256, nThreads: 4, warmup: 8
====================================================================================================
(ns)
Load index... Graph level 5..
Total end-to-end search time: 47439623 ns
Total end-to-end search time: 50319556 ns
Total end-to-end search time: 42928509 ns
Total end-to-end search time: 47872797 ns
Total end-to-end search time: 47505994 ns
Total end-to-end search time: 45971188 ns
Total end-to-end search time: 50518613 ns
Total end-to-end search time: 46174975 ns
Total end-to-end search time: 47939211 ns
Query: 256, nThreads: 4, warmup: 8
====================================================================================================
(ns)
Load index... Graph level 5..
Total end-to-end search time: 47435735 ns
Total end-to-end search time: 50293372 ns
Total end-to-end search time: 43012877 ns
Total end-to-end search time: 47804404 ns
Total end-to-end search time: 47579505 ns
Total end-to-end search time: 45896739 ns
Total end-to-end search time: 50655274 ns
Total end-to-end search time: 46171037 ns
Total end-to-end search time: 48025282 ns
Query: 256, nThreads: 4, warmup: 8
====================================================================================================
(ns)
Load index... Graph level 5..
Total end-to-end search time: 47404166 ns
Total end-to-end search time: 50361036 ns
Total end-to-end search time: 43076849 ns
Total end-to-end search time: 47881991 ns
Total end-to-end search time: 47739450 ns
Total end-to-end search time: 46015693 ns
Total end-to-end search time: 50710393 ns
Total end-to-end search time: 46204544 ns
Total end-to-end search time: 48022364 ns
Query: 256, nThreads: 4, warmup: 8
====================================================================================================
(ns)
Load index... Graph level 5..
Total end-to-end search time: 47301650 ns
Total end-to-end search time: 50260129 ns
Total end-to-end search time: 43033758 ns
Total end-to-end search time: 47866635 ns
Total end-to-end search time: 47584126 ns
Total end-to-end search time: 45952740 ns
Total end-to-end search time: 50603596 ns
Total end-to-end search time: 46217665 ns
Total end-to-end search time: 48002637 ns
Query: 256, nThreads: 4, warmup: 8
====================================================================================================
(ns)
Load index... Graph level 5..
Total end-to-end search time: 47336444 ns
Total end-to-end search time: 50383033 ns
Total end-to-end search time: 43075920 ns
Total end-to-end search time: 47902437 ns
Total end-to-end search time: 47498647 ns
Total end-to-end search time: 45913036 ns
Total end-to-end search time: 50601042 ns
Total end-to-end search time: 46195904 ns
Total end-to-end search time: 47952969 ns
Query: 256, nThreads: 4, warmup: 8
====================================================================================================
(ns)
Load index... Graph level 5..
Total end-to-end search time: 47515450 ns
Total end-to-end search time: 50342517 ns
Total end-to-end search time: 42986899 ns
Total end-to-end search time: 47868806 ns
Total end-to-end search time: 47523837 ns
Total end-to-end search time: 45924226 ns
Total end-to-end search time: 50585872 ns
Total end-to-end search time: 46301217 ns
Total end-to-end search time: 47985691 ns
Query: 256, nThreads: 4, warmup: 8
====================================================================================================
(ns)
Load index... Graph level 5..
Total end-to-end search time: 47415654 ns
Total end-to-end search time: 50263725 ns
Total end-to-end search time: 43018173 ns
Total end-to-end search time: 47968492 ns
Total end-to-end search time: 47516483 ns
Total end-to-end search time: 45893299 ns
Total end-to-end search time: 50551547 ns
Total end-to-end search time: 46155873 ns
Total end-to-end search time: 47954944 ns
Query: 256, nThreads: 4, warmup: 8
====================================================================================================
(ns)
Load index... Graph level 5..
Total end-to-end search time: 47453882 ns
Total end-to-end search time: 50271179 ns
Total end-to-end search time: 42961998 ns
Total end-to-end search time: 47781280 ns
Total end-to-end search time: 47486657 ns
Total end-to-end search time: 45970078 ns
Total end-to-end search time: 50574297 ns
Total end-to-end search time: 46197126 ns
Total end-to-end search time: 48076678 ns
Query: 256, nThreads: 4, warmup: 8
====================================================================================================
(ns)
Load index... Graph level 5..
Total end-to-end search time: 47455142 ns
Total end-to-end search time: 50363074 ns
Total end-to-end search time: 42970396 ns
Total end-to-end search time: 47863360 ns
Total end-to-end search time: 47588745 ns
Total end-to-end search time: 46117686 ns
Total end-to-end search time: 50599484 ns
Total end-to-end search time: 46183095 ns
Total end-to-end search time: 48009046 ns
Query: 256, nThreads: 4, warmup: 8
====================================================================================================
(ns)
Load index... Graph level 5..
Total end-to-end search time: 47367429 ns
Total end-to-end search time: 50426023 ns
Total end-to-end search time: 42987063 ns
Total end-to-end search time: 47831675 ns
Total end-to-end search time: 47447688 ns
Total end-to-end search time: 45852951 ns
Total end-to-end search time: 50616248 ns
Total end-to-end search time: 46176579 ns
Total end-to-end search time: 48029752 ns
Query: 256, nThreads: 4, warmup: 8
====================================================================================================
(ns)
Load index... Graph level 5..
Total end-to-end search time: 47304306 ns
Total end-to-end search time: 50335195 ns
Total end-to-end search time: 43040796 ns
Total end-to-end search time: 48020542 ns
Total end-to-end search time: 47580914 ns
Total end-to-end search time: 46036055 ns
Total end-to-end search time: 50814833 ns
Total end-to-end search time: 46250922 ns
Total end-to-end search time: 48039125 ns
Query: 256, nThreads: 4, warmup: 8
====================================================================================================
(ns)
Load index... Graph level 5..
Total end-to-end search time: 63227034 ns
Total end-to-end search time: 50295969 ns
Total end-to-end search time: 42907762 ns
Total end-to-end search time: 47831320 ns
Total end-to-end search time: 47573440 ns
Total end-to-end search time: 45973399 ns
Total end-to-end search time: 50608720 ns
Total end-to-end search time: 46216909 ns
Total end-to-end search time: 48021939 ns
Query: 256, nThreads: 4, warmup: 8
====================================================================================================
(ns)
Load index... Graph level 5..
Total end-to-end search time: 47325836 ns
Total end-to-end search time: 50343357 ns
Total end-to-end search time: 42879442 ns
Total end-to-end search time: 47872909 ns
Total end-to-end search time: 47579507 ns
Total end-to-end search time: 45910294 ns
Total end-to-end search time: 50554562 ns
Total end-to-end search time: 46172411 ns
Total end-to-end search time: 48001800 ns
Query: 256, nThreads: 4, warmup: 8
====================================================================================================
(ns)
Load index... Graph level 5..
Total end-to-end search time: 47234739 ns
Total end-to-end search time: 50271509 ns
Total end-to-end search time: 42929595 ns
Total end-to-end search time: 47755330 ns
Total end-to-end search time: 47597775 ns
Total end-to-end search time: 45974944 ns
Total end-to-end search time: 50543642 ns
Total end-to-end search time: 46208696 ns
Total end-to-end search time: 48069912 ns
Query: 256, nThreads: 4, warmup: 8
====================================================================================================
(ns)
Load index... Graph level 5..
Total end-to-end search time: 47499776 ns
Total end-to-end search time: 50362510 ns
Total end-to-end search time: 42948592 ns
Total end-to-end search time: 48200640 ns
Total end-to-end search time: 47498276 ns
Total end-to-end search time: 45829778 ns
Total end-to-end search time: 50598010 ns
Total end-to-end search time: 46203725 ns
Total end-to-end search time: 48009376 ns
Query: 256, nThreads: 4, warmup: 8
====================================================================================================
(ns)
Load index... Graph level 5..
Total end-to-end search time: 47337248 ns
Total end-to-end search time: 50295506 ns
Total end-to-end search time: 43003642 ns
Total end-to-end search time: 47819884 ns
Total end-to-end search time: 47492158 ns
Total end-to-end search time: 45970364 ns
Total end-to-end search time: 50579448 ns
Total end-to-end search time: 46299221 ns
Total end-to-end search time: 48012442 ns
Query: 256, nThreads: 4, warmup: 8
====================================================================================================
(ns)
Load index... Graph level 5..
Total end-to-end search time: 47308003 ns
Total end-to-end search time: 50278460 ns
Total end-to-end search time: 42924120 ns
Total end-to-end search time: 47958682 ns
Total end-to-end search time: 47546583 ns
Total end-to-end search time: 45974242 ns
Total end-to-end search time: 50692289 ns
Total end-to-end search time: 46358481 ns
Total end-to-end search time: 48064368 ns
Query: 256, nThreads: 4, warmup: 8
====================================================================================================
(ns)
Load index... Graph level 5..
Total end-to-end search time: 47468395 ns
Total end-to-end search time: 50375134 ns
Total end-to-end search time: 43102946 ns
Total end-to-end search time: 47749034 ns
Total end-to-end search time: 47488697 ns
Total end-to-end search time: 45926538 ns
Total end-to-end search time: 50602026 ns
Total end-to-end search time: 46189405 ns
Total end-to-end search time: 47965796 ns
Query: 256, nThreads: 4, warmup: 8
====================================================================================================
(ns)
Load index... Graph level 5..
Total end-to-end search time: 47299482 ns
Total end-to-end search time: 50364557 ns
Total end-to-end search time: 43098930 ns
Total end-to-end search time: 47975782 ns
Total end-to-end search time: 47638325 ns
Total end-to-end search time: 45983294 ns
Total end-to-end search time: 50720310 ns
Total end-to-end search time: 46240213 ns
Total end-to-end search time: 48056398 ns
Query: 256, nThreads: 4, warmup: 8
====================================================================================================
(ns)
Load index... Graph level 5..
Total end-to-end search time: 47309870 ns
Total end-to-end search time: 50302054 ns
Total end-to-end search time: 42967192 ns
Total end-to-end search time: 47797235 ns
Total end-to-end search time: 47546835 ns
Total end-to-end search time: 45954467 ns
Total end-to-end search time: 50615163 ns
Total end-to-end search time: 46191382 ns
Total end-to-end search time: 48024729 ns
Query: 256, nThreads: 4, warmup: 8
====================================================================================================
(ns)
Load index... Graph level 5..
Total end-to-end search time: 47310987 ns
Total end-to-end search time: 50202619 ns
Total end-to-end search time: 42922530 ns
Total end-to-end search time: 47818141 ns
Total end-to-end search time: 47502276 ns
Total end-to-end search time: 45922315 ns
Total end-to-end search time: 50581944 ns
Total end-to-end search time: 46221709 ns
Total end-to-end search time: 47901930 ns
Query: 256, nThreads: 4, warmup: 8
====================================================================================================
(ns)
Load index... Graph level 5..
Total end-to-end search time: 47320892 ns
Total end-to-end search time: 50306902 ns
Total end-to-end search time: 42893735 ns
Total end-to-end search time: 47799710 ns
Total end-to-end search time: 47549973 ns
Total end-to-end search time: 45875790 ns
Total end-to-end search time: 50639485 ns
Total end-to-end search time: 46175378 ns
Total end-to-end search time: 47966657 ns
Query: 256, nThreads: 4, warmup: 8
====================================================================================================
(ns)
Load index... Graph level 5..
Total end-to-end search time: 47224231 ns
Total end-to-end search time: 50237068 ns
Total end-to-end search time: 42910278 ns
Total end-to-end search time: 47941045 ns
Total end-to-end search time: 47518663 ns
Total end-to-end search time: 45980040 ns
Total end-to-end search time: 50662216 ns
Total end-to-end search time: 46282675 ns
Total end-to-end search time: 47966288 ns
Query: 256, nThreads: 4, warmup: 8
====================================================================================================
(ns)
Load index... Graph level 5..
Total end-to-end search time: 47336841 ns
Total end-to-end search time: 50228730 ns
Total end-to-end search time: 42995695 ns
Total end-to-end search time: 47859226 ns
Total end-to-end search time: 47593606 ns
Total end-to-end search time: 45992102 ns
Total end-to-end search time: 50730643 ns
Total end-to-end search time: 46152069 ns
Total end-to-end search time: 47875290 ns
Query: 256, nThreads: 4, warmup: 8
====================================================================================================
(ns)
Load index... Graph level 5..
Total end-to-end search time: 47299960 ns
Total end-to-end search time: 50265763 ns
Total end-to-end search time: 42948745 ns
Total end-to-end search time: 47928425 ns
Total end-to-end search time: 47686089 ns
Total end-to-end search time: 45898264 ns
Total end-to-end search time: 50659842 ns
Total end-to-end search time: 46235080 ns
Total end-to-end search time: 48122248 ns
Query: 256, nThreads: 4, warmup: 8
====================================================================================================
(ns)
Load index... Graph level 5..
Total end-to-end search time: 47289548 ns
Total end-to-end search time: 50275818 ns
Total end-to-end search time: 42920766 ns
Total end-to-end search time: 47797266 ns
Total end-to-end search time: 47467460 ns
Total end-to-end search time: 45970348 ns
Total end-to-end search time: 50587260 ns
Total end-to-end search time: 46166476 ns
Total end-to-end search time: 47995886 ns
Query: 256, nThreads: 4, warmup: 8
====================================================================================================
(ns)
Load index... Graph level 5..
Total end-to-end search time: 47362954 ns
Total end-to-end search time: 50340022 ns
Total end-to-end search time: 42973141 ns
Total end-to-end search time: 47738713 ns
Total end-to-end search time: 47712260 ns
Total end-to-end search time: 45909751 ns
Total end-to-end search time: 50632379 ns
Total end-to-end search time: 46165881 ns
Total end-to-end search time: 47997377 ns
Query: 256, nThreads: 4, warmup: 8
====================================================================================================
(ns)
Load index... Graph level 5..
Total end-to-end search time: 47325085 ns
Total end-to-end search time: 50252206 ns
Total end-to-end search time: 43031762 ns
Total end-to-end search time: 47944018 ns
Total end-to-end search time: 47601796 ns
Total end-to-end search time: 45884789 ns
Total end-to-end search time: 50601885 ns
Total end-to-end search time: 46169560 ns
Total end-to-end search time: 47992940 ns
Query: 256, nThreads: 4, warmup: 8
====================================================================================================
(ns)
Load index... Graph level 5..
Total end-to-end search time: 47296257 ns
Total end-to-end search time: 50270727 ns
Total end-to-end search time: 42920062 ns
Total end-to-end search time: 47828784 ns
Total end-to-end search time: 47499072 ns
Total end-to-end search time: 46070113 ns
Total end-to-end search time: 50565826 ns
Total end-to-end search time: 46166532 ns
Total end-to-end search time: 48040035 ns
