Query: 256, nThreads: 16, warmup: 8
====================================================================================================
(ns)
Load index... Graph level 5..
Total end-to-end search time: 50166800 ns
Total end-to-end search time: 51155696 ns
Total end-to-end search time: 44253214 ns
Total end-to-end search time: 49024269 ns
Total end-to-end search time: 48938025 ns
Total end-to-end search time: 47026086 ns
Total end-to-end search time: 51194218 ns
Total end-to-end search time: 47420593 ns
Total end-to-end search time: 48767820 ns
Query: 256, nThreads: 16, warmup: 8
====================================================================================================
(ns)
Load index... Graph level 5..
Total end-to-end search time: 50013479 ns
Total end-to-end search time: 51671713 ns
Total end-to-end search time: 44149646 ns
Total end-to-end search time: 49433765 ns
Total end-to-end search time: 48850154 ns
Total end-to-end search time: 48275796 ns
Total end-to-end search time: 51264116 ns
Total end-to-end search time: 47017389 ns
Total end-to-end search time: 48577418 ns
Query: 256, nThreads: 16, warmup: 8
====================================================================================================
(ns)
Load index... Graph level 5..
Total end-to-end search time: 50320796 ns
Total end-to-end search time: 51693740 ns
Total end-to-end search time: 44242405 ns
Total end-to-end search time: 49547996 ns
Total end-to-end search time: 48881239 ns
Total end-to-end search time: 47070880 ns
Total end-to-end search time: 51367326 ns
Total end-to-end search time: 47339363 ns
Total end-to-end search time: 48662220 ns
Query: 256, nThreads: 16, warmup: 8
====================================================================================================
(ns)
Load index... Graph level 5..
Total end-to-end search time: 50321495 ns
Total end-to-end search time: 51264752 ns
Total end-to-end search time: 44085685 ns
Total end-to-end search time: 49167812 ns
Total end-to-end search time: 48801189 ns
Total end-to-end search time: 47224812 ns
Total end-to-end search time: 51241598 ns
Total end-to-end search time: 47118038 ns
Total end-to-end search time: 48773350 ns
Query: 256, nThreads: 16, warmup: 8
====================================================================================================
(ns)
Load index... Graph level 5..
Total end-to-end search time: 50533516 ns
Total end-to-end search time: 51393675 ns
Total end-to-end search time: 44197927 ns
Total end-to-end search time: 49424894 ns
Total end-to-end search time: 48685822 ns
Total end-to-end search time: 47490552 ns
Total end-to-end search time: 51440495 ns
Total end-to-end search time: 47385617 ns
Total end-to-end search time: 48611364 ns
Query: 256, nThreads: 16, warmup: 8
====================================================================================================
(ns)
Load index... Graph level 5..
Total end-to-end search time: 50498684 ns
Total end-to-end search time: 51321337 ns
Total end-to-end search time: 44141834 ns
Total end-to-end search time: 49074179 ns
Total end-to-end search time: 48935530 ns
Total end-to-end search time: 47229024 ns
Total end-to-end search time: 51309249 ns
Total end-to-end search time: 47539070 ns
Total end-to-end search time: 48749480 ns
Query: 256, nThreads: 16, warmup: 8
====================================================================================================
(ns)
Load index... Graph level 5..
Total end-to-end search time: 50345298 ns
Total end-to-end search time: 51203175 ns
Total end-to-end search time: 44411248 ns
Total end-to-end search time: 49185344 ns
Total end-to-end search time: 48708731 ns
Total end-to-end search time: 47579615 ns
Total end-to-end search time: 51546836 ns
Total end-to-end search time: 46906874 ns
Total end-to-end search time: 49127951 ns
Query: 256, nThreads: 16, warmup: 8
====================================================================================================
(ns)
Load index... Graph level 5..
Total end-to-end search time: 50367012 ns
Total end-to-end search time: 51472838 ns
Total end-to-end search time: 43955146 ns
Total end-to-end search time: 49353142 ns
Total end-to-end search time: 48802410 ns
Total end-to-end search time: 46662257 ns
Total end-to-end search time: 51425198 ns
Total end-to-end search time: 47014079 ns
Total end-to-end search time: 49785354 ns
Query: 256, nThreads: 16, warmup: 8
====================================================================================================
(ns)
Load index... Graph level 5..
Total end-to-end search time: 50263968 ns
Total end-to-end search time: 51440727 ns
Total end-to-end search time: 44343069 ns
Total end-to-end search time: 49297985 ns
Total end-to-end search time: 49000403 ns
Total end-to-end search time: 47188651 ns
Total end-to-end search time: 51450155 ns
Total end-to-end search time: 47032996 ns
Total end-to-end search time: 49137432 ns
Query: 256, nThreads: 16, warmup: 8
====================================================================================================
(ns)
Load index... Graph level 5..
Total end-to-end search time: 50636246 ns
Total end-to-end search time: 51660020 ns
Total end-to-end search time: 44364405 ns
Total end-to-end search time: 49124649 ns
Total end-to-end search time: 48787720 ns
Total end-to-end search time: 47163872 ns
Total end-to-end search time: 51988303 ns
Total end-to-end search time: 47631276 ns
Total end-to-end search time: 48580889 ns
Query: 256, nThreads: 16, warmup: 8
====================================================================================================
(ns)
Load index... Graph level 5..
Total end-to-end search time: 50240799 ns
Total end-to-end search time: 51428635 ns
Total end-to-end search time: 44496271 ns
Total end-to-end search time: 49341426 ns
Total end-to-end search time: 48751408 ns
Total end-to-end search time: 47418635 ns
Total end-to-end search time: 51493581 ns
Total end-to-end search time: 46950154 ns
Total end-to-end search time: 48888884 ns
Query: 256, nThreads: 16, warmup: 8
====================================================================================================
(ns)
Load index... Graph level 5..
Total end-to-end search time: 49930987 ns
Total end-to-end search time: 51522098 ns
Total end-to-end search time: 44065123 ns
Total end-to-end search time: 49004620 ns
Total end-to-end search time: 48667705 ns
Total end-to-end search time: 47169730 ns
Total end-to-end search time: 51337649 ns
Total end-to-end search time: 47027284 ns
Total end-to-end search time: 48800432 ns
Query: 256, nThreads: 16, warmup: 8
====================================================================================================
(ns)
Load index... Graph level 5..
Total end-to-end search time: 50289510 ns
Total end-to-end search time: 51367522 ns
Total end-to-end search time: 44313353 ns
Total end-to-end search time: 49322525 ns
Total end-to-end search time: 48773499 ns
Total end-to-end search time: 47132801 ns
Total end-to-end search time: 51309115 ns
Total end-to-end search time: 46985717 ns
Total end-to-end search time: 48799948 ns
Query: 256, nThreads: 16, warmup: 8
====================================================================================================
(ns)
Load index... Graph level 5..
Total end-to-end search time: 50264984 ns
Total end-to-end search time: 51630160 ns
Total end-to-end search time: 44434946 ns
Total end-to-end search time: 49310577 ns
Total end-to-end search time: 49058533 ns
Total end-to-end search time: 47206875 ns
Total end-to-end search time: 51914981 ns
Total end-to-end search time: 46966202 ns
Total end-to-end search time: 48644231 ns
Query: 256, nThreads: 16, warmup: 8
====================================================================================================
(ns)
Load index... Graph level 5..
Total end-to-end search time: 50026461 ns
Total end-to-end search time: 51988961 ns
Total end-to-end search time: 44229796 ns
Total end-to-end search time: 49266323 ns
Total end-to-end search time: 48588243 ns
Total end-to-end search time: 47271625 ns
Total end-to-end search time: 51737126 ns
Total end-to-end search time: 46899485 ns
Total end-to-end search time: 48816265 ns
Query: 256, nThreads: 16, warmup: 8
====================================================================================================
(ns)
Load index... Graph level 5..
Total end-to-end search time: 50217820 ns
Total end-to-end search time: 51656329 ns
Total end-to-end search time: 44177848 ns
Total end-to-end search time: 49413094 ns
Total end-to-end search time: 48909652 ns
Total end-to-end search time: 47186560 ns
Total end-to-end search time: 51470504 ns
Total end-to-end search time: 50337441 ns
Total end-to-end search time: 48661686 ns
Query: 256, nThreads: 16, warmup: 8
====================================================================================================
(ns)
Load index... Graph level 5..
Total end-to-end search time: 50257362 ns
Total end-to-end search time: 51389457 ns
Total end-to-end search time: 44153394 ns
Total end-to-end search time: 49141755 ns
Total end-to-end search time: 48734991 ns
Total end-to-end search time: 47377511 ns
Total end-to-end search time: 51503929 ns
Total end-to-end search time: 47208702 ns
Total end-to-end search time: 48667204 ns
Query: 256, nThreads: 16, warmup: 8
====================================================================================================
(ns)
Load index... Graph level 5..
Total end-to-end search time: 49966298 ns
Total end-to-end search time: 51229861 ns
Total end-to-end search time: 44071169 ns
Total end-to-end search time: 49044102 ns
Total end-to-end search time: 48736652 ns
Total end-to-end search time: 47310222 ns
Total end-to-end search time: 51368256 ns
Total end-to-end search time: 46929346 ns
Total end-to-end search time: 48650782 ns
Query: 256, nThreads: 16, warmup: 8
====================================================================================================
(ns)
Load index... Graph level 5..
Total end-to-end search time: 50771273 ns
Total end-to-end search time: 51529771 ns
Total end-to-end search time: 44315729 ns
Total end-to-end search time: 49401429 ns
Total end-to-end search time: 48946497 ns
Total end-to-end search time: 47386539 ns
Total end-to-end search time: 51385992 ns
Total end-to-end search time: 47005824 ns
Total end-to-end search time: 48797671 ns
Query: 256, nThreads: 16, warmup: 8
====================================================================================================
(ns)
Load index... Graph level 5..
Total end-to-end search time: 50392740 ns
Total end-to-end search time: 51361234 ns
Total end-to-end search time: 44205984 ns
Total end-to-end search time: 49462253 ns
Total end-to-end search time: 49242452 ns
Total end-to-end search time: 46773623 ns
Total end-to-end search time: 51305338 ns
Total end-to-end search time: 46925127 ns
Total end-to-end search time: 48681030 ns
Query: 256, nThreads: 16, warmup: 8
====================================================================================================
(ns)
Load index... Graph level 5..
Total end-to-end search time: 50024209 ns
Total end-to-end search time: 51408596 ns
Total end-to-end search time: 44149334 ns
Total end-to-end search time: 49203150 ns
Total end-to-end search time: 48936954 ns
Total end-to-end search time: 47041516 ns
Total end-to-end search time: 51317222 ns
Total end-to-end search time: 46932694 ns
Total end-to-end search time: 48769797 ns
Query: 256, nThreads: 16, warmup: 8
====================================================================================================
(ns)
Load index... Graph level 5..
Total end-to-end search time: 50456960 ns
Total end-to-end search time: 51595002 ns
Total end-to-end search time: 44063146 ns
Total end-to-end search time: 49033023 ns
Total end-to-end search time: 48897882 ns
Total end-to-end search time: 47383189 ns
Total end-to-end search time: 51124376 ns
Total end-to-end search time: 47273494 ns
Total end-to-end search time: 48499465 ns
Query: 256, nThreads: 16, warmup: 8
====================================================================================================
(ns)
Load index... Graph level 5..
Total end-to-end search time: 50081661 ns
Total end-to-end search time: 51811642 ns
Total end-to-end search time: 44190592 ns
Total end-to-end search time: 49260473 ns
Total end-to-end search time: 48722753 ns
Total end-to-end search time: 46653362 ns
Total end-to-end search time: 51228039 ns
Total end-to-end search time: 46998533 ns
Total end-to-end search time: 48612070 ns
Query: 256, nThreads: 16, warmup: 8
====================================================================================================
(ns)
Load index... Graph level 5..
Total end-to-end search time: 50160918 ns
Total end-to-end search time: 51415966 ns
Total end-to-end search time: 43984263 ns
Total end-to-end search time: 49545837 ns
Total end-to-end search time: 48815987 ns
Total end-to-end search time: 46976401 ns
Total end-to-end search time: 51668227 ns
Total end-to-end search time: 46895847 ns
Total end-to-end search time: 49214615 ns
Query: 256, nThreads: 16, warmup: 8
====================================================================================================
(ns)
Load index... Graph level 5..
Total end-to-end search time: 50343303 ns
Total end-to-end search time: 51630790 ns
Total end-to-end search time: 44097597 ns
Total end-to-end search time: 49684340 ns
Total end-to-end search time: 49138071 ns
Total end-to-end search time: 47376091 ns
Total end-to-end search time: 51345489 ns
Total end-to-end search time: 46895205 ns
Total end-to-end search time: 48830695 ns
Query: 256, nThreads: 16, warmup: 8
====================================================================================================
(ns)
Load index... Graph level 5..
Total end-to-end search time: 50377857 ns
Total end-to-end search time: 51047356 ns
Total end-to-end search time: 44259356 ns
Total end-to-end search time: 49013282 ns
Total end-to-end search time: 48936513 ns
Total end-to-end search time: 47030897 ns
Total end-to-end search time: 51688033 ns
Total end-to-end search time: 48521263 ns
Total end-to-end search time: 48726818 ns
Query: 256, nThreads: 16, warmup: 8
====================================================================================================
(ns)
Load index... Graph level 5..
Total end-to-end search time: 50309901 ns
Total end-to-end search time: 51493771 ns
Total end-to-end search time: 44077130 ns
Total end-to-end search time: 49339268 ns
Total end-to-end search time: 48729182 ns
Total end-to-end search time: 46931510 ns
Total end-to-end search time: 51816016 ns
Total end-to-end search time: 47191570 ns
Total end-to-end search time: 48800668 ns
Query: 256, nThreads: 16, warmup: 8
====================================================================================================
(ns)
Load index... Graph level 5..
Total end-to-end search time: 50894894 ns
Total end-to-end search time: 51549402 ns
Total end-to-end search time: 44059886 ns
Total end-to-end search time: 49265151 ns
Total end-to-end search time: 48959151 ns
Total end-to-end search time: 47034634 ns
Total end-to-end search time: 51830331 ns
Total end-to-end search time: 47461003 ns
Total end-to-end search time: 48607408 ns
Query: 256, nThreads: 16, warmup: 8
====================================================================================================
(ns)
Load index... Graph level 5..
Total end-to-end search time: 50011833 ns
Total end-to-end search time: 51407509 ns
Total end-to-end search time: 44125264 ns
Total end-to-end search time: 49372665 ns
Total end-to-end search time: 48970210 ns
Total end-to-end search time: 47384346 ns
Total end-to-end search time: 52060261 ns
Total end-to-end search time: 47757356 ns
Total end-to-end search time: 48801590 ns
Query: 256, nThreads: 16, warmup: 8
====================================================================================================
(ns)
Load index... Graph level 5..
Total end-to-end search time: 50212830 ns
Total end-to-end search time: 51293734 ns
Total end-to-end search time: 44064068 ns
Total end-to-end search time: 49234637 ns
Total end-to-end search time: 48746553 ns
Total end-to-end search time: 47782725 ns
Total end-to-end search time: 52235400 ns
Total end-to-end search time: 46934113 ns
Total end-to-end search time: 49188970 ns
