Query: 256, nThreads: 2, warmup: 8
====================================================================================================
(ns)
Load index... Graph level 5..
Total end-to-end search time: 92611584 ns
Total end-to-end search time: 98684616 ns
Total end-to-end search time: 84517266 ns
Total end-to-end search time: 94148478 ns
Total end-to-end search time: 92990662 ns
Total end-to-end search time: 90397122 ns
Total end-to-end search time: 99110094 ns
Total end-to-end search time: 90705924 ns
Total end-to-end search time: 94816490 ns
Query: 256, nThreads: 2, warmup: 8
====================================================================================================
(ns)
Load index... Graph level 5..
Total end-to-end search time: 92343783 ns
Total end-to-end search time: 98741207 ns
Total end-to-end search time: 84437214 ns
Total end-to-end search time: 93952318 ns
Total end-to-end search time: 93073793 ns
Total end-to-end search time: 90705499 ns
Total end-to-end search time: 99123747 ns
Total end-to-end search time: 91002593 ns
Total end-to-end search time: 94056604 ns
Query: 256, nThreads: 2, warmup: 8
====================================================================================================
(ns)
Load index... Graph level 5..
Total end-to-end search time: 92833774 ns
Total end-to-end search time: 98714220 ns
Total end-to-end search time: 84188701 ns
Total end-to-end search time: 93893620 ns
Total end-to-end search time: 93152613 ns
Total end-to-end search time: 90569099 ns
Total end-to-end search time: 99007908 ns
Total end-to-end search time: 90705041 ns
Total end-to-end search time: 94324413 ns
Query: 256, nThreads: 2, warmup: 8
====================================================================================================
(ns)
Load index... Graph level 5..
Total end-to-end search time: 92416866 ns
Total end-to-end search time: 98654695 ns
Total end-to-end search time: 84147950 ns
Total end-to-end search time: 94036966 ns
Total end-to-end search time: 93178562 ns
Total end-to-end search time: 90433774 ns
Total end-to-end search time: 99082923 ns
Total end-to-end search time: 90768164 ns
Total end-to-end search time: 93982303 ns
Query: 256, nThreads: 2, warmup: 8
====================================================================================================
(ns)
Load index... Graph level 5..
Total end-to-end search time: 92281310 ns
Total end-to-end search time: 98515145 ns
Total end-to-end search time: 84267014 ns
Total end-to-end search time: 94122950 ns
Total end-to-end search time: 93065441 ns
Total end-to-end search time: 90310082 ns
Total end-to-end search time: 98858394 ns
Total end-to-end search time: 90741516 ns
Total end-to-end search time: 94045059 ns
Query: 256, nThreads: 2, warmup: 8
====================================================================================================
(ns)
Load index... Graph level 5..
Total end-to-end search time: 92212804 ns
Total end-to-end search time: 98657247 ns
Total end-to-end search time: 84628539 ns
Total end-to-end search time: 93658048 ns
Total end-to-end search time: 93684687 ns
Total end-to-end search time: 90195417 ns
Total end-to-end search time: 99539369 ns
Total end-to-end search time: 90648019 ns
Total end-to-end search time: 94732191 ns
Query: 256, nThreads: 2, warmup: 8
====================================================================================================
(ns)
Load index... Graph level 5..
Total end-to-end search time: 93096398 ns
Total end-to-end search time: 98416319 ns
Total end-to-end search time: 84783617 ns
Total end-to-end search time: 93785952 ns
Total end-to-end search time: 93829618 ns
Total end-to-end search time: 90732223 ns
Total end-to-end search time: 99366802 ns
Total end-to-end search time: 90835578 ns
Total end-to-end search time: 94974558 ns
Query: 256, nThreads: 2, warmup: 8
====================================================================================================
(ns)
Load index... Graph level 5..
Total end-to-end search time: 92530742 ns
Total end-to-end search time: 98385301 ns
Total end-to-end search time: 84078166 ns
Total end-to-end search time: 93926200 ns
Total end-to-end search time: 93143364 ns
Total end-to-end search time: 90465873 ns
Total end-to-end search time: 99304880 ns
Total end-to-end search time: 90665736 ns
Total end-to-end search time: 94281851 ns
Query: 256, nThreads: 2, warmup: 8
====================================================================================================
(ns)
Load index... Graph level 5..
Total end-to-end search time: 92240259 ns
Total end-to-end search time: 98361087 ns
Total end-to-end search time: 84322581 ns
Total end-to-end search time: 93699280 ns
Total end-to-end search time: 93138073 ns
Total end-to-end search time: 90709666 ns
Total end-to-end search time: 99267990 ns
Total end-to-end search time: 90974258 ns
Total end-to-end search time: 94262870 ns
Query: 256, nThreads: 2, warmup: 8
====================================================================================================
(ns)
Load index... Graph level 5..
Total end-to-end search time: 92340518 ns
Total end-to-end search time: 98371634 ns
Total end-to-end search time: 84296219 ns
Total end-to-end search time: 93831484 ns
Total end-to-end search time: 93154547 ns
Total end-to-end search time: 90486557 ns
Total end-to-end search time: 99075343 ns
Total end-to-end search time: 90672178 ns
Total end-to-end search time: 94387805 ns
Query: 256, nThreads: 2, warmup: 8
====================================================================================================
(ns)
Load index... Graph level 5..
Total end-to-end search time: 92777329 ns
Total end-to-end search time: 98263270 ns
Total end-to-end search time: 84736093 ns
Total end-to-end search time: 93949289 ns
Total end-to-end search time: 93757662 ns
Total end-to-end search time: 90340445 ns
Total end-to-end search time: 99840855 ns
Total end-to-end search time: 90941849 ns
Total end-to-end search time: 95141077 ns
Query: 256, nThreads: 2, warmup: 8
====================================================================================================
(ns)
Load index... Graph level 5..
Total end-to-end search time: 92863289 ns
Total end-to-end search time: 98783646 ns
Total end-to-end search time: 84775704 ns
Total end-to-end search time: 93975086 ns
Total end-to-end search time: 93673619 ns
Total end-to-end search time: 90332598 ns
Total end-to-end search time: 99584965 ns
Total end-to-end search time: 90995425 ns
Total end-to-end search time: 94784840 ns
Query: 256, nThreads: 2, warmup: 8
====================================================================================================
(ns)
Load index... Graph level 5..
Total end-to-end search time: 92350430 ns
Total end-to-end search time: 98655119 ns
Total end-to-end search time: 84168491 ns
Total end-to-end search time: 93922568 ns
Total end-to-end search time: 93191187 ns
Total end-to-end search time: 90450860 ns
Total end-to-end search time: 99061712 ns
Total end-to-end search time: 90760920 ns
Total end-to-end search time: 94409100 ns
Query: 256, nThreads: 2, warmup: 8
====================================================================================================
(ns)
Load index... Graph level 5..
Total end-to-end search time: 92363640 ns
Total end-to-end search time: 98813678 ns
Total end-to-end search time: 84296129 ns
Total end-to-end search time: 93704872 ns
Total end-to-end search time: 93152871 ns
Total end-to-end search time: 90411807 ns
Total end-to-end search time: 99273410 ns
Total end-to-end search time: 90810211 ns
Total end-to-end search time: 94027645 ns
Query: 256, nThreads: 2, warmup: 8
====================================================================================================
(ns)
Load index... Graph level 5..
Total end-to-end search time: 92185252 ns
Total end-to-end search time: 98425921 ns
Total end-to-end search time: 84416921 ns
Total end-to-end search time: 94111043 ns
Total end-to-end search time: 93400973 ns
Total end-to-end search time: 90607168 ns
Total end-to-end search time: 99127976 ns
Total end-to-end search time: 91011317 ns
Total end-to-end search time: 94546090 ns
Query: 256, nThreads: 2, warmup: 8
====================================================================================================
(ns)
Load index... Graph level 5..
Total end-to-end search time: 92285907 ns
Total end-to-end search time: 98523824 ns
Total end-to-end search time: 84456988 ns
Total end-to-end search time: 94783715 ns
Total end-to-end search time: 93104222 ns
Total end-to-end search time: 90786049 ns
Total end-to-end search time: 99125878 ns
Total end-to-end search time: 91108087 ns
Total end-to-end search time: 94277884 ns
Query: 256, nThreads: 2, warmup: 8
====================================================================================================
(ns)
Load index... Graph level 5..
Total end-to-end search time: 93045073 ns
Total end-to-end search time: 98386350 ns
Total end-to-end search time: 84732163 ns
Total end-to-end search time: 93770658 ns
Total end-to-end search time: 93864856 ns
Total end-to-end search time: 90419385 ns
Total end-to-end search time: 99436732 ns
Total end-to-end search time: 90597815 ns
Total end-to-end search time: 95197396 ns
Query: 256, nThreads: 2, warmup: 8
====================================================================================================
(ns)
Load index... Graph level 5..
Total end-to-end search time: 92328184 ns
Total end-to-end search time: 98325057 ns
Total end-to-end search time: 84463362 ns
Total end-to-end search time: 93807771 ns
Total end-to-end search time: 93262383 ns
Total end-to-end search time: 90645821 ns
Total end-to-end search time: 98979636 ns
Total end-to-end search time: 90807816 ns
Total end-to-end search time: 94233679 ns
Query: 256, nThreads: 2, warmup: 8
====================================================================================================
(ns)
Load index... Graph level 5..
Total end-to-end search time: 92300239 ns
Total end-to-end search time: 98607976 ns
Total end-to-end search time: 84207100 ns
Total end-to-end search time: 94082747 ns
Total end-to-end search time: 93334917 ns
Total end-to-end search time: 90646931 ns
Total end-to-end search time: 99474137 ns
Total end-to-end search time: 90994701 ns
Total end-to-end search time: 94336679 ns
Query: 256, nThreads: 2, warmup: 8
====================================================================================================
(ns)
Load index... Graph level 5..
Total end-to-end search time: 92040258 ns
Total end-to-end search time: 98232535 ns
Total end-to-end search time: 84443965 ns
Total end-to-end search time: 93984509 ns
Total end-to-end search time: 93284204 ns
Total end-to-end search time: 90230191 ns
Total end-to-end search time: 98873375 ns
Total end-to-end search time: 90875942 ns
Total end-to-end search time: 94184760 ns
Query: 256, nThreads: 2, warmup: 8
====================================================================================================
(ns)
Load index... Graph level 5..
Total end-to-end search time: 92593083 ns
Total end-to-end search time: 98670039 ns
Total end-to-end search time: 84464087 ns
Total end-to-end search time: 94096058 ns
Total end-to-end search time: 93242001 ns
Total end-to-end search time: 90375613 ns
Total end-to-end search time: 99418940 ns
Total end-to-end search time: 90970785 ns
Total end-to-end search time: 94838539 ns
Query: 256, nThreads: 2, warmup: 8
====================================================================================================
(ns)
Load index... Graph level 5..
Total end-to-end search time: 92641900 ns
Total end-to-end search time: 98524947 ns
Total end-to-end search time: 84820935 ns
Total end-to-end search time: 94114060 ns
Total end-to-end search time: 93620541 ns
Total end-to-end search time: 90265000 ns
Total end-to-end search time: 99514969 ns
Total end-to-end search time: 90738437 ns
Total end-to-end search time: 94793008 ns
Query: 256, nThreads: 2, warmup: 8
====================================================================================================
(ns)
Load index... Graph level 5..
Total end-to-end search time: 92284818 ns
Total end-to-end search time: 98608253 ns
Total end-to-end search time: 84400880 ns
Total end-to-end search time: 94044796 ns
Total end-to-end search time: 93339475 ns
Total end-to-end search time: 90553430 ns
Total end-to-end search time: 99246899 ns
Total end-to-end search time: 90922938 ns
Total end-to-end search time: 94194352 ns
Query: 256, nThreads: 2, warmup: 8
====================================================================================================
(ns)
Load index... Graph level 5..
Total end-to-end search time: 92459861 ns
Total end-to-end search time: 98518093 ns
Total end-to-end search time: 84185424 ns
Total end-to-end search time: 93920246 ns
Total end-to-end search time: 93012284 ns
Total end-to-end search time: 90320625 ns
Total end-to-end search time: 98947082 ns
Total end-to-end search time: 90883177 ns
Total end-to-end search time: 94173773 ns
Query: 256, nThreads: 2, warmup: 8
====================================================================================================
(ns)
Load index... Graph level 5..
Total end-to-end search time: 92554823 ns
Total end-to-end search time: 98600283 ns
Total end-to-end search time: 84640488 ns
Total end-to-end search time: 93883654 ns
Total end-to-end search time: 93542741 ns
Total end-to-end search time: 90575109 ns
Total end-to-end search time: 99539846 ns
Total end-to-end search time: 91068584 ns
Total end-to-end search time: 94816700 ns
Query: 256, nThreads: 2, warmup: 8
====================================================================================================
(ns)
Load index... Graph level 5..
Total end-to-end search time: 92810449 ns
Total end-to-end search time: 98500679 ns
Total end-to-end search time: 84914292 ns
Total end-to-end search time: 94156525 ns
Total end-to-end search time: 93532031 ns
Total end-to-end search time: 90626808 ns
Total end-to-end search time: 99639950 ns
Total end-to-end search time: 90855976 ns
Total end-to-end search time: 94868604 ns
Query: 256, nThreads: 2, warmup: 8
====================================================================================================
(ns)
Load index... Graph level 5..
Total end-to-end search time: 92375713 ns
Total end-to-end search time: 98546874 ns
Total end-to-end search time: 84377794 ns
Total end-to-end search time: 93939938 ns
Total end-to-end search time: 93466161 ns
Total end-to-end search time: 90580367 ns
Total end-to-end search time: 99322463 ns
Total end-to-end search time: 90921986 ns
Total end-to-end search time: 94629184 ns
Query: 256, nThreads: 2, warmup: 8
====================================================================================================
(ns)
Load index... Graph level 5..
Total end-to-end search time: 92490869 ns
Total end-to-end search time: 98585050 ns
Total end-to-end search time: 84490226 ns
Total end-to-end search time: 93941535 ns
Total end-to-end search time: 93158291 ns
Total end-to-end search time: 90733617 ns
Total end-to-end search time: 99206375 ns
Total end-to-end search time: 90772181 ns
Total end-to-end search time: 94343193 ns
Query: 256, nThreads: 2, warmup: 8
====================================================================================================
(ns)
Load index... Graph level 5..
Total end-to-end search time: 92271132 ns
Total end-to-end search time: 98493402 ns
Total end-to-end search time: 84245575 ns
Total end-to-end search time: 93816035 ns
Total end-to-end search time: 93107045 ns
Total end-to-end search time: 90321164 ns
Total end-to-end search time: 99120150 ns
Total end-to-end search time: 90453664 ns
Total end-to-end search time: 94113166 ns
Query: 256, nThreads: 2, warmup: 8
====================================================================================================
(ns)
Load index... Graph level 5..
Total end-to-end search time: 92399835 ns
Total end-to-end search time: 98749928 ns
Total end-to-end search time: 84153185 ns
Total end-to-end search time: 93695296 ns
Total end-to-end search time: 93088978 ns
Total end-to-end search time: 90296537 ns
Total end-to-end search time: 99084189 ns
Total end-to-end search time: 90645705 ns
Total end-to-end search time: 94105077 ns
