Query: 512, nThreads: 8, warmup: 4
====================================================================================================
(ns)
Load index... Graph level 5..
Total end-to-end search time: 99014591 ns
Total end-to-end search time: 91816467 ns
Total end-to-end search time: 94598562 ns
Total end-to-end search time: 97363349 ns
Total end-to-end search time: 97684432 ns
Query: 512, nThreads: 8, warmup: 4
====================================================================================================
(ns)
Load index... Graph level 5..
Total end-to-end search time: 99109170 ns
Total end-to-end search time: 91874066 ns
Total end-to-end search time: 94465625 ns
Total end-to-end search time: 97391310 ns
Total end-to-end search time: 97301644 ns
Query: 512, nThreads: 8, warmup: 4
====================================================================================================
(ns)
Load index... Graph level 5..
Total end-to-end search time: 98962404 ns
Total end-to-end search time: 91632382 ns
Total end-to-end search time: 94259020 ns
Total end-to-end search time: 97442294 ns
Total end-to-end search time: 97040672 ns
Query: 512, nThreads: 8, warmup: 4
====================================================================================================
(ns)
Load index... Graph level 5..
Total end-to-end search time: 98946723 ns
Total end-to-end search time: 91738060 ns
Total end-to-end search time: 94368217 ns
Total end-to-end search time: 97197991 ns
Total end-to-end search time: 97785472 ns
Query: 512, nThreads: 8, warmup: 4
====================================================================================================
(ns)
Load index... Graph level 5..
Total end-to-end search time: 98643738 ns
Total end-to-end search time: 91703057 ns
Total end-to-end search time: 94511166 ns
Total end-to-end search time: 97547032 ns
Total end-to-end search time: 97796259 ns
Query: 512, nThreads: 8, warmup: 4
====================================================================================================
(ns)
Load index... Graph level 5..
Total end-to-end search time: 99418449 ns
Total end-to-end search time: 91625574 ns
Total end-to-end search time: 94323969 ns
Total end-to-end search time: 97233654 ns
Total end-to-end search time: 97102704 ns
Query: 512, nThreads: 8, warmup: 4
====================================================================================================
(ns)
Load index... Graph level 5..
Total end-to-end search time: 99364854 ns
Total end-to-end search time: 91872885 ns
Total end-to-end search time: 94502849 ns
Total end-to-end search time: 97514805 ns
Total end-to-end search time: 97075131 ns
Query: 512, nThreads: 8, warmup: 4
====================================================================================================
(ns)
Load index... Graph level 5..
Total end-to-end search time: 98776356 ns
Total end-to-end search time: 91473929 ns
Total end-to-end search time: 94352586 ns
Total end-to-end search time: 97814313 ns
Total end-to-end search time: 97495100 ns
Query: 512, nThreads: 8, warmup: 4
====================================================================================================
(ns)
Load index... Graph level 5..
Total end-to-end search time: 99082996 ns
Total end-to-end search time: 91877581 ns
Total end-to-end search time: 94297566 ns
Total end-to-end search time: 97210086 ns
Total end-to-end search time: 96913453 ns
Query: 512, nThreads: 8, warmup: 4
====================================================================================================
(ns)
Load index... Graph level 5..
Total end-to-end search time: 98910976 ns
Total end-to-end search time: 91860066 ns
Total end-to-end search time: 94904576 ns
Total end-to-end search time: 97925252 ns
Total end-to-end search time: 97381433 ns
Query: 512, nThreads: 8, warmup: 4
====================================================================================================
(ns)
Load index... Graph level 5..
Total end-to-end search time: 98583597 ns
Total end-to-end search time: 91614293 ns
Total end-to-end search time: 94577362 ns
Total end-to-end search time: 97266818 ns
Total end-to-end search time: 97762388 ns
Query: 512, nThreads: 8, warmup: 4
====================================================================================================
(ns)
Load index... Graph level 5..
Total end-to-end search time: 98811587 ns
Total end-to-end search time: 91821109 ns
Total end-to-end search time: 94144625 ns
Total end-to-end search time: 97305708 ns
Total end-to-end search time: 97108057 ns
Query: 512, nThreads: 8, warmup: 4
====================================================================================================
(ns)
Load index... Graph level 5..
Total end-to-end search time: 99131971 ns
Total end-to-end search time: 91612574 ns
Total end-to-end search time: 94498610 ns
Total end-to-end search time: 97337438 ns
Total end-to-end search time: 97012810 ns
Query: 512, nThreads: 8, warmup: 4
====================================================================================================
(ns)
Load index... Graph level 5..
Total end-to-end search time: 99123979 ns
Total end-to-end search time: 91864423 ns
Total end-to-end search time: 94683901 ns
Total end-to-end search time: 98046231 ns
Total end-to-end search time: 97162642 ns
Query: 512, nThreads: 8, warmup: 4
====================================================================================================
(ns)
Load index... Graph level 5..
Total end-to-end search time: 99101827 ns
Total end-to-end search time: 91761138 ns
Total end-to-end search time: 94288001 ns
Total end-to-end search time: 97328176 ns
Total end-to-end search time: 97194477 ns
Query: 512, nThreads: 8, warmup: 4
====================================================================================================
(ns)
Load index... Graph level 5..
Total end-to-end search time: 99000874 ns
Total end-to-end search time: 91577007 ns
Total end-to-end search time: 94631798 ns
Total end-to-end search time: 97631351 ns
Total end-to-end search time: 97349888 ns
Query: 512, nThreads: 8, warmup: 4
====================================================================================================
(ns)
Load index... Graph level 5..
Total end-to-end search time: 98839624 ns
Total end-to-end search time: 91682030 ns
Total end-to-end search time: 94707398 ns
Total end-to-end search time: 97477516 ns
Total end-to-end search time: 97236118 ns
Query: 512, nThreads: 8, warmup: 4
====================================================================================================
(ns)
Load index... Graph level 5..
Total end-to-end search time: 98979753 ns
Total end-to-end search time: 91836584 ns
Total end-to-end search time: 94580392 ns
Total end-to-end search time: 97251968 ns
Total end-to-end search time: 96967905 ns
Query: 512, nThreads: 8, warmup: 4
====================================================================================================
(ns)
Load index... Graph level 5..
Total end-to-end search time: 99059448 ns
Total end-to-end search time: 91891433 ns
Total end-to-end search time: 94302347 ns
Total end-to-end search time: 97208499 ns
Total end-to-end search time: 97767836 ns
Query: 512, nThreads: 8, warmup: 4
====================================================================================================
(ns)
Load index... Graph level 5..
Total end-to-end search time: 98566349 ns
Total end-to-end search time: 91634378 ns
Total end-to-end search time: 94248758 ns
Total end-to-end search time: 97155604 ns
Total end-to-end search time: 97622278 ns
Query: 512, nThreads: 8, warmup: 4
====================================================================================================
(ns)
Load index... Graph level 5..
Total end-to-end search time: 98841053 ns
Total end-to-end search time: 91487115 ns
Total end-to-end search time: 94307057 ns
Total end-to-end search time: 97547939 ns
Total end-to-end search time: 96669066 ns
Query: 512, nThreads: 8, warmup: 4
====================================================================================================
(ns)
Load index... Graph level 5..
Total end-to-end search time: 98660868 ns
Total end-to-end search time: 91557358 ns
Total end-to-end search time: 94446628 ns
Total end-to-end search time: 97716624 ns
Total end-to-end search time: 97511785 ns
Query: 512, nThreads: 8, warmup: 4
====================================================================================================
(ns)
Load index... Graph level 5..
Total end-to-end search time: 99002423 ns
Total end-to-end search time: 91413785 ns
Total end-to-end search time: 94119096 ns
Total end-to-end search time: 97144344 ns
Total end-to-end search time: 97033117 ns
Query: 512, nThreads: 8, warmup: 4
====================================================================================================
(ns)
Load index... Graph level 5..
Total end-to-end search time: 98479903 ns
Total end-to-end search time: 91647269 ns
Total end-to-end search time: 94365282 ns
Total end-to-end search time: 98277631 ns
Total end-to-end search time: 97184198 ns
Query: 512, nThreads: 8, warmup: 4
====================================================================================================
(ns)
Load index... Graph level 5..
Total end-to-end search time: 98813590 ns
Total end-to-end search time: 91917529 ns
Total end-to-end search time: 94465753 ns
Total end-to-end search time: 97602614 ns
Total end-to-end search time: 97183778 ns
Query: 512, nThreads: 8, warmup: 4
====================================================================================================
(ns)
Load index... Graph level 5..
Total end-to-end search time: 99217650 ns
Total end-to-end search time: 91671842 ns
Total end-to-end search time: 94586276 ns
Total end-to-end search time: 97910007 ns
Total end-to-end search time: 97225851 ns
Query: 512, nThreads: 8, warmup: 4
====================================================================================================
(ns)
Load index... Graph level 5..
Total end-to-end search time: 98912011 ns
Total end-to-end search time: 91808395 ns
Total end-to-end search time: 94374006 ns
Total end-to-end search time: 97485601 ns
Total end-to-end search time: 97040841 ns
Query: 512, nThreads: 8, warmup: 4
====================================================================================================
(ns)
Load index... Graph level 5..
Total end-to-end search time: 98832393 ns
Total end-to-end search time: 91869701 ns
Total end-to-end search time: 94330163 ns
Total end-to-end search time: 97509697 ns
Total end-to-end search time: 96797698 ns
Query: 512, nThreads: 8, warmup: 4
====================================================================================================
(ns)
Load index... Graph level 5..
Total end-to-end search time: 98919933 ns
Total end-to-end search time: 92133210 ns
Total end-to-end search time: 94323844 ns
Total end-to-end search time: 97494031 ns
Total end-to-end search time: 97222940 ns
Query: 512, nThreads: 8, warmup: 4
====================================================================================================
(ns)
Load index... Graph level 5..
Total end-to-end search time: 98970904 ns
Total end-to-end search time: 91888399 ns
Total end-to-end search time: 94347503 ns
Total end-to-end search time: 97723453 ns
Total end-to-end search time: 96848013 ns
