Query: 512, nThreads: 64, warmup: 4
====================================================================================================
(ns)
Load index... Graph level 5..
Total end-to-end search time: 105336036 ns
Total end-to-end search time: 95983808 ns
Total end-to-end search time: 97513182 ns
Total end-to-end search time: 100564967 ns
Total end-to-end search time: 99222736 ns
Query: 512, nThreads: 64, warmup: 4
====================================================================================================
(ns)
Load index... Graph level 5..
Total end-to-end search time: 104115959 ns
Total end-to-end search time: 98438929 ns
Total end-to-end search time: 98011327 ns
Total end-to-end search time: 101687706 ns
Total end-to-end search time: 100213292 ns
Query: 512, nThreads: 64, warmup: 4
====================================================================================================
(ns)
Load index... Graph level 5..
Total end-to-end search time: 107572522 ns
Total end-to-end search time: 94536393 ns
Total end-to-end search time: 97565448 ns
Total end-to-end search time: 100507138 ns
Total end-to-end search time: 101268447 ns
Query: 512, nThreads: 64, warmup: 4
====================================================================================================
(ns)
Load index... Graph level 5..
Total end-to-end search time: 107916548 ns
Total end-to-end search time: 94579689 ns
Total end-to-end search time: 99182979 ns
Total end-to-end search time: 100552152 ns
Total end-to-end search time: 100710874 ns
Query: 512, nThreads: 64, warmup: 4
====================================================================================================
(ns)
Load index... Graph level 5..
Total end-to-end search time: 102922279 ns
Total end-to-end search time: 98861672 ns
Total end-to-end search time: 97283536 ns
Total end-to-end search time: 100554330 ns
Total end-to-end search time: 100243095 ns
Query: 512, nThreads: 64, warmup: 4
====================================================================================================
(ns)
Load index... Graph level 5..
Total end-to-end search time: 105702495 ns
Total end-to-end search time: 96759129 ns
Total end-to-end search time: 97003290 ns
Total end-to-end search time: 99979023 ns
Total end-to-end search time: 100662852 ns
Query: 512, nThreads: 64, warmup: 4
====================================================================================================
(ns)
Load index... Graph level 5..
Total end-to-end search time: 106118566 ns
Total end-to-end search time: 97256486 ns
Total end-to-end search time: 97084862 ns
Total end-to-end search time: 100426150 ns
Total end-to-end search time: 100728000 ns
Query: 512, nThreads: 64, warmup: 4
====================================================================================================
(ns)
Load index... Graph level 5..
Total end-to-end search time: 106214838 ns
Total end-to-end search time: 95707565 ns
Total end-to-end search time: 97318971 ns
Total end-to-end search time: 100456795 ns
Total end-to-end search time: 99395100 ns
Query: 512, nThreads: 64, warmup: 4
====================================================================================================
(ns)
Load index... Graph level 5..
Total end-to-end search time: 108381537 ns
Total end-to-end search time: 93822721 ns
Total end-to-end search time: 97148607 ns
Total end-to-end search time: 100364370 ns
Total end-to-end search time: 100211387 ns
Query: 512, nThreads: 64, warmup: 4
====================================================================================================
(ns)
Load index... Graph level 5..
Total end-to-end search time: 107811827 ns
Total end-to-end search time: 94896406 ns
Total end-to-end search time: 98220950 ns
Total end-to-end search time: 100725327 ns
Total end-to-end search time: 100487781 ns
Query: 512, nThreads: 64, warmup: 4
====================================================================================================
(ns)
Load index... Graph level 5..
Total end-to-end search time: 106379181 ns
Total end-to-end search time: 94741328 ns
Total end-to-end search time: 98402429 ns
Total end-to-end search time: 100900273 ns
Total end-to-end search time: 101712247 ns
Query: 512, nThreads: 64, warmup: 4
====================================================================================================
(ns)
Load index... Graph level 5..
Total end-to-end search time: 106747578 ns
Total end-to-end search time: 95354660 ns
Total end-to-end search time: 97036517 ns
Total end-to-end search time: 100932068 ns
Total end-to-end search time: 100222111 ns
Query: 512, nThreads: 64, warmup: 4
====================================================================================================
(ns)
Load index... Graph level 5..
Total end-to-end search time: 103155177 ns
Total end-to-end search time: 98448124 ns
Total end-to-end search time: 97046870 ns
Total end-to-end search time: 100651525 ns
Total end-to-end search time: 100311928 ns
Query: 512, nThreads: 64, warmup: 4
====================================================================================================
(ns)
Load index... Graph level 5..
Total end-to-end search time: 107932071 ns
Total end-to-end search time: 94466132 ns
Total end-to-end search time: 97666131 ns
Total end-to-end search time: 101228644 ns
Total end-to-end search time: 100197129 ns
Query: 512, nThreads: 64, warmup: 4
====================================================================================================
(ns)
Load index... Graph level 5..
Total end-to-end search time: 108600632 ns
Total end-to-end search time: 94325770 ns
Total end-to-end search time: 97699069 ns
Total end-to-end search time: 100352027 ns
Total end-to-end search time: 100185947 ns
Query: 512, nThreads: 64, warmup: 4
====================================================================================================
(ns)
Load index... Graph level 5..
Total end-to-end search time: 106268465 ns
Total end-to-end search time: 96780777 ns
Total end-to-end search time: 97789326 ns
Total end-to-end search time: 100836746 ns
Total end-to-end search time: 99971848 ns
Query: 512, nThreads: 64, warmup: 4
====================================================================================================
(ns)
Load index... Graph level 5..
Total end-to-end search time: 104607434 ns
Total end-to-end search time: 96914204 ns
Total end-to-end search time: 98028874 ns
Total end-to-end search time: 100260285 ns
Total end-to-end search time: 100306927 ns
Query: 512, nThreads: 64, warmup: 4
====================================================================================================
(ns)
Load index... Graph level 5..
Total end-to-end search time: 106729641 ns
Total end-to-end search time: 96728978 ns
Total end-to-end search time: 97249714 ns
Total end-to-end search time: 100655538 ns
Total end-to-end search time: 100177862 ns
Query: 512, nThreads: 64, warmup: 4
====================================================================================================
(ns)
Load index... Graph level 5..
Total end-to-end search time: 106689022 ns
Total end-to-end search time: 96316340 ns
Total end-to-end search time: 98303242 ns
Total end-to-end search time: 99968283 ns
Total end-to-end search time: 99939452 ns
Query: 512, nThreads: 64, warmup: 4
====================================================================================================
(ns)
Load index... Graph level 5..
Total end-to-end search time: 102974025 ns
Total end-to-end search time: 98252214 ns
Total end-to-end search time: 97829630 ns
Total end-to-end search time: 100629038 ns
Total end-to-end search time: 100781026 ns
Query: 512, nThreads: 64, warmup: 4
====================================================================================================
(ns)
Load index... Graph level 5..
Total end-to-end search time: 103493590 ns
Total end-to-end search time: 98251113 ns
Total end-to-end search time: 97258138 ns
Total end-to-end search time: 100551371 ns
Total end-to-end search time: 100203344 ns
Query: 512, nThreads: 64, warmup: 4
====================================================================================================
(ns)
Load index... Graph level 5..
Total end-to-end search time: 108258109 ns
Total end-to-end search time: 93858546 ns
Total end-to-end search time: 96955448 ns
Total end-to-end search time: 100373966 ns
Total end-to-end search time: 100654248 ns
Query: 512, nThreads: 64, warmup: 4
====================================================================================================
(ns)
Load index... Graph level 5..
Total end-to-end search time: 103567170 ns
Total end-to-end search time: 98107579 ns
Total end-to-end search time: 97307989 ns
Total end-to-end search time: 100238917 ns
Total end-to-end search time: 100171774 ns
Query: 512, nThreads: 64, warmup: 4
====================================================================================================
(ns)
Load index... Graph level 5..
Total end-to-end search time: 106068572 ns
Total end-to-end search time: 96513592 ns
Total end-to-end search time: 97230917 ns
Total end-to-end search time: 101713733 ns
Total end-to-end search time: 100129411 ns
Query: 512, nThreads: 64, warmup: 4
====================================================================================================
(ns)
Load index... Graph level 5..
Total end-to-end search time: 104521163 ns
Total end-to-end search time: 98769352 ns
Total end-to-end search time: 97106817 ns
Total end-to-end search time: 100577495 ns
Total end-to-end search time: 101502603 ns
Query: 512, nThreads: 64, warmup: 4
====================================================================================================
(ns)
Load index... Graph level 5..
Total end-to-end search time: 108847225 ns
Total end-to-end search time: 94585762 ns
Total end-to-end search time: 97142658 ns
Total end-to-end search time: 100437132 ns
Total end-to-end search time: 100326820 ns
Query: 512, nThreads: 64, warmup: 4
====================================================================================================
(ns)
Load index... Graph level 5..
Total end-to-end search time: 103393259 ns
Total end-to-end search time: 97537155 ns
Total end-to-end search time: 98695868 ns
Total end-to-end search time: 100616065 ns
Total end-to-end search time: 98339966 ns
Query: 512, nThreads: 64, warmup: 4
====================================================================================================
(ns)
Load index... Graph level 5..
Total end-to-end search time: 108093864 ns
Total end-to-end search time: 94446775 ns
Total end-to-end search time: 97410504 ns
Total end-to-end search time: 100484004 ns
Total end-to-end search time: 100397763 ns
Query: 512, nThreads: 64, warmup: 4
====================================================================================================
(ns)
Load index... Graph level 5..
Total end-to-end search time: 107946420 ns
Total end-to-end search time: 94598378 ns
Total end-to-end search time: 97054620 ns
Total end-to-end search time: 100325052 ns
Total end-to-end search time: 100701288 ns
Query: 512, nThreads: 64, warmup: 4
====================================================================================================
(ns)
Load index... Graph level 5..
Total end-to-end search time: 103435600 ns
Total end-to-end search time: 98433780 ns
Total end-to-end search time: 97381942 ns
Total end-to-end search time: 100507137 ns
Total end-to-end search time: 100633134 ns
