Query: 64, nThreads: 16, warmup: 16
====================================================================================================
(ns)
Load index... Graph level 5..
Total end-to-end search time: 46504478 ns
Total end-to-end search time: 39404970 ns
Total end-to-end search time: 46090154 ns
Total end-to-end search time: 48313401 ns
Total end-to-end search time: 50376824 ns
Total end-to-end search time: 49892401 ns
Total end-to-end search time: 49989344 ns
Total end-to-end search time: 43076993 ns
Total end-to-end search time: 44864005 ns
Total end-to-end search time: 39474453 ns
Total end-to-end search time: 36900654 ns
Total end-to-end search time: 44462135 ns
Total end-to-end search time: 41442841 ns
Total end-to-end search time: 48345388 ns
Total end-to-end search time: 48986818 ns
Total end-to-end search time: 45932393 ns
Total end-to-end search time: 45888931 ns
Query: 64, nThreads: 16, warmup: 16
====================================================================================================
(ns)
Load index... Graph level 5..
Total end-to-end search time: 46799236 ns
Total end-to-end search time: 39654499 ns
Total end-to-end search time: 46693794 ns
Total end-to-end search time: 48941771 ns
Total end-to-end search time: 50691794 ns
Total end-to-end search time: 50330297 ns
Total end-to-end search time: 50571651 ns
Total end-to-end search time: 43471792 ns
Total end-to-end search time: 45465477 ns
Total end-to-end search time: 39786716 ns
Total end-to-end search time: 37167379 ns
Total end-to-end search time: 44500770 ns
Total end-to-end search time: 41719914 ns
Total end-to-end search time: 48696136 ns
Total end-to-end search time: 49800020 ns
Total end-to-end search time: 46633787 ns
Total end-to-end search time: 46372016 ns
Query: 64, nThreads: 16, warmup: 16
====================================================================================================
(ns)
Load index... Graph level 5..
Total end-to-end search time: 47023035 ns
Total end-to-end search time: 39684829 ns
Total end-to-end search time: 46626423 ns
Total end-to-end search time: 48644612 ns
Total end-to-end search time: 50633283 ns
Total end-to-end search time: 50301558 ns
Total end-to-end search time: 50193772 ns
Total end-to-end search time: 43303239 ns
Total end-to-end search time: 45315154 ns
Total end-to-end search time: 39793888 ns
Total end-to-end search time: 37139304 ns
Total end-to-end search time: 44422781 ns
Total end-to-end search time: 41621327 ns
Total end-to-end search time: 48496820 ns
Total end-to-end search time: 49279096 ns
Total end-to-end search time: 46120300 ns
Total end-to-end search time: 45970625 ns
Query: 64, nThreads: 16, warmup: 16
====================================================================================================
(ns)
Load index... Graph level 5..
Total end-to-end search time: 46951856 ns
Total end-to-end search time: 39840137 ns
Total end-to-end search time: 46410598 ns
Total end-to-end search time: 48439968 ns
Total end-to-end search time: 50304756 ns
Total end-to-end search time: 50106952 ns
Total end-to-end search time: 50320643 ns
Total end-to-end search time: 43324028 ns
Total end-to-end search time: 45158737 ns
Total end-to-end search time: 39638046 ns
Total end-to-end search time: 37211642 ns
Total end-to-end search time: 44524891 ns
Total end-to-end search time: 41783150 ns
Total end-to-end search time: 48649566 ns
Total end-to-end search time: 49376081 ns
Total end-to-end search time: 46135285 ns
Total end-to-end search time: 45890086 ns
Query: 64, nThreads: 16, warmup: 16
====================================================================================================
(ns)
Load index... Graph level 5..
Total end-to-end search time: 46558315 ns
Total end-to-end search time: 39574719 ns
Total end-to-end search time: 46379041 ns
Total end-to-end search time: 48622774 ns
Total end-to-end search time: 50540004 ns
Total end-to-end search time: 50056777 ns
Total end-to-end search time: 50129596 ns
Total end-to-end search time: 43368277 ns
Total end-to-end search time: 45379736 ns
Total end-to-end search time: 39730055 ns
Total end-to-end search time: 37078870 ns
Total end-to-end search time: 44232559 ns
Total end-to-end search time: 41426263 ns
Total end-to-end search time: 48286513 ns
Total end-to-end search time: 49339703 ns
Total end-to-end search time: 46097871 ns
Total end-to-end search time: 45892365 ns
Query: 64, nThreads: 16, warmup: 16
====================================================================================================
(ns)
Load index... Graph level 5..
Total end-to-end search time: 46282565 ns
Total end-to-end search time: 39234012 ns
Total end-to-end search time: 45988026 ns
Total end-to-end search time: 48057217 ns
Total end-to-end search time: 49905045 ns
Total end-to-end search time: 49537311 ns
Total end-to-end search time: 50064173 ns
Total end-to-end search time: 43071693 ns
Total end-to-end search time: 44755840 ns
Total end-to-end search time: 39301740 ns
Total end-to-end search time: 36698647 ns
Total end-to-end search time: 43932200 ns
Total end-to-end search time: 41156806 ns
Total end-to-end search time: 47914106 ns
Total end-to-end search time: 49804612 ns
Total end-to-end search time: 46685974 ns
Total end-to-end search time: 46436431 ns
Query: 64, nThreads: 16, warmup: 16
====================================================================================================
(ns)
Load index... Graph level 5..
Total end-to-end search time: 46987153 ns
Total end-to-end search time: 39795018 ns
Total end-to-end search time: 46739938 ns
Total end-to-end search time: 48546338 ns
Total end-to-end search time: 50453288 ns
Total end-to-end search time: 50247929 ns
Total end-to-end search time: 50185884 ns
Total end-to-end search time: 43229892 ns
Total end-to-end search time: 45266049 ns
Total end-to-end search time: 39721519 ns
Total end-to-end search time: 37186668 ns
Total end-to-end search time: 44278570 ns
Total end-to-end search time: 41958240 ns
Total end-to-end search time: 48719039 ns
Total end-to-end search time: 49446477 ns
Total end-to-end search time: 46431699 ns
Total end-to-end search time: 45912148 ns
Query: 64, nThreads: 16, warmup: 16
====================================================================================================
(ns)
Load index... Graph level 5..
Total end-to-end search time: 47288294 ns
Total end-to-end search time: 39793789 ns
Total end-to-end search time: 46791757 ns
Total end-to-end search time: 48855106 ns
Total end-to-end search time: 50611781 ns
Total end-to-end search time: 50282113 ns
Total end-to-end search time: 50411626 ns
Total end-to-end search time: 43492980 ns
Total end-to-end search time: 45354487 ns
Total end-to-end search time: 39895552 ns
Total end-to-end search time: 37257176 ns
Total end-to-end search time: 44498822 ns
Total end-to-end search time: 41647647 ns
Total end-to-end search time: 48593347 ns
Total end-to-end search time: 49431419 ns
Total end-to-end search time: 46763464 ns
Total end-to-end search time: 46141102 ns
Query: 64, nThreads: 16, warmup: 16
====================================================================================================
(ns)
Load index... Graph level 5..
Total end-to-end search time: 46639272 ns
Total end-to-end search time: 39424973 ns
Total end-to-end search time: 46360668 ns
Total end-to-end search time: 48518778 ns
Total end-to-end search time: 50415192 ns
Total end-to-end search time: 50249408 ns
Total end-to-end search time: 50583154 ns
Total end-to-end search time: 43707931 ns
Total end-to-end search time: 45463566 ns
Total end-to-end search time: 39832731 ns
Total end-to-end search time: 37235136 ns
Total end-to-end search time: 44664113 ns
Total end-to-end search time: 41885885 ns
Total end-to-end search time: 48881083 ns
Total end-to-end search time: 49817254 ns
Total end-to-end search time: 46417613 ns
Total end-to-end search time: 46211108 ns
Query: 64, nThreads: 16, warmup: 16
====================================================================================================
(ns)
Load index... Graph level 5..
Total end-to-end search time: 46948796 ns
Total end-to-end search time: 39390282 ns
Total end-to-end search time: 46219874 ns
Total end-to-end search time: 48169449 ns
Total end-to-end search time: 49968519 ns
Total end-to-end search time: 49694496 ns
Total end-to-end search time: 49905606 ns
Total end-to-end search time: 43045652 ns
Total end-to-end search time: 45018180 ns
Total end-to-end search time: 39532173 ns
Total end-to-end search time: 36908355 ns
Total end-to-end search time: 43964245 ns
Total end-to-end search time: 41345503 ns
Total end-to-end search time: 48429554 ns
Total end-to-end search time: 49257580 ns
Total end-to-end search time: 46210708 ns
Total end-to-end search time: 45960740 ns
Query: 64, nThreads: 16, warmup: 16
====================================================================================================
(ns)
Load index... Graph level 5..
Total end-to-end search time: 47342670 ns
Total end-to-end search time: 39893627 ns
Total end-to-end search time: 46873642 ns
Total end-to-end search time: 49134742 ns
Total end-to-end search time: 50398478 ns
Total end-to-end search time: 50030843 ns
Total end-to-end search time: 50227358 ns
Total end-to-end search time: 43257077 ns
Total end-to-end search time: 45413574 ns
Total end-to-end search time: 39639478 ns
Total end-to-end search time: 37008527 ns
Total end-to-end search time: 44172994 ns
Total end-to-end search time: 41418557 ns
Total end-to-end search time: 48376469 ns
Total end-to-end search time: 49134264 ns
Total end-to-end search time: 46073982 ns
Total end-to-end search time: 45975416 ns
Query: 64, nThreads: 16, warmup: 16
====================================================================================================
(ns)
Load index... Graph level 5..
Total end-to-end search time: 46737156 ns
Total end-to-end search time: 39630697 ns
Total end-to-end search time: 46458234 ns
Total end-to-end search time: 48773905 ns
Total end-to-end search time: 50379229 ns
Total end-to-end search time: 49971056 ns
Total end-to-end search time: 50435435 ns
Total end-to-end search time: 43269106 ns
Total end-to-end search time: 45118155 ns
Total end-to-end search time: 39719341 ns
Total end-to-end search time: 37250984 ns
Total end-to-end search time: 44555327 ns
Total end-to-end search time: 41517732 ns
Total end-to-end search time: 48431533 ns
Total end-to-end search time: 49181936 ns
Total end-to-end search time: 46309446 ns
Total end-to-end search time: 45939489 ns
Query: 64, nThreads: 16, warmup: 16
====================================================================================================
(ns)
Load index... Graph level 5..
Total end-to-end search time: 46731134 ns
Total end-to-end search time: 39622423 ns
Total end-to-end search time: 46341176 ns
Total end-to-end search time: 48389246 ns
Total end-to-end search time: 50298001 ns
Total end-to-end search time: 50132873 ns
Total end-to-end search time: 50289539 ns
Total end-to-end search time: 43121011 ns
Total end-to-end search time: 45187469 ns
Total end-to-end search time: 39996541 ns
Total end-to-end search time: 37031525 ns
Total end-to-end search time: 44143325 ns
Total end-to-end search time: 41456034 ns
Total end-to-end search time: 48448646 ns
Total end-to-end search time: 49470680 ns
Total end-to-end search time: 46345765 ns
Total end-to-end search time: 46110101 ns
Query: 64, nThreads: 16, warmup: 16
====================================================================================================
(ns)
Load index... Graph level 5..
Total end-to-end search time: 46709868 ns
Total end-to-end search time: 39513811 ns
Total end-to-end search time: 46404088 ns
Total end-to-end search time: 48301666 ns
Total end-to-end search time: 50001962 ns
Total end-to-end search time: 49720541 ns
Total end-to-end search time: 49965409 ns
Total end-to-end search time: 43054321 ns
Total end-to-end search time: 44975589 ns
Total end-to-end search time: 39466537 ns
Total end-to-end search time: 37023770 ns
Total end-to-end search time: 44278179 ns
Total end-to-end search time: 41279855 ns
Total end-to-end search time: 48114634 ns
Total end-to-end search time: 49539319 ns
Total end-to-end search time: 46622694 ns
Total end-to-end search time: 46356931 ns
Query: 64, nThreads: 16, warmup: 16
====================================================================================================
(ns)
Load index... Graph level 5..
Total end-to-end search time: 46449791 ns
Total end-to-end search time: 39364742 ns
Total end-to-end search time: 46183827 ns
Total end-to-end search time: 48093049 ns
Total end-to-end search time: 49973325 ns
Total end-to-end search time: 49658246 ns
Total end-to-end search time: 49878073 ns
Total end-to-end search time: 43027446 ns
Total end-to-end search time: 44805813 ns
Total end-to-end search time: 39536500 ns
Total end-to-end search time: 37132776 ns
Total end-to-end search time: 44025791 ns
Total end-to-end search time: 41256567 ns
Total end-to-end search time: 48048808 ns
Total end-to-end search time: 48984241 ns
Total end-to-end search time: 45998778 ns
Total end-to-end search time: 45704904 ns
Query: 64, nThreads: 16, warmup: 16
====================================================================================================
(ns)
Load index... Graph level 5..
Total end-to-end search time: 47012423 ns
Total end-to-end search time: 39809176 ns
Total end-to-end search time: 46733616 ns
Total end-to-end search time: 48734347 ns
Total end-to-end search time: 50589629 ns
Total end-to-end search time: 50326614 ns
Total end-to-end search time: 50444884 ns
Total end-to-end search time: 43468634 ns
Total end-to-end search time: 45434737 ns
Total end-to-end search time: 39870469 ns
Total end-to-end search time: 37160548 ns
Total end-to-end search time: 44672420 ns
Total end-to-end search time: 41850161 ns
Total end-to-end search time: 48843583 ns
Total end-to-end search time: 49513460 ns
Total end-to-end search time: 46591846 ns
Total end-to-end search time: 46350078 ns
Query: 64, nThreads: 16, warmup: 16
====================================================================================================
(ns)
Load index... Graph level 5..
Total end-to-end search time: 46819789 ns
Total end-to-end search time: 39640178 ns
Total end-to-end search time: 46452069 ns
Total end-to-end search time: 48694408 ns
Total end-to-end search time: 50302152 ns
Total end-to-end search time: 50017611 ns
Total end-to-end search time: 50209478 ns
Total end-to-end search time: 43230525 ns
Total end-to-end search time: 45329444 ns
Total end-to-end search time: 39764097 ns
Total end-to-end search time: 37222583 ns
Total end-to-end search time: 44348921 ns
Total end-to-end search time: 41590191 ns
Total end-to-end search time: 48565233 ns
Total end-to-end search time: 49384768 ns
Total end-to-end search time: 46279092 ns
Total end-to-end search time: 46064736 ns
Query: 64, nThreads: 16, warmup: 16
====================================================================================================
(ns)
Load index... Graph level 5..
Total end-to-end search time: 46458656 ns
Total end-to-end search time: 39441009 ns
Total end-to-end search time: 46362639 ns
Total end-to-end search time: 48351644 ns
Total end-to-end search time: 50057246 ns
Total end-to-end search time: 49779780 ns
Total end-to-end search time: 50901124 ns
Total end-to-end search time: 43485867 ns
Total end-to-end search time: 45374321 ns
Total end-to-end search time: 39878233 ns
Total end-to-end search time: 37400584 ns
Total end-to-end search time: 44493663 ns
Total end-to-end search time: 41809829 ns
Total end-to-end search time: 48911051 ns
Total end-to-end search time: 49635502 ns
Total end-to-end search time: 46698753 ns
Total end-to-end search time: 46336468 ns
Query: 64, nThreads: 16, warmup: 16
====================================================================================================
(ns)
Load index... Graph level 5..
Total end-to-end search time: 46655230 ns
Total end-to-end search time: 39511317 ns
Total end-to-end search time: 46526324 ns
Total end-to-end search time: 48655671 ns
Total end-to-end search time: 50376339 ns
Total end-to-end search time: 50045089 ns
Total end-to-end search time: 50161700 ns
Total end-to-end search time: 43321128 ns
Total end-to-end search time: 45477655 ns
Total end-to-end search time: 39596929 ns
Total end-to-end search time: 37047334 ns
Total end-to-end search time: 44326117 ns
Total end-to-end search time: 41452391 ns
Total end-to-end search time: 48333014 ns
Total end-to-end search time: 49319501 ns
Total end-to-end search time: 46477459 ns
Total end-to-end search time: 45920025 ns
Query: 64, nThreads: 16, warmup: 16
====================================================================================================
(ns)
Load index... Graph level 5..
Total end-to-end search time: 46823365 ns
Total end-to-end search time: 39626303 ns
Total end-to-end search time: 46420394 ns
Total end-to-end search time: 48485761 ns
Total end-to-end search time: 50390563 ns
Total end-to-end search time: 50125120 ns
Total end-to-end search time: 50200146 ns
Total end-to-end search time: 43458237 ns
Total end-to-end search time: 45197822 ns
Total end-to-end search time: 39650588 ns
Total end-to-end search time: 37091433 ns
Total end-to-end search time: 44403442 ns
Total end-to-end search time: 41507413 ns
Total end-to-end search time: 48622118 ns
Total end-to-end search time: 49435547 ns
Total end-to-end search time: 46119222 ns
Total end-to-end search time: 45932012 ns
Query: 64, nThreads: 16, warmup: 16
====================================================================================================
(ns)
Load index... Graph level 5..
Total end-to-end search time: 46962686 ns
Total end-to-end search time: 39594215 ns
Total end-to-end search time: 46502066 ns
Total end-to-end search time: 48535448 ns
Total end-to-end search time: 50375230 ns
Total end-to-end search time: 50051814 ns
Total end-to-end search time: 50133806 ns
Total end-to-end search time: 43491034 ns
Total end-to-end search time: 45357538 ns
Total end-to-end search time: 39846683 ns
Total end-to-end search time: 37113861 ns
Total end-to-end search time: 44537604 ns
Total end-to-end search time: 41695650 ns
Total end-to-end search time: 48757831 ns
Total end-to-end search time: 49509723 ns
Total end-to-end search time: 46372418 ns
Total end-to-end search time: 46334784 ns
Query: 64, nThreads: 16, warmup: 16
====================================================================================================
(ns)
Load index... Graph level 5..
Total end-to-end search time: 46801699 ns
Total end-to-end search time: 39557384 ns
Total end-to-end search time: 46434750 ns
Total end-to-end search time: 48445644 ns
Total end-to-end search time: 50282366 ns
Total end-to-end search time: 49966787 ns
Total end-to-end search time: 50356275 ns
Total end-to-end search time: 43303072 ns
Total end-to-end search time: 45257269 ns
Total end-to-end search time: 39817387 ns
Total end-to-end search time: 37021053 ns
Total end-to-end search time: 44260958 ns
Total end-to-end search time: 41417324 ns
Total end-to-end search time: 48467241 ns
Total end-to-end search time: 49416826 ns
Total end-to-end search time: 46361219 ns
Total end-to-end search time: 45872104 ns
Query: 64, nThreads: 16, warmup: 16
====================================================================================================
(ns)
Load index... Graph level 5..
Total end-to-end search time: 46695541 ns
Total end-to-end search time: 39742987 ns
Total end-to-end search time: 46420411 ns
Total end-to-end search time: 48446695 ns
Total end-to-end search time: 50333812 ns
Total end-to-end search time: 49720206 ns
Total end-to-end search time: 49910814 ns
Total end-to-end search time: 43203491 ns
Total end-to-end search time: 45203428 ns
Total end-to-end search time: 39521281 ns
Total end-to-end search time: 36942424 ns
Total end-to-end search time: 44288944 ns
Total end-to-end search time: 41482309 ns
Total end-to-end search time: 48278906 ns
Total end-to-end search time: 48929850 ns
Total end-to-end search time: 45982300 ns
Total end-to-end search time: 45717842 ns
Query: 64, nThreads: 16, warmup: 16
====================================================================================================
(ns)
Load index... Graph level 5..
Total end-to-end search time: 47019378 ns
Total end-to-end search time: 39786062 ns
Total end-to-end search time: 46661596 ns
Total end-to-end search time: 48696876 ns
Total end-to-end search time: 50827350 ns
Total end-to-end search time: 50376609 ns
Total end-to-end search time: 50569187 ns
Total end-to-end search time: 43399712 ns
Total end-to-end search time: 45465099 ns
Total end-to-end search time: 40030961 ns
Total end-to-end search time: 37331186 ns
Total end-to-end search time: 44487491 ns
Total end-to-end search time: 41660267 ns
Total end-to-end search time: 48650033 ns
Total end-to-end search time: 49598575 ns
Total end-to-end search time: 46294859 ns
Total end-to-end search time: 46333786 ns
Query: 64, nThreads: 16, warmup: 16
====================================================================================================
(ns)
Load index... Graph level 5..
Total end-to-end search time: 46841079 ns
Total end-to-end search time: 39732145 ns
Total end-to-end search time: 46529455 ns
Total end-to-end search time: 48543479 ns
Total end-to-end search time: 50589892 ns
Total end-to-end search time: 50300309 ns
Total end-to-end search time: 50347124 ns
Total end-to-end search time: 43576655 ns
Total end-to-end search time: 45258422 ns
Total end-to-end search time: 39728138 ns
Total end-to-end search time: 37051488 ns
Total end-to-end search time: 44372758 ns
Total end-to-end search time: 41600365 ns
Total end-to-end search time: 48503258 ns
Total end-to-end search time: 49281910 ns
Total end-to-end search time: 46155924 ns
Total end-to-end search time: 46084947 ns
Query: 64, nThreads: 16, warmup: 16
====================================================================================================
(ns)
Load index... Graph level 5..
Total end-to-end search time: 46559888 ns
Total end-to-end search time: 39425440 ns
Total end-to-end search time: 46435645 ns
Total end-to-end search time: 48403999 ns
Total end-to-end search time: 50073096 ns
Total end-to-end search time: 49727125 ns
Total end-to-end search time: 49877533 ns
Total end-to-end search time: 43083489 ns
Total end-to-end search time: 44914308 ns
Total end-to-end search time: 39447584 ns
Total end-to-end search time: 36800489 ns
Total end-to-end search time: 44235079 ns
Total end-to-end search time: 41245576 ns
Total end-to-end search time: 48077426 ns
Total end-to-end search time: 48948434 ns
Total end-to-end search time: 45893921 ns
Total end-to-end search time: 45642822 ns
Query: 64, nThreads: 16, warmup: 16
====================================================================================================
(ns)
Load index... Graph level 5..
Total end-to-end search time: 46714208 ns
Total end-to-end search time: 39491419 ns
Total end-to-end search time: 46266926 ns
Total end-to-end search time: 48456518 ns
Total end-to-end search time: 50435245 ns
Total end-to-end search time: 50031218 ns
Total end-to-end search time: 50114144 ns
Total end-to-end search time: 43315190 ns
Total end-to-end search time: 45157808 ns
Total end-to-end search time: 39724743 ns
Total end-to-end search time: 37071447 ns
Total end-to-end search time: 44164858 ns
Total end-to-end search time: 41384013 ns
Total end-to-end search time: 48447077 ns
Total end-to-end search time: 49251980 ns
Total end-to-end search time: 46322778 ns
Total end-to-end search time: 46121852 ns
Query: 64, nThreads: 16, warmup: 16
====================================================================================================
(ns)
Load index... Graph level 5..
Total end-to-end search time: 46511332 ns
Total end-to-end search time: 39387848 ns
Total end-to-end search time: 46057822 ns
Total end-to-end search time: 48197543 ns
Total end-to-end search time: 50007010 ns
Total end-to-end search time: 49680289 ns
Total end-to-end search time: 49894580 ns
Total end-to-end search time: 42953560 ns
Total end-to-end search time: 44978930 ns
Total end-to-end search time: 39665130 ns
Total end-to-end search time: 36924252 ns
Total end-to-end search time: 44274431 ns
Total end-to-end search time: 41386862 ns
Total end-to-end search time: 48327136 ns
Total end-to-end search time: 49072722 ns
Total end-to-end search time: 45911278 ns
Total end-to-end search time: 45789484 ns
Query: 64, nThreads: 16, warmup: 16
====================================================================================================
(ns)
Load index... Graph level 5..
Total end-to-end search time: 46827326 ns
Total end-to-end search time: 39609770 ns
Total end-to-end search time: 46315311 ns
Total end-to-end search time: 48430727 ns
Total end-to-end search time: 50868764 ns
Total end-to-end search time: 50252398 ns
Total end-to-end search time: 50291813 ns
Total end-to-end search time: 43347303 ns
Total end-to-end search time: 45369638 ns
Total end-to-end search time: 39668443 ns
Total end-to-end search time: 36942167 ns
Total end-to-end search time: 44222949 ns
Total end-to-end search time: 41419049 ns
Total end-to-end search time: 48293830 ns
Total end-to-end search time: 49265200 ns
Total end-to-end search time: 46096798 ns
Total end-to-end search time: 46097928 ns
Query: 64, nThreads: 16, warmup: 16
====================================================================================================
(ns)
Load index... Graph level 5..
Total end-to-end search time: 46964738 ns
Total end-to-end search time: 39804013 ns
Total end-to-end search time: 46647658 ns
Total end-to-end search time: 48670017 ns
Total end-to-end search time: 50722610 ns
Total end-to-end search time: 50374754 ns
Total end-to-end search time: 50399900 ns
Total end-to-end search time: 43312692 ns
Total end-to-end search time: 45203568 ns
Total end-to-end search time: 40041397 ns
Total end-to-end search time: 37043752 ns
Total end-to-end search time: 44239918 ns
Total end-to-end search time: 41465374 ns
Total end-to-end search time: 48376611 ns
Total end-to-end search time: 49075331 ns
Total end-to-end search time: 46117519 ns
Total end-to-end search time: 46043988 ns
