Query: 8192, nThreads: 8, warmup: 1
====================================================================================================
(ns)
Load index... Graph level 5..
Total end-to-end search time: 1472243758 ns
Total end-to-end search time: 319302356 ns
Query: 8192, nThreads: 8, warmup: 1
====================================================================================================
(ns)
Load index... Graph level 5..
Total end-to-end search time: 1473580979 ns
Total end-to-end search time: 319552963 ns
Query: 8192, nThreads: 8, warmup: 1
====================================================================================================
(ns)
Load index... Graph level 5..
Total end-to-end search time: 1472555675 ns
Total end-to-end search time: 319360025 ns
Query: 8192, nThreads: 8, warmup: 1
====================================================================================================
(ns)
Load index... Graph level 5..
Total end-to-end search time: 1474766704 ns
Total end-to-end search time: 319533738 ns
Query: 8192, nThreads: 8, warmup: 1
====================================================================================================
(ns)
Load index... Graph level 5..
Total end-to-end search time: 1473283391 ns
Total end-to-end search time: 319319781 ns
Query: 8192, nThreads: 8, warmup: 1
====================================================================================================
(ns)
Load index... Graph level 5..
Total end-to-end search time: 1475466294 ns
Total end-to-end search time: 319543077 ns
Query: 8192, nThreads: 8, warmup: 1
====================================================================================================
(ns)
Load index... Graph level 5..
Total end-to-end search time: 1473578836 ns
Total end-to-end search time: 319763444 ns
Query: 8192, nThreads: 8, warmup: 1
====================================================================================================
(ns)
Load index... Graph level 5..
Total end-to-end search time: 1473149383 ns
Total end-to-end search time: 319892780 ns
Query: 8192, nThreads: 8, warmup: 1
====================================================================================================
(ns)
Load index... Graph level 5..
Total end-to-end search time: 1472473606 ns
Total end-to-end search time: 319454927 ns
Query: 8192, nThreads: 8, warmup: 1
====================================================================================================
(ns)
Load index... Graph level 5..
Total end-to-end search time: 1472027158 ns
Total end-to-end search time: 319130894 ns
Query: 8192, nThreads: 8, warmup: 1
====================================================================================================
(ns)
Load index... Graph level 5..
Total end-to-end search time: 1471533214 ns
Total end-to-end search time: 319767430 ns
Query: 8192, nThreads: 8, warmup: 1
====================================================================================================
(ns)
Load index... Graph level 5..
Total end-to-end search time: 1473530176 ns
Total end-to-end search time: 319602396 ns
Query: 8192, nThreads: 8, warmup: 1
====================================================================================================
(ns)
Load index... Graph level 5..
Total end-to-end search time: 1473618858 ns
Total end-to-end search time: 319627977 ns
Query: 8192, nThreads: 8, warmup: 1
====================================================================================================
(ns)
Load index... Graph level 5..
Total end-to-end search time: 1473479419 ns
Total end-to-end search time: 319674237 ns
Query: 8192, nThreads: 8, warmup: 1
====================================================================================================
(ns)
Load index... Graph level 5..
Total end-to-end search time: 1473144105 ns
Total end-to-end search time: 319851720 ns
Query: 8192, nThreads: 8, warmup: 1
====================================================================================================
(ns)
Load index... Graph level 5..
Total end-to-end search time: 1474235074 ns
Total end-to-end search time: 319992899 ns
Query: 8192, nThreads: 8, warmup: 1
====================================================================================================
(ns)
Load index... Graph level 5..
Total end-to-end search time: 1473536027 ns
Total end-to-end search time: 319945055 ns
Query: 8192, nThreads: 8, warmup: 1
====================================================================================================
(ns)
Load index... Graph level 5..
Total end-to-end search time: 1472153976 ns
Total end-to-end search time: 319891263 ns
Query: 8192, nThreads: 8, warmup: 1
====================================================================================================
(ns)
Load index... Graph level 5..
Total end-to-end search time: 1471349789 ns
Total end-to-end search time: 319714224 ns
Query: 8192, nThreads: 8, warmup: 1
====================================================================================================
(ns)
Load index... Graph level 5..
Total end-to-end search time: 1473604193 ns
Total end-to-end search time: 319389995 ns
Query: 8192, nThreads: 8, warmup: 1
====================================================================================================
(ns)
Load index... Graph level 5..
Total end-to-end search time: 1472709052 ns
Total end-to-end search time: 320513363 ns
Query: 8192, nThreads: 8, warmup: 1
====================================================================================================
(ns)
Load index... Graph level 5..
Total end-to-end search time: 1472343021 ns
Total end-to-end search time: 319320593 ns
Query: 8192, nThreads: 8, warmup: 1
====================================================================================================
(ns)
Load index... Graph level 5..
Total end-to-end search time: 1473080181 ns
Total end-to-end search time: 319363694 ns
Query: 8192, nThreads: 8, warmup: 1
====================================================================================================
(ns)
Load index... Graph level 5..
Total end-to-end search time: 1471000313 ns
Total end-to-end search time: 319446454 ns
Query: 8192, nThreads: 8, warmup: 1
====================================================================================================
(ns)
Load index... Graph level 5..
Total end-to-end search time: 1472996814 ns
Total end-to-end search time: 319166636 ns
Query: 8192, nThreads: 8, warmup: 1
====================================================================================================
(ns)
Load index... Graph level 5..
Total end-to-end search time: 1473473384 ns
Total end-to-end search time: 319097648 ns
Query: 8192, nThreads: 8, warmup: 1
====================================================================================================
(ns)
Load index... Graph level 5..
Total end-to-end search time: 1472928833 ns
Total end-to-end search time: 319815363 ns
Query: 8192, nThreads: 8, warmup: 1
====================================================================================================
(ns)
Load index... Graph level 5..
Total end-to-end search time: 1475541928 ns
Total end-to-end search time: 319027438 ns
Query: 8192, nThreads: 8, warmup: 1
====================================================================================================
(ns)
Load index... Graph level 5..
Total end-to-end search time: 1474362668 ns
Total end-to-end search time: 319274083 ns
Query: 8192, nThreads: 8, warmup: 1
====================================================================================================
(ns)
Load index... Graph level 5..
Total end-to-end search time: 1473845605 ns
Total end-to-end search time: 318708616 ns
