Query: 8192, nThreads: 16, warmup: 1
====================================================================================================
(ns)
Load index... Graph level 5..
Total end-to-end search time: 1489338975 ns
Total end-to-end search time: 323580031 ns
Query: 8192, nThreads: 16, warmup: 1
====================================================================================================
(ns)
Load index... Graph level 5..
Total end-to-end search time: 1491836070 ns
Total end-to-end search time: 323441170 ns
Query: 8192, nThreads: 16, warmup: 1
====================================================================================================
(ns)
Load index... Graph level 5..
Total end-to-end search time: 1491886148 ns
Total end-to-end search time: 322876994 ns
Query: 8192, nThreads: 16, warmup: 1
====================================================================================================
(ns)
Load index... Graph level 5..
Total end-to-end search time: 1487403987 ns
Total end-to-end search time: 323590032 ns
Query: 8192, nThreads: 16, warmup: 1
====================================================================================================
(ns)
Load index... Graph level 5..
Total end-to-end search time: 1489456261 ns
Total end-to-end search time: 322461456 ns
Query: 8192, nThreads: 16, warmup: 1
====================================================================================================
(ns)
Load index... Graph level 5..
Total end-to-end search time: 1491319912 ns
Total end-to-end search time: 323283529 ns
Query: 8192, nThreads: 16, warmup: 1
====================================================================================================
(ns)
Load index... Graph level 5..
Total end-to-end search time: 1485894534 ns
Total end-to-end search time: 323065699 ns
Query: 8192, nThreads: 16, warmup: 1
====================================================================================================
(ns)
Load index... Graph level 5..
Total end-to-end search time: 1487667220 ns
Total end-to-end search time: 323217383 ns
Query: 8192, nThreads: 16, warmup: 1
====================================================================================================
(ns)
Load index... Graph level 5..
Total end-to-end search time: 1491762375 ns
Total end-to-end search time: 323624815 ns
Query: 8192, nThreads: 16, warmup: 1
====================================================================================================
(ns)
Load index... Graph level 5..
Total end-to-end search time: 1489785472 ns
Total end-to-end search time: 323082215 ns
Query: 8192, nThreads: 16, warmup: 1
====================================================================================================
(ns)
Load index... Graph level 5..
Total end-to-end search time: 1491417238 ns
Total end-to-end search time: 323197144 ns
Query: 8192, nThreads: 16, warmup: 1
====================================================================================================
(ns)
Load index... Graph level 5..
Total end-to-end search time: 1490209773 ns
Total end-to-end search time: 323412697 ns
Query: 8192, nThreads: 16, warmup: 1
====================================================================================================
(ns)
Load index... Graph level 5..
Total end-to-end search time: 1491795224 ns
Total end-to-end search time: 323636071 ns
Query: 8192, nThreads: 16, warmup: 1
====================================================================================================
(ns)
Load index... Graph level 5..
Total end-to-end search time: 1491120075 ns
Total end-to-end search time: 323630134 ns
Query: 8192, nThreads: 16, warmup: 1
====================================================================================================
(ns)
Load index... Graph level 5..
Total end-to-end search time: 1486755413 ns
Total end-to-end search time: 323104541 ns
Query: 8192, nThreads: 16, warmup: 1
====================================================================================================
(ns)
Load index... Graph level 5..
Total end-to-end search time: 1489564444 ns
Total end-to-end search time: 323060148 ns
Query: 8192, nThreads: 16, warmup: 1
====================================================================================================
(ns)
Load index... Graph level 5..
Total end-to-end search time: 1490033743 ns
Total end-to-end search time: 323210590 ns
Query: 8192, nThreads: 16, warmup: 1
====================================================================================================
(ns)
Load index... Graph level 5..
Total end-to-end search time: 1491999633 ns
Total end-to-end search time: 323018466 ns
Query: 8192, nThreads: 16, warmup: 1
====================================================================================================
(ns)
Load index... Graph level 5..
Total end-to-end search time: 1488543641 ns
Total end-to-end search time: 323591865 ns
Query: 8192, nThreads: 16, warmup: 1
====================================================================================================
(ns)
Load index... Graph level 5..
Total end-to-end search time: 1489944157 ns
Total end-to-end search time: 323118306 ns
Query: 8192, nThreads: 16, warmup: 1
====================================================================================================
(ns)
Load index... Graph level 5..
Total end-to-end search time: 1487414917 ns
Total end-to-end search time: 322968157 ns
Query: 8192, nThreads: 16, warmup: 1
====================================================================================================
(ns)
Load index... Graph level 5..
Total end-to-end search time: 1490145756 ns
Total end-to-end search time: 323459063 ns
Query: 8192, nThreads: 16, warmup: 1
====================================================================================================
(ns)
Load index... Graph level 5..
Total end-to-end search time: 1490423501 ns
Total end-to-end search time: 323745319 ns
Query: 8192, nThreads: 16, warmup: 1
====================================================================================================
(ns)
Load index... Graph level 5..
Total end-to-end search time: 1488286547 ns
Total end-to-end search time: 323060405 ns
Query: 8192, nThreads: 16, warmup: 1
====================================================================================================
(ns)
Load index... Graph level 5..
Total end-to-end search time: 1490137959 ns
Total end-to-end search time: 323323538 ns
Query: 8192, nThreads: 16, warmup: 1
====================================================================================================
(ns)
Load index... Graph level 5..
Total end-to-end search time: 1488541201 ns
Total end-to-end search time: 322934148 ns
Query: 8192, nThreads: 16, warmup: 1
====================================================================================================
(ns)
Load index... Graph level 5..
Total end-to-end search time: 1485218250 ns
Total end-to-end search time: 322327294 ns
Query: 8192, nThreads: 16, warmup: 1
====================================================================================================
(ns)
Load index... Graph level 5..
Total end-to-end search time: 1490494759 ns
Total end-to-end search time: 323349290 ns
Query: 8192, nThreads: 16, warmup: 1
====================================================================================================
(ns)
Load index... Graph level 5..
Total end-to-end search time: 1490155908 ns
Total end-to-end search time: 322757162 ns
Query: 8192, nThreads: 16, warmup: 1
====================================================================================================
(ns)
Load index... Graph level 5..
Total end-to-end search time: 1492007254 ns
Total end-to-end search time: 323300724 ns
