Query: 8, nThreads: 2, warmup: 16
====================================================================================================
(ns)
Load index... Graph level 5..
Total end-to-end search time: 6653855 ns
Total end-to-end search time: 6595038 ns
Total end-to-end search time: 5930420 ns
Total end-to-end search time: 5643833 ns
Total end-to-end search time: 6050964 ns
Total end-to-end search time: 5750566 ns
Total end-to-end search time: 4834726 ns
Total end-to-end search time: 4863188 ns
Total end-to-end search time: 4286359 ns
Total end-to-end search time: 5547627 ns
Total end-to-end search time: 5159704 ns
Total end-to-end search time: 4591813 ns
Total end-to-end search time: 5100350 ns
Total end-to-end search time: 4332652 ns
Total end-to-end search time: 4924359 ns
Total end-to-end search time: 5619181 ns
Total end-to-end search time: 5723325 ns
Query: 8, nThreads: 2, warmup: 16
====================================================================================================
(ns)
Load index... Graph level 5..
Total end-to-end search time: 6875128 ns
Total end-to-end search time: 6687827 ns
Total end-to-end search time: 6010827 ns
Total end-to-end search time: 5715194 ns
Total end-to-end search time: 6078594 ns
Total end-to-end search time: 5759205 ns
Total end-to-end search time: 4886608 ns
Total end-to-end search time: 4882470 ns
Total end-to-end search time: 4335096 ns
Total end-to-end search time: 5577004 ns
Total end-to-end search time: 5195122 ns
Total end-to-end search time: 4422984 ns
Total end-to-end search time: 5141221 ns
Total end-to-end search time: 4350246 ns
Total end-to-end search time: 4985395 ns
Total end-to-end search time: 5673929 ns
Total end-to-end search time: 5797065 ns
Query: 8, nThreads: 2, warmup: 16
====================================================================================================
(ns)
Load index... Graph level 5..
Total end-to-end search time: 6789147 ns
Total end-to-end search time: 6735438 ns
Total end-to-end search time: 6019221 ns
Total end-to-end search time: 5738173 ns
Total end-to-end search time: 6152906 ns
Total end-to-end search time: 5838883 ns
Total end-to-end search time: 4928901 ns
Total end-to-end search time: 4924281 ns
Total end-to-end search time: 4358057 ns
Total end-to-end search time: 5644093 ns
Total end-to-end search time: 5245095 ns
Total end-to-end search time: 4458115 ns
Total end-to-end search time: 5169142 ns
Total end-to-end search time: 4375161 ns
Total end-to-end search time: 5008146 ns
Total end-to-end search time: 5718174 ns
Total end-to-end search time: 5769670 ns
Query: 8, nThreads: 2, warmup: 16
====================================================================================================
(ns)
Load index... Graph level 5..
Total end-to-end search time: 6765940 ns
Total end-to-end search time: 6675714 ns
Total end-to-end search time: 5980994 ns
Total end-to-end search time: 5688599 ns
Total end-to-end search time: 6095750 ns
Total end-to-end search time: 5778642 ns
Total end-to-end search time: 4891127 ns
Total end-to-end search time: 4876244 ns
Total end-to-end search time: 4310034 ns
Total end-to-end search time: 5579955 ns
Total end-to-end search time: 5185389 ns
Total end-to-end search time: 4437368 ns
Total end-to-end search time: 5150927 ns
Total end-to-end search time: 4354061 ns
Total end-to-end search time: 4990455 ns
Total end-to-end search time: 5622404 ns
Total end-to-end search time: 5757544 ns
Query: 8, nThreads: 2, warmup: 16
====================================================================================================
(ns)
Load index... Graph level 5..
Total end-to-end search time: 6719219 ns
Total end-to-end search time: 6603475 ns
Total end-to-end search time: 5961412 ns
Total end-to-end search time: 5679539 ns
Total end-to-end search time: 6052877 ns
Total end-to-end search time: 5730809 ns
Total end-to-end search time: 4842121 ns
Total end-to-end search time: 4850328 ns
Total end-to-end search time: 4289870 ns
Total end-to-end search time: 5542868 ns
Total end-to-end search time: 5134292 ns
Total end-to-end search time: 4407490 ns
Total end-to-end search time: 5075720 ns
Total end-to-end search time: 4307354 ns
Total end-to-end search time: 4920289 ns
Total end-to-end search time: 5627839 ns
Total end-to-end search time: 5757871 ns
Query: 8, nThreads: 2, warmup: 16
====================================================================================================
(ns)
Load index... Graph level 5..
Total end-to-end search time: 6710461 ns
Total end-to-end search time: 6661929 ns
Total end-to-end search time: 5972029 ns
Total end-to-end search time: 5741561 ns
Total end-to-end search time: 6104242 ns
Total end-to-end search time: 5827863 ns
Total end-to-end search time: 4884687 ns
Total end-to-end search time: 4898339 ns
Total end-to-end search time: 4353208 ns
Total end-to-end search time: 5601271 ns
Total end-to-end search time: 5200288 ns
Total end-to-end search time: 4464354 ns
Total end-to-end search time: 5131508 ns
Total end-to-end search time: 4337279 ns
Total end-to-end search time: 4981871 ns
Total end-to-end search time: 5669087 ns
Total end-to-end search time: 5792941 ns
Query: 8, nThreads: 2, warmup: 16
====================================================================================================
(ns)
Load index... Graph level 5..
Total end-to-end search time: 6776743 ns
Total end-to-end search time: 6685756 ns
Total end-to-end search time: 5991356 ns
Total end-to-end search time: 5724736 ns
Total end-to-end search time: 6135896 ns
Total end-to-end search time: 5801852 ns
Total end-to-end search time: 4916852 ns
Total end-to-end search time: 4896177 ns
Total end-to-end search time: 4337681 ns
Total end-to-end search time: 5622140 ns
Total end-to-end search time: 5208084 ns
Total end-to-end search time: 4458173 ns
Total end-to-end search time: 5143604 ns
Total end-to-end search time: 4343749 ns
Total end-to-end search time: 4979387 ns
Total end-to-end search time: 5686065 ns
Total end-to-end search time: 5787877 ns
Query: 8, nThreads: 2, warmup: 16
====================================================================================================
(ns)
Load index... Graph level 5..
Total end-to-end search time: 6796069 ns
Total end-to-end search time: 6708669 ns
Total end-to-end search time: 6015671 ns
Total end-to-end search time: 5731637 ns
Total end-to-end search time: 6132636 ns
Total end-to-end search time: 5853737 ns
Total end-to-end search time: 4929885 ns
Total end-to-end search time: 4915824 ns
Total end-to-end search time: 4375329 ns
Total end-to-end search time: 5636513 ns
Total end-to-end search time: 5243323 ns
Total end-to-end search time: 4466972 ns
Total end-to-end search time: 5185305 ns
Total end-to-end search time: 4377904 ns
Total end-to-end search time: 5005744 ns
Total end-to-end search time: 5714299 ns
Total end-to-end search time: 5830785 ns
Query: 8, nThreads: 2, warmup: 16
====================================================================================================
(ns)
Load index... Graph level 5..
Total end-to-end search time: 6839617 ns
Total end-to-end search time: 6709104 ns
Total end-to-end search time: 5986599 ns
Total end-to-end search time: 5729721 ns
Total end-to-end search time: 6093079 ns
Total end-to-end search time: 5773824 ns
Total end-to-end search time: 4865490 ns
Total end-to-end search time: 4872994 ns
Total end-to-end search time: 4327595 ns
Total end-to-end search time: 5598732 ns
Total end-to-end search time: 5197019 ns
Total end-to-end search time: 4441373 ns
Total end-to-end search time: 5155040 ns
Total end-to-end search time: 4374148 ns
Total end-to-end search time: 4982989 ns
Total end-to-end search time: 5654093 ns
Total end-to-end search time: 5735223 ns
Query: 8, nThreads: 2, warmup: 16
====================================================================================================
(ns)
Load index... Graph level 5..
Total end-to-end search time: 6810132 ns
Total end-to-end search time: 6710558 ns
Total end-to-end search time: 6029188 ns
Total end-to-end search time: 5730266 ns
Total end-to-end search time: 6127374 ns
Total end-to-end search time: 5830165 ns
Total end-to-end search time: 4918227 ns
Total end-to-end search time: 4905666 ns
Total end-to-end search time: 4327853 ns
Total end-to-end search time: 5575002 ns
Total end-to-end search time: 5195957 ns
Total end-to-end search time: 4437334 ns
Total end-to-end search time: 5122451 ns
Total end-to-end search time: 4333874 ns
Total end-to-end search time: 4960684 ns
Total end-to-end search time: 5654502 ns
Total end-to-end search time: 5767153 ns
Query: 8, nThreads: 2, warmup: 16
====================================================================================================
(ns)
Load index... Graph level 5..
Total end-to-end search time: 6753760 ns
Total end-to-end search time: 6688270 ns
Total end-to-end search time: 6001541 ns
Total end-to-end search time: 5719743 ns
Total end-to-end search time: 6103225 ns
Total end-to-end search time: 5776495 ns
Total end-to-end search time: 4889349 ns
Total end-to-end search time: 4906252 ns
Total end-to-end search time: 4341771 ns
Total end-to-end search time: 5631989 ns
Total end-to-end search time: 5221580 ns
Total end-to-end search time: 4465607 ns
Total end-to-end search time: 5148029 ns
Total end-to-end search time: 4361483 ns
Total end-to-end search time: 4977540 ns
Total end-to-end search time: 5692985 ns
Total end-to-end search time: 5795613 ns
Query: 8, nThreads: 2, warmup: 16
====================================================================================================
(ns)
Load index... Graph level 5..
Total end-to-end search time: 6700245 ns
Total end-to-end search time: 6677304 ns
Total end-to-end search time: 5995932 ns
Total end-to-end search time: 5703928 ns
Total end-to-end search time: 6101221 ns
Total end-to-end search time: 5803860 ns
Total end-to-end search time: 4888903 ns
Total end-to-end search time: 4878507 ns
Total end-to-end search time: 4301018 ns
Total end-to-end search time: 5565267 ns
Total end-to-end search time: 5199926 ns
Total end-to-end search time: 4448294 ns
Total end-to-end search time: 5155331 ns
Total end-to-end search time: 4342411 ns
Total end-to-end search time: 4941659 ns
Total end-to-end search time: 5628928 ns
Total end-to-end search time: 5757671 ns
Query: 8, nThreads: 2, warmup: 16
====================================================================================================
(ns)
Load index... Graph level 5..
Total end-to-end search time: 6689122 ns
Total end-to-end search time: 6634547 ns
Total end-to-end search time: 5969946 ns
Total end-to-end search time: 5685796 ns
Total end-to-end search time: 6072787 ns
Total end-to-end search time: 5762752 ns
Total end-to-end search time: 4840167 ns
Total end-to-end search time: 4861155 ns
Total end-to-end search time: 4306669 ns
Total end-to-end search time: 5574047 ns
Total end-to-end search time: 5193718 ns
Total end-to-end search time: 4424399 ns
Total end-to-end search time: 5110448 ns
Total end-to-end search time: 4336171 ns
Total end-to-end search time: 4946750 ns
Total end-to-end search time: 5657953 ns
Total end-to-end search time: 5771157 ns
Query: 8, nThreads: 2, warmup: 16
====================================================================================================
(ns)
Load index... Graph level 5..
Total end-to-end search time: 6812818 ns
Total end-to-end search time: 6690546 ns
Total end-to-end search time: 5978629 ns
Total end-to-end search time: 5696900 ns
Total end-to-end search time: 6092879 ns
Total end-to-end search time: 5773427 ns
Total end-to-end search time: 4884668 ns
Total end-to-end search time: 4884642 ns
Total end-to-end search time: 4336091 ns
Total end-to-end search time: 5585443 ns
Total end-to-end search time: 5164677 ns
Total end-to-end search time: 4414073 ns
Total end-to-end search time: 5096521 ns
Total end-to-end search time: 4313159 ns
Total end-to-end search time: 4909618 ns
Total end-to-end search time: 5620698 ns
Total end-to-end search time: 5735953 ns
Query: 8, nThreads: 2, warmup: 16
====================================================================================================
(ns)
Load index... Graph level 5..
Total end-to-end search time: 6812111 ns
Total end-to-end search time: 6647989 ns
Total end-to-end search time: 5970604 ns
Total end-to-end search time: 5669102 ns
Total end-to-end search time: 6070984 ns
Total end-to-end search time: 5761458 ns
Total end-to-end search time: 4856262 ns
Total end-to-end search time: 4847847 ns
Total end-to-end search time: 4300232 ns
Total end-to-end search time: 5598981 ns
Total end-to-end search time: 5182962 ns
Total end-to-end search time: 4443897 ns
Total end-to-end search time: 5133545 ns
Total end-to-end search time: 4371652 ns
Total end-to-end search time: 4962168 ns
Total end-to-end search time: 5622712 ns
Total end-to-end search time: 5765762 ns
Query: 8, nThreads: 2, warmup: 16
====================================================================================================
(ns)
Load index... Graph level 5..
Total end-to-end search time: 6786617 ns
Total end-to-end search time: 6733273 ns
Total end-to-end search time: 6001128 ns
Total end-to-end search time: 5694708 ns
Total end-to-end search time: 6111276 ns
Total end-to-end search time: 5790989 ns
Total end-to-end search time: 4886092 ns
Total end-to-end search time: 4888389 ns
Total end-to-end search time: 4331762 ns
Total end-to-end search time: 5579757 ns
Total end-to-end search time: 5205170 ns
Total end-to-end search time: 4443931 ns
Total end-to-end search time: 5139635 ns
Total end-to-end search time: 4331325 ns
Total end-to-end search time: 4984389 ns
Total end-to-end search time: 5647891 ns
Total end-to-end search time: 5774337 ns
Query: 8, nThreads: 2, warmup: 16
====================================================================================================
(ns)
Load index... Graph level 5..
Total end-to-end search time: 6685686 ns
Total end-to-end search time: 6615565 ns
Total end-to-end search time: 5950144 ns
Total end-to-end search time: 5658385 ns
Total end-to-end search time: 6069003 ns
Total end-to-end search time: 5751376 ns
Total end-to-end search time: 4864133 ns
Total end-to-end search time: 4882336 ns
Total end-to-end search time: 4289477 ns
Total end-to-end search time: 5552402 ns
Total end-to-end search time: 5174686 ns
Total end-to-end search time: 4408712 ns
Total end-to-end search time: 5094897 ns
Total end-to-end search time: 4314574 ns
Total end-to-end search time: 4913697 ns
Total end-to-end search time: 5600867 ns
Total end-to-end search time: 5740804 ns
Query: 8, nThreads: 2, warmup: 16
====================================================================================================
(ns)
Load index... Graph level 5..
Total end-to-end search time: 6671772 ns
Total end-to-end search time: 6626235 ns
Total end-to-end search time: 5951183 ns
Total end-to-end search time: 5685810 ns
Total end-to-end search time: 6038549 ns
Total end-to-end search time: 5782718 ns
Total end-to-end search time: 4859330 ns
Total end-to-end search time: 4864245 ns
Total end-to-end search time: 4305658 ns
Total end-to-end search time: 5554444 ns
Total end-to-end search time: 5167354 ns
Total end-to-end search time: 4420138 ns
Total end-to-end search time: 5116690 ns
Total end-to-end search time: 4347198 ns
Total end-to-end search time: 4930491 ns
Total end-to-end search time: 5636078 ns
Total end-to-end search time: 5764354 ns
Query: 8, nThreads: 2, warmup: 16
====================================================================================================
(ns)
Load index... Graph level 5..
Total end-to-end search time: 6787895 ns
Total end-to-end search time: 6735897 ns
Total end-to-end search time: 6051065 ns
Total end-to-end search time: 5718234 ns
Total end-to-end search time: 6105016 ns
Total end-to-end search time: 5850182 ns
Total end-to-end search time: 4891370 ns
Total end-to-end search time: 4883055 ns
Total end-to-end search time: 4328379 ns
Total end-to-end search time: 5576865 ns
Total end-to-end search time: 5196328 ns
Total end-to-end search time: 4458401 ns
Total end-to-end search time: 5165463 ns
Total end-to-end search time: 4332121 ns
Total end-to-end search time: 4963487 ns
Total end-to-end search time: 5656036 ns
Total end-to-end search time: 5771511 ns
Query: 8, nThreads: 2, warmup: 16
====================================================================================================
(ns)
Load index... Graph level 5..
Total end-to-end search time: 6881157 ns
Total end-to-end search time: 6788355 ns
Total end-to-end search time: 6060725 ns
Total end-to-end search time: 5754565 ns
Total end-to-end search time: 6124209 ns
Total end-to-end search time: 5806728 ns
Total end-to-end search time: 4924201 ns
Total end-to-end search time: 4907914 ns
Total end-to-end search time: 4329088 ns
Total end-to-end search time: 5624099 ns
Total end-to-end search time: 5230771 ns
Total end-to-end search time: 4439225 ns
Total end-to-end search time: 5150109 ns
Total end-to-end search time: 4356046 ns
Total end-to-end search time: 5012332 ns
Total end-to-end search time: 5683725 ns
Total end-to-end search time: 5814341 ns
Query: 8, nThreads: 2, warmup: 16
====================================================================================================
(ns)
Load index... Graph level 5..
Total end-to-end search time: 6758676 ns
Total end-to-end search time: 6651858 ns
Total end-to-end search time: 5975064 ns
Total end-to-end search time: 5700052 ns
Total end-to-end search time: 6084124 ns
Total end-to-end search time: 5757854 ns
Total end-to-end search time: 4852536 ns
Total end-to-end search time: 4887254 ns
Total end-to-end search time: 4321710 ns
Total end-to-end search time: 5550182 ns
Total end-to-end search time: 5159687 ns
Total end-to-end search time: 4411587 ns
Total end-to-end search time: 5107535 ns
Total end-to-end search time: 4318790 ns
Total end-to-end search time: 4915633 ns
Total end-to-end search time: 5599594 ns
Total end-to-end search time: 5712434 ns
Query: 8, nThreads: 2, warmup: 16
====================================================================================================
(ns)
Load index... Graph level 5..
Total end-to-end search time: 6715627 ns
Total end-to-end search time: 6650224 ns
Total end-to-end search time: 5924858 ns
Total end-to-end search time: 5655416 ns
Total end-to-end search time: 6047130 ns
Total end-to-end search time: 5743434 ns
Total end-to-end search time: 4856300 ns
Total end-to-end search time: 4866639 ns
Total end-to-end search time: 4307073 ns
Total end-to-end search time: 5570373 ns
Total end-to-end search time: 5187687 ns
Total end-to-end search time: 4443268 ns
Total end-to-end search time: 5145626 ns
Total end-to-end search time: 4358842 ns
Total end-to-end search time: 4971610 ns
Total end-to-end search time: 5669390 ns
Total end-to-end search time: 5766340 ns
Query: 8, nThreads: 2, warmup: 16
====================================================================================================
(ns)
Load index... Graph level 5..
Total end-to-end search time: 6678560 ns
Total end-to-end search time: 6631526 ns
Total end-to-end search time: 5959955 ns
Total end-to-end search time: 5660136 ns
Total end-to-end search time: 6045546 ns
Total end-to-end search time: 5750020 ns
Total end-to-end search time: 4882474 ns
Total end-to-end search time: 4889167 ns
Total end-to-end search time: 4326425 ns
Total end-to-end search time: 5603102 ns
Total end-to-end search time: 5184919 ns
Total end-to-end search time: 4444184 ns
Total end-to-end search time: 5150141 ns
Total end-to-end search time: 4344483 ns
Total end-to-end search time: 4970181 ns
Total end-to-end search time: 5651799 ns
Total end-to-end search time: 5740650 ns
Query: 8, nThreads: 2, warmup: 16
====================================================================================================
(ns)
Load index... Graph level 5..
Total end-to-end search time: 6778675 ns
Total end-to-end search time: 6712101 ns
Total end-to-end search time: 6031571 ns
Total end-to-end search time: 5745088 ns
Total end-to-end search time: 6189129 ns
Total end-to-end search time: 5821831 ns
Total end-to-end search time: 4883980 ns
Total end-to-end search time: 4897277 ns
Total end-to-end search time: 4340476 ns
Total end-to-end search time: 5584658 ns
Total end-to-end search time: 5181538 ns
Total end-to-end search time: 4456538 ns
Total end-to-end search time: 5165760 ns
Total end-to-end search time: 4341302 ns
Total end-to-end search time: 4977234 ns
Total end-to-end search time: 5694808 ns
Total end-to-end search time: 5774999 ns
Query: 8, nThreads: 2, warmup: 16
====================================================================================================
(ns)
Load index... Graph level 5..
Total end-to-end search time: 6740012 ns
Total end-to-end search time: 6666781 ns
Total end-to-end search time: 6004143 ns
Total end-to-end search time: 5706320 ns
Total end-to-end search time: 6093767 ns
Total end-to-end search time: 5787528 ns
Total end-to-end search time: 4885252 ns
Total end-to-end search time: 4872848 ns
Total end-to-end search time: 4306958 ns
Total end-to-end search time: 5586403 ns
Total end-to-end search time: 5187277 ns
Total end-to-end search time: 4415338 ns
Total end-to-end search time: 5136124 ns
Total end-to-end search time: 4328158 ns
Total end-to-end search time: 4953194 ns
Total end-to-end search time: 5657857 ns
Total end-to-end search time: 5757556 ns
Query: 8, nThreads: 2, warmup: 16
====================================================================================================
(ns)
Load index... Graph level 5..
Total end-to-end search time: 6787691 ns
Total end-to-end search time: 6680284 ns
Total end-to-end search time: 5973451 ns
Total end-to-end search time: 5688634 ns
Total end-to-end search time: 6093102 ns
Total end-to-end search time: 5757319 ns
Total end-to-end search time: 4857460 ns
Total end-to-end search time: 4875324 ns
Total end-to-end search time: 4295823 ns
Total end-to-end search time: 5567562 ns
Total end-to-end search time: 5189438 ns
Total end-to-end search time: 4428911 ns
Total end-to-end search time: 5130258 ns
Total end-to-end search time: 4319963 ns
Total end-to-end search time: 4933415 ns
Total end-to-end search time: 5607440 ns
Total end-to-end search time: 5749090 ns
Query: 8, nThreads: 2, warmup: 16
====================================================================================================
(ns)
Load index... Graph level 5..
Total end-to-end search time: 6775129 ns
Total end-to-end search time: 6618027 ns
Total end-to-end search time: 5932213 ns
Total end-to-end search time: 5653330 ns
Total end-to-end search time: 6078604 ns
Total end-to-end search time: 5785215 ns
Total end-to-end search time: 4842655 ns
Total end-to-end search time: 4856191 ns
Total end-to-end search time: 4305822 ns
Total end-to-end search time: 5580238 ns
Total end-to-end search time: 5146842 ns
Total end-to-end search time: 4424087 ns
Total end-to-end search time: 5113076 ns
Total end-to-end search time: 4337064 ns
Total end-to-end search time: 4936886 ns
Total end-to-end search time: 5623181 ns
Total end-to-end search time: 5750864 ns
Query: 8, nThreads: 2, warmup: 16
====================================================================================================
(ns)
Load index... Graph level 5..
Total end-to-end search time: 6758631 ns
Total end-to-end search time: 6690594 ns
Total end-to-end search time: 6016742 ns
Total end-to-end search time: 5717764 ns
Total end-to-end search time: 6111365 ns
Total end-to-end search time: 5772738 ns
Total end-to-end search time: 4870658 ns
Total end-to-end search time: 4891370 ns
Total end-to-end search time: 4342656 ns
Total end-to-end search time: 5602697 ns
Total end-to-end search time: 5202717 ns
Total end-to-end search time: 4448196 ns
Total end-to-end search time: 5146364 ns
Total end-to-end search time: 4344586 ns
Total end-to-end search time: 4951670 ns
Total end-to-end search time: 5623908 ns
Total end-to-end search time: 5750184 ns
Query: 8, nThreads: 2, warmup: 16
====================================================================================================
(ns)
Load index... Graph level 5..
Total end-to-end search time: 6757254 ns
Total end-to-end search time: 6712012 ns
Total end-to-end search time: 6025632 ns
Total end-to-end search time: 5757517 ns
Total end-to-end search time: 6127130 ns
Total end-to-end search time: 5800007 ns
Total end-to-end search time: 4878464 ns
Total end-to-end search time: 4896834 ns
Total end-to-end search time: 4321829 ns
Total end-to-end search time: 5607973 ns
Total end-to-end search time: 5205464 ns
Total end-to-end search time: 4442885 ns
Total end-to-end search time: 5159291 ns
Total end-to-end search time: 4341711 ns
Total end-to-end search time: 4968181 ns
Total end-to-end search time: 5651090 ns
Total end-to-end search time: 5775054 ns
Query: 8, nThreads: 2, warmup: 16
====================================================================================================
(ns)
Load index... Graph level 5..
Total end-to-end search time: 6719063 ns
Total end-to-end search time: 6652461 ns
Total end-to-end search time: 5960004 ns
Total end-to-end search time: 5691428 ns
Total end-to-end search time: 6069931 ns
Total end-to-end search time: 5757900 ns
Total end-to-end search time: 4888595 ns
Total end-to-end search time: 4850926 ns
Total end-to-end search time: 4326567 ns
Total end-to-end search time: 5566090 ns
Total end-to-end search time: 5192235 ns
Total end-to-end search time: 4444776 ns
Total end-to-end search time: 5139030 ns
Total end-to-end search time: 4341753 ns
Total end-to-end search time: 4955407 ns
Total end-to-end search time: 5625087 ns
Total end-to-end search time: 5741663 ns
