Query: 8, nThreads: 8, warmup: 16
====================================================================================================
(ns)
Load index... Graph level 5..
Total end-to-end search time: 6715919 ns
Total end-to-end search time: 6696792 ns
Total end-to-end search time: 5984746 ns
Total end-to-end search time: 5691274 ns
Total end-to-end search time: 6097220 ns
Total end-to-end search time: 5740716 ns
Total end-to-end search time: 4843191 ns
Total end-to-end search time: 4847564 ns
Total end-to-end search time: 4277902 ns
Total end-to-end search time: 5527532 ns
Total end-to-end search time: 5166346 ns
Total end-to-end search time: 4415441 ns
Total end-to-end search time: 5079432 ns
Total end-to-end search time: 4284538 ns
Total end-to-end search time: 4917275 ns
Total end-to-end search time: 5602593 ns
Total end-to-end search time: 5716481 ns
Query: 8, nThreads: 8, warmup: 16
====================================================================================================
(ns)
Load index... Graph level 5..
Total end-to-end search time: 6801503 ns
Total end-to-end search time: 6713666 ns
Total end-to-end search time: 5971674 ns
Total end-to-end search time: 5697250 ns
Total end-to-end search time: 6091157 ns
Total end-to-end search time: 5778524 ns
Total end-to-end search time: 4874690 ns
Total end-to-end search time: 4881078 ns
Total end-to-end search time: 4329456 ns
Total end-to-end search time: 5591698 ns
Total end-to-end search time: 5181163 ns
Total end-to-end search time: 4453892 ns
Total end-to-end search time: 5135802 ns
Total end-to-end search time: 4354586 ns
Total end-to-end search time: 4934438 ns
Total end-to-end search time: 5649880 ns
Total end-to-end search time: 5771691 ns
Query: 8, nThreads: 8, warmup: 16
====================================================================================================
(ns)
Load index... Graph level 5..
Total end-to-end search time: 6749010 ns
Total end-to-end search time: 6686040 ns
Total end-to-end search time: 5994187 ns
Total end-to-end search time: 5702981 ns
Total end-to-end search time: 6141495 ns
Total end-to-end search time: 5811420 ns
Total end-to-end search time: 4929608 ns
Total end-to-end search time: 4890611 ns
Total end-to-end search time: 4336292 ns
Total end-to-end search time: 5631437 ns
Total end-to-end search time: 5216374 ns
Total end-to-end search time: 4455450 ns
Total end-to-end search time: 5168091 ns
Total end-to-end search time: 4336313 ns
Total end-to-end search time: 4969745 ns
Total end-to-end search time: 5681922 ns
Total end-to-end search time: 5805952 ns
Query: 8, nThreads: 8, warmup: 16
====================================================================================================
(ns)
Load index... Graph level 5..
Total end-to-end search time: 6779289 ns
Total end-to-end search time: 6736693 ns
Total end-to-end search time: 6003667 ns
Total end-to-end search time: 5726610 ns
Total end-to-end search time: 6118073 ns
Total end-to-end search time: 5821342 ns
Total end-to-end search time: 4905250 ns
Total end-to-end search time: 4904835 ns
Total end-to-end search time: 4351340 ns
Total end-to-end search time: 5645532 ns
Total end-to-end search time: 5262904 ns
Total end-to-end search time: 4482078 ns
Total end-to-end search time: 5181372 ns
Total end-to-end search time: 4365204 ns
Total end-to-end search time: 4961147 ns
Total end-to-end search time: 5658047 ns
Total end-to-end search time: 5798666 ns
Query: 8, nThreads: 8, warmup: 16
====================================================================================================
(ns)
Load index... Graph level 5..
Total end-to-end search time: 6743714 ns
Total end-to-end search time: 6624570 ns
Total end-to-end search time: 5922078 ns
Total end-to-end search time: 5652913 ns
Total end-to-end search time: 6062118 ns
Total end-to-end search time: 5779291 ns
Total end-to-end search time: 4872920 ns
Total end-to-end search time: 4853755 ns
Total end-to-end search time: 4305991 ns
Total end-to-end search time: 5535362 ns
Total end-to-end search time: 5188937 ns
Total end-to-end search time: 4421574 ns
Total end-to-end search time: 5116745 ns
Total end-to-end search time: 4338893 ns
Total end-to-end search time: 4945323 ns
Total end-to-end search time: 5635731 ns
Total end-to-end search time: 5772848 ns
Query: 8, nThreads: 8, warmup: 16
====================================================================================================
(ns)
Load index... Graph level 5..
Total end-to-end search time: 6709724 ns
Total end-to-end search time: 6650302 ns
Total end-to-end search time: 5993149 ns
Total end-to-end search time: 5698998 ns
Total end-to-end search time: 6110768 ns
Total end-to-end search time: 5836957 ns
Total end-to-end search time: 4888829 ns
Total end-to-end search time: 4891970 ns
Total end-to-end search time: 4312262 ns
Total end-to-end search time: 5562573 ns
Total end-to-end search time: 5205285 ns
Total end-to-end search time: 4445535 ns
Total end-to-end search time: 5136599 ns
Total end-to-end search time: 4345763 ns
Total end-to-end search time: 4978465 ns
Total end-to-end search time: 5697967 ns
Total end-to-end search time: 5814044 ns
Query: 8, nThreads: 8, warmup: 16
====================================================================================================
(ns)
Load index... Graph level 5..
Total end-to-end search time: 6769731 ns
Total end-to-end search time: 6730587 ns
Total end-to-end search time: 6045982 ns
Total end-to-end search time: 5787871 ns
Total end-to-end search time: 6178178 ns
Total end-to-end search time: 5848832 ns
Total end-to-end search time: 4942769 ns
Total end-to-end search time: 4913366 ns
Total end-to-end search time: 4354888 ns
Total end-to-end search time: 5605144 ns
Total end-to-end search time: 5250241 ns
Total end-to-end search time: 4452946 ns
Total end-to-end search time: 5204134 ns
Total end-to-end search time: 4392504 ns
Total end-to-end search time: 5002665 ns
Total end-to-end search time: 5710397 ns
Total end-to-end search time: 5815656 ns
Query: 8, nThreads: 8, warmup: 16
====================================================================================================
(ns)
Load index... Graph level 5..
Total end-to-end search time: 6725476 ns
Total end-to-end search time: 6672244 ns
Total end-to-end search time: 5976857 ns
Total end-to-end search time: 5701116 ns
Total end-to-end search time: 6061896 ns
Total end-to-end search time: 5745190 ns
Total end-to-end search time: 4868528 ns
Total end-to-end search time: 4855006 ns
Total end-to-end search time: 4286128 ns
Total end-to-end search time: 5575733 ns
Total end-to-end search time: 5170382 ns
Total end-to-end search time: 4443597 ns
Total end-to-end search time: 5138137 ns
Total end-to-end search time: 4315868 ns
Total end-to-end search time: 4944400 ns
Total end-to-end search time: 5620963 ns
Total end-to-end search time: 5759023 ns
Query: 8, nThreads: 8, warmup: 16
====================================================================================================
(ns)
Load index... Graph level 5..
Total end-to-end search time: 6758722 ns
Total end-to-end search time: 6636091 ns
Total end-to-end search time: 5972681 ns
Total end-to-end search time: 5681695 ns
Total end-to-end search time: 6086864 ns
Total end-to-end search time: 5770593 ns
Total end-to-end search time: 4860772 ns
Total end-to-end search time: 4863747 ns
Total end-to-end search time: 4278059 ns
Total end-to-end search time: 5548219 ns
Total end-to-end search time: 5149882 ns
Total end-to-end search time: 4403587 ns
Total end-to-end search time: 5095431 ns
Total end-to-end search time: 4299288 ns
Total end-to-end search time: 4918958 ns
Total end-to-end search time: 5601771 ns
Total end-to-end search time: 5720888 ns
Query: 8, nThreads: 8, warmup: 16
====================================================================================================
(ns)
Load index... Graph level 5..
Total end-to-end search time: 6760458 ns
Total end-to-end search time: 6675207 ns
Total end-to-end search time: 5994673 ns
Total end-to-end search time: 5722900 ns
Total end-to-end search time: 6130340 ns
Total end-to-end search time: 5811913 ns
Total end-to-end search time: 4875304 ns
Total end-to-end search time: 4873878 ns
Total end-to-end search time: 4308649 ns
Total end-to-end search time: 5557840 ns
Total end-to-end search time: 5167467 ns
Total end-to-end search time: 4446423 ns
Total end-to-end search time: 5128847 ns
Total end-to-end search time: 4342115 ns
Total end-to-end search time: 4955692 ns
Total end-to-end search time: 5661534 ns
Total end-to-end search time: 5760275 ns
Query: 8, nThreads: 8, warmup: 16
====================================================================================================
(ns)
Load index... Graph level 5..
Total end-to-end search time: 6774124 ns
Total end-to-end search time: 6700678 ns
Total end-to-end search time: 5972975 ns
Total end-to-end search time: 5711488 ns
Total end-to-end search time: 6124697 ns
Total end-to-end search time: 5807919 ns
Total end-to-end search time: 4897923 ns
Total end-to-end search time: 4919745 ns
Total end-to-end search time: 4338891 ns
Total end-to-end search time: 5604378 ns
Total end-to-end search time: 5205020 ns
Total end-to-end search time: 4476682 ns
Total end-to-end search time: 5207203 ns
Total end-to-end search time: 4396854 ns
Total end-to-end search time: 5020716 ns
Total end-to-end search time: 5704519 ns
Total end-to-end search time: 5814872 ns
Query: 8, nThreads: 8, warmup: 16
====================================================================================================
(ns)
Load index... Graph level 5..
Total end-to-end search time: 6683018 ns
Total end-to-end search time: 6594740 ns
Total end-to-end search time: 5930046 ns
Total end-to-end search time: 5683348 ns
Total end-to-end search time: 6047847 ns
Total end-to-end search time: 5735508 ns
Total end-to-end search time: 4870165 ns
Total end-to-end search time: 4848312 ns
Total end-to-end search time: 4275996 ns
Total end-to-end search time: 5568866 ns
Total end-to-end search time: 5157749 ns
Total end-to-end search time: 4434228 ns
Total end-to-end search time: 5123836 ns
Total end-to-end search time: 4342194 ns
Total end-to-end search time: 4949451 ns
Total end-to-end search time: 5631548 ns
Total end-to-end search time: 5770325 ns
Query: 8, nThreads: 8, warmup: 16
====================================================================================================
(ns)
Load index... Graph level 5..
Total end-to-end search time: 6739903 ns
Total end-to-end search time: 6708798 ns
Total end-to-end search time: 6032403 ns
Total end-to-end search time: 5720122 ns
Total end-to-end search time: 6121179 ns
Total end-to-end search time: 5807298 ns
Total end-to-end search time: 4882758 ns
Total end-to-end search time: 4884653 ns
Total end-to-end search time: 4347112 ns
Total end-to-end search time: 5584749 ns
Total end-to-end search time: 5214571 ns
Total end-to-end search time: 4441396 ns
Total end-to-end search time: 5151031 ns
Total end-to-end search time: 4335676 ns
Total end-to-end search time: 4958593 ns
Total end-to-end search time: 5670857 ns
Total end-to-end search time: 5795250 ns
Query: 8, nThreads: 8, warmup: 16
====================================================================================================
(ns)
Load index... Graph level 5..
Total end-to-end search time: 6709765 ns
Total end-to-end search time: 6618229 ns
Total end-to-end search time: 5948808 ns
Total end-to-end search time: 5672130 ns
Total end-to-end search time: 6068037 ns
Total end-to-end search time: 5797066 ns
Total end-to-end search time: 4849938 ns
Total end-to-end search time: 4851016 ns
Total end-to-end search time: 4305196 ns
Total end-to-end search time: 5552838 ns
Total end-to-end search time: 5185137 ns
Total end-to-end search time: 4424597 ns
Total end-to-end search time: 5094063 ns
Total end-to-end search time: 4343871 ns
Total end-to-end search time: 4940303 ns
Total end-to-end search time: 5628151 ns
Total end-to-end search time: 5725130 ns
Query: 8, nThreads: 8, warmup: 16
====================================================================================================
(ns)
Load index... Graph level 5..
Total end-to-end search time: 6735927 ns
Total end-to-end search time: 6680911 ns
Total end-to-end search time: 6033874 ns
Total end-to-end search time: 5727698 ns
Total end-to-end search time: 6112973 ns
Total end-to-end search time: 5796342 ns
Total end-to-end search time: 4875713 ns
Total end-to-end search time: 4868312 ns
Total end-to-end search time: 4310427 ns
Total end-to-end search time: 5591229 ns
Total end-to-end search time: 5201220 ns
Total end-to-end search time: 4444117 ns
Total end-to-end search time: 5144676 ns
Total end-to-end search time: 4346526 ns
Total end-to-end search time: 4943854 ns
Total end-to-end search time: 5642800 ns
Total end-to-end search time: 5751836 ns
Query: 8, nThreads: 8, warmup: 16
====================================================================================================
(ns)
Load index... Graph level 5..
Total end-to-end search time: 6713043 ns
Total end-to-end search time: 6670544 ns
Total end-to-end search time: 5987698 ns
Total end-to-end search time: 5705281 ns
Total end-to-end search time: 6111309 ns
Total end-to-end search time: 5797661 ns
Total end-to-end search time: 4909867 ns
Total end-to-end search time: 4898495 ns
Total end-to-end search time: 4327483 ns
Total end-to-end search time: 5583813 ns
Total end-to-end search time: 5215389 ns
Total end-to-end search time: 4453112 ns
Total end-to-end search time: 5147910 ns
Total end-to-end search time: 4355179 ns
Total end-to-end search time: 4982533 ns
Total end-to-end search time: 5680387 ns
Total end-to-end search time: 5810418 ns
Query: 8, nThreads: 8, warmup: 16
====================================================================================================
(ns)
Load index... Graph level 5..
Total end-to-end search time: 6749175 ns
Total end-to-end search time: 6679103 ns
Total end-to-end search time: 5973846 ns
Total end-to-end search time: 5679810 ns
Total end-to-end search time: 6088659 ns
Total end-to-end search time: 5769155 ns
Total end-to-end search time: 4861757 ns
Total end-to-end search time: 4871953 ns
Total end-to-end search time: 4342207 ns
Total end-to-end search time: 5593914 ns
Total end-to-end search time: 5181040 ns
Total end-to-end search time: 4425962 ns
Total end-to-end search time: 5120396 ns
Total end-to-end search time: 4335222 ns
Total end-to-end search time: 4950554 ns
Total end-to-end search time: 5642555 ns
Total end-to-end search time: 5779243 ns
Query: 8, nThreads: 8, warmup: 16
====================================================================================================
(ns)
Load index... Graph level 5..
Total end-to-end search time: 6770396 ns
Total end-to-end search time: 6728682 ns
Total end-to-end search time: 6026409 ns
Total end-to-end search time: 5746357 ns
Total end-to-end search time: 6126417 ns
Total end-to-end search time: 5796020 ns
Total end-to-end search time: 4902131 ns
Total end-to-end search time: 4886040 ns
Total end-to-end search time: 4344967 ns
Total end-to-end search time: 5583206 ns
Total end-to-end search time: 5193661 ns
Total end-to-end search time: 4431152 ns
Total end-to-end search time: 5123992 ns
Total end-to-end search time: 4304321 ns
Total end-to-end search time: 4956974 ns
Total end-to-end search time: 5643407 ns
Total end-to-end search time: 5741781 ns
Query: 8, nThreads: 8, warmup: 16
====================================================================================================
(ns)
Load index... Graph level 5..
Total end-to-end search time: 6736256 ns
Total end-to-end search time: 6708410 ns
Total end-to-end search time: 6041354 ns
Total end-to-end search time: 5742209 ns
Total end-to-end search time: 6121808 ns
Total end-to-end search time: 5795149 ns
Total end-to-end search time: 4894356 ns
Total end-to-end search time: 4898152 ns
Total end-to-end search time: 4333258 ns
Total end-to-end search time: 5611311 ns
Total end-to-end search time: 5248248 ns
Total end-to-end search time: 4456935 ns
Total end-to-end search time: 5185199 ns
Total end-to-end search time: 4373569 ns
Total end-to-end search time: 5192789 ns
Total end-to-end search time: 5687541 ns
Total end-to-end search time: 5801743 ns
Query: 8, nThreads: 8, warmup: 16
====================================================================================================
(ns)
Load index... Graph level 5..
Total end-to-end search time: 6761962 ns
Total end-to-end search time: 6688392 ns
Total end-to-end search time: 6023375 ns
Total end-to-end search time: 5756059 ns
Total end-to-end search time: 6133235 ns
Total end-to-end search time: 5803800 ns
Total end-to-end search time: 4900082 ns
Total end-to-end search time: 4914294 ns
Total end-to-end search time: 4337106 ns
Total end-to-end search time: 5602273 ns
Total end-to-end search time: 5225547 ns
Total end-to-end search time: 4476645 ns
Total end-to-end search time: 5163265 ns
Total end-to-end search time: 4353515 ns
Total end-to-end search time: 4965631 ns
Total end-to-end search time: 5666128 ns
Total end-to-end search time: 5792980 ns
Query: 8, nThreads: 8, warmup: 16
====================================================================================================
(ns)
Load index... Graph level 5..
Total end-to-end search time: 6710145 ns
Total end-to-end search time: 6661413 ns
Total end-to-end search time: 5945770 ns
Total end-to-end search time: 5685847 ns
Total end-to-end search time: 6046777 ns
Total end-to-end search time: 5752133 ns
Total end-to-end search time: 4855085 ns
Total end-to-end search time: 4858822 ns
Total end-to-end search time: 4311319 ns
Total end-to-end search time: 5594047 ns
Total end-to-end search time: 5196365 ns
Total end-to-end search time: 4433025 ns
Total end-to-end search time: 5152591 ns
Total end-to-end search time: 4343179 ns
Total end-to-end search time: 4932972 ns
Total end-to-end search time: 5669974 ns
Total end-to-end search time: 5781018 ns
Query: 8, nThreads: 8, warmup: 16
====================================================================================================
(ns)
Load index... Graph level 5..
Total end-to-end search time: 6700080 ns
Total end-to-end search time: 6638529 ns
Total end-to-end search time: 5957286 ns
Total end-to-end search time: 5667718 ns
Total end-to-end search time: 6071003 ns
Total end-to-end search time: 5754161 ns
Total end-to-end search time: 4849479 ns
Total end-to-end search time: 4870908 ns
Total end-to-end search time: 4295458 ns
Total end-to-end search time: 5563953 ns
Total end-to-end search time: 5187927 ns
Total end-to-end search time: 4431948 ns
Total end-to-end search time: 5113945 ns
Total end-to-end search time: 4311679 ns
Total end-to-end search time: 4954286 ns
Total end-to-end search time: 5612291 ns
Total end-to-end search time: 5714755 ns
Query: 8, nThreads: 8, warmup: 16
====================================================================================================
(ns)
Load index... Graph level 5..
Total end-to-end search time: 6703187 ns
Total end-to-end search time: 6665934 ns
Total end-to-end search time: 5984922 ns
Total end-to-end search time: 5673308 ns
Total end-to-end search time: 6073794 ns
Total end-to-end search time: 5791617 ns
Total end-to-end search time: 4917160 ns
Total end-to-end search time: 4882898 ns
Total end-to-end search time: 4338143 ns
Total end-to-end search time: 5613593 ns
Total end-to-end search time: 5206652 ns
Total end-to-end search time: 4459835 ns
Total end-to-end search time: 5183406 ns
Total end-to-end search time: 4359070 ns
Total end-to-end search time: 5005567 ns
Total end-to-end search time: 5700226 ns
Total end-to-end search time: 5814135 ns
Query: 8, nThreads: 8, warmup: 16
====================================================================================================
(ns)
Load index... Graph level 5..
Total end-to-end search time: 6727084 ns
Total end-to-end search time: 6707715 ns
Total end-to-end search time: 6024802 ns
Total end-to-end search time: 5747302 ns
Total end-to-end search time: 6108311 ns
Total end-to-end search time: 5794780 ns
Total end-to-end search time: 4901319 ns
Total end-to-end search time: 4875300 ns
Total end-to-end search time: 4325905 ns
Total end-to-end search time: 5602343 ns
Total end-to-end search time: 5208837 ns
Total end-to-end search time: 4442749 ns
Total end-to-end search time: 5136598 ns
Total end-to-end search time: 4355353 ns
Total end-to-end search time: 4987929 ns
Total end-to-end search time: 5672220 ns
Total end-to-end search time: 5794172 ns
Query: 8, nThreads: 8, warmup: 16
====================================================================================================
(ns)
Load index... Graph level 5..
Total end-to-end search time: 6781663 ns
Total end-to-end search time: 6637628 ns
Total end-to-end search time: 5983043 ns
Total end-to-end search time: 5671941 ns
Total end-to-end search time: 6067807 ns
Total end-to-end search time: 5777796 ns
Total end-to-end search time: 4874058 ns
Total end-to-end search time: 4882096 ns
Total end-to-end search time: 4307749 ns
Total end-to-end search time: 5557134 ns
Total end-to-end search time: 5177303 ns
Total end-to-end search time: 4422537 ns
Total end-to-end search time: 5095092 ns
Total end-to-end search time: 4313242 ns
Total end-to-end search time: 5103674 ns
Total end-to-end search time: 5619384 ns
Total end-to-end search time: 5727468 ns
Query: 8, nThreads: 8, warmup: 16
====================================================================================================
(ns)
Load index... Graph level 5..
Total end-to-end search time: 6763629 ns
Total end-to-end search time: 6614461 ns
Total end-to-end search time: 5970585 ns
Total end-to-end search time: 5706187 ns
Total end-to-end search time: 6067828 ns
Total end-to-end search time: 5759264 ns
Total end-to-end search time: 4862557 ns
Total end-to-end search time: 4876329 ns
Total end-to-end search time: 4315935 ns
Total end-to-end search time: 5562211 ns
Total end-to-end search time: 5178248 ns
Total end-to-end search time: 4423952 ns
Total end-to-end search time: 5154768 ns
Total end-to-end search time: 4354175 ns
Total end-to-end search time: 4936892 ns
Total end-to-end search time: 5640998 ns
Total end-to-end search time: 5718431 ns
Query: 8, nThreads: 8, warmup: 16
====================================================================================================
(ns)
Load index... Graph level 5..
Total end-to-end search time: 6733718 ns
Total end-to-end search time: 6618542 ns
Total end-to-end search time: 5958411 ns
Total end-to-end search time: 5688744 ns
Total end-to-end search time: 6092645 ns
Total end-to-end search time: 5796938 ns
Total end-to-end search time: 4869416 ns
Total end-to-end search time: 4927002 ns
Total end-to-end search time: 4307562 ns
Total end-to-end search time: 5572166 ns
Total end-to-end search time: 5196276 ns
Total end-to-end search time: 4421245 ns
Total end-to-end search time: 5127768 ns
Total end-to-end search time: 4324846 ns
Total end-to-end search time: 4968199 ns
Total end-to-end search time: 5699046 ns
Total end-to-end search time: 5776483 ns
Query: 8, nThreads: 8, warmup: 16
====================================================================================================
(ns)
Load index... Graph level 5..
Total end-to-end search time: 6761517 ns
Total end-to-end search time: 6689443 ns
Total end-to-end search time: 5973161 ns
Total end-to-end search time: 5717756 ns
Total end-to-end search time: 6084741 ns
Total end-to-end search time: 5790044 ns
Total end-to-end search time: 4880062 ns
Total end-to-end search time: 4896571 ns
Total end-to-end search time: 4316758 ns
Total end-to-end search time: 5574406 ns
Total end-to-end search time: 5200244 ns
Total end-to-end search time: 4419296 ns
Total end-to-end search time: 5118589 ns
Total end-to-end search time: 4336405 ns
Total end-to-end search time: 4958209 ns
Total end-to-end search time: 5642629 ns
Total end-to-end search time: 5756440 ns
Query: 8, nThreads: 8, warmup: 16
====================================================================================================
(ns)
Load index... Graph level 5..
Total end-to-end search time: 6685193 ns
Total end-to-end search time: 6632765 ns
Total end-to-end search time: 5981283 ns
Total end-to-end search time: 5686314 ns
Total end-to-end search time: 6086623 ns
Total end-to-end search time: 5767389 ns
Total end-to-end search time: 4867013 ns
Total end-to-end search time: 4849894 ns
Total end-to-end search time: 4280325 ns
Total end-to-end search time: 5521513 ns
Total end-to-end search time: 5160428 ns
Total end-to-end search time: 4397383 ns
Total end-to-end search time: 5092430 ns
Total end-to-end search time: 4325209 ns
Total end-to-end search time: 4924423 ns
Total end-to-end search time: 5625115 ns
Total end-to-end search time: 5722964 ns
Query: 8, nThreads: 8, warmup: 16
====================================================================================================
(ns)
Load index... Graph level 5..
Total end-to-end search time: 6707827 ns
Total end-to-end search time: 6648036 ns
Total end-to-end search time: 5958162 ns
Total end-to-end search time: 5666683 ns
Total end-to-end search time: 6044514 ns
Total end-to-end search time: 5743449 ns
Total end-to-end search time: 4856613 ns
Total end-to-end search time: 4850153 ns
Total end-to-end search time: 4283282 ns
Total end-to-end search time: 5565596 ns
Total end-to-end search time: 5183109 ns
Total end-to-end search time: 4444479 ns
Total end-to-end search time: 5146404 ns
Total end-to-end search time: 4346260 ns
Total end-to-end search time: 4951171 ns
Total end-to-end search time: 5652443 ns
Total end-to-end search time: 5779797 ns
