Query: 10000, nThreads: 32, warmup: 1
====================================================================================================
(ns)
Load index... Graph level 5..
Total end-to-end search time: 7181879373 ns
Total end-to-end search time: 44 ns
Query: 10000, nThreads: 32, warmup: 1
====================================================================================================
(ns)
Load index... Graph level 5..
Total end-to-end search time: 7174874325 ns
Total end-to-end search time: 62 ns
Query: 10000, nThreads: 32, warmup: 1
====================================================================================================
(ns)
Load index... Graph level 5..
Total end-to-end search time: 7187463921 ns
Total end-to-end search time: 46 ns
Query: 10000, nThreads: 32, warmup: 1
====================================================================================================
(ns)
Load index... Graph level 5..
Total end-to-end search time: 7186745729 ns
Total end-to-end search time: 48 ns
Query: 10000, nThreads: 32, warmup: 1
====================================================================================================
(ns)
Load index... Graph level 5..
Total end-to-end search time: 7185449192 ns
Total end-to-end search time: 54 ns
Query: 10000, nThreads: 32, warmup: 1
====================================================================================================
(ns)
Load index... Graph level 5..
Total end-to-end search time: 7185416472 ns
Total end-to-end search time: 46 ns
Query: 10000, nThreads: 32, warmup: 1
====================================================================================================
(ns)
Load index... Graph level 5..
Total end-to-end search time: 7185075595 ns
Total end-to-end search time: 57 ns
Query: 10000, nThreads: 32, warmup: 1
====================================================================================================
(ns)
Load index... Graph level 5..
Total end-to-end search time: 7187458962 ns
Total end-to-end search time: 43 ns
Query: 10000, nThreads: 32, warmup: 1
====================================================================================================
(ns)
Load index... Graph level 5..
Total end-to-end search time: 7184982092 ns
Total end-to-end search time: 46 ns
Query: 10000, nThreads: 32, warmup: 1
====================================================================================================
(ns)
Load index... Graph level 5..
Total end-to-end search time: 7182556168 ns
Total end-to-end search time: 39 ns
Query: 10000, nThreads: 32, warmup: 1
====================================================================================================
(ns)
Load index... Graph level 5..
Total end-to-end search time: 7185041689 ns
Total end-to-end search time: 47 ns
Query: 10000, nThreads: 32, warmup: 1
====================================================================================================
(ns)
Load index... Graph level 5..
Total end-to-end search time: 7181937722 ns
Total end-to-end search time: 52 ns
Query: 10000, nThreads: 32, warmup: 1
====================================================================================================
(ns)
Load index... Graph level 5..
Total end-to-end search time: 7186422018 ns
Total end-to-end search time: 51 ns
Query: 10000, nThreads: 32, warmup: 1
====================================================================================================
(ns)
Load index... Graph level 5..
Total end-to-end search time: 7191419449 ns
Total end-to-end search time: 82 ns
Query: 10000, nThreads: 32, warmup: 1
====================================================================================================
(ns)
Load index... Graph level 5..
Total end-to-end search time: 7184996085 ns
Total end-to-end search time: 67 ns
Query: 10000, nThreads: 32, warmup: 1
====================================================================================================
(ns)
Load index... Graph level 5..
Total end-to-end search time: 7179870840 ns
Total end-to-end search time: 47 ns
Query: 10000, nThreads: 32, warmup: 1
====================================================================================================
(ns)
Load index... Graph level 5..
Total end-to-end search time: 7180829496 ns
Total end-to-end search time: 40 ns
Query: 10000, nThreads: 32, warmup: 1
====================================================================================================
(ns)
Load index... Graph level 5..
Total end-to-end search time: 7185626276 ns
Total end-to-end search time: 48 ns
Query: 10000, nThreads: 32, warmup: 1
====================================================================================================
(ns)
Load index... Graph level 5..
Total end-to-end search time: 7187988742 ns
Total end-to-end search time: 41 ns
Query: 10000, nThreads: 32, warmup: 1
====================================================================================================
(ns)
Load index... Graph level 5..
Total end-to-end search time: 7189772048 ns
Total end-to-end search time: 81 ns
Query: 10000, nThreads: 32, warmup: 1
====================================================================================================
(ns)
Load index... Graph level 5..
Total end-to-end search time: 7177492240 ns
Total end-to-end search time: 53 ns
Query: 10000, nThreads: 32, warmup: 1
====================================================================================================
(ns)
Load index... Graph level 5..
Total end-to-end search time: 7180176122 ns
Total end-to-end search time: 50 ns
Query: 10000, nThreads: 32, warmup: 1
====================================================================================================
(ns)
Load index... Graph level 5..
Total end-to-end search time: 7179668318 ns
Total end-to-end search time: 45 ns
Query: 10000, nThreads: 32, warmup: 1
====================================================================================================
(ns)
Load index... Graph level 5..
Total end-to-end search time: 7189309090 ns
Total end-to-end search time: 51 ns
Query: 10000, nThreads: 32, warmup: 1
====================================================================================================
(ns)
Load index... Graph level 5..
Total end-to-end search time: 7182594732 ns
Total end-to-end search time: 53 ns
Query: 10000, nThreads: 32, warmup: 1
====================================================================================================
(ns)
Load index... Graph level 5..
Total end-to-end search time: 7183101989 ns
Total end-to-end search time: 85 ns
Query: 10000, nThreads: 32, warmup: 1
====================================================================================================
(ns)
Load index... Graph level 5..
Total end-to-end search time: 7181181172 ns
Total end-to-end search time: 50 ns
Query: 10000, nThreads: 32, warmup: 1
====================================================================================================
(ns)
Load index... Graph level 5..
Total end-to-end search time: 7181985464 ns
Total end-to-end search time: 89 ns
Query: 10000, nThreads: 32, warmup: 1
====================================================================================================
(ns)
Load index... Graph level 5..
Total end-to-end search time: 7186199375 ns
Total end-to-end search time: 49 ns
Query: 10000, nThreads: 32, warmup: 1
====================================================================================================
(ns)
Load index... Graph level 5..
Total end-to-end search time: 7182679092 ns
Total end-to-end search time: 44 ns
