Query: 128, nThreads: 4, warmup: 8
====================================================================================================
(ns)
Load index... Graph level 5..
Total end-to-end search time: 89564584 ns
Total end-to-end search time: 96638422 ns
Total end-to-end search time: 102618881 ns
Total end-to-end search time: 95332715 ns
Total end-to-end search time: 86427866 ns
Total end-to-end search time: 82884085 ns
Total end-to-end search time: 91766065 ns
Total end-to-end search time: 97243293 ns
Total end-to-end search time: 93653636 ns
Query: 128, nThreads: 4, warmup: 8
====================================================================================================
(ns)
Load index... Graph level 5..
Total end-to-end search time: 89688326 ns
Total end-to-end search time: 96590165 ns
Total end-to-end search time: 102273072 ns
Total end-to-end search time: 95455837 ns
Total end-to-end search time: 86936929 ns
Total end-to-end search time: 83142165 ns
Total end-to-end search time: 91754394 ns
Total end-to-end search time: 97105400 ns
Total end-to-end search time: 93870012 ns
Query: 128, nThreads: 4, warmup: 8
====================================================================================================
(ns)
Load index... Graph level 5..
Total end-to-end search time: 89420139 ns
Total end-to-end search time: 96744622 ns
Total end-to-end search time: 102230794 ns
Total end-to-end search time: 95170884 ns
Total end-to-end search time: 86990499 ns
Total end-to-end search time: 83152435 ns
Total end-to-end search time: 91822424 ns
Total end-to-end search time: 97312157 ns
Total end-to-end search time: 93713277 ns
Query: 128, nThreads: 4, warmup: 8
====================================================================================================
(ns)
Load index... Graph level 5..
Total end-to-end search time: 89386022 ns
Total end-to-end search time: 96688788 ns
Total end-to-end search time: 102088976 ns
Total end-to-end search time: 95250689 ns
Total end-to-end search time: 86231596 ns
Total end-to-end search time: 82792570 ns
Total end-to-end search time: 91608650 ns
Total end-to-end search time: 97384605 ns
Total end-to-end search time: 93693364 ns
Query: 128, nThreads: 4, warmup: 8
====================================================================================================
(ns)
Load index... Graph level 5..
Total end-to-end search time: 89458982 ns
Total end-to-end search time: 96571463 ns
Total end-to-end search time: 102251138 ns
Total end-to-end search time: 95615786 ns
Total end-to-end search time: 86763302 ns
Total end-to-end search time: 82891727 ns
Total end-to-end search time: 91522216 ns
Total end-to-end search time: 97267350 ns
Total end-to-end search time: 94186394 ns
Query: 128, nThreads: 4, warmup: 8
====================================================================================================
(ns)
Load index... Graph level 5..
Total end-to-end search time: 89237331 ns
Total end-to-end search time: 96737703 ns
Total end-to-end search time: 102358698 ns
Total end-to-end search time: 95468074 ns
Total end-to-end search time: 86704896 ns
Total end-to-end search time: 82985812 ns
Total end-to-end search time: 91829035 ns
Total end-to-end search time: 97178774 ns
Total end-to-end search time: 93934059 ns
Query: 128, nThreads: 4, warmup: 8
====================================================================================================
(ns)
Load index... Graph level 5..
Total end-to-end search time: 89509012 ns
Total end-to-end search time: 96612029 ns
Total end-to-end search time: 102327121 ns
Total end-to-end search time: 95298536 ns
Total end-to-end search time: 86451245 ns
Total end-to-end search time: 82878815 ns
Total end-to-end search time: 91726674 ns
Total end-to-end search time: 97352809 ns
Total end-to-end search time: 93757389 ns
Query: 128, nThreads: 4, warmup: 8
====================================================================================================
(ns)
Load index... Graph level 5..
Total end-to-end search time: 89505936 ns
Total end-to-end search time: 97133567 ns
Total end-to-end search time: 102555141 ns
Total end-to-end search time: 95611386 ns
Total end-to-end search time: 86465727 ns
Total end-to-end search time: 83013597 ns
Total end-to-end search time: 91891905 ns
Total end-to-end search time: 97137530 ns
Total end-to-end search time: 93673159 ns
Query: 128, nThreads: 4, warmup: 8
====================================================================================================
(ns)
Load index... Graph level 5..
Total end-to-end search time: 89560472 ns
Total end-to-end search time: 96543826 ns
Total end-to-end search time: 102153839 ns
Total end-to-end search time: 95795541 ns
Total end-to-end search time: 86643392 ns
Total end-to-end search time: 82877434 ns
Total end-to-end search time: 91728966 ns
Total end-to-end search time: 97320121 ns
Total end-to-end search time: 94047186 ns
Query: 128, nThreads: 4, warmup: 8
====================================================================================================
(ns)
Load index... Graph level 5..
Total end-to-end search time: 89533371 ns
Total end-to-end search time: 96911190 ns
Total end-to-end search time: 102415045 ns
Total end-to-end search time: 95360889 ns
Total end-to-end search time: 86519255 ns
Total end-to-end search time: 83185736 ns
Total end-to-end search time: 91797021 ns
Total end-to-end search time: 97415893 ns
Total end-to-end search time: 93780391 ns
Query: 128, nThreads: 4, warmup: 8
====================================================================================================
(ns)
Load index... Graph level 5..
Total end-to-end search time: 89537245 ns
Total end-to-end search time: 96375380 ns
Total end-to-end search time: 102275238 ns
Total end-to-end search time: 95178990 ns
Total end-to-end search time: 86444085 ns
Total end-to-end search time: 82941484 ns
Total end-to-end search time: 92066088 ns
Total end-to-end search time: 97111741 ns
Total end-to-end search time: 93464444 ns
Query: 128, nThreads: 4, warmup: 8
====================================================================================================
(ns)
Load index... Graph level 5..
Total end-to-end search time: 89522469 ns
Total end-to-end search time: 96692890 ns
Total end-to-end search time: 102464282 ns
Total end-to-end search time: 95225521 ns
Total end-to-end search time: 86565854 ns
Total end-to-end search time: 82887282 ns
Total end-to-end search time: 91676887 ns
Total end-to-end search time: 97821727 ns
Total end-to-end search time: 93825108 ns
Query: 128, nThreads: 4, warmup: 8
====================================================================================================
(ns)
Load index... Graph level 5..
Total end-to-end search time: 89633228 ns
Total end-to-end search time: 96869930 ns
Total end-to-end search time: 102210352 ns
Total end-to-end search time: 95289616 ns
Total end-to-end search time: 86430229 ns
Total end-to-end search time: 83104456 ns
Total end-to-end search time: 92014209 ns
Total end-to-end search time: 97439628 ns
Total end-to-end search time: 93858392 ns
Query: 128, nThreads: 4, warmup: 8
====================================================================================================
(ns)
Load index... Graph level 5..
Total end-to-end search time: 89359184 ns
Total end-to-end search time: 96763423 ns
Total end-to-end search time: 102109201 ns
Total end-to-end search time: 95258666 ns
Total end-to-end search time: 86667684 ns
Total end-to-end search time: 82931085 ns
Total end-to-end search time: 91925565 ns
Total end-to-end search time: 97466211 ns
Total end-to-end search time: 93944684 ns
Query: 128, nThreads: 4, warmup: 8
====================================================================================================
(ns)
Load index... Graph level 5..
Total end-to-end search time: 89416566 ns
Total end-to-end search time: 97088096 ns
Total end-to-end search time: 102244213 ns
Total end-to-end search time: 95466478 ns
Total end-to-end search time: 86732095 ns
Total end-to-end search time: 82998086 ns
Total end-to-end search time: 91566358 ns
Total end-to-end search time: 97071662 ns
Total end-to-end search time: 93518794 ns
Query: 128, nThreads: 4, warmup: 8
====================================================================================================
(ns)
Load index... Graph level 5..
Total end-to-end search time: 89518345 ns
Total end-to-end search time: 96707889 ns
Total end-to-end search time: 102416548 ns
Total end-to-end search time: 95322554 ns
Total end-to-end search time: 86526676 ns
Total end-to-end search time: 82942987 ns
Total end-to-end search time: 91555142 ns
Total end-to-end search time: 97065927 ns
Total end-to-end search time: 93590629 ns
Query: 128, nThreads: 4, warmup: 8
====================================================================================================
(ns)
Load index... Graph level 5..
Total end-to-end search time: 89490497 ns
Total end-to-end search time: 96596561 ns
Total end-to-end search time: 102371154 ns
Total end-to-end search time: 95538390 ns
Total end-to-end search time: 86874563 ns
Total end-to-end search time: 83170679 ns
Total end-to-end search time: 91626510 ns
Total end-to-end search time: 97415366 ns
Total end-to-end search time: 93973964 ns
Query: 128, nThreads: 4, warmup: 8
====================================================================================================
(ns)
Load index... Graph level 5..
Total end-to-end search time: 89617142 ns
Total end-to-end search time: 96556200 ns
Total end-to-end search time: 102421885 ns
Total end-to-end search time: 95425775 ns
Total end-to-end search time: 86362965 ns
Total end-to-end search time: 82959542 ns
Total end-to-end search time: 91720875 ns
Total end-to-end search time: 97182106 ns
Total end-to-end search time: 93972303 ns
Query: 128, nThreads: 4, warmup: 8
====================================================================================================
(ns)
Load index... Graph level 5..
Total end-to-end search time: 89483281 ns
Total end-to-end search time: 96558605 ns
Total end-to-end search time: 102226628 ns
Total end-to-end search time: 95257825 ns
Total end-to-end search time: 86529592 ns
Total end-to-end search time: 82719150 ns
Total end-to-end search time: 91620157 ns
Total end-to-end search time: 97323244 ns
Total end-to-end search time: 93634142 ns
Query: 128, nThreads: 4, warmup: 8
====================================================================================================
(ns)
Load index... Graph level 5..
Total end-to-end search time: 89674092 ns
Total end-to-end search time: 96837101 ns
Total end-to-end search time: 102297484 ns
Total end-to-end search time: 95248727 ns
Total end-to-end search time: 86580908 ns
Total end-to-end search time: 82803626 ns
Total end-to-end search time: 91680421 ns
Total end-to-end search time: 97310503 ns
Total end-to-end search time: 93871376 ns
Query: 128, nThreads: 4, warmup: 8
====================================================================================================
(ns)
Load index... Graph level 5..
Total end-to-end search time: 89562459 ns
Total end-to-end search time: 96590652 ns
Total end-to-end search time: 102732387 ns
Total end-to-end search time: 95286790 ns
Total end-to-end search time: 86317839 ns
Total end-to-end search time: 83044325 ns
Total end-to-end search time: 91490668 ns
Total end-to-end search time: 97033385 ns
Total end-to-end search time: 93579073 ns
Query: 128, nThreads: 4, warmup: 8
====================================================================================================
(ns)
Load index... Graph level 5..
Total end-to-end search time: 89869028 ns
Total end-to-end search time: 96987892 ns
Total end-to-end search time: 102336641 ns
Total end-to-end search time: 95427007 ns
Total end-to-end search time: 86555490 ns
Total end-to-end search time: 83077675 ns
Total end-to-end search time: 91628626 ns
Total end-to-end search time: 97100895 ns
Total end-to-end search time: 93634573 ns
Query: 128, nThreads: 4, warmup: 8
====================================================================================================
(ns)
Load index... Graph level 5..
Total end-to-end search time: 89547167 ns
Total end-to-end search time: 96691787 ns
Total end-to-end search time: 102707605 ns
Total end-to-end search time: 95326822 ns
Total end-to-end search time: 86412891 ns
Total end-to-end search time: 82928394 ns
Total end-to-end search time: 91551141 ns
Total end-to-end search time: 97148413 ns
Total end-to-end search time: 93672985 ns
Query: 128, nThreads: 4, warmup: 8
====================================================================================================
(ns)
Load index... Graph level 5..
Total end-to-end search time: 89394185 ns
Total end-to-end search time: 96733696 ns
Total end-to-end search time: 102239028 ns
Total end-to-end search time: 95755637 ns
Total end-to-end search time: 86798745 ns
Total end-to-end search time: 82878590 ns
Total end-to-end search time: 91725594 ns
Total end-to-end search time: 97378032 ns
Total end-to-end search time: 93698651 ns
Query: 128, nThreads: 4, warmup: 8
====================================================================================================
(ns)
Load index... Graph level 5..
Total end-to-end search time: 89542001 ns
Total end-to-end search time: 96570816 ns
Total end-to-end search time: 102600987 ns
Total end-to-end search time: 95326673 ns
Total end-to-end search time: 86564288 ns
Total end-to-end search time: 83043110 ns
Total end-to-end search time: 91798251 ns
Total end-to-end search time: 96924068 ns
Total end-to-end search time: 93579791 ns
Query: 128, nThreads: 4, warmup: 8
====================================================================================================
(ns)
Load index... Graph level 5..
Total end-to-end search time: 89286460 ns
Total end-to-end search time: 96638812 ns
Total end-to-end search time: 102212888 ns
Total end-to-end search time: 95337511 ns
Total end-to-end search time: 86549699 ns
Total end-to-end search time: 83146049 ns
Total end-to-end search time: 91875371 ns
Total end-to-end search time: 97300000 ns
Total end-to-end search time: 93770857 ns
Query: 128, nThreads: 4, warmup: 8
====================================================================================================
(ns)
Load index... Graph level 5..
Total end-to-end search time: 89516610 ns
Total end-to-end search time: 96640386 ns
Total end-to-end search time: 102064576 ns
Total end-to-end search time: 95175093 ns
Total end-to-end search time: 86498411 ns
Total end-to-end search time: 82771447 ns
Total end-to-end search time: 91703511 ns
Total end-to-end search time: 97301056 ns
Total end-to-end search time: 93741458 ns
Query: 128, nThreads: 4, warmup: 8
====================================================================================================
(ns)
Load index... Graph level 5..
Total end-to-end search time: 89413362 ns
Total end-to-end search time: 96873887 ns
Total end-to-end search time: 102248200 ns
Total end-to-end search time: 95180020 ns
Total end-to-end search time: 86267752 ns
Total end-to-end search time: 82925161 ns
Total end-to-end search time: 91576341 ns
Total end-to-end search time: 97334154 ns
Total end-to-end search time: 93778369 ns
Query: 128, nThreads: 4, warmup: 8
====================================================================================================
(ns)
Load index... Graph level 5..
Total end-to-end search time: 89183002 ns
Total end-to-end search time: 96666526 ns
Total end-to-end search time: 102091467 ns
Total end-to-end search time: 95433364 ns
Total end-to-end search time: 86436131 ns
Total end-to-end search time: 82899191 ns
Total end-to-end search time: 91680361 ns
Total end-to-end search time: 96911454 ns
Total end-to-end search time: 93481081 ns
Query: 128, nThreads: 4, warmup: 8
====================================================================================================
(ns)
Load index... Graph level 5..
Total end-to-end search time: 89421782 ns
Total end-to-end search time: 96901538 ns
Total end-to-end search time: 102308129 ns
Total end-to-end search time: 95822191 ns
Total end-to-end search time: 86565888 ns
Total end-to-end search time: 82874226 ns
Total end-to-end search time: 91744765 ns
Total end-to-end search time: 97357799 ns
Total end-to-end search time: 93981704 ns
