Query: 16, nThreads: 1, warmup: 16
====================================================================================================
(ns)
Load index... Graph level 5..
Total end-to-end search time: 13382931 ns
Total end-to-end search time: 11674535 ns
Total end-to-end search time: 11927066 ns
Total end-to-end search time: 9753005 ns
Total end-to-end search time: 9927672 ns
Total end-to-end search time: 9568281 ns
Total end-to-end search time: 9413997 ns
Total end-to-end search time: 10534079 ns
Total end-to-end search time: 11782165 ns
Total end-to-end search time: 11439937 ns
Total end-to-end search time: 12064869 ns
Total end-to-end search time: 11174504 ns
Total end-to-end search time: 11683289 ns
Total end-to-end search time: 11905214 ns
Total end-to-end search time: 11750785 ns
Total end-to-end search time: 13017267 ns
Total end-to-end search time: 11826599 ns
Query: 16, nThreads: 1, warmup: 16
====================================================================================================
(ns)
Load index... Graph level 5..
Total end-to-end search time: 13342069 ns
Total end-to-end search time: 11609557 ns
Total end-to-end search time: 11874787 ns
Total end-to-end search time: 9787896 ns
Total end-to-end search time: 9937501 ns
Total end-to-end search time: 9634704 ns
Total end-to-end search time: 9530090 ns
Total end-to-end search time: 10605795 ns
Total end-to-end search time: 11586103 ns
Total end-to-end search time: 11466487 ns
Total end-to-end search time: 12086687 ns
Total end-to-end search time: 11165748 ns
Total end-to-end search time: 11709686 ns
Total end-to-end search time: 11926302 ns
Total end-to-end search time: 11757612 ns
Total end-to-end search time: 13076819 ns
Total end-to-end search time: 11815610 ns
Query: 16, nThreads: 1, warmup: 16
====================================================================================================
(ns)
Load index... Graph level 5..
Total end-to-end search time: 13390100 ns
Total end-to-end search time: 11681130 ns
Total end-to-end search time: 11826751 ns
Total end-to-end search time: 9711641 ns
Total end-to-end search time: 9877948 ns
Total end-to-end search time: 9622259 ns
Total end-to-end search time: 9414865 ns
Total end-to-end search time: 10580708 ns
Total end-to-end search time: 11588217 ns
Total end-to-end search time: 11468517 ns
Total end-to-end search time: 12017441 ns
Total end-to-end search time: 11166110 ns
Total end-to-end search time: 11698093 ns
Total end-to-end search time: 11909858 ns
Total end-to-end search time: 11741945 ns
Total end-to-end search time: 13007755 ns
Total end-to-end search time: 11738031 ns
Query: 16, nThreads: 1, warmup: 16
====================================================================================================
(ns)
Load index... Graph level 5..
Total end-to-end search time: 13413810 ns
Total end-to-end search time: 11685084 ns
Total end-to-end search time: 11865963 ns
Total end-to-end search time: 9714207 ns
Total end-to-end search time: 9869046 ns
Total end-to-end search time: 9623506 ns
Total end-to-end search time: 9422165 ns
Total end-to-end search time: 10551810 ns
Total end-to-end search time: 11605800 ns
Total end-to-end search time: 11459762 ns
Total end-to-end search time: 12061307 ns
Total end-to-end search time: 11201180 ns
Total end-to-end search time: 11763736 ns
Total end-to-end search time: 11939061 ns
Total end-to-end search time: 11740664 ns
Total end-to-end search time: 13035056 ns
Total end-to-end search time: 11747956 ns
Query: 16, nThreads: 1, warmup: 16
====================================================================================================
(ns)
Load index... Graph level 5..
Total end-to-end search time: 13345640 ns
Total end-to-end search time: 11582327 ns
Total end-to-end search time: 11805351 ns
Total end-to-end search time: 9647125 ns
Total end-to-end search time: 9814607 ns
Total end-to-end search time: 9555477 ns
Total end-to-end search time: 9409399 ns
Total end-to-end search time: 10525811 ns
Total end-to-end search time: 11573623 ns
Total end-to-end search time: 11415446 ns
Total end-to-end search time: 12115294 ns
Total end-to-end search time: 11154159 ns
Total end-to-end search time: 11616281 ns
Total end-to-end search time: 11895053 ns
Total end-to-end search time: 11730380 ns
Total end-to-end search time: 13008852 ns
Total end-to-end search time: 11748398 ns
Query: 16, nThreads: 1, warmup: 16
====================================================================================================
(ns)
Load index... Graph level 5..
Total end-to-end search time: 13299564 ns
Total end-to-end search time: 11652378 ns
Total end-to-end search time: 11855074 ns
Total end-to-end search time: 9747183 ns
Total end-to-end search time: 10082003 ns
Total end-to-end search time: 9576234 ns
Total end-to-end search time: 9405323 ns
Total end-to-end search time: 10583191 ns
Total end-to-end search time: 11619364 ns
Total end-to-end search time: 11438282 ns
Total end-to-end search time: 12104000 ns
Total end-to-end search time: 11261468 ns
Total end-to-end search time: 11711500 ns
Total end-to-end search time: 11931545 ns
Total end-to-end search time: 11767840 ns
Total end-to-end search time: 12991829 ns
Total end-to-end search time: 11812075 ns
Query: 16, nThreads: 1, warmup: 16
====================================================================================================
(ns)
Load index... Graph level 5..
Total end-to-end search time: 13473263 ns
Total end-to-end search time: 11681649 ns
Total end-to-end search time: 11904902 ns
Total end-to-end search time: 9754809 ns
Total end-to-end search time: 9950191 ns
Total end-to-end search time: 9619813 ns
Total end-to-end search time: 9530916 ns
Total end-to-end search time: 10594586 ns
Total end-to-end search time: 11578217 ns
Total end-to-end search time: 11445420 ns
Total end-to-end search time: 12076061 ns
Total end-to-end search time: 11208276 ns
Total end-to-end search time: 11682653 ns
Total end-to-end search time: 11876766 ns
Total end-to-end search time: 11728165 ns
Total end-to-end search time: 13014861 ns
Total end-to-end search time: 11786423 ns
Query: 16, nThreads: 1, warmup: 16
====================================================================================================
(ns)
Load index... Graph level 5..
Total end-to-end search time: 13294168 ns
Total end-to-end search time: 11643848 ns
Total end-to-end search time: 11836018 ns
Total end-to-end search time: 9715727 ns
Total end-to-end search time: 9863411 ns
Total end-to-end search time: 9653252 ns
Total end-to-end search time: 9491612 ns
Total end-to-end search time: 10650901 ns
Total end-to-end search time: 11669063 ns
Total end-to-end search time: 11514227 ns
Total end-to-end search time: 12110944 ns
Total end-to-end search time: 11175425 ns
Total end-to-end search time: 11681555 ns
Total end-to-end search time: 11893220 ns
Total end-to-end search time: 11693474 ns
Total end-to-end search time: 12973298 ns
Total end-to-end search time: 11778446 ns
Query: 16, nThreads: 1, warmup: 16
====================================================================================================
(ns)
Load index... Graph level 5..
Total end-to-end search time: 13365863 ns
Total end-to-end search time: 11675085 ns
Total end-to-end search time: 11808849 ns
Total end-to-end search time: 9700774 ns
Total end-to-end search time: 9838196 ns
Total end-to-end search time: 9519108 ns
Total end-to-end search time: 9397495 ns
Total end-to-end search time: 10566010 ns
Total end-to-end search time: 11555407 ns
Total end-to-end search time: 11397767 ns
Total end-to-end search time: 12073835 ns
Total end-to-end search time: 11113411 ns
Total end-to-end search time: 11622707 ns
Total end-to-end search time: 11887276 ns
Total end-to-end search time: 11810366 ns
Total end-to-end search time: 13054590 ns
Total end-to-end search time: 11820171 ns
Query: 16, nThreads: 1, warmup: 16
====================================================================================================
(ns)
Load index... Graph level 5..
Total end-to-end search time: 13404959 ns
Total end-to-end search time: 11651651 ns
Total end-to-end search time: 11848980 ns
Total end-to-end search time: 9711607 ns
Total end-to-end search time: 9853663 ns
Total end-to-end search time: 9584126 ns
Total end-to-end search time: 9475614 ns
Total end-to-end search time: 10570010 ns
Total end-to-end search time: 11600478 ns
Total end-to-end search time: 11442162 ns
Total end-to-end search time: 12087755 ns
Total end-to-end search time: 11164889 ns
Total end-to-end search time: 11661198 ns
Total end-to-end search time: 11941146 ns
Total end-to-end search time: 11749145 ns
Total end-to-end search time: 13019446 ns
Total end-to-end search time: 11750750 ns
Query: 16, nThreads: 1, warmup: 16
====================================================================================================
(ns)
Load index... Graph level 5..
Total end-to-end search time: 13592001 ns
Total end-to-end search time: 11688803 ns
Total end-to-end search time: 11938947 ns
Total end-to-end search time: 9780550 ns
Total end-to-end search time: 9952409 ns
Total end-to-end search time: 9692284 ns
Total end-to-end search time: 9496270 ns
Total end-to-end search time: 10618615 ns
Total end-to-end search time: 11629859 ns
Total end-to-end search time: 11477094 ns
Total end-to-end search time: 12122408 ns
Total end-to-end search time: 11215195 ns
Total end-to-end search time: 11756153 ns
Total end-to-end search time: 11928112 ns
Total end-to-end search time: 11795060 ns
Total end-to-end search time: 13053016 ns
Total end-to-end search time: 11830044 ns
Query: 16, nThreads: 1, warmup: 16
====================================================================================================
(ns)
Load index... Graph level 5..
Total end-to-end search time: 13352399 ns
Total end-to-end search time: 11597002 ns
Total end-to-end search time: 11766726 ns
Total end-to-end search time: 9672709 ns
Total end-to-end search time: 9838001 ns
Total end-to-end search time: 9589752 ns
Total end-to-end search time: 9400259 ns
Total end-to-end search time: 10561360 ns
Total end-to-end search time: 11562701 ns
Total end-to-end search time: 11406667 ns
Total end-to-end search time: 12064613 ns
Total end-to-end search time: 11134118 ns
Total end-to-end search time: 11684768 ns
Total end-to-end search time: 11880788 ns
Total end-to-end search time: 11682936 ns
Total end-to-end search time: 12975688 ns
Total end-to-end search time: 11752420 ns
Query: 16, nThreads: 1, warmup: 16
====================================================================================================
(ns)
Load index... Graph level 5..
Total end-to-end search time: 13281358 ns
Total end-to-end search time: 11583821 ns
Total end-to-end search time: 11783988 ns
Total end-to-end search time: 9681721 ns
Total end-to-end search time: 9918422 ns
Total end-to-end search time: 9638143 ns
Total end-to-end search time: 9460901 ns
Total end-to-end search time: 10603567 ns
Total end-to-end search time: 11585992 ns
Total end-to-end search time: 11410990 ns
Total end-to-end search time: 12042653 ns
Total end-to-end search time: 11130020 ns
Total end-to-end search time: 11638854 ns
Total end-to-end search time: 11871765 ns
Total end-to-end search time: 11741455 ns
Total end-to-end search time: 13054282 ns
Total end-to-end search time: 11846272 ns
Query: 16, nThreads: 1, warmup: 16
====================================================================================================
(ns)
Load index... Graph level 5..
Total end-to-end search time: 13385807 ns
Total end-to-end search time: 11645548 ns
Total end-to-end search time: 11808758 ns
Total end-to-end search time: 9736588 ns
Total end-to-end search time: 9873012 ns
Total end-to-end search time: 9599329 ns
Total end-to-end search time: 9456888 ns
Total end-to-end search time: 10618678 ns
Total end-to-end search time: 11637851 ns
Total end-to-end search time: 11501200 ns
Total end-to-end search time: 12146815 ns
Total end-to-end search time: 11220079 ns
Total end-to-end search time: 11673537 ns
Total end-to-end search time: 11904575 ns
Total end-to-end search time: 11751157 ns
Total end-to-end search time: 13031053 ns
Total end-to-end search time: 11796287 ns
Query: 16, nThreads: 1, warmup: 16
====================================================================================================
(ns)
Load index... Graph level 5..
Total end-to-end search time: 13406742 ns
Total end-to-end search time: 11749312 ns
Total end-to-end search time: 11944824 ns
Total end-to-end search time: 9814317 ns
Total end-to-end search time: 9960096 ns
Total end-to-end search time: 9686535 ns
Total end-to-end search time: 9472579 ns
Total end-to-end search time: 10607747 ns
Total end-to-end search time: 11623876 ns
Total end-to-end search time: 11449834 ns
Total end-to-end search time: 12087339 ns
Total end-to-end search time: 11270625 ns
Total end-to-end search time: 11830313 ns
Total end-to-end search time: 12063406 ns
Total end-to-end search time: 12008666 ns
Total end-to-end search time: 13161940 ns
Total end-to-end search time: 11867000 ns
Query: 16, nThreads: 1, warmup: 16
====================================================================================================
(ns)
Load index... Graph level 5..
Total end-to-end search time: 13236497 ns
Total end-to-end search time: 11556800 ns
Total end-to-end search time: 11762765 ns
Total end-to-end search time: 9734038 ns
Total end-to-end search time: 9849839 ns
Total end-to-end search time: 9588341 ns
Total end-to-end search time: 9446898 ns
Total end-to-end search time: 10581705 ns
Total end-to-end search time: 11565894 ns
Total end-to-end search time: 11456718 ns
Total end-to-end search time: 12041852 ns
Total end-to-end search time: 11163629 ns
Total end-to-end search time: 11643388 ns
Total end-to-end search time: 11879481 ns
Total end-to-end search time: 11791214 ns
Total end-to-end search time: 13051996 ns
Total end-to-end search time: 11754870 ns
Query: 16, nThreads: 1, warmup: 16
====================================================================================================
(ns)
Load index... Graph level 5..
Total end-to-end search time: 13323738 ns
Total end-to-end search time: 11630858 ns
Total end-to-end search time: 11848037 ns
Total end-to-end search time: 9708670 ns
Total end-to-end search time: 9896391 ns
Total end-to-end search time: 9596869 ns
Total end-to-end search time: 9447625 ns
Total end-to-end search time: 10570443 ns
Total end-to-end search time: 11602971 ns
Total end-to-end search time: 11441260 ns
Total end-to-end search time: 12107041 ns
Total end-to-end search time: 11196752 ns
Total end-to-end search time: 11656244 ns
Total end-to-end search time: 11860173 ns
Total end-to-end search time: 11753299 ns
Total end-to-end search time: 12976396 ns
Total end-to-end search time: 11748107 ns
Query: 16, nThreads: 1, warmup: 16
====================================================================================================
(ns)
Load index... Graph level 5..
Total end-to-end search time: 13310694 ns
Total end-to-end search time: 11603953 ns
Total end-to-end search time: 11801023 ns
Total end-to-end search time: 9724388 ns
Total end-to-end search time: 9903818 ns
Total end-to-end search time: 9567750 ns
Total end-to-end search time: 9467903 ns
Total end-to-end search time: 10638977 ns
Total end-to-end search time: 11683642 ns
Total end-to-end search time: 11479558 ns
Total end-to-end search time: 12152700 ns
Total end-to-end search time: 11217292 ns
Total end-to-end search time: 11708208 ns
Total end-to-end search time: 11973191 ns
Total end-to-end search time: 11811750 ns
Total end-to-end search time: 13095085 ns
Total end-to-end search time: 11842177 ns
Query: 16, nThreads: 1, warmup: 16
====================================================================================================
(ns)
Load index... Graph level 5..
Total end-to-end search time: 13404711 ns
Total end-to-end search time: 11700204 ns
Total end-to-end search time: 11894059 ns
Total end-to-end search time: 9748877 ns
Total end-to-end search time: 9938195 ns
Total end-to-end search time: 9662135 ns
Total end-to-end search time: 9487667 ns
Total end-to-end search time: 10641585 ns
Total end-to-end search time: 11667708 ns
Total end-to-end search time: 11558164 ns
Total end-to-end search time: 12209782 ns
Total end-to-end search time: 11277337 ns
Total end-to-end search time: 11789012 ns
Total end-to-end search time: 11981549 ns
Total end-to-end search time: 11816849 ns
Total end-to-end search time: 13077248 ns
Total end-to-end search time: 11806832 ns
Query: 16, nThreads: 1, warmup: 16
====================================================================================================
(ns)
Load index... Graph level 5..
Total end-to-end search time: 13301284 ns
Total end-to-end search time: 11718504 ns
Total end-to-end search time: 11881222 ns
Total end-to-end search time: 9753803 ns
Total end-to-end search time: 9870754 ns
Total end-to-end search time: 9646316 ns
Total end-to-end search time: 9471728 ns
Total end-to-end search time: 10641033 ns
Total end-to-end search time: 11657051 ns
Total end-to-end search time: 11470320 ns
Total end-to-end search time: 12073638 ns
Total end-to-end search time: 11408632 ns
Total end-to-end search time: 11738904 ns
Total end-to-end search time: 11965226 ns
Total end-to-end search time: 11768970 ns
Total end-to-end search time: 13017521 ns
Total end-to-end search time: 11744730 ns
Query: 16, nThreads: 1, warmup: 16
====================================================================================================
(ns)
Load index... Graph level 5..
Total end-to-end search time: 13375651 ns
Total end-to-end search time: 11605779 ns
Total end-to-end search time: 11811423 ns
Total end-to-end search time: 9727731 ns
Total end-to-end search time: 9911566 ns
Total end-to-end search time: 9654579 ns
Total end-to-end search time: 9529377 ns
Total end-to-end search time: 10595791 ns
Total end-to-end search time: 11636023 ns
Total end-to-end search time: 11518105 ns
Total end-to-end search time: 12151132 ns
Total end-to-end search time: 11177216 ns
Total end-to-end search time: 11699659 ns
Total end-to-end search time: 11898869 ns
Total end-to-end search time: 11740310 ns
Total end-to-end search time: 13081819 ns
Total end-to-end search time: 11826754 ns
Query: 16, nThreads: 1, warmup: 16
====================================================================================================
(ns)
Load index... Graph level 5..
Total end-to-end search time: 13388921 ns
Total end-to-end search time: 11669080 ns
Total end-to-end search time: 11821779 ns
Total end-to-end search time: 9802497 ns
Total end-to-end search time: 9888760 ns
Total end-to-end search time: 9607454 ns
Total end-to-end search time: 9440223 ns
Total end-to-end search time: 10668003 ns
Total end-to-end search time: 11653212 ns
Total end-to-end search time: 11464523 ns
Total end-to-end search time: 12093618 ns
Total end-to-end search time: 11193315 ns
Total end-to-end search time: 11679596 ns
Total end-to-end search time: 11927258 ns
Total end-to-end search time: 11755870 ns
Total end-to-end search time: 13029105 ns
Total end-to-end search time: 11797384 ns
Query: 16, nThreads: 1, warmup: 16
====================================================================================================
(ns)
Load index... Graph level 5..
Total end-to-end search time: 13433678 ns
Total end-to-end search time: 11750404 ns
Total end-to-end search time: 11883807 ns
Total end-to-end search time: 9775821 ns
Total end-to-end search time: 9922789 ns
Total end-to-end search time: 9694390 ns
Total end-to-end search time: 9542664 ns
Total end-to-end search time: 10638032 ns
Total end-to-end search time: 11648000 ns
Total end-to-end search time: 11463898 ns
Total end-to-end search time: 12126189 ns
Total end-to-end search time: 11233309 ns
Total end-to-end search time: 11753406 ns
Total end-to-end search time: 11930573 ns
Total end-to-end search time: 11826437 ns
Total end-to-end search time: 13111257 ns
Total end-to-end search time: 11765887 ns
Query: 16, nThreads: 1, warmup: 16
====================================================================================================
(ns)
Load index... Graph level 5..
Total end-to-end search time: 13278475 ns
Total end-to-end search time: 11641142 ns
Total end-to-end search time: 11888090 ns
Total end-to-end search time: 9754096 ns
Total end-to-end search time: 9908547 ns
Total end-to-end search time: 9637373 ns
Total end-to-end search time: 9474474 ns
Total end-to-end search time: 10633913 ns
Total end-to-end search time: 11694656 ns
Total end-to-end search time: 11494989 ns
Total end-to-end search time: 12097137 ns
Total end-to-end search time: 11199599 ns
Total end-to-end search time: 11678705 ns
Total end-to-end search time: 11896556 ns
Total end-to-end search time: 11772120 ns
Total end-to-end search time: 12998267 ns
Total end-to-end search time: 11767398 ns
Query: 16, nThreads: 1, warmup: 16
====================================================================================================
(ns)
Load index... Graph level 5..
Total end-to-end search time: 13343960 ns
Total end-to-end search time: 11623198 ns
Total end-to-end search time: 12005530 ns
Total end-to-end search time: 9734276 ns
Total end-to-end search time: 9848860 ns
Total end-to-end search time: 9602720 ns
Total end-to-end search time: 9421753 ns
Total end-to-end search time: 10528873 ns
Total end-to-end search time: 11557485 ns
Total end-to-end search time: 11518668 ns
Total end-to-end search time: 12157776 ns
Total end-to-end search time: 11238909 ns
Total end-to-end search time: 11682945 ns
Total end-to-end search time: 11967324 ns
Total end-to-end search time: 11738676 ns
Total end-to-end search time: 12983550 ns
Total end-to-end search time: 11767804 ns
Query: 16, nThreads: 1, warmup: 16
====================================================================================================
(ns)
Load index... Graph level 5..
Total end-to-end search time: 13321447 ns
Total end-to-end search time: 11639031 ns
Total end-to-end search time: 11766844 ns
Total end-to-end search time: 9688786 ns
Total end-to-end search time: 9856667 ns
Total end-to-end search time: 9619311 ns
Total end-to-end search time: 9476417 ns
Total end-to-end search time: 10609813 ns
Total end-to-end search time: 11678200 ns
Total end-to-end search time: 11430628 ns
Total end-to-end search time: 12077424 ns
Total end-to-end search time: 11168418 ns
Total end-to-end search time: 11730293 ns
Total end-to-end search time: 11955844 ns
Total end-to-end search time: 11705108 ns
Total end-to-end search time: 12961694 ns
Total end-to-end search time: 11738451 ns
Query: 16, nThreads: 1, warmup: 16
====================================================================================================
(ns)
Load index... Graph level 5..
Total end-to-end search time: 13472759 ns
Total end-to-end search time: 11693221 ns
Total end-to-end search time: 11878640 ns
Total end-to-end search time: 9762206 ns
Total end-to-end search time: 9897320 ns
Total end-to-end search time: 9661372 ns
Total end-to-end search time: 9536969 ns
Total end-to-end search time: 10682255 ns
Total end-to-end search time: 11719916 ns
Total end-to-end search time: 11524992 ns
Total end-to-end search time: 12201162 ns
Total end-to-end search time: 11276779 ns
Total end-to-end search time: 11737539 ns
Total end-to-end search time: 11967719 ns
Total end-to-end search time: 11832566 ns
Total end-to-end search time: 13088683 ns
Total end-to-end search time: 11881809 ns
Query: 16, nThreads: 1, warmup: 16
====================================================================================================
(ns)
Load index... Graph level 5..
Total end-to-end search time: 13403278 ns
Total end-to-end search time: 11684085 ns
Total end-to-end search time: 11832512 ns
Total end-to-end search time: 9747802 ns
Total end-to-end search time: 9889017 ns
Total end-to-end search time: 9604717 ns
Total end-to-end search time: 9462547 ns
Total end-to-end search time: 10590433 ns
Total end-to-end search time: 11621606 ns
Total end-to-end search time: 11436061 ns
Total end-to-end search time: 12039806 ns
Total end-to-end search time: 11160890 ns
Total end-to-end search time: 11731106 ns
Total end-to-end search time: 11925933 ns
Total end-to-end search time: 11757341 ns
Total end-to-end search time: 13055762 ns
Total end-to-end search time: 11786738 ns
Query: 16, nThreads: 1, warmup: 16
====================================================================================================
(ns)
Load index... Graph level 5..
Total end-to-end search time: 13329829 ns
Total end-to-end search time: 11620648 ns
Total end-to-end search time: 11814028 ns
Total end-to-end search time: 9679650 ns
Total end-to-end search time: 9826266 ns
Total end-to-end search time: 9558141 ns
Total end-to-end search time: 9458800 ns
Total end-to-end search time: 10580352 ns
Total end-to-end search time: 11563810 ns
Total end-to-end search time: 11411790 ns
Total end-to-end search time: 12054045 ns
Total end-to-end search time: 11137005 ns
Total end-to-end search time: 11647854 ns
Total end-to-end search time: 11907507 ns
Total end-to-end search time: 11898466 ns
Total end-to-end search time: 13003238 ns
Total end-to-end search time: 11777812 ns
Query: 16, nThreads: 1, warmup: 16
====================================================================================================
(ns)
Load index... Graph level 5..
Total end-to-end search time: 13312467 ns
Total end-to-end search time: 11572614 ns
Total end-to-end search time: 11825725 ns
Total end-to-end search time: 9722775 ns
Total end-to-end search time: 9867174 ns
Total end-to-end search time: 9599649 ns
Total end-to-end search time: 9418321 ns
Total end-to-end search time: 10499852 ns
Total end-to-end search time: 11555347 ns
Total end-to-end search time: 11407322 ns
Total end-to-end search time: 12064360 ns
Total end-to-end search time: 11241772 ns
Total end-to-end search time: 11699452 ns
Total end-to-end search time: 11966857 ns
Total end-to-end search time: 11789255 ns
Total end-to-end search time: 13079380 ns
Total end-to-end search time: 11829842 ns
