Query: 2048, nThreads: 2, warmup: 1
====================================================================================================
(ns)
Load index... Graph level 5..
Total end-to-end search time: 1479887017 ns
Total end-to-end search time: 1460819124 ns
Query: 2048, nThreads: 2, warmup: 1
====================================================================================================
(ns)
Load index... Graph level 5..
Total end-to-end search time: 1478260088 ns
Total end-to-end search time: 1459166212 ns
Query: 2048, nThreads: 2, warmup: 1
====================================================================================================
(ns)
Load index... Graph level 5..
Total end-to-end search time: 1479662370 ns
Total end-to-end search time: 1458518701 ns
Query: 2048, nThreads: 2, warmup: 1
====================================================================================================
(ns)
Load index... Graph level 5..
Total end-to-end search time: 1478758805 ns
Total end-to-end search time: 1459410796 ns
Query: 2048, nThreads: 2, warmup: 1
====================================================================================================
(ns)
Load index... Graph level 5..
Total end-to-end search time: 1478993965 ns
Total end-to-end search time: 1460323715 ns
Query: 2048, nThreads: 2, warmup: 1
====================================================================================================
(ns)
Load index... Graph level 5..
Total end-to-end search time: 1481652081 ns
Total end-to-end search time: 1459803441 ns
Query: 2048, nThreads: 2, warmup: 1
====================================================================================================
(ns)
Load index... Graph level 5..
Total end-to-end search time: 1479375257 ns
Total end-to-end search time: 1459877966 ns
Query: 2048, nThreads: 2, warmup: 1
====================================================================================================
(ns)
Load index... Graph level 5..
Total end-to-end search time: 1479300400 ns
Total end-to-end search time: 1461688282 ns
Query: 2048, nThreads: 2, warmup: 1
====================================================================================================
(ns)
Load index... Graph level 5..
Total end-to-end search time: 1478637138 ns
Total end-to-end search time: 1458559686 ns
Query: 2048, nThreads: 2, warmup: 1
====================================================================================================
(ns)
Load index... Graph level 5..
Total end-to-end search time: 1480688886 ns
Total end-to-end search time: 1458568365 ns
Query: 2048, nThreads: 2, warmup: 1
====================================================================================================
(ns)
Load index... Graph level 5..
Total end-to-end search time: 1479019249 ns
Total end-to-end search time: 1459412102 ns
Query: 2048, nThreads: 2, warmup: 1
====================================================================================================
(ns)
Load index... Graph level 5..
Total end-to-end search time: 1480829839 ns
Total end-to-end search time: 1458075413 ns
Query: 2048, nThreads: 2, warmup: 1
====================================================================================================
(ns)
Load index... Graph level 5..
Total end-to-end search time: 1480580677 ns
Total end-to-end search time: 1460633854 ns
Query: 2048, nThreads: 2, warmup: 1
====================================================================================================
(ns)
Load index... Graph level 5..
Total end-to-end search time: 1478531886 ns
Total end-to-end search time: 1459123185 ns
Query: 2048, nThreads: 2, warmup: 1
====================================================================================================
(ns)
Load index... Graph level 5..
Total end-to-end search time: 1480169367 ns
Total end-to-end search time: 1458944556 ns
Query: 2048, nThreads: 2, warmup: 1
====================================================================================================
(ns)
Load index... Graph level 5..
Total end-to-end search time: 1479795963 ns
Total end-to-end search time: 1458336599 ns
Query: 2048, nThreads: 2, warmup: 1
====================================================================================================
(ns)
Load index... Graph level 5..
Total end-to-end search time: 1478986689 ns
Total end-to-end search time: 1458954816 ns
Query: 2048, nThreads: 2, warmup: 1
====================================================================================================
(ns)
Load index... Graph level 5..
Total end-to-end search time: 1479360786 ns
Total end-to-end search time: 1456731963 ns
Query: 2048, nThreads: 2, warmup: 1
====================================================================================================
(ns)
Load index... Graph level 5..
Total end-to-end search time: 1478245587 ns
Total end-to-end search time: 1457197930 ns
Query: 2048, nThreads: 2, warmup: 1
====================================================================================================
(ns)
Load index... Graph level 5..
Total end-to-end search time: 1480334914 ns
Total end-to-end search time: 1458781046 ns
Query: 2048, nThreads: 2, warmup: 1
====================================================================================================
(ns)
Load index... Graph level 5..
Total end-to-end search time: 1480375501 ns
Total end-to-end search time: 1458108554 ns
Query: 2048, nThreads: 2, warmup: 1
====================================================================================================
(ns)
Load index... Graph level 5..
Total end-to-end search time: 1478458366 ns
Total end-to-end search time: 1460625176 ns
Query: 2048, nThreads: 2, warmup: 1
====================================================================================================
(ns)
Load index... Graph level 5..
Total end-to-end search time: 1479504175 ns
Total end-to-end search time: 1459655875 ns
Query: 2048, nThreads: 2, warmup: 1
====================================================================================================
(ns)
Load index... Graph level 5..
Total end-to-end search time: 1479554783 ns
Total end-to-end search time: 1461298787 ns
Query: 2048, nThreads: 2, warmup: 1
====================================================================================================
(ns)
Load index... Graph level 5..
Total end-to-end search time: 1480918382 ns
Total end-to-end search time: 1460539556 ns
Query: 2048, nThreads: 2, warmup: 1
====================================================================================================
(ns)
Load index... Graph level 5..
Total end-to-end search time: 1482326718 ns
Total end-to-end search time: 1460808693 ns
Query: 2048, nThreads: 2, warmup: 1
====================================================================================================
(ns)
Load index... Graph level 5..
Total end-to-end search time: 1479235406 ns
Total end-to-end search time: 1459870797 ns
Query: 2048, nThreads: 2, warmup: 1
====================================================================================================
(ns)
Load index... Graph level 5..
Total end-to-end search time: 1480315701 ns
Total end-to-end search time: 1461057319 ns
Query: 2048, nThreads: 2, warmup: 1
====================================================================================================
(ns)
Load index... Graph level 5..
Total end-to-end search time: 1478879247 ns
Total end-to-end search time: 1459779934 ns
Query: 2048, nThreads: 2, warmup: 1
====================================================================================================
(ns)
Load index... Graph level 5..
Total end-to-end search time: 1479727496 ns
Total end-to-end search time: 1458932607 ns
