Query: 2048, nThreads: 8, warmup: 1
====================================================================================================
(ns)
Load index... Graph level 5..
Total end-to-end search time: 1505360818 ns
Total end-to-end search time: 1481611013 ns
Query: 2048, nThreads: 8, warmup: 1
====================================================================================================
(ns)
Load index... Graph level 5..
Total end-to-end search time: 1505275752 ns
Total end-to-end search time: 1481116636 ns
Query: 2048, nThreads: 8, warmup: 1
====================================================================================================
(ns)
Load index... Graph level 5..
Total end-to-end search time: 1505988882 ns
Total end-to-end search time: 1481596772 ns
Query: 2048, nThreads: 8, warmup: 1
====================================================================================================
(ns)
Load index... Graph level 5..
Total end-to-end search time: 1506080662 ns
Total end-to-end search time: 1480732022 ns
Query: 2048, nThreads: 8, warmup: 1
====================================================================================================
(ns)
Load index... Graph level 5..
Total end-to-end search time: 1504308055 ns
Total end-to-end search time: 1480084560 ns
Query: 2048, nThreads: 8, warmup: 1
====================================================================================================
(ns)
Load index... Graph level 5..
Total end-to-end search time: 1505419638 ns
Total end-to-end search time: 1481259654 ns
Query: 2048, nThreads: 8, warmup: 1
====================================================================================================
(ns)
Load index... Graph level 5..
Total end-to-end search time: 1503996063 ns
Total end-to-end search time: 1479401552 ns
Query: 2048, nThreads: 8, warmup: 1
====================================================================================================
(ns)
Load index... Graph level 5..
Total end-to-end search time: 1507605166 ns
Total end-to-end search time: 1482710842 ns
Query: 2048, nThreads: 8, warmup: 1
====================================================================================================
(ns)
Load index... Graph level 5..
Total end-to-end search time: 1504532702 ns
Total end-to-end search time: 1480082226 ns
Query: 2048, nThreads: 8, warmup: 1
====================================================================================================
(ns)
Load index... Graph level 5..
Total end-to-end search time: 1506090962 ns
Total end-to-end search time: 1482977775 ns
Query: 2048, nThreads: 8, warmup: 1
====================================================================================================
(ns)
Load index... Graph level 5..
Total end-to-end search time: 1506683965 ns
Total end-to-end search time: 1481515018 ns
Query: 2048, nThreads: 8, warmup: 1
====================================================================================================
(ns)
Load index... Graph level 5..
Total end-to-end search time: 1507585486 ns
Total end-to-end search time: 1481821036 ns
Query: 2048, nThreads: 8, warmup: 1
====================================================================================================
(ns)
Load index... Graph level 5..
Total end-to-end search time: 1506200735 ns
Total end-to-end search time: 1480281725 ns
Query: 2048, nThreads: 8, warmup: 1
====================================================================================================
(ns)
Load index... Graph level 5..
Total end-to-end search time: 1507703687 ns
Total end-to-end search time: 1483728183 ns
Query: 2048, nThreads: 8, warmup: 1
====================================================================================================
(ns)
Load index... Graph level 5..
Total end-to-end search time: 1505151492 ns
Total end-to-end search time: 1481595802 ns
Query: 2048, nThreads: 8, warmup: 1
====================================================================================================
(ns)
Load index... Graph level 5..
Total end-to-end search time: 1504536228 ns
Total end-to-end search time: 1479900146 ns
Query: 2048, nThreads: 8, warmup: 1
====================================================================================================
(ns)
Load index... Graph level 5..
Total end-to-end search time: 1504334739 ns
Total end-to-end search time: 1483347370 ns
Query: 2048, nThreads: 8, warmup: 1
====================================================================================================
(ns)
Load index... Graph level 5..
Total end-to-end search time: 1505408924 ns
Total end-to-end search time: 1480230076 ns
Query: 2048, nThreads: 8, warmup: 1
====================================================================================================
(ns)
Load index... Graph level 5..
Total end-to-end search time: 1506404883 ns
Total end-to-end search time: 1480480225 ns
Query: 2048, nThreads: 8, warmup: 1
====================================================================================================
(ns)
Load index... Graph level 5..
Total end-to-end search time: 1505436516 ns
Total end-to-end search time: 1482153821 ns
Query: 2048, nThreads: 8, warmup: 1
====================================================================================================
(ns)
Load index... Graph level 5..
Total end-to-end search time: 1506443421 ns
Total end-to-end search time: 1482213933 ns
Query: 2048, nThreads: 8, warmup: 1
====================================================================================================
(ns)
Load index... Graph level 5..
Total end-to-end search time: 1505428221 ns
Total end-to-end search time: 1481059644 ns
Query: 2048, nThreads: 8, warmup: 1
====================================================================================================
(ns)
Load index... Graph level 5..
Total end-to-end search time: 1505624051 ns
Total end-to-end search time: 1482520914 ns
Query: 2048, nThreads: 8, warmup: 1
====================================================================================================
(ns)
Load index... Graph level 5..
Total end-to-end search time: 1507904301 ns
Total end-to-end search time: 1484099629 ns
Query: 2048, nThreads: 8, warmup: 1
====================================================================================================
(ns)
Load index... Graph level 5..
Total end-to-end search time: 1506553503 ns
Total end-to-end search time: 1482832264 ns
Query: 2048, nThreads: 8, warmup: 1
====================================================================================================
(ns)
Load index... Graph level 5..
Total end-to-end search time: 1507264049 ns
Total end-to-end search time: 1481187502 ns
Query: 2048, nThreads: 8, warmup: 1
====================================================================================================
(ns)
Load index... Graph level 5..
Total end-to-end search time: 1505477033 ns
Total end-to-end search time: 1481655925 ns
Query: 2048, nThreads: 8, warmup: 1
====================================================================================================
(ns)
Load index... Graph level 5..
Total end-to-end search time: 1505421851 ns
Total end-to-end search time: 1480827707 ns
Query: 2048, nThreads: 8, warmup: 1
====================================================================================================
(ns)
Load index... Graph level 5..
Total end-to-end search time: 1505457776 ns
Total end-to-end search time: 1482418525 ns
Query: 2048, nThreads: 8, warmup: 1
====================================================================================================
(ns)
Load index... Graph level 5..
Total end-to-end search time: 1504427670 ns
Total end-to-end search time: 1482258409 ns
