Query: 2048, nThreads: 4, warmup: 1
====================================================================================================
(ns)
Load index... Graph level 5..
Total end-to-end search time: 1489340932 ns
Total end-to-end search time: 1469404960 ns
Query: 2048, nThreads: 4, warmup: 1
====================================================================================================
(ns)
Load index... Graph level 5..
Total end-to-end search time: 1489860087 ns
Total end-to-end search time: 1468832150 ns
Query: 2048, nThreads: 4, warmup: 1
====================================================================================================
(ns)
Load index... Graph level 5..
Total end-to-end search time: 1488152373 ns
Total end-to-end search time: 1467975694 ns
Query: 2048, nThreads: 4, warmup: 1
====================================================================================================
(ns)
Load index... Graph level 5..
Total end-to-end search time: 1489260221 ns
Total end-to-end search time: 1468477271 ns
Query: 2048, nThreads: 4, warmup: 1
====================================================================================================
(ns)
Load index... Graph level 5..
Total end-to-end search time: 1491516728 ns
Total end-to-end search time: 1469129241 ns
Query: 2048, nThreads: 4, warmup: 1
====================================================================================================
(ns)
Load index... Graph level 5..
Total end-to-end search time: 1490284824 ns
Total end-to-end search time: 1467847010 ns
Query: 2048, nThreads: 4, warmup: 1
====================================================================================================
(ns)
Load index... Graph level 5..
Total end-to-end search time: 1490645023 ns
Total end-to-end search time: 1470276020 ns
Query: 2048, nThreads: 4, warmup: 1
====================================================================================================
(ns)
Load index... Graph level 5..
Total end-to-end search time: 1489870044 ns
Total end-to-end search time: 1469573064 ns
Query: 2048, nThreads: 4, warmup: 1
====================================================================================================
(ns)
Load index... Graph level 5..
Total end-to-end search time: 1489526536 ns
Total end-to-end search time: 1468899799 ns
Query: 2048, nThreads: 4, warmup: 1
====================================================================================================
(ns)
Load index... Graph level 5..
Total end-to-end search time: 1488747919 ns
Total end-to-end search time: 1469037280 ns
Query: 2048, nThreads: 4, warmup: 1
====================================================================================================
(ns)
Load index... Graph level 5..
Total end-to-end search time: 1488341921 ns
Total end-to-end search time: 1467603439 ns
Query: 2048, nThreads: 4, warmup: 1
====================================================================================================
(ns)
Load index... Graph level 5..
Total end-to-end search time: 1491785845 ns
Total end-to-end search time: 1466411576 ns
Query: 2048, nThreads: 4, warmup: 1
====================================================================================================
(ns)
Load index... Graph level 5..
Total end-to-end search time: 1490767123 ns
Total end-to-end search time: 1467383646 ns
Query: 2048, nThreads: 4, warmup: 1
====================================================================================================
(ns)
Load index... Graph level 5..
Total end-to-end search time: 1489021215 ns
Total end-to-end search time: 1466618775 ns
Query: 2048, nThreads: 4, warmup: 1
====================================================================================================
(ns)
Load index... Graph level 5..
Total end-to-end search time: 1491734387 ns
Total end-to-end search time: 1467803306 ns
Query: 2048, nThreads: 4, warmup: 1
====================================================================================================
(ns)
Load index... Graph level 5..
Total end-to-end search time: 1489490303 ns
Total end-to-end search time: 1469019583 ns
Query: 2048, nThreads: 4, warmup: 1
====================================================================================================
(ns)
Load index... Graph level 5..
Total end-to-end search time: 1490857170 ns
Total end-to-end search time: 1469520861 ns
Query: 2048, nThreads: 4, warmup: 1
====================================================================================================
(ns)
Load index... Graph level 5..
Total end-to-end search time: 1490579335 ns
Total end-to-end search time: 1468372378 ns
Query: 2048, nThreads: 4, warmup: 1
====================================================================================================
(ns)
Load index... Graph level 5..
Total end-to-end search time: 1489805182 ns
Total end-to-end search time: 1469484730 ns
Query: 2048, nThreads: 4, warmup: 1
====================================================================================================
(ns)
Load index... Graph level 5..
Total end-to-end search time: 1489918165 ns
Total end-to-end search time: 1467215494 ns
Query: 2048, nThreads: 4, warmup: 1
====================================================================================================
(ns)
Load index... Graph level 5..
Total end-to-end search time: 1489281112 ns
Total end-to-end search time: 1468658862 ns
Query: 2048, nThreads: 4, warmup: 1
====================================================================================================
(ns)
Load index... Graph level 5..
Total end-to-end search time: 1488567564 ns
Total end-to-end search time: 1468733966 ns
Query: 2048, nThreads: 4, warmup: 1
====================================================================================================
(ns)
Load index... Graph level 5..
Total end-to-end search time: 1489261641 ns
Total end-to-end search time: 1467939040 ns
Query: 2048, nThreads: 4, warmup: 1
====================================================================================================
(ns)
Load index... Graph level 5..
Total end-to-end search time: 1491066083 ns
Total end-to-end search time: 1469239108 ns
Query: 2048, nThreads: 4, warmup: 1
====================================================================================================
(ns)
Load index... Graph level 5..
Total end-to-end search time: 1491241268 ns
Total end-to-end search time: 1468525568 ns
Query: 2048, nThreads: 4, warmup: 1
====================================================================================================
(ns)
Load index... Graph level 5..
Total end-to-end search time: 1489319451 ns
Total end-to-end search time: 1469033126 ns
Query: 2048, nThreads: 4, warmup: 1
====================================================================================================
(ns)
Load index... Graph level 5..
Total end-to-end search time: 1489393305 ns
Total end-to-end search time: 1469037306 ns
Query: 2048, nThreads: 4, warmup: 1
====================================================================================================
(ns)
Load index... Graph level 5..
Total end-to-end search time: 1490338795 ns
Total end-to-end search time: 1469371745 ns
Query: 2048, nThreads: 4, warmup: 1
====================================================================================================
(ns)
Load index... Graph level 5..
Total end-to-end search time: 1488381132 ns
Total end-to-end search time: 1468726920 ns
Query: 2048, nThreads: 4, warmup: 1
====================================================================================================
(ns)
Load index... Graph level 5..
Total end-to-end search time: 1489943912 ns
Total end-to-end search time: 1468379836 ns
