Query: 256, nThreads: 16, warmup: 8
====================================================================================================
(ns)
Load index... Graph level 5..
Total end-to-end search time: 196978051 ns
Total end-to-end search time: 201944187 ns
Total end-to-end search time: 173308871 ns
Total end-to-end search time: 193118420 ns
Total end-to-end search time: 191671070 ns
Total end-to-end search time: 185315572 ns
Total end-to-end search time: 203513592 ns
Total end-to-end search time: 185930780 ns
Total end-to-end search time: 192361922 ns
Query: 256, nThreads: 16, warmup: 8
====================================================================================================
(ns)
Load index... Graph level 5..
Total end-to-end search time: 196911629 ns
Total end-to-end search time: 201746314 ns
Total end-to-end search time: 172869385 ns
Total end-to-end search time: 192673677 ns
Total end-to-end search time: 191419532 ns
Total end-to-end search time: 185260342 ns
Total end-to-end search time: 203047700 ns
Total end-to-end search time: 185538555 ns
Total end-to-end search time: 192866065 ns
Query: 256, nThreads: 16, warmup: 8
====================================================================================================
(ns)
Load index... Graph level 5..
Total end-to-end search time: 196718260 ns
Total end-to-end search time: 201950222 ns
Total end-to-end search time: 173270704 ns
Total end-to-end search time: 192725558 ns
Total end-to-end search time: 191046648 ns
Total end-to-end search time: 185812065 ns
Total end-to-end search time: 203978791 ns
Total end-to-end search time: 185864224 ns
Total end-to-end search time: 193391935 ns
Query: 256, nThreads: 16, warmup: 8
====================================================================================================
(ns)
Load index... Graph level 5..
Total end-to-end search time: 196879361 ns
Total end-to-end search time: 203417510 ns
Total end-to-end search time: 173523000 ns
Total end-to-end search time: 193235463 ns
Total end-to-end search time: 191184267 ns
Total end-to-end search time: 185635137 ns
Total end-to-end search time: 203475902 ns
Total end-to-end search time: 186335347 ns
Total end-to-end search time: 192811049 ns
Query: 256, nThreads: 16, warmup: 8
====================================================================================================
(ns)
Load index... Graph level 5..
Total end-to-end search time: 196670538 ns
Total end-to-end search time: 201740939 ns
Total end-to-end search time: 172930119 ns
Total end-to-end search time: 192672965 ns
Total end-to-end search time: 191652546 ns
Total end-to-end search time: 185027199 ns
Total end-to-end search time: 203084242 ns
Total end-to-end search time: 185907665 ns
Total end-to-end search time: 192697728 ns
Query: 256, nThreads: 16, warmup: 8
====================================================================================================
(ns)
Load index... Graph level 5..
Total end-to-end search time: 196875894 ns
Total end-to-end search time: 202499548 ns
Total end-to-end search time: 173442826 ns
Total end-to-end search time: 192801320 ns
Total end-to-end search time: 191997690 ns
Total end-to-end search time: 185619276 ns
Total end-to-end search time: 203399049 ns
Total end-to-end search time: 186142406 ns
Total end-to-end search time: 192865604 ns
Query: 256, nThreads: 16, warmup: 8
====================================================================================================
(ns)
Load index... Graph level 5..
Total end-to-end search time: 196502516 ns
Total end-to-end search time: 201617057 ns
Total end-to-end search time: 172790415 ns
Total end-to-end search time: 192919945 ns
Total end-to-end search time: 191363951 ns
Total end-to-end search time: 185262638 ns
Total end-to-end search time: 203685919 ns
Total end-to-end search time: 186049574 ns
Total end-to-end search time: 192784888 ns
Query: 256, nThreads: 16, warmup: 8
====================================================================================================
(ns)
Load index... Graph level 5..
Total end-to-end search time: 196936192 ns
Total end-to-end search time: 202209355 ns
Total end-to-end search time: 172875243 ns
Total end-to-end search time: 192459383 ns
Total end-to-end search time: 191494616 ns
Total end-to-end search time: 185272114 ns
Total end-to-end search time: 203407779 ns
Total end-to-end search time: 186423019 ns
Total end-to-end search time: 193401977 ns
Query: 256, nThreads: 16, warmup: 8
====================================================================================================
(ns)
Load index... Graph level 5..
Total end-to-end search time: 196524664 ns
Total end-to-end search time: 202216039 ns
Total end-to-end search time: 173416595 ns
Total end-to-end search time: 192697953 ns
Total end-to-end search time: 191400118 ns
Total end-to-end search time: 185461554 ns
Total end-to-end search time: 203725835 ns
Total end-to-end search time: 186290063 ns
Total end-to-end search time: 193291140 ns
Query: 256, nThreads: 16, warmup: 8
====================================================================================================
(ns)
Load index... Graph level 5..
Total end-to-end search time: 196700890 ns
Total end-to-end search time: 202207506 ns
Total end-to-end search time: 173112056 ns
Total end-to-end search time: 192773492 ns
Total end-to-end search time: 191448898 ns
Total end-to-end search time: 185129552 ns
Total end-to-end search time: 203496212 ns
Total end-to-end search time: 185630099 ns
Total end-to-end search time: 193136718 ns
Query: 256, nThreads: 16, warmup: 8
====================================================================================================
(ns)
Load index... Graph level 5..
Total end-to-end search time: 197146393 ns
Total end-to-end search time: 201968207 ns
Total end-to-end search time: 173179629 ns
Total end-to-end search time: 192326134 ns
Total end-to-end search time: 191597651 ns
Total end-to-end search time: 185904398 ns
Total end-to-end search time: 203156599 ns
Total end-to-end search time: 186168918 ns
Total end-to-end search time: 193186142 ns
Query: 256, nThreads: 16, warmup: 8
====================================================================================================
(ns)
Load index... Graph level 5..
Total end-to-end search time: 196872470 ns
Total end-to-end search time: 202015359 ns
Total end-to-end search time: 173047088 ns
Total end-to-end search time: 192771556 ns
Total end-to-end search time: 191558315 ns
Total end-to-end search time: 185205775 ns
Total end-to-end search time: 203461295 ns
Total end-to-end search time: 186139512 ns
Total end-to-end search time: 192709074 ns
Query: 256, nThreads: 16, warmup: 8
====================================================================================================
(ns)
Load index... Graph level 5..
Total end-to-end search time: 196760739 ns
Total end-to-end search time: 201726923 ns
Total end-to-end search time: 173588233 ns
Total end-to-end search time: 192512589 ns
Total end-to-end search time: 191054828 ns
Total end-to-end search time: 184820078 ns
Total end-to-end search time: 202922833 ns
Total end-to-end search time: 186119637 ns
Total end-to-end search time: 192820536 ns
Query: 256, nThreads: 16, warmup: 8
====================================================================================================
(ns)
Load index... Graph level 5..
Total end-to-end search time: 196489915 ns
Total end-to-end search time: 201639678 ns
Total end-to-end search time: 172691584 ns
Total end-to-end search time: 192943777 ns
Total end-to-end search time: 191229978 ns
Total end-to-end search time: 185141226 ns
Total end-to-end search time: 203505086 ns
Total end-to-end search time: 186285840 ns
Total end-to-end search time: 192575186 ns
Query: 256, nThreads: 16, warmup: 8
====================================================================================================
(ns)
Load index... Graph level 5..
Total end-to-end search time: 196363326 ns
Total end-to-end search time: 202041982 ns
Total end-to-end search time: 173082849 ns
Total end-to-end search time: 192924084 ns
Total end-to-end search time: 191509921 ns
Total end-to-end search time: 185466697 ns
Total end-to-end search time: 203397603 ns
Total end-to-end search time: 186145386 ns
Total end-to-end search time: 193006198 ns
Query: 256, nThreads: 16, warmup: 8
====================================================================================================
(ns)
Load index... Graph level 5..
Total end-to-end search time: 196429303 ns
Total end-to-end search time: 201593780 ns
Total end-to-end search time: 173503989 ns
Total end-to-end search time: 192756850 ns
Total end-to-end search time: 190858664 ns
Total end-to-end search time: 185484176 ns
Total end-to-end search time: 203303334 ns
Total end-to-end search time: 186129340 ns
Total end-to-end search time: 193114198 ns
Query: 256, nThreads: 16, warmup: 8
====================================================================================================
(ns)
Load index... Graph level 5..
Total end-to-end search time: 196910758 ns
Total end-to-end search time: 201753882 ns
Total end-to-end search time: 172844845 ns
Total end-to-end search time: 192443516 ns
Total end-to-end search time: 191256076 ns
Total end-to-end search time: 185052192 ns
Total end-to-end search time: 203166119 ns
Total end-to-end search time: 186155067 ns
Total end-to-end search time: 192531923 ns
Query: 256, nThreads: 16, warmup: 8
====================================================================================================
(ns)
Load index... Graph level 5..
Total end-to-end search time: 196457247 ns
Total end-to-end search time: 201821826 ns
Total end-to-end search time: 172941853 ns
Total end-to-end search time: 192473584 ns
Total end-to-end search time: 191123574 ns
Total end-to-end search time: 185415913 ns
Total end-to-end search time: 203089679 ns
Total end-to-end search time: 185748669 ns
Total end-to-end search time: 192893410 ns
Query: 256, nThreads: 16, warmup: 8
====================================================================================================
(ns)
Load index... Graph level 5..
Total end-to-end search time: 196694620 ns
Total end-to-end search time: 201848288 ns
Total end-to-end search time: 173497646 ns
Total end-to-end search time: 192083718 ns
Total end-to-end search time: 191430477 ns
Total end-to-end search time: 185508143 ns
Total end-to-end search time: 203357931 ns
Total end-to-end search time: 186092614 ns
Total end-to-end search time: 192456354 ns
Query: 256, nThreads: 16, warmup: 8
====================================================================================================
(ns)
Load index... Graph level 5..
Total end-to-end search time: 197528975 ns
Total end-to-end search time: 202158176 ns
Total end-to-end search time: 173697906 ns
Total end-to-end search time: 193165362 ns
Total end-to-end search time: 191524873 ns
Total end-to-end search time: 185609444 ns
Total end-to-end search time: 203754422 ns
Total end-to-end search time: 186169441 ns
Total end-to-end search time: 192902974 ns
Query: 256, nThreads: 16, warmup: 8
====================================================================================================
(ns)
Load index... Graph level 5..
Total end-to-end search time: 196713224 ns
Total end-to-end search time: 201658340 ns
Total end-to-end search time: 173129567 ns
Total end-to-end search time: 192435927 ns
Total end-to-end search time: 190852552 ns
Total end-to-end search time: 185282923 ns
Total end-to-end search time: 203189162 ns
Total end-to-end search time: 186098864 ns
Total end-to-end search time: 192810949 ns
Query: 256, nThreads: 16, warmup: 8
====================================================================================================
(ns)
Load index... Graph level 5..
Total end-to-end search time: 196504264 ns
Total end-to-end search time: 202095780 ns
Total end-to-end search time: 173097636 ns
Total end-to-end search time: 192819915 ns
Total end-to-end search time: 191446259 ns
Total end-to-end search time: 185277566 ns
Total end-to-end search time: 203008512 ns
Total end-to-end search time: 185511532 ns
Total end-to-end search time: 192736816 ns
Query: 256, nThreads: 16, warmup: 8
====================================================================================================
(ns)
Load index... Graph level 5..
Total end-to-end search time: 197022294 ns
Total end-to-end search time: 201927295 ns
Total end-to-end search time: 172862299 ns
Total end-to-end search time: 192960130 ns
Total end-to-end search time: 191746771 ns
Total end-to-end search time: 185537824 ns
Total end-to-end search time: 203425037 ns
Total end-to-end search time: 186089218 ns
Total end-to-end search time: 192986202 ns
Query: 256, nThreads: 16, warmup: 8
====================================================================================================
(ns)
Load index... Graph level 5..
Total end-to-end search time: 196939912 ns
Total end-to-end search time: 202437781 ns
Total end-to-end search time: 173104128 ns
Total end-to-end search time: 192260064 ns
Total end-to-end search time: 191890973 ns
Total end-to-end search time: 185789316 ns
Total end-to-end search time: 202872136 ns
Total end-to-end search time: 185845048 ns
Total end-to-end search time: 192758203 ns
Query: 256, nThreads: 16, warmup: 8
====================================================================================================
(ns)
Load index... Graph level 5..
Total end-to-end search time: 197397167 ns
Total end-to-end search time: 202759430 ns
Total end-to-end search time: 173590184 ns
Total end-to-end search time: 192947151 ns
Total end-to-end search time: 191812293 ns
Total end-to-end search time: 185185309 ns
Total end-to-end search time: 203679678 ns
Total end-to-end search time: 186097224 ns
Total end-to-end search time: 192509719 ns
Query: 256, nThreads: 16, warmup: 8
====================================================================================================
(ns)
Load index... Graph level 5..
Total end-to-end search time: 196930482 ns
Total end-to-end search time: 201686548 ns
Total end-to-end search time: 173211151 ns
Total end-to-end search time: 192578912 ns
Total end-to-end search time: 191305685 ns
Total end-to-end search time: 185096713 ns
Total end-to-end search time: 203278271 ns
Total end-to-end search time: 185940042 ns
Total end-to-end search time: 192960105 ns
Query: 256, nThreads: 16, warmup: 8
====================================================================================================
(ns)
Load index... Graph level 5..
Total end-to-end search time: 196842861 ns
Total end-to-end search time: 201893353 ns
Total end-to-end search time: 172990386 ns
Total end-to-end search time: 192460946 ns
Total end-to-end search time: 191186733 ns
Total end-to-end search time: 185481485 ns
Total end-to-end search time: 203585556 ns
Total end-to-end search time: 185897100 ns
Total end-to-end search time: 192908105 ns
Query: 256, nThreads: 16, warmup: 8
====================================================================================================
(ns)
Load index... Graph level 5..
Total end-to-end search time: 197321542 ns
Total end-to-end search time: 202394089 ns
Total end-to-end search time: 173236706 ns
Total end-to-end search time: 192940241 ns
Total end-to-end search time: 191377785 ns
Total end-to-end search time: 185578568 ns
Total end-to-end search time: 203070474 ns
Total end-to-end search time: 185793268 ns
Total end-to-end search time: 192848957 ns
Query: 256, nThreads: 16, warmup: 8
====================================================================================================
(ns)
Load index... Graph level 5..
Total end-to-end search time: 197077318 ns
Total end-to-end search time: 202305374 ns
Total end-to-end search time: 173270509 ns
Total end-to-end search time: 192732702 ns
Total end-to-end search time: 191444786 ns
Total end-to-end search time: 185134578 ns
Total end-to-end search time: 203322832 ns
Total end-to-end search time: 186473342 ns
Total end-to-end search time: 193476148 ns
Query: 256, nThreads: 16, warmup: 8
====================================================================================================
(ns)
Load index... Graph level 5..
Total end-to-end search time: 196839780 ns
Total end-to-end search time: 202064184 ns
Total end-to-end search time: 173035448 ns
Total end-to-end search time: 192039408 ns
Total end-to-end search time: 190802683 ns
Total end-to-end search time: 185448047 ns
Total end-to-end search time: 203028672 ns
Total end-to-end search time: 185953153 ns
Total end-to-end search time: 192746191 ns
