Query: 256, nThreads: 4, warmup: 8
====================================================================================================
(ns)
Load index... Graph level 5..
Total end-to-end search time: 185786571 ns
Total end-to-end search time: 197632402 ns
Total end-to-end search time: 169141350 ns
Total end-to-end search time: 188365149 ns
Total end-to-end search time: 187037585 ns
Total end-to-end search time: 181393600 ns
Total end-to-end search time: 199551327 ns
Total end-to-end search time: 182899957 ns
Total end-to-end search time: 189268620 ns
Query: 256, nThreads: 4, warmup: 8
====================================================================================================
(ns)
Load index... Graph level 5..
Total end-to-end search time: 185858239 ns
Total end-to-end search time: 197069983 ns
Total end-to-end search time: 169254569 ns
Total end-to-end search time: 189148931 ns
Total end-to-end search time: 187340300 ns
Total end-to-end search time: 181079036 ns
Total end-to-end search time: 198632501 ns
Total end-to-end search time: 182238002 ns
Total end-to-end search time: 188545900 ns
Query: 256, nThreads: 4, warmup: 8
====================================================================================================
(ns)
Load index... Graph level 5..
Total end-to-end search time: 186327372 ns
Total end-to-end search time: 197661327 ns
Total end-to-end search time: 168917739 ns
Total end-to-end search time: 188201096 ns
Total end-to-end search time: 186922121 ns
Total end-to-end search time: 181384645 ns
Total end-to-end search time: 198651575 ns
Total end-to-end search time: 181823208 ns
Total end-to-end search time: 189343462 ns
Query: 256, nThreads: 4, warmup: 8
====================================================================================================
(ns)
Load index... Graph level 5..
Total end-to-end search time: 185868165 ns
Total end-to-end search time: 197447691 ns
Total end-to-end search time: 169238681 ns
Total end-to-end search time: 188406740 ns
Total end-to-end search time: 186936504 ns
Total end-to-end search time: 181139749 ns
Total end-to-end search time: 198800928 ns
Total end-to-end search time: 182206074 ns
Total end-to-end search time: 188716754 ns
Query: 256, nThreads: 4, warmup: 8
====================================================================================================
(ns)
Load index... Graph level 5..
Total end-to-end search time: 185645085 ns
Total end-to-end search time: 197483893 ns
Total end-to-end search time: 169583472 ns
Total end-to-end search time: 188907005 ns
Total end-to-end search time: 186936320 ns
Total end-to-end search time: 181827933 ns
Total end-to-end search time: 198905583 ns
Total end-to-end search time: 182134500 ns
Total end-to-end search time: 188925782 ns
Query: 256, nThreads: 4, warmup: 8
====================================================================================================
(ns)
Load index... Graph level 5..
Total end-to-end search time: 185574180 ns
Total end-to-end search time: 197182041 ns
Total end-to-end search time: 169227157 ns
Total end-to-end search time: 188344115 ns
Total end-to-end search time: 187280484 ns
Total end-to-end search time: 181514011 ns
Total end-to-end search time: 199117407 ns
Total end-to-end search time: 181856230 ns
Total end-to-end search time: 188678148 ns
Query: 256, nThreads: 4, warmup: 8
====================================================================================================
(ns)
Load index... Graph level 5..
Total end-to-end search time: 186030554 ns
Total end-to-end search time: 197594867 ns
Total end-to-end search time: 169112180 ns
Total end-to-end search time: 189296484 ns
Total end-to-end search time: 187177340 ns
Total end-to-end search time: 181498319 ns
Total end-to-end search time: 199021904 ns
Total end-to-end search time: 182515689 ns
Total end-to-end search time: 188805032 ns
Query: 256, nThreads: 4, warmup: 8
====================================================================================================
(ns)
Load index... Graph level 5..
Total end-to-end search time: 186166519 ns
Total end-to-end search time: 197444449 ns
Total end-to-end search time: 169456323 ns
Total end-to-end search time: 188675055 ns
Total end-to-end search time: 187539627 ns
Total end-to-end search time: 181609626 ns
Total end-to-end search time: 199101137 ns
Total end-to-end search time: 182975182 ns
Total end-to-end search time: 188684183 ns
Query: 256, nThreads: 4, warmup: 8
====================================================================================================
(ns)
Load index... Graph level 5..
Total end-to-end search time: 186112447 ns
Total end-to-end search time: 197847290 ns
Total end-to-end search time: 169498712 ns
Total end-to-end search time: 188612026 ns
Total end-to-end search time: 187035555 ns
Total end-to-end search time: 181256197 ns
Total end-to-end search time: 199132696 ns
Total end-to-end search time: 182073380 ns
Total end-to-end search time: 188769312 ns
Query: 256, nThreads: 4, warmup: 8
====================================================================================================
(ns)
Load index... Graph level 5..
Total end-to-end search time: 185940451 ns
Total end-to-end search time: 197092653 ns
Total end-to-end search time: 169003319 ns
Total end-to-end search time: 188193806 ns
Total end-to-end search time: 187216374 ns
Total end-to-end search time: 182167986 ns
Total end-to-end search time: 198545204 ns
Total end-to-end search time: 182089639 ns
Total end-to-end search time: 188669778 ns
Query: 256, nThreads: 4, warmup: 8
====================================================================================================
(ns)
Load index... Graph level 5..
Total end-to-end search time: 185712156 ns
Total end-to-end search time: 198042482 ns
Total end-to-end search time: 169267904 ns
Total end-to-end search time: 188296153 ns
Total end-to-end search time: 187411290 ns
Total end-to-end search time: 181228664 ns
Total end-to-end search time: 199279915 ns
Total end-to-end search time: 182623080 ns
Total end-to-end search time: 188754808 ns
Query: 256, nThreads: 4, warmup: 8
====================================================================================================
(ns)
Load index... Graph level 5..
Total end-to-end search time: 185850100 ns
Total end-to-end search time: 197198593 ns
Total end-to-end search time: 169056568 ns
Total end-to-end search time: 188678599 ns
Total end-to-end search time: 187235378 ns
Total end-to-end search time: 181418480 ns
Total end-to-end search time: 198933308 ns
Total end-to-end search time: 182029472 ns
Total end-to-end search time: 188756587 ns
Query: 256, nThreads: 4, warmup: 8
====================================================================================================
(ns)
Load index... Graph level 5..
Total end-to-end search time: 186515086 ns
Total end-to-end search time: 197228133 ns
Total end-to-end search time: 169218134 ns
Total end-to-end search time: 189251322 ns
Total end-to-end search time: 187700746 ns
Total end-to-end search time: 181063815 ns
Total end-to-end search time: 198839683 ns
Total end-to-end search time: 181927980 ns
Total end-to-end search time: 188783484 ns
Query: 256, nThreads: 4, warmup: 8
====================================================================================================
(ns)
Load index... Graph level 5..
Total end-to-end search time: 186294780 ns
Total end-to-end search time: 197285651 ns
Total end-to-end search time: 169494543 ns
Total end-to-end search time: 188751018 ns
Total end-to-end search time: 187824633 ns
Total end-to-end search time: 181620200 ns
Total end-to-end search time: 198898139 ns
Total end-to-end search time: 182590696 ns
Total end-to-end search time: 188975100 ns
Query: 256, nThreads: 4, warmup: 8
====================================================================================================
(ns)
Load index... Graph level 5..
Total end-to-end search time: 185492172 ns
Total end-to-end search time: 197448916 ns
Total end-to-end search time: 169377292 ns
Total end-to-end search time: 188481683 ns
Total end-to-end search time: 187100071 ns
Total end-to-end search time: 181278071 ns
Total end-to-end search time: 199043986 ns
Total end-to-end search time: 182354023 ns
Total end-to-end search time: 188661020 ns
Query: 256, nThreads: 4, warmup: 8
====================================================================================================
(ns)
Load index... Graph level 5..
Total end-to-end search time: 186006915 ns
Total end-to-end search time: 197256434 ns
Total end-to-end search time: 169276363 ns
Total end-to-end search time: 188895312 ns
Total end-to-end search time: 187070600 ns
Total end-to-end search time: 181576006 ns
Total end-to-end search time: 198536876 ns
Total end-to-end search time: 181977795 ns
Total end-to-end search time: 188274654 ns
Query: 256, nThreads: 4, warmup: 8
====================================================================================================
(ns)
Load index... Graph level 5..
Total end-to-end search time: 186253315 ns
Total end-to-end search time: 197458956 ns
Total end-to-end search time: 169359801 ns
Total end-to-end search time: 188277445 ns
Total end-to-end search time: 187147540 ns
Total end-to-end search time: 181093399 ns
Total end-to-end search time: 199270578 ns
Total end-to-end search time: 182100695 ns
Total end-to-end search time: 189081200 ns
Query: 256, nThreads: 4, warmup: 8
====================================================================================================
(ns)
Load index... Graph level 5..
Total end-to-end search time: 186294048 ns
Total end-to-end search time: 197786359 ns
Total end-to-end search time: 169205071 ns
Total end-to-end search time: 188386026 ns
Total end-to-end search time: 187257389 ns
Total end-to-end search time: 181674326 ns
Total end-to-end search time: 199281756 ns
Total end-to-end search time: 182574446 ns
Total end-to-end search time: 188907439 ns
Query: 256, nThreads: 4, warmup: 8
====================================================================================================
(ns)
Load index... Graph level 5..
Total end-to-end search time: 185693267 ns
Total end-to-end search time: 197188596 ns
Total end-to-end search time: 169176901 ns
Total end-to-end search time: 188498081 ns
Total end-to-end search time: 187194378 ns
Total end-to-end search time: 181323822 ns
Total end-to-end search time: 198913969 ns
Total end-to-end search time: 181808259 ns
Total end-to-end search time: 189088938 ns
Query: 256, nThreads: 4, warmup: 8
====================================================================================================
(ns)
Load index... Graph level 5..
Total end-to-end search time: 185988651 ns
Total end-to-end search time: 197301320 ns
Total end-to-end search time: 169446342 ns
Total end-to-end search time: 189236594 ns
Total end-to-end search time: 187755466 ns
Total end-to-end search time: 181433548 ns
Total end-to-end search time: 198935602 ns
Total end-to-end search time: 182236725 ns
Total end-to-end search time: 189287299 ns
Query: 256, nThreads: 4, warmup: 8
====================================================================================================
(ns)
Load index... Graph level 5..
Total end-to-end search time: 186298390 ns
Total end-to-end search time: 197303411 ns
Total end-to-end search time: 169261999 ns
Total end-to-end search time: 188918610 ns
Total end-to-end search time: 187228905 ns
Total end-to-end search time: 181145517 ns
Total end-to-end search time: 199002061 ns
Total end-to-end search time: 182705638 ns
Total end-to-end search time: 189221188 ns
Query: 256, nThreads: 4, warmup: 8
====================================================================================================
(ns)
Load index... Graph level 5..
Total end-to-end search time: 185948355 ns
Total end-to-end search time: 197555120 ns
Total end-to-end search time: 169652256 ns
Total end-to-end search time: 188201094 ns
Total end-to-end search time: 186946836 ns
Total end-to-end search time: 181692519 ns
Total end-to-end search time: 198942654 ns
Total end-to-end search time: 182270085 ns
Total end-to-end search time: 189290089 ns
Query: 256, nThreads: 4, warmup: 8
====================================================================================================
(ns)
Load index... Graph level 5..
Total end-to-end search time: 185575906 ns
Total end-to-end search time: 197179371 ns
Total end-to-end search time: 169079635 ns
Total end-to-end search time: 188621271 ns
Total end-to-end search time: 187771640 ns
Total end-to-end search time: 181416286 ns
Total end-to-end search time: 199289869 ns
Total end-to-end search time: 182030666 ns
Total end-to-end search time: 189247307 ns
Query: 256, nThreads: 4, warmup: 8
====================================================================================================
(ns)
Load index... Graph level 5..
Total end-to-end search time: 186101781 ns
Total end-to-end search time: 197628490 ns
Total end-to-end search time: 169674410 ns
Total end-to-end search time: 188789607 ns
Total end-to-end search time: 187520925 ns
Total end-to-end search time: 181416367 ns
Total end-to-end search time: 199602638 ns
Total end-to-end search time: 182493825 ns
Total end-to-end search time: 188678646 ns
Query: 256, nThreads: 4, warmup: 8
====================================================================================================
(ns)
Load index... Graph level 5..
Total end-to-end search time: 185754105 ns
Total end-to-end search time: 197744960 ns
Total end-to-end search time: 169080583 ns
Total end-to-end search time: 188422218 ns
Total end-to-end search time: 187481521 ns
Total end-to-end search time: 181085769 ns
Total end-to-end search time: 198918224 ns
Total end-to-end search time: 182019075 ns
Total end-to-end search time: 188457902 ns
Query: 256, nThreads: 4, warmup: 8
====================================================================================================
(ns)
Load index... Graph level 5..
Total end-to-end search time: 185828451 ns
Total end-to-end search time: 197129006 ns
Total end-to-end search time: 169568224 ns
Total end-to-end search time: 189016314 ns
Total end-to-end search time: 187308097 ns
Total end-to-end search time: 181758490 ns
Total end-to-end search time: 199170387 ns
Total end-to-end search time: 181916796 ns
Total end-to-end search time: 189036957 ns
Query: 256, nThreads: 4, warmup: 8
====================================================================================================
(ns)
Load index... Graph level 5..
Total end-to-end search time: 186226266 ns
Total end-to-end search time: 197254323 ns
Total end-to-end search time: 169203941 ns
Total end-to-end search time: 188429358 ns
Total end-to-end search time: 187563987 ns
Total end-to-end search time: 181592125 ns
Total end-to-end search time: 199097660 ns
Total end-to-end search time: 181995406 ns
Total end-to-end search time: 188440155 ns
Query: 256, nThreads: 4, warmup: 8
====================================================================================================
(ns)
Load index... Graph level 5..
Total end-to-end search time: 186077140 ns
Total end-to-end search time: 197107529 ns
Total end-to-end search time: 169635736 ns
Total end-to-end search time: 188545788 ns
Total end-to-end search time: 186853353 ns
Total end-to-end search time: 181130653 ns
Total end-to-end search time: 198788487 ns
Total end-to-end search time: 181866890 ns
Total end-to-end search time: 188634347 ns
Query: 256, nThreads: 4, warmup: 8
====================================================================================================
(ns)
Load index... Graph level 5..
Total end-to-end search time: 185713173 ns
Total end-to-end search time: 197599520 ns
Total end-to-end search time: 169527852 ns
Total end-to-end search time: 188971713 ns
Total end-to-end search time: 187468683 ns
Total end-to-end search time: 181169494 ns
Total end-to-end search time: 199073550 ns
Total end-to-end search time: 182961996 ns
Total end-to-end search time: 188861756 ns
Query: 256, nThreads: 4, warmup: 8
====================================================================================================
(ns)
Load index... Graph level 5..
Total end-to-end search time: 186025663 ns
Total end-to-end search time: 197259194 ns
Total end-to-end search time: 169003467 ns
Total end-to-end search time: 188631651 ns
Total end-to-end search time: 186867160 ns
Total end-to-end search time: 181461497 ns
Total end-to-end search time: 199050803 ns
Total end-to-end search time: 182252656 ns
Total end-to-end search time: 188573773 ns
