Query: 256, nThreads: 2, warmup: 8
====================================================================================================
(ns)
Load index... Graph level 5..
Total end-to-end search time: 183580300 ns
Total end-to-end search time: 196078117 ns
Total end-to-end search time: 167981757 ns
Total end-to-end search time: 187199460 ns
Total end-to-end search time: 185911965 ns
Total end-to-end search time: 180356734 ns
Total end-to-end search time: 197855383 ns
Total end-to-end search time: 181230030 ns
Total end-to-end search time: 187260424 ns
Query: 256, nThreads: 2, warmup: 8
====================================================================================================
(ns)
Load index... Graph level 5..
Total end-to-end search time: 183814603 ns
Total end-to-end search time: 195775097 ns
Total end-to-end search time: 167660918 ns
Total end-to-end search time: 187249592 ns
Total end-to-end search time: 185971211 ns
Total end-to-end search time: 180310999 ns
Total end-to-end search time: 197504674 ns
Total end-to-end search time: 181181190 ns
Total end-to-end search time: 187651170 ns
Query: 256, nThreads: 2, warmup: 8
====================================================================================================
(ns)
Load index... Graph level 5..
Total end-to-end search time: 183514187 ns
Total end-to-end search time: 196001461 ns
Total end-to-end search time: 168459064 ns
Total end-to-end search time: 187383087 ns
Total end-to-end search time: 185927748 ns
Total end-to-end search time: 180360385 ns
Total end-to-end search time: 198638500 ns
Total end-to-end search time: 181612945 ns
Total end-to-end search time: 187721038 ns
Query: 256, nThreads: 2, warmup: 8
====================================================================================================
(ns)
Load index... Graph level 5..
Total end-to-end search time: 184018307 ns
Total end-to-end search time: 196166763 ns
Total end-to-end search time: 168086927 ns
Total end-to-end search time: 187668038 ns
Total end-to-end search time: 186175555 ns
Total end-to-end search time: 179731281 ns
Total end-to-end search time: 197794627 ns
Total end-to-end search time: 180951324 ns
Total end-to-end search time: 187541973 ns
Query: 256, nThreads: 2, warmup: 8
====================================================================================================
(ns)
Load index... Graph level 5..
Total end-to-end search time: 183689073 ns
Total end-to-end search time: 196073280 ns
Total end-to-end search time: 167753750 ns
Total end-to-end search time: 187265990 ns
Total end-to-end search time: 186419764 ns
Total end-to-end search time: 180473336 ns
Total end-to-end search time: 197845424 ns
Total end-to-end search time: 180794935 ns
Total end-to-end search time: 188034801 ns
Query: 256, nThreads: 2, warmup: 8
====================================================================================================
(ns)
Load index... Graph level 5..
Total end-to-end search time: 183918952 ns
Total end-to-end search time: 196585041 ns
Total end-to-end search time: 168165783 ns
Total end-to-end search time: 187878121 ns
Total end-to-end search time: 186086046 ns
Total end-to-end search time: 180107949 ns
Total end-to-end search time: 197791863 ns
Total end-to-end search time: 181729632 ns
Total end-to-end search time: 187559847 ns
Query: 256, nThreads: 2, warmup: 8
====================================================================================================
(ns)
Load index... Graph level 5..
Total end-to-end search time: 183936623 ns
Total end-to-end search time: 195947893 ns
Total end-to-end search time: 168197207 ns
Total end-to-end search time: 187692331 ns
Total end-to-end search time: 185951332 ns
Total end-to-end search time: 180321175 ns
Total end-to-end search time: 198393877 ns
Total end-to-end search time: 181462074 ns
Total end-to-end search time: 188112377 ns
Query: 256, nThreads: 2, warmup: 8
====================================================================================================
(ns)
Load index... Graph level 5..
Total end-to-end search time: 183988716 ns
Total end-to-end search time: 195975845 ns
Total end-to-end search time: 167807631 ns
Total end-to-end search time: 187168942 ns
Total end-to-end search time: 185994686 ns
Total end-to-end search time: 180464948 ns
Total end-to-end search time: 197715357 ns
Total end-to-end search time: 180741093 ns
Total end-to-end search time: 187402161 ns
Query: 256, nThreads: 2, warmup: 8
====================================================================================================
(ns)
Load index... Graph level 5..
Total end-to-end search time: 183705438 ns
Total end-to-end search time: 195733428 ns
Total end-to-end search time: 167875406 ns
Total end-to-end search time: 187399130 ns
Total end-to-end search time: 186468793 ns
Total end-to-end search time: 180303019 ns
Total end-to-end search time: 197678740 ns
Total end-to-end search time: 180886991 ns
Total end-to-end search time: 187695842 ns
Query: 256, nThreads: 2, warmup: 8
====================================================================================================
(ns)
Load index... Graph level 5..
Total end-to-end search time: 183953748 ns
Total end-to-end search time: 196735285 ns
Total end-to-end search time: 168725259 ns
Total end-to-end search time: 187255567 ns
Total end-to-end search time: 186568066 ns
Total end-to-end search time: 180391176 ns
Total end-to-end search time: 197621511 ns
Total end-to-end search time: 181221319 ns
Total end-to-end search time: 187874483 ns
Query: 256, nThreads: 2, warmup: 8
====================================================================================================
(ns)
Load index... Graph level 5..
Total end-to-end search time: 183668540 ns
Total end-to-end search time: 195953284 ns
Total end-to-end search time: 167983761 ns
Total end-to-end search time: 187573519 ns
Total end-to-end search time: 186056118 ns
Total end-to-end search time: 180484033 ns
Total end-to-end search time: 197820434 ns
Total end-to-end search time: 180982567 ns
Total end-to-end search time: 188049783 ns
Query: 256, nThreads: 2, warmup: 8
====================================================================================================
(ns)
Load index... Graph level 5..
Total end-to-end search time: 183591510 ns
Total end-to-end search time: 195753273 ns
Total end-to-end search time: 168234559 ns
Total end-to-end search time: 187360903 ns
Total end-to-end search time: 185466786 ns
Total end-to-end search time: 179905814 ns
Total end-to-end search time: 198092888 ns
Total end-to-end search time: 180904291 ns
Total end-to-end search time: 187492838 ns
Query: 256, nThreads: 2, warmup: 8
====================================================================================================
(ns)
Load index... Graph level 5..
Total end-to-end search time: 183392126 ns
Total end-to-end search time: 195827381 ns
Total end-to-end search time: 168010420 ns
Total end-to-end search time: 187956263 ns
Total end-to-end search time: 186091627 ns
Total end-to-end search time: 180326703 ns
Total end-to-end search time: 197841413 ns
Total end-to-end search time: 180609427 ns
Total end-to-end search time: 187364014 ns
Query: 256, nThreads: 2, warmup: 8
====================================================================================================
(ns)
Load index... Graph level 5..
Total end-to-end search time: 183638520 ns
Total end-to-end search time: 196542134 ns
Total end-to-end search time: 168070743 ns
Total end-to-end search time: 187967377 ns
Total end-to-end search time: 185801666 ns
Total end-to-end search time: 180117834 ns
Total end-to-end search time: 197439559 ns
Total end-to-end search time: 180679539 ns
Total end-to-end search time: 187887193 ns
Query: 256, nThreads: 2, warmup: 8
====================================================================================================
(ns)
Load index... Graph level 5..
Total end-to-end search time: 183478731 ns
Total end-to-end search time: 195909864 ns
Total end-to-end search time: 168214007 ns
Total end-to-end search time: 187274699 ns
Total end-to-end search time: 186646384 ns
Total end-to-end search time: 180622625 ns
Total end-to-end search time: 198235774 ns
Total end-to-end search time: 180820065 ns
Total end-to-end search time: 187462000 ns
Query: 256, nThreads: 2, warmup: 8
====================================================================================================
(ns)
Load index... Graph level 5..
Total end-to-end search time: 183632661 ns
Total end-to-end search time: 196018739 ns
Total end-to-end search time: 168036793 ns
Total end-to-end search time: 187662996 ns
Total end-to-end search time: 186710265 ns
Total end-to-end search time: 180330860 ns
Total end-to-end search time: 198151125 ns
Total end-to-end search time: 181300364 ns
Total end-to-end search time: 187912297 ns
Query: 256, nThreads: 2, warmup: 8
====================================================================================================
(ns)
Load index... Graph level 5..
Total end-to-end search time: 183077158 ns
Total end-to-end search time: 195877493 ns
Total end-to-end search time: 168249025 ns
Total end-to-end search time: 186947029 ns
Total end-to-end search time: 185861794 ns
Total end-to-end search time: 180425953 ns
Total end-to-end search time: 197868662 ns
Total end-to-end search time: 181537137 ns
Total end-to-end search time: 187544086 ns
Query: 256, nThreads: 2, warmup: 8
====================================================================================================
(ns)
Load index... Graph level 5..
Total end-to-end search time: 183821812 ns
Total end-to-end search time: 195735619 ns
Total end-to-end search time: 168041886 ns
Total end-to-end search time: 187864672 ns
Total end-to-end search time: 186235238 ns
Total end-to-end search time: 180135789 ns
Total end-to-end search time: 197673446 ns
Total end-to-end search time: 180903980 ns
Total end-to-end search time: 187856273 ns
Query: 256, nThreads: 2, warmup: 8
====================================================================================================
(ns)
Load index... Graph level 5..
Total end-to-end search time: 184052410 ns
Total end-to-end search time: 195859694 ns
Total end-to-end search time: 168389059 ns
Total end-to-end search time: 187738277 ns
Total end-to-end search time: 185915867 ns
Total end-to-end search time: 180777241 ns
Total end-to-end search time: 197271600 ns
Total end-to-end search time: 181083193 ns
Total end-to-end search time: 188291788 ns
Query: 256, nThreads: 2, warmup: 8
====================================================================================================
(ns)
Load index... Graph level 5..
Total end-to-end search time: 183621311 ns
Total end-to-end search time: 196278076 ns
Total end-to-end search time: 167899793 ns
Total end-to-end search time: 187456080 ns
Total end-to-end search time: 186742520 ns
Total end-to-end search time: 180896516 ns
Total end-to-end search time: 197945327 ns
Total end-to-end search time: 181379579 ns
Total end-to-end search time: 187753429 ns
Query: 256, nThreads: 2, warmup: 8
====================================================================================================
(ns)
Load index... Graph level 5..
Total end-to-end search time: 183491997 ns
Total end-to-end search time: 195894420 ns
Total end-to-end search time: 167867346 ns
Total end-to-end search time: 187349558 ns
Total end-to-end search time: 185794486 ns
Total end-to-end search time: 179934035 ns
Total end-to-end search time: 197847510 ns
Total end-to-end search time: 181056964 ns
Total end-to-end search time: 187749892 ns
Query: 256, nThreads: 2, warmup: 8
====================================================================================================
(ns)
Load index... Graph level 5..
Total end-to-end search time: 183888212 ns
Total end-to-end search time: 195959666 ns
Total end-to-end search time: 168201189 ns
Total end-to-end search time: 187984518 ns
Total end-to-end search time: 186434285 ns
Total end-to-end search time: 179979099 ns
Total end-to-end search time: 197484846 ns
Total end-to-end search time: 180832901 ns
Total end-to-end search time: 187155126 ns
Query: 256, nThreads: 2, warmup: 8
====================================================================================================
(ns)
Load index... Graph level 5..
Total end-to-end search time: 183431140 ns
Total end-to-end search time: 196147363 ns
Total end-to-end search time: 167805449 ns
Total end-to-end search time: 187160222 ns
Total end-to-end search time: 185992609 ns
Total end-to-end search time: 180446076 ns
Total end-to-end search time: 197906212 ns
Total end-to-end search time: 181164412 ns
Total end-to-end search time: 187871891 ns
Query: 256, nThreads: 2, warmup: 8
====================================================================================================
(ns)
Load index... Graph level 5..
Total end-to-end search time: 183294981 ns
Total end-to-end search time: 195961612 ns
Total end-to-end search time: 167899608 ns
Total end-to-end search time: 187345189 ns
Total end-to-end search time: 186312900 ns
Total end-to-end search time: 180212822 ns
Total end-to-end search time: 198262250 ns
Total end-to-end search time: 181419101 ns
Total end-to-end search time: 187731326 ns
Query: 256, nThreads: 2, warmup: 8
====================================================================================================
(ns)
Load index... Graph level 5..
Total end-to-end search time: 182971737 ns
Total end-to-end search time: 195758083 ns
Total end-to-end search time: 168579564 ns
Total end-to-end search time: 187587291 ns
Total end-to-end search time: 186279031 ns
Total end-to-end search time: 180042087 ns
Total end-to-end search time: 197734310 ns
Total end-to-end search time: 181391842 ns
Total end-to-end search time: 187213784 ns
Query: 256, nThreads: 2, warmup: 8
====================================================================================================
(ns)
Load index... Graph level 5..
Total end-to-end search time: 183569887 ns
Total end-to-end search time: 195934908 ns
Total end-to-end search time: 167585817 ns
Total end-to-end search time: 187329851 ns
Total end-to-end search time: 185856113 ns
Total end-to-end search time: 180523852 ns
Total end-to-end search time: 197385301 ns
Total end-to-end search time: 180747373 ns
Total end-to-end search time: 187531941 ns
Query: 256, nThreads: 2, warmup: 8
====================================================================================================
(ns)
Load index... Graph level 5..
Total end-to-end search time: 183516383 ns
Total end-to-end search time: 195893453 ns
Total end-to-end search time: 168217365 ns
Total end-to-end search time: 187880356 ns
Total end-to-end search time: 186223228 ns
Total end-to-end search time: 180010243 ns
Total end-to-end search time: 198247557 ns
Total end-to-end search time: 181129267 ns
Total end-to-end search time: 187868257 ns
Query: 256, nThreads: 2, warmup: 8
====================================================================================================
(ns)
Load index... Graph level 5..
Total end-to-end search time: 184006978 ns
Total end-to-end search time: 195746630 ns
Total end-to-end search time: 168083943 ns
Total end-to-end search time: 187938677 ns
Total end-to-end search time: 186180149 ns
Total end-to-end search time: 180345119 ns
Total end-to-end search time: 197701376 ns
Total end-to-end search time: 180811921 ns
Total end-to-end search time: 187510514 ns
Query: 256, nThreads: 2, warmup: 8
====================================================================================================
(ns)
Load index... Graph level 5..
Total end-to-end search time: 183982162 ns
Total end-to-end search time: 195930458 ns
Total end-to-end search time: 168062518 ns
Total end-to-end search time: 187641008 ns
Total end-to-end search time: 185822127 ns
Total end-to-end search time: 180274544 ns
Total end-to-end search time: 197637336 ns
Total end-to-end search time: 181130904 ns
Total end-to-end search time: 187610413 ns
Query: 256, nThreads: 2, warmup: 8
====================================================================================================
(ns)
Load index... Graph level 5..
Total end-to-end search time: 183508468 ns
Total end-to-end search time: 196446388 ns
Total end-to-end search time: 168534621 ns
Total end-to-end search time: 187208980 ns
Total end-to-end search time: 186009360 ns
Total end-to-end search time: 180189036 ns
Total end-to-end search time: 197923775 ns
Total end-to-end search time: 181256079 ns
Total end-to-end search time: 187819492 ns
