Query: 32, nThreads: 4, warmup: 16
====================================================================================================
(ns)
Load index... Graph level 5..
Total end-to-end search time: 27289463 ns
Total end-to-end search time: 22199272 ns
Total end-to-end search time: 20050680 ns
Total end-to-end search time: 20549070 ns
Total end-to-end search time: 23618951 ns
Total end-to-end search time: 23895866 ns
Total end-to-end search time: 24256906 ns
Total end-to-end search time: 25395445 ns
Total end-to-end search time: 24936054 ns
Total end-to-end search time: 26595162 ns
Total end-to-end search time: 25719315 ns
Total end-to-end search time: 25631174 ns
Total end-to-end search time: 25974925 ns
Total end-to-end search time: 25799570 ns
Total end-to-end search time: 23044369 ns
Total end-to-end search time: 21510403 ns
Total end-to-end search time: 21438037 ns
Query: 32, nThreads: 4, warmup: 16
====================================================================================================
(ns)
Load index... Graph level 5..
Total end-to-end search time: 27231999 ns
Total end-to-end search time: 22137489 ns
Total end-to-end search time: 19968199 ns
Total end-to-end search time: 20645941 ns
Total end-to-end search time: 23639870 ns
Total end-to-end search time: 23952698 ns
Total end-to-end search time: 24346055 ns
Total end-to-end search time: 25344048 ns
Total end-to-end search time: 25070654 ns
Total end-to-end search time: 26669762 ns
Total end-to-end search time: 25674242 ns
Total end-to-end search time: 25677229 ns
Total end-to-end search time: 25872382 ns
Total end-to-end search time: 25628303 ns
Total end-to-end search time: 23107411 ns
Total end-to-end search time: 21384133 ns
Total end-to-end search time: 21437014 ns
Query: 32, nThreads: 4, warmup: 16
====================================================================================================
(ns)
Load index... Graph level 5..
Total end-to-end search time: 27424903 ns
Total end-to-end search time: 22084652 ns
Total end-to-end search time: 19994008 ns
Total end-to-end search time: 20599264 ns
Total end-to-end search time: 23605518 ns
Total end-to-end search time: 23790608 ns
Total end-to-end search time: 24185778 ns
Total end-to-end search time: 25525637 ns
Total end-to-end search time: 25073842 ns
Total end-to-end search time: 26698279 ns
Total end-to-end search time: 25783423 ns
Total end-to-end search time: 25618973 ns
Total end-to-end search time: 26002816 ns
Total end-to-end search time: 25690901 ns
Total end-to-end search time: 22989138 ns
Total end-to-end search time: 21408681 ns
Total end-to-end search time: 21430852 ns
Query: 32, nThreads: 4, warmup: 16
====================================================================================================
(ns)
Load index... Graph level 5..
Total end-to-end search time: 27377548 ns
Total end-to-end search time: 22216171 ns
Total end-to-end search time: 20049239 ns
Total end-to-end search time: 20583050 ns
Total end-to-end search time: 23518666 ns
Total end-to-end search time: 23905182 ns
Total end-to-end search time: 24190379 ns
Total end-to-end search time: 25489805 ns
Total end-to-end search time: 25020204 ns
Total end-to-end search time: 26654582 ns
Total end-to-end search time: 25784951 ns
Total end-to-end search time: 25722434 ns
Total end-to-end search time: 26068730 ns
Total end-to-end search time: 25789734 ns
Total end-to-end search time: 23128082 ns
Total end-to-end search time: 21515069 ns
Total end-to-end search time: 21567268 ns
Query: 32, nThreads: 4, warmup: 16
====================================================================================================
(ns)
Load index... Graph level 5..
Total end-to-end search time: 27095204 ns
Total end-to-end search time: 22143203 ns
Total end-to-end search time: 20013284 ns
Total end-to-end search time: 20730107 ns
Total end-to-end search time: 23850652 ns
Total end-to-end search time: 23908579 ns
Total end-to-end search time: 24328061 ns
Total end-to-end search time: 25479880 ns
Total end-to-end search time: 24910324 ns
Total end-to-end search time: 26708701 ns
Total end-to-end search time: 25801455 ns
Total end-to-end search time: 25764192 ns
Total end-to-end search time: 25904298 ns
Total end-to-end search time: 25618675 ns
Total end-to-end search time: 22970473 ns
Total end-to-end search time: 21481908 ns
Total end-to-end search time: 21446435 ns
Query: 32, nThreads: 4, warmup: 16
====================================================================================================
(ns)
Load index... Graph level 5..
Total end-to-end search time: 27299798 ns
Total end-to-end search time: 22227911 ns
Total end-to-end search time: 20078288 ns
Total end-to-end search time: 20672863 ns
Total end-to-end search time: 23833700 ns
Total end-to-end search time: 23993821 ns
Total end-to-end search time: 24197159 ns
Total end-to-end search time: 25351766 ns
Total end-to-end search time: 24976766 ns
Total end-to-end search time: 26505077 ns
Total end-to-end search time: 25674788 ns
Total end-to-end search time: 25626189 ns
Total end-to-end search time: 25847486 ns
Total end-to-end search time: 25707921 ns
Total end-to-end search time: 23023400 ns
Total end-to-end search time: 21459374 ns
Total end-to-end search time: 21433452 ns
Query: 32, nThreads: 4, warmup: 16
====================================================================================================
(ns)
Load index... Graph level 5..
Total end-to-end search time: 27415378 ns
Total end-to-end search time: 22227460 ns
Total end-to-end search time: 19991524 ns
Total end-to-end search time: 20596437 ns
Total end-to-end search time: 23769998 ns
Total end-to-end search time: 23991982 ns
Total end-to-end search time: 24264909 ns
Total end-to-end search time: 25414444 ns
Total end-to-end search time: 25143251 ns
Total end-to-end search time: 26487532 ns
Total end-to-end search time: 25712682 ns
Total end-to-end search time: 25636283 ns
Total end-to-end search time: 25811561 ns
Total end-to-end search time: 25622027 ns
Total end-to-end search time: 22959079 ns
Total end-to-end search time: 21383272 ns
Total end-to-end search time: 21411522 ns
Query: 32, nThreads: 4, warmup: 16
====================================================================================================
(ns)
Load index... Graph level 5..
Total end-to-end search time: 27136881 ns
Total end-to-end search time: 22121660 ns
Total end-to-end search time: 20024917 ns
Total end-to-end search time: 20630353 ns
Total end-to-end search time: 23592542 ns
Total end-to-end search time: 24122889 ns
Total end-to-end search time: 24287880 ns
Total end-to-end search time: 25443739 ns
Total end-to-end search time: 24916005 ns
Total end-to-end search time: 26529339 ns
Total end-to-end search time: 25678459 ns
Total end-to-end search time: 25527534 ns
Total end-to-end search time: 25813955 ns
Total end-to-end search time: 25659285 ns
Total end-to-end search time: 23004671 ns
Total end-to-end search time: 21504311 ns
Total end-to-end search time: 21453778 ns
Query: 32, nThreads: 4, warmup: 16
====================================================================================================
(ns)
Load index... Graph level 5..
Total end-to-end search time: 27294713 ns
Total end-to-end search time: 22102670 ns
Total end-to-end search time: 20098383 ns
Total end-to-end search time: 20722652 ns
Total end-to-end search time: 23796684 ns
Total end-to-end search time: 24030874 ns
Total end-to-end search time: 24258845 ns
Total end-to-end search time: 25394197 ns
Total end-to-end search time: 24953523 ns
Total end-to-end search time: 26493725 ns
Total end-to-end search time: 25637973 ns
Total end-to-end search time: 25643878 ns
Total end-to-end search time: 25968287 ns
Total end-to-end search time: 25892914 ns
Total end-to-end search time: 23045507 ns
Total end-to-end search time: 21391221 ns
Total end-to-end search time: 21392813 ns
Query: 32, nThreads: 4, warmup: 16
====================================================================================================
(ns)
Load index... Graph level 5..
Total end-to-end search time: 27206555 ns
Total end-to-end search time: 22190549 ns
Total end-to-end search time: 19958065 ns
Total end-to-end search time: 20597898 ns
Total end-to-end search time: 23654524 ns
Total end-to-end search time: 23887506 ns
Total end-to-end search time: 24233511 ns
Total end-to-end search time: 25423605 ns
Total end-to-end search time: 24989091 ns
Total end-to-end search time: 26517027 ns
Total end-to-end search time: 25719019 ns
Total end-to-end search time: 25622967 ns
Total end-to-end search time: 25973936 ns
Total end-to-end search time: 25794546 ns
Total end-to-end search time: 23052965 ns
Total end-to-end search time: 21371893 ns
Total end-to-end search time: 21418208 ns
Query: 32, nThreads: 4, warmup: 16
====================================================================================================
(ns)
Load index... Graph level 5..
Total end-to-end search time: 27451145 ns
Total end-to-end search time: 22277674 ns
Total end-to-end search time: 20018502 ns
Total end-to-end search time: 20701212 ns
Total end-to-end search time: 23774160 ns
Total end-to-end search time: 24003575 ns
Total end-to-end search time: 24336406 ns
Total end-to-end search time: 25386084 ns
Total end-to-end search time: 24997822 ns
Total end-to-end search time: 26548357 ns
Total end-to-end search time: 25676539 ns
Total end-to-end search time: 25652009 ns
Total end-to-end search time: 25970119 ns
Total end-to-end search time: 25754943 ns
Total end-to-end search time: 23046235 ns
Total end-to-end search time: 21541119 ns
Total end-to-end search time: 21433655 ns
Query: 32, nThreads: 4, warmup: 16
====================================================================================================
(ns)
Load index... Graph level 5..
Total end-to-end search time: 27230550 ns
Total end-to-end search time: 22137793 ns
Total end-to-end search time: 20163208 ns
Total end-to-end search time: 20573373 ns
Total end-to-end search time: 23619825 ns
Total end-to-end search time: 23865799 ns
Total end-to-end search time: 24316074 ns
Total end-to-end search time: 25485438 ns
Total end-to-end search time: 24968388 ns
Total end-to-end search time: 26580577 ns
Total end-to-end search time: 25730269 ns
Total end-to-end search time: 25708173 ns
Total end-to-end search time: 25912014 ns
Total end-to-end search time: 25651745 ns
Total end-to-end search time: 22995984 ns
Total end-to-end search time: 21442639 ns
Total end-to-end search time: 21603983 ns
Query: 32, nThreads: 4, warmup: 16
====================================================================================================
(ns)
Load index... Graph level 5..
Total end-to-end search time: 27223316 ns
Total end-to-end search time: 22186195 ns
Total end-to-end search time: 20093773 ns
Total end-to-end search time: 20661395 ns
Total end-to-end search time: 23789472 ns
Total end-to-end search time: 24010557 ns
Total end-to-end search time: 24327832 ns
Total end-to-end search time: 25395836 ns
Total end-to-end search time: 24995968 ns
Total end-to-end search time: 26562950 ns
Total end-to-end search time: 25747578 ns
Total end-to-end search time: 25705241 ns
Total end-to-end search time: 26025686 ns
Total end-to-end search time: 25800880 ns
Total end-to-end search time: 22965375 ns
Total end-to-end search time: 21387363 ns
Total end-to-end search time: 21447898 ns
Query: 32, nThreads: 4, warmup: 16
====================================================================================================
(ns)
Load index... Graph level 5..
Total end-to-end search time: 27384643 ns
Total end-to-end search time: 22268704 ns
Total end-to-end search time: 20084407 ns
Total end-to-end search time: 20586855 ns
Total end-to-end search time: 23670603 ns
Total end-to-end search time: 23933520 ns
Total end-to-end search time: 24301359 ns
Total end-to-end search time: 25692953 ns
Total end-to-end search time: 25125412 ns
Total end-to-end search time: 26670967 ns
Total end-to-end search time: 25811265 ns
Total end-to-end search time: 25588723 ns
Total end-to-end search time: 25887416 ns
Total end-to-end search time: 25592923 ns
Total end-to-end search time: 22901036 ns
Total end-to-end search time: 21345766 ns
Total end-to-end search time: 21358215 ns
Query: 32, nThreads: 4, warmup: 16
====================================================================================================
(ns)
Load index... Graph level 5..
Total end-to-end search time: 27291212 ns
Total end-to-end search time: 22156847 ns
Total end-to-end search time: 20015067 ns
Total end-to-end search time: 20571330 ns
Total end-to-end search time: 23640097 ns
Total end-to-end search time: 23891758 ns
Total end-to-end search time: 24245635 ns
Total end-to-end search time: 25358699 ns
Total end-to-end search time: 24952807 ns
Total end-to-end search time: 26643258 ns
Total end-to-end search time: 25713310 ns
Total end-to-end search time: 25772223 ns
Total end-to-end search time: 25888522 ns
Total end-to-end search time: 25701285 ns
Total end-to-end search time: 22936210 ns
Total end-to-end search time: 21349842 ns
Total end-to-end search time: 21454541 ns
Query: 32, nThreads: 4, warmup: 16
====================================================================================================
(ns)
Load index... Graph level 5..
Total end-to-end search time: 27368815 ns
Total end-to-end search time: 22211075 ns
Total end-to-end search time: 20093943 ns
Total end-to-end search time: 20635908 ns
Total end-to-end search time: 23771698 ns
Total end-to-end search time: 23911526 ns
Total end-to-end search time: 24185158 ns
Total end-to-end search time: 25372447 ns
Total end-to-end search time: 25031623 ns
Total end-to-end search time: 26533570 ns
Total end-to-end search time: 25888055 ns
Total end-to-end search time: 25712460 ns
Total end-to-end search time: 25870585 ns
Total end-to-end search time: 25614679 ns
Total end-to-end search time: 22972768 ns
Total end-to-end search time: 21551800 ns
Total end-to-end search time: 21419744 ns
Query: 32, nThreads: 4, warmup: 16
====================================================================================================
(ns)
Load index... Graph level 5..
Total end-to-end search time: 27290909 ns
Total end-to-end search time: 22127787 ns
Total end-to-end search time: 20045314 ns
Total end-to-end search time: 20576204 ns
Total end-to-end search time: 23644438 ns
Total end-to-end search time: 23959879 ns
Total end-to-end search time: 24184985 ns
Total end-to-end search time: 25406921 ns
Total end-to-end search time: 25002306 ns
Total end-to-end search time: 26534273 ns
Total end-to-end search time: 25660822 ns
Total end-to-end search time: 25591663 ns
Total end-to-end search time: 25887587 ns
Total end-to-end search time: 25641440 ns
Total end-to-end search time: 22972277 ns
Total end-to-end search time: 21391829 ns
Total end-to-end search time: 21452858 ns
Query: 32, nThreads: 4, warmup: 16
====================================================================================================
(ns)
Load index... Graph level 5..
Total end-to-end search time: 27125699 ns
Total end-to-end search time: 22140863 ns
Total end-to-end search time: 20046726 ns
Total end-to-end search time: 20640302 ns
Total end-to-end search time: 23689460 ns
Total end-to-end search time: 23934089 ns
Total end-to-end search time: 24274672 ns
Total end-to-end search time: 25357386 ns
Total end-to-end search time: 24950358 ns
Total end-to-end search time: 26478747 ns
Total end-to-end search time: 25662751 ns
Total end-to-end search time: 25629441 ns
Total end-to-end search time: 25808969 ns
Total end-to-end search time: 25637085 ns
Total end-to-end search time: 22922023 ns
Total end-to-end search time: 21669589 ns
Total end-to-end search time: 21416651 ns
Query: 32, nThreads: 4, warmup: 16
====================================================================================================
(ns)
Load index... Graph level 5..
Total end-to-end search time: 27143576 ns
Total end-to-end search time: 22176999 ns
Total end-to-end search time: 20003262 ns
Total end-to-end search time: 20606997 ns
Total end-to-end search time: 23795020 ns
Total end-to-end search time: 24005955 ns
Total end-to-end search time: 24231197 ns
Total end-to-end search time: 25438127 ns
Total end-to-end search time: 25063586 ns
Total end-to-end search time: 26683397 ns
Total end-to-end search time: 25812815 ns
Total end-to-end search time: 25667235 ns
Total end-to-end search time: 25874693 ns
Total end-to-end search time: 25567684 ns
Total end-to-end search time: 22951860 ns
Total end-to-end search time: 21386983 ns
Total end-to-end search time: 21451436 ns
Query: 32, nThreads: 4, warmup: 16
====================================================================================================
(ns)
Load index... Graph level 5..
Total end-to-end search time: 27467235 ns
Total end-to-end search time: 22297004 ns
Total end-to-end search time: 20113712 ns
Total end-to-end search time: 20625563 ns
Total end-to-end search time: 23805632 ns
Total end-to-end search time: 23964326 ns
Total end-to-end search time: 24207336 ns
Total end-to-end search time: 25401411 ns
Total end-to-end search time: 24973491 ns
Total end-to-end search time: 26543098 ns
Total end-to-end search time: 25737424 ns
Total end-to-end search time: 25799022 ns
Total end-to-end search time: 25895613 ns
Total end-to-end search time: 25760172 ns
Total end-to-end search time: 22940612 ns
Total end-to-end search time: 21514236 ns
Total end-to-end search time: 21583303 ns
Query: 32, nThreads: 4, warmup: 16
====================================================================================================
(ns)
Load index... Graph level 5..
Total end-to-end search time: 27314231 ns
Total end-to-end search time: 22087293 ns
Total end-to-end search time: 20010707 ns
Total end-to-end search time: 20647664 ns
Total end-to-end search time: 23911390 ns
Total end-to-end search time: 24020444 ns
Total end-to-end search time: 24313972 ns
Total end-to-end search time: 25496432 ns
Total end-to-end search time: 24958781 ns
Total end-to-end search time: 26558130 ns
Total end-to-end search time: 25745730 ns
Total end-to-end search time: 25821863 ns
Total end-to-end search time: 26092649 ns
Total end-to-end search time: 25693457 ns
Total end-to-end search time: 22978094 ns
Total end-to-end search time: 21498125 ns
Total end-to-end search time: 21509503 ns
Query: 32, nThreads: 4, warmup: 16
====================================================================================================
(ns)
Load index... Graph level 5..
Total end-to-end search time: 27220752 ns
Total end-to-end search time: 22159930 ns
Total end-to-end search time: 19986684 ns
Total end-to-end search time: 20554481 ns
Total end-to-end search time: 23769986 ns
Total end-to-end search time: 23934720 ns
Total end-to-end search time: 24206399 ns
Total end-to-end search time: 25445856 ns
Total end-to-end search time: 24997339 ns
Total end-to-end search time: 26537010 ns
Total end-to-end search time: 25807230 ns
Total end-to-end search time: 25632516 ns
Total end-to-end search time: 25860359 ns
Total end-to-end search time: 25673182 ns
Total end-to-end search time: 22971804 ns
Total end-to-end search time: 21401948 ns
Total end-to-end search time: 21500441 ns
Query: 32, nThreads: 4, warmup: 16
====================================================================================================
(ns)
Load index... Graph level 5..
Total end-to-end search time: 27213441 ns
Total end-to-end search time: 22153123 ns
Total end-to-end search time: 19973677 ns
Total end-to-end search time: 20585342 ns
Total end-to-end search time: 23641006 ns
Total end-to-end search time: 23858680 ns
Total end-to-end search time: 24214345 ns
Total end-to-end search time: 25444235 ns
Total end-to-end search time: 25048387 ns
Total end-to-end search time: 26742176 ns
Total end-to-end search time: 25702751 ns
Total end-to-end search time: 25635710 ns
Total end-to-end search time: 25836200 ns
Total end-to-end search time: 25596552 ns
Total end-to-end search time: 22948300 ns
Total end-to-end search time: 21373076 ns
Total end-to-end search time: 21517775 ns
Query: 32, nThreads: 4, warmup: 16
====================================================================================================
(ns)
Load index... Graph level 5..
Total end-to-end search time: 27186013 ns
Total end-to-end search time: 22173236 ns
Total end-to-end search time: 19984748 ns
Total end-to-end search time: 20636561 ns
Total end-to-end search time: 23707211 ns
Total end-to-end search time: 23818886 ns
Total end-to-end search time: 24174470 ns
Total end-to-end search time: 25343060 ns
Total end-to-end search time: 24977938 ns
Total end-to-end search time: 26531436 ns
Total end-to-end search time: 25647501 ns
Total end-to-end search time: 25576193 ns
Total end-to-end search time: 25894374 ns
Total end-to-end search time: 25652550 ns
Total end-to-end search time: 22950274 ns
Total end-to-end search time: 21399530 ns
Total end-to-end search time: 21428565 ns
Query: 32, nThreads: 4, warmup: 16
====================================================================================================
(ns)
Load index... Graph level 5..
Total end-to-end search time: 27499680 ns
Total end-to-end search time: 22239364 ns
Total end-to-end search time: 20059530 ns
Total end-to-end search time: 20564090 ns
Total end-to-end search time: 23677281 ns
Total end-to-end search time: 23935011 ns
Total end-to-end search time: 24148059 ns
Total end-to-end search time: 25373075 ns
Total end-to-end search time: 24907962 ns
Total end-to-end search time: 26561856 ns
Total end-to-end search time: 25624662 ns
Total end-to-end search time: 25596578 ns
Total end-to-end search time: 25802303 ns
Total end-to-end search time: 25642839 ns
Total end-to-end search time: 23149785 ns
Total end-to-end search time: 21434798 ns
Total end-to-end search time: 21494799 ns
Query: 32, nThreads: 4, warmup: 16
====================================================================================================
(ns)
Load index... Graph level 5..
Total end-to-end search time: 27280896 ns
Total end-to-end search time: 22176811 ns
Total end-to-end search time: 20002688 ns
Total end-to-end search time: 20505634 ns
Total end-to-end search time: 23653270 ns
Total end-to-end search time: 23923455 ns
Total end-to-end search time: 24148541 ns
Total end-to-end search time: 25358157 ns
Total end-to-end search time: 24958765 ns
Total end-to-end search time: 26545862 ns
Total end-to-end search time: 25671972 ns
Total end-to-end search time: 25600476 ns
Total end-to-end search time: 25852456 ns
Total end-to-end search time: 25654375 ns
Total end-to-end search time: 23018162 ns
Total end-to-end search time: 21400806 ns
Total end-to-end search time: 21460151 ns
Query: 32, nThreads: 4, warmup: 16
====================================================================================================
(ns)
Load index... Graph level 5..
Total end-to-end search time: 27138774 ns
Total end-to-end search time: 22059194 ns
Total end-to-end search time: 19979177 ns
Total end-to-end search time: 20492067 ns
Total end-to-end search time: 23592454 ns
Total end-to-end search time: 23909751 ns
Total end-to-end search time: 24143488 ns
Total end-to-end search time: 25399359 ns
Total end-to-end search time: 24946627 ns
Total end-to-end search time: 26460873 ns
Total end-to-end search time: 25676600 ns
Total end-to-end search time: 25592512 ns
Total end-to-end search time: 25882377 ns
Total end-to-end search time: 25652689 ns
Total end-to-end search time: 22986578 ns
Total end-to-end search time: 21350337 ns
Total end-to-end search time: 21422661 ns
Query: 32, nThreads: 4, warmup: 16
====================================================================================================
(ns)
Load index... Graph level 5..
Total end-to-end search time: 27396344 ns
Total end-to-end search time: 22183053 ns
Total end-to-end search time: 19924038 ns
Total end-to-end search time: 20616038 ns
Total end-to-end search time: 23601528 ns
Total end-to-end search time: 23888032 ns
Total end-to-end search time: 24179375 ns
Total end-to-end search time: 25411754 ns
Total end-to-end search time: 24965755 ns
Total end-to-end search time: 26459395 ns
Total end-to-end search time: 25683811 ns
Total end-to-end search time: 25675047 ns
Total end-to-end search time: 25837609 ns
Total end-to-end search time: 25643588 ns
Total end-to-end search time: 22923496 ns
Total end-to-end search time: 21377742 ns
Total end-to-end search time: 21464369 ns
Query: 32, nThreads: 4, warmup: 16
====================================================================================================
(ns)
Load index... Graph level 5..
Total end-to-end search time: 27407091 ns
Total end-to-end search time: 22232471 ns
Total end-to-end search time: 20084937 ns
Total end-to-end search time: 20677787 ns
Total end-to-end search time: 23636647 ns
Total end-to-end search time: 23864253 ns
Total end-to-end search time: 24191621 ns
Total end-to-end search time: 25416946 ns
Total end-to-end search time: 24986799 ns
Total end-to-end search time: 26478903 ns
Total end-to-end search time: 25693086 ns
Total end-to-end search time: 25677767 ns
Total end-to-end search time: 25953911 ns
Total end-to-end search time: 25683366 ns
Total end-to-end search time: 23005184 ns
Total end-to-end search time: 21516188 ns
Total end-to-end search time: 21504663 ns
Query: 32, nThreads: 4, warmup: 16
====================================================================================================
(ns)
Load index... Graph level 5..
Total end-to-end search time: 27248048 ns
Total end-to-end search time: 22130841 ns
Total end-to-end search time: 19977178 ns
Total end-to-end search time: 20668621 ns
Total end-to-end search time: 23641684 ns
Total end-to-end search time: 23873561 ns
Total end-to-end search time: 24435803 ns
Total end-to-end search time: 25500320 ns
Total end-to-end search time: 24899982 ns
Total end-to-end search time: 26522872 ns
Total end-to-end search time: 25653175 ns
Total end-to-end search time: 25630912 ns
Total end-to-end search time: 25876410 ns
Total end-to-end search time: 25677171 ns
Total end-to-end search time: 23003514 ns
Total end-to-end search time: 21408671 ns
Total end-to-end search time: 21482634 ns
