Query: 32, nThreads: 8, warmup: 16
====================================================================================================
(ns)
Load index... Graph level 5..
Total end-to-end search time: 25159508 ns
Total end-to-end search time: 21600393 ns
Total end-to-end search time: 19463062 ns
Total end-to-end search time: 20018346 ns
Total end-to-end search time: 22949371 ns
Total end-to-end search time: 23174509 ns
Total end-to-end search time: 23574375 ns
Total end-to-end search time: 24777220 ns
Total end-to-end search time: 24333642 ns
Total end-to-end search time: 26047759 ns
Total end-to-end search time: 25059551 ns
Total end-to-end search time: 24915225 ns
Total end-to-end search time: 25157343 ns
Total end-to-end search time: 24972742 ns
Total end-to-end search time: 22358974 ns
Total end-to-end search time: 20954979 ns
Total end-to-end search time: 21038660 ns
Query: 32, nThreads: 8, warmup: 16
====================================================================================================
(ns)
Load index... Graph level 5..
Total end-to-end search time: 24925994 ns
Total end-to-end search time: 21490317 ns
Total end-to-end search time: 19383480 ns
Total end-to-end search time: 19968988 ns
Total end-to-end search time: 23004037 ns
Total end-to-end search time: 23268947 ns
Total end-to-end search time: 23595925 ns
Total end-to-end search time: 24736350 ns
Total end-to-end search time: 24280823 ns
Total end-to-end search time: 25829614 ns
Total end-to-end search time: 24924011 ns
Total end-to-end search time: 24863196 ns
Total end-to-end search time: 25291590 ns
Total end-to-end search time: 24993255 ns
Total end-to-end search time: 22306401 ns
Total end-to-end search time: 20804087 ns
Total end-to-end search time: 20822133 ns
Query: 32, nThreads: 8, warmup: 16
====================================================================================================
(ns)
Load index... Graph level 5..
Total end-to-end search time: 24961753 ns
Total end-to-end search time: 21598254 ns
Total end-to-end search time: 19481918 ns
Total end-to-end search time: 19964964 ns
Total end-to-end search time: 22986460 ns
Total end-to-end search time: 23252711 ns
Total end-to-end search time: 23611901 ns
Total end-to-end search time: 24819183 ns
Total end-to-end search time: 24332836 ns
Total end-to-end search time: 25987551 ns
Total end-to-end search time: 25020126 ns
Total end-to-end search time: 25036073 ns
Total end-to-end search time: 25418872 ns
Total end-to-end search time: 25049834 ns
Total end-to-end search time: 22367450 ns
Total end-to-end search time: 20929889 ns
Total end-to-end search time: 20980215 ns
Query: 32, nThreads: 8, warmup: 16
====================================================================================================
(ns)
Load index... Graph level 5..
Total end-to-end search time: 24935504 ns
Total end-to-end search time: 21562923 ns
Total end-to-end search time: 19547373 ns
Total end-to-end search time: 20030131 ns
Total end-to-end search time: 23083775 ns
Total end-to-end search time: 23247797 ns
Total end-to-end search time: 23604410 ns
Total end-to-end search time: 24819676 ns
Total end-to-end search time: 24495970 ns
Total end-to-end search time: 25863365 ns
Total end-to-end search time: 24978397 ns
Total end-to-end search time: 24906139 ns
Total end-to-end search time: 25118921 ns
Total end-to-end search time: 24962572 ns
Total end-to-end search time: 22337493 ns
Total end-to-end search time: 20834296 ns
Total end-to-end search time: 21000686 ns
Query: 32, nThreads: 8, warmup: 16
====================================================================================================
(ns)
Load index... Graph level 5..
Total end-to-end search time: 25074760 ns
Total end-to-end search time: 21700154 ns
Total end-to-end search time: 19554679 ns
Total end-to-end search time: 20108933 ns
Total end-to-end search time: 23072420 ns
Total end-to-end search time: 23214215 ns
Total end-to-end search time: 23554570 ns
Total end-to-end search time: 24962377 ns
Total end-to-end search time: 24450736 ns
Total end-to-end search time: 25868347 ns
Total end-to-end search time: 25020016 ns
Total end-to-end search time: 24898008 ns
Total end-to-end search time: 25101953 ns
Total end-to-end search time: 25046811 ns
Total end-to-end search time: 22359918 ns
Total end-to-end search time: 20946962 ns
Total end-to-end search time: 20940945 ns
Query: 32, nThreads: 8, warmup: 16
====================================================================================================
(ns)
Load index... Graph level 5..
Total end-to-end search time: 24939353 ns
Total end-to-end search time: 21557241 ns
Total end-to-end search time: 19401589 ns
Total end-to-end search time: 19971930 ns
Total end-to-end search time: 23190202 ns
Total end-to-end search time: 23309149 ns
Total end-to-end search time: 23694466 ns
Total end-to-end search time: 24773349 ns
Total end-to-end search time: 24308875 ns
Total end-to-end search time: 25834597 ns
Total end-to-end search time: 24973289 ns
Total end-to-end search time: 24919552 ns
Total end-to-end search time: 25261155 ns
Total end-to-end search time: 24990369 ns
Total end-to-end search time: 22381855 ns
Total end-to-end search time: 20810253 ns
Total end-to-end search time: 20862773 ns
Query: 32, nThreads: 8, warmup: 16
====================================================================================================
(ns)
Load index... Graph level 5..
Total end-to-end search time: 25205723 ns
Total end-to-end search time: 21678890 ns
Total end-to-end search time: 19539831 ns
Total end-to-end search time: 20117360 ns
Total end-to-end search time: 23136709 ns
Total end-to-end search time: 23331210 ns
Total end-to-end search time: 23756385 ns
Total end-to-end search time: 24865140 ns
Total end-to-end search time: 24588447 ns
Total end-to-end search time: 25954143 ns
Total end-to-end search time: 25045399 ns
Total end-to-end search time: 25006114 ns
Total end-to-end search time: 25240720 ns
Total end-to-end search time: 25037919 ns
Total end-to-end search time: 22486314 ns
Total end-to-end search time: 20959907 ns
Total end-to-end search time: 21013149 ns
Query: 32, nThreads: 8, warmup: 16
====================================================================================================
(ns)
Load index... Graph level 5..
Total end-to-end search time: 24993207 ns
Total end-to-end search time: 21719842 ns
Total end-to-end search time: 19549205 ns
Total end-to-end search time: 19966819 ns
Total end-to-end search time: 23157980 ns
Total end-to-end search time: 23310601 ns
Total end-to-end search time: 23601774 ns
Total end-to-end search time: 24828600 ns
Total end-to-end search time: 24376160 ns
Total end-to-end search time: 25932724 ns
Total end-to-end search time: 25141508 ns
Total end-to-end search time: 24913396 ns
Total end-to-end search time: 25213150 ns
Total end-to-end search time: 24958184 ns
Total end-to-end search time: 22406941 ns
Total end-to-end search time: 20965658 ns
Total end-to-end search time: 20983365 ns
Query: 32, nThreads: 8, warmup: 16
====================================================================================================
(ns)
Load index... Graph level 5..
Total end-to-end search time: 25165354 ns
Total end-to-end search time: 21626644 ns
Total end-to-end search time: 19473820 ns
Total end-to-end search time: 20204724 ns
Total end-to-end search time: 23237325 ns
Total end-to-end search time: 23375021 ns
Total end-to-end search time: 23610259 ns
Total end-to-end search time: 24844102 ns
Total end-to-end search time: 24453259 ns
Total end-to-end search time: 25883938 ns
Total end-to-end search time: 25017692 ns
Total end-to-end search time: 24933488 ns
Total end-to-end search time: 25153352 ns
Total end-to-end search time: 24941593 ns
Total end-to-end search time: 22343976 ns
Total end-to-end search time: 20952147 ns
Total end-to-end search time: 20850816 ns
Query: 32, nThreads: 8, warmup: 16
====================================================================================================
(ns)
Load index... Graph level 5..
Total end-to-end search time: 24929678 ns
Total end-to-end search time: 21517558 ns
Total end-to-end search time: 19466593 ns
Total end-to-end search time: 19952098 ns
Total end-to-end search time: 23039481 ns
Total end-to-end search time: 23200922 ns
Total end-to-end search time: 23615705 ns
Total end-to-end search time: 24834831 ns
Total end-to-end search time: 24439785 ns
Total end-to-end search time: 25983480 ns
Total end-to-end search time: 24934285 ns
Total end-to-end search time: 24856506 ns
Total end-to-end search time: 25321900 ns
Total end-to-end search time: 25068251 ns
Total end-to-end search time: 22576901 ns
Total end-to-end search time: 20924964 ns
Total end-to-end search time: 20972122 ns
Query: 32, nThreads: 8, warmup: 16
====================================================================================================
(ns)
Load index... Graph level 5..
Total end-to-end search time: 24986271 ns
Total end-to-end search time: 21558370 ns
Total end-to-end search time: 19448390 ns
Total end-to-end search time: 20041964 ns
Total end-to-end search time: 23063760 ns
Total end-to-end search time: 23288638 ns
Total end-to-end search time: 23649121 ns
Total end-to-end search time: 24724018 ns
Total end-to-end search time: 24260195 ns
Total end-to-end search time: 25812589 ns
Total end-to-end search time: 25046317 ns
Total end-to-end search time: 24984686 ns
Total end-to-end search time: 25236949 ns
Total end-to-end search time: 25127285 ns
Total end-to-end search time: 22452473 ns
Total end-to-end search time: 20927244 ns
Total end-to-end search time: 20917416 ns
Query: 32, nThreads: 8, warmup: 16
====================================================================================================
(ns)
Load index... Graph level 5..
Total end-to-end search time: 24929168 ns
Total end-to-end search time: 21597618 ns
Total end-to-end search time: 19543804 ns
Total end-to-end search time: 20050856 ns
Total end-to-end search time: 23055197 ns
Total end-to-end search time: 23224616 ns
Total end-to-end search time: 23734316 ns
Total end-to-end search time: 24757356 ns
Total end-to-end search time: 24270971 ns
Total end-to-end search time: 25781940 ns
Total end-to-end search time: 24976948 ns
Total end-to-end search time: 24894350 ns
Total end-to-end search time: 25121061 ns
Total end-to-end search time: 24897022 ns
Total end-to-end search time: 22293703 ns
Total end-to-end search time: 20780904 ns
Total end-to-end search time: 20888534 ns
Query: 32, nThreads: 8, warmup: 16
====================================================================================================
(ns)
Load index... Graph level 5..
Total end-to-end search time: 25042752 ns
Total end-to-end search time: 21624812 ns
Total end-to-end search time: 19493222 ns
Total end-to-end search time: 20002544 ns
Total end-to-end search time: 23005454 ns
Total end-to-end search time: 23206924 ns
Total end-to-end search time: 23542760 ns
Total end-to-end search time: 24691851 ns
Total end-to-end search time: 24266512 ns
Total end-to-end search time: 25810351 ns
Total end-to-end search time: 24913683 ns
Total end-to-end search time: 24933360 ns
Total end-to-end search time: 25185444 ns
Total end-to-end search time: 24884116 ns
Total end-to-end search time: 22259086 ns
Total end-to-end search time: 20821091 ns
Total end-to-end search time: 20831810 ns
Query: 32, nThreads: 8, warmup: 16
====================================================================================================
(ns)
Load index... Graph level 5..
Total end-to-end search time: 25027762 ns
Total end-to-end search time: 21615029 ns
Total end-to-end search time: 19520194 ns
Total end-to-end search time: 20090836 ns
Total end-to-end search time: 23172610 ns
Total end-to-end search time: 23466781 ns
Total end-to-end search time: 23648099 ns
Total end-to-end search time: 24852901 ns
Total end-to-end search time: 24446253 ns
Total end-to-end search time: 26021104 ns
Total end-to-end search time: 25297828 ns
Total end-to-end search time: 25050589 ns
Total end-to-end search time: 25222478 ns
Total end-to-end search time: 25058106 ns
Total end-to-end search time: 22410829 ns
Total end-to-end search time: 20971263 ns
Total end-to-end search time: 21023861 ns
Query: 32, nThreads: 8, warmup: 16
====================================================================================================
(ns)
Load index... Graph level 5..
Total end-to-end search time: 24901223 ns
Total end-to-end search time: 21512866 ns
Total end-to-end search time: 19414041 ns
Total end-to-end search time: 19905369 ns
Total end-to-end search time: 23017632 ns
Total end-to-end search time: 23212110 ns
Total end-to-end search time: 23544012 ns
Total end-to-end search time: 24721265 ns
Total end-to-end search time: 24286267 ns
Total end-to-end search time: 25782034 ns
Total end-to-end search time: 24880888 ns
Total end-to-end search time: 24864729 ns
Total end-to-end search time: 25148847 ns
Total end-to-end search time: 24852777 ns
Total end-to-end search time: 22271771 ns
Total end-to-end search time: 20762425 ns
Total end-to-end search time: 20798024 ns
Query: 32, nThreads: 8, warmup: 16
====================================================================================================
(ns)
Load index... Graph level 5..
Total end-to-end search time: 25007845 ns
Total end-to-end search time: 21577593 ns
Total end-to-end search time: 19464940 ns
Total end-to-end search time: 20063602 ns
Total end-to-end search time: 23083924 ns
Total end-to-end search time: 23252712 ns
Total end-to-end search time: 23618400 ns
Total end-to-end search time: 24743710 ns
Total end-to-end search time: 24332749 ns
Total end-to-end search time: 25889306 ns
Total end-to-end search time: 24990488 ns
Total end-to-end search time: 24906775 ns
Total end-to-end search time: 25167271 ns
Total end-to-end search time: 24996589 ns
Total end-to-end search time: 22269978 ns
Total end-to-end search time: 20911929 ns
Total end-to-end search time: 21014172 ns
Query: 32, nThreads: 8, warmup: 16
====================================================================================================
(ns)
Load index... Graph level 5..
Total end-to-end search time: 24914881 ns
Total end-to-end search time: 21780252 ns
Total end-to-end search time: 19507165 ns
Total end-to-end search time: 20095006 ns
Total end-to-end search time: 23189993 ns
Total end-to-end search time: 23349493 ns
Total end-to-end search time: 23576273 ns
Total end-to-end search time: 24751801 ns
Total end-to-end search time: 24401191 ns
Total end-to-end search time: 25980343 ns
Total end-to-end search time: 25101570 ns
Total end-to-end search time: 25018479 ns
Total end-to-end search time: 25228978 ns
Total end-to-end search time: 24967588 ns
Total end-to-end search time: 22449294 ns
Total end-to-end search time: 21026480 ns
Total end-to-end search time: 21069613 ns
Query: 32, nThreads: 8, warmup: 16
====================================================================================================
(ns)
Load index... Graph level 5..
Total end-to-end search time: 24970169 ns
Total end-to-end search time: 21645880 ns
Total end-to-end search time: 19498101 ns
Total end-to-end search time: 19995709 ns
Total end-to-end search time: 23080695 ns
Total end-to-end search time: 23376932 ns
Total end-to-end search time: 23689140 ns
Total end-to-end search time: 24844245 ns
Total end-to-end search time: 24305483 ns
Total end-to-end search time: 25861841 ns
Total end-to-end search time: 25109632 ns
Total end-to-end search time: 25018424 ns
Total end-to-end search time: 25154910 ns
Total end-to-end search time: 24887525 ns
Total end-to-end search time: 22351836 ns
Total end-to-end search time: 20911284 ns
Total end-to-end search time: 20828827 ns
Query: 32, nThreads: 8, warmup: 16
====================================================================================================
(ns)
Load index... Graph level 5..
Total end-to-end search time: 24982595 ns
Total end-to-end search time: 21534336 ns
Total end-to-end search time: 19466505 ns
Total end-to-end search time: 20017443 ns
Total end-to-end search time: 23061766 ns
Total end-to-end search time: 23258586 ns
Total end-to-end search time: 23659437 ns
Total end-to-end search time: 24948527 ns
Total end-to-end search time: 24538217 ns
Total end-to-end search time: 26045210 ns
Total end-to-end search time: 25092914 ns
Total end-to-end search time: 25046805 ns
Total end-to-end search time: 25276673 ns
Total end-to-end search time: 25028636 ns
Total end-to-end search time: 22331293 ns
Total end-to-end search time: 20830346 ns
Total end-to-end search time: 20905653 ns
Query: 32, nThreads: 8, warmup: 16
====================================================================================================
(ns)
Load index... Graph level 5..
Total end-to-end search time: 24997489 ns
Total end-to-end search time: 21533895 ns
Total end-to-end search time: 19392498 ns
Total end-to-end search time: 20039679 ns
Total end-to-end search time: 23040464 ns
Total end-to-end search time: 23204219 ns
Total end-to-end search time: 23660867 ns
Total end-to-end search time: 24843396 ns
Total end-to-end search time: 24272133 ns
Total end-to-end search time: 25769694 ns
Total end-to-end search time: 24995415 ns
Total end-to-end search time: 24874115 ns
Total end-to-end search time: 25069952 ns
Total end-to-end search time: 24867110 ns
Total end-to-end search time: 22319975 ns
Total end-to-end search time: 20815207 ns
Total end-to-end search time: 20891200 ns
Query: 32, nThreads: 8, warmup: 16
====================================================================================================
(ns)
Load index... Graph level 5..
Total end-to-end search time: 25161714 ns
Total end-to-end search time: 21751386 ns
Total end-to-end search time: 19675391 ns
Total end-to-end search time: 20184911 ns
Total end-to-end search time: 23313208 ns
Total end-to-end search time: 23513390 ns
Total end-to-end search time: 23849937 ns
Total end-to-end search time: 25026875 ns
Total end-to-end search time: 24467752 ns
Total end-to-end search time: 26110020 ns
Total end-to-end search time: 25085510 ns
Total end-to-end search time: 25006240 ns
Total end-to-end search time: 25344886 ns
Total end-to-end search time: 25097536 ns
Total end-to-end search time: 22344328 ns
Total end-to-end search time: 20859262 ns
Total end-to-end search time: 21195017 ns
Query: 32, nThreads: 8, warmup: 16
====================================================================================================
(ns)
Load index... Graph level 5..
Total end-to-end search time: 25012607 ns
Total end-to-end search time: 21705464 ns
Total end-to-end search time: 19562210 ns
Total end-to-end search time: 20042833 ns
Total end-to-end search time: 23060927 ns
Total end-to-end search time: 23297319 ns
Total end-to-end search time: 23619650 ns
Total end-to-end search time: 24770978 ns
Total end-to-end search time: 24324324 ns
Total end-to-end search time: 25919342 ns
Total end-to-end search time: 24942967 ns
Total end-to-end search time: 24901879 ns
Total end-to-end search time: 25137658 ns
Total end-to-end search time: 24876309 ns
Total end-to-end search time: 22318683 ns
Total end-to-end search time: 20776718 ns
Total end-to-end search time: 20867277 ns
Query: 32, nThreads: 8, warmup: 16
====================================================================================================
(ns)
Load index... Graph level 5..
Total end-to-end search time: 24944689 ns
Total end-to-end search time: 21563562 ns
Total end-to-end search time: 19562991 ns
Total end-to-end search time: 20006968 ns
Total end-to-end search time: 23127069 ns
Total end-to-end search time: 23251694 ns
Total end-to-end search time: 23629746 ns
Total end-to-end search time: 24892553 ns
Total end-to-end search time: 24453421 ns
Total end-to-end search time: 25827828 ns
Total end-to-end search time: 24897967 ns
Total end-to-end search time: 24878364 ns
Total end-to-end search time: 25073735 ns
Total end-to-end search time: 24931212 ns
Total end-to-end search time: 22357590 ns
Total end-to-end search time: 20854413 ns
Total end-to-end search time: 20876241 ns
Query: 32, nThreads: 8, warmup: 16
====================================================================================================
(ns)
Load index... Graph level 5..
Total end-to-end search time: 24927519 ns
Total end-to-end search time: 21694620 ns
Total end-to-end search time: 19475915 ns
Total end-to-end search time: 20033062 ns
Total end-to-end search time: 23232953 ns
Total end-to-end search time: 23221781 ns
Total end-to-end search time: 23580888 ns
Total end-to-end search time: 24755043 ns
Total end-to-end search time: 24254360 ns
Total end-to-end search time: 25842986 ns
Total end-to-end search time: 24992589 ns
Total end-to-end search time: 24935625 ns
Total end-to-end search time: 25049555 ns
Total end-to-end search time: 24832177 ns
Total end-to-end search time: 22316835 ns
Total end-to-end search time: 20762305 ns
Total end-to-end search time: 20827566 ns
Query: 32, nThreads: 8, warmup: 16
====================================================================================================
(ns)
Load index... Graph level 5..
Total end-to-end search time: 25038363 ns
Total end-to-end search time: 21615935 ns
Total end-to-end search time: 19503520 ns
Total end-to-end search time: 20108488 ns
Total end-to-end search time: 23168104 ns
Total end-to-end search time: 23378460 ns
Total end-to-end search time: 23710189 ns
Total end-to-end search time: 24927583 ns
Total end-to-end search time: 24307502 ns
Total end-to-end search time: 25862192 ns
Total end-to-end search time: 25035398 ns
Total end-to-end search time: 25022953 ns
Total end-to-end search time: 25291130 ns
Total end-to-end search time: 25067253 ns
Total end-to-end search time: 22456293 ns
Total end-to-end search time: 20941182 ns
Total end-to-end search time: 20968721 ns
Query: 32, nThreads: 8, warmup: 16
====================================================================================================
(ns)
Load index... Graph level 5..
Total end-to-end search time: 25028766 ns
Total end-to-end search time: 21612720 ns
Total end-to-end search time: 19470627 ns
Total end-to-end search time: 20047558 ns
Total end-to-end search time: 23030827 ns
Total end-to-end search time: 23257689 ns
Total end-to-end search time: 23600607 ns
Total end-to-end search time: 24742365 ns
Total end-to-end search time: 24455998 ns
Total end-to-end search time: 25996418 ns
Total end-to-end search time: 25144594 ns
Total end-to-end search time: 25148851 ns
Total end-to-end search time: 25222361 ns
Total end-to-end search time: 24967808 ns
Total end-to-end search time: 22360140 ns
Total end-to-end search time: 20815966 ns
Total end-to-end search time: 20928960 ns
Query: 32, nThreads: 8, warmup: 16
====================================================================================================
(ns)
Load index... Graph level 5..
Total end-to-end search time: 24934471 ns
Total end-to-end search time: 21499055 ns
Total end-to-end search time: 19402981 ns
Total end-to-end search time: 19982899 ns
Total end-to-end search time: 22956971 ns
Total end-to-end search time: 23202103 ns
Total end-to-end search time: 23566170 ns
Total end-to-end search time: 24856777 ns
Total end-to-end search time: 24490424 ns
Total end-to-end search time: 26000874 ns
Total end-to-end search time: 25013808 ns
Total end-to-end search time: 24834166 ns
Total end-to-end search time: 25144648 ns
Total end-to-end search time: 24922322 ns
Total end-to-end search time: 22464965 ns
Total end-to-end search time: 20808666 ns
Total end-to-end search time: 20874065 ns
Query: 32, nThreads: 8, warmup: 16
====================================================================================================
(ns)
Load index... Graph level 5..
Total end-to-end search time: 25271913 ns
Total end-to-end search time: 21824174 ns
Total end-to-end search time: 19642746 ns
Total end-to-end search time: 20114560 ns
Total end-to-end search time: 23143212 ns
Total end-to-end search time: 23479081 ns
Total end-to-end search time: 23853974 ns
Total end-to-end search time: 25016417 ns
Total end-to-end search time: 24490188 ns
Total end-to-end search time: 26130865 ns
Total end-to-end search time: 25109305 ns
Total end-to-end search time: 25011348 ns
Total end-to-end search time: 25345639 ns
Total end-to-end search time: 25012936 ns
Total end-to-end search time: 22404650 ns
Total end-to-end search time: 20888889 ns
Total end-to-end search time: 20947960 ns
Query: 32, nThreads: 8, warmup: 16
====================================================================================================
(ns)
Load index... Graph level 5..
Total end-to-end search time: 24920403 ns
Total end-to-end search time: 21567611 ns
Total end-to-end search time: 19718685 ns
Total end-to-end search time: 20086429 ns
Total end-to-end search time: 23006906 ns
Total end-to-end search time: 23279545 ns
Total end-to-end search time: 23600594 ns
Total end-to-end search time: 24714450 ns
Total end-to-end search time: 24330418 ns
Total end-to-end search time: 25862180 ns
Total end-to-end search time: 25004276 ns
Total end-to-end search time: 24933912 ns
Total end-to-end search time: 25138402 ns
Total end-to-end search time: 24941446 ns
Total end-to-end search time: 22285887 ns
Total end-to-end search time: 20827647 ns
Total end-to-end search time: 20838960 ns
Query: 32, nThreads: 8, warmup: 16
====================================================================================================
(ns)
Load index... Graph level 5..
Total end-to-end search time: 24864908 ns
Total end-to-end search time: 21609161 ns
Total end-to-end search time: 19410776 ns
Total end-to-end search time: 19988985 ns
Total end-to-end search time: 22985880 ns
Total end-to-end search time: 23174795 ns
Total end-to-end search time: 23590943 ns
Total end-to-end search time: 24702887 ns
Total end-to-end search time: 24267313 ns
Total end-to-end search time: 25775439 ns
Total end-to-end search time: 24938073 ns
Total end-to-end search time: 24876779 ns
Total end-to-end search time: 25066515 ns
Total end-to-end search time: 24899552 ns
Total end-to-end search time: 22280988 ns
Total end-to-end search time: 20794128 ns
Total end-to-end search time: 20807548 ns
