Query: 4096, nThreads: 16, warmup: 1
====================================================================================================
(ns)
Load index... Graph level 5..
Total end-to-end search time: 3018365482 ns
Total end-to-end search time: 2858337042 ns
Query: 4096, nThreads: 16, warmup: 1
====================================================================================================
(ns)
Load index... Graph level 5..
Total end-to-end search time: 3017831374 ns
Total end-to-end search time: 2861079642 ns
Query: 4096, nThreads: 16, warmup: 1
====================================================================================================
(ns)
Load index... Graph level 5..
Total end-to-end search time: 3020632420 ns
Total end-to-end search time: 2861032773 ns
Query: 4096, nThreads: 16, warmup: 1
====================================================================================================
(ns)
Load index... Graph level 5..
Total end-to-end search time: 3019537061 ns
Total end-to-end search time: 2860048921 ns
Query: 4096, nThreads: 16, warmup: 1
====================================================================================================
(ns)
Load index... Graph level 5..
Total end-to-end search time: 3017653511 ns
Total end-to-end search time: 2857068933 ns
Query: 4096, nThreads: 16, warmup: 1
====================================================================================================
(ns)
Load index... Graph level 5..
Total end-to-end search time: 3015412476 ns
Total end-to-end search time: 2858621807 ns
Query: 4096, nThreads: 16, warmup: 1
====================================================================================================
(ns)
Load index... Graph level 5..
Total end-to-end search time: 3015162361 ns
Total end-to-end search time: 2860543754 ns
Query: 4096, nThreads: 16, warmup: 1
====================================================================================================
(ns)
Load index... Graph level 5..
Total end-to-end search time: 3018268668 ns
Total end-to-end search time: 2856440139 ns
Query: 4096, nThreads: 16, warmup: 1
====================================================================================================
(ns)
Load index... Graph level 5..
Total end-to-end search time: 3017109602 ns
Total end-to-end search time: 2861326027 ns
Query: 4096, nThreads: 16, warmup: 1
====================================================================================================
(ns)
Load index... Graph level 5..
Total end-to-end search time: 3018961123 ns
Total end-to-end search time: 2859658429 ns
Query: 4096, nThreads: 16, warmup: 1
====================================================================================================
(ns)
Load index... Graph level 5..
Total end-to-end search time: 3019154826 ns
Total end-to-end search time: 2860576659 ns
Query: 4096, nThreads: 16, warmup: 1
====================================================================================================
(ns)
Load index... Graph level 5..
Total end-to-end search time: 3018303974 ns
Total end-to-end search time: 2859091895 ns
Query: 4096, nThreads: 16, warmup: 1
====================================================================================================
(ns)
Load index... Graph level 5..
Total end-to-end search time: 3017171734 ns
Total end-to-end search time: 2858554855 ns
Query: 4096, nThreads: 16, warmup: 1
====================================================================================================
(ns)
Load index... Graph level 5..
Total end-to-end search time: 3017830602 ns
Total end-to-end search time: 2859346274 ns
Query: 4096, nThreads: 16, warmup: 1
====================================================================================================
(ns)
Load index... Graph level 5..
Total end-to-end search time: 3018854159 ns
Total end-to-end search time: 2862216098 ns
Query: 4096, nThreads: 16, warmup: 1
====================================================================================================
(ns)
Load index... Graph level 5..
Total end-to-end search time: 3017420233 ns
Total end-to-end search time: 2855492541 ns
Query: 4096, nThreads: 16, warmup: 1
====================================================================================================
(ns)
Load index... Graph level 5..
Total end-to-end search time: 3021340267 ns
Total end-to-end search time: 2856937558 ns
Query: 4096, nThreads: 16, warmup: 1
====================================================================================================
(ns)
Load index... Graph level 5..
Total end-to-end search time: 3017960387 ns
Total end-to-end search time: 2858141547 ns
Query: 4096, nThreads: 16, warmup: 1
====================================================================================================
(ns)
Load index... Graph level 5..
Total end-to-end search time: 3020052626 ns
Total end-to-end search time: 2862561252 ns
Query: 4096, nThreads: 16, warmup: 1
====================================================================================================
(ns)
Load index... Graph level 5..
Total end-to-end search time: 3016866933 ns
Total end-to-end search time: 2859657752 ns
Query: 4096, nThreads: 16, warmup: 1
====================================================================================================
(ns)
Load index... Graph level 5..
Total end-to-end search time: 3016980681 ns
Total end-to-end search time: 2857877518 ns
Query: 4096, nThreads: 16, warmup: 1
====================================================================================================
(ns)
Load index... Graph level 5..
Total end-to-end search time: 3015813134 ns
Total end-to-end search time: 2857586128 ns
Query: 4096, nThreads: 16, warmup: 1
====================================================================================================
(ns)
Load index... Graph level 5..
Total end-to-end search time: 3017745323 ns
Total end-to-end search time: 2856643455 ns
Query: 4096, nThreads: 16, warmup: 1
====================================================================================================
(ns)
Load index... Graph level 5..
Total end-to-end search time: 3014569038 ns
Total end-to-end search time: 2857436404 ns
Query: 4096, nThreads: 16, warmup: 1
====================================================================================================
(ns)
Load index... Graph level 5..
Total end-to-end search time: 3016962055 ns
Total end-to-end search time: 2857062909 ns
Query: 4096, nThreads: 16, warmup: 1
====================================================================================================
(ns)
Load index... Graph level 5..
Total end-to-end search time: 3017988236 ns
Total end-to-end search time: 2854834918 ns
Query: 4096, nThreads: 16, warmup: 1
====================================================================================================
(ns)
Load index... Graph level 5..
Total end-to-end search time: 3016752841 ns
Total end-to-end search time: 2855382736 ns
Query: 4096, nThreads: 16, warmup: 1
====================================================================================================
(ns)
Load index... Graph level 5..
Total end-to-end search time: 3019618321 ns
Total end-to-end search time: 2861947208 ns
Query: 4096, nThreads: 16, warmup: 1
====================================================================================================
(ns)
Load index... Graph level 5..
Total end-to-end search time: 3020989581 ns
Total end-to-end search time: 2857421338 ns
Query: 4096, nThreads: 16, warmup: 1
====================================================================================================
(ns)
Load index... Graph level 5..
Total end-to-end search time: 3015872157 ns
Total end-to-end search time: 2857321562 ns
