Query: 4096, nThreads: 2, warmup: 1
====================================================================================================
(ns)
Load index... Graph level 5..
Total end-to-end search time: 2940281697 ns
Total end-to-end search time: 2791194326 ns
Query: 4096, nThreads: 2, warmup: 1
====================================================================================================
(ns)
Load index... Graph level 5..
Total end-to-end search time: 2937967207 ns
Total end-to-end search time: 2791323101 ns
Query: 4096, nThreads: 2, warmup: 1
====================================================================================================
(ns)
Load index... Graph level 5..
Total end-to-end search time: 2939594420 ns
Total end-to-end search time: 2788659773 ns
Query: 4096, nThreads: 2, warmup: 1
====================================================================================================
(ns)
Load index... Graph level 5..
Total end-to-end search time: 2937593460 ns
Total end-to-end search time: 2788931973 ns
Query: 4096, nThreads: 2, warmup: 1
====================================================================================================
(ns)
Load index... Graph level 5..
Total end-to-end search time: 2936336621 ns
Total end-to-end search time: 2789286292 ns
Query: 4096, nThreads: 2, warmup: 1
====================================================================================================
(ns)
Load index... Graph level 5..
Total end-to-end search time: 2939231888 ns
Total end-to-end search time: 2790243470 ns
Query: 4096, nThreads: 2, warmup: 1
====================================================================================================
(ns)
Load index... Graph level 5..
Total end-to-end search time: 2937827119 ns
Total end-to-end search time: 2790610240 ns
Query: 4096, nThreads: 2, warmup: 1
====================================================================================================
(ns)
Load index... Graph level 5..
Total end-to-end search time: 2937498514 ns
Total end-to-end search time: 2793490013 ns
Query: 4096, nThreads: 2, warmup: 1
====================================================================================================
(ns)
Load index... Graph level 5..
Total end-to-end search time: 2941681781 ns
Total end-to-end search time: 2793095649 ns
Query: 4096, nThreads: 2, warmup: 1
====================================================================================================
(ns)
Load index... Graph level 5..
Total end-to-end search time: 2938664879 ns
Total end-to-end search time: 2790753026 ns
Query: 4096, nThreads: 2, warmup: 1
====================================================================================================
(ns)
Load index... Graph level 5..
Total end-to-end search time: 2937785549 ns
Total end-to-end search time: 2792660872 ns
Query: 4096, nThreads: 2, warmup: 1
====================================================================================================
(ns)
Load index... Graph level 5..
Total end-to-end search time: 2940632995 ns
Total end-to-end search time: 2792196295 ns
Query: 4096, nThreads: 2, warmup: 1
====================================================================================================
(ns)
Load index... Graph level 5..
Total end-to-end search time: 2938212460 ns
Total end-to-end search time: 2792250882 ns
Query: 4096, nThreads: 2, warmup: 1
====================================================================================================
(ns)
Load index... Graph level 5..
Total end-to-end search time: 2938402772 ns
Total end-to-end search time: 2790931517 ns
Query: 4096, nThreads: 2, warmup: 1
====================================================================================================
(ns)
Load index... Graph level 5..
Total end-to-end search time: 2939485010 ns
Total end-to-end search time: 2794653506 ns
Query: 4096, nThreads: 2, warmup: 1
====================================================================================================
(ns)
Load index... Graph level 5..
Total end-to-end search time: 2938269576 ns
Total end-to-end search time: 2792719288 ns
Query: 4096, nThreads: 2, warmup: 1
====================================================================================================
(ns)
Load index... Graph level 5..
Total end-to-end search time: 2938842912 ns
Total end-to-end search time: 2791289599 ns
Query: 4096, nThreads: 2, warmup: 1
====================================================================================================
(ns)
Load index... Graph level 5..
Total end-to-end search time: 2941239510 ns
Total end-to-end search time: 2792415393 ns
Query: 4096, nThreads: 2, warmup: 1
====================================================================================================
(ns)
Load index... Graph level 5..
Total end-to-end search time: 2934953966 ns
Total end-to-end search time: 2790872918 ns
Query: 4096, nThreads: 2, warmup: 1
====================================================================================================
(ns)
Load index... Graph level 5..
Total end-to-end search time: 2940974196 ns
Total end-to-end search time: 2794856885 ns
Query: 4096, nThreads: 2, warmup: 1
====================================================================================================
(ns)
Load index... Graph level 5..
Total end-to-end search time: 2941187717 ns
Total end-to-end search time: 2793005528 ns
Query: 4096, nThreads: 2, warmup: 1
====================================================================================================
(ns)
Load index... Graph level 5..
Total end-to-end search time: 2938609506 ns
Total end-to-end search time: 2791276334 ns
Query: 4096, nThreads: 2, warmup: 1
====================================================================================================
(ns)
Load index... Graph level 5..
Total end-to-end search time: 2940507805 ns
Total end-to-end search time: 2793001245 ns
Query: 4096, nThreads: 2, warmup: 1
====================================================================================================
(ns)
Load index... Graph level 5..
Total end-to-end search time: 2940800247 ns
Total end-to-end search time: 2791276140 ns
Query: 4096, nThreads: 2, warmup: 1
====================================================================================================
(ns)
Load index... Graph level 5..
Total end-to-end search time: 2934542387 ns
Total end-to-end search time: 2792032600 ns
Query: 4096, nThreads: 2, warmup: 1
====================================================================================================
(ns)
Load index... Graph level 5..
Total end-to-end search time: 2942057243 ns
Total end-to-end search time: 2788132261 ns
Query: 4096, nThreads: 2, warmup: 1
====================================================================================================
(ns)
Load index... Graph level 5..
Total end-to-end search time: 2939451848 ns
Total end-to-end search time: 2790860565 ns
Query: 4096, nThreads: 2, warmup: 1
====================================================================================================
(ns)
Load index... Graph level 5..
Total end-to-end search time: 2938701693 ns
Total end-to-end search time: 2790993665 ns
Query: 4096, nThreads: 2, warmup: 1
====================================================================================================
(ns)
Load index... Graph level 5..
Total end-to-end search time: 2937438133 ns
Total end-to-end search time: 2790555502 ns
Query: 4096, nThreads: 2, warmup: 1
====================================================================================================
(ns)
Load index... Graph level 5..
Total end-to-end search time: 2933489744 ns
Total end-to-end search time: 2789050847 ns
