Query: 512, nThreads: 1, warmup: 4
====================================================================================================
(ns)
Load index... Graph level 5..
Total end-to-end search time: 374824258 ns
Total end-to-end search time: 351419655 ns
Total end-to-end search time: 362385129 ns
Total end-to-end search time: 374474230 ns
Total end-to-end search time: 372989945 ns
Query: 512, nThreads: 1, warmup: 4
====================================================================================================
(ns)
Load index... Graph level 5..
Total end-to-end search time: 374236610 ns
Total end-to-end search time: 351106677 ns
Total end-to-end search time: 362320410 ns
Total end-to-end search time: 376155415 ns
Total end-to-end search time: 374127704 ns
Query: 512, nThreads: 1, warmup: 4
====================================================================================================
(ns)
Load index... Graph level 5..
Total end-to-end search time: 375510377 ns
Total end-to-end search time: 351609547 ns
Total end-to-end search time: 363065754 ns
Total end-to-end search time: 374214567 ns
Total end-to-end search time: 373545131 ns
Query: 512, nThreads: 1, warmup: 4
====================================================================================================
(ns)
Load index... Graph level 5..
Total end-to-end search time: 374232970 ns
Total end-to-end search time: 352269701 ns
Total end-to-end search time: 363560951 ns
Total end-to-end search time: 375898151 ns
Total end-to-end search time: 374967081 ns
Query: 512, nThreads: 1, warmup: 4
====================================================================================================
(ns)
Load index... Graph level 5..
Total end-to-end search time: 374494626 ns
Total end-to-end search time: 350362763 ns
Total end-to-end search time: 362234802 ns
Total end-to-end search time: 374132329 ns
Total end-to-end search time: 372765882 ns
Query: 512, nThreads: 1, warmup: 4
====================================================================================================
(ns)
Load index... Graph level 5..
Total end-to-end search time: 375761401 ns
Total end-to-end search time: 351899578 ns
Total end-to-end search time: 363307419 ns
Total end-to-end search time: 375729505 ns
Total end-to-end search time: 374631876 ns
Query: 512, nThreads: 1, warmup: 4
====================================================================================================
(ns)
Load index... Graph level 5..
Total end-to-end search time: 374656431 ns
Total end-to-end search time: 351386116 ns
Total end-to-end search time: 361870824 ns
Total end-to-end search time: 373987176 ns
Total end-to-end search time: 374991919 ns
Query: 512, nThreads: 1, warmup: 4
====================================================================================================
(ns)
Load index... Graph level 5..
Total end-to-end search time: 374483239 ns
Total end-to-end search time: 351631949 ns
Total end-to-end search time: 361347117 ns
Total end-to-end search time: 374521313 ns
Total end-to-end search time: 373884557 ns
Query: 512, nThreads: 1, warmup: 4
====================================================================================================
(ns)
Load index... Graph level 5..
Total end-to-end search time: 374812154 ns
Total end-to-end search time: 350992056 ns
Total end-to-end search time: 361304355 ns
Total end-to-end search time: 375312678 ns
Total end-to-end search time: 374125295 ns
Query: 512, nThreads: 1, warmup: 4
====================================================================================================
(ns)
Load index... Graph level 5..
Total end-to-end search time: 374600585 ns
Total end-to-end search time: 351513878 ns
Total end-to-end search time: 362677492 ns
Total end-to-end search time: 374573647 ns
Total end-to-end search time: 373739428 ns
Query: 512, nThreads: 1, warmup: 4
====================================================================================================
(ns)
Load index... Graph level 5..
Total end-to-end search time: 375216945 ns
Total end-to-end search time: 353427332 ns
Total end-to-end search time: 364294869 ns
Total end-to-end search time: 375068005 ns
Total end-to-end search time: 376455667 ns
Query: 512, nThreads: 1, warmup: 4
====================================================================================================
(ns)
Load index... Graph level 5..
Total end-to-end search time: 374300047 ns
Total end-to-end search time: 351828176 ns
Total end-to-end search time: 361748842 ns
Total end-to-end search time: 374973967 ns
Total end-to-end search time: 373299937 ns
Query: 512, nThreads: 1, warmup: 4
====================================================================================================
(ns)
Load index... Graph level 5..
Total end-to-end search time: 376548308 ns
Total end-to-end search time: 352824735 ns
Total end-to-end search time: 363791245 ns
Total end-to-end search time: 375697793 ns
Total end-to-end search time: 374309967 ns
Query: 512, nThreads: 1, warmup: 4
====================================================================================================
(ns)
Load index... Graph level 5..
Total end-to-end search time: 374001333 ns
Total end-to-end search time: 351128591 ns
Total end-to-end search time: 361190921 ns
Total end-to-end search time: 373150078 ns
Total end-to-end search time: 375017621 ns
Query: 512, nThreads: 1, warmup: 4
====================================================================================================
(ns)
Load index... Graph level 5..
Total end-to-end search time: 374634133 ns
Total end-to-end search time: 351222953 ns
Total end-to-end search time: 361372164 ns
Total end-to-end search time: 374197866 ns
Total end-to-end search time: 372572329 ns
Query: 512, nThreads: 1, warmup: 4
====================================================================================================
(ns)
Load index... Graph level 5..
Total end-to-end search time: 375438206 ns
Total end-to-end search time: 351618239 ns
Total end-to-end search time: 362713640 ns
Total end-to-end search time: 375304769 ns
Total end-to-end search time: 375135406 ns
Query: 512, nThreads: 1, warmup: 4
====================================================================================================
(ns)
Load index... Graph level 5..
Total end-to-end search time: 374344572 ns
Total end-to-end search time: 351196826 ns
Total end-to-end search time: 362651601 ns
Total end-to-end search time: 374133214 ns
Total end-to-end search time: 372593608 ns
Query: 512, nThreads: 1, warmup: 4
====================================================================================================
(ns)
Load index... Graph level 5..
Total end-to-end search time: 376226747 ns
Total end-to-end search time: 353675594 ns
Total end-to-end search time: 363662558 ns
Total end-to-end search time: 375781691 ns
Total end-to-end search time: 374220936 ns
Query: 512, nThreads: 1, warmup: 4
====================================================================================================
(ns)
Load index... Graph level 5..
Total end-to-end search time: 373387260 ns
Total end-to-end search time: 350692824 ns
Total end-to-end search time: 360832878 ns
Total end-to-end search time: 373976610 ns
Total end-to-end search time: 372282272 ns
Query: 512, nThreads: 1, warmup: 4
====================================================================================================
(ns)
Load index... Graph level 5..
Total end-to-end search time: 376450053 ns
Total end-to-end search time: 352393845 ns
Total end-to-end search time: 363062528 ns
Total end-to-end search time: 376756532 ns
Total end-to-end search time: 375775501 ns
Query: 512, nThreads: 1, warmup: 4
====================================================================================================
(ns)
Load index... Graph level 5..
Total end-to-end search time: 374451515 ns
Total end-to-end search time: 350786762 ns
Total end-to-end search time: 361603075 ns
Total end-to-end search time: 374334867 ns
Total end-to-end search time: 374278729 ns
Query: 512, nThreads: 1, warmup: 4
====================================================================================================
(ns)
Load index... Graph level 5..
Total end-to-end search time: 373225559 ns
Total end-to-end search time: 351091072 ns
Total end-to-end search time: 361272902 ns
Total end-to-end search time: 373876728 ns
Total end-to-end search time: 372155905 ns
Query: 512, nThreads: 1, warmup: 4
====================================================================================================
(ns)
Load index... Graph level 5..
Total end-to-end search time: 373563170 ns
Total end-to-end search time: 350788327 ns
Total end-to-end search time: 363162721 ns
Total end-to-end search time: 375945490 ns
Total end-to-end search time: 374747386 ns
Query: 512, nThreads: 1, warmup: 4
====================================================================================================
(ns)
Load index... Graph level 5..
Total end-to-end search time: 374788365 ns
Total end-to-end search time: 350731104 ns
Total end-to-end search time: 361814961 ns
Total end-to-end search time: 374693059 ns
Total end-to-end search time: 373494656 ns
Query: 512, nThreads: 1, warmup: 4
====================================================================================================
(ns)
Load index... Graph level 5..
Total end-to-end search time: 375453579 ns
Total end-to-end search time: 352716618 ns
Total end-to-end search time: 363461961 ns
Total end-to-end search time: 376323721 ns
Total end-to-end search time: 374986625 ns
Query: 512, nThreads: 1, warmup: 4
====================================================================================================
(ns)
Load index... Graph level 5..
Total end-to-end search time: 374208191 ns
Total end-to-end search time: 350464440 ns
Total end-to-end search time: 361671428 ns
Total end-to-end search time: 374064361 ns
Total end-to-end search time: 373844577 ns
Query: 512, nThreads: 1, warmup: 4
====================================================================================================
(ns)
Load index... Graph level 5..
Total end-to-end search time: 375565948 ns
Total end-to-end search time: 353059230 ns
Total end-to-end search time: 363411037 ns
Total end-to-end search time: 375577698 ns
Total end-to-end search time: 375124420 ns
Query: 512, nThreads: 1, warmup: 4
====================================================================================================
(ns)
Load index... Graph level 5..
Total end-to-end search time: 373921414 ns
Total end-to-end search time: 351565499 ns
Total end-to-end search time: 361586350 ns
Total end-to-end search time: 373652490 ns
Total end-to-end search time: 374823520 ns
Query: 512, nThreads: 1, warmup: 4
====================================================================================================
(ns)
Load index... Graph level 5..
Total end-to-end search time: 374478745 ns
Total end-to-end search time: 351158965 ns
Total end-to-end search time: 361441630 ns
Total end-to-end search time: 374400612 ns
Total end-to-end search time: 372344008 ns
Query: 512, nThreads: 1, warmup: 4
====================================================================================================
(ns)
Load index... Graph level 5..
Total end-to-end search time: 373859788 ns
Total end-to-end search time: 350194111 ns
Total end-to-end search time: 363633889 ns
Total end-to-end search time: 376053102 ns
Total end-to-end search time: 374543450 ns
