Query: 512, nThreads: 32, warmup: 4
====================================================================================================
(ns)
Load index... Graph level 5..
Total end-to-end search time: 408196488 ns
Total end-to-end search time: 367355671 ns
Total end-to-end search time: 377917446 ns
Total end-to-end search time: 391660295 ns
Total end-to-end search time: 389712479 ns
Query: 512, nThreads: 32, warmup: 4
====================================================================================================
(ns)
Load index... Graph level 5..
Total end-to-end search time: 408956470 ns
Total end-to-end search time: 367384649 ns
Total end-to-end search time: 378014922 ns
Total end-to-end search time: 390788124 ns
Total end-to-end search time: 390411542 ns
Query: 512, nThreads: 32, warmup: 4
====================================================================================================
(ns)
Load index... Graph level 5..
Total end-to-end search time: 408159140 ns
Total end-to-end search time: 367445565 ns
Total end-to-end search time: 378460106 ns
Total end-to-end search time: 391054515 ns
Total end-to-end search time: 390622634 ns
Query: 512, nThreads: 32, warmup: 4
====================================================================================================
(ns)
Load index... Graph level 5..
Total end-to-end search time: 408846325 ns
Total end-to-end search time: 368440445 ns
Total end-to-end search time: 378308176 ns
Total end-to-end search time: 390558216 ns
Total end-to-end search time: 389374210 ns
Query: 512, nThreads: 32, warmup: 4
====================================================================================================
(ns)
Load index... Graph level 5..
Total end-to-end search time: 407318607 ns
Total end-to-end search time: 367598212 ns
Total end-to-end search time: 378847636 ns
Total end-to-end search time: 391703473 ns
Total end-to-end search time: 390428682 ns
Query: 512, nThreads: 32, warmup: 4
====================================================================================================
(ns)
Load index... Graph level 5..
Total end-to-end search time: 408958122 ns
Total end-to-end search time: 366627829 ns
Total end-to-end search time: 378566715 ns
Total end-to-end search time: 391442810 ns
Total end-to-end search time: 390647361 ns
Query: 512, nThreads: 32, warmup: 4
====================================================================================================
(ns)
Load index... Graph level 5..
Total end-to-end search time: 407283425 ns
Total end-to-end search time: 368457327 ns
Total end-to-end search time: 379000904 ns
Total end-to-end search time: 391188951 ns
Total end-to-end search time: 389775171 ns
Query: 512, nThreads: 32, warmup: 4
====================================================================================================
(ns)
Load index... Graph level 5..
Total end-to-end search time: 409030667 ns
Total end-to-end search time: 366980715 ns
Total end-to-end search time: 377982071 ns
Total end-to-end search time: 391690245 ns
Total end-to-end search time: 390675579 ns
Query: 512, nThreads: 32, warmup: 4
====================================================================================================
(ns)
Load index... Graph level 5..
Total end-to-end search time: 407476906 ns
Total end-to-end search time: 366622279 ns
Total end-to-end search time: 379800833 ns
Total end-to-end search time: 390375611 ns
Total end-to-end search time: 389908821 ns
Query: 512, nThreads: 32, warmup: 4
====================================================================================================
(ns)
Load index... Graph level 5..
Total end-to-end search time: 408307815 ns
Total end-to-end search time: 366740867 ns
Total end-to-end search time: 377980704 ns
Total end-to-end search time: 391283964 ns
Total end-to-end search time: 389920795 ns
Query: 512, nThreads: 32, warmup: 4
====================================================================================================
(ns)
Load index... Graph level 5..
Total end-to-end search time: 407278691 ns
Total end-to-end search time: 367796589 ns
Total end-to-end search time: 378313853 ns
Total end-to-end search time: 390863174 ns
Total end-to-end search time: 390153536 ns
Query: 512, nThreads: 32, warmup: 4
====================================================================================================
(ns)
Load index... Graph level 5..
Total end-to-end search time: 408702826 ns
Total end-to-end search time: 367890397 ns
Total end-to-end search time: 378608738 ns
Total end-to-end search time: 390909292 ns
Total end-to-end search time: 389495388 ns
Query: 512, nThreads: 32, warmup: 4
====================================================================================================
(ns)
Load index... Graph level 5..
Total end-to-end search time: 408134389 ns
Total end-to-end search time: 367654992 ns
Total end-to-end search time: 377996907 ns
Total end-to-end search time: 391126613 ns
Total end-to-end search time: 391033497 ns
Query: 512, nThreads: 32, warmup: 4
====================================================================================================
(ns)
Load index... Graph level 5..
Total end-to-end search time: 407269844 ns
Total end-to-end search time: 366575339 ns
Total end-to-end search time: 377703503 ns
Total end-to-end search time: 391693051 ns
Total end-to-end search time: 389909814 ns
Query: 512, nThreads: 32, warmup: 4
====================================================================================================
(ns)
Load index... Graph level 5..
Total end-to-end search time: 407490912 ns
Total end-to-end search time: 367336175 ns
Total end-to-end search time: 379170254 ns
Total end-to-end search time: 391164093 ns
Total end-to-end search time: 390074563 ns
Query: 512, nThreads: 32, warmup: 4
====================================================================================================
(ns)
Load index... Graph level 5..
Total end-to-end search time: 407299945 ns
Total end-to-end search time: 368375991 ns
Total end-to-end search time: 378229956 ns
Total end-to-end search time: 390139729 ns
Total end-to-end search time: 390466095 ns
Query: 512, nThreads: 32, warmup: 4
====================================================================================================
(ns)
Load index... Graph level 5..
Total end-to-end search time: 408002789 ns
Total end-to-end search time: 367277908 ns
Total end-to-end search time: 378229520 ns
Total end-to-end search time: 390272372 ns
Total end-to-end search time: 389993223 ns
Query: 512, nThreads: 32, warmup: 4
====================================================================================================
(ns)
Load index... Graph level 5..
Total end-to-end search time: 407337103 ns
Total end-to-end search time: 366539364 ns
Total end-to-end search time: 378119815 ns
Total end-to-end search time: 391003878 ns
Total end-to-end search time: 389501349 ns
Query: 512, nThreads: 32, warmup: 4
====================================================================================================
(ns)
Load index... Graph level 5..
Total end-to-end search time: 407793628 ns
Total end-to-end search time: 367039445 ns
Total end-to-end search time: 378476769 ns
Total end-to-end search time: 391418901 ns
Total end-to-end search time: 390343705 ns
Query: 512, nThreads: 32, warmup: 4
====================================================================================================
(ns)
Load index... Graph level 5..
Total end-to-end search time: 407795419 ns
Total end-to-end search time: 368034304 ns
Total end-to-end search time: 379406682 ns
Total end-to-end search time: 390487860 ns
Total end-to-end search time: 389732768 ns
Query: 512, nThreads: 32, warmup: 4
====================================================================================================
(ns)
Load index... Graph level 5..
Total end-to-end search time: 407643322 ns
Total end-to-end search time: 367521821 ns
Total end-to-end search time: 378266454 ns
Total end-to-end search time: 391029534 ns
Total end-to-end search time: 390302384 ns
Query: 512, nThreads: 32, warmup: 4
====================================================================================================
(ns)
Load index... Graph level 5..
Total end-to-end search time: 406952078 ns
Total end-to-end search time: 366661485 ns
Total end-to-end search time: 377944538 ns
Total end-to-end search time: 390229337 ns
Total end-to-end search time: 390131133 ns
Query: 512, nThreads: 32, warmup: 4
====================================================================================================
(ns)
Load index... Graph level 5..
Total end-to-end search time: 408193252 ns
Total end-to-end search time: 366689813 ns
Total end-to-end search time: 378064108 ns
Total end-to-end search time: 391118880 ns
Total end-to-end search time: 389300508 ns
Query: 512, nThreads: 32, warmup: 4
====================================================================================================
(ns)
Load index... Graph level 5..
Total end-to-end search time: 408444650 ns
Total end-to-end search time: 367768851 ns
Total end-to-end search time: 377795319 ns
Total end-to-end search time: 391480171 ns
Total end-to-end search time: 389916771 ns
Query: 512, nThreads: 32, warmup: 4
====================================================================================================
(ns)
Load index... Graph level 5..
Total end-to-end search time: 407458034 ns
Total end-to-end search time: 368003765 ns
Total end-to-end search time: 378334540 ns
Total end-to-end search time: 390640407 ns
Total end-to-end search time: 390576323 ns
Query: 512, nThreads: 32, warmup: 4
====================================================================================================
(ns)
Load index... Graph level 5..
Total end-to-end search time: 408317806 ns
Total end-to-end search time: 366463360 ns
Total end-to-end search time: 378032833 ns
Total end-to-end search time: 390783726 ns
Total end-to-end search time: 389560387 ns
Query: 512, nThreads: 32, warmup: 4
====================================================================================================
(ns)
Load index... Graph level 5..
Total end-to-end search time: 408319790 ns
Total end-to-end search time: 367401816 ns
Total end-to-end search time: 378795046 ns
Total end-to-end search time: 390570290 ns
Total end-to-end search time: 389541445 ns
Query: 512, nThreads: 32, warmup: 4
====================================================================================================
(ns)
Load index... Graph level 5..
Total end-to-end search time: 407778817 ns
Total end-to-end search time: 367357998 ns
Total end-to-end search time: 378543913 ns
Total end-to-end search time: 391027442 ns
Total end-to-end search time: 389635463 ns
Query: 512, nThreads: 32, warmup: 4
====================================================================================================
(ns)
Load index... Graph level 5..
Total end-to-end search time: 408013758 ns
Total end-to-end search time: 367105446 ns
Total end-to-end search time: 379073598 ns
Total end-to-end search time: 391157164 ns
Total end-to-end search time: 389918582 ns
Query: 512, nThreads: 32, warmup: 4
====================================================================================================
(ns)
Load index... Graph level 5..
Total end-to-end search time: 408573843 ns
Total end-to-end search time: 368008736 ns
Total end-to-end search time: 379394518 ns
Total end-to-end search time: 390895770 ns
Total end-to-end search time: 390439348 ns
