Query: 64, nThreads: 32, warmup: 16
====================================================================================================
(ns)
Load index... Graph level 5..
Total end-to-end search time: 46433978 ns
Total end-to-end search time: 39446390 ns
Total end-to-end search time: 46365138 ns
Total end-to-end search time: 48375355 ns
Total end-to-end search time: 50399919 ns
Total end-to-end search time: 50094823 ns
Total end-to-end search time: 50388997 ns
Total end-to-end search time: 43389019 ns
Total end-to-end search time: 45203486 ns
Total end-to-end search time: 39500252 ns
Total end-to-end search time: 36887952 ns
Total end-to-end search time: 44223298 ns
Total end-to-end search time: 41636300 ns
Total end-to-end search time: 48677477 ns
Total end-to-end search time: 49622272 ns
Total end-to-end search time: 46559414 ns
Total end-to-end search time: 46379452 ns
Query: 64, nThreads: 32, warmup: 16
====================================================================================================
(ns)
Load index... Graph level 5..
Total end-to-end search time: 46630624 ns
Total end-to-end search time: 39465063 ns
Total end-to-end search time: 46208997 ns
Total end-to-end search time: 48483999 ns
Total end-to-end search time: 50279367 ns
Total end-to-end search time: 49843583 ns
Total end-to-end search time: 50112252 ns
Total end-to-end search time: 43151103 ns
Total end-to-end search time: 45002199 ns
Total end-to-end search time: 39552009 ns
Total end-to-end search time: 37086398 ns
Total end-to-end search time: 44151164 ns
Total end-to-end search time: 41296581 ns
Total end-to-end search time: 48220096 ns
Total end-to-end search time: 49040038 ns
Total end-to-end search time: 46148808 ns
Total end-to-end search time: 45817870 ns
Query: 64, nThreads: 32, warmup: 16
====================================================================================================
(ns)
Load index... Graph level 5..
Total end-to-end search time: 46407629 ns
Total end-to-end search time: 39395806 ns
Total end-to-end search time: 46252627 ns
Total end-to-end search time: 48285577 ns
Total end-to-end search time: 50132994 ns
Total end-to-end search time: 50088410 ns
Total end-to-end search time: 50350878 ns
Total end-to-end search time: 43228261 ns
Total end-to-end search time: 45253375 ns
Total end-to-end search time: 39601226 ns
Total end-to-end search time: 36872087 ns
Total end-to-end search time: 44154677 ns
Total end-to-end search time: 41343990 ns
Total end-to-end search time: 48386789 ns
Total end-to-end search time: 49575276 ns
Total end-to-end search time: 46272654 ns
Total end-to-end search time: 45969822 ns
Query: 64, nThreads: 32, warmup: 16
====================================================================================================
(ns)
Load index... Graph level 5..
Total end-to-end search time: 46363068 ns
Total end-to-end search time: 39474360 ns
Total end-to-end search time: 46543010 ns
Total end-to-end search time: 48547916 ns
Total end-to-end search time: 50248049 ns
Total end-to-end search time: 50147358 ns
Total end-to-end search time: 50294298 ns
Total end-to-end search time: 43282474 ns
Total end-to-end search time: 45175016 ns
Total end-to-end search time: 39588638 ns
Total end-to-end search time: 37017407 ns
Total end-to-end search time: 44541986 ns
Total end-to-end search time: 41537240 ns
Total end-to-end search time: 48454434 ns
Total end-to-end search time: 49275221 ns
Total end-to-end search time: 46067734 ns
Total end-to-end search time: 46045787 ns
Query: 64, nThreads: 32, warmup: 16
====================================================================================================
(ns)
Load index... Graph level 5..
Total end-to-end search time: 46529042 ns
Total end-to-end search time: 39810355 ns
Total end-to-end search time: 46388093 ns
Total end-to-end search time: 48339551 ns
Total end-to-end search time: 50417763 ns
Total end-to-end search time: 49860275 ns
Total end-to-end search time: 50000254 ns
Total end-to-end search time: 43188884 ns
Total end-to-end search time: 45113001 ns
Total end-to-end search time: 39593305 ns
Total end-to-end search time: 36909919 ns
Total end-to-end search time: 44178655 ns
Total end-to-end search time: 41458101 ns
Total end-to-end search time: 48444919 ns
Total end-to-end search time: 49304175 ns
Total end-to-end search time: 46077995 ns
Total end-to-end search time: 45978365 ns
Query: 64, nThreads: 32, warmup: 16
====================================================================================================
(ns)
Load index... Graph level 5..
Total end-to-end search time: 46265095 ns
Total end-to-end search time: 39524981 ns
Total end-to-end search time: 46287311 ns
Total end-to-end search time: 48140996 ns
Total end-to-end search time: 50068374 ns
Total end-to-end search time: 49972600 ns
Total end-to-end search time: 49939723 ns
Total end-to-end search time: 43021913 ns
Total end-to-end search time: 45000058 ns
Total end-to-end search time: 39451552 ns
Total end-to-end search time: 36910675 ns
Total end-to-end search time: 44293142 ns
Total end-to-end search time: 41523295 ns
Total end-to-end search time: 48464678 ns
Total end-to-end search time: 49351817 ns
Total end-to-end search time: 46047946 ns
Total end-to-end search time: 45767057 ns
Query: 64, nThreads: 32, warmup: 16
====================================================================================================
(ns)
Load index... Graph level 5..
Total end-to-end search time: 46540422 ns
Total end-to-end search time: 39625574 ns
Total end-to-end search time: 46649725 ns
Total end-to-end search time: 48619335 ns
Total end-to-end search time: 50450638 ns
Total end-to-end search time: 50193807 ns
Total end-to-end search time: 50287379 ns
Total end-to-end search time: 43269643 ns
Total end-to-end search time: 45261109 ns
Total end-to-end search time: 39948672 ns
Total end-to-end search time: 37105714 ns
Total end-to-end search time: 44436777 ns
Total end-to-end search time: 41584991 ns
Total end-to-end search time: 48431846 ns
Total end-to-end search time: 49637907 ns
Total end-to-end search time: 46436714 ns
Total end-to-end search time: 46094206 ns
Query: 64, nThreads: 32, warmup: 16
====================================================================================================
(ns)
Load index... Graph level 5..
Total end-to-end search time: 46595041 ns
Total end-to-end search time: 39514093 ns
Total end-to-end search time: 46257782 ns
Total end-to-end search time: 48424459 ns
Total end-to-end search time: 50217228 ns
Total end-to-end search time: 49841538 ns
Total end-to-end search time: 50012739 ns
Total end-to-end search time: 43146717 ns
Total end-to-end search time: 44944189 ns
Total end-to-end search time: 39597568 ns
Total end-to-end search time: 37016551 ns
Total end-to-end search time: 44170205 ns
Total end-to-end search time: 41369518 ns
Total end-to-end search time: 48326478 ns
Total end-to-end search time: 49140606 ns
Total end-to-end search time: 46209031 ns
Total end-to-end search time: 45735666 ns
Query: 64, nThreads: 32, warmup: 16
====================================================================================================
(ns)
Load index... Graph level 5..
Total end-to-end search time: 46375472 ns
Total end-to-end search time: 39690751 ns
Total end-to-end search time: 46555450 ns
Total end-to-end search time: 48468740 ns
Total end-to-end search time: 50221883 ns
Total end-to-end search time: 50067672 ns
Total end-to-end search time: 50182529 ns
Total end-to-end search time: 43319217 ns
Total end-to-end search time: 45171875 ns
Total end-to-end search time: 39585622 ns
Total end-to-end search time: 36955151 ns
Total end-to-end search time: 44198434 ns
Total end-to-end search time: 41398839 ns
Total end-to-end search time: 48289371 ns
Total end-to-end search time: 49137417 ns
Total end-to-end search time: 46328983 ns
Total end-to-end search time: 46055207 ns
Query: 64, nThreads: 32, warmup: 16
====================================================================================================
(ns)
Load index... Graph level 5..
Total end-to-end search time: 46589208 ns
Total end-to-end search time: 39793219 ns
Total end-to-end search time: 46707557 ns
Total end-to-end search time: 48658037 ns
Total end-to-end search time: 50405688 ns
Total end-to-end search time: 50230319 ns
Total end-to-end search time: 50682895 ns
Total end-to-end search time: 43551141 ns
Total end-to-end search time: 45463408 ns
Total end-to-end search time: 39807726 ns
Total end-to-end search time: 37193156 ns
Total end-to-end search time: 44409295 ns
Total end-to-end search time: 41750445 ns
Total end-to-end search time: 48638120 ns
Total end-to-end search time: 49603046 ns
Total end-to-end search time: 46424469 ns
Total end-to-end search time: 46109444 ns
Query: 64, nThreads: 32, warmup: 16
====================================================================================================
(ns)
Load index... Graph level 5..
Total end-to-end search time: 46417831 ns
Total end-to-end search time: 39450385 ns
Total end-to-end search time: 46364196 ns
Total end-to-end search time: 48232307 ns
Total end-to-end search time: 50125020 ns
Total end-to-end search time: 49835736 ns
Total end-to-end search time: 50133228 ns
Total end-to-end search time: 43021501 ns
Total end-to-end search time: 45083628 ns
Total end-to-end search time: 39499573 ns
Total end-to-end search time: 36893266 ns
Total end-to-end search time: 44077920 ns
Total end-to-end search time: 41316472 ns
Total end-to-end search time: 48249951 ns
Total end-to-end search time: 49236728 ns
Total end-to-end search time: 46161964 ns
Total end-to-end search time: 45832982 ns
Query: 64, nThreads: 32, warmup: 16
====================================================================================================
(ns)
Load index... Graph level 5..
Total end-to-end search time: 46368472 ns
Total end-to-end search time: 39712392 ns
Total end-to-end search time: 46584548 ns
Total end-to-end search time: 48330203 ns
Total end-to-end search time: 50306894 ns
Total end-to-end search time: 49917208 ns
Total end-to-end search time: 50103861 ns
Total end-to-end search time: 43120830 ns
Total end-to-end search time: 45293168 ns
Total end-to-end search time: 39588582 ns
Total end-to-end search time: 37263397 ns
Total end-to-end search time: 44114405 ns
Total end-to-end search time: 41362108 ns
Total end-to-end search time: 48465963 ns
Total end-to-end search time: 49108586 ns
Total end-to-end search time: 46026740 ns
Total end-to-end search time: 45909443 ns
Query: 64, nThreads: 32, warmup: 16
====================================================================================================
(ns)
Load index... Graph level 5..
Total end-to-end search time: 46679809 ns
Total end-to-end search time: 39437947 ns
Total end-to-end search time: 46454249 ns
Total end-to-end search time: 48418673 ns
Total end-to-end search time: 50126091 ns
Total end-to-end search time: 49853469 ns
Total end-to-end search time: 50044343 ns
Total end-to-end search time: 43305572 ns
Total end-to-end search time: 45237395 ns
Total end-to-end search time: 39678877 ns
Total end-to-end search time: 37045553 ns
Total end-to-end search time: 44041650 ns
Total end-to-end search time: 41357570 ns
Total end-to-end search time: 48123226 ns
Total end-to-end search time: 49467163 ns
Total end-to-end search time: 46018444 ns
Total end-to-end search time: 45775870 ns
Query: 64, nThreads: 32, warmup: 16
====================================================================================================
(ns)
Load index... Graph level 5..
Total end-to-end search time: 46655605 ns
Total end-to-end search time: 39529627 ns
Total end-to-end search time: 46322782 ns
Total end-to-end search time: 48559542 ns
Total end-to-end search time: 50288778 ns
Total end-to-end search time: 49953724 ns
Total end-to-end search time: 50115910 ns
Total end-to-end search time: 43173941 ns
Total end-to-end search time: 45192610 ns
Total end-to-end search time: 39777251 ns
Total end-to-end search time: 37089093 ns
Total end-to-end search time: 44430802 ns
Total end-to-end search time: 41625409 ns
Total end-to-end search time: 48454868 ns
Total end-to-end search time: 49060488 ns
Total end-to-end search time: 46013658 ns
Total end-to-end search time: 46083263 ns
Query: 64, nThreads: 32, warmup: 16
====================================================================================================
(ns)
Load index... Graph level 5..
Total end-to-end search time: 46439664 ns
Total end-to-end search time: 39693642 ns
Total end-to-end search time: 46552265 ns
Total end-to-end search time: 48450745 ns
Total end-to-end search time: 50290563 ns
Total end-to-end search time: 50260990 ns
Total end-to-end search time: 50197310 ns
Total end-to-end search time: 43316427 ns
Total end-to-end search time: 45389291 ns
Total end-to-end search time: 39883687 ns
Total end-to-end search time: 37337461 ns
Total end-to-end search time: 44524359 ns
Total end-to-end search time: 41557855 ns
Total end-to-end search time: 48610357 ns
Total end-to-end search time: 49496040 ns
Total end-to-end search time: 46303888 ns
Total end-to-end search time: 45995049 ns
Query: 64, nThreads: 32, warmup: 16
====================================================================================================
(ns)
Load index... Graph level 5..
Total end-to-end search time: 46412634 ns
Total end-to-end search time: 39459003 ns
Total end-to-end search time: 46180870 ns
Total end-to-end search time: 48444189 ns
Total end-to-end search time: 50157729 ns
Total end-to-end search time: 50055186 ns
Total end-to-end search time: 50039188 ns
Total end-to-end search time: 43216851 ns
Total end-to-end search time: 45029848 ns
Total end-to-end search time: 39547950 ns
Total end-to-end search time: 37149093 ns
Total end-to-end search time: 44102522 ns
Total end-to-end search time: 41271468 ns
Total end-to-end search time: 48206312 ns
Total end-to-end search time: 49013875 ns
Total end-to-end search time: 45933407 ns
Total end-to-end search time: 45733847 ns
Query: 64, nThreads: 32, warmup: 16
====================================================================================================
(ns)
Load index... Graph level 5..
Total end-to-end search time: 46555815 ns
Total end-to-end search time: 39503885 ns
Total end-to-end search time: 46380257 ns
Total end-to-end search time: 48349129 ns
Total end-to-end search time: 50277611 ns
Total end-to-end search time: 49880931 ns
Total end-to-end search time: 50161341 ns
Total end-to-end search time: 43193305 ns
Total end-to-end search time: 44928531 ns
Total end-to-end search time: 39449950 ns
Total end-to-end search time: 36887035 ns
Total end-to-end search time: 44268089 ns
Total end-to-end search time: 41331411 ns
Total end-to-end search time: 48115164 ns
Total end-to-end search time: 49070815 ns
Total end-to-end search time: 46080321 ns
Total end-to-end search time: 45884630 ns
Query: 64, nThreads: 32, warmup: 16
====================================================================================================
(ns)
Load index... Graph level 5..
Total end-to-end search time: 46473951 ns
Total end-to-end search time: 39686603 ns
Total end-to-end search time: 46513408 ns
Total end-to-end search time: 48696623 ns
Total end-to-end search time: 50372357 ns
Total end-to-end search time: 50100551 ns
Total end-to-end search time: 50271705 ns
Total end-to-end search time: 43323608 ns
Total end-to-end search time: 45243861 ns
Total end-to-end search time: 39619047 ns
Total end-to-end search time: 37000924 ns
Total end-to-end search time: 44326021 ns
Total end-to-end search time: 41613854 ns
Total end-to-end search time: 48573999 ns
Total end-to-end search time: 49222513 ns
Total end-to-end search time: 46348746 ns
Total end-to-end search time: 46028446 ns
Query: 64, nThreads: 32, warmup: 16
====================================================================================================
(ns)
Load index... Graph level 5..
Total end-to-end search time: 46474684 ns
Total end-to-end search time: 39532987 ns
Total end-to-end search time: 46551242 ns
Total end-to-end search time: 48530213 ns
Total end-to-end search time: 50301216 ns
Total end-to-end search time: 50003438 ns
Total end-to-end search time: 50110422 ns
Total end-to-end search time: 43291244 ns
Total end-to-end search time: 45090911 ns
Total end-to-end search time: 39607306 ns
Total end-to-end search time: 36847086 ns
Total end-to-end search time: 44159248 ns
Total end-to-end search time: 41561487 ns
Total end-to-end search time: 48192183 ns
Total end-to-end search time: 49288149 ns
Total end-to-end search time: 46116985 ns
Total end-to-end search time: 45718271 ns
Query: 64, nThreads: 32, warmup: 16
====================================================================================================
(ns)
Load index... Graph level 5..
Total end-to-end search time: 46741334 ns
Total end-to-end search time: 39642100 ns
Total end-to-end search time: 46389134 ns
Total end-to-end search time: 48377889 ns
Total end-to-end search time: 50105833 ns
Total end-to-end search time: 49845312 ns
Total end-to-end search time: 49918059 ns
Total end-to-end search time: 43054833 ns
Total end-to-end search time: 44956145 ns
Total end-to-end search time: 39468605 ns
Total end-to-end search time: 36954037 ns
Total end-to-end search time: 44073499 ns
Total end-to-end search time: 41388919 ns
Total end-to-end search time: 48098611 ns
Total end-to-end search time: 49092950 ns
Total end-to-end search time: 46180013 ns
Total end-to-end search time: 45739303 ns
Query: 64, nThreads: 32, warmup: 16
====================================================================================================
(ns)
Load index... Graph level 5..
Total end-to-end search time: 46596425 ns
Total end-to-end search time: 39547822 ns
Total end-to-end search time: 46391030 ns
Total end-to-end search time: 48507812 ns
Total end-to-end search time: 50376638 ns
Total end-to-end search time: 49935958 ns
Total end-to-end search time: 50573325 ns
Total end-to-end search time: 43475547 ns
Total end-to-end search time: 45556484 ns
Total end-to-end search time: 39982486 ns
Total end-to-end search time: 37288069 ns
Total end-to-end search time: 44427766 ns
Total end-to-end search time: 41665401 ns
Total end-to-end search time: 48477109 ns
Total end-to-end search time: 49215593 ns
Total end-to-end search time: 46216978 ns
Total end-to-end search time: 46068689 ns
Query: 64, nThreads: 32, warmup: 16
====================================================================================================
(ns)
Load index... Graph level 5..
Total end-to-end search time: 46563350 ns
Total end-to-end search time: 39361320 ns
Total end-to-end search time: 46258427 ns
Total end-to-end search time: 48377104 ns
Total end-to-end search time: 50384109 ns
Total end-to-end search time: 50125704 ns
Total end-to-end search time: 50271309 ns
Total end-to-end search time: 43140673 ns
Total end-to-end search time: 45008725 ns
Total end-to-end search time: 39584925 ns
Total end-to-end search time: 37223410 ns
Total end-to-end search time: 44150596 ns
Total end-to-end search time: 41326471 ns
Total end-to-end search time: 48271566 ns
Total end-to-end search time: 49058990 ns
Total end-to-end search time: 46043051 ns
Total end-to-end search time: 45820569 ns
Query: 64, nThreads: 32, warmup: 16
====================================================================================================
(ns)
Load index... Graph level 5..
Total end-to-end search time: 46372073 ns
Total end-to-end search time: 39525395 ns
Total end-to-end search time: 46521251 ns
Total end-to-end search time: 48437242 ns
Total end-to-end search time: 50034708 ns
Total end-to-end search time: 50036745 ns
Total end-to-end search time: 49976152 ns
Total end-to-end search time: 43136446 ns
Total end-to-end search time: 45041090 ns
Total end-to-end search time: 39539055 ns
Total end-to-end search time: 36842335 ns
Total end-to-end search time: 44104396 ns
Total end-to-end search time: 41331973 ns
Total end-to-end search time: 48165373 ns
Total end-to-end search time: 49162118 ns
Total end-to-end search time: 46225645 ns
Total end-to-end search time: 45816135 ns
Query: 64, nThreads: 32, warmup: 16
====================================================================================================
(ns)
Load index... Graph level 5..
Total end-to-end search time: 46394064 ns
Total end-to-end search time: 39476089 ns
Total end-to-end search time: 46099366 ns
Total end-to-end search time: 48321474 ns
Total end-to-end search time: 50285890 ns
Total end-to-end search time: 49725856 ns
Total end-to-end search time: 49944999 ns
Total end-to-end search time: 43183341 ns
Total end-to-end search time: 45117319 ns
Total end-to-end search time: 39735482 ns
Total end-to-end search time: 37101644 ns
Total end-to-end search time: 44240539 ns
Total end-to-end search time: 41559101 ns
Total end-to-end search time: 48212744 ns
Total end-to-end search time: 49040182 ns
Total end-to-end search time: 45982185 ns
Total end-to-end search time: 45773773 ns
Query: 64, nThreads: 32, warmup: 16
====================================================================================================
(ns)
Load index... Graph level 5..
Total end-to-end search time: 46224687 ns
Total end-to-end search time: 39664401 ns
Total end-to-end search time: 46325149 ns
Total end-to-end search time: 48397317 ns
Total end-to-end search time: 50332107 ns
Total end-to-end search time: 49947315 ns
Total end-to-end search time: 50151997 ns
Total end-to-end search time: 43283006 ns
Total end-to-end search time: 45171363 ns
Total end-to-end search time: 39643927 ns
Total end-to-end search time: 36985331 ns
Total end-to-end search time: 44098808 ns
Total end-to-end search time: 41311449 ns
Total end-to-end search time: 48198729 ns
Total end-to-end search time: 49150533 ns
Total end-to-end search time: 46205623 ns
Total end-to-end search time: 45752150 ns
Query: 64, nThreads: 32, warmup: 16
====================================================================================================
(ns)
Load index... Graph level 5..
Total end-to-end search time: 46464031 ns
Total end-to-end search time: 39461997 ns
Total end-to-end search time: 46278525 ns
Total end-to-end search time: 48355175 ns
Total end-to-end search time: 50132305 ns
Total end-to-end search time: 49897090 ns
Total end-to-end search time: 50185898 ns
Total end-to-end search time: 43338335 ns
Total end-to-end search time: 45117460 ns
Total end-to-end search time: 39688957 ns
Total end-to-end search time: 37140386 ns
Total end-to-end search time: 44329767 ns
Total end-to-end search time: 41409638 ns
Total end-to-end search time: 48496206 ns
Total end-to-end search time: 49291136 ns
Total end-to-end search time: 46147821 ns
Total end-to-end search time: 46068518 ns
Query: 64, nThreads: 32, warmup: 16
====================================================================================================
(ns)
Load index... Graph level 5..
Total end-to-end search time: 46300681 ns
Total end-to-end search time: 39441566 ns
Total end-to-end search time: 46155581 ns
Total end-to-end search time: 48360373 ns
Total end-to-end search time: 50285509 ns
Total end-to-end search time: 49886538 ns
Total end-to-end search time: 50005404 ns
Total end-to-end search time: 43102602 ns
Total end-to-end search time: 44958244 ns
Total end-to-end search time: 39478682 ns
Total end-to-end search time: 36909285 ns
Total end-to-end search time: 44298321 ns
Total end-to-end search time: 41353336 ns
Total end-to-end search time: 48190027 ns
Total end-to-end search time: 49255331 ns
Total end-to-end search time: 46223362 ns
Total end-to-end search time: 45734766 ns
Query: 64, nThreads: 32, warmup: 16
====================================================================================================
(ns)
Load index... Graph level 5..
Total end-to-end search time: 46450301 ns
Total end-to-end search time: 39371986 ns
Total end-to-end search time: 46188440 ns
Total end-to-end search time: 48230571 ns
Total end-to-end search time: 50095294 ns
Total end-to-end search time: 49748313 ns
Total end-to-end search time: 49985731 ns
Total end-to-end search time: 43045691 ns
Total end-to-end search time: 44944328 ns
Total end-to-end search time: 39415070 ns
Total end-to-end search time: 36888386 ns
Total end-to-end search time: 44029661 ns
Total end-to-end search time: 41254052 ns
Total end-to-end search time: 48123067 ns
Total end-to-end search time: 49158678 ns
Total end-to-end search time: 46295513 ns
Total end-to-end search time: 45988287 ns
Query: 64, nThreads: 32, warmup: 16
====================================================================================================
(ns)
Load index... Graph level 5..
Total end-to-end search time: 46498461 ns
Total end-to-end search time: 39390069 ns
Total end-to-end search time: 46163014 ns
Total end-to-end search time: 48271647 ns
Total end-to-end search time: 50361449 ns
Total end-to-end search time: 50115564 ns
Total end-to-end search time: 50406594 ns
Total end-to-end search time: 43452089 ns
Total end-to-end search time: 45293166 ns
Total end-to-end search time: 39738707 ns
Total end-to-end search time: 37217265 ns
Total end-to-end search time: 44377269 ns
Total end-to-end search time: 41550880 ns
Total end-to-end search time: 48471009 ns
Total end-to-end search time: 49285400 ns
Total end-to-end search time: 46575820 ns
Total end-to-end search time: 45995223 ns
Query: 64, nThreads: 32, warmup: 16
====================================================================================================
(ns)
Load index... Graph level 5..
Total end-to-end search time: 46410734 ns
Total end-to-end search time: 39477921 ns
Total end-to-end search time: 46403815 ns
Total end-to-end search time: 48344188 ns
Total end-to-end search time: 50075318 ns
Total end-to-end search time: 49862292 ns
Total end-to-end search time: 50106010 ns
Total end-to-end search time: 43164627 ns
Total end-to-end search time: 45018390 ns
Total end-to-end search time: 39520968 ns
Total end-to-end search time: 37084363 ns
Total end-to-end search time: 44153574 ns
Total end-to-end search time: 41454745 ns
Total end-to-end search time: 48497101 ns
Total end-to-end search time: 49397753 ns
Total end-to-end search time: 46415476 ns
Total end-to-end search time: 45925274 ns
