Query: 64, nThreads: 2, warmup: 16
====================================================================================================
(ns)
Load index... Graph level 5..
Total end-to-end search time: 47883662 ns
Total end-to-end search time: 40188411 ns
Total end-to-end search time: 47151268 ns
Total end-to-end search time: 49180003 ns
Total end-to-end search time: 50870836 ns
Total end-to-end search time: 50862493 ns
Total end-to-end search time: 50990959 ns
Total end-to-end search time: 43817320 ns
Total end-to-end search time: 45728286 ns
Total end-to-end search time: 40176462 ns
Total end-to-end search time: 37566552 ns
Total end-to-end search time: 44949967 ns
Total end-to-end search time: 42086337 ns
Total end-to-end search time: 49080726 ns
Total end-to-end search time: 49758689 ns
Total end-to-end search time: 46789430 ns
Total end-to-end search time: 46712598 ns
Query: 64, nThreads: 2, warmup: 16
====================================================================================================
(ns)
Load index... Graph level 5..
Total end-to-end search time: 47781980 ns
Total end-to-end search time: 40159693 ns
Total end-to-end search time: 47178420 ns
Total end-to-end search time: 49032625 ns
Total end-to-end search time: 51066576 ns
Total end-to-end search time: 50655498 ns
Total end-to-end search time: 50837143 ns
Total end-to-end search time: 43686845 ns
Total end-to-end search time: 45621702 ns
Total end-to-end search time: 40058528 ns
Total end-to-end search time: 37452414 ns
Total end-to-end search time: 45035260 ns
Total end-to-end search time: 42270055 ns
Total end-to-end search time: 49011192 ns
Total end-to-end search time: 50036221 ns
Total end-to-end search time: 46734169 ns
Total end-to-end search time: 46795349 ns
Query: 64, nThreads: 2, warmup: 16
====================================================================================================
(ns)
Load index... Graph level 5..
Total end-to-end search time: 47800355 ns
Total end-to-end search time: 40264493 ns
Total end-to-end search time: 47041526 ns
Total end-to-end search time: 48974023 ns
Total end-to-end search time: 50823256 ns
Total end-to-end search time: 50796019 ns
Total end-to-end search time: 51253263 ns
Total end-to-end search time: 44037792 ns
Total end-to-end search time: 45819864 ns
Total end-to-end search time: 40317300 ns
Total end-to-end search time: 37464192 ns
Total end-to-end search time: 44763021 ns
Total end-to-end search time: 42012468 ns
Total end-to-end search time: 49010567 ns
Total end-to-end search time: 49924622 ns
Total end-to-end search time: 46770152 ns
Total end-to-end search time: 46480502 ns
Query: 64, nThreads: 2, warmup: 16
====================================================================================================
(ns)
Load index... Graph level 5..
Total end-to-end search time: 47722274 ns
Total end-to-end search time: 40034850 ns
Total end-to-end search time: 46907734 ns
Total end-to-end search time: 49265113 ns
Total end-to-end search time: 51002176 ns
Total end-to-end search time: 50764691 ns
Total end-to-end search time: 50873548 ns
Total end-to-end search time: 43753968 ns
Total end-to-end search time: 45803365 ns
Total end-to-end search time: 40076448 ns
Total end-to-end search time: 37455318 ns
Total end-to-end search time: 44919579 ns
Total end-to-end search time: 41987926 ns
Total end-to-end search time: 48950817 ns
Total end-to-end search time: 50021753 ns
Total end-to-end search time: 47009618 ns
Total end-to-end search time: 46698108 ns
Query: 64, nThreads: 2, warmup: 16
====================================================================================================
(ns)
Load index... Graph level 5..
Total end-to-end search time: 47765160 ns
Total end-to-end search time: 39985689 ns
Total end-to-end search time: 46849490 ns
Total end-to-end search time: 49025198 ns
Total end-to-end search time: 50875537 ns
Total end-to-end search time: 50805094 ns
Total end-to-end search time: 50804479 ns
Total end-to-end search time: 43874740 ns
Total end-to-end search time: 45953365 ns
Total end-to-end search time: 40257219 ns
Total end-to-end search time: 37567242 ns
Total end-to-end search time: 44779468 ns
Total end-to-end search time: 41925509 ns
Total end-to-end search time: 48935806 ns
Total end-to-end search time: 49662814 ns
Total end-to-end search time: 46737413 ns
Total end-to-end search time: 46464947 ns
Query: 64, nThreads: 2, warmup: 16
====================================================================================================
(ns)
Load index... Graph level 5..
Total end-to-end search time: 47666425 ns
Total end-to-end search time: 40178727 ns
Total end-to-end search time: 46993718 ns
Total end-to-end search time: 49075766 ns
Total end-to-end search time: 50893702 ns
Total end-to-end search time: 50616153 ns
Total end-to-end search time: 50807605 ns
Total end-to-end search time: 43675799 ns
Total end-to-end search time: 45700782 ns
Total end-to-end search time: 40372601 ns
Total end-to-end search time: 37698949 ns
Total end-to-end search time: 45064465 ns
Total end-to-end search time: 41987199 ns
Total end-to-end search time: 49013998 ns
Total end-to-end search time: 50060369 ns
Total end-to-end search time: 46678966 ns
Total end-to-end search time: 46695877 ns
Query: 64, nThreads: 2, warmup: 16
====================================================================================================
(ns)
Load index... Graph level 5..
Total end-to-end search time: 47821870 ns
Total end-to-end search time: 40082106 ns
Total end-to-end search time: 47002993 ns
Total end-to-end search time: 49310678 ns
Total end-to-end search time: 51070138 ns
Total end-to-end search time: 50868819 ns
Total end-to-end search time: 50977771 ns
Total end-to-end search time: 43656546 ns
Total end-to-end search time: 45756214 ns
Total end-to-end search time: 40151262 ns
Total end-to-end search time: 37479753 ns
Total end-to-end search time: 44751021 ns
Total end-to-end search time: 41988162 ns
Total end-to-end search time: 49068212 ns
Total end-to-end search time: 49899517 ns
Total end-to-end search time: 46811616 ns
Total end-to-end search time: 46539008 ns
Query: 64, nThreads: 2, warmup: 16
====================================================================================================
(ns)
Load index... Graph level 5..
Total end-to-end search time: 47737719 ns
Total end-to-end search time: 40180663 ns
Total end-to-end search time: 46943616 ns
Total end-to-end search time: 49316440 ns
Total end-to-end search time: 50953263 ns
Total end-to-end search time: 50731371 ns
Total end-to-end search time: 50981595 ns
Total end-to-end search time: 43749770 ns
Total end-to-end search time: 45691089 ns
Total end-to-end search time: 40154259 ns
Total end-to-end search time: 37578008 ns
Total end-to-end search time: 44935745 ns
Total end-to-end search time: 42016178 ns
Total end-to-end search time: 48920820 ns
Total end-to-end search time: 49743020 ns
Total end-to-end search time: 46724464 ns
Total end-to-end search time: 46508021 ns
Query: 64, nThreads: 2, warmup: 16
====================================================================================================
(ns)
Load index... Graph level 5..
Total end-to-end search time: 47926581 ns
Total end-to-end search time: 40345075 ns
Total end-to-end search time: 46944860 ns
Total end-to-end search time: 49198723 ns
Total end-to-end search time: 50949006 ns
Total end-to-end search time: 50665550 ns
Total end-to-end search time: 50975698 ns
Total end-to-end search time: 43781614 ns
Total end-to-end search time: 45629672 ns
Total end-to-end search time: 40152795 ns
Total end-to-end search time: 37438487 ns
Total end-to-end search time: 44820228 ns
Total end-to-end search time: 41985426 ns
Total end-to-end search time: 48977411 ns
Total end-to-end search time: 49808723 ns
Total end-to-end search time: 46655012 ns
Total end-to-end search time: 46700313 ns
Query: 64, nThreads: 2, warmup: 16
====================================================================================================
(ns)
Load index... Graph level 5..
Total end-to-end search time: 47750150 ns
Total end-to-end search time: 40100990 ns
Total end-to-end search time: 46908250 ns
Total end-to-end search time: 49023862 ns
Total end-to-end search time: 50776756 ns
Total end-to-end search time: 50840037 ns
Total end-to-end search time: 50777369 ns
Total end-to-end search time: 43620117 ns
Total end-to-end search time: 45614217 ns
Total end-to-end search time: 40117966 ns
Total end-to-end search time: 37489452 ns
Total end-to-end search time: 44821577 ns
Total end-to-end search time: 42006914 ns
Total end-to-end search time: 49119874 ns
Total end-to-end search time: 49771381 ns
Total end-to-end search time: 46659020 ns
Total end-to-end search time: 46541688 ns
Query: 64, nThreads: 2, warmup: 16
====================================================================================================
(ns)
Load index... Graph level 5..
Total end-to-end search time: 48028288 ns
Total end-to-end search time: 40057446 ns
Total end-to-end search time: 46933907 ns
Total end-to-end search time: 49059120 ns
Total end-to-end search time: 50956515 ns
Total end-to-end search time: 50562854 ns
Total end-to-end search time: 50935288 ns
Total end-to-end search time: 43773206 ns
Total end-to-end search time: 45828593 ns
Total end-to-end search time: 40162814 ns
Total end-to-end search time: 37474049 ns
Total end-to-end search time: 44759790 ns
Total end-to-end search time: 42011146 ns
Total end-to-end search time: 48935604 ns
Total end-to-end search time: 49759587 ns
Total end-to-end search time: 46819062 ns
Total end-to-end search time: 46664136 ns
Query: 64, nThreads: 2, warmup: 16
====================================================================================================
(ns)
Load index... Graph level 5..
Total end-to-end search time: 47893381 ns
Total end-to-end search time: 40096068 ns
Total end-to-end search time: 46925479 ns
Total end-to-end search time: 49052998 ns
Total end-to-end search time: 50897837 ns
Total end-to-end search time: 50541250 ns
Total end-to-end search time: 50763166 ns
Total end-to-end search time: 43667626 ns
Total end-to-end search time: 45685261 ns
Total end-to-end search time: 40176566 ns
Total end-to-end search time: 37480949 ns
Total end-to-end search time: 44806070 ns
Total end-to-end search time: 42011088 ns
Total end-to-end search time: 49206586 ns
Total end-to-end search time: 50160446 ns
Total end-to-end search time: 47003615 ns
Total end-to-end search time: 46554335 ns
Query: 64, nThreads: 2, warmup: 16
====================================================================================================
(ns)
Load index... Graph level 5..
Total end-to-end search time: 47934384 ns
Total end-to-end search time: 40042825 ns
Total end-to-end search time: 46948526 ns
Total end-to-end search time: 48969221 ns
Total end-to-end search time: 50823417 ns
Total end-to-end search time: 50582691 ns
Total end-to-end search time: 51021021 ns
Total end-to-end search time: 43759032 ns
Total end-to-end search time: 45787925 ns
Total end-to-end search time: 40309171 ns
Total end-to-end search time: 37481826 ns
Total end-to-end search time: 44778482 ns
Total end-to-end search time: 41944990 ns
Total end-to-end search time: 49192027 ns
Total end-to-end search time: 49844036 ns
Total end-to-end search time: 46801082 ns
Total end-to-end search time: 46503159 ns
Query: 64, nThreads: 2, warmup: 16
====================================================================================================
(ns)
Load index... Graph level 5..
Total end-to-end search time: 47874922 ns
Total end-to-end search time: 40162571 ns
Total end-to-end search time: 47209868 ns
Total end-to-end search time: 49145732 ns
Total end-to-end search time: 50943984 ns
Total end-to-end search time: 50568703 ns
Total end-to-end search time: 50958351 ns
Total end-to-end search time: 43809861 ns
Total end-to-end search time: 46041968 ns
Total end-to-end search time: 40207260 ns
Total end-to-end search time: 37492588 ns
Total end-to-end search time: 44878208 ns
Total end-to-end search time: 42063536 ns
Total end-to-end search time: 48963303 ns
Total end-to-end search time: 49755743 ns
Total end-to-end search time: 46914798 ns
Total end-to-end search time: 46744630 ns
Query: 64, nThreads: 2, warmup: 16
====================================================================================================
(ns)
Load index... Graph level 5..
Total end-to-end search time: 48031283 ns
Total end-to-end search time: 40218456 ns
Total end-to-end search time: 46944545 ns
Total end-to-end search time: 48991465 ns
Total end-to-end search time: 51142400 ns
Total end-to-end search time: 50651099 ns
Total end-to-end search time: 50958037 ns
Total end-to-end search time: 43766461 ns
Total end-to-end search time: 45631465 ns
Total end-to-end search time: 40165108 ns
Total end-to-end search time: 37461530 ns
Total end-to-end search time: 44755761 ns
Total end-to-end search time: 41977340 ns
Total end-to-end search time: 48944648 ns
Total end-to-end search time: 49803719 ns
Total end-to-end search time: 46678902 ns
Total end-to-end search time: 46468731 ns
Query: 64, nThreads: 2, warmup: 16
====================================================================================================
(ns)
Load index... Graph level 5..
Total end-to-end search time: 47793251 ns
Total end-to-end search time: 40088965 ns
Total end-to-end search time: 46902164 ns
Total end-to-end search time: 49126240 ns
Total end-to-end search time: 50803925 ns
Total end-to-end search time: 50762803 ns
Total end-to-end search time: 51138472 ns
Total end-to-end search time: 44034925 ns
Total end-to-end search time: 45535622 ns
Total end-to-end search time: 40089618 ns
Total end-to-end search time: 37505220 ns
Total end-to-end search time: 44982583 ns
Total end-to-end search time: 42309129 ns
Total end-to-end search time: 49134774 ns
Total end-to-end search time: 49956300 ns
Total end-to-end search time: 46746655 ns
Total end-to-end search time: 46538421 ns
Query: 64, nThreads: 2, warmup: 16
====================================================================================================
(ns)
Load index... Graph level 5..
Total end-to-end search time: 47902660 ns
Total end-to-end search time: 40308093 ns
Total end-to-end search time: 47218184 ns
Total end-to-end search time: 48963949 ns
Total end-to-end search time: 50825035 ns
Total end-to-end search time: 50666942 ns
Total end-to-end search time: 50834012 ns
Total end-to-end search time: 43705640 ns
Total end-to-end search time: 45974027 ns
Total end-to-end search time: 40180026 ns
Total end-to-end search time: 37562014 ns
Total end-to-end search time: 45072199 ns
Total end-to-end search time: 42031512 ns
Total end-to-end search time: 48875703 ns
Total end-to-end search time: 49863242 ns
Total end-to-end search time: 46735403 ns
Total end-to-end search time: 46516603 ns
Query: 64, nThreads: 2, warmup: 16
====================================================================================================
(ns)
Load index... Graph level 5..
Total end-to-end search time: 47865506 ns
Total end-to-end search time: 40133146 ns
Total end-to-end search time: 47106230 ns
Total end-to-end search time: 49413708 ns
Total end-to-end search time: 51029682 ns
Total end-to-end search time: 50637822 ns
Total end-to-end search time: 50870421 ns
Total end-to-end search time: 43977920 ns
Total end-to-end search time: 45908008 ns
Total end-to-end search time: 40366759 ns
Total end-to-end search time: 37535740 ns
Total end-to-end search time: 44831108 ns
Total end-to-end search time: 42018932 ns
Total end-to-end search time: 48943638 ns
Total end-to-end search time: 49809712 ns
Total end-to-end search time: 46627403 ns
Total end-to-end search time: 46711198 ns
Query: 64, nThreads: 2, warmup: 16
====================================================================================================
(ns)
Load index... Graph level 5..
Total end-to-end search time: 47786508 ns
Total end-to-end search time: 40152097 ns
Total end-to-end search time: 46947737 ns
Total end-to-end search time: 49117759 ns
Total end-to-end search time: 51020018 ns
Total end-to-end search time: 50666934 ns
Total end-to-end search time: 50784800 ns
Total end-to-end search time: 43846770 ns
Total end-to-end search time: 45728987 ns
Total end-to-end search time: 40200068 ns
Total end-to-end search time: 37499045 ns
Total end-to-end search time: 44745080 ns
Total end-to-end search time: 41975820 ns
Total end-to-end search time: 49024399 ns
Total end-to-end search time: 49840273 ns
Total end-to-end search time: 46752527 ns
Total end-to-end search time: 46529278 ns
Query: 64, nThreads: 2, warmup: 16
====================================================================================================
(ns)
Load index... Graph level 5..
Total end-to-end search time: 47823985 ns
Total end-to-end search time: 40303458 ns
Total end-to-end search time: 46952636 ns
Total end-to-end search time: 49038293 ns
Total end-to-end search time: 50860807 ns
Total end-to-end search time: 50840399 ns
Total end-to-end search time: 50841556 ns
Total end-to-end search time: 43746801 ns
Total end-to-end search time: 45620938 ns
Total end-to-end search time: 40122584 ns
Total end-to-end search time: 37517491 ns
Total end-to-end search time: 44875452 ns
Total end-to-end search time: 42128094 ns
Total end-to-end search time: 48923644 ns
Total end-to-end search time: 49861845 ns
Total end-to-end search time: 46688844 ns
Total end-to-end search time: 46525053 ns
Query: 64, nThreads: 2, warmup: 16
====================================================================================================
(ns)
Load index... Graph level 5..
Total end-to-end search time: 47647444 ns
Total end-to-end search time: 40029500 ns
Total end-to-end search time: 46895353 ns
Total end-to-end search time: 49103294 ns
Total end-to-end search time: 51085344 ns
Total end-to-end search time: 50688786 ns
Total end-to-end search time: 51031914 ns
Total end-to-end search time: 43765139 ns
Total end-to-end search time: 45719938 ns
Total end-to-end search time: 40119915 ns
Total end-to-end search time: 37564205 ns
Total end-to-end search time: 44911592 ns
Total end-to-end search time: 42005089 ns
Total end-to-end search time: 48993883 ns
Total end-to-end search time: 50216021 ns
Total end-to-end search time: 46987329 ns
Total end-to-end search time: 46617658 ns
Query: 64, nThreads: 2, warmup: 16
====================================================================================================
(ns)
Load index... Graph level 5..
Total end-to-end search time: 47808935 ns
Total end-to-end search time: 40088393 ns
Total end-to-end search time: 46970129 ns
Total end-to-end search time: 48970199 ns
Total end-to-end search time: 50907226 ns
Total end-to-end search time: 50712929 ns
Total end-to-end search time: 50772113 ns
Total end-to-end search time: 43681341 ns
Total end-to-end search time: 45573462 ns
Total end-to-end search time: 40305912 ns
Total end-to-end search time: 37520381 ns
Total end-to-end search time: 44781528 ns
Total end-to-end search time: 41952914 ns
Total end-to-end search time: 48907607 ns
Total end-to-end search time: 49764948 ns
Total end-to-end search time: 46696958 ns
Total end-to-end search time: 46397632 ns
Query: 64, nThreads: 2, warmup: 16
====================================================================================================
(ns)
Load index... Graph level 5..
Total end-to-end search time: 47666250 ns
Total end-to-end search time: 40016649 ns
Total end-to-end search time: 46841688 ns
Total end-to-end search time: 48955869 ns
Total end-to-end search time: 50859133 ns
Total end-to-end search time: 50599024 ns
Total end-to-end search time: 50917527 ns
Total end-to-end search time: 43851947 ns
Total end-to-end search time: 45749959 ns
Total end-to-end search time: 40074271 ns
Total end-to-end search time: 37485502 ns
Total end-to-end search time: 44965603 ns
Total end-to-end search time: 42019061 ns
Total end-to-end search time: 49071142 ns
Total end-to-end search time: 49829035 ns
Total end-to-end search time: 46775148 ns
Total end-to-end search time: 46542842 ns
Query: 64, nThreads: 2, warmup: 16
====================================================================================================
(ns)
Load index... Graph level 5..
Total end-to-end search time: 47866875 ns
Total end-to-end search time: 40114095 ns
Total end-to-end search time: 46847564 ns
Total end-to-end search time: 49074850 ns
Total end-to-end search time: 51000755 ns
Total end-to-end search time: 50720350 ns
Total end-to-end search time: 50799202 ns
Total end-to-end search time: 43674943 ns
Total end-to-end search time: 45603114 ns
Total end-to-end search time: 40120761 ns
Total end-to-end search time: 37490189 ns
Total end-to-end search time: 44803395 ns
Total end-to-end search time: 41943342 ns
Total end-to-end search time: 48947040 ns
Total end-to-end search time: 49781329 ns
Total end-to-end search time: 46714457 ns
Total end-to-end search time: 46578306 ns
Query: 64, nThreads: 2, warmup: 16
====================================================================================================
(ns)
Load index... Graph level 5..
Total end-to-end search time: 48125619 ns
Total end-to-end search time: 40087084 ns
Total end-to-end search time: 47082934 ns
Total end-to-end search time: 49122210 ns
Total end-to-end search time: 50974977 ns
Total end-to-end search time: 50517879 ns
Total end-to-end search time: 50789230 ns
Total end-to-end search time: 43859401 ns
Total end-to-end search time: 45830400 ns
Total end-to-end search time: 40308630 ns
Total end-to-end search time: 37522641 ns
Total end-to-end search time: 45117666 ns
Total end-to-end search time: 42244040 ns
Total end-to-end search time: 49105263 ns
Total end-to-end search time: 49730076 ns
Total end-to-end search time: 46757841 ns
Total end-to-end search time: 46488990 ns
Query: 64, nThreads: 2, warmup: 16
====================================================================================================
(ns)
Load index... Graph level 5..
Total end-to-end search time: 47696692 ns
Total end-to-end search time: 40076829 ns
Total end-to-end search time: 46961071 ns
Total end-to-end search time: 49285144 ns
Total end-to-end search time: 51041415 ns
Total end-to-end search time: 50836245 ns
Total end-to-end search time: 50932392 ns
Total end-to-end search time: 43780730 ns
Total end-to-end search time: 45669521 ns
Total end-to-end search time: 40116495 ns
Total end-to-end search time: 37437376 ns
Total end-to-end search time: 44801359 ns
Total end-to-end search time: 42133020 ns
Total end-to-end search time: 48900567 ns
Total end-to-end search time: 49799694 ns
Total end-to-end search time: 46695013 ns
Total end-to-end search time: 46604741 ns
Query: 64, nThreads: 2, warmup: 16
====================================================================================================
(ns)
Load index... Graph level 5..
Total end-to-end search time: 47803661 ns
Total end-to-end search time: 40067900 ns
Total end-to-end search time: 46928646 ns
Total end-to-end search time: 49141393 ns
Total end-to-end search time: 51119514 ns
Total end-to-end search time: 50634817 ns
Total end-to-end search time: 50799833 ns
Total end-to-end search time: 43829621 ns
Total end-to-end search time: 45872536 ns
Total end-to-end search time: 40097678 ns
Total end-to-end search time: 37513761 ns
Total end-to-end search time: 44857365 ns
Total end-to-end search time: 42143564 ns
Total end-to-end search time: 48987820 ns
Total end-to-end search time: 49744929 ns
Total end-to-end search time: 46689498 ns
Total end-to-end search time: 46416840 ns
Query: 64, nThreads: 2, warmup: 16
====================================================================================================
(ns)
Load index... Graph level 5..
Total end-to-end search time: 47675320 ns
Total end-to-end search time: 40008305 ns
Total end-to-end search time: 46860731 ns
Total end-to-end search time: 48991325 ns
Total end-to-end search time: 50835061 ns
Total end-to-end search time: 50687880 ns
Total end-to-end search time: 50847751 ns
Total end-to-end search time: 43750464 ns
Total end-to-end search time: 45770731 ns
Total end-to-end search time: 40142399 ns
Total end-to-end search time: 37658490 ns
Total end-to-end search time: 44773796 ns
Total end-to-end search time: 42210028 ns
Total end-to-end search time: 49041390 ns
Total end-to-end search time: 50047855 ns
Total end-to-end search time: 46909911 ns
Total end-to-end search time: 46660019 ns
Query: 64, nThreads: 2, warmup: 16
====================================================================================================
(ns)
Load index... Graph level 5..
Total end-to-end search time: 47826303 ns
Total end-to-end search time: 40039329 ns
Total end-to-end search time: 46982589 ns
Total end-to-end search time: 49159794 ns
Total end-to-end search time: 51058491 ns
Total end-to-end search time: 50787643 ns
Total end-to-end search time: 50805698 ns
Total end-to-end search time: 43805138 ns
Total end-to-end search time: 45772302 ns
Total end-to-end search time: 40279206 ns
Total end-to-end search time: 37622651 ns
Total end-to-end search time: 45022393 ns
Total end-to-end search time: 41956281 ns
Total end-to-end search time: 49125957 ns
Total end-to-end search time: 50058683 ns
Total end-to-end search time: 46910653 ns
Total end-to-end search time: 46731790 ns
Query: 64, nThreads: 2, warmup: 16
====================================================================================================
(ns)
Load index... Graph level 5..
Total end-to-end search time: 47704182 ns
Total end-to-end search time: 40137784 ns
Total end-to-end search time: 46875417 ns
Total end-to-end search time: 49204337 ns
Total end-to-end search time: 51035943 ns
Total end-to-end search time: 50803955 ns
Total end-to-end search time: 50747157 ns
Total end-to-end search time: 43753613 ns
Total end-to-end search time: 45724604 ns
Total end-to-end search time: 40165995 ns
Total end-to-end search time: 37503713 ns
Total end-to-end search time: 44758103 ns
Total end-to-end search time: 41921718 ns
Total end-to-end search time: 48837778 ns
Total end-to-end search time: 49793876 ns
Total end-to-end search time: 46666313 ns
Total end-to-end search time: 46619390 ns
