Query: 64, nThreads: 64, warmup: 16
====================================================================================================
(ns)
Load index... Graph level 5..
Total end-to-end search time: 46627326 ns
Total end-to-end search time: 39673261 ns
Total end-to-end search time: 46193340 ns
Total end-to-end search time: 48317483 ns
Total end-to-end search time: 50093489 ns
Total end-to-end search time: 49832364 ns
Total end-to-end search time: 50292355 ns
Total end-to-end search time: 43107228 ns
Total end-to-end search time: 45103381 ns
Total end-to-end search time: 39505076 ns
Total end-to-end search time: 37021583 ns
Total end-to-end search time: 44210956 ns
Total end-to-end search time: 41554786 ns
Total end-to-end search time: 48354355 ns
Total end-to-end search time: 49339512 ns
Total end-to-end search time: 46428771 ns
Total end-to-end search time: 46174325 ns
Query: 64, nThreads: 64, warmup: 16
====================================================================================================
(ns)
Load index... Graph level 5..
Total end-to-end search time: 46846817 ns
Total end-to-end search time: 39646638 ns
Total end-to-end search time: 46579821 ns
Total end-to-end search time: 48796836 ns
Total end-to-end search time: 50468946 ns
Total end-to-end search time: 50097987 ns
Total end-to-end search time: 50452759 ns
Total end-to-end search time: 43451519 ns
Total end-to-end search time: 45317333 ns
Total end-to-end search time: 39685428 ns
Total end-to-end search time: 37063244 ns
Total end-to-end search time: 44510287 ns
Total end-to-end search time: 41559067 ns
Total end-to-end search time: 48433186 ns
Total end-to-end search time: 49341328 ns
Total end-to-end search time: 46263529 ns
Total end-to-end search time: 46040700 ns
Query: 64, nThreads: 64, warmup: 16
====================================================================================================
(ns)
Load index... Graph level 5..
Total end-to-end search time: 46357818 ns
Total end-to-end search time: 39757940 ns
Total end-to-end search time: 46289049 ns
Total end-to-end search time: 48379384 ns
Total end-to-end search time: 50076545 ns
Total end-to-end search time: 50060358 ns
Total end-to-end search time: 50326942 ns
Total end-to-end search time: 43183564 ns
Total end-to-end search time: 45016562 ns
Total end-to-end search time: 39488375 ns
Total end-to-end search time: 36910747 ns
Total end-to-end search time: 44402201 ns
Total end-to-end search time: 41554771 ns
Total end-to-end search time: 48401148 ns
Total end-to-end search time: 49113759 ns
Total end-to-end search time: 46060596 ns
Total end-to-end search time: 46014152 ns
Query: 64, nThreads: 64, warmup: 16
====================================================================================================
(ns)
Load index... Graph level 5..
Total end-to-end search time: 46447973 ns
Total end-to-end search time: 39489974 ns
Total end-to-end search time: 46274047 ns
Total end-to-end search time: 48363510 ns
Total end-to-end search time: 50106494 ns
Total end-to-end search time: 49875893 ns
Total end-to-end search time: 50311358 ns
Total end-to-end search time: 43377307 ns
Total end-to-end search time: 45072814 ns
Total end-to-end search time: 39500840 ns
Total end-to-end search time: 36891273 ns
Total end-to-end search time: 44023880 ns
Total end-to-end search time: 41195797 ns
Total end-to-end search time: 48117046 ns
Total end-to-end search time: 49267774 ns
Total end-to-end search time: 46298702 ns
Total end-to-end search time: 45983378 ns
Query: 64, nThreads: 64, warmup: 16
====================================================================================================
(ns)
Load index... Graph level 5..
Total end-to-end search time: 46868338 ns
Total end-to-end search time: 39586255 ns
Total end-to-end search time: 46459387 ns
Total end-to-end search time: 48780149 ns
Total end-to-end search time: 50607113 ns
Total end-to-end search time: 50196539 ns
Total end-to-end search time: 50269024 ns
Total end-to-end search time: 43369800 ns
Total end-to-end search time: 45325169 ns
Total end-to-end search time: 39854543 ns
Total end-to-end search time: 37250816 ns
Total end-to-end search time: 44687077 ns
Total end-to-end search time: 41600327 ns
Total end-to-end search time: 48757653 ns
Total end-to-end search time: 49515619 ns
Total end-to-end search time: 46490374 ns
Total end-to-end search time: 46241538 ns
Query: 64, nThreads: 64, warmup: 16
====================================================================================================
(ns)
Load index... Graph level 5..
Total end-to-end search time: 46454277 ns
Total end-to-end search time: 39696141 ns
Total end-to-end search time: 46624176 ns
Total end-to-end search time: 48388404 ns
Total end-to-end search time: 50171719 ns
Total end-to-end search time: 49990020 ns
Total end-to-end search time: 49958416 ns
Total end-to-end search time: 43343061 ns
Total end-to-end search time: 45267041 ns
Total end-to-end search time: 39601276 ns
Total end-to-end search time: 36980433 ns
Total end-to-end search time: 44075302 ns
Total end-to-end search time: 41420815 ns
Total end-to-end search time: 48305407 ns
Total end-to-end search time: 48928742 ns
Total end-to-end search time: 46309617 ns
Total end-to-end search time: 45844569 ns
Query: 64, nThreads: 64, warmup: 16
====================================================================================================
(ns)
Load index... Graph level 5..
Total end-to-end search time: 46552573 ns
Total end-to-end search time: 39614332 ns
Total end-to-end search time: 46336758 ns
Total end-to-end search time: 48442649 ns
Total end-to-end search time: 50234192 ns
Total end-to-end search time: 49949199 ns
Total end-to-end search time: 50222682 ns
Total end-to-end search time: 43263959 ns
Total end-to-end search time: 45186042 ns
Total end-to-end search time: 39662274 ns
Total end-to-end search time: 37006574 ns
Total end-to-end search time: 44426122 ns
Total end-to-end search time: 41503694 ns
Total end-to-end search time: 48424229 ns
Total end-to-end search time: 49220554 ns
Total end-to-end search time: 46215909 ns
Total end-to-end search time: 45847263 ns
Query: 64, nThreads: 64, warmup: 16
====================================================================================================
(ns)
Load index... Graph level 5..
Total end-to-end search time: 46742920 ns
Total end-to-end search time: 39699543 ns
Total end-to-end search time: 46355802 ns
Total end-to-end search time: 48463998 ns
Total end-to-end search time: 50271956 ns
Total end-to-end search time: 49905452 ns
Total end-to-end search time: 50012196 ns
Total end-to-end search time: 43143976 ns
Total end-to-end search time: 45051268 ns
Total end-to-end search time: 39467612 ns
Total end-to-end search time: 36925408 ns
Total end-to-end search time: 44074286 ns
Total end-to-end search time: 41354147 ns
Total end-to-end search time: 48243899 ns
Total end-to-end search time: 49195455 ns
Total end-to-end search time: 46129358 ns
Total end-to-end search time: 45863708 ns
Query: 64, nThreads: 64, warmup: 16
====================================================================================================
(ns)
Load index... Graph level 5..
Total end-to-end search time: 46385694 ns
Total end-to-end search time: 39373812 ns
Total end-to-end search time: 46141238 ns
Total end-to-end search time: 48267332 ns
Total end-to-end search time: 50318171 ns
Total end-to-end search time: 49886794 ns
Total end-to-end search time: 50001460 ns
Total end-to-end search time: 43091836 ns
Total end-to-end search time: 44967443 ns
Total end-to-end search time: 39605522 ns
Total end-to-end search time: 36932061 ns
Total end-to-end search time: 44219694 ns
Total end-to-end search time: 41317403 ns
Total end-to-end search time: 48465110 ns
Total end-to-end search time: 49028160 ns
Total end-to-end search time: 45926780 ns
Total end-to-end search time: 45701043 ns
Query: 64, nThreads: 64, warmup: 16
====================================================================================================
(ns)
Load index... Graph level 5..
Total end-to-end search time: 46519550 ns
Total end-to-end search time: 39540600 ns
Total end-to-end search time: 46320632 ns
Total end-to-end search time: 48810679 ns
Total end-to-end search time: 50150801 ns
Total end-to-end search time: 49982788 ns
Total end-to-end search time: 50179119 ns
Total end-to-end search time: 43220141 ns
Total end-to-end search time: 45268946 ns
Total end-to-end search time: 39715167 ns
Total end-to-end search time: 37065908 ns
Total end-to-end search time: 44266858 ns
Total end-to-end search time: 41482743 ns
Total end-to-end search time: 48329235 ns
Total end-to-end search time: 49286431 ns
Total end-to-end search time: 46470075 ns
Total end-to-end search time: 46207858 ns
Query: 64, nThreads: 64, warmup: 16
====================================================================================================
(ns)
Load index... Graph level 5..
Total end-to-end search time: 46425917 ns
Total end-to-end search time: 39393886 ns
Total end-to-end search time: 46326113 ns
Total end-to-end search time: 48496957 ns
Total end-to-end search time: 50172289 ns
Total end-to-end search time: 49783813 ns
Total end-to-end search time: 50187038 ns
Total end-to-end search time: 43085373 ns
Total end-to-end search time: 44984011 ns
Total end-to-end search time: 39458834 ns
Total end-to-end search time: 36970408 ns
Total end-to-end search time: 44408444 ns
Total end-to-end search time: 41368509 ns
Total end-to-end search time: 48226860 ns
Total end-to-end search time: 48914749 ns
Total end-to-end search time: 46071710 ns
Total end-to-end search time: 45741777 ns
Query: 64, nThreads: 64, warmup: 16
====================================================================================================
(ns)
Load index... Graph level 5..
Total end-to-end search time: 46626011 ns
Total end-to-end search time: 39736401 ns
Total end-to-end search time: 46508323 ns
Total end-to-end search time: 48262571 ns
Total end-to-end search time: 50016043 ns
Total end-to-end search time: 49939109 ns
Total end-to-end search time: 49984962 ns
Total end-to-end search time: 43193529 ns
Total end-to-end search time: 45285766 ns
Total end-to-end search time: 39616412 ns
Total end-to-end search time: 36932340 ns
Total end-to-end search time: 44091578 ns
Total end-to-end search time: 41557122 ns
Total end-to-end search time: 48266327 ns
Total end-to-end search time: 49352083 ns
Total end-to-end search time: 46073959 ns
Total end-to-end search time: 45717969 ns
Query: 64, nThreads: 64, warmup: 16
====================================================================================================
(ns)
Load index... Graph level 5..
Total end-to-end search time: 46580494 ns
Total end-to-end search time: 39718799 ns
Total end-to-end search time: 46569276 ns
Total end-to-end search time: 48502019 ns
Total end-to-end search time: 50316438 ns
Total end-to-end search time: 50186955 ns
Total end-to-end search time: 50394649 ns
Total end-to-end search time: 43441315 ns
Total end-to-end search time: 45366431 ns
Total end-to-end search time: 39806439 ns
Total end-to-end search time: 37068282 ns
Total end-to-end search time: 44437011 ns
Total end-to-end search time: 41516084 ns
Total end-to-end search time: 48615806 ns
Total end-to-end search time: 49634077 ns
Total end-to-end search time: 46337110 ns
Total end-to-end search time: 46161184 ns
Query: 64, nThreads: 64, warmup: 16
====================================================================================================
(ns)
Load index... Graph level 5..
Total end-to-end search time: 46532245 ns
Total end-to-end search time: 39388989 ns
Total end-to-end search time: 46404262 ns
Total end-to-end search time: 48348817 ns
Total end-to-end search time: 50237411 ns
Total end-to-end search time: 49955872 ns
Total end-to-end search time: 50047531 ns
Total end-to-end search time: 43147468 ns
Total end-to-end search time: 44951772 ns
Total end-to-end search time: 39551147 ns
Total end-to-end search time: 37076482 ns
Total end-to-end search time: 44253341 ns
Total end-to-end search time: 41361596 ns
Total end-to-end search time: 48217887 ns
Total end-to-end search time: 49375956 ns
Total end-to-end search time: 46242267 ns
Total end-to-end search time: 46016798 ns
Query: 64, nThreads: 64, warmup: 16
====================================================================================================
(ns)
Load index... Graph level 5..
Total end-to-end search time: 46421694 ns
Total end-to-end search time: 39371686 ns
Total end-to-end search time: 46188303 ns
Total end-to-end search time: 48255200 ns
Total end-to-end search time: 50295944 ns
Total end-to-end search time: 49797552 ns
Total end-to-end search time: 49974370 ns
Total end-to-end search time: 43171770 ns
Total end-to-end search time: 45220614 ns
Total end-to-end search time: 39555082 ns
Total end-to-end search time: 36956525 ns
Total end-to-end search time: 44138412 ns
Total end-to-end search time: 41455085 ns
Total end-to-end search time: 48340509 ns
Total end-to-end search time: 49060120 ns
Total end-to-end search time: 45934108 ns
Total end-to-end search time: 45752522 ns
Query: 64, nThreads: 64, warmup: 16
====================================================================================================
(ns)
Load index... Graph level 5..
Total end-to-end search time: 46889080 ns
Total end-to-end search time: 39678361 ns
Total end-to-end search time: 46530072 ns
Total end-to-end search time: 48580160 ns
Total end-to-end search time: 50345050 ns
Total end-to-end search time: 50089517 ns
Total end-to-end search time: 50261912 ns
Total end-to-end search time: 43876817 ns
Total end-to-end search time: 45250719 ns
Total end-to-end search time: 39713977 ns
Total end-to-end search time: 37245931 ns
Total end-to-end search time: 44670685 ns
Total end-to-end search time: 41598649 ns
Total end-to-end search time: 48483590 ns
Total end-to-end search time: 49317834 ns
Total end-to-end search time: 46315966 ns
Total end-to-end search time: 46153211 ns
Query: 64, nThreads: 64, warmup: 16
====================================================================================================
(ns)
Load index... Graph level 5..
Total end-to-end search time: 46683010 ns
Total end-to-end search time: 39569601 ns
Total end-to-end search time: 46421792 ns
Total end-to-end search time: 48369951 ns
Total end-to-end search time: 50152781 ns
Total end-to-end search time: 49974285 ns
Total end-to-end search time: 50105060 ns
Total end-to-end search time: 43361391 ns
Total end-to-end search time: 45367023 ns
Total end-to-end search time: 39661522 ns
Total end-to-end search time: 36982488 ns
Total end-to-end search time: 44136489 ns
Total end-to-end search time: 41701147 ns
Total end-to-end search time: 48515207 ns
Total end-to-end search time: 49306074 ns
Total end-to-end search time: 46294595 ns
Total end-to-end search time: 45890690 ns
Query: 64, nThreads: 64, warmup: 16
====================================================================================================
(ns)
Load index... Graph level 5..
Total end-to-end search time: 46366437 ns
Total end-to-end search time: 39395563 ns
Total end-to-end search time: 46164850 ns
Total end-to-end search time: 48427525 ns
Total end-to-end search time: 50344637 ns
Total end-to-end search time: 50086417 ns
Total end-to-end search time: 50057555 ns
Total end-to-end search time: 43120735 ns
Total end-to-end search time: 44978075 ns
Total end-to-end search time: 39503728 ns
Total end-to-end search time: 36907854 ns
Total end-to-end search time: 44130276 ns
Total end-to-end search time: 41322739 ns
Total end-to-end search time: 48161345 ns
Total end-to-end search time: 48940953 ns
Total end-to-end search time: 45960275 ns
Total end-to-end search time: 45707407 ns
Query: 64, nThreads: 64, warmup: 16
====================================================================================================
(ns)
Load index... Graph level 5..
Total end-to-end search time: 46677513 ns
Total end-to-end search time: 39539471 ns
Total end-to-end search time: 46352654 ns
Total end-to-end search time: 48613744 ns
Total end-to-end search time: 50620390 ns
Total end-to-end search time: 49874617 ns
Total end-to-end search time: 50095710 ns
Total end-to-end search time: 43236878 ns
Total end-to-end search time: 45180327 ns
Total end-to-end search time: 39744418 ns
Total end-to-end search time: 37136322 ns
Total end-to-end search time: 44361369 ns
Total end-to-end search time: 41435801 ns
Total end-to-end search time: 48371923 ns
Total end-to-end search time: 49176004 ns
Total end-to-end search time: 46061826 ns
Total end-to-end search time: 45832502 ns
Query: 64, nThreads: 64, warmup: 16
====================================================================================================
(ns)
Load index... Graph level 5..
Total end-to-end search time: 46518839 ns
Total end-to-end search time: 39447336 ns
Total end-to-end search time: 46336668 ns
Total end-to-end search time: 48555075 ns
Total end-to-end search time: 50247621 ns
Total end-to-end search time: 49905813 ns
Total end-to-end search time: 50246119 ns
Total end-to-end search time: 43259549 ns
Total end-to-end search time: 45136871 ns
Total end-to-end search time: 39645580 ns
Total end-to-end search time: 37104617 ns
Total end-to-end search time: 44472621 ns
Total end-to-end search time: 41484510 ns
Total end-to-end search time: 48341804 ns
Total end-to-end search time: 49253620 ns
Total end-to-end search time: 46348903 ns
Total end-to-end search time: 45952867 ns
Query: 64, nThreads: 64, warmup: 16
====================================================================================================
(ns)
Load index... Graph level 5..
Total end-to-end search time: 46590911 ns
Total end-to-end search time: 39449945 ns
Total end-to-end search time: 46306878 ns
Total end-to-end search time: 48432990 ns
Total end-to-end search time: 50294982 ns
Total end-to-end search time: 49944134 ns
Total end-to-end search time: 50398326 ns
Total end-to-end search time: 43414143 ns
Total end-to-end search time: 45599919 ns
Total end-to-end search time: 39820353 ns
Total end-to-end search time: 37104783 ns
Total end-to-end search time: 44218872 ns
Total end-to-end search time: 41503457 ns
Total end-to-end search time: 48544301 ns
Total end-to-end search time: 49268618 ns
Total end-to-end search time: 46245719 ns
Total end-to-end search time: 46220637 ns
Query: 64, nThreads: 64, warmup: 16
====================================================================================================
(ns)
Load index... Graph level 5..
Total end-to-end search time: 46657757 ns
Total end-to-end search time: 39711410 ns
Total end-to-end search time: 46240802 ns
Total end-to-end search time: 48477825 ns
Total end-to-end search time: 50000071 ns
Total end-to-end search time: 49860716 ns
Total end-to-end search time: 49972858 ns
Total end-to-end search time: 43033869 ns
Total end-to-end search time: 45076961 ns
Total end-to-end search time: 39579316 ns
Total end-to-end search time: 36908472 ns
Total end-to-end search time: 44094102 ns
Total end-to-end search time: 41242159 ns
Total end-to-end search time: 48409348 ns
Total end-to-end search time: 48980052 ns
Total end-to-end search time: 45959689 ns
Total end-to-end search time: 45673608 ns
Query: 64, nThreads: 64, warmup: 16
====================================================================================================
(ns)
Load index... Graph level 5..
Total end-to-end search time: 46468176 ns
Total end-to-end search time: 39329091 ns
Total end-to-end search time: 46223072 ns
Total end-to-end search time: 48396370 ns
Total end-to-end search time: 50091439 ns
Total end-to-end search time: 49747458 ns
Total end-to-end search time: 49973370 ns
Total end-to-end search time: 43251805 ns
Total end-to-end search time: 45076000 ns
Total end-to-end search time: 39570261 ns
Total end-to-end search time: 36934559 ns
Total end-to-end search time: 44147163 ns
Total end-to-end search time: 41376814 ns
Total end-to-end search time: 48176397 ns
Total end-to-end search time: 49088169 ns
Total end-to-end search time: 46068374 ns
Total end-to-end search time: 45776912 ns
Query: 64, nThreads: 64, warmup: 16
====================================================================================================
(ns)
Load index... Graph level 5..
Total end-to-end search time: 46820687 ns
Total end-to-end search time: 39455878 ns
Total end-to-end search time: 46230470 ns
Total end-to-end search time: 48417447 ns
Total end-to-end search time: 50137873 ns
Total end-to-end search time: 50002377 ns
Total end-to-end search time: 50347977 ns
Total end-to-end search time: 43295631 ns
Total end-to-end search time: 45278877 ns
Total end-to-end search time: 39800198 ns
Total end-to-end search time: 37260344 ns
Total end-to-end search time: 44515986 ns
Total end-to-end search time: 41727121 ns
Total end-to-end search time: 48599555 ns
Total end-to-end search time: 49215100 ns
Total end-to-end search time: 46310239 ns
Total end-to-end search time: 46213232 ns
Query: 64, nThreads: 64, warmup: 16
====================================================================================================
(ns)
Load index... Graph level 5..
Total end-to-end search time: 46609933 ns
Total end-to-end search time: 39505665 ns
Total end-to-end search time: 46331037 ns
Total end-to-end search time: 48600482 ns
Total end-to-end search time: 50636976 ns
Total end-to-end search time: 49924730 ns
Total end-to-end search time: 50171204 ns
Total end-to-end search time: 43251084 ns
Total end-to-end search time: 45040464 ns
Total end-to-end search time: 39564645 ns
Total end-to-end search time: 36972235 ns
Total end-to-end search time: 44207333 ns
Total end-to-end search time: 41362710 ns
Total end-to-end search time: 48277597 ns
Total end-to-end search time: 49179103 ns
Total end-to-end search time: 46018237 ns
Total end-to-end search time: 45798524 ns
Query: 64, nThreads: 64, warmup: 16
====================================================================================================
(ns)
Load index... Graph level 5..
Total end-to-end search time: 46578863 ns
Total end-to-end search time: 39559726 ns
Total end-to-end search time: 46410159 ns
Total end-to-end search time: 48325435 ns
Total end-to-end search time: 50005855 ns
Total end-to-end search time: 49802016 ns
Total end-to-end search time: 50136759 ns
Total end-to-end search time: 43436722 ns
Total end-to-end search time: 45181983 ns
Total end-to-end search time: 39409388 ns
Total end-to-end search time: 36868939 ns
Total end-to-end search time: 44212840 ns
Total end-to-end search time: 41473122 ns
Total end-to-end search time: 48183213 ns
Total end-to-end search time: 49157493 ns
Total end-to-end search time: 46122275 ns
Total end-to-end search time: 45755446 ns
Query: 64, nThreads: 64, warmup: 16
====================================================================================================
(ns)
Load index... Graph level 5..
Total end-to-end search time: 46860266 ns
Total end-to-end search time: 39628383 ns
Total end-to-end search time: 46633132 ns
Total end-to-end search time: 48679898 ns
Total end-to-end search time: 50573821 ns
Total end-to-end search time: 50406929 ns
Total end-to-end search time: 50603113 ns
Total end-to-end search time: 43405590 ns
Total end-to-end search time: 45344900 ns
Total end-to-end search time: 39758178 ns
Total end-to-end search time: 37102825 ns
Total end-to-end search time: 44351422 ns
Total end-to-end search time: 41819916 ns
Total end-to-end search time: 48739519 ns
Total end-to-end search time: 49410699 ns
Total end-to-end search time: 46352132 ns
Total end-to-end search time: 46127447 ns
Query: 64, nThreads: 64, warmup: 16
====================================================================================================
(ns)
Load index... Graph level 5..
Total end-to-end search time: 46775670 ns
Total end-to-end search time: 39540082 ns
Total end-to-end search time: 46374073 ns
Total end-to-end search time: 48325677 ns
Total end-to-end search time: 50316831 ns
Total end-to-end search time: 50087904 ns
Total end-to-end search time: 50411721 ns
Total end-to-end search time: 43458903 ns
Total end-to-end search time: 45143815 ns
Total end-to-end search time: 39559407 ns
Total end-to-end search time: 36967442 ns
Total end-to-end search time: 44219275 ns
Total end-to-end search time: 41427569 ns
Total end-to-end search time: 48369060 ns
Total end-to-end search time: 49235849 ns
Total end-to-end search time: 46248210 ns
Total end-to-end search time: 46045560 ns
Query: 64, nThreads: 64, warmup: 16
====================================================================================================
(ns)
Load index... Graph level 5..
Total end-to-end search time: 46621645 ns
Total end-to-end search time: 39454639 ns
Total end-to-end search time: 46513510 ns
Total end-to-end search time: 48528959 ns
Total end-to-end search time: 50241332 ns
Total end-to-end search time: 49869178 ns
Total end-to-end search time: 50162797 ns
Total end-to-end search time: 43276667 ns
Total end-to-end search time: 45093356 ns
Total end-to-end search time: 39560791 ns
Total end-to-end search time: 36904164 ns
Total end-to-end search time: 44371519 ns
Total end-to-end search time: 41503433 ns
Total end-to-end search time: 48217260 ns
Total end-to-end search time: 49019718 ns
Total end-to-end search time: 46047190 ns
Total end-to-end search time: 45901586 ns
Query: 64, nThreads: 64, warmup: 16
====================================================================================================
(ns)
Load index... Graph level 5..
Total end-to-end search time: 46801331 ns
Total end-to-end search time: 39722364 ns
Total end-to-end search time: 46494481 ns
Total end-to-end search time: 48753577 ns
Total end-to-end search time: 50864965 ns
Total end-to-end search time: 50184139 ns
Total end-to-end search time: 50525141 ns
Total end-to-end search time: 43507431 ns
Total end-to-end search time: 45246584 ns
Total end-to-end search time: 39724582 ns
Total end-to-end search time: 37109139 ns
Total end-to-end search time: 44338111 ns
Total end-to-end search time: 41634348 ns
Total end-to-end search time: 48788942 ns
Total end-to-end search time: 49523005 ns
Total end-to-end search time: 46488114 ns
Total end-to-end search time: 46202852 ns
