Query: 8192, nThreads: 1, warmup: 1
====================================================================================================
(ns)
Load index... Graph level 5..
Total end-to-end search time: 5691657795 ns
Total end-to-end search time: 1233307577 ns
Query: 8192, nThreads: 1, warmup: 1
====================================================================================================
(ns)
Load index... Graph level 5..
Total end-to-end search time: 5678677938 ns
Total end-to-end search time: 1232652551 ns
Query: 8192, nThreads: 1, warmup: 1
====================================================================================================
(ns)
Load index... Graph level 5..
Total end-to-end search time: 5692770883 ns
Total end-to-end search time: 1232758507 ns
Query: 8192, nThreads: 1, warmup: 1
====================================================================================================
(ns)
Load index... Graph level 5..
Total end-to-end search time: 5682685925 ns
Total end-to-end search time: 1232071915 ns
Query: 8192, nThreads: 1, warmup: 1
====================================================================================================
(ns)
Load index... Graph level 5..
Total end-to-end search time: 5698398405 ns
Total end-to-end search time: 1234481995 ns
Query: 8192, nThreads: 1, warmup: 1
====================================================================================================
(ns)
Load index... Graph level 5..
Total end-to-end search time: 5688159001 ns
Total end-to-end search time: 1233115839 ns
Query: 8192, nThreads: 1, warmup: 1
====================================================================================================
(ns)
Load index... Graph level 5..
Total end-to-end search time: 5681784672 ns
Total end-to-end search time: 1232780270 ns
Query: 8192, nThreads: 1, warmup: 1
====================================================================================================
(ns)
Load index... Graph level 5..
Total end-to-end search time: 5694694999 ns
Total end-to-end search time: 1234345313 ns
Query: 8192, nThreads: 1, warmup: 1
====================================================================================================
(ns)
Load index... Graph level 5..
Total end-to-end search time: 5684835044 ns
Total end-to-end search time: 1234189755 ns
Query: 8192, nThreads: 1, warmup: 1
====================================================================================================
(ns)
Load index... Graph level 5..
Total end-to-end search time: 5690079164 ns
Total end-to-end search time: 1234156416 ns
Query: 8192, nThreads: 1, warmup: 1
====================================================================================================
(ns)
Load index... Graph level 5..
Total end-to-end search time: 5689941886 ns
Total end-to-end search time: 1235169183 ns
Query: 8192, nThreads: 1, warmup: 1
====================================================================================================
(ns)
Load index... Graph level 5..
Total end-to-end search time: 5676909750 ns
Total end-to-end search time: 1232592679 ns
Query: 8192, nThreads: 1, warmup: 1
====================================================================================================
(ns)
Load index... Graph level 5..
Total end-to-end search time: 5697327436 ns
Total end-to-end search time: 1234909188 ns
Query: 8192, nThreads: 1, warmup: 1
====================================================================================================
(ns)
Load index... Graph level 5..
Total end-to-end search time: 5681468429 ns
Total end-to-end search time: 1230634502 ns
Query: 8192, nThreads: 1, warmup: 1
====================================================================================================
(ns)
Load index... Graph level 5..
Total end-to-end search time: 5697240727 ns
Total end-to-end search time: 1232559790 ns
Query: 8192, nThreads: 1, warmup: 1
====================================================================================================
(ns)
Load index... Graph level 5..
Total end-to-end search time: 5682100269 ns
Total end-to-end search time: 1233154839 ns
Query: 8192, nThreads: 1, warmup: 1
====================================================================================================
(ns)
Load index... Graph level 5..
Total end-to-end search time: 5661965511 ns
Total end-to-end search time: 1232477232 ns
Query: 8192, nThreads: 1, warmup: 1
====================================================================================================
(ns)
Load index... Graph level 5..
Total end-to-end search time: 5694313042 ns
Total end-to-end search time: 1233305503 ns
Query: 8192, nThreads: 1, warmup: 1
====================================================================================================
(ns)
Load index... Graph level 5..
Total end-to-end search time: 5678879064 ns
Total end-to-end search time: 1233279639 ns
Query: 8192, nThreads: 1, warmup: 1
====================================================================================================
(ns)
Load index... Graph level 5..
Total end-to-end search time: 5699517821 ns
Total end-to-end search time: 1235041025 ns
Query: 8192, nThreads: 1, warmup: 1
====================================================================================================
(ns)
Load index... Graph level 5..
Total end-to-end search time: 5684890049 ns
Total end-to-end search time: 1234386611 ns
Query: 8192, nThreads: 1, warmup: 1
====================================================================================================
(ns)
Load index... Graph level 5..
Total end-to-end search time: 5687320777 ns
Total end-to-end search time: 1231642796 ns
Query: 8192, nThreads: 1, warmup: 1
====================================================================================================
(ns)
Load index... Graph level 5..
Total end-to-end search time: 5693943323 ns
Total end-to-end search time: 1234480136 ns
Query: 8192, nThreads: 1, warmup: 1
====================================================================================================
(ns)
Load index... Graph level 5..
Total end-to-end search time: 5675212145 ns
Total end-to-end search time: 1235537948 ns
Query: 8192, nThreads: 1, warmup: 1
====================================================================================================
(ns)
Load index... Graph level 5..
Total end-to-end search time: 5695534719 ns
Total end-to-end search time: 1233766396 ns
Query: 8192, nThreads: 1, warmup: 1
====================================================================================================
(ns)
Load index... Graph level 5..
Total end-to-end search time: 5676734944 ns
Total end-to-end search time: 1230230701 ns
Query: 8192, nThreads: 1, warmup: 1
====================================================================================================
(ns)
Load index... Graph level 5..
Total end-to-end search time: 5694401439 ns
Total end-to-end search time: 1233537201 ns
Query: 8192, nThreads: 1, warmup: 1
====================================================================================================
(ns)
Load index... Graph level 5..
Total end-to-end search time: 5682182908 ns
Total end-to-end search time: 1230128493 ns
Query: 8192, nThreads: 1, warmup: 1
====================================================================================================
(ns)
Load index... Graph level 5..
Total end-to-end search time: 5671785415 ns
Total end-to-end search time: 1231158938 ns
Query: 8192, nThreads: 1, warmup: 1
====================================================================================================
(ns)
Load index... Graph level 5..
Total end-to-end search time: 5693047218 ns
Total end-to-end search time: 1234445503 ns
