Query: 8192, nThreads: 4, warmup: 1
====================================================================================================
(ns)
Load index... Graph level 5..
Total end-to-end search time: 5762987271 ns
Total end-to-end search time: 1248225209 ns
Query: 8192, nThreads: 4, warmup: 1
====================================================================================================
(ns)
Load index... Graph level 5..
Total end-to-end search time: 5763756339 ns
Total end-to-end search time: 1250497179 ns
Query: 8192, nThreads: 4, warmup: 1
====================================================================================================
(ns)
Load index... Graph level 5..
Total end-to-end search time: 5769458511 ns
Total end-to-end search time: 1250846297 ns
Query: 8192, nThreads: 4, warmup: 1
====================================================================================================
(ns)
Load index... Graph level 5..
Total end-to-end search time: 5762803860 ns
Total end-to-end search time: 1250731894 ns
Query: 8192, nThreads: 4, warmup: 1
====================================================================================================
(ns)
Load index... Graph level 5..
Total end-to-end search time: 5767678682 ns
Total end-to-end search time: 1250765163 ns
Query: 8192, nThreads: 4, warmup: 1
====================================================================================================
(ns)
Load index... Graph level 5..
Total end-to-end search time: 5771881248 ns
Total end-to-end search time: 1249999515 ns
Query: 8192, nThreads: 4, warmup: 1
====================================================================================================
(ns)
Load index... Graph level 5..
Total end-to-end search time: 5765814467 ns
Total end-to-end search time: 1250131202 ns
Query: 8192, nThreads: 4, warmup: 1
====================================================================================================
(ns)
Load index... Graph level 5..
Total end-to-end search time: 5767943557 ns
Total end-to-end search time: 1247338345 ns
Query: 8192, nThreads: 4, warmup: 1
====================================================================================================
(ns)
Load index... Graph level 5..
Total end-to-end search time: 5766714850 ns
Total end-to-end search time: 1248915879 ns
Query: 8192, nThreads: 4, warmup: 1
====================================================================================================
(ns)
Load index... Graph level 5..
Total end-to-end search time: 5771425996 ns
Total end-to-end search time: 1248848876 ns
Query: 8192, nThreads: 4, warmup: 1
====================================================================================================
(ns)
Load index... Graph level 5..
Total end-to-end search time: 5765225448 ns
Total end-to-end search time: 1250380744 ns
Query: 8192, nThreads: 4, warmup: 1
====================================================================================================
(ns)
Load index... Graph level 5..
Total end-to-end search time: 5769224768 ns
Total end-to-end search time: 1248524877 ns
Query: 8192, nThreads: 4, warmup: 1
====================================================================================================
(ns)
Load index... Graph level 5..
Total end-to-end search time: 5764144694 ns
Total end-to-end search time: 1252286824 ns
Query: 8192, nThreads: 4, warmup: 1
====================================================================================================
(ns)
Load index... Graph level 5..
Total end-to-end search time: 5764438720 ns
Total end-to-end search time: 1248823379 ns
Query: 8192, nThreads: 4, warmup: 1
====================================================================================================
(ns)
Load index... Graph level 5..
Total end-to-end search time: 5771644994 ns
Total end-to-end search time: 1250951192 ns
Query: 8192, nThreads: 4, warmup: 1
====================================================================================================
(ns)
Load index... Graph level 5..
Total end-to-end search time: 5765169042 ns
Total end-to-end search time: 1249442288 ns
Query: 8192, nThreads: 4, warmup: 1
====================================================================================================
(ns)
Load index... Graph level 5..
Total end-to-end search time: 5769114903 ns
Total end-to-end search time: 1247903292 ns
Query: 8192, nThreads: 4, warmup: 1
====================================================================================================
(ns)
Load index... Graph level 5..
Total end-to-end search time: 5767526161 ns
Total end-to-end search time: 1251174685 ns
Query: 8192, nThreads: 4, warmup: 1
====================================================================================================
(ns)
Load index... Graph level 5..
Total end-to-end search time: 5764749642 ns
Total end-to-end search time: 1249881196 ns
Query: 8192, nThreads: 4, warmup: 1
====================================================================================================
(ns)
Load index... Graph level 5..
Total end-to-end search time: 5764607813 ns
Total end-to-end search time: 1249071049 ns
Query: 8192, nThreads: 4, warmup: 1
====================================================================================================
(ns)
Load index... Graph level 5..
Total end-to-end search time: 5763050651 ns
Total end-to-end search time: 1248693608 ns
Query: 8192, nThreads: 4, warmup: 1
====================================================================================================
(ns)
Load index... Graph level 5..
Total end-to-end search time: 5765459934 ns
Total end-to-end search time: 1250799436 ns
Query: 8192, nThreads: 4, warmup: 1
====================================================================================================
(ns)
Load index... Graph level 5..
Total end-to-end search time: 5763031246 ns
Total end-to-end search time: 1249988391 ns
Query: 8192, nThreads: 4, warmup: 1
====================================================================================================
(ns)
Load index... Graph level 5..
Total end-to-end search time: 5765453171 ns
Total end-to-end search time: 1248706763 ns
Query: 8192, nThreads: 4, warmup: 1
====================================================================================================
(ns)
Load index... Graph level 5..
Total end-to-end search time: 5765977279 ns
Total end-to-end search time: 1248559061 ns
Query: 8192, nThreads: 4, warmup: 1
====================================================================================================
(ns)
Load index... Graph level 5..
Total end-to-end search time: 5767272896 ns
Total end-to-end search time: 1252783483 ns
Query: 8192, nThreads: 4, warmup: 1
====================================================================================================
(ns)
Load index... Graph level 5..
Total end-to-end search time: 5765522913 ns
Total end-to-end search time: 1248785376 ns
Query: 8192, nThreads: 4, warmup: 1
====================================================================================================
(ns)
Load index... Graph level 5..
Total end-to-end search time: 5770340641 ns
Total end-to-end search time: 1250508962 ns
Query: 8192, nThreads: 4, warmup: 1
====================================================================================================
(ns)
Load index... Graph level 5..
Total end-to-end search time: 5769381941 ns
Total end-to-end search time: 1251169523 ns
Query: 8192, nThreads: 4, warmup: 1
====================================================================================================
(ns)
Load index... Graph level 5..
Total end-to-end search time: 5764216564 ns
Total end-to-end search time: 1248298774 ns
