Query: 8, nThreads: 4, warmup: 16
====================================================================================================
(ns)
Load index... Graph level 5..
Total end-to-end search time: 6690252 ns
Total end-to-end search time: 6631201 ns
Total end-to-end search time: 5956992 ns
Total end-to-end search time: 5661294 ns
Total end-to-end search time: 6071577 ns
Total end-to-end search time: 5772158 ns
Total end-to-end search time: 4849551 ns
Total end-to-end search time: 4846865 ns
Total end-to-end search time: 4282922 ns
Total end-to-end search time: 5546020 ns
Total end-to-end search time: 5174255 ns
Total end-to-end search time: 4436788 ns
Total end-to-end search time: 5110155 ns
Total end-to-end search time: 4320458 ns
Total end-to-end search time: 4920475 ns
Total end-to-end search time: 5613942 ns
Total end-to-end search time: 5739309 ns
Query: 8, nThreads: 4, warmup: 16
====================================================================================================
(ns)
Load index... Graph level 5..
Total end-to-end search time: 6735184 ns
Total end-to-end search time: 6629545 ns
Total end-to-end search time: 5949871 ns
Total end-to-end search time: 5716251 ns
Total end-to-end search time: 6080191 ns
Total end-to-end search time: 5791156 ns
Total end-to-end search time: 4870426 ns
Total end-to-end search time: 4896789 ns
Total end-to-end search time: 4342144 ns
Total end-to-end search time: 5601758 ns
Total end-to-end search time: 5190318 ns
Total end-to-end search time: 4432226 ns
Total end-to-end search time: 5110991 ns
Total end-to-end search time: 4330779 ns
Total end-to-end search time: 4944880 ns
Total end-to-end search time: 5623379 ns
Total end-to-end search time: 5763185 ns
Query: 8, nThreads: 4, warmup: 16
====================================================================================================
(ns)
Load index... Graph level 5..
Total end-to-end search time: 6626617 ns
Total end-to-end search time: 6598129 ns
Total end-to-end search time: 5925717 ns
Total end-to-end search time: 5668052 ns
Total end-to-end search time: 6058649 ns
Total end-to-end search time: 5736171 ns
Total end-to-end search time: 4868972 ns
Total end-to-end search time: 4872633 ns
Total end-to-end search time: 4298780 ns
Total end-to-end search time: 5586239 ns
Total end-to-end search time: 5192249 ns
Total end-to-end search time: 4459968 ns
Total end-to-end search time: 5146609 ns
Total end-to-end search time: 4339992 ns
Total end-to-end search time: 4968057 ns
Total end-to-end search time: 5690097 ns
Total end-to-end search time: 5781915 ns
Query: 8, nThreads: 4, warmup: 16
====================================================================================================
(ns)
Load index... Graph level 5..
Total end-to-end search time: 6710747 ns
Total end-to-end search time: 6651528 ns
Total end-to-end search time: 5976722 ns
Total end-to-end search time: 5665200 ns
Total end-to-end search time: 6071989 ns
Total end-to-end search time: 5772224 ns
Total end-to-end search time: 4859081 ns
Total end-to-end search time: 4878120 ns
Total end-to-end search time: 4306329 ns
Total end-to-end search time: 5589326 ns
Total end-to-end search time: 5172826 ns
Total end-to-end search time: 4425290 ns
Total end-to-end search time: 5133383 ns
Total end-to-end search time: 4338005 ns
Total end-to-end search time: 4957895 ns
Total end-to-end search time: 5630084 ns
Total end-to-end search time: 5753320 ns
Query: 8, nThreads: 4, warmup: 16
====================================================================================================
(ns)
Load index... Graph level 5..
Total end-to-end search time: 6767617 ns
Total end-to-end search time: 6643221 ns
Total end-to-end search time: 5951896 ns
Total end-to-end search time: 5677790 ns
Total end-to-end search time: 6077562 ns
Total end-to-end search time: 5761201 ns
Total end-to-end search time: 4858625 ns
Total end-to-end search time: 4861355 ns
Total end-to-end search time: 4310033 ns
Total end-to-end search time: 5608288 ns
Total end-to-end search time: 5209644 ns
Total end-to-end search time: 4438465 ns
Total end-to-end search time: 5145700 ns
Total end-to-end search time: 4363536 ns
Total end-to-end search time: 4975246 ns
Total end-to-end search time: 5678005 ns
Total end-to-end search time: 5815477 ns
Query: 8, nThreads: 4, warmup: 16
====================================================================================================
(ns)
Load index... Graph level 5..
Total end-to-end search time: 6637855 ns
Total end-to-end search time: 6600607 ns
Total end-to-end search time: 5934930 ns
Total end-to-end search time: 5638078 ns
Total end-to-end search time: 6061634 ns
Total end-to-end search time: 5753724 ns
Total end-to-end search time: 4829564 ns
Total end-to-end search time: 4829616 ns
Total end-to-end search time: 4281390 ns
Total end-to-end search time: 5543497 ns
Total end-to-end search time: 5147478 ns
Total end-to-end search time: 4418322 ns
Total end-to-end search time: 5116445 ns
Total end-to-end search time: 4511428 ns
Total end-to-end search time: 4927166 ns
Total end-to-end search time: 5637149 ns
Total end-to-end search time: 5766927 ns
Query: 8, nThreads: 4, warmup: 16
====================================================================================================
(ns)
Load index... Graph level 5..
Total end-to-end search time: 6635349 ns
Total end-to-end search time: 6626895 ns
Total end-to-end search time: 5930482 ns
Total end-to-end search time: 5673679 ns
Total end-to-end search time: 6068421 ns
Total end-to-end search time: 5773415 ns
Total end-to-end search time: 4852397 ns
Total end-to-end search time: 4851405 ns
Total end-to-end search time: 4309793 ns
Total end-to-end search time: 5588793 ns
Total end-to-end search time: 5156448 ns
Total end-to-end search time: 4411430 ns
Total end-to-end search time: 5112706 ns
Total end-to-end search time: 4303144 ns
Total end-to-end search time: 4941924 ns
Total end-to-end search time: 5644002 ns
Total end-to-end search time: 5712212 ns
Query: 8, nThreads: 4, warmup: 16
====================================================================================================
(ns)
Load index... Graph level 5..
Total end-to-end search time: 6732955 ns
Total end-to-end search time: 6634340 ns
Total end-to-end search time: 5953192 ns
Total end-to-end search time: 5675528 ns
Total end-to-end search time: 6057981 ns
Total end-to-end search time: 5767144 ns
Total end-to-end search time: 4865810 ns
Total end-to-end search time: 4854276 ns
Total end-to-end search time: 4312899 ns
Total end-to-end search time: 5567509 ns
Total end-to-end search time: 5167431 ns
Total end-to-end search time: 4404781 ns
Total end-to-end search time: 5111217 ns
Total end-to-end search time: 4320497 ns
Total end-to-end search time: 4923793 ns
Total end-to-end search time: 5632034 ns
Total end-to-end search time: 5754922 ns
Query: 8, nThreads: 4, warmup: 16
====================================================================================================
(ns)
Load index... Graph level 5..
Total end-to-end search time: 6709148 ns
Total end-to-end search time: 6644828 ns
Total end-to-end search time: 5950093 ns
Total end-to-end search time: 5680852 ns
Total end-to-end search time: 6082186 ns
Total end-to-end search time: 5777583 ns
Total end-to-end search time: 4881240 ns
Total end-to-end search time: 4843094 ns
Total end-to-end search time: 4280223 ns
Total end-to-end search time: 5565570 ns
Total end-to-end search time: 5158046 ns
Total end-to-end search time: 4426383 ns
Total end-to-end search time: 5126873 ns
Total end-to-end search time: 4304042 ns
Total end-to-end search time: 4920373 ns
Total end-to-end search time: 5657410 ns
Total end-to-end search time: 5721529 ns
Query: 8, nThreads: 4, warmup: 16
====================================================================================================
(ns)
Load index... Graph level 5..
Total end-to-end search time: 6702240 ns
Total end-to-end search time: 6629409 ns
Total end-to-end search time: 5931578 ns
Total end-to-end search time: 5662122 ns
Total end-to-end search time: 6056157 ns
Total end-to-end search time: 5762050 ns
Total end-to-end search time: 4849592 ns
Total end-to-end search time: 4853064 ns
Total end-to-end search time: 4313757 ns
Total end-to-end search time: 5557856 ns
Total end-to-end search time: 5199051 ns
Total end-to-end search time: 4426912 ns
Total end-to-end search time: 5120135 ns
Total end-to-end search time: 4329783 ns
Total end-to-end search time: 4950762 ns
Total end-to-end search time: 5661187 ns
Total end-to-end search time: 5801734 ns
Query: 8, nThreads: 4, warmup: 16
====================================================================================================
(ns)
Load index... Graph level 5..
Total end-to-end search time: 6648454 ns
Total end-to-end search time: 6603606 ns
Total end-to-end search time: 5912049 ns
Total end-to-end search time: 5680136 ns
Total end-to-end search time: 6062926 ns
Total end-to-end search time: 5758933 ns
Total end-to-end search time: 4859769 ns
Total end-to-end search time: 4855588 ns
Total end-to-end search time: 4284295 ns
Total end-to-end search time: 5536180 ns
Total end-to-end search time: 5153521 ns
Total end-to-end search time: 4404135 ns
Total end-to-end search time: 5096763 ns
Total end-to-end search time: 4309182 ns
Total end-to-end search time: 4960314 ns
Total end-to-end search time: 5644437 ns
Total end-to-end search time: 5785712 ns
Query: 8, nThreads: 4, warmup: 16
====================================================================================================
(ns)
Load index... Graph level 5..
Total end-to-end search time: 6669672 ns
Total end-to-end search time: 6651027 ns
Total end-to-end search time: 5968467 ns
Total end-to-end search time: 5710113 ns
Total end-to-end search time: 6043708 ns
Total end-to-end search time: 5759745 ns
Total end-to-end search time: 4855864 ns
Total end-to-end search time: 4848839 ns
Total end-to-end search time: 4313592 ns
Total end-to-end search time: 5570672 ns
Total end-to-end search time: 5173786 ns
Total end-to-end search time: 4422701 ns
Total end-to-end search time: 5108772 ns
Total end-to-end search time: 4299312 ns
Total end-to-end search time: 4922659 ns
Total end-to-end search time: 5610758 ns
Total end-to-end search time: 5744929 ns
Query: 8, nThreads: 4, warmup: 16
====================================================================================================
(ns)
Load index... Graph level 5..
Total end-to-end search time: 6727707 ns
Total end-to-end search time: 6655442 ns
Total end-to-end search time: 5949390 ns
Total end-to-end search time: 5724918 ns
Total end-to-end search time: 6112472 ns
Total end-to-end search time: 5799188 ns
Total end-to-end search time: 4913827 ns
Total end-to-end search time: 4896542 ns
Total end-to-end search time: 4324899 ns
Total end-to-end search time: 5608729 ns
Total end-to-end search time: 5198007 ns
Total end-to-end search time: 4455789 ns
Total end-to-end search time: 5136665 ns
Total end-to-end search time: 4374423 ns
Total end-to-end search time: 4957756 ns
Total end-to-end search time: 5653187 ns
Total end-to-end search time: 5781369 ns
Query: 8, nThreads: 4, warmup: 16
====================================================================================================
(ns)
Load index... Graph level 5..
Total end-to-end search time: 6710067 ns
Total end-to-end search time: 6634406 ns
Total end-to-end search time: 5970469 ns
Total end-to-end search time: 5713340 ns
Total end-to-end search time: 6086413 ns
Total end-to-end search time: 5781945 ns
Total end-to-end search time: 4868840 ns
Total end-to-end search time: 4862123 ns
Total end-to-end search time: 4303954 ns
Total end-to-end search time: 5571886 ns
Total end-to-end search time: 5159418 ns
Total end-to-end search time: 4429749 ns
Total end-to-end search time: 5123229 ns
Total end-to-end search time: 4337979 ns
Total end-to-end search time: 4944482 ns
Total end-to-end search time: 5696530 ns
Total end-to-end search time: 5762272 ns
Query: 8, nThreads: 4, warmup: 16
====================================================================================================
(ns)
Load index... Graph level 5..
Total end-to-end search time: 6676984 ns
Total end-to-end search time: 6640247 ns
Total end-to-end search time: 5967936 ns
Total end-to-end search time: 5690883 ns
Total end-to-end search time: 6086749 ns
Total end-to-end search time: 5779741 ns
Total end-to-end search time: 4879476 ns
Total end-to-end search time: 4870124 ns
Total end-to-end search time: 4299013 ns
Total end-to-end search time: 5578067 ns
Total end-to-end search time: 5168793 ns
Total end-to-end search time: 4424114 ns
Total end-to-end search time: 5131765 ns
Total end-to-end search time: 4311543 ns
Total end-to-end search time: 4943767 ns
Total end-to-end search time: 5655984 ns
Total end-to-end search time: 5758395 ns
Query: 8, nThreads: 4, warmup: 16
====================================================================================================
(ns)
Load index... Graph level 5..
Total end-to-end search time: 6742732 ns
Total end-to-end search time: 6606265 ns
Total end-to-end search time: 5919104 ns
Total end-to-end search time: 5651102 ns
Total end-to-end search time: 6042869 ns
Total end-to-end search time: 5747490 ns
Total end-to-end search time: 4898636 ns
Total end-to-end search time: 4869538 ns
Total end-to-end search time: 4322648 ns
Total end-to-end search time: 5598118 ns
Total end-to-end search time: 5184468 ns
Total end-to-end search time: 4395445 ns
Total end-to-end search time: 5096651 ns
Total end-to-end search time: 4307421 ns
Total end-to-end search time: 4928167 ns
Total end-to-end search time: 5610116 ns
Total end-to-end search time: 5719029 ns
Query: 8, nThreads: 4, warmup: 16
====================================================================================================
(ns)
Load index... Graph level 5..
Total end-to-end search time: 6759625 ns
Total end-to-end search time: 6659423 ns
Total end-to-end search time: 5993892 ns
Total end-to-end search time: 5716399 ns
Total end-to-end search time: 6070261 ns
Total end-to-end search time: 5771703 ns
Total end-to-end search time: 4850744 ns
Total end-to-end search time: 4863469 ns
Total end-to-end search time: 4306242 ns
Total end-to-end search time: 5587660 ns
Total end-to-end search time: 5185481 ns
Total end-to-end search time: 4446162 ns
Total end-to-end search time: 5125391 ns
Total end-to-end search time: 4339152 ns
Total end-to-end search time: 4937729 ns
Total end-to-end search time: 5641335 ns
Total end-to-end search time: 5741460 ns
Query: 8, nThreads: 4, warmup: 16
====================================================================================================
(ns)
Load index... Graph level 5..
Total end-to-end search time: 6750452 ns
Total end-to-end search time: 6663153 ns
Total end-to-end search time: 5975575 ns
Total end-to-end search time: 5708534 ns
Total end-to-end search time: 6049604 ns
Total end-to-end search time: 5749305 ns
Total end-to-end search time: 4853612 ns
Total end-to-end search time: 4853311 ns
Total end-to-end search time: 4281804 ns
Total end-to-end search time: 5544070 ns
Total end-to-end search time: 5167788 ns
Total end-to-end search time: 4414433 ns
Total end-to-end search time: 5132756 ns
Total end-to-end search time: 4347585 ns
Total end-to-end search time: 4944508 ns
Total end-to-end search time: 5644844 ns
Total end-to-end search time: 5742750 ns
Query: 8, nThreads: 4, warmup: 16
====================================================================================================
(ns)
Load index... Graph level 5..
Total end-to-end search time: 6742515 ns
Total end-to-end search time: 6669686 ns
Total end-to-end search time: 5975614 ns
Total end-to-end search time: 5697212 ns
Total end-to-end search time: 6101750 ns
Total end-to-end search time: 5805145 ns
Total end-to-end search time: 4881491 ns
Total end-to-end search time: 4859658 ns
Total end-to-end search time: 4292022 ns
Total end-to-end search time: 5552573 ns
Total end-to-end search time: 5181437 ns
Total end-to-end search time: 4436907 ns
Total end-to-end search time: 5119905 ns
Total end-to-end search time: 4302127 ns
Total end-to-end search time: 4917283 ns
Total end-to-end search time: 5590321 ns
Total end-to-end search time: 5730506 ns
Query: 8, nThreads: 4, warmup: 16
====================================================================================================
(ns)
Load index... Graph level 5..
Total end-to-end search time: 6659166 ns
Total end-to-end search time: 6621141 ns
Total end-to-end search time: 5922445 ns
Total end-to-end search time: 5679574 ns
Total end-to-end search time: 6046214 ns
Total end-to-end search time: 5751197 ns
Total end-to-end search time: 4853097 ns
Total end-to-end search time: 4847750 ns
Total end-to-end search time: 4305778 ns
Total end-to-end search time: 5545663 ns
Total end-to-end search time: 5164515 ns
Total end-to-end search time: 4411424 ns
Total end-to-end search time: 5089589 ns
Total end-to-end search time: 4327393 ns
Total end-to-end search time: 4946406 ns
Total end-to-end search time: 5597919 ns
Total end-to-end search time: 5716942 ns
Query: 8, nThreads: 4, warmup: 16
====================================================================================================
(ns)
Load index... Graph level 5..
Total end-to-end search time: 6703596 ns
Total end-to-end search time: 6593150 ns
Total end-to-end search time: 5924951 ns
Total end-to-end search time: 5664665 ns
Total end-to-end search time: 6043837 ns
Total end-to-end search time: 5725561 ns
Total end-to-end search time: 4864895 ns
Total end-to-end search time: 4867178 ns
Total end-to-end search time: 4329230 ns
Total end-to-end search time: 5546480 ns
Total end-to-end search time: 5144852 ns
Total end-to-end search time: 4418340 ns
Total end-to-end search time: 5109901 ns
Total end-to-end search time: 4334030 ns
Total end-to-end search time: 4935212 ns
Total end-to-end search time: 5628782 ns
Total end-to-end search time: 5742355 ns
Query: 8, nThreads: 4, warmup: 16
====================================================================================================
(ns)
Load index... Graph level 5..
Total end-to-end search time: 6696954 ns
Total end-to-end search time: 6658330 ns
Total end-to-end search time: 5958375 ns
Total end-to-end search time: 5717876 ns
Total end-to-end search time: 6106581 ns
Total end-to-end search time: 5804596 ns
Total end-to-end search time: 4895830 ns
Total end-to-end search time: 4906874 ns
Total end-to-end search time: 4332489 ns
Total end-to-end search time: 5612674 ns
Total end-to-end search time: 5212282 ns
Total end-to-end search time: 4471436 ns
Total end-to-end search time: 5173367 ns
Total end-to-end search time: 4333216 ns
Total end-to-end search time: 4948678 ns
Total end-to-end search time: 5630595 ns
Total end-to-end search time: 5758949 ns
Query: 8, nThreads: 4, warmup: 16
====================================================================================================
(ns)
Load index... Graph level 5..
Total end-to-end search time: 6741010 ns
Total end-to-end search time: 6640786 ns
Total end-to-end search time: 5953299 ns
Total end-to-end search time: 5689503 ns
Total end-to-end search time: 6072178 ns
Total end-to-end search time: 5765086 ns
Total end-to-end search time: 4845406 ns
Total end-to-end search time: 4860591 ns
Total end-to-end search time: 4281457 ns
Total end-to-end search time: 5550888 ns
Total end-to-end search time: 5168031 ns
Total end-to-end search time: 4421728 ns
Total end-to-end search time: 5102186 ns
Total end-to-end search time: 4332212 ns
Total end-to-end search time: 4925485 ns
Total end-to-end search time: 5618678 ns
Total end-to-end search time: 5738471 ns
Query: 8, nThreads: 4, warmup: 16
====================================================================================================
(ns)
Load index... Graph level 5..
Total end-to-end search time: 6740011 ns
Total end-to-end search time: 6640641 ns
Total end-to-end search time: 5960683 ns
Total end-to-end search time: 5687752 ns
Total end-to-end search time: 6076832 ns
Total end-to-end search time: 5777995 ns
Total end-to-end search time: 4868837 ns
Total end-to-end search time: 4871742 ns
Total end-to-end search time: 4313115 ns
Total end-to-end search time: 5539967 ns
Total end-to-end search time: 5154233 ns
Total end-to-end search time: 4420913 ns
Total end-to-end search time: 5085528 ns
Total end-to-end search time: 4317490 ns
Total end-to-end search time: 4936496 ns
Total end-to-end search time: 5631007 ns
Total end-to-end search time: 5703894 ns
Query: 8, nThreads: 4, warmup: 16
====================================================================================================
(ns)
Load index... Graph level 5..
Total end-to-end search time: 6649898 ns
Total end-to-end search time: 6629880 ns
Total end-to-end search time: 5945413 ns
Total end-to-end search time: 5865380 ns
Total end-to-end search time: 6043301 ns
Total end-to-end search time: 5745442 ns
Total end-to-end search time: 4863693 ns
Total end-to-end search time: 4874598 ns
Total end-to-end search time: 4320726 ns
Total end-to-end search time: 5614015 ns
Total end-to-end search time: 5208498 ns
Total end-to-end search time: 4445446 ns
Total end-to-end search time: 5143250 ns
Total end-to-end search time: 4331743 ns
Total end-to-end search time: 4972145 ns
Total end-to-end search time: 5698628 ns
Total end-to-end search time: 5787225 ns
Query: 8, nThreads: 4, warmup: 16
====================================================================================================
(ns)
Load index... Graph level 5..
Total end-to-end search time: 6666542 ns
Total end-to-end search time: 6622100 ns
Total end-to-end search time: 5948591 ns
Total end-to-end search time: 5686630 ns
Total end-to-end search time: 6058826 ns
Total end-to-end search time: 5780736 ns
Total end-to-end search time: 4875219 ns
Total end-to-end search time: 4860546 ns
Total end-to-end search time: 4295263 ns
Total end-to-end search time: 5563248 ns
Total end-to-end search time: 5184752 ns
Total end-to-end search time: 4429879 ns
Total end-to-end search time: 5135906 ns
Total end-to-end search time: 4321481 ns
Total end-to-end search time: 4937867 ns
Total end-to-end search time: 5613890 ns
Total end-to-end search time: 5723617 ns
Query: 8, nThreads: 4, warmup: 16
====================================================================================================
(ns)
Load index... Graph level 5..
Total end-to-end search time: 6641683 ns
Total end-to-end search time: 6591642 ns
Total end-to-end search time: 5936928 ns
Total end-to-end search time: 5690137 ns
Total end-to-end search time: 6035434 ns
Total end-to-end search time: 5741237 ns
Total end-to-end search time: 4859519 ns
Total end-to-end search time: 4845863 ns
Total end-to-end search time: 4319434 ns
Total end-to-end search time: 5551537 ns
Total end-to-end search time: 5144619 ns
Total end-to-end search time: 4410693 ns
Total end-to-end search time: 5129086 ns
Total end-to-end search time: 4314614 ns
Total end-to-end search time: 4944120 ns
Total end-to-end search time: 5632020 ns
Total end-to-end search time: 5734335 ns
Query: 8, nThreads: 4, warmup: 16
====================================================================================================
(ns)
Load index... Graph level 5..
Total end-to-end search time: 6659402 ns
Total end-to-end search time: 6602335 ns
Total end-to-end search time: 5929753 ns
Total end-to-end search time: 5667489 ns
Total end-to-end search time: 6059029 ns
Total end-to-end search time: 5777743 ns
Total end-to-end search time: 4865409 ns
Total end-to-end search time: 4869632 ns
Total end-to-end search time: 4301507 ns
Total end-to-end search time: 5553394 ns
Total end-to-end search time: 5173415 ns
Total end-to-end search time: 4431604 ns
Total end-to-end search time: 5124306 ns
Total end-to-end search time: 4326657 ns
Total end-to-end search time: 4956521 ns
Total end-to-end search time: 5648695 ns
Total end-to-end search time: 5770005 ns
Query: 8, nThreads: 4, warmup: 16
====================================================================================================
(ns)
Load index... Graph level 5..
Total end-to-end search time: 6762409 ns
Total end-to-end search time: 6680197 ns
Total end-to-end search time: 5955325 ns
Total end-to-end search time: 5666992 ns
Total end-to-end search time: 6054733 ns
Total end-to-end search time: 5738127 ns
Total end-to-end search time: 4872572 ns
Total end-to-end search time: 4855202 ns
Total end-to-end search time: 4305973 ns
Total end-to-end search time: 5580484 ns
Total end-to-end search time: 5172753 ns
Total end-to-end search time: 4422301 ns
Total end-to-end search time: 5116311 ns
Total end-to-end search time: 4321190 ns
Total end-to-end search time: 4935457 ns
Total end-to-end search time: 5628334 ns
Total end-to-end search time: 5768420 ns
Query: 8, nThreads: 4, warmup: 16
====================================================================================================
(ns)
Load index... Graph level 5..
Total end-to-end search time: 6697508 ns
Total end-to-end search time: 6627914 ns
Total end-to-end search time: 5920544 ns
Total end-to-end search time: 5660927 ns
Total end-to-end search time: 6068365 ns
Total end-to-end search time: 5761215 ns
Total end-to-end search time: 4851933 ns
Total end-to-end search time: 4840127 ns
Total end-to-end search time: 4314523 ns
Total end-to-end search time: 5556033 ns
Total end-to-end search time: 5166060 ns
Total end-to-end search time: 4416066 ns
Total end-to-end search time: 5121120 ns
Total end-to-end search time: 4324453 ns
Total end-to-end search time: 4931312 ns
Total end-to-end search time: 5629018 ns
Total end-to-end search time: 5744272 ns
