Query: 8, nThreads: 32, warmup: 16
====================================================================================================
(ns)
Load index... Graph level 5..
Total end-to-end search time: 6690964 ns
Total end-to-end search time: 6671127 ns
Total end-to-end search time: 5951196 ns
Total end-to-end search time: 5682703 ns
Total end-to-end search time: 6070995 ns
Total end-to-end search time: 5794495 ns
Total end-to-end search time: 4885552 ns
Total end-to-end search time: 4857368 ns
Total end-to-end search time: 4278951 ns
Total end-to-end search time: 5580165 ns
Total end-to-end search time: 5184802 ns
Total end-to-end search time: 4434308 ns
Total end-to-end search time: 5142620 ns
Total end-to-end search time: 4335798 ns
Total end-to-end search time: 4951511 ns
Total end-to-end search time: 5640213 ns
Total end-to-end search time: 5769345 ns
Query: 8, nThreads: 32, warmup: 16
====================================================================================================
(ns)
Load index... Graph level 5..
Total end-to-end search time: 6766214 ns
Total end-to-end search time: 6673133 ns
Total end-to-end search time: 5992720 ns
Total end-to-end search time: 5720610 ns
Total end-to-end search time: 6111620 ns
Total end-to-end search time: 5830881 ns
Total end-to-end search time: 4883864 ns
Total end-to-end search time: 4887729 ns
Total end-to-end search time: 4322064 ns
Total end-to-end search time: 5598992 ns
Total end-to-end search time: 5194090 ns
Total end-to-end search time: 4458721 ns
Total end-to-end search time: 5171304 ns
Total end-to-end search time: 4349518 ns
Total end-to-end search time: 4959379 ns
Total end-to-end search time: 5617543 ns
Total end-to-end search time: 5744365 ns
Query: 8, nThreads: 32, warmup: 16
====================================================================================================
(ns)
Load index... Graph level 5..
Total end-to-end search time: 6710752 ns
Total end-to-end search time: 6677137 ns
Total end-to-end search time: 5987027 ns
Total end-to-end search time: 5668901 ns
Total end-to-end search time: 6056414 ns
Total end-to-end search time: 5743249 ns
Total end-to-end search time: 4859948 ns
Total end-to-end search time: 4840362 ns
Total end-to-end search time: 4316078 ns
Total end-to-end search time: 5529356 ns
Total end-to-end search time: 5175035 ns
Total end-to-end search time: 4406203 ns
Total end-to-end search time: 5084436 ns
Total end-to-end search time: 4321046 ns
Total end-to-end search time: 4939569 ns
Total end-to-end search time: 5643793 ns
Total end-to-end search time: 5761072 ns
Query: 8, nThreads: 32, warmup: 16
====================================================================================================
(ns)
Load index... Graph level 5..
Total end-to-end search time: 6682720 ns
Total end-to-end search time: 6662313 ns
Total end-to-end search time: 5996877 ns
Total end-to-end search time: 5733505 ns
Total end-to-end search time: 6125847 ns
Total end-to-end search time: 5820856 ns
Total end-to-end search time: 4929495 ns
Total end-to-end search time: 4887093 ns
Total end-to-end search time: 4317475 ns
Total end-to-end search time: 5586893 ns
Total end-to-end search time: 5191443 ns
Total end-to-end search time: 4448508 ns
Total end-to-end search time: 5158770 ns
Total end-to-end search time: 4331075 ns
Total end-to-end search time: 4973412 ns
Total end-to-end search time: 5673439 ns
Total end-to-end search time: 5823968 ns
Query: 8, nThreads: 32, warmup: 16
====================================================================================================
(ns)
Load index... Graph level 5..
Total end-to-end search time: 6751876 ns
Total end-to-end search time: 6636939 ns
Total end-to-end search time: 5953424 ns
Total end-to-end search time: 5724921 ns
Total end-to-end search time: 6075228 ns
Total end-to-end search time: 5785641 ns
Total end-to-end search time: 4906298 ns
Total end-to-end search time: 4893237 ns
Total end-to-end search time: 4311080 ns
Total end-to-end search time: 5563915 ns
Total end-to-end search time: 5187223 ns
Total end-to-end search time: 4416046 ns
Total end-to-end search time: 5138432 ns
Total end-to-end search time: 4331186 ns
Total end-to-end search time: 4945220 ns
Total end-to-end search time: 5622389 ns
Total end-to-end search time: 5713547 ns
Query: 8, nThreads: 32, warmup: 16
====================================================================================================
(ns)
Load index... Graph level 5..
Total end-to-end search time: 6761098 ns
Total end-to-end search time: 6614383 ns
Total end-to-end search time: 5949401 ns
Total end-to-end search time: 5670334 ns
Total end-to-end search time: 6068672 ns
Total end-to-end search time: 5759174 ns
Total end-to-end search time: 4864960 ns
Total end-to-end search time: 4872734 ns
Total end-to-end search time: 4290969 ns
Total end-to-end search time: 5564768 ns
Total end-to-end search time: 5182062 ns
Total end-to-end search time: 4415928 ns
Total end-to-end search time: 5110314 ns
Total end-to-end search time: 4309530 ns
Total end-to-end search time: 4946507 ns
Total end-to-end search time: 5618414 ns
Total end-to-end search time: 5743390 ns
Query: 8, nThreads: 32, warmup: 16
====================================================================================================
(ns)
Load index... Graph level 5..
Total end-to-end search time: 6669212 ns
Total end-to-end search time: 6612529 ns
Total end-to-end search time: 5989773 ns
Total end-to-end search time: 5696663 ns
Total end-to-end search time: 6086177 ns
Total end-to-end search time: 5981694 ns
Total end-to-end search time: 4888994 ns
Total end-to-end search time: 4858709 ns
Total end-to-end search time: 4318604 ns
Total end-to-end search time: 5594713 ns
Total end-to-end search time: 5188662 ns
Total end-to-end search time: 4411420 ns
Total end-to-end search time: 5127402 ns
Total end-to-end search time: 4342302 ns
Total end-to-end search time: 4944922 ns
Total end-to-end search time: 5661582 ns
Total end-to-end search time: 5736515 ns
Query: 8, nThreads: 32, warmup: 16
====================================================================================================
(ns)
Load index... Graph level 5..
Total end-to-end search time: 6641516 ns
Total end-to-end search time: 6593270 ns
Total end-to-end search time: 5934068 ns
Total end-to-end search time: 5663209 ns
Total end-to-end search time: 6057128 ns
Total end-to-end search time: 5741667 ns
Total end-to-end search time: 4851050 ns
Total end-to-end search time: 4851702 ns
Total end-to-end search time: 4311841 ns
Total end-to-end search time: 5576691 ns
Total end-to-end search time: 5173174 ns
Total end-to-end search time: 4407808 ns
Total end-to-end search time: 5110638 ns
Total end-to-end search time: 4316019 ns
Total end-to-end search time: 4947089 ns
Total end-to-end search time: 5609906 ns
Total end-to-end search time: 5747778 ns
Query: 8, nThreads: 32, warmup: 16
====================================================================================================
(ns)
Load index... Graph level 5..
Total end-to-end search time: 6728543 ns
Total end-to-end search time: 6660103 ns
Total end-to-end search time: 5932729 ns
Total end-to-end search time: 5691718 ns
Total end-to-end search time: 6100480 ns
Total end-to-end search time: 5807584 ns
Total end-to-end search time: 4879458 ns
Total end-to-end search time: 4869814 ns
Total end-to-end search time: 4328845 ns
Total end-to-end search time: 5596594 ns
Total end-to-end search time: 5186903 ns
Total end-to-end search time: 4441195 ns
Total end-to-end search time: 5137922 ns
Total end-to-end search time: 4330097 ns
Total end-to-end search time: 4967155 ns
Total end-to-end search time: 5662749 ns
Total end-to-end search time: 5734192 ns
Query: 8, nThreads: 32, warmup: 16
====================================================================================================
(ns)
Load index... Graph level 5..
Total end-to-end search time: 6726494 ns
Total end-to-end search time: 6633276 ns
Total end-to-end search time: 5959360 ns
Total end-to-end search time: 5709969 ns
Total end-to-end search time: 6101207 ns
Total end-to-end search time: 5802090 ns
Total end-to-end search time: 4903508 ns
Total end-to-end search time: 4864403 ns
Total end-to-end search time: 4324722 ns
Total end-to-end search time: 5589732 ns
Total end-to-end search time: 5192677 ns
Total end-to-end search time: 4437978 ns
Total end-to-end search time: 5153288 ns
Total end-to-end search time: 4339152 ns
Total end-to-end search time: 4973333 ns
Total end-to-end search time: 5643987 ns
Total end-to-end search time: 5768380 ns
Query: 8, nThreads: 32, warmup: 16
====================================================================================================
(ns)
Load index... Graph level 5..
Total end-to-end search time: 6678073 ns
Total end-to-end search time: 6644657 ns
Total end-to-end search time: 5985535 ns
Total end-to-end search time: 5705289 ns
Total end-to-end search time: 6076156 ns
Total end-to-end search time: 5764967 ns
Total end-to-end search time: 4894557 ns
Total end-to-end search time: 4892118 ns
Total end-to-end search time: 4315035 ns
Total end-to-end search time: 5581718 ns
Total end-to-end search time: 5207290 ns
Total end-to-end search time: 4421431 ns
Total end-to-end search time: 5133639 ns
Total end-to-end search time: 4333580 ns
Total end-to-end search time: 4974277 ns
Total end-to-end search time: 5650572 ns
Total end-to-end search time: 5760575 ns
Query: 8, nThreads: 32, warmup: 16
====================================================================================================
(ns)
Load index... Graph level 5..
Total end-to-end search time: 6674496 ns
Total end-to-end search time: 6591972 ns
Total end-to-end search time: 5906813 ns
Total end-to-end search time: 5652816 ns
Total end-to-end search time: 6047072 ns
Total end-to-end search time: 5750982 ns
Total end-to-end search time: 4843464 ns
Total end-to-end search time: 4855461 ns
Total end-to-end search time: 4287909 ns
Total end-to-end search time: 5538652 ns
Total end-to-end search time: 5172545 ns
Total end-to-end search time: 4409396 ns
Total end-to-end search time: 5109722 ns
Total end-to-end search time: 4336605 ns
Total end-to-end search time: 4933779 ns
Total end-to-end search time: 5648627 ns
Total end-to-end search time: 5729064 ns
Query: 8, nThreads: 32, warmup: 16
====================================================================================================
(ns)
Load index... Graph level 5..
Total end-to-end search time: 6766834 ns
Total end-to-end search time: 6690676 ns
Total end-to-end search time: 5976887 ns
Total end-to-end search time: 5722856 ns
Total end-to-end search time: 6138059 ns
Total end-to-end search time: 5814968 ns
Total end-to-end search time: 4927005 ns
Total end-to-end search time: 4904607 ns
Total end-to-end search time: 4339185 ns
Total end-to-end search time: 5612146 ns
Total end-to-end search time: 5218267 ns
Total end-to-end search time: 4476272 ns
Total end-to-end search time: 5148100 ns
Total end-to-end search time: 4331413 ns
Total end-to-end search time: 4970134 ns
Total end-to-end search time: 5667469 ns
Total end-to-end search time: 5784767 ns
Query: 8, nThreads: 32, warmup: 16
====================================================================================================
(ns)
Load index... Graph level 5..
Total end-to-end search time: 6726154 ns
Total end-to-end search time: 6657548 ns
Total end-to-end search time: 5986542 ns
Total end-to-end search time: 5692462 ns
Total end-to-end search time: 6093757 ns
Total end-to-end search time: 5795747 ns
Total end-to-end search time: 4871251 ns
Total end-to-end search time: 4862886 ns
Total end-to-end search time: 4318906 ns
Total end-to-end search time: 5580618 ns
Total end-to-end search time: 5181841 ns
Total end-to-end search time: 4441240 ns
Total end-to-end search time: 5118648 ns
Total end-to-end search time: 4317487 ns
Total end-to-end search time: 4927565 ns
Total end-to-end search time: 5628518 ns
Total end-to-end search time: 5744006 ns
Query: 8, nThreads: 32, warmup: 16
====================================================================================================
(ns)
Load index... Graph level 5..
Total end-to-end search time: 6685998 ns
Total end-to-end search time: 6665463 ns
Total end-to-end search time: 5975482 ns
Total end-to-end search time: 5724874 ns
Total end-to-end search time: 6075687 ns
Total end-to-end search time: 5785076 ns
Total end-to-end search time: 4854629 ns
Total end-to-end search time: 4856404 ns
Total end-to-end search time: 4307554 ns
Total end-to-end search time: 5554807 ns
Total end-to-end search time: 5168510 ns
Total end-to-end search time: 4422681 ns
Total end-to-end search time: 5152765 ns
Total end-to-end search time: 4347205 ns
Total end-to-end search time: 4972279 ns
Total end-to-end search time: 5669206 ns
Total end-to-end search time: 5786796 ns
Query: 8, nThreads: 32, warmup: 16
====================================================================================================
(ns)
Load index... Graph level 5..
Total end-to-end search time: 6755024 ns
Total end-to-end search time: 6621648 ns
Total end-to-end search time: 5928345 ns
Total end-to-end search time: 5680691 ns
Total end-to-end search time: 6247730 ns
Total end-to-end search time: 5775984 ns
Total end-to-end search time: 4875200 ns
Total end-to-end search time: 4890643 ns
Total end-to-end search time: 4303168 ns
Total end-to-end search time: 5598874 ns
Total end-to-end search time: 5200945 ns
Total end-to-end search time: 4439145 ns
Total end-to-end search time: 5138881 ns
Total end-to-end search time: 4320608 ns
Total end-to-end search time: 4938406 ns
Total end-to-end search time: 5644295 ns
Total end-to-end search time: 5782419 ns
Query: 8, nThreads: 32, warmup: 16
====================================================================================================
(ns)
Load index... Graph level 5..
Total end-to-end search time: 6674405 ns
Total end-to-end search time: 6638265 ns
Total end-to-end search time: 5961156 ns
Total end-to-end search time: 5688769 ns
Total end-to-end search time: 6064721 ns
Total end-to-end search time: 5763281 ns
Total end-to-end search time: 4875972 ns
Total end-to-end search time: 4854665 ns
Total end-to-end search time: 4301496 ns
Total end-to-end search time: 5574813 ns
Total end-to-end search time: 5175932 ns
Total end-to-end search time: 4418515 ns
Total end-to-end search time: 5125970 ns
Total end-to-end search time: 4316662 ns
Total end-to-end search time: 4961353 ns
Total end-to-end search time: 5647013 ns
Total end-to-end search time: 5754778 ns
Query: 8, nThreads: 32, warmup: 16
====================================================================================================
(ns)
Load index... Graph level 5..
Total end-to-end search time: 6702495 ns
Total end-to-end search time: 6647813 ns
Total end-to-end search time: 5965685 ns
Total end-to-end search time: 5663701 ns
Total end-to-end search time: 6045363 ns
Total end-to-end search time: 5748910 ns
Total end-to-end search time: 4856726 ns
Total end-to-end search time: 4880088 ns
Total end-to-end search time: 4309644 ns
Total end-to-end search time: 5557952 ns
Total end-to-end search time: 5191600 ns
Total end-to-end search time: 4449869 ns
Total end-to-end search time: 5147915 ns
Total end-to-end search time: 4317227 ns
Total end-to-end search time: 4936475 ns
Total end-to-end search time: 5612958 ns
Total end-to-end search time: 5717752 ns
Query: 8, nThreads: 32, warmup: 16
====================================================================================================
(ns)
Load index... Graph level 5..
Total end-to-end search time: 6704844 ns
Total end-to-end search time: 6679616 ns
Total end-to-end search time: 5943608 ns
Total end-to-end search time: 5690325 ns
Total end-to-end search time: 6076328 ns
Total end-to-end search time: 5776990 ns
Total end-to-end search time: 4869227 ns
Total end-to-end search time: 4866872 ns
Total end-to-end search time: 4293012 ns
Total end-to-end search time: 5563276 ns
Total end-to-end search time: 5171934 ns
Total end-to-end search time: 4409411 ns
Total end-to-end search time: 5117538 ns
Total end-to-end search time: 4318676 ns
Total end-to-end search time: 4919624 ns
Total end-to-end search time: 5654105 ns
Total end-to-end search time: 5728677 ns
Query: 8, nThreads: 32, warmup: 16
====================================================================================================
(ns)
Load index... Graph level 5..
Total end-to-end search time: 6793064 ns
Total end-to-end search time: 6626254 ns
Total end-to-end search time: 5963429 ns
Total end-to-end search time: 5682443 ns
Total end-to-end search time: 6073621 ns
Total end-to-end search time: 5772239 ns
Total end-to-end search time: 4862635 ns
Total end-to-end search time: 4891263 ns
Total end-to-end search time: 4313418 ns
Total end-to-end search time: 5575797 ns
Total end-to-end search time: 5152687 ns
Total end-to-end search time: 4443194 ns
Total end-to-end search time: 5126387 ns
Total end-to-end search time: 4325513 ns
Total end-to-end search time: 4931102 ns
Total end-to-end search time: 5608711 ns
Total end-to-end search time: 5748141 ns
Query: 8, nThreads: 32, warmup: 16
====================================================================================================
(ns)
Load index... Graph level 5..
Total end-to-end search time: 6656660 ns
Total end-to-end search time: 6629525 ns
Total end-to-end search time: 5950900 ns
Total end-to-end search time: 5698871 ns
Total end-to-end search time: 6074489 ns
Total end-to-end search time: 5774810 ns
Total end-to-end search time: 4886916 ns
Total end-to-end search time: 4840180 ns
Total end-to-end search time: 4312627 ns
Total end-to-end search time: 5569096 ns
Total end-to-end search time: 5200156 ns
Total end-to-end search time: 4434152 ns
Total end-to-end search time: 5159678 ns
Total end-to-end search time: 4373125 ns
Total end-to-end search time: 4978815 ns
Total end-to-end search time: 5643082 ns
Total end-to-end search time: 5776826 ns
Query: 8, nThreads: 32, warmup: 16
====================================================================================================
(ns)
Load index... Graph level 5..
Total end-to-end search time: 6802048 ns
Total end-to-end search time: 6713057 ns
Total end-to-end search time: 6023605 ns
Total end-to-end search time: 5736265 ns
Total end-to-end search time: 6104579 ns
Total end-to-end search time: 5829835 ns
Total end-to-end search time: 4910797 ns
Total end-to-end search time: 4897168 ns
Total end-to-end search time: 4328199 ns
Total end-to-end search time: 5597326 ns
Total end-to-end search time: 5183568 ns
Total end-to-end search time: 4441296 ns
Total end-to-end search time: 5130089 ns
Total end-to-end search time: 4332799 ns
Total end-to-end search time: 4949562 ns
Total end-to-end search time: 5636199 ns
Total end-to-end search time: 5762663 ns
Query: 8, nThreads: 32, warmup: 16
====================================================================================================
(ns)
Load index... Graph level 5..
Total end-to-end search time: 6714719 ns
Total end-to-end search time: 6615686 ns
Total end-to-end search time: 5946870 ns
Total end-to-end search time: 5670013 ns
Total end-to-end search time: 6083792 ns
Total end-to-end search time: 5783949 ns
Total end-to-end search time: 4865785 ns
Total end-to-end search time: 4859770 ns
Total end-to-end search time: 4278274 ns
Total end-to-end search time: 5564862 ns
Total end-to-end search time: 5164851 ns
Total end-to-end search time: 4401490 ns
Total end-to-end search time: 5107487 ns
Total end-to-end search time: 4294272 ns
Total end-to-end search time: 4944445 ns
Total end-to-end search time: 5637403 ns
Total end-to-end search time: 5749613 ns
Query: 8, nThreads: 32, warmup: 16
====================================================================================================
(ns)
Load index... Graph level 5..
Total end-to-end search time: 6689606 ns
Total end-to-end search time: 6657149 ns
Total end-to-end search time: 5976538 ns
Total end-to-end search time: 5651238 ns
Total end-to-end search time: 6057823 ns
Total end-to-end search time: 5753606 ns
Total end-to-end search time: 4864424 ns
Total end-to-end search time: 4879054 ns
Total end-to-end search time: 4302561 ns
Total end-to-end search time: 5593653 ns
Total end-to-end search time: 5198408 ns
Total end-to-end search time: 4428046 ns
Total end-to-end search time: 5165159 ns
Total end-to-end search time: 4345050 ns
Total end-to-end search time: 4920276 ns
Total end-to-end search time: 5625689 ns
Total end-to-end search time: 5746986 ns
Query: 8, nThreads: 32, warmup: 16
====================================================================================================
(ns)
Load index... Graph level 5..
Total end-to-end search time: 6727797 ns
Total end-to-end search time: 6618281 ns
Total end-to-end search time: 5933632 ns
Total end-to-end search time: 5692456 ns
Total end-to-end search time: 6081034 ns
Total end-to-end search time: 5779742 ns
Total end-to-end search time: 5087795 ns
Total end-to-end search time: 4875069 ns
Total end-to-end search time: 4353434 ns
Total end-to-end search time: 5579429 ns
Total end-to-end search time: 5177439 ns
Total end-to-end search time: 4424982 ns
Total end-to-end search time: 5113839 ns
Total end-to-end search time: 4322041 ns
Total end-to-end search time: 4912823 ns
Total end-to-end search time: 5612417 ns
Total end-to-end search time: 5736153 ns
Query: 8, nThreads: 32, warmup: 16
====================================================================================================
(ns)
Load index... Graph level 5..
Total end-to-end search time: 6677830 ns
Total end-to-end search time: 6610348 ns
Total end-to-end search time: 5925883 ns
Total end-to-end search time: 5665712 ns
Total end-to-end search time: 6069229 ns
Total end-to-end search time: 5760228 ns
Total end-to-end search time: 4846144 ns
Total end-to-end search time: 4854522 ns
Total end-to-end search time: 4276677 ns
Total end-to-end search time: 5548685 ns
Total end-to-end search time: 5157502 ns
Total end-to-end search time: 4403160 ns
Total end-to-end search time: 5080164 ns
Total end-to-end search time: 4304979 ns
Total end-to-end search time: 4915388 ns
Total end-to-end search time: 5631982 ns
Total end-to-end search time: 5771977 ns
Query: 8, nThreads: 32, warmup: 16
====================================================================================================
(ns)
Load index... Graph level 5..
Total end-to-end search time: 6756997 ns
Total end-to-end search time: 6666377 ns
Total end-to-end search time: 5986174 ns
Total end-to-end search time: 5670405 ns
Total end-to-end search time: 6048836 ns
Total end-to-end search time: 5756130 ns
Total end-to-end search time: 4859914 ns
Total end-to-end search time: 4849908 ns
Total end-to-end search time: 4302073 ns
Total end-to-end search time: 5566913 ns
Total end-to-end search time: 5160965 ns
Total end-to-end search time: 4442448 ns
Total end-to-end search time: 5125431 ns
Total end-to-end search time: 4313457 ns
Total end-to-end search time: 4925663 ns
Total end-to-end search time: 5646973 ns
Total end-to-end search time: 5761631 ns
Query: 8, nThreads: 32, warmup: 16
====================================================================================================
(ns)
Load index... Graph level 5..
Total end-to-end search time: 6744351 ns
Total end-to-end search time: 6655442 ns
Total end-to-end search time: 5965092 ns
Total end-to-end search time: 5664024 ns
Total end-to-end search time: 6059443 ns
Total end-to-end search time: 5806538 ns
Total end-to-end search time: 4881922 ns
Total end-to-end search time: 4890178 ns
Total end-to-end search time: 4330005 ns
Total end-to-end search time: 5590959 ns
Total end-to-end search time: 5175723 ns
Total end-to-end search time: 4441743 ns
Total end-to-end search time: 5091250 ns
Total end-to-end search time: 4307338 ns
Total end-to-end search time: 4924420 ns
Total end-to-end search time: 5620315 ns
Total end-to-end search time: 5729293 ns
Query: 8, nThreads: 32, warmup: 16
====================================================================================================
(ns)
Load index... Graph level 5..
Total end-to-end search time: 6674269 ns
Total end-to-end search time: 6622414 ns
Total end-to-end search time: 5908397 ns
Total end-to-end search time: 5635166 ns
Total end-to-end search time: 6054668 ns
Total end-to-end search time: 5747662 ns
Total end-to-end search time: 4855315 ns
Total end-to-end search time: 4861199 ns
Total end-to-end search time: 4300161 ns
Total end-to-end search time: 5571902 ns
Total end-to-end search time: 5168458 ns
Total end-to-end search time: 4439750 ns
Total end-to-end search time: 5147301 ns
Total end-to-end search time: 4346371 ns
Total end-to-end search time: 4944932 ns
Total end-to-end search time: 5638981 ns
Total end-to-end search time: 5739123 ns
Query: 8, nThreads: 32, warmup: 16
====================================================================================================
(ns)
Load index... Graph level 5..
Total end-to-end search time: 6782593 ns
Total end-to-end search time: 6681095 ns
Total end-to-end search time: 5991255 ns
Total end-to-end search time: 5711323 ns
Total end-to-end search time: 6083655 ns
Total end-to-end search time: 5798492 ns
Total end-to-end search time: 4912433 ns
Total end-to-end search time: 4876991 ns
Total end-to-end search time: 4317361 ns
Total end-to-end search time: 5579599 ns
Total end-to-end search time: 5219376 ns
Total end-to-end search time: 4440084 ns
Total end-to-end search time: 5171805 ns
Total end-to-end search time: 4356891 ns
Total end-to-end search time: 4971416 ns
Total end-to-end search time: 5653436 ns
Total end-to-end search time: 5754028 ns
